=== エラー内容 ===
type:<class 'newspaper.article.ArticleException'>
args:("Article `download()` failed with HTTPSConnectionPool(host='www.foxbusiness.com', port=443): Read timed out. (read timeout=7) on URL https://www.foxbusiness.com/politics/elon-musk-shoots-down-elizabeth-warren-claim-that-he-paid-zero-in-taxes",)
e自身:Article `download()` failed with HTTPSConnectionPool(host='www.foxbusiness.com', port=443): Read timed out. (read timeout=7) on URL https://www.foxbusiness.com/politics/elon-musk-shoots-down-elizabeth-warren-claim-that-he-paid-zero-in-taxes
=== エラー内容 ===
type:<class 'newspaper.article.ArticleException'>
args:("Article `download()` failed with HTTPSConnectionPool(host='www.foxbusiness.com', port=443): Read timed out. (read timeout=7) on URL https://www.foxbusiness.com/markets/sp-cuts-russias-rating-to-junk-moodys-issues-junk-warning",)
e自身:Article `download()` failed with HTTPSConnectionPool(host='www.foxbusiness.com', port=443): Read timed out. (read timeout=7) on URL https://www.foxbusiness.com/markets/sp-cuts-russias-rating-to-junk-moodys-issues-junk-warning
=== エラー内容 ===
type:<class 'newspaper.article.ArticleException'>
args:("Article `download()` failed with HTTPSConnectionPool(host='www.foxbusiness.com', port=443): Read timed out. (read timeout=7) on URL https://www.foxbusiness.com/lifestyle/justanswer-ukraine-invasion-tech-company-employees-fighting",)
e自身:Article `download()` failed with HTTPSConnectionPool(host='www.foxbusiness.com', port=443): Read timed out. (read timeout=7) on URL https://www.foxbusiness.com/lifestyle/justanswer-ukraine-invasion-tech-company-employees-fighting
=== エラー内容 ===
type:<class 'newspaper.article.ArticleException'>
args:("Article `download()` failed with HTTPSConnectionPool(host='www.foxbusiness.com', port=443): Read timed out. (read timeout=7) on URL https://www.foxbusiness.com/markets/stock-futures-2-25-2022",)
e自身:Article `download()` failed with HTTPSConnectionPool(host='www.foxbusiness.com', port=443): Read timed out. (read timeout=7) on URL https://www.foxbusiness.com/markets/stock-futures-2-25-2022
=== エラー内容 ===
type:<class 'newspaper.article.ArticleException'>
args:("Article `download()` failed with HTTPSConnectionPool(host='www.foxbusiness.com', port=443): Read timed out. (read timeout=7) on URL https://www.foxbusiness.com/economy/ukraine-russia-toyota-ikea",)
e自身:Article `download()` failed with HTTPSConnectionPool(host='www.foxbusiness.com', port=443): Read timed out. (read timeout=7) on URL https://www.foxbusiness.com/economy/ukraine-russia-toyota-ikea
=== エラー内容 ===
type:<class 'newspaper.article.ArticleException'>
args:("Article `download()` failed with HTTPSConnectionPool(host='www.foxbusiness.com', port=443): Read timed out. (read timeout=7) on URL https://www.foxbusiness.com/politics/white-house-claims-sanctions-against-russia-will-not-have-an-impact-on-americans",)
e自身:Article `download()` failed with HTTPSConnectionPool(host='www.foxbusiness.com', port=443): Read timed out. (read timeout=7) on URL https://www.foxbusiness.com/politics/white-house-claims-sanctions-against-russia-will-not-have-an-impact-on-americans
=== エラー内容 ===
type:<class 'newspaper.article.ArticleException'>
args:("Article `download()` failed with HTTPSConnectionPool(host='www.reuters.com', port=443): Read timed out. (read timeout=7) on URL https://www.reuters.com/markets/europe/alibaba-reports-slowest-quarterly-revenue-growth-misses-expectations-2022-02-24/",)
e自身:Article `download()` failed with HTTPSConnectionPool(host='www.reuters.com', port=443): Read timed out. (read timeout=7) on URL https://www.reuters.com/markets/europe/alibaba-reports-slowest-quarterly-revenue-growth-misses-expectations-2022-02-24/
=== エラー内容 ===
type:<class 'newspaper.article.ArticleException'>
args:("Article `download()` failed with HTTPSConnectionPool(host='edition.cnn.com', port=443): Read timed out. (read timeout=7) on URL https://www.cnn.com/europe/live-news/ukraine-russia-news-02-27-22/h_7d39860048f0f38f7d2740b6231ec5cd",)
e自身:Article `download()` failed with HTTPSConnectionPool(host='edition.cnn.com', port=443): Read timed out. (read timeout=7) on URL https://www.cnn.com/europe/live-news/ukraine-russia-news-02-27-22/h_7d39860048f0f38f7d2740b6231ec5cd
=== エラー内容 ===
type:<class 'newspaper.article.ArticleException'>
args:('Article `download()` failed with 404 Client Error: Not Found for url: https://www.businessinsider.com/us-putin-sanctions-russia-central-bank-war-chest-ukraine-crisis-2022-2 on URL https://www.businessinsider.com/us-putin-sanctions-russia-central-bank-war-chest-ukraine-crisis-2022-2',)
e自身:Article `download()` failed with 404 Client Error: Not Found for url: https://www.businessinsider.com/us-putin-sanctions-russia-central-bank-war-chest-ukraine-crisis-2022-2 on URL https://www.businessinsider.com/us-putin-sanctions-russia-central-bank-war-chest-ukraine-crisis-2022-2
=== エラー内容 ===
type:<class 'urllib.error.URLError'>
args:(gaierror(8, 'nodename nor servname provided, or not known'),)
e自身:<urlopen error [Errno 8] nodename nor servname provided, or not known>
url:https://news.google.com/rss/search?q=+after:2022-2-27+inurl:washingtonpost.com&hl=en-US&gl=US&ceid=US:en
=== エラー内容 ===
type:<class 'urllib.error.URLError'>
args:(gaierror(8, 'nodename nor servname provided, or not known'),)
e自身:<urlopen error [Errno 8] nodename nor servname provided, or not known>
url:https://news.google.com/rss/search?q=+after:2022-2-27+inurl:reuters.com&hl=en-US&gl=US&ceid=US:en
=== エラー内容 ===
type:<class 'newspaper.article.ArticleException'>
args:("Article `download()` failed with HTTPSConnectionPool(host='www.thestreet.com', port=443): Max retries exceeded with url: /investing/stocks/stock-market-today-3-1-stocks-fall-as-russia-steps-up-attacks-on-ukraine (Caused by NewConnectionError('<urllib3.connection.HTTPSConnection object at 0x10e070460>: Failed to establish a new connection: [Errno 8] nodename nor servname provided, or not known')) on URL https://www.thestreet.com/investing/stocks/stock-market-today-3-1-stocks-fall-as-russia-steps-up-attacks-on-ukraine",)
e自身:Article `download()` failed with HTTPSConnectionPool(host='www.thestreet.com', port=443): Max retries exceeded with url: /investing/stocks/stock-market-today-3-1-stocks-fall-as-russia-steps-up-attacks-on-ukraine (Caused by NewConnectionError('<urllib3.connection.HTTPSConnection object at 0x10e070460>: Failed to establish a new connection: [Errno 8] nodename nor servname provided, or not known')) on URL https://www.thestreet.com/investing/stocks/stock-market-today-3-1-stocks-fall-as-russia-steps-up-attacks-on-ukraine
=== エラー内容 ===
type:<class 'newspaper.article.ArticleException'>
args:("Article `download()` failed with HTTPSConnectionPool(host='www.thestreet.com', port=443): Max retries exceeded with url: /apple/stock/apple-stock-eps-growth-will-depend-mostly-on-this (Caused by NewConnectionError('<urllib3.connection.HTTPSConnection object at 0x10e0744f0>: Failed to establish a new connection: [Errno 8] nodename nor servname provided, or not known')) on URL https://www.thestreet.com/apple/stock/apple-stock-eps-growth-will-depend-mostly-on-this",)
e自身:Article `download()` failed with HTTPSConnectionPool(host='www.thestreet.com', port=443): Max retries exceeded with url: /apple/stock/apple-stock-eps-growth-will-depend-mostly-on-this (Caused by NewConnectionError('<urllib3.connection.HTTPSConnection object at 0x10e0744f0>: Failed to establish a new connection: [Errno 8] nodename nor servname provided, or not known')) on URL https://www.thestreet.com/apple/stock/apple-stock-eps-growth-will-depend-mostly-on-this
=== エラー内容 ===
type:<class 'urllib.error.URLError'>
args:(gaierror(8, 'nodename nor servname provided, or not known'),)
e自身:<urlopen error [Errno 8] nodename nor servname provided, or not known>
url:https://news.google.com/rss/search?q=+after:2022-2-27+inurl:foxbusiness.com&hl=en-US&gl=US&ceid=US:en
=== エラー内容 ===
type:<class 'urllib.error.URLError'>
args:(gaierror(8, 'nodename nor servname provided, or not known'),)
e自身:<urlopen error [Errno 8] nodename nor servname provided, or not known>
url:https://news.google.com/rss/search?q=+after:2022-2-27+inurl:washingtonpost.com&hl=en-US&gl=US&ceid=US:en
=== エラー内容 ===
type:<class 'newspaper.article.ArticleException'>
args:("Article `download()` failed with HTTPSConnectionPool(host='www.reuters.com', port=443): Max retries exceeded with url: /business/finance/citigroup-flags-54-bln-exposure-russian-assets-2022-02-28/ (Caused by NewConnectionError('<urllib3.connection.HTTPSConnection object at 0x111080370>: Failed to establish a new connection: [Errno 8] nodename nor servname provided, or not known')) on URL https://www.reuters.com/business/finance/citigroup-flags-54-bln-exposure-russian-assets-2022-02-28/",)
e自身:Article `download()` failed with HTTPSConnectionPool(host='www.reuters.com', port=443): Max retries exceeded with url: /business/finance/citigroup-flags-54-bln-exposure-russian-assets-2022-02-28/ (Caused by NewConnectionError('<urllib3.connection.HTTPSConnection object at 0x111080370>: Failed to establish a new connection: [Errno 8] nodename nor servname provided, or not known')) on URL https://www.reuters.com/business/finance/citigroup-flags-54-bln-exposure-russian-assets-2022-02-28/
=== エラー内容 ===
type:<class 'newspaper.article.ArticleException'>
args:("Article `download()` failed with HTTPSConnectionPool(host='www.reuters.com', port=443): Max retries exceeded with url: /business/finance/citigroup-flags-54-bln-exposure-russian-assets-2022-02-28/ (Caused by SSLError(OSError(23, 'Too many open files in system'))) on URL https://www.reuters.com/business/finance/citigroup-flags-54-bln-exposure-russian-assets-2022-02-28/",)
e自身:Article `download()` failed with HTTPSConnectionPool(host='www.reuters.com', port=443): Max retries exceeded with url: /business/finance/citigroup-flags-54-bln-exposure-russian-assets-2022-02-28/ (Caused by SSLError(OSError(23, 'Too many open files in system'))) on URL https://www.reuters.com/business/finance/citigroup-flags-54-bln-exposure-russian-assets-2022-02-28/
=== エラー内容 ===
type:<class 'newspaper.article.ArticleException'>
args:("Article `download()` failed with HTTPSConnectionPool(host='www.reuters.com', port=443): Max retries exceeded with url: /world/europe/italy-plans-45-bln-fund-boost-domestic-chipmaking-innovative-technologies-draft-2022-03-01/ (Caused by NewConnectionError('<urllib3.connection.HTTPSConnection object at 0x10f59d1f0>: Failed to establish a new connection: [Errno 8] nodename nor servname provided, or not known')) on URL https://www.reuters.com/world/europe/italy-plans-45-bln-fund-boost-domestic-chipmaking-innovative-technologies-draft-2022-03-01/",)
e自身:Article `download()` failed with HTTPSConnectionPool(host='www.reuters.com', port=443): Max retries exceeded with url: /world/europe/italy-plans-45-bln-fund-boost-domestic-chipmaking-innovative-technologies-draft-2022-03-01/ (Caused by NewConnectionError('<urllib3.connection.HTTPSConnection object at 0x10f59d1f0>: Failed to establish a new connection: [Errno 8] nodename nor servname provided, or not known')) on URL https://www.reuters.com/world/europe/italy-plans-45-bln-fund-boost-domestic-chipmaking-innovative-technologies-draft-2022-03-01/
=== エラー内容 ===
type:<class 'newspaper.article.ArticleException'>
args:("Article `download()` failed with HTTPSConnectionPool(host='www.reuters.com', port=443): Max retries exceeded with url: /technology/twitter-comply-with-eu-sanctions-russian-state-media-2022-03-02/ (Caused by SSLError(OSError(23, 'Too many open files in system'))) on URL https://www.reuters.com/technology/twitter-comply-with-eu-sanctions-russian-state-media-2022-03-02/",)
e自身:Article `download()` failed with HTTPSConnectionPool(host='www.reuters.com', port=443): Max retries exceeded with url: /technology/twitter-comply-with-eu-sanctions-russian-state-media-2022-03-02/ (Caused by SSLError(OSError(23, 'Too many open files in system'))) on URL https://www.reuters.com/technology/twitter-comply-with-eu-sanctions-russian-state-media-2022-03-02/
=== エラー内容 ===
type:<class 'newspaper.article.ArticleException'>
args:("Article `download()` failed with HTTPSConnectionPool(host='www.reuters.com', port=443): Max retries exceeded with url: /business/finance/citigroup-flags-54-bln-exposure-russian-assets-2022-02-28/ (Caused by NewConnectionError('<urllib3.connection.HTTPSConnection object at 0x11278f1c0>: Failed to establish a new connection: [Errno 8] nodename nor servname provided, or not known')) on URL https://www.reuters.com/business/finance/citigroup-flags-54-bln-exposure-russian-assets-2022-02-28/",)
e自身:Article `download()` failed with HTTPSConnectionPool(host='www.reuters.com', port=443): Max retries exceeded with url: /business/finance/citigroup-flags-54-bln-exposure-russian-assets-2022-02-28/ (Caused by NewConnectionError('<urllib3.connection.HTTPSConnection object at 0x11278f1c0>: Failed to establish a new connection: [Errno 8] nodename nor servname provided, or not known')) on URL https://www.reuters.com/business/finance/citigroup-flags-54-bln-exposure-russian-assets-2022-02-28/
=== エラー内容 ===
type:<class 'newspaper.article.ArticleException'>
args:("Article `download()` failed with HTTPSConnectionPool(host='www.reuters.com', port=443): Max retries exceeded with url: /world/europe/italy-plans-45-bln-fund-boost-domestic-chipmaking-innovative-technologies-draft-2022-03-01/ (Caused by NewConnectionError('<urllib3.connection.HTTPSConnection object at 0x11278f2b0>: Failed to establish a new connection: [Errno 8] nodename nor servname provided, or not known')) on URL https://www.reuters.com/world/europe/italy-plans-45-bln-fund-boost-domestic-chipmaking-innovative-technologies-draft-2022-03-01/",)
e自身:Article `download()` failed with HTTPSConnectionPool(host='www.reuters.com', port=443): Max retries exceeded with url: /world/europe/italy-plans-45-bln-fund-boost-domestic-chipmaking-innovative-technologies-draft-2022-03-01/ (Caused by NewConnectionError('<urllib3.connection.HTTPSConnection object at 0x11278f2b0>: Failed to establish a new connection: [Errno 8] nodename nor servname provided, or not known')) on URL https://www.reuters.com/world/europe/italy-plans-45-bln-fund-boost-domestic-chipmaking-innovative-technologies-draft-2022-03-01/
=== エラー内容 ===
type:<class 'urllib.error.URLError'>
args:(gaierror(8, 'nodename nor servname provided, or not known'),)
e自身:<urlopen error [Errno 8] nodename nor servname provided, or not known>
url:https://news.google.com/rss/search?q=+after:2022-2-28+inurl:cnbc.com&hl=en-US&gl=US&ceid=US:en
=== エラー内容 ===
type:<class 'newspaper.article.ArticleException'>
args:("Article `download()` failed with HTTPSConnectionPool(host='www.foxbusiness.com', port=443): Read timed out. (read timeout=7) on URL https://www.foxbusiness.com/entertainment/ukraine-war-disney-russia-invasion",)
e自身:Article `download()` failed with HTTPSConnectionPool(host='www.foxbusiness.com', port=443): Read timed out. (read timeout=7) on URL https://www.foxbusiness.com/entertainment/ukraine-war-disney-russia-invasion
=== エラー内容 ===
type:<class 'newspaper.article.ArticleException'>
args:("Article `download()` failed with HTTPSConnectionPool(host='www.cnbc.com', port=443): Read timed out. (read timeout=7) on URL https://www.cnbc.com/2022/02/27/stock-market-futures-open-to-close-news.html",)
e自身:Article `download()` failed with HTTPSConnectionPool(host='www.cnbc.com', port=443): Read timed out. (read timeout=7) on URL https://www.cnbc.com/2022/02/27/stock-market-futures-open-to-close-news.html
=== エラー内容 ===
type:<class 'newspaper.article.ArticleException'>
args:("Article `download()` failed with HTTPSConnectionPool(host='www.foxbusiness.com', port=443): Read timed out. (read timeout=7) on URL https://www.foxbusiness.com/energy/bp-exits-partnership-with-russian-energy-company",)
e自身:Article `download()` failed with HTTPSConnectionPool(host='www.foxbusiness.com', port=443): Read timed out. (read timeout=7) on URL https://www.foxbusiness.com/energy/bp-exits-partnership-with-russian-energy-company
=== エラー内容 ===
type:<class 'newspaper.article.ArticleException'>
args:("Article `download()` failed with HTTPSConnectionPool(host='www.foxbusiness.com', port=443): Read timed out. (read timeout=7) on URL https://www.foxbusiness.com/business-leaders/buffett-laments-lack-of-good-investments-even-as-berkshire-profit-sets-record",)
e自身:Article `download()` failed with HTTPSConnectionPool(host='www.foxbusiness.com', port=443): Read timed out. (read timeout=7) on URL https://www.foxbusiness.com/business-leaders/buffett-laments-lack-of-good-investments-even-as-berkshire-profit-sets-record
=== エラー内容 ===
type:<class 'urllib.error.HTTPError'>
args:()
e自身:HTTP Error 404: Not Found
url:https://news.google.com/rss/search?q=+after:2022-3-1+inurl:huffpost.com&hl=en-US&gl=US&ceid=US:en
=== エラー内容 ===
type:<class 'newspaper.article.ArticleException'>
args:("Article `download()` failed with HTTPSConnectionPool(host='www.foxbusiness.com', port=443): Read timed out. (read timeout=7) on URL https://www.foxbusiness.com/politics/varney-says-biden-should-beat-putin-with-new-energy-policy",)
e自身:Article `download()` failed with HTTPSConnectionPool(host='www.foxbusiness.com', port=443): Read timed out. (read timeout=7) on URL https://www.foxbusiness.com/politics/varney-says-biden-should-beat-putin-with-new-energy-policy
=== エラー内容 ===
type:<class 'newspaper.article.ArticleException'>
args:("Article `download()` failed with HTTPSConnectionPool(host='www.reuters.com', port=443): Read timed out. (read timeout=7) on URL https://www.reuters.com/world/uk/uk-intelligence-says-russian-advance-kyiv-has-made-little-progress-2022-03-03/",)
e自身:Article `download()` failed with HTTPSConnectionPool(host='www.reuters.com', port=443): Read timed out. (read timeout=7) on URL https://www.reuters.com/world/uk/uk-intelligence-says-russian-advance-kyiv-has-made-little-progress-2022-03-03/
=== エラー内容 ===
type:<class 'newspaper.article.ArticleException'>
args:("Article `download()` failed with HTTPSConnectionPool(host='www.foxbusiness.com', port=443): Read timed out. (read timeout=7) on URL https://www.foxbusiness.com/money/richest-russian-billionaires",)
e自身:Article `download()` failed with HTTPSConnectionPool(host='www.foxbusiness.com', port=443): Read timed out. (read timeout=7) on URL https://www.foxbusiness.com/money/richest-russian-billionaires
=== エラー内容 ===
type:<class 'urllib.error.HTTPError'>
args:()
e自身:HTTP Error 404: Not Found
url:https://news.google.com/rss/search?q=+after:2022-2-17+inurl:washingtonpost.com&hl=en-US&gl=US&ceid=US:en
=== エラー内容 ===
type:<class 'urllib.error.HTTPError'>
args:()
e自身:HTTP Error 404: Not Found
url:https://news.google.com/rss/search?q=+after:2022-2-17+inurl:businessinsider.com&hl=en-US&gl=US&ceid=US:en
=== エラー内容 ===
type:<class 'urllib.error.HTTPError'>
args:()
e自身:HTTP Error 404: Not Found
url:https://news.google.com/rss/search?q=+after:2022-2-17+inurl:cnn.com&hl=en-US&gl=US&ceid=US:en
=== エラー内容 ===
type:<class 'newspaper.article.ArticleException'>
args:("Article `download()` failed with HTTPSConnectionPool(host='www.reuters.com', port=443): Read timed out. (read timeout=7) on URL https://www.reuters.com/business/energy/commodities-aluminium-hits-record-top-oil-wheat-multi-year-highs-supply-woes-2022-03-03/",)
e自身:Article `download()` failed with HTTPSConnectionPool(host='www.reuters.com', port=443): Read timed out. (read timeout=7) on URL https://www.reuters.com/business/energy/commodities-aluminium-hits-record-top-oil-wheat-multi-year-highs-supply-woes-2022-03-03/
=== エラー内容 ===
type:<class 'newspaper.article.ArticleException'>
args:("Article `download()` failed with HTTPSConnectionPool(host='www.reuters.com', port=443): Read timed out. (read timeout=7) on URL https://www.reuters.com/business/energy/commodities-aluminium-hits-record-top-oil-wheat-multi-year-highs-supply-woes-2022-03-03/",)
e自身:Article `download()` failed with HTTPSConnectionPool(host='www.reuters.com', port=443): Read timed out. (read timeout=7) on URL https://www.reuters.com/business/energy/commodities-aluminium-hits-record-top-oil-wheat-multi-year-highs-supply-woes-2022-03-03/
=== エラー内容 ===
type:<class 'newspaper.article.ArticleException'>
args:("Article `download()` failed with HTTPSConnectionPool(host='www.reuters.com', port=443): Read timed out. (read timeout=7) on URL https://www.reuters.com/technology/google-mandates-workers-back-silicon-valley-other-offices-april-4-2022-03-02/",)
e自身:Article `download()` failed with HTTPSConnectionPool(host='www.reuters.com', port=443): Read timed out. (read timeout=7) on URL https://www.reuters.com/technology/google-mandates-workers-back-silicon-valley-other-offices-april-4-2022-03-02/
=== エラー内容 ===
type:<class 'newspaper.article.ArticleException'>
args:("Article `download()` failed with HTTPSConnectionPool(host='www.foxbusiness.com', port=443): Read timed out. (read timeout=7) on URL https://www.foxbusiness.com/lifestyle/disney-guardians-galaxy-attraction-inside-video",)
e自身:Article `download()` failed with HTTPSConnectionPool(host='www.foxbusiness.com', port=443): Read timed out. (read timeout=7) on URL https://www.foxbusiness.com/lifestyle/disney-guardians-galaxy-attraction-inside-video
=== エラー内容 ===
type:<class 'newspaper.article.ArticleException'>
args:("Article `download()` failed with HTTPSConnectionPool(host='www.businessinsider.com', port=443): Read timed out. (read timeout=7) on URL https://www.businessinsider.com/workers-first-union-push-at-amazon-retail-store-want-25hr-2022-3",)
e自身:Article `download()` failed with HTTPSConnectionPool(host='www.businessinsider.com', port=443): Read timed out. (read timeout=7) on URL https://www.businessinsider.com/workers-first-union-push-at-amazon-retail-store-want-25hr-2022-3
=== エラー内容 ===
type:<class 'newspaper.article.ArticleException'>
args:("Article `download()` failed with HTTPSConnectionPool(host='www.businessinsider.com', port=443): Read timed out. (read timeout=7) on URL https://www.businessinsider.com/ukraines-tax-office-captured-russian-tanks-not-personal-taxable-income-2022-3",)
e自身:Article `download()` failed with HTTPSConnectionPool(host='www.businessinsider.com', port=443): Read timed out. (read timeout=7) on URL https://www.businessinsider.com/ukraines-tax-office-captured-russian-tanks-not-personal-taxable-income-2022-3
=== エラー内容 ===
type:<class 'newspaper.article.ArticleException'>
args:("Article `download()` failed with HTTPSConnectionPool(host='www.foxbusiness.com', port=443): Read timed out. (read timeout=7) on URL https://www.foxbusiness.com/lifestyle/russian-energy-europe-scrambles-reduce-dependency",)
e自身:Article `download()` failed with HTTPSConnectionPool(host='www.foxbusiness.com', port=443): Read timed out. (read timeout=7) on URL https://www.foxbusiness.com/lifestyle/russian-energy-europe-scrambles-reduce-dependency
=== エラー内容 ===
type:<class 'newspaper.article.ArticleException'>
args:("Article `download()` failed with HTTPSConnectionPool(host='www.foxbusiness.com', port=443): Read timed out. (read timeout=7) on URL https://www.foxbusiness.com/economy/inflation-nation-states-paying-highest-prices",)
e自身:Article `download()` failed with HTTPSConnectionPool(host='www.foxbusiness.com', port=443): Read timed out. (read timeout=7) on URL https://www.foxbusiness.com/economy/inflation-nation-states-paying-highest-prices
=== エラー内容 ===
type:<class 'newspaper.article.ArticleException'>
args:("Article `download()` failed with HTTPSConnectionPool(host='www.cnbc.com', port=443): Read timed out. (read timeout=7) on URL https://www.cnbc.com/select/sofi-checking-and-savings/",)
e自身:Article `download()` failed with HTTPSConnectionPool(host='www.cnbc.com', port=443): Read timed out. (read timeout=7) on URL https://www.cnbc.com/select/sofi-checking-and-savings/
=== エラー内容 ===
type:<class 'newspaper.article.ArticleException'>
args:("Article `download()` failed with HTTPSConnectionPool(host='www.foxbusiness.com', port=443): Read timed out. (read timeout=7) on URL https://www.foxbusiness.com/economy/ukraine-war-hits-farmers-russia-cuts-fertilizer-supplies-hurting-brazil",)
e自身:Article `download()` failed with HTTPSConnectionPool(host='www.foxbusiness.com', port=443): Read timed out. (read timeout=7) on URL https://www.foxbusiness.com/economy/ukraine-war-hits-farmers-russia-cuts-fertilizer-supplies-hurting-brazil
=== エラー内容 ===
type:<class 'urllib.error.HTTPError'>
args:()
e自身:HTTP Error 404: Not Found
url:https://news.google.com/rss/search?q=+after:2022-3-4+inurl:foxbusiness.com&hl=en-US&gl=US&ceid=US:en
=== エラー内容 ===
type:<class 'newspaper.article.ArticleException'>
args:("Article `download()` failed with HTTPSConnectionPool(host='www.foxbusiness.com', port=443): Read timed out. (read timeout=7) on URL https://www.foxbusiness.com/lifestyle/general-motors-suspends-vehicle-exports-russia",)
e自身:Article `download()` failed with HTTPSConnectionPool(host='www.foxbusiness.com', port=443): Read timed out. (read timeout=7) on URL https://www.foxbusiness.com/lifestyle/general-motors-suspends-vehicle-exports-russia
=== エラー内容 ===
type:<class 'newspaper.article.ArticleException'>
args:("Article `download()` failed with HTTPSConnectionPool(host='www.foxbusiness.com', port=443): Read timed out. (read timeout=7) on URL https://www.foxbusiness.com/lifestyle/pete-davidson-blue-origin-jeff-bezos-space-flight-report",)
e自身:Article `download()` failed with HTTPSConnectionPool(host='www.foxbusiness.com', port=443): Read timed out. (read timeout=7) on URL https://www.foxbusiness.com/lifestyle/pete-davidson-blue-origin-jeff-bezos-space-flight-report
=== エラー内容 ===
type:<class 'newspaper.article.ArticleException'>
args:("Article `download()` failed with HTTPSConnectionPool(host='www.foxbusiness.com', port=443): Read timed out. (read timeout=7) on URL https://www.foxbusiness.com/economy/inflation-nation-states-paying-highest-prices",)
e自身:Article `download()` failed with HTTPSConnectionPool(host='www.foxbusiness.com', port=443): Read timed out. (read timeout=7) on URL https://www.foxbusiness.com/economy/inflation-nation-states-paying-highest-prices
=== エラー内容 ===
type:<class 'newspaper.article.ArticleException'>
args:("Article `download()` failed with HTTPSConnectionPool(host='www.reuters.com', port=443): Read timed out. (read timeout=7) on URL https://www.reuters.com/business/healthcare-pharmaceuticals/china-reports-327-new-confirmed-coronavirus-cases-march-6-vs-329-day-earlier-2022-03-07/",)
e自身:Article `download()` failed with HTTPSConnectionPool(host='www.reuters.com', port=443): Read timed out. (read timeout=7) on URL https://www.reuters.com/business/healthcare-pharmaceuticals/china-reports-327-new-confirmed-coronavirus-cases-march-6-vs-329-day-earlier-2022-03-07/
=== エラー内容 ===
type:<class 'newspaper.article.ArticleException'>
args:("Article `download()` failed with HTTPSConnectionPool(host='www.reuters.com', port=443): Read timed out. (read timeout=7) on URL https://www.reuters.com/business/companies-shut-ukraine-operations-watch-sanctions-russia-attacks-2022-02-24/",)
e自身:Article `download()` failed with HTTPSConnectionPool(host='www.reuters.com', port=443): Read timed out. (read timeout=7) on URL https://www.reuters.com/business/companies-shut-ukraine-operations-watch-sanctions-russia-attacks-2022-02-24/
=== エラー内容 ===
type:<class 'newspaper.article.ArticleException'>
args:("Article `download()` failed with HTTPSConnectionPool(host='www.foxbusiness.com', port=443): Read timed out. (read timeout=7) on URL https://www.foxbusiness.com/economy/paypal-shuts-down-its-services-in-russia-citing-ukraine-aggression",)
e自身:Article `download()` failed with HTTPSConnectionPool(host='www.foxbusiness.com', port=443): Read timed out. (read timeout=7) on URL https://www.foxbusiness.com/economy/paypal-shuts-down-its-services-in-russia-citing-ukraine-aggression
=== エラー内容 ===
type:<class 'newspaper.article.ArticleException'>
args:("Article `download()` failed with HTTPSConnectionPool(host='www.foxbusiness.com', port=443): Read timed out. (read timeout=7) on URL https://www.foxbusiness.com/politics/elon-musk-says-europe-rebooting-nuclear-power-stations-critical-international-security",)
e自身:Article `download()` failed with HTTPSConnectionPool(host='www.foxbusiness.com', port=443): Read timed out. (read timeout=7) on URL https://www.foxbusiness.com/politics/elon-musk-says-europe-rebooting-nuclear-power-stations-critical-international-security
=== エラー内容 ===
type:<class 'newspaper.article.ArticleException'>
args:("Article `download()` failed with HTTPSConnectionPool(host='www.cnbc.com', port=443): Max retries exceeded with url: /2022/03/09/what-to-watch-today-dow-futures-soar-a-day-after-more-wild-swings.html (Caused by SSLError(SSLError(1, '[SSL: TLSV1_ALERT_INTERNAL_ERROR] tlsv1 alert internal error (_ssl.c:1123)'))) on URL https://www.cnbc.com/2022/03/09/what-to-watch-today-dow-futures-soar-a-day-after-more-wild-swings.html",)
e自身:Article `download()` failed with HTTPSConnectionPool(host='www.cnbc.com', port=443): Max retries exceeded with url: /2022/03/09/what-to-watch-today-dow-futures-soar-a-day-after-more-wild-swings.html (Caused by SSLError(SSLError(1, '[SSL: TLSV1_ALERT_INTERNAL_ERROR] tlsv1 alert internal error (_ssl.c:1123)'))) on URL https://www.cnbc.com/2022/03/09/what-to-watch-today-dow-futures-soar-a-day-after-more-wild-swings.html
=== エラー内容 ===
type:<class 'newspaper.article.ArticleException'>
args:("Article `download()` failed with HTTPSConnectionPool(host='www.cnbc.com', port=443): Max retries exceeded with url: /2022/03/09/limewire-former-file-sharing-site-to-relaunch-as-nft-marketplace.html (Caused by SSLError(SSLError(1, '[SSL: TLSV1_ALERT_INTERNAL_ERROR] tlsv1 alert internal error (_ssl.c:1123)'))) on URL https://www.cnbc.com/2022/03/09/limewire-former-file-sharing-site-to-relaunch-as-nft-marketplace.html",)
e自身:Article `download()` failed with HTTPSConnectionPool(host='www.cnbc.com', port=443): Max retries exceeded with url: /2022/03/09/limewire-former-file-sharing-site-to-relaunch-as-nft-marketplace.html (Caused by SSLError(SSLError(1, '[SSL: TLSV1_ALERT_INTERNAL_ERROR] tlsv1 alert internal error (_ssl.c:1123)'))) on URL https://www.cnbc.com/2022/03/09/limewire-former-file-sharing-site-to-relaunch-as-nft-marketplace.html
=== エラー内容 ===
type:<class 'newspaper.article.ArticleException'>
args:("Article `download()` failed with HTTPSConnectionPool(host='www.cnbc.com', port=443): Max retries exceeded with url: /2022/03/09/man-who-got-heart-transplant-from-genetically-modified-pig-dies-2-months-later.html (Caused by SSLError(SSLError(1, '[SSL: TLSV1_ALERT_INTERNAL_ERROR] tlsv1 alert internal error (_ssl.c:1123)'))) on URL https://www.cnbc.com/2022/03/09/man-who-got-heart-transplant-from-genetically-modified-pig-dies-2-months-later.html",)
e自身:Article `download()` failed with HTTPSConnectionPool(host='www.cnbc.com', port=443): Max retries exceeded with url: /2022/03/09/man-who-got-heart-transplant-from-genetically-modified-pig-dies-2-months-later.html (Caused by SSLError(SSLError(1, '[SSL: TLSV1_ALERT_INTERNAL_ERROR] tlsv1 alert internal error (_ssl.c:1123)'))) on URL https://www.cnbc.com/2022/03/09/man-who-got-heart-transplant-from-genetically-modified-pig-dies-2-months-later.html
=== エラー内容 ===
type:<class 'newspaper.article.ArticleException'>
args:("Article `download()` failed with HTTPSConnectionPool(host='www.cnbc.com', port=443): Max retries exceeded with url: /2022/03/09/what-to-watch-today-dow-futures-soar-a-day-after-more-wild-swings.html (Caused by SSLError(SSLError(1, '[SSL: TLSV1_ALERT_INTERNAL_ERROR] tlsv1 alert internal error (_ssl.c:1123)'))) on URL https://www.cnbc.com/2022/03/09/what-to-watch-today-dow-futures-soar-a-day-after-more-wild-swings.html",)
e自身:Article `download()` failed with HTTPSConnectionPool(host='www.cnbc.com', port=443): Max retries exceeded with url: /2022/03/09/what-to-watch-today-dow-futures-soar-a-day-after-more-wild-swings.html (Caused by SSLError(SSLError(1, '[SSL: TLSV1_ALERT_INTERNAL_ERROR] tlsv1 alert internal error (_ssl.c:1123)'))) on URL https://www.cnbc.com/2022/03/09/what-to-watch-today-dow-futures-soar-a-day-after-more-wild-swings.html
=== エラー内容 ===
type:<class 'newspaper.article.ArticleException'>
args:("Article `download()` failed with HTTPSConnectionPool(host='www.cnbc.com', port=443): Max retries exceeded with url: /2022/03/09/dolly-parton-my-mothers-advice-led-to-my-financial-personal-success.html (Caused by SSLError(SSLError(1, '[SSL: TLSV1_ALERT_INTERNAL_ERROR] tlsv1 alert internal error (_ssl.c:1123)'))) on URL https://www.cnbc.com/2022/03/09/dolly-parton-my-mothers-advice-led-to-my-financial-personal-success.html",)
e自身:Article `download()` failed with HTTPSConnectionPool(host='www.cnbc.com', port=443): Max retries exceeded with url: /2022/03/09/dolly-parton-my-mothers-advice-led-to-my-financial-personal-success.html (Caused by SSLError(SSLError(1, '[SSL: TLSV1_ALERT_INTERNAL_ERROR] tlsv1 alert internal error (_ssl.c:1123)'))) on URL https://www.cnbc.com/2022/03/09/dolly-parton-my-mothers-advice-led-to-my-financial-personal-success.html
=== エラー内容 ===
type:<class 'newspaper.article.ArticleException'>
args:("Article `download()` failed with HTTPSConnectionPool(host='www.cnbc.com', port=443): Max retries exceeded with url: /2022/03/09/limewire-former-file-sharing-site-to-relaunch-as-nft-marketplace.html (Caused by SSLError(SSLError(1, '[SSL: TLSV1_ALERT_INTERNAL_ERROR] tlsv1 alert internal error (_ssl.c:1123)'))) on URL https://www.cnbc.com/2022/03/09/limewire-former-file-sharing-site-to-relaunch-as-nft-marketplace.html",)
e自身:Article `download()` failed with HTTPSConnectionPool(host='www.cnbc.com', port=443): Max retries exceeded with url: /2022/03/09/limewire-former-file-sharing-site-to-relaunch-as-nft-marketplace.html (Caused by SSLError(SSLError(1, '[SSL: TLSV1_ALERT_INTERNAL_ERROR] tlsv1 alert internal error (_ssl.c:1123)'))) on URL https://www.cnbc.com/2022/03/09/limewire-former-file-sharing-site-to-relaunch-as-nft-marketplace.html
=== エラー内容 ===
type:<class 'newspaper.article.ArticleException'>
args:("Article `download()` failed with HTTPSConnectionPool(host='www.cnbc.com', port=443): Max retries exceeded with url: /2022/03/09/amazon-announces-20-for-1-stock-split-10-billion-buyback.html (Caused by SSLError(SSLError(1, '[SSL: TLSV1_ALERT_INTERNAL_ERROR] tlsv1 alert internal error (_ssl.c:1123)'))) on URL https://www.cnbc.com/2022/03/09/amazon-announces-20-for-1-stock-split-10-billion-buyback.html",)
e自身:Article `download()` failed with HTTPSConnectionPool(host='www.cnbc.com', port=443): Max retries exceeded with url: /2022/03/09/amazon-announces-20-for-1-stock-split-10-billion-buyback.html (Caused by SSLError(SSLError(1, '[SSL: TLSV1_ALERT_INTERNAL_ERROR] tlsv1 alert internal error (_ssl.c:1123)'))) on URL https://www.cnbc.com/2022/03/09/amazon-announces-20-for-1-stock-split-10-billion-buyback.html
=== エラー内容 ===
type:<class 'newspaper.article.ArticleException'>
args:("Article `download()` failed with HTTPSConnectionPool(host='www.cnbc.com', port=443): Max retries exceeded with url: /2022/03/09/stocks-making-the-biggest-moves-premarket-campbell-soup-express-thor-industries-and-others.html (Caused by SSLError(SSLError(1, '[SSL: TLSV1_ALERT_INTERNAL_ERROR] tlsv1 alert internal error (_ssl.c:1123)'))) on URL https://www.cnbc.com/2022/03/09/stocks-making-the-biggest-moves-premarket-campbell-soup-express-thor-industries-and-others.html",)
e自身:Article `download()` failed with HTTPSConnectionPool(host='www.cnbc.com', port=443): Max retries exceeded with url: /2022/03/09/stocks-making-the-biggest-moves-premarket-campbell-soup-express-thor-industries-and-others.html (Caused by SSLError(SSLError(1, '[SSL: TLSV1_ALERT_INTERNAL_ERROR] tlsv1 alert internal error (_ssl.c:1123)'))) on URL https://www.cnbc.com/2022/03/09/stocks-making-the-biggest-moves-premarket-campbell-soup-express-thor-industries-and-others.html
=== エラー内容 ===
type:<class 'newspaper.article.ArticleException'>
args:("Article `download()` failed with HTTPSConnectionPool(host='www.cnbc.com', port=443): Max retries exceeded with url: /select/capital-one-venture-x-spark-cash-plus-welcome-bonuses-end-soon/ (Caused by SSLError(SSLError(1, '[SSL: TLSV1_ALERT_INTERNAL_ERROR] tlsv1 alert internal error (_ssl.c:1123)'))) on URL https://www.cnbc.com/select/capital-one-venture-x-spark-cash-plus-welcome-bonuses-end-soon/",)
e自身:Article `download()` failed with HTTPSConnectionPool(host='www.cnbc.com', port=443): Max retries exceeded with url: /select/capital-one-venture-x-spark-cash-plus-welcome-bonuses-end-soon/ (Caused by SSLError(SSLError(1, '[SSL: TLSV1_ALERT_INTERNAL_ERROR] tlsv1 alert internal error (_ssl.c:1123)'))) on URL https://www.cnbc.com/select/capital-one-venture-x-spark-cash-plus-welcome-bonuses-end-soon/
=== エラー内容 ===
type:<class 'newspaper.article.ArticleException'>
args:("Article `download()` failed with HTTPSConnectionPool(host='www.cnbc.com', port=443): Max retries exceeded with url: /2022/03/09/man-who-got-heart-transplant-from-genetically-modified-pig-dies-2-months-later.html (Caused by SSLError(SSLError(1, '[SSL: TLSV1_ALERT_INTERNAL_ERROR] tlsv1 alert internal error (_ssl.c:1123)'))) on URL https://www.cnbc.com/2022/03/09/man-who-got-heart-transplant-from-genetically-modified-pig-dies-2-months-later.html",)
e自身:Article `download()` failed with HTTPSConnectionPool(host='www.cnbc.com', port=443): Max retries exceeded with url: /2022/03/09/man-who-got-heart-transplant-from-genetically-modified-pig-dies-2-months-later.html (Caused by SSLError(SSLError(1, '[SSL: TLSV1_ALERT_INTERNAL_ERROR] tlsv1 alert internal error (_ssl.c:1123)'))) on URL https://www.cnbc.com/2022/03/09/man-who-got-heart-transplant-from-genetically-modified-pig-dies-2-months-later.html
=== エラー内容 ===
type:<class 'newspaper.article.ArticleException'>
args:("Article `download()` failed with HTTPSConnectionPool(host='www.foxbusiness.com', port=443): Read timed out. (read timeout=7) on URL https://www.foxbusiness.com/lifestyle/costco-sams-battle-for-gas-dominance",)
e自身:Article `download()` failed with HTTPSConnectionPool(host='www.foxbusiness.com', port=443): Read timed out. (read timeout=7) on URL https://www.foxbusiness.com/lifestyle/costco-sams-battle-for-gas-dominance
=== エラー内容 ===
type:<class 'newspaper.article.ArticleException'>
args:("Article `download()` failed with HTTPSConnectionPool(host='www.foxbusiness.com', port=443): Read timed out. (read timeout=7) on URL https://www.foxbusiness.com/economy/americans-can-expect-to-penny-pinch-even-more-with-diesel-surpassing-08-prices",)
e自身:Article `download()` failed with HTTPSConnectionPool(host='www.foxbusiness.com', port=443): Read timed out. (read timeout=7) on URL https://www.foxbusiness.com/economy/americans-can-expect-to-penny-pinch-even-more-with-diesel-surpassing-08-prices
=== エラー内容 ===
type:<class 'newspaper.article.ArticleException'>
args:("Article `download()` failed with HTTPSConnectionPool(host='www.cnbc.com', port=443): Read timed out. (read timeout=7) on URL https://www.cnbc.com/2022/03/09/european-markets-set-to-rise-as-russia-ukraine-volatility-persists.html",)
e自身:Article `download()` failed with HTTPSConnectionPool(host='www.cnbc.com', port=443): Read timed out. (read timeout=7) on URL https://www.cnbc.com/2022/03/09/european-markets-set-to-rise-as-russia-ukraine-volatility-persists.html
=== エラー内容 ===
type:<class 'newspaper.article.ArticleException'>
args:("Article `download()` failed with HTTPSConnectionPool(host='www.foxbusiness.com', port=443): Read timed out. (read timeout=7) on URL https://www.foxbusiness.com/politics/oil-producer-calls-out-bidens-energy-policies",)
e自身:Article `download()` failed with HTTPSConnectionPool(host='www.foxbusiness.com', port=443): Read timed out. (read timeout=7) on URL https://www.foxbusiness.com/politics/oil-producer-calls-out-bidens-energy-policies
=== エラー内容 ===
type:<class 'newspaper.article.ArticleException'>
args:("Article `download()` failed with HTTPSConnectionPool(host='www.foxbusiness.com', port=443): Read timed out. (read timeout=7) on URL https://www.foxbusiness.com/markets/us-stocks-whipsaw-overnight-in-correction-territory-as-surging-oil-prices-deepen-inflation-concern",)
e自身:Article `download()` failed with HTTPSConnectionPool(host='www.foxbusiness.com', port=443): Read timed out. (read timeout=7) on URL https://www.foxbusiness.com/markets/us-stocks-whipsaw-overnight-in-correction-territory-as-surging-oil-prices-deepen-inflation-concern
=== エラー内容 ===
type:<class 'newspaper.article.ArticleException'>
args:("Article `download()` failed with HTTPSConnectionPool(host='www.washingtonpost.com', port=443): Max retries exceeded with url: /politics/2022/03/09/mccrory-budd-putin/ (Caused by SSLError(SSLError(1, '[SSL: TLSV1_ALERT_INTERNAL_ERROR] tlsv1 alert internal error (_ssl.c:1123)'))) on URL https://www.washingtonpost.com/politics/2022/03/09/mccrory-budd-putin/",)
e自身:Article `download()` failed with HTTPSConnectionPool(host='www.washingtonpost.com', port=443): Max retries exceeded with url: /politics/2022/03/09/mccrory-budd-putin/ (Caused by SSLError(SSLError(1, '[SSL: TLSV1_ALERT_INTERNAL_ERROR] tlsv1 alert internal error (_ssl.c:1123)'))) on URL https://www.washingtonpost.com/politics/2022/03/09/mccrory-budd-putin/
=== エラー内容 ===
type:<class 'newspaper.article.ArticleException'>
args:("Article `download()` failed with HTTPSConnectionPool(host='www.washingtonpost.com', port=443): Max retries exceeded with url: /investigations/interactive/2022/police-misconduct-repeated-settlements/ (Caused by SSLError(SSLError(1, '[SSL: TLSV1_ALERT_INTERNAL_ERROR] tlsv1 alert internal error (_ssl.c:1123)'))) on URL https://www.washingtonpost.com/investigations/interactive/2022/police-misconduct-repeated-settlements/",)
e自身:Article `download()` failed with HTTPSConnectionPool(host='www.washingtonpost.com', port=443): Max retries exceeded with url: /investigations/interactive/2022/police-misconduct-repeated-settlements/ (Caused by SSLError(SSLError(1, '[SSL: TLSV1_ALERT_INTERNAL_ERROR] tlsv1 alert internal error (_ssl.c:1123)'))) on URL https://www.washingtonpost.com/investigations/interactive/2022/police-misconduct-repeated-settlements/
=== エラー内容 ===
type:<class 'newspaper.article.ArticleException'>
args:("Article `download()` failed with HTTPSConnectionPool(host='www.washingtonpost.com', port=443): Max retries exceeded with url: /magazine/2022/03/08/they-are-preparing-war-an-expert-civil-wars-discusses-where-political-extremists-are-taking-this-country/ (Caused by SSLError(SSLError(1, '[SSL: TLSV1_ALERT_INTERNAL_ERROR] tlsv1 alert internal error (_ssl.c:1123)'))) on URL https://www.washingtonpost.com/magazine/2022/03/08/they-are-preparing-war-an-expert-civil-wars-discusses-where-political-extremists-are-taking-this-country/",)
e自身:Article `download()` failed with HTTPSConnectionPool(host='www.washingtonpost.com', port=443): Max retries exceeded with url: /magazine/2022/03/08/they-are-preparing-war-an-expert-civil-wars-discusses-where-political-extremists-are-taking-this-country/ (Caused by SSLError(SSLError(1, '[SSL: TLSV1_ALERT_INTERNAL_ERROR] tlsv1 alert internal error (_ssl.c:1123)'))) on URL https://www.washingtonpost.com/magazine/2022/03/08/they-are-preparing-war-an-expert-civil-wars-discusses-where-political-extremists-are-taking-this-country/
=== エラー内容 ===
type:<class 'newspaper.article.ArticleException'>
args:("Article `download()` failed with HTTPSConnectionPool(host='www.foxbusiness.com', port=443): Read timed out. (read timeout=7) on URL https://www.foxbusiness.com/markets/us-natural-gas-hackers-ukraine",)
e自身:Article `download()` failed with HTTPSConnectionPool(host='www.foxbusiness.com', port=443): Read timed out. (read timeout=7) on URL https://www.foxbusiness.com/markets/us-natural-gas-hackers-ukraine
=== エラー内容 ===
type:<class 'newspaper.article.ArticleException'>
args:("Article `download()` failed with HTTPSConnectionPool(host='www.foxbusiness.com', port=443): Read timed out. (read timeout=7) on URL https://www.foxbusiness.com/politics/senate-passes-bipartisan-postal-service-reform-act",)
e自身:Article `download()` failed with HTTPSConnectionPool(host='www.foxbusiness.com', port=443): Read timed out. (read timeout=7) on URL https://www.foxbusiness.com/politics/senate-passes-bipartisan-postal-service-reform-act
=== エラー内容 ===
type:<class 'newspaper.article.ArticleException'>
args:("Article `download()` failed with HTTPSConnectionPool(host='www.foxbusiness.com', port=443): Read timed out. (read timeout=7) on URL https://www.foxbusiness.com/energy/daines-biden-iran-venezuela-oil-production",)
e自身:Article `download()` failed with HTTPSConnectionPool(host='www.foxbusiness.com', port=443): Read timed out. (read timeout=7) on URL https://www.foxbusiness.com/energy/daines-biden-iran-venezuela-oil-production
=== エラー内容 ===
type:<class 'newspaper.article.ArticleException'>
args:("Article `download()` failed with HTTPSConnectionPool(host='www.cnbc.com', port=443): Max retries exceeded with url: /2022/03/10/nearly-50percent-of-women-consider-themselves-very-ambitious-cnbc-and-momentive-survey.html (Caused by SSLError(SSLError(1, '[SSL: TLSV1_ALERT_INTERNAL_ERROR] tlsv1 alert internal error (_ssl.c:1123)'))) on URL https://www.cnbc.com/2022/03/10/nearly-50percent-of-women-consider-themselves-very-ambitious-cnbc-and-momentive-survey.html",)
e自身:Article `download()` failed with HTTPSConnectionPool(host='www.cnbc.com', port=443): Max retries exceeded with url: /2022/03/10/nearly-50percent-of-women-consider-themselves-very-ambitious-cnbc-and-momentive-survey.html (Caused by SSLError(SSLError(1, '[SSL: TLSV1_ALERT_INTERNAL_ERROR] tlsv1 alert internal error (_ssl.c:1123)'))) on URL https://www.cnbc.com/2022/03/10/nearly-50percent-of-women-consider-themselves-very-ambitious-cnbc-and-momentive-survey.html
=== エラー内容 ===
type:<class 'newspaper.article.ArticleException'>
args:("Article `download()` failed with HTTPSConnectionPool(host='www.cnbc.com', port=443): Max retries exceeded with url: /2022/03/10/you-dont-need-to-make-serious-money-before-age-36-says-ceo-heres-what-to-focus-on-instead.html (Caused by SSLError(SSLError(1, '[SSL: TLSV1_ALERT_INTERNAL_ERROR] tlsv1 alert internal error (_ssl.c:1123)'))) on URL https://www.cnbc.com/2022/03/10/you-dont-need-to-make-serious-money-before-age-36-says-ceo-heres-what-to-focus-on-instead.html",)
e自身:Article `download()` failed with HTTPSConnectionPool(host='www.cnbc.com', port=443): Max retries exceeded with url: /2022/03/10/you-dont-need-to-make-serious-money-before-age-36-says-ceo-heres-what-to-focus-on-instead.html (Caused by SSLError(SSLError(1, '[SSL: TLSV1_ALERT_INTERNAL_ERROR] tlsv1 alert internal error (_ssl.c:1123)'))) on URL https://www.cnbc.com/2022/03/10/you-dont-need-to-make-serious-money-before-age-36-says-ceo-heres-what-to-focus-on-instead.html
=== エラー内容 ===
type:<class 'newspaper.article.ArticleException'>
args:("Article `download()` failed with HTTPSConnectionPool(host='www.cnbc.com', port=443): Max retries exceeded with url: /2022/03/10/deutsche-bank-says-not-practical-to-exit-russia-business.html (Caused by SSLError(SSLError(1, '[SSL: TLSV1_ALERT_INTERNAL_ERROR] tlsv1 alert internal error (_ssl.c:1123)'))) on URL https://www.cnbc.com/2022/03/10/deutsche-bank-says-not-practical-to-exit-russia-business.html",)
e自身:Article `download()` failed with HTTPSConnectionPool(host='www.cnbc.com', port=443): Max retries exceeded with url: /2022/03/10/deutsche-bank-says-not-practical-to-exit-russia-business.html (Caused by SSLError(SSLError(1, '[SSL: TLSV1_ALERT_INTERNAL_ERROR] tlsv1 alert internal error (_ssl.c:1123)'))) on URL https://www.cnbc.com/2022/03/10/deutsche-bank-says-not-practical-to-exit-russia-business.html
=== エラー内容 ===
type:<class 'newspaper.article.ArticleException'>
args:("Article `download()` failed with HTTPSConnectionPool(host='www.cnbc.com', port=443): Read timed out. (read timeout=7) on URL https://www.cnbc.com/2022/03/10/xpeng-p5-electric-car-pre-orders-begin-in-europe.html",)
e自身:Article `download()` failed with HTTPSConnectionPool(host='www.cnbc.com', port=443): Read timed out. (read timeout=7) on URL https://www.cnbc.com/2022/03/10/xpeng-p5-electric-car-pre-orders-begin-in-europe.html
=== エラー内容 ===
type:<class 'newspaper.article.ArticleException'>
args:("Article `download()` failed with HTTPSConnectionPool(host='www.foxbusiness.com', port=443): Read timed out. (read timeout=7) on URL https://www.foxbusiness.com/sports/chelsea-roman-abramovich-russian-oligarch-sanctioned",)
e自身:Article `download()` failed with HTTPSConnectionPool(host='www.foxbusiness.com', port=443): Read timed out. (read timeout=7) on URL https://www.foxbusiness.com/sports/chelsea-roman-abramovich-russian-oligarch-sanctioned
=== エラー内容 ===
type:<class 'newspaper.article.ArticleException'>
args:("Article `download()` failed with HTTPSConnectionPool(host='www.foxbusiness.com', port=443): Read timed out. (read timeout=7) on URL https://www.foxbusiness.com/markets/ukraine-mounting-pressure-campaign-to-knock-off-ny-stock-exchange-businesses-that-pay-taxes-to-russia",)
e自身:Article `download()` failed with HTTPSConnectionPool(host='www.foxbusiness.com', port=443): Read timed out. (read timeout=7) on URL https://www.foxbusiness.com/markets/ukraine-mounting-pressure-campaign-to-knock-off-ny-stock-exchange-businesses-that-pay-taxes-to-russia
=== エラー内容 ===
type:<class 'newspaper.article.ArticleException'>
args:("Article `download()` failed with HTTPSConnectionPool(host='www.foxbusiness.com', port=443): Read timed out. (read timeout=7) on URL https://www.foxbusiness.com/politics/youngkin-pushes-gas-tax-holiday-as-surging-prices-steal-americas-income",)
e自身:Article `download()` failed with HTTPSConnectionPool(host='www.foxbusiness.com', port=443): Read timed out. (read timeout=7) on URL https://www.foxbusiness.com/politics/youngkin-pushes-gas-tax-holiday-as-surging-prices-steal-americas-income
=== エラー内容 ===
type:<class 'newspaper.article.ArticleException'>
args:("Article `download()` failed with HTTPSConnectionPool(host='www.foxbusiness.com', port=443): Read timed out. (read timeout=7) on URL https://www.foxbusiness.com/lifestyle/cryptos-wealthy-investors-who-they-are",)
e自身:Article `download()` failed with HTTPSConnectionPool(host='www.foxbusiness.com', port=443): Read timed out. (read timeout=7) on URL https://www.foxbusiness.com/lifestyle/cryptos-wealthy-investors-who-they-are
=== エラー内容 ===
type:<class 'newspaper.article.ArticleException'>
args:("Article `download()` failed with HTTPSConnectionPool(host='www.cnbc.com', port=443): Max retries exceeded with url: /2022/03/10/cpi-inflation-february-2022-.html (Caused by SSLError(SSLError(1, '[SSL: TLSV1_ALERT_INTERNAL_ERROR] tlsv1 alert internal error (_ssl.c:1123)'))) on URL https://www.cnbc.com/2022/03/10/cpi-inflation-february-2022-.html",)
e自身:Article `download()` failed with HTTPSConnectionPool(host='www.cnbc.com', port=443): Max retries exceeded with url: /2022/03/10/cpi-inflation-february-2022-.html (Caused by SSLError(SSLError(1, '[SSL: TLSV1_ALERT_INTERNAL_ERROR] tlsv1 alert internal error (_ssl.c:1123)'))) on URL https://www.cnbc.com/2022/03/10/cpi-inflation-february-2022-.html
=== エラー内容 ===
type:<class 'newspaper.article.ArticleException'>
args:("Article `download()` failed with HTTPSConnectionPool(host='www.cnbc.com', port=443): Max retries exceeded with url: /2022/03/10/these-chinese-stocks-are-down-sharply-on-thursday-heres-what-could-be-behind-the-decline.html (Caused by SSLError(SSLError(1, '[SSL: TLSV1_ALERT_INTERNAL_ERROR] tlsv1 alert internal error (_ssl.c:1123)'))) on URL https://www.cnbc.com/2022/03/10/these-chinese-stocks-are-down-sharply-on-thursday-heres-what-could-be-behind-the-decline.html",)
e自身:Article `download()` failed with HTTPSConnectionPool(host='www.cnbc.com', port=443): Max retries exceeded with url: /2022/03/10/these-chinese-stocks-are-down-sharply-on-thursday-heres-what-could-be-behind-the-decline.html (Caused by SSLError(SSLError(1, '[SSL: TLSV1_ALERT_INTERNAL_ERROR] tlsv1 alert internal error (_ssl.c:1123)'))) on URL https://www.cnbc.com/2022/03/10/these-chinese-stocks-are-down-sharply-on-thursday-heres-what-could-be-behind-the-decline.html
=== エラー内容 ===
type:<class 'newspaper.article.ArticleException'>
args:("Article `download()` failed with HTTPSConnectionPool(host='www.cnbc.com', port=443): Max retries exceeded with url: /2022/03/11/asia-markets-russia-ukraine-us-inflation-oil-currencies.html (Caused by SSLError(SSLError(1, '[SSL: TLSV1_ALERT_INTERNAL_ERROR] tlsv1 alert internal error (_ssl.c:1123)'))) on URL https://www.cnbc.com/2022/03/11/asia-markets-russia-ukraine-us-inflation-oil-currencies.html",)
e自身:Article `download()` failed with HTTPSConnectionPool(host='www.cnbc.com', port=443): Max retries exceeded with url: /2022/03/11/asia-markets-russia-ukraine-us-inflation-oil-currencies.html (Caused by SSLError(SSLError(1, '[SSL: TLSV1_ALERT_INTERNAL_ERROR] tlsv1 alert internal error (_ssl.c:1123)'))) on URL https://www.cnbc.com/2022/03/11/asia-markets-russia-ukraine-us-inflation-oil-currencies.html
=== エラー内容 ===
type:<class 'newspaper.article.ArticleException'>
args:("Article `download()` failed with HTTPSConnectionPool(host='www.cnbc.com', port=443): Max retries exceeded with url: /2022/03/10/russia-ukraine-live-updates.html (Caused by SSLError(SSLError(1, '[SSL: TLSV1_ALERT_INTERNAL_ERROR] tlsv1 alert internal error (_ssl.c:1123)'))) on URL https://www.cnbc.com/2022/03/10/russia-ukraine-live-updates.html",)
e自身:Article `download()` failed with HTTPSConnectionPool(host='www.cnbc.com', port=443): Max retries exceeded with url: /2022/03/10/russia-ukraine-live-updates.html (Caused by SSLError(SSLError(1, '[SSL: TLSV1_ALERT_INTERNAL_ERROR] tlsv1 alert internal error (_ssl.c:1123)'))) on URL https://www.cnbc.com/2022/03/10/russia-ukraine-live-updates.html
=== エラー内容 ===
type:<class 'newspaper.article.ArticleException'>
args:("Article `download()` failed with HTTPSConnectionPool(host='www.cnbc.com', port=443): Max retries exceeded with url: /2022/03/09/amazon-announces-20-for-1-stock-split-10-billion-buyback.html (Caused by SSLError(SSLError(1, '[SSL: TLSV1_ALERT_INTERNAL_ERROR] tlsv1 alert internal error (_ssl.c:1123)'))) on URL https://www.cnbc.com/2022/03/09/amazon-announces-20-for-1-stock-split-10-billion-buyback.html",)
e自身:Article `download()` failed with HTTPSConnectionPool(host='www.cnbc.com', port=443): Max retries exceeded with url: /2022/03/09/amazon-announces-20-for-1-stock-split-10-billion-buyback.html (Caused by SSLError(SSLError(1, '[SSL: TLSV1_ALERT_INTERNAL_ERROR] tlsv1 alert internal error (_ssl.c:1123)'))) on URL https://www.cnbc.com/2022/03/09/amazon-announces-20-for-1-stock-split-10-billion-buyback.html
=== エラー内容 ===
type:<class 'newspaper.article.ArticleException'>
args:("Article `download()` failed with HTTPSConnectionPool(host='www.cnbc.com', port=443): Max retries exceeded with url: /2022/03/11/russia-ukraine-war-impact-on-shipping-ports-air-freight.html (Caused by SSLError(SSLError(1, '[SSL: TLSV1_ALERT_INTERNAL_ERROR] tlsv1 alert internal error (_ssl.c:1123)'))) on URL https://www.cnbc.com/2022/03/11/russia-ukraine-war-impact-on-shipping-ports-air-freight.html",)
e自身:Article `download()` failed with HTTPSConnectionPool(host='www.cnbc.com', port=443): Max retries exceeded with url: /2022/03/11/russia-ukraine-war-impact-on-shipping-ports-air-freight.html (Caused by SSLError(SSLError(1, '[SSL: TLSV1_ALERT_INTERNAL_ERROR] tlsv1 alert internal error (_ssl.c:1123)'))) on URL https://www.cnbc.com/2022/03/11/russia-ukraine-war-impact-on-shipping-ports-air-freight.html
=== エラー内容 ===
type:<class 'newspaper.article.ArticleException'>
args:("Article `download()` failed with HTTPSConnectionPool(host='www.cnbc.com', port=443): Max retries exceeded with url: /select/how-to-appeal-college-financial-aid-offer/ (Caused by SSLError(SSLError(1, '[SSL: TLSV1_ALERT_INTERNAL_ERROR] tlsv1 alert internal error (_ssl.c:1123)'))) on URL https://www.cnbc.com/select/how-to-appeal-college-financial-aid-offer/",)
e自身:Article `download()` failed with HTTPSConnectionPool(host='www.cnbc.com', port=443): Max retries exceeded with url: /select/how-to-appeal-college-financial-aid-offer/ (Caused by SSLError(SSLError(1, '[SSL: TLSV1_ALERT_INTERNAL_ERROR] tlsv1 alert internal error (_ssl.c:1123)'))) on URL https://www.cnbc.com/select/how-to-appeal-college-financial-aid-offer/
=== エラー内容 ===
type:<class 'newspaper.article.ArticleException'>
args:("Article `download()` failed with HTTPSConnectionPool(host='www.cnbc.com', port=443): Max retries exceeded with url: /2022/03/10/stock-market-futures-open-to-close-news.html (Caused by SSLError(SSLError(1, '[SSL: TLSV1_ALERT_INTERNAL_ERROR] tlsv1 alert internal error (_ssl.c:1123)'))) on URL https://www.cnbc.com/2022/03/10/stock-market-futures-open-to-close-news.html",)
e自身:Article `download()` failed with HTTPSConnectionPool(host='www.cnbc.com', port=443): Max retries exceeded with url: /2022/03/10/stock-market-futures-open-to-close-news.html (Caused by SSLError(SSLError(1, '[SSL: TLSV1_ALERT_INTERNAL_ERROR] tlsv1 alert internal error (_ssl.c:1123)'))) on URL https://www.cnbc.com/2022/03/10/stock-market-futures-open-to-close-news.html
=== エラー内容 ===
type:<class 'newspaper.article.ArticleException'>
args:("Article `download()` failed with HTTPSConnectionPool(host='www.cnbc.com', port=443): Max retries exceeded with url: /2022/03/10/buzzfeed-is-now-a-public-stock-but-can-it-build-digital-media-winner.html (Caused by SSLError(SSLError(1, '[SSL: TLSV1_ALERT_INTERNAL_ERROR] tlsv1 alert internal error (_ssl.c:1123)'))) on URL https://www.cnbc.com/2022/03/10/buzzfeed-is-now-a-public-stock-but-can-it-build-digital-media-winner.html",)
e自身:Article `download()` failed with HTTPSConnectionPool(host='www.cnbc.com', port=443): Max retries exceeded with url: /2022/03/10/buzzfeed-is-now-a-public-stock-but-can-it-build-digital-media-winner.html (Caused by SSLError(SSLError(1, '[SSL: TLSV1_ALERT_INTERNAL_ERROR] tlsv1 alert internal error (_ssl.c:1123)'))) on URL https://www.cnbc.com/2022/03/10/buzzfeed-is-now-a-public-stock-but-can-it-build-digital-media-winner.html
=== エラー内容 ===
type:<class 'newspaper.article.ArticleException'>
args:("Article `download()` failed with HTTPSConnectionPool(host='www.cnbc.com', port=443): Max retries exceeded with url: /2022/03/11/russians-liquidating-crypto-in-the-uae-to-seek-safe-havens.html (Caused by SSLError(SSLError(1, '[SSL: TLSV1_ALERT_INTERNAL_ERROR] tlsv1 alert internal error (_ssl.c:1123)'))) on URL https://www.cnbc.com/2022/03/11/russians-liquidating-crypto-in-the-uae-to-seek-safe-havens.html",)
e自身:Article `download()` failed with HTTPSConnectionPool(host='www.cnbc.com', port=443): Max retries exceeded with url: /2022/03/11/russians-liquidating-crypto-in-the-uae-to-seek-safe-havens.html (Caused by SSLError(SSLError(1, '[SSL: TLSV1_ALERT_INTERNAL_ERROR] tlsv1 alert internal error (_ssl.c:1123)'))) on URL https://www.cnbc.com/2022/03/11/russians-liquidating-crypto-in-the-uae-to-seek-safe-havens.html
=== エラー内容 ===
type:<class 'newspaper.article.ArticleException'>
args:("Article `download()` failed with HTTPSConnectionPool(host='www.cnbc.com', port=443): Max retries exceeded with url: /2022/03/11/5-things-to-know-before-the-stock-market-opens-friday-march-11.html (Caused by SSLError(SSLError(1, '[SSL: TLSV1_ALERT_INTERNAL_ERROR] tlsv1 alert internal error (_ssl.c:1123)'))) on URL https://www.cnbc.com/2022/03/11/5-things-to-know-before-the-stock-market-opens-friday-march-11.html",)
e自身:Article `download()` failed with HTTPSConnectionPool(host='www.cnbc.com', port=443): Max retries exceeded with url: /2022/03/11/5-things-to-know-before-the-stock-market-opens-friday-march-11.html (Caused by SSLError(SSLError(1, '[SSL: TLSV1_ALERT_INTERNAL_ERROR] tlsv1 alert internal error (_ssl.c:1123)'))) on URL https://www.cnbc.com/2022/03/11/5-things-to-know-before-the-stock-market-opens-friday-march-11.html
=== エラー内容 ===
type:<class 'newspaper.article.ArticleException'>
args:('Article `download()` failed with 404 Client Error: Not Found for url: https://markets.businessinsider.com/news/stocks/fidelity-johnson-family-worth-48-billion-after-retail-trader-bet-2022-3 on URL https://markets.businessinsider.com/news/stocks/fidelity-johnson-family-worth-48-billion-after-retail-trader-bet-2022-3',)
e自身:Article `download()` failed with 404 Client Error: Not Found for url: https://markets.businessinsider.com/news/stocks/fidelity-johnson-family-worth-48-billion-after-retail-trader-bet-2022-3 on URL https://markets.businessinsider.com/news/stocks/fidelity-johnson-family-worth-48-billion-after-retail-trader-bet-2022-3
=== エラー内容 ===
type:<class 'newspaper.article.ArticleException'>
args:("Article `download()` failed with HTTPSConnectionPool(host='www.foxbusiness.com', port=443): Max retries exceeded with url: /economy/psaki-pressed-temporary-inflation-how-long (Caused by SSLError(SSLError(1, '[SSL: TLSV1_ALERT_INTERNAL_ERROR] tlsv1 alert internal error (_ssl.c:1123)'))) on URL https://www.foxbusiness.com/economy/psaki-pressed-temporary-inflation-how-long",)
e自身:Article `download()` failed with HTTPSConnectionPool(host='www.foxbusiness.com', port=443): Max retries exceeded with url: /economy/psaki-pressed-temporary-inflation-how-long (Caused by SSLError(SSLError(1, '[SSL: TLSV1_ALERT_INTERNAL_ERROR] tlsv1 alert internal error (_ssl.c:1123)'))) on URL https://www.foxbusiness.com/economy/psaki-pressed-temporary-inflation-how-long
=== エラー内容 ===
type:<class 'newspaper.article.ArticleException'>
args:('Article `download()` failed with 404 Client Error: Not Found for url: https://www.foxbusiness.com/economy/florida-spring-break-staffing-shortages on URL https://www.foxbusiness.com/economy/florida-spring-break-staffing-shortages',)
e自身:Article `download()` failed with 404 Client Error: Not Found for url: https://www.foxbusiness.com/economy/florida-spring-break-staffing-shortages on URL https://www.foxbusiness.com/economy/florida-spring-break-staffing-shortages
=== エラー内容 ===
type:<class 'newspaper.article.ArticleException'>
args:("Article `download()` failed with HTTPSConnectionPool(host='www.reuters.com', port=443): Read timed out. (read timeout=7) on URL https://www.reuters.com/technology/el-salvador-says-could-launch-bitcoin-sovereign-bond-between-march-15-20-2022-03-11/",)
e自身:Article `download()` failed with HTTPSConnectionPool(host='www.reuters.com', port=443): Read timed out. (read timeout=7) on URL https://www.reuters.com/technology/el-salvador-says-could-launch-bitcoin-sovereign-bond-between-march-15-20-2022-03-11/
=== エラー内容 ===
type:<class 'newspaper.article.ArticleException'>
args:("Article `download()` failed with HTTPSConnectionPool(host='www.foxbusiness.com', port=443): Max retries exceeded with url: /politics/manchin-chief-energy-regulator-pipeline-permits-do-damn-job (Caused by SSLError(SSLError(1, '[SSL: TLSV1_ALERT_INTERNAL_ERROR] tlsv1 alert internal error (_ssl.c:1123)'))) on URL https://www.foxbusiness.com/politics/manchin-chief-energy-regulator-pipeline-permits-do-damn-job",)
e自身:Article `download()` failed with HTTPSConnectionPool(host='www.foxbusiness.com', port=443): Max retries exceeded with url: /politics/manchin-chief-energy-regulator-pipeline-permits-do-damn-job (Caused by SSLError(SSLError(1, '[SSL: TLSV1_ALERT_INTERNAL_ERROR] tlsv1 alert internal error (_ssl.c:1123)'))) on URL https://www.foxbusiness.com/politics/manchin-chief-energy-regulator-pipeline-permits-do-damn-job
=== エラー内容 ===
type:<class 'newspaper.article.ArticleException'>
args:("Article `download()` failed with HTTPSConnectionPool(host='www.foxbusiness.com', port=443): Max retries exceeded with url: /economy/psaki-pressed-temporary-inflation-how-long (Caused by SSLError(SSLError(1, '[SSL: TLSV1_ALERT_INTERNAL_ERROR] tlsv1 alert internal error (_ssl.c:1123)'))) on URL https://www.foxbusiness.com/economy/psaki-pressed-temporary-inflation-how-long",)
e自身:Article `download()` failed with HTTPSConnectionPool(host='www.foxbusiness.com', port=443): Max retries exceeded with url: /economy/psaki-pressed-temporary-inflation-how-long (Caused by SSLError(SSLError(1, '[SSL: TLSV1_ALERT_INTERNAL_ERROR] tlsv1 alert internal error (_ssl.c:1123)'))) on URL https://www.foxbusiness.com/economy/psaki-pressed-temporary-inflation-how-long
=== エラー内容 ===
type:<class 'newspaper.article.ArticleException'>
args:("Article `download()` failed with HTTPSConnectionPool(host='www.foxbusiness.com', port=443): Max retries exceeded with url: /markets/us-oil-industry-sees-a-miracle-texas-producer (Caused by SSLError(SSLError(1, '[SSL: TLSV1_ALERT_INTERNAL_ERROR] tlsv1 alert internal error (_ssl.c:1123)'))) on URL https://www.foxbusiness.com/markets/us-oil-industry-sees-a-miracle-texas-producer",)
e自身:Article `download()` failed with HTTPSConnectionPool(host='www.foxbusiness.com', port=443): Max retries exceeded with url: /markets/us-oil-industry-sees-a-miracle-texas-producer (Caused by SSLError(SSLError(1, '[SSL: TLSV1_ALERT_INTERNAL_ERROR] tlsv1 alert internal error (_ssl.c:1123)'))) on URL https://www.foxbusiness.com/markets/us-oil-industry-sees-a-miracle-texas-producer
=== エラー内容 ===
type:<class 'newspaper.article.ArticleException'>
args:("Article `download()` failed with HTTPSConnectionPool(host='www.foxbusiness.com', port=443): Max retries exceeded with url: /lifestyle/chipotle-launches-pollo-asado-us-canada (Caused by SSLError(SSLError(1, '[SSL: TLSV1_ALERT_INTERNAL_ERROR] tlsv1 alert internal error (_ssl.c:1123)'))) on URL https://www.foxbusiness.com/lifestyle/chipotle-launches-pollo-asado-us-canada",)
e自身:Article `download()` failed with HTTPSConnectionPool(host='www.foxbusiness.com', port=443): Max retries exceeded with url: /lifestyle/chipotle-launches-pollo-asado-us-canada (Caused by SSLError(SSLError(1, '[SSL: TLSV1_ALERT_INTERNAL_ERROR] tlsv1 alert internal error (_ssl.c:1123)'))) on URL https://www.foxbusiness.com/lifestyle/chipotle-launches-pollo-asado-us-canada
=== エラー内容 ===
type:<class 'newspaper.article.ArticleException'>
args:("Article `download()` failed with HTTPSConnectionPool(host='www.foxbusiness.com', port=443): Max retries exceeded with url: /politics/energy-industry-experts-laud-biden-administration-pivot-to (Caused by SSLError(SSLError(1, '[SSL: TLSV1_ALERT_INTERNAL_ERROR] tlsv1 alert internal error (_ssl.c:1123)'))) on URL https://www.foxbusiness.com/politics/energy-industry-experts-laud-biden-administration-pivot-to",)
e自身:Article `download()` failed with HTTPSConnectionPool(host='www.foxbusiness.com', port=443): Max retries exceeded with url: /politics/energy-industry-experts-laud-biden-administration-pivot-to (Caused by SSLError(SSLError(1, '[SSL: TLSV1_ALERT_INTERNAL_ERROR] tlsv1 alert internal error (_ssl.c:1123)'))) on URL https://www.foxbusiness.com/politics/energy-industry-experts-laud-biden-administration-pivot-to
=== エラー内容 ===
type:<class 'newspaper.article.ArticleException'>
args:("Article `download()` failed with HTTPSConnectionPool(host='www.foxbusiness.com', port=443): Max retries exceeded with url: /markets/disney-accused-shareholder-complicity-china-genocide (Caused by SSLError(SSLError(1, '[SSL: TLSV1_ALERT_INTERNAL_ERROR] tlsv1 alert internal error (_ssl.c:1123)'))) on URL https://www.foxbusiness.com/markets/disney-accused-shareholder-complicity-china-genocide",)
e自身:Article `download()` failed with HTTPSConnectionPool(host='www.foxbusiness.com', port=443): Max retries exceeded with url: /markets/disney-accused-shareholder-complicity-china-genocide (Caused by SSLError(SSLError(1, '[SSL: TLSV1_ALERT_INTERNAL_ERROR] tlsv1 alert internal error (_ssl.c:1123)'))) on URL https://www.foxbusiness.com/markets/disney-accused-shareholder-complicity-china-genocide
=== エラー内容 ===
type:<class 'newspaper.article.ArticleException'>
args:("Article `download()` failed with HTTPSConnectionPool(host='www.foxbusiness.com', port=443): Max retries exceeded with url: /markets/stock-futures-3-11-2022 (Caused by SSLError(SSLError(1, '[SSL: TLSV1_ALERT_INTERNAL_ERROR] tlsv1 alert internal error (_ssl.c:1123)'))) on URL https://www.foxbusiness.com/markets/stock-futures-3-11-2022",)
e自身:Article `download()` failed with HTTPSConnectionPool(host='www.foxbusiness.com', port=443): Max retries exceeded with url: /markets/stock-futures-3-11-2022 (Caused by SSLError(SSLError(1, '[SSL: TLSV1_ALERT_INTERNAL_ERROR] tlsv1 alert internal error (_ssl.c:1123)'))) on URL https://www.foxbusiness.com/markets/stock-futures-3-11-2022
=== エラー内容 ===
type:<class 'newspaper.article.ArticleException'>
args:("Article `download()` failed with HTTPSConnectionPool(host='www.foxbusiness.com', port=443): Max retries exceeded with url: /energy/white-house-omitted-russia-strategic-petroleum-reserves (Caused by SSLError(SSLError(1, '[SSL: TLSV1_ALERT_INTERNAL_ERROR] tlsv1 alert internal error (_ssl.c:1123)'))) on URL https://www.foxbusiness.com/energy/white-house-omitted-russia-strategic-petroleum-reserves",)
e自身:Article `download()` failed with HTTPSConnectionPool(host='www.foxbusiness.com', port=443): Max retries exceeded with url: /energy/white-house-omitted-russia-strategic-petroleum-reserves (Caused by SSLError(SSLError(1, '[SSL: TLSV1_ALERT_INTERNAL_ERROR] tlsv1 alert internal error (_ssl.c:1123)'))) on URL https://www.foxbusiness.com/energy/white-house-omitted-russia-strategic-petroleum-reserves
=== エラー内容 ===
type:<class 'newspaper.article.ArticleException'>
args:("Article `download()` failed with HTTPSConnectionPool(host='www.foxbusiness.com', port=443): Max retries exceeded with url: /lifestyle/tsa-spring-break-guidelines (Caused by SSLError(SSLError(1, '[SSL: TLSV1_ALERT_INTERNAL_ERROR] tlsv1 alert internal error (_ssl.c:1123)'))) on URL https://www.foxbusiness.com/lifestyle/tsa-spring-break-guidelines",)
e自身:Article `download()` failed with HTTPSConnectionPool(host='www.foxbusiness.com', port=443): Max retries exceeded with url: /lifestyle/tsa-spring-break-guidelines (Caused by SSLError(SSLError(1, '[SSL: TLSV1_ALERT_INTERNAL_ERROR] tlsv1 alert internal error (_ssl.c:1123)'))) on URL https://www.foxbusiness.com/lifestyle/tsa-spring-break-guidelines
=== エラー内容 ===
type:<class 'newspaper.article.ArticleException'>
args:("Article `download()` failed with HTTPSConnectionPool(host='www.washingtonpost.com', port=443): Max retries exceeded with url: /technology/2022/03/11/tik-tok-ukraine-white-house/ (Caused by SSLError(SSLError(1, '[SSL: TLSV1_ALERT_INTERNAL_ERROR] tlsv1 alert internal error (_ssl.c:1123)'))) on URL https://www.washingtonpost.com/technology/2022/03/11/tik-tok-ukraine-white-house/",)
e自身:Article `download()` failed with HTTPSConnectionPool(host='www.washingtonpost.com', port=443): Max retries exceeded with url: /technology/2022/03/11/tik-tok-ukraine-white-house/ (Caused by SSLError(SSLError(1, '[SSL: TLSV1_ALERT_INTERNAL_ERROR] tlsv1 alert internal error (_ssl.c:1123)'))) on URL https://www.washingtonpost.com/technology/2022/03/11/tik-tok-ukraine-white-house/
=== エラー内容 ===
type:<class 'newspaper.article.ArticleException'>
args:("Article `download()` failed with HTTPSConnectionPool(host='www.washingtonpost.com', port=443): Max retries exceeded with url: /politics/2022/03/11/harris-county-primary-uncounted-votes-lawsuit/ (Caused by SSLError(SSLError(1, '[SSL: TLSV1_ALERT_INTERNAL_ERROR] tlsv1 alert internal error (_ssl.c:1123)'))) on URL https://www.washingtonpost.com/politics/2022/03/11/harris-county-primary-uncounted-votes-lawsuit/",)
e自身:Article `download()` failed with HTTPSConnectionPool(host='www.washingtonpost.com', port=443): Max retries exceeded with url: /politics/2022/03/11/harris-county-primary-uncounted-votes-lawsuit/ (Caused by SSLError(SSLError(1, '[SSL: TLSV1_ALERT_INTERNAL_ERROR] tlsv1 alert internal error (_ssl.c:1123)'))) on URL https://www.washingtonpost.com/politics/2022/03/11/harris-county-primary-uncounted-votes-lawsuit/
=== エラー内容 ===
type:<class 'newspaper.article.ArticleException'>
args:("Article `download()` failed with HTTPSConnectionPool(host='www.washingtonpost.com', port=443): Max retries exceeded with url: /dc-md-va/2022/03/11/virginia-youngkin-superintendents-tip-line/ (Caused by SSLError(SSLError(1, '[SSL: TLSV1_ALERT_INTERNAL_ERROR] tlsv1 alert internal error (_ssl.c:1123)'))) on URL https://www.washingtonpost.com/dc-md-va/2022/03/11/virginia-youngkin-superintendents-tip-line/",)
e自身:Article `download()` failed with HTTPSConnectionPool(host='www.washingtonpost.com', port=443): Max retries exceeded with url: /dc-md-va/2022/03/11/virginia-youngkin-superintendents-tip-line/ (Caused by SSLError(SSLError(1, '[SSL: TLSV1_ALERT_INTERNAL_ERROR] tlsv1 alert internal error (_ssl.c:1123)'))) on URL https://www.washingtonpost.com/dc-md-va/2022/03/11/virginia-youngkin-superintendents-tip-line/
=== エラー内容 ===
type:<class 'newspaper.article.ArticleException'>
args:("Article `download()` failed with HTTPSConnectionPool(host='www.washingtonpost.com', port=443): Max retries exceeded with url: /education/2022/03/11/virginia-superintendents-youngkin-harming-education/ (Caused by SSLError(SSLError(1, '[SSL: TLSV1_ALERT_INTERNAL_ERROR] tlsv1 alert internal error (_ssl.c:1123)'))) on URL https://www.washingtonpost.com/education/2022/03/11/virginia-superintendents-youngkin-harming-education/",)
e自身:Article `download()` failed with HTTPSConnectionPool(host='www.washingtonpost.com', port=443): Max retries exceeded with url: /education/2022/03/11/virginia-superintendents-youngkin-harming-education/ (Caused by SSLError(SSLError(1, '[SSL: TLSV1_ALERT_INTERNAL_ERROR] tlsv1 alert internal error (_ssl.c:1123)'))) on URL https://www.washingtonpost.com/education/2022/03/11/virginia-superintendents-youngkin-harming-education/
=== エラー内容 ===
type:<class 'newspaper.article.ArticleException'>
args:("Article `download()` failed with HTTPSConnectionPool(host='www.foxbusiness.com', port=443): Max retries exceeded with url: /politics/manchin-chief-energy-regulator-pipeline-permits-do-damn-job (Caused by SSLError(SSLError(1, '[SSL: TLSV1_ALERT_INTERNAL_ERROR] tlsv1 alert internal error (_ssl.c:1123)'))) on URL https://www.foxbusiness.com/politics/manchin-chief-energy-regulator-pipeline-permits-do-damn-job",)
e自身:Article `download()` failed with HTTPSConnectionPool(host='www.foxbusiness.com', port=443): Max retries exceeded with url: /politics/manchin-chief-energy-regulator-pipeline-permits-do-damn-job (Caused by SSLError(SSLError(1, '[SSL: TLSV1_ALERT_INTERNAL_ERROR] tlsv1 alert internal error (_ssl.c:1123)'))) on URL https://www.foxbusiness.com/politics/manchin-chief-energy-regulator-pipeline-permits-do-damn-job
=== エラー内容 ===
type:<class 'newspaper.article.ArticleException'>
args:("Article `download()` failed with HTTPSConnectionPool(host='www.foxbusiness.com', port=443): Max retries exceeded with url: /economy/psaki-pressed-temporary-inflation-how-long (Caused by SSLError(SSLError(1, '[SSL: TLSV1_ALERT_INTERNAL_ERROR] tlsv1 alert internal error (_ssl.c:1123)'))) on URL https://www.foxbusiness.com/economy/psaki-pressed-temporary-inflation-how-long",)
e自身:Article `download()` failed with HTTPSConnectionPool(host='www.foxbusiness.com', port=443): Max retries exceeded with url: /economy/psaki-pressed-temporary-inflation-how-long (Caused by SSLError(SSLError(1, '[SSL: TLSV1_ALERT_INTERNAL_ERROR] tlsv1 alert internal error (_ssl.c:1123)'))) on URL https://www.foxbusiness.com/economy/psaki-pressed-temporary-inflation-how-long
=== エラー内容 ===
type:<class 'newspaper.article.ArticleException'>
args:("Article `download()` failed with HTTPSConnectionPool(host='www.foxbusiness.com', port=443): Max retries exceeded with url: /economy/florida-spring-break-staffing-shortages (Caused by SSLError(SSLError(1, '[SSL: TLSV1_ALERT_INTERNAL_ERROR] tlsv1 alert internal error (_ssl.c:1123)'))) on URL https://www.foxbusiness.com/economy/florida-spring-break-staffing-shortages",)
e自身:Article `download()` failed with HTTPSConnectionPool(host='www.foxbusiness.com', port=443): Max retries exceeded with url: /economy/florida-spring-break-staffing-shortages (Caused by SSLError(SSLError(1, '[SSL: TLSV1_ALERT_INTERNAL_ERROR] tlsv1 alert internal error (_ssl.c:1123)'))) on URL https://www.foxbusiness.com/economy/florida-spring-break-staffing-shortages
=== エラー内容 ===
type:<class 'newspaper.article.ArticleException'>
args:("Article `download()` failed with HTTPSConnectionPool(host='www.cnbc.com', port=443): Max retries exceeded with url: /2022/03/10/stock-market-futures-open-to-close-news.html (Caused by SSLError(SSLError(1, '[SSL: TLSV1_ALERT_INTERNAL_ERROR] tlsv1 alert internal error (_ssl.c:1123)'))) on URL https://www.cnbc.com/2022/03/10/stock-market-futures-open-to-close-news.html",)
e自身:Article `download()` failed with HTTPSConnectionPool(host='www.cnbc.com', port=443): Max retries exceeded with url: /2022/03/10/stock-market-futures-open-to-close-news.html (Caused by SSLError(SSLError(1, '[SSL: TLSV1_ALERT_INTERNAL_ERROR] tlsv1 alert internal error (_ssl.c:1123)'))) on URL https://www.cnbc.com/2022/03/10/stock-market-futures-open-to-close-news.html
=== エラー内容 ===
type:<class 'newspaper.article.ArticleException'>
args:("Article `download()` failed with HTTPSConnectionPool(host='www.cnbc.com', port=443): Max retries exceeded with url: /2022/03/12/warren-buffett-is-still-buying-occidental-petroleum-adding-shares-worth-1point5-billion.html (Caused by SSLError(SSLError(1, '[SSL: TLSV1_ALERT_INTERNAL_ERROR] tlsv1 alert internal error (_ssl.c:1123)'))) on URL https://www.cnbc.com/2022/03/12/warren-buffett-is-still-buying-occidental-petroleum-adding-shares-worth-1point5-billion.html",)
e自身:Article `download()` failed with HTTPSConnectionPool(host='www.cnbc.com', port=443): Max retries exceeded with url: /2022/03/12/warren-buffett-is-still-buying-occidental-petroleum-adding-shares-worth-1point5-billion.html (Caused by SSLError(SSLError(1, '[SSL: TLSV1_ALERT_INTERNAL_ERROR] tlsv1 alert internal error (_ssl.c:1123)'))) on URL https://www.cnbc.com/2022/03/12/warren-buffett-is-still-buying-occidental-petroleum-adding-shares-worth-1point5-billion.html
=== エラー内容 ===
type:<class 'newspaper.article.ArticleException'>
args:("Article `download()` failed with HTTPSConnectionPool(host='www.cnbc.com', port=443): Max retries exceeded with url: /2022/03/12/russia-ukraine-live-updates.html (Caused by SSLError(SSLError(1, '[SSL: TLSV1_ALERT_INTERNAL_ERROR] tlsv1 alert internal error (_ssl.c:1123)'))) on URL https://www.cnbc.com/2022/03/12/russia-ukraine-live-updates.html",)
e自身:Article `download()` failed with HTTPSConnectionPool(host='www.cnbc.com', port=443): Max retries exceeded with url: /2022/03/12/russia-ukraine-live-updates.html (Caused by SSLError(SSLError(1, '[SSL: TLSV1_ALERT_INTERNAL_ERROR] tlsv1 alert internal error (_ssl.c:1123)'))) on URL https://www.cnbc.com/2022/03/12/russia-ukraine-live-updates.html
=== エラー内容 ===
type:<class 'newspaper.article.ArticleException'>
args:("Article `download()` failed with HTTPSConnectionPool(host='www.cnbc.com', port=443): Max retries exceeded with url: /2022/03/04/russias-ukraine-conflict-big-inflation-report-will-keep-the-stock-market-volatile-in-coming-week-.html (Caused by SSLError(SSLError(1, '[SSL: TLSV1_ALERT_INTERNAL_ERROR] tlsv1 alert internal error (_ssl.c:1123)'))) on URL https://www.cnbc.com/2022/03/04/russias-ukraine-conflict-big-inflation-report-will-keep-the-stock-market-volatile-in-coming-week-.html",)
e自身:Article `download()` failed with HTTPSConnectionPool(host='www.cnbc.com', port=443): Max retries exceeded with url: /2022/03/04/russias-ukraine-conflict-big-inflation-report-will-keep-the-stock-market-volatile-in-coming-week-.html (Caused by SSLError(SSLError(1, '[SSL: TLSV1_ALERT_INTERNAL_ERROR] tlsv1 alert internal error (_ssl.c:1123)'))) on URL https://www.cnbc.com/2022/03/04/russias-ukraine-conflict-big-inflation-report-will-keep-the-stock-market-volatile-in-coming-week-.html
=== エラー内容 ===
type:<class 'newspaper.article.ArticleException'>
args:("Article `download()` failed with HTTPSConnectionPool(host='www.cnbc.com', port=443): Max retries exceeded with url: /2022/03/11/didi-44percent-stock-plunge-leaves-softbank-and-uber-with-weak-returns.html (Caused by SSLError(SSLError(1, '[SSL: TLSV1_ALERT_INTERNAL_ERROR] tlsv1 alert internal error (_ssl.c:1123)'))) on URL https://www.cnbc.com/2022/03/11/didi-44percent-stock-plunge-leaves-softbank-and-uber-with-weak-returns.html",)
e自身:Article `download()` failed with HTTPSConnectionPool(host='www.cnbc.com', port=443): Max retries exceeded with url: /2022/03/11/didi-44percent-stock-plunge-leaves-softbank-and-uber-with-weak-returns.html (Caused by SSLError(SSLError(1, '[SSL: TLSV1_ALERT_INTERNAL_ERROR] tlsv1 alert internal error (_ssl.c:1123)'))) on URL https://www.cnbc.com/2022/03/11/didi-44percent-stock-plunge-leaves-softbank-and-uber-with-weak-returns.html
=== エラー内容 ===
type:<class 'newspaper.article.ArticleException'>
args:("Article `download()` failed with HTTPSConnectionPool(host='www.cnbc.com', port=443): Max retries exceeded with url: /2022/03/12/warren-buffett-is-still-buying-occidental-petroleum-adding-shares-worth-1point5-billion.html (Caused by SSLError(SSLError(1, '[SSL: TLSV1_ALERT_INTERNAL_ERROR] tlsv1 alert internal error (_ssl.c:1123)'))) on URL https://www.cnbc.com/2022/03/12/warren-buffett-is-still-buying-occidental-petroleum-adding-shares-worth-1point5-billion.html",)
e自身:Article `download()` failed with HTTPSConnectionPool(host='www.cnbc.com', port=443): Max retries exceeded with url: /2022/03/12/warren-buffett-is-still-buying-occidental-petroleum-adding-shares-worth-1point5-billion.html (Caused by SSLError(SSLError(1, '[SSL: TLSV1_ALERT_INTERNAL_ERROR] tlsv1 alert internal error (_ssl.c:1123)'))) on URL https://www.cnbc.com/2022/03/12/warren-buffett-is-still-buying-occidental-petroleum-adding-shares-worth-1point5-billion.html
=== エラー内容 ===
type:<class 'newspaper.article.ArticleException'>
args:("Article `download()` failed with HTTPSConnectionPool(host='www.cnbc.com', port=443): Max retries exceeded with url: /2022/03/10/stock-market-futures-open-to-close-news.html (Caused by SSLError(SSLError(1, '[SSL: TLSV1_ALERT_INTERNAL_ERROR] tlsv1 alert internal error (_ssl.c:1123)'))) on URL https://www.cnbc.com/2022/03/10/stock-market-futures-open-to-close-news.html",)
e自身:Article `download()` failed with HTTPSConnectionPool(host='www.cnbc.com', port=443): Max retries exceeded with url: /2022/03/10/stock-market-futures-open-to-close-news.html (Caused by SSLError(SSLError(1, '[SSL: TLSV1_ALERT_INTERNAL_ERROR] tlsv1 alert internal error (_ssl.c:1123)'))) on URL https://www.cnbc.com/2022/03/10/stock-market-futures-open-to-close-news.html
=== エラー内容 ===
type:<class 'newspaper.article.ArticleException'>
args:("Article `download()` failed with HTTPSConnectionPool(host='www.cnbc.com', port=443): Max retries exceeded with url: /2022/03/11/didi-44percent-stock-plunge-leaves-softbank-and-uber-with-weak-returns.html (Caused by SSLError(SSLError(1, '[SSL: TLSV1_ALERT_INTERNAL_ERROR] tlsv1 alert internal error (_ssl.c:1123)'))) on URL https://www.cnbc.com/2022/03/11/didi-44percent-stock-plunge-leaves-softbank-and-uber-with-weak-returns.html",)
e自身:Article `download()` failed with HTTPSConnectionPool(host='www.cnbc.com', port=443): Max retries exceeded with url: /2022/03/11/didi-44percent-stock-plunge-leaves-softbank-and-uber-with-weak-returns.html (Caused by SSLError(SSLError(1, '[SSL: TLSV1_ALERT_INTERNAL_ERROR] tlsv1 alert internal error (_ssl.c:1123)'))) on URL https://www.cnbc.com/2022/03/11/didi-44percent-stock-plunge-leaves-softbank-and-uber-with-weak-returns.html
=== エラー内容 ===
type:<class 'newspaper.article.ArticleException'>
args:("Article `download()` failed with HTTPSConnectionPool(host='www.cnbc.com', port=443): Max retries exceeded with url: /2022/03/10/stock-market-futures-open-to-close-news.html (Caused by SSLError(SSLError(1, '[SSL: TLSV1_ALERT_INTERNAL_ERROR] tlsv1 alert internal error (_ssl.c:1123)'))) on URL https://www.cnbc.com/2022/03/10/stock-market-futures-open-to-close-news.html",)
e自身:Article `download()` failed with HTTPSConnectionPool(host='www.cnbc.com', port=443): Max retries exceeded with url: /2022/03/10/stock-market-futures-open-to-close-news.html (Caused by SSLError(SSLError(1, '[SSL: TLSV1_ALERT_INTERNAL_ERROR] tlsv1 alert internal error (_ssl.c:1123)'))) on URL https://www.cnbc.com/2022/03/10/stock-market-futures-open-to-close-news.html
=== エラー内容 ===
type:<class 'newspaper.article.ArticleException'>
args:("Article `download()` failed with HTTPSConnectionPool(host='www.foxbusiness.com', port=443): Read timed out. (read timeout=7) on URL https://www.foxbusiness.com/markets/stock-futures-3-10-2022",)
e自身:Article `download()` failed with HTTPSConnectionPool(host='www.foxbusiness.com', port=443): Read timed out. (read timeout=7) on URL https://www.foxbusiness.com/markets/stock-futures-3-10-2022
=== エラー内容 ===
type:<class 'newspaper.article.ArticleException'>
args:("Article `download()` failed with HTTPSConnectionPool(host='www.foxbusiness.com', port=443): Read timed out. (read timeout=7) on URL https://www.foxbusiness.com/markets/disney-accused-shareholder-complicity-china-genocide",)
e自身:Article `download()` failed with HTTPSConnectionPool(host='www.foxbusiness.com', port=443): Read timed out. (read timeout=7) on URL https://www.foxbusiness.com/markets/disney-accused-shareholder-complicity-china-genocide
=== エラー内容 ===
type:<class 'newspaper.article.ArticleException'>
args:("Article `download()` failed with HTTPSConnectionPool(host='www.foxbusiness.com', port=443): Read timed out. (read timeout=7) on URL https://www.foxbusiness.com/markets/stock-futures-3-10-2022",)
e自身:Article `download()` failed with HTTPSConnectionPool(host='www.foxbusiness.com', port=443): Read timed out. (read timeout=7) on URL https://www.foxbusiness.com/markets/stock-futures-3-10-2022
=== エラー内容 ===
type:<class 'newspaper.article.ArticleException'>
args:("Article `download()` failed with HTTPSConnectionPool(host='www.foxbusiness.com', port=443): Read timed out. (read timeout=7) on URL https://www.foxbusiness.com/lifestyle/fda-philips-breathing-machine-recall",)
e自身:Article `download()` failed with HTTPSConnectionPool(host='www.foxbusiness.com', port=443): Read timed out. (read timeout=7) on URL https://www.foxbusiness.com/lifestyle/fda-philips-breathing-machine-recall
=== エラー内容 ===
type:<class 'newspaper.article.ArticleException'>
args:("Article `download()` failed with HTTPSConnectionPool(host='www.cnbc.com', port=443): Max retries exceeded with url: /2022/03/11/insana-russias-ukraine-invasion-is-a-turning-point-for-investors-as-the-world-changes.html (Caused by SSLError(SSLError(1, '[SSL: TLSV1_ALERT_INTERNAL_ERROR] tlsv1 alert internal error (_ssl.c:1123)'))) on URL https://www.cnbc.com/2022/03/11/insana-russias-ukraine-invasion-is-a-turning-point-for-investors-as-the-world-changes.html",)
e自身:Article `download()` failed with HTTPSConnectionPool(host='www.cnbc.com', port=443): Max retries exceeded with url: /2022/03/11/insana-russias-ukraine-invasion-is-a-turning-point-for-investors-as-the-world-changes.html (Caused by SSLError(SSLError(1, '[SSL: TLSV1_ALERT_INTERNAL_ERROR] tlsv1 alert internal error (_ssl.c:1123)'))) on URL https://www.cnbc.com/2022/03/11/insana-russias-ukraine-invasion-is-a-turning-point-for-investors-as-the-world-changes.html
=== エラー内容 ===
type:<class 'newspaper.article.ArticleException'>
args:("Article `download()` failed with HTTPSConnectionPool(host='www.cnbc.com', port=443): Max retries exceeded with url: /select/dual-income-no-kids-financial-moves-to-make/ (Caused by SSLError(SSLError(1, '[SSL: TLSV1_ALERT_INTERNAL_ERROR] tlsv1 alert internal error (_ssl.c:1123)'))) on URL https://www.cnbc.com/select/dual-income-no-kids-financial-moves-to-make/",)
e自身:Article `download()` failed with HTTPSConnectionPool(host='www.cnbc.com', port=443): Max retries exceeded with url: /select/dual-income-no-kids-financial-moves-to-make/ (Caused by SSLError(SSLError(1, '[SSL: TLSV1_ALERT_INTERNAL_ERROR] tlsv1 alert internal error (_ssl.c:1123)'))) on URL https://www.cnbc.com/select/dual-income-no-kids-financial-moves-to-make/
=== エラー内容 ===
type:<class 'newspaper.article.ArticleException'>
args:("Article `download()` failed with HTTPSConnectionPool(host='www.cnbc.com', port=443): Max retries exceeded with url: /2022/03/11/insana-russias-ukraine-invasion-is-a-turning-point-for-investors-as-the-world-changes.html (Caused by SSLError(SSLError(1, '[SSL: TLSV1_ALERT_INTERNAL_ERROR] tlsv1 alert internal error (_ssl.c:1123)'))) on URL https://www.cnbc.com/2022/03/11/insana-russias-ukraine-invasion-is-a-turning-point-for-investors-as-the-world-changes.html",)
e自身:Article `download()` failed with HTTPSConnectionPool(host='www.cnbc.com', port=443): Max retries exceeded with url: /2022/03/11/insana-russias-ukraine-invasion-is-a-turning-point-for-investors-as-the-world-changes.html (Caused by SSLError(SSLError(1, '[SSL: TLSV1_ALERT_INTERNAL_ERROR] tlsv1 alert internal error (_ssl.c:1123)'))) on URL https://www.cnbc.com/2022/03/11/insana-russias-ukraine-invasion-is-a-turning-point-for-investors-as-the-world-changes.html
=== エラー内容 ===
type:<class 'newspaper.article.ArticleException'>
args:("Article `download()` failed with HTTPSConnectionPool(host='www.cnbc.com', port=443): Max retries exceeded with url: /2022/03/11/didi-44percent-stock-plunge-leaves-softbank-and-uber-with-weak-returns.html (Caused by SSLError(SSLError(1, '[SSL: TLSV1_ALERT_INTERNAL_ERROR] tlsv1 alert internal error (_ssl.c:1123)'))) on URL https://www.cnbc.com/2022/03/11/didi-44percent-stock-plunge-leaves-softbank-and-uber-with-weak-returns.html",)
e自身:Article `download()` failed with HTTPSConnectionPool(host='www.cnbc.com', port=443): Max retries exceeded with url: /2022/03/11/didi-44percent-stock-plunge-leaves-softbank-and-uber-with-weak-returns.html (Caused by SSLError(SSLError(1, '[SSL: TLSV1_ALERT_INTERNAL_ERROR] tlsv1 alert internal error (_ssl.c:1123)'))) on URL https://www.cnbc.com/2022/03/11/didi-44percent-stock-plunge-leaves-softbank-and-uber-with-weak-returns.html
=== エラー内容 ===
type:<class 'newspaper.article.ArticleException'>
args:("Article `download()` failed with HTTPSConnectionPool(host='www.cnbc.com', port=443): Max retries exceeded with url: /select/dual-income-no-kids-financial-moves-to-make/ (Caused by SSLError(SSLError(1, '[SSL: TLSV1_ALERT_INTERNAL_ERROR] tlsv1 alert internal error (_ssl.c:1123)'))) on URL https://www.cnbc.com/select/dual-income-no-kids-financial-moves-to-make/",)
e自身:Article `download()` failed with HTTPSConnectionPool(host='www.cnbc.com', port=443): Max retries exceeded with url: /select/dual-income-no-kids-financial-moves-to-make/ (Caused by SSLError(SSLError(1, '[SSL: TLSV1_ALERT_INTERNAL_ERROR] tlsv1 alert internal error (_ssl.c:1123)'))) on URL https://www.cnbc.com/select/dual-income-no-kids-financial-moves-to-make/
=== エラー内容 ===
type:<class 'newspaper.article.ArticleException'>
args:("Article `download()` failed with HTTPSConnectionPool(host='www.cnbc.com', port=443): Max retries exceeded with url: /2022/03/12/ford-to-address-dealer-concerns-about-separating-its-ev-and-legacy-businesses.html (Caused by SSLError(SSLError(1, '[SSL: TLSV1_ALERT_INTERNAL_ERROR] tlsv1 alert internal error (_ssl.c:1123)'))) on URL https://www.cnbc.com/2022/03/12/ford-to-address-dealer-concerns-about-separating-its-ev-and-legacy-businesses.html",)
e自身:Article `download()` failed with HTTPSConnectionPool(host='www.cnbc.com', port=443): Max retries exceeded with url: /2022/03/12/ford-to-address-dealer-concerns-about-separating-its-ev-and-legacy-businesses.html (Caused by SSLError(SSLError(1, '[SSL: TLSV1_ALERT_INTERNAL_ERROR] tlsv1 alert internal error (_ssl.c:1123)'))) on URL https://www.cnbc.com/2022/03/12/ford-to-address-dealer-concerns-about-separating-its-ev-and-legacy-businesses.html
=== エラー内容 ===
type:<class 'newspaper.article.ArticleException'>
args:("Article `download()` failed with HTTPSConnectionPool(host='www.foxbusiness.com', port=443): Read timed out. (read timeout=7) on URL https://www.foxbusiness.com/economy/florida-spring-break-staffing-shortages",)
e自身:Article `download()` failed with HTTPSConnectionPool(host='www.foxbusiness.com', port=443): Read timed out. (read timeout=7) on URL https://www.foxbusiness.com/economy/florida-spring-break-staffing-shortages
=== エラー内容 ===
type:<class 'newspaper.article.ArticleException'>
args:("Article `download()` failed with HTTPSConnectionPool(host='www.foxbusiness.com', port=443): Read timed out. (read timeout=7) on URL https://www.foxbusiness.com/politics/biden-pelosi-democrats-spending-inflation",)
e自身:Article `download()` failed with HTTPSConnectionPool(host='www.foxbusiness.com', port=443): Read timed out. (read timeout=7) on URL https://www.foxbusiness.com/politics/biden-pelosi-democrats-spending-inflation
=== エラー内容 ===
type:<class 'newspaper.article.ArticleException'>
args:("Article `download()` failed with HTTPSConnectionPool(host='www.foxbusiness.com', port=443): Max retries exceeded with url: /politics/daines-biden-democrats-russian-oil-ban-green-new-deal (Caused by SSLError(SSLError(1, '[SSL: TLSV1_ALERT_INTERNAL_ERROR] tlsv1 alert internal error (_ssl.c:1123)'))) on URL https://www.foxbusiness.com/politics/daines-biden-democrats-russian-oil-ban-green-new-deal",)
e自身:Article `download()` failed with HTTPSConnectionPool(host='www.foxbusiness.com', port=443): Max retries exceeded with url: /politics/daines-biden-democrats-russian-oil-ban-green-new-deal (Caused by SSLError(SSLError(1, '[SSL: TLSV1_ALERT_INTERNAL_ERROR] tlsv1 alert internal error (_ssl.c:1123)'))) on URL https://www.foxbusiness.com/politics/daines-biden-democrats-russian-oil-ban-green-new-deal
=== エラー内容 ===
type:<class 'newspaper.article.ArticleException'>
args:("Article `download()` failed with HTTPSConnectionPool(host='www.foxbusiness.com', port=443): Max retries exceeded with url: /economy/psaki-pressed-temporary-inflation-how-long (Caused by SSLError(SSLError(1, '[SSL: TLSV1_ALERT_INTERNAL_ERROR] tlsv1 alert internal error (_ssl.c:1123)'))) on URL https://www.foxbusiness.com/economy/psaki-pressed-temporary-inflation-how-long",)
e自身:Article `download()` failed with HTTPSConnectionPool(host='www.foxbusiness.com', port=443): Max retries exceeded with url: /economy/psaki-pressed-temporary-inflation-how-long (Caused by SSLError(SSLError(1, '[SSL: TLSV1_ALERT_INTERNAL_ERROR] tlsv1 alert internal error (_ssl.c:1123)'))) on URL https://www.foxbusiness.com/economy/psaki-pressed-temporary-inflation-how-long
=== エラー内容 ===
type:<class 'newspaper.article.ArticleException'>
args:("Article `download()` failed with HTTPSConnectionPool(host='www.foxbusiness.com', port=443): Max retries exceeded with url: /markets/disney-accused-shareholder-complicity-china-genocide (Caused by SSLError(SSLError(1, '[SSL: TLSV1_ALERT_INTERNAL_ERROR] tlsv1 alert internal error (_ssl.c:1123)'))) on URL https://www.foxbusiness.com/markets/disney-accused-shareholder-complicity-china-genocide",)
e自身:Article `download()` failed with HTTPSConnectionPool(host='www.foxbusiness.com', port=443): Max retries exceeded with url: /markets/disney-accused-shareholder-complicity-china-genocide (Caused by SSLError(SSLError(1, '[SSL: TLSV1_ALERT_INTERNAL_ERROR] tlsv1 alert internal error (_ssl.c:1123)'))) on URL https://www.foxbusiness.com/markets/disney-accused-shareholder-complicity-china-genocide
=== エラー内容 ===
type:<class 'newspaper.article.ArticleException'>
args:("Article `download()` failed with HTTPSConnectionPool(host='www.foxbusiness.com', port=443): Max retries exceeded with url: /politics/biden-pelosi-democrats-spending-inflation (Caused by SSLError(SSLError(1, '[SSL: TLSV1_ALERT_INTERNAL_ERROR] tlsv1 alert internal error (_ssl.c:1123)'))) on URL https://www.foxbusiness.com/politics/biden-pelosi-democrats-spending-inflation",)
e自身:Article `download()` failed with HTTPSConnectionPool(host='www.foxbusiness.com', port=443): Max retries exceeded with url: /politics/biden-pelosi-democrats-spending-inflation (Caused by SSLError(SSLError(1, '[SSL: TLSV1_ALERT_INTERNAL_ERROR] tlsv1 alert internal error (_ssl.c:1123)'))) on URL https://www.foxbusiness.com/politics/biden-pelosi-democrats-spending-inflation
=== エラー内容 ===
type:<class 'newspaper.article.ArticleException'>
args:("Article `download()` failed with HTTPSConnectionPool(host='www.foxbusiness.com', port=443): Max retries exceeded with url: /lifestyle/fda-philips-breathing-machine-recall (Caused by SSLError(SSLError(1, '[SSL: TLSV1_ALERT_INTERNAL_ERROR] tlsv1 alert internal error (_ssl.c:1123)'))) on URL https://www.foxbusiness.com/lifestyle/fda-philips-breathing-machine-recall",)
e自身:Article `download()` failed with HTTPSConnectionPool(host='www.foxbusiness.com', port=443): Max retries exceeded with url: /lifestyle/fda-philips-breathing-machine-recall (Caused by SSLError(SSLError(1, '[SSL: TLSV1_ALERT_INTERNAL_ERROR] tlsv1 alert internal error (_ssl.c:1123)'))) on URL https://www.foxbusiness.com/lifestyle/fda-philips-breathing-machine-recall
=== エラー内容 ===
type:<class 'newspaper.article.ArticleException'>
args:("Article `download()` failed with HTTPSConnectionPool(host='www.cnbc.com', port=443): Max retries exceeded with url: /2022/03/13/-russia-ukraine-live-updates.html (Caused by SSLError(SSLError(1, '[SSL: TLSV1_ALERT_INTERNAL_ERROR] tlsv1 alert internal error (_ssl.c:1123)'))) on URL https://www.cnbc.com/2022/03/13/-russia-ukraine-live-updates.html",)
e自身:Article `download()` failed with HTTPSConnectionPool(host='www.cnbc.com', port=443): Max retries exceeded with url: /2022/03/13/-russia-ukraine-live-updates.html (Caused by SSLError(SSLError(1, '[SSL: TLSV1_ALERT_INTERNAL_ERROR] tlsv1 alert internal error (_ssl.c:1123)'))) on URL https://www.cnbc.com/2022/03/13/-russia-ukraine-live-updates.html
=== エラー内容 ===
type:<class 'newspaper.article.ArticleException'>
args:("Article `download()` failed with HTTPSConnectionPool(host='www.cnbc.com', port=443): Max retries exceeded with url: /2022/03/13/no-us-military-casualties-after-attack-in-erbil-iraq-us-official.html (Caused by SSLError(SSLError(1, '[SSL: TLSV1_ALERT_INTERNAL_ERROR] tlsv1 alert internal error (_ssl.c:1123)'))) on URL https://www.cnbc.com/2022/03/13/no-us-military-casualties-after-attack-in-erbil-iraq-us-official.html",)
e自身:Article `download()` failed with HTTPSConnectionPool(host='www.cnbc.com', port=443): Max retries exceeded with url: /2022/03/13/no-us-military-casualties-after-attack-in-erbil-iraq-us-official.html (Caused by SSLError(SSLError(1, '[SSL: TLSV1_ALERT_INTERNAL_ERROR] tlsv1 alert internal error (_ssl.c:1123)'))) on URL https://www.cnbc.com/2022/03/13/no-us-military-casualties-after-attack-in-erbil-iraq-us-official.html
=== エラー内容 ===
type:<class 'newspaper.article.ArticleException'>
args:("Article `download()` failed with HTTPSConnectionPool(host='www.cnbc.com', port=443): Max retries exceeded with url: /2022/03/11/didi-44percent-stock-plunge-leaves-softbank-and-uber-with-weak-returns.html (Caused by SSLError(SSLError(1, '[SSL: TLSV1_ALERT_INTERNAL_ERROR] tlsv1 alert internal error (_ssl.c:1123)'))) on URL https://www.cnbc.com/2022/03/11/didi-44percent-stock-plunge-leaves-softbank-and-uber-with-weak-returns.html",)
e自身:Article `download()` failed with HTTPSConnectionPool(host='www.cnbc.com', port=443): Max retries exceeded with url: /2022/03/11/didi-44percent-stock-plunge-leaves-softbank-and-uber-with-weak-returns.html (Caused by SSLError(SSLError(1, '[SSL: TLSV1_ALERT_INTERNAL_ERROR] tlsv1 alert internal error (_ssl.c:1123)'))) on URL https://www.cnbc.com/2022/03/11/didi-44percent-stock-plunge-leaves-softbank-and-uber-with-weak-returns.html
=== エラー内容 ===
type:<class 'newspaper.article.ArticleException'>
args:("Article `download()` failed with HTTPSConnectionPool(host='www.foxbusiness.com', port=443): Max retries exceeded with url: /politics/daines-biden-democrats-russian-oil-ban-green-new-deal (Caused by SSLError(SSLError(1, '[SSL: TLSV1_ALERT_INTERNAL_ERROR] tlsv1 alert internal error (_ssl.c:1123)'))) on URL https://www.foxbusiness.com/politics/daines-biden-democrats-russian-oil-ban-green-new-deal",)
e自身:Article `download()` failed with HTTPSConnectionPool(host='www.foxbusiness.com', port=443): Max retries exceeded with url: /politics/daines-biden-democrats-russian-oil-ban-green-new-deal (Caused by SSLError(SSLError(1, '[SSL: TLSV1_ALERT_INTERNAL_ERROR] tlsv1 alert internal error (_ssl.c:1123)'))) on URL https://www.foxbusiness.com/politics/daines-biden-democrats-russian-oil-ban-green-new-deal
=== エラー内容 ===
type:<class 'newspaper.article.ArticleException'>
args:("Article `download()` failed with HTTPSConnectionPool(host='www.foxbusiness.com', port=443): Max retries exceeded with url: /politics/manchin-chief-energy-regulator-pipeline-permits-do-damn-job (Caused by SSLError(SSLError(1, '[SSL: TLSV1_ALERT_INTERNAL_ERROR] tlsv1 alert internal error (_ssl.c:1123)'))) on URL https://www.foxbusiness.com/politics/manchin-chief-energy-regulator-pipeline-permits-do-damn-job",)
e自身:Article `download()` failed with HTTPSConnectionPool(host='www.foxbusiness.com', port=443): Max retries exceeded with url: /politics/manchin-chief-energy-regulator-pipeline-permits-do-damn-job (Caused by SSLError(SSLError(1, '[SSL: TLSV1_ALERT_INTERNAL_ERROR] tlsv1 alert internal error (_ssl.c:1123)'))) on URL https://www.foxbusiness.com/politics/manchin-chief-energy-regulator-pipeline-permits-do-damn-job
=== エラー内容 ===
type:<class 'newspaper.article.ArticleException'>
args:('Article `download()` failed with 503 Server Error: Service Unavailable for url: https://www.foxbusiness.com/lifestyle/rare-steve-jobs-memorabilia-auction on URL https://www.foxbusiness.com/lifestyle/rare-steve-jobs-memorabilia-auction',)
e自身:Article `download()` failed with 503 Server Error: Service Unavailable for url: https://www.foxbusiness.com/lifestyle/rare-steve-jobs-memorabilia-auction on URL https://www.foxbusiness.com/lifestyle/rare-steve-jobs-memorabilia-auction
=== エラー内容 ===
type:<class 'newspaper.article.ArticleException'>
args:("Article `download()` failed with HTTPSConnectionPool(host='www.foxbusiness.com', port=443): Max retries exceeded with url: /markets/disney-accused-shareholder-complicity-china-genocide (Caused by SSLError(SSLError(1, '[SSL: TLSV1_ALERT_INTERNAL_ERROR] tlsv1 alert internal error (_ssl.c:1123)'))) on URL https://www.foxbusiness.com/markets/disney-accused-shareholder-complicity-china-genocide",)
e自身:Article `download()` failed with HTTPSConnectionPool(host='www.foxbusiness.com', port=443): Max retries exceeded with url: /markets/disney-accused-shareholder-complicity-china-genocide (Caused by SSLError(SSLError(1, '[SSL: TLSV1_ALERT_INTERNAL_ERROR] tlsv1 alert internal error (_ssl.c:1123)'))) on URL https://www.foxbusiness.com/markets/disney-accused-shareholder-complicity-china-genocide
=== エラー内容 ===
type:<class 'newspaper.article.ArticleException'>
args:("Article `download()` failed with HTTPSConnectionPool(host='www.foxbusiness.com', port=443): Max retries exceeded with url: /markets/stock-futures-3-10-2022 (Caused by SSLError(SSLError(1, '[SSL: TLSV1_ALERT_INTERNAL_ERROR] tlsv1 alert internal error (_ssl.c:1123)'))) on URL https://www.foxbusiness.com/markets/stock-futures-3-10-2022",)
e自身:Article `download()` failed with HTTPSConnectionPool(host='www.foxbusiness.com', port=443): Max retries exceeded with url: /markets/stock-futures-3-10-2022 (Caused by SSLError(SSLError(1, '[SSL: TLSV1_ALERT_INTERNAL_ERROR] tlsv1 alert internal error (_ssl.c:1123)'))) on URL https://www.foxbusiness.com/markets/stock-futures-3-10-2022
=== エラー内容 ===
type:<class 'newspaper.article.ArticleException'>
args:("Article `download()` failed with HTTPSConnectionPool(host='www.foxbusiness.com', port=443): Max retries exceeded with url: /lifestyle/rare-steve-jobs-memorabilia-auction (Caused by SSLError(SSLError(1, '[SSL: TLSV1_ALERT_INTERNAL_ERROR] tlsv1 alert internal error (_ssl.c:1123)'))) on URL https://www.foxbusiness.com/lifestyle/rare-steve-jobs-memorabilia-auction",)
e自身:Article `download()` failed with HTTPSConnectionPool(host='www.foxbusiness.com', port=443): Max retries exceeded with url: /lifestyle/rare-steve-jobs-memorabilia-auction (Caused by SSLError(SSLError(1, '[SSL: TLSV1_ALERT_INTERNAL_ERROR] tlsv1 alert internal error (_ssl.c:1123)'))) on URL https://www.foxbusiness.com/lifestyle/rare-steve-jobs-memorabilia-auction
=== エラー内容 ===
type:<class 'newspaper.article.ArticleException'>
args:("Article `download()` failed with HTTPSConnectionPool(host='www.foxbusiness.com', port=443): Max retries exceeded with url: /economy/florida-spring-break-staffing-shortages (Caused by SSLError(SSLError(1, '[SSL: TLSV1_ALERT_INTERNAL_ERROR] tlsv1 alert internal error (_ssl.c:1123)'))) on URL https://www.foxbusiness.com/economy/florida-spring-break-staffing-shortages",)
e自身:Article `download()` failed with HTTPSConnectionPool(host='www.foxbusiness.com', port=443): Max retries exceeded with url: /economy/florida-spring-break-staffing-shortages (Caused by SSLError(SSLError(1, '[SSL: TLSV1_ALERT_INTERNAL_ERROR] tlsv1 alert internal error (_ssl.c:1123)'))) on URL https://www.foxbusiness.com/economy/florida-spring-break-staffing-shortages
=== エラー内容 ===
type:<class 'newspaper.article.ArticleException'>
args:("Article `download()` failed with HTTPSConnectionPool(host='www.foxbusiness.com', port=443): Max retries exceeded with url: /politics/how-do-oil-and-gas-leases-work (Caused by SSLError(SSLError(1, '[SSL: TLSV1_ALERT_INTERNAL_ERROR] tlsv1 alert internal error (_ssl.c:1123)'))) on URL https://www.foxbusiness.com/politics/how-do-oil-and-gas-leases-work",)
e自身:Article `download()` failed with HTTPSConnectionPool(host='www.foxbusiness.com', port=443): Max retries exceeded with url: /politics/how-do-oil-and-gas-leases-work (Caused by SSLError(SSLError(1, '[SSL: TLSV1_ALERT_INTERNAL_ERROR] tlsv1 alert internal error (_ssl.c:1123)'))) on URL https://www.foxbusiness.com/politics/how-do-oil-and-gas-leases-work
=== エラー内容 ===
type:<class 'newspaper.article.ArticleException'>
args:("Article `download()` failed with HTTPSConnectionPool(host='www.washingtonpost.com', port=443): Max retries exceeded with url: /world/2022/03/12/russia-putin-google-apple-navalny/ (Caused by SSLError(SSLError(1, '[SSL: TLSV1_ALERT_INTERNAL_ERROR] tlsv1 alert internal error (_ssl.c:1123)'))) on URL https://www.washingtonpost.com/world/2022/03/12/russia-putin-google-apple-navalny/",)
e自身:Article `download()` failed with HTTPSConnectionPool(host='www.washingtonpost.com', port=443): Max retries exceeded with url: /world/2022/03/12/russia-putin-google-apple-navalny/ (Caused by SSLError(SSLError(1, '[SSL: TLSV1_ALERT_INTERNAL_ERROR] tlsv1 alert internal error (_ssl.c:1123)'))) on URL https://www.washingtonpost.com/world/2022/03/12/russia-putin-google-apple-navalny/
=== エラー内容 ===
type:<class 'newspaper.article.ArticleException'>
args:("Article `download()` failed with HTTPSConnectionPool(host='www.washingtonpost.com', port=443): Max retries exceeded with url: /world/2022/03/12/ukraine-melitopol-mayor-fedorov-abducted-zelensky/ (Caused by SSLError(SSLError(1, '[SSL: TLSV1_ALERT_INTERNAL_ERROR] tlsv1 alert internal error (_ssl.c:1123)'))) on URL https://www.washingtonpost.com/world/2022/03/12/ukraine-melitopol-mayor-fedorov-abducted-zelensky/",)
e自身:Article `download()` failed with HTTPSConnectionPool(host='www.washingtonpost.com', port=443): Max retries exceeded with url: /world/2022/03/12/ukraine-melitopol-mayor-fedorov-abducted-zelensky/ (Caused by SSLError(SSLError(1, '[SSL: TLSV1_ALERT_INTERNAL_ERROR] tlsv1 alert internal error (_ssl.c:1123)'))) on URL https://www.washingtonpost.com/world/2022/03/12/ukraine-melitopol-mayor-fedorov-abducted-zelensky/
=== エラー内容 ===
type:<class 'newspaper.article.ArticleException'>
args:("Article `download()` failed with HTTPSConnectionPool(host='www.foxbusiness.com', port=443): Read timed out. (read timeout=7) on URL https://www.foxbusiness.com/politics/biden-pelosi-democrats-spending-inflation",)
e自身:Article `download()` failed with HTTPSConnectionPool(host='www.foxbusiness.com', port=443): Read timed out. (read timeout=7) on URL https://www.foxbusiness.com/politics/biden-pelosi-democrats-spending-inflation
=== エラー内容 ===
type:<class 'newspaper.article.ArticleException'>
args:("Article `download()` failed with HTTPSConnectionPool(host='www.foxbusiness.com', port=443): Read timed out. (read timeout=7) on URL https://www.foxbusiness.com/politics/russia-ukraine-gas-prices-4-gallon-2008",)
e自身:Article `download()` failed with HTTPSConnectionPool(host='www.foxbusiness.com', port=443): Read timed out. (read timeout=7) on URL https://www.foxbusiness.com/politics/russia-ukraine-gas-prices-4-gallon-2008
=== エラー内容 ===
type:<class 'newspaper.article.ArticleException'>
args:("Article `download()` failed with HTTPSConnectionPool(host='www.washingtonpost.com', port=443): Max retries exceeded with url: /education/2022/03/11/virginia-superintendents-youngkin-harming-education/ (Caused by SSLError(SSLError(1, '[SSL: TLSV1_ALERT_INTERNAL_ERROR] tlsv1 alert internal error (_ssl.c:1123)'))) on URL https://www.washingtonpost.com/education/2022/03/11/virginia-superintendents-youngkin-harming-education/",)
e自身:Article `download()` failed with HTTPSConnectionPool(host='www.washingtonpost.com', port=443): Max retries exceeded with url: /education/2022/03/11/virginia-superintendents-youngkin-harming-education/ (Caused by SSLError(SSLError(1, '[SSL: TLSV1_ALERT_INTERNAL_ERROR] tlsv1 alert internal error (_ssl.c:1123)'))) on URL https://www.washingtonpost.com/education/2022/03/11/virginia-superintendents-youngkin-harming-education/
=== エラー内容 ===
type:<class 'newspaper.article.ArticleException'>
args:("Article `download()` failed with HTTPSConnectionPool(host='www.washingtonpost.com', port=443): Max retries exceeded with url: /business/2022/03/09/biden-crypto-executive-order/ (Caused by SSLError(SSLError(1, '[SSL: TLSV1_ALERT_INTERNAL_ERROR] tlsv1 alert internal error (_ssl.c:1123)'))) on URL https://www.washingtonpost.com/business/2022/03/09/biden-crypto-executive-order/",)
e自身:Article `download()` failed with HTTPSConnectionPool(host='www.washingtonpost.com', port=443): Max retries exceeded with url: /business/2022/03/09/biden-crypto-executive-order/ (Caused by SSLError(SSLError(1, '[SSL: TLSV1_ALERT_INTERNAL_ERROR] tlsv1 alert internal error (_ssl.c:1123)'))) on URL https://www.washingtonpost.com/business/2022/03/09/biden-crypto-executive-order/
=== エラー内容 ===
type:<class 'newspaper.article.ArticleException'>
args:("Article `download()` failed with HTTPSConnectionPool(host='www.washingtonpost.com', port=443): Max retries exceeded with url: /politics/2022/03/09/mccrory-budd-putin/ (Caused by SSLError(SSLError(1, '[SSL: TLSV1_ALERT_INTERNAL_ERROR] tlsv1 alert internal error (_ssl.c:1123)'))) on URL https://www.washingtonpost.com/politics/2022/03/09/mccrory-budd-putin/",)
e自身:Article `download()` failed with HTTPSConnectionPool(host='www.washingtonpost.com', port=443): Max retries exceeded with url: /politics/2022/03/09/mccrory-budd-putin/ (Caused by SSLError(SSLError(1, '[SSL: TLSV1_ALERT_INTERNAL_ERROR] tlsv1 alert internal error (_ssl.c:1123)'))) on URL https://www.washingtonpost.com/politics/2022/03/09/mccrory-budd-putin/
=== エラー内容 ===
type:<class 'newspaper.article.ArticleException'>
args:("Article `download()` failed with HTTPSConnectionPool(host='www.washingtonpost.com', port=443): Max retries exceeded with url: /business/2022/03/09/russia-allows-patent-theft/ (Caused by SSLError(SSLError(1, '[SSL: TLSV1_ALERT_INTERNAL_ERROR] tlsv1 alert internal error (_ssl.c:1123)'))) on URL https://www.washingtonpost.com/business/2022/03/09/russia-allows-patent-theft/",)
e自身:Article `download()` failed with HTTPSConnectionPool(host='www.washingtonpost.com', port=443): Max retries exceeded with url: /business/2022/03/09/russia-allows-patent-theft/ (Caused by SSLError(SSLError(1, '[SSL: TLSV1_ALERT_INTERNAL_ERROR] tlsv1 alert internal error (_ssl.c:1123)'))) on URL https://www.washingtonpost.com/business/2022/03/09/russia-allows-patent-theft/
=== エラー内容 ===
type:<class 'newspaper.article.ArticleException'>
args:("Article `download()` failed with HTTPSConnectionPool(host='www.cnbc.com', port=443): Max retries exceeded with url: /2022/03/13/-russia-ukraine-live-updates.html (Caused by SSLError(SSLError(1, '[SSL: TLSV1_ALERT_INTERNAL_ERROR] tlsv1 alert internal error (_ssl.c:1123)'))) on URL https://www.cnbc.com/2022/03/13/-russia-ukraine-live-updates.html",)
e自身:Article `download()` failed with HTTPSConnectionPool(host='www.cnbc.com', port=443): Max retries exceeded with url: /2022/03/13/-russia-ukraine-live-updates.html (Caused by SSLError(SSLError(1, '[SSL: TLSV1_ALERT_INTERNAL_ERROR] tlsv1 alert internal error (_ssl.c:1123)'))) on URL https://www.cnbc.com/2022/03/13/-russia-ukraine-live-updates.html
=== エラー内容 ===
type:<class 'newspaper.article.ArticleException'>
args:("Article `download()` failed with HTTPSConnectionPool(host='www.cnbc.com', port=443): Max retries exceeded with url: /2022/03/13/no-us-military-casualties-after-attack-in-erbil-iraq-us-official.html (Caused by SSLError(SSLError(1, '[SSL: TLSV1_ALERT_INTERNAL_ERROR] tlsv1 alert internal error (_ssl.c:1123)'))) on URL https://www.cnbc.com/2022/03/13/no-us-military-casualties-after-attack-in-erbil-iraq-us-official.html",)
e自身:Article `download()` failed with HTTPSConnectionPool(host='www.cnbc.com', port=443): Max retries exceeded with url: /2022/03/13/no-us-military-casualties-after-attack-in-erbil-iraq-us-official.html (Caused by SSLError(SSLError(1, '[SSL: TLSV1_ALERT_INTERNAL_ERROR] tlsv1 alert internal error (_ssl.c:1123)'))) on URL https://www.cnbc.com/2022/03/13/no-us-military-casualties-after-attack-in-erbil-iraq-us-official.html
=== エラー内容 ===
type:<class 'newspaper.article.ArticleException'>
args:("Article `download()` failed with HTTPSConnectionPool(host='www.cnbc.com', port=443): Max retries exceeded with url: /2022/03/12/russia-ukraine-live-updates.html (Caused by SSLError(SSLError(1, '[SSL: TLSV1_ALERT_INTERNAL_ERROR] tlsv1 alert internal error (_ssl.c:1123)'))) on URL https://www.cnbc.com/2022/03/12/russia-ukraine-live-updates.html",)
e自身:Article `download()` failed with HTTPSConnectionPool(host='www.cnbc.com', port=443): Max retries exceeded with url: /2022/03/12/russia-ukraine-live-updates.html (Caused by SSLError(SSLError(1, '[SSL: TLSV1_ALERT_INTERNAL_ERROR] tlsv1 alert internal error (_ssl.c:1123)'))) on URL https://www.cnbc.com/2022/03/12/russia-ukraine-live-updates.html
=== エラー内容 ===
type:<class 'newspaper.article.ArticleException'>
args:("Article `download()` failed with HTTPSConnectionPool(host='www.cnbc.com', port=443): Max retries exceeded with url: /2022/03/13/-russia-ukraine-live-updates.html (Caused by SSLError(SSLError(1, '[SSL: TLSV1_ALERT_INTERNAL_ERROR] tlsv1 alert internal error (_ssl.c:1123)'))) on URL https://www.cnbc.com/2022/03/13/-russia-ukraine-live-updates.html",)
e自身:Article `download()` failed with HTTPSConnectionPool(host='www.cnbc.com', port=443): Max retries exceeded with url: /2022/03/13/-russia-ukraine-live-updates.html (Caused by SSLError(SSLError(1, '[SSL: TLSV1_ALERT_INTERNAL_ERROR] tlsv1 alert internal error (_ssl.c:1123)'))) on URL https://www.cnbc.com/2022/03/13/-russia-ukraine-live-updates.html
=== エラー内容 ===
type:<class 'newspaper.article.ArticleException'>
args:("Article `download()` failed with HTTPSConnectionPool(host='www.foxbusiness.com', port=443): Max retries exceeded with url: /politics/manchin-chief-energy-regulator-pipeline-permits-do-damn-job (Caused by SSLError(SSLError(1, '[SSL: TLSV1_ALERT_INTERNAL_ERROR] tlsv1 alert internal error (_ssl.c:1123)'))) on URL https://www.foxbusiness.com/politics/manchin-chief-energy-regulator-pipeline-permits-do-damn-job",)
e自身:Article `download()` failed with HTTPSConnectionPool(host='www.foxbusiness.com', port=443): Max retries exceeded with url: /politics/manchin-chief-energy-regulator-pipeline-permits-do-damn-job (Caused by SSLError(SSLError(1, '[SSL: TLSV1_ALERT_INTERNAL_ERROR] tlsv1 alert internal error (_ssl.c:1123)'))) on URL https://www.foxbusiness.com/politics/manchin-chief-energy-regulator-pipeline-permits-do-damn-job
=== エラー内容 ===
type:<class 'newspaper.article.ArticleException'>
args:("Article `download()` failed with HTTPSConnectionPool(host='www.foxbusiness.com', port=443): Max retries exceeded with url: /lifestyle/rare-steve-jobs-memorabilia-auction (Caused by SSLError(SSLError(1, '[SSL: TLSV1_ALERT_INTERNAL_ERROR] tlsv1 alert internal error (_ssl.c:1123)'))) on URL https://www.foxbusiness.com/lifestyle/rare-steve-jobs-memorabilia-auction",)
e自身:Article `download()` failed with HTTPSConnectionPool(host='www.foxbusiness.com', port=443): Max retries exceeded with url: /lifestyle/rare-steve-jobs-memorabilia-auction (Caused by SSLError(SSLError(1, '[SSL: TLSV1_ALERT_INTERNAL_ERROR] tlsv1 alert internal error (_ssl.c:1123)'))) on URL https://www.foxbusiness.com/lifestyle/rare-steve-jobs-memorabilia-auction
=== エラー内容 ===
type:<class 'newspaper.article.ArticleException'>
args:("Article `download()` failed with HTTPSConnectionPool(host='www.cnbc.com', port=443): Max retries exceeded with url: /2022/03/04/russias-ukraine-conflict-big-inflation-report-will-keep-the-stock-market-volatile-in-coming-week-.html (Caused by SSLError(SSLError(1, '[SSL: TLSV1_ALERT_INTERNAL_ERROR] tlsv1 alert internal error (_ssl.c:1123)'))) on URL https://www.cnbc.com/2022/03/04/russias-ukraine-conflict-big-inflation-report-will-keep-the-stock-market-volatile-in-coming-week-.html",)
e自身:Article `download()` failed with HTTPSConnectionPool(host='www.cnbc.com', port=443): Max retries exceeded with url: /2022/03/04/russias-ukraine-conflict-big-inflation-report-will-keep-the-stock-market-volatile-in-coming-week-.html (Caused by SSLError(SSLError(1, '[SSL: TLSV1_ALERT_INTERNAL_ERROR] tlsv1 alert internal error (_ssl.c:1123)'))) on URL https://www.cnbc.com/2022/03/04/russias-ukraine-conflict-big-inflation-report-will-keep-the-stock-market-volatile-in-coming-week-.html
=== エラー内容 ===
type:<class 'newspaper.article.ArticleException'>
args:("Article `download()` failed with HTTPSConnectionPool(host='www.cnbc.com', port=443): Max retries exceeded with url: /2022/03/11/didi-44percent-stock-plunge-leaves-softbank-and-uber-with-weak-returns.html (Caused by SSLError(SSLError(1, '[SSL: TLSV1_ALERT_INTERNAL_ERROR] tlsv1 alert internal error (_ssl.c:1123)'))) on URL https://www.cnbc.com/2022/03/11/didi-44percent-stock-plunge-leaves-softbank-and-uber-with-weak-returns.html",)
e自身:Article `download()` failed with HTTPSConnectionPool(host='www.cnbc.com', port=443): Max retries exceeded with url: /2022/03/11/didi-44percent-stock-plunge-leaves-softbank-and-uber-with-weak-returns.html (Caused by SSLError(SSLError(1, '[SSL: TLSV1_ALERT_INTERNAL_ERROR] tlsv1 alert internal error (_ssl.c:1123)'))) on URL https://www.cnbc.com/2022/03/11/didi-44percent-stock-plunge-leaves-softbank-and-uber-with-weak-returns.html
=== エラー内容 ===
type:<class 'newspaper.article.ArticleException'>
args:("Article `download()` failed with HTTPSConnectionPool(host='www.cnbc.com', port=443): Max retries exceeded with url: /select/dual-income-no-kids-financial-moves-to-make/ (Caused by SSLError(SSLError(1, '[SSL: TLSV1_ALERT_INTERNAL_ERROR] tlsv1 alert internal error (_ssl.c:1123)'))) on URL https://www.cnbc.com/select/dual-income-no-kids-financial-moves-to-make/",)
e自身:Article `download()` failed with HTTPSConnectionPool(host='www.cnbc.com', port=443): Max retries exceeded with url: /select/dual-income-no-kids-financial-moves-to-make/ (Caused by SSLError(SSLError(1, '[SSL: TLSV1_ALERT_INTERNAL_ERROR] tlsv1 alert internal error (_ssl.c:1123)'))) on URL https://www.cnbc.com/select/dual-income-no-kids-financial-moves-to-make/
=== エラー内容 ===
type:<class 'newspaper.article.ArticleException'>
args:("Article `download()` failed with HTTPSConnectionPool(host='www.cnbc.com', port=443): Max retries exceeded with url: /2022/03/08/asia-markets-russia-ukraine-war-currencies-oil.html (Caused by SSLError(SSLError(1, '[SSL: TLSV1_ALERT_INTERNAL_ERROR] tlsv1 alert internal error (_ssl.c:1123)'))) on URL https://www.cnbc.com/2022/03/08/asia-markets-russia-ukraine-war-currencies-oil.html",)
e自身:Article `download()` failed with HTTPSConnectionPool(host='www.cnbc.com', port=443): Max retries exceeded with url: /2022/03/08/asia-markets-russia-ukraine-war-currencies-oil.html (Caused by SSLError(SSLError(1, '[SSL: TLSV1_ALERT_INTERNAL_ERROR] tlsv1 alert internal error (_ssl.c:1123)'))) on URL https://www.cnbc.com/2022/03/08/asia-markets-russia-ukraine-war-currencies-oil.html
=== エラー内容 ===
type:<class 'newspaper.article.ArticleException'>
args:("Article `download()` failed with HTTPSConnectionPool(host='www.cnbc.com', port=443): Max retries exceeded with url: /2022/03/11/insana-russias-ukraine-invasion-is-a-turning-point-for-investors-as-the-world-changes.html (Caused by SSLError(SSLError(1, '[SSL: TLSV1_ALERT_INTERNAL_ERROR] tlsv1 alert internal error (_ssl.c:1123)'))) on URL https://www.cnbc.com/2022/03/11/insana-russias-ukraine-invasion-is-a-turning-point-for-investors-as-the-world-changes.html",)
e自身:Article `download()` failed with HTTPSConnectionPool(host='www.cnbc.com', port=443): Max retries exceeded with url: /2022/03/11/insana-russias-ukraine-invasion-is-a-turning-point-for-investors-as-the-world-changes.html (Caused by SSLError(SSLError(1, '[SSL: TLSV1_ALERT_INTERNAL_ERROR] tlsv1 alert internal error (_ssl.c:1123)'))) on URL https://www.cnbc.com/2022/03/11/insana-russias-ukraine-invasion-is-a-turning-point-for-investors-as-the-world-changes.html
=== エラー内容 ===
type:<class 'newspaper.article.ArticleException'>
args:("Article `download()` failed with HTTPSConnectionPool(host='www.cnbc.com', port=443): Max retries exceeded with url: /2022/03/10/cpi-inflation-february-2022-.html (Caused by SSLError(SSLError(1, '[SSL: TLSV1_ALERT_INTERNAL_ERROR] tlsv1 alert internal error (_ssl.c:1123)'))) on URL https://www.cnbc.com/2022/03/10/cpi-inflation-february-2022-.html",)
e自身:Article `download()` failed with HTTPSConnectionPool(host='www.cnbc.com', port=443): Max retries exceeded with url: /2022/03/10/cpi-inflation-february-2022-.html (Caused by SSLError(SSLError(1, '[SSL: TLSV1_ALERT_INTERNAL_ERROR] tlsv1 alert internal error (_ssl.c:1123)'))) on URL https://www.cnbc.com/2022/03/10/cpi-inflation-february-2022-.html
=== エラー内容 ===
type:<class 'newspaper.article.ArticleException'>
args:("Article `download()` failed with HTTPSConnectionPool(host='www.foxbusiness.com', port=443): Max retries exceeded with url: /politics/daines-biden-democrats-russian-oil-ban-green-new-deal (Caused by SSLError(SSLError(1, '[SSL: TLSV1_ALERT_INTERNAL_ERROR] tlsv1 alert internal error (_ssl.c:1123)'))) on URL https://www.foxbusiness.com/politics/daines-biden-democrats-russian-oil-ban-green-new-deal",)
e自身:Article `download()` failed with HTTPSConnectionPool(host='www.foxbusiness.com', port=443): Max retries exceeded with url: /politics/daines-biden-democrats-russian-oil-ban-green-new-deal (Caused by SSLError(SSLError(1, '[SSL: TLSV1_ALERT_INTERNAL_ERROR] tlsv1 alert internal error (_ssl.c:1123)'))) on URL https://www.foxbusiness.com/politics/daines-biden-democrats-russian-oil-ban-green-new-deal
=== エラー内容 ===
type:<class 'newspaper.article.ArticleException'>
args:("Article `download()` failed with HTTPSConnectionPool(host='www.foxbusiness.com', port=443): Max retries exceeded with url: /politics/manchin-chief-energy-regulator-pipeline-permits-do-damn-job (Caused by SSLError(SSLError(1, '[SSL: TLSV1_ALERT_INTERNAL_ERROR] tlsv1 alert internal error (_ssl.c:1123)'))) on URL https://www.foxbusiness.com/politics/manchin-chief-energy-regulator-pipeline-permits-do-damn-job",)
e自身:Article `download()` failed with HTTPSConnectionPool(host='www.foxbusiness.com', port=443): Max retries exceeded with url: /politics/manchin-chief-energy-regulator-pipeline-permits-do-damn-job (Caused by SSLError(SSLError(1, '[SSL: TLSV1_ALERT_INTERNAL_ERROR] tlsv1 alert internal error (_ssl.c:1123)'))) on URL https://www.foxbusiness.com/politics/manchin-chief-energy-regulator-pipeline-permits-do-damn-job
=== エラー内容 ===
type:<class 'newspaper.article.ArticleException'>
args:("Article `download()` failed with HTTPSConnectionPool(host='www.foxbusiness.com', port=443): Max retries exceeded with url: /lifestyle/rare-steve-jobs-memorabilia-auction (Caused by SSLError(SSLError(1, '[SSL: TLSV1_ALERT_INTERNAL_ERROR] tlsv1 alert internal error (_ssl.c:1123)'))) on URL https://www.foxbusiness.com/lifestyle/rare-steve-jobs-memorabilia-auction",)
e自身:Article `download()` failed with HTTPSConnectionPool(host='www.foxbusiness.com', port=443): Max retries exceeded with url: /lifestyle/rare-steve-jobs-memorabilia-auction (Caused by SSLError(SSLError(1, '[SSL: TLSV1_ALERT_INTERNAL_ERROR] tlsv1 alert internal error (_ssl.c:1123)'))) on URL https://www.foxbusiness.com/lifestyle/rare-steve-jobs-memorabilia-auction
=== エラー内容 ===
type:<class 'newspaper.article.ArticleException'>
args:("Article `download()` failed with HTTPSConnectionPool(host='www.cnbc.com', port=443): Max retries exceeded with url: /2022/03/13/top-analysts-are-bullish-on-tesla-crowdstrike.html (Caused by SSLError(SSLError(1, '[SSL: TLSV1_ALERT_INTERNAL_ERROR] tlsv1 alert internal error (_ssl.c:1123)'))) on URL https://www.cnbc.com/2022/03/13/top-analysts-are-bullish-on-tesla-crowdstrike.html",)
e自身:Article `download()` failed with HTTPSConnectionPool(host='www.cnbc.com', port=443): Max retries exceeded with url: /2022/03/13/top-analysts-are-bullish-on-tesla-crowdstrike.html (Caused by SSLError(SSLError(1, '[SSL: TLSV1_ALERT_INTERNAL_ERROR] tlsv1 alert internal error (_ssl.c:1123)'))) on URL https://www.cnbc.com/2022/03/13/top-analysts-are-bullish-on-tesla-crowdstrike.html
=== エラー内容 ===
type:<class 'newspaper.article.ArticleException'>
args:("Article `download()` failed with HTTPSConnectionPool(host='www.foxbusiness.com', port=443): Max retries exceeded with url: /lifestyle/fda-philips-breathing-machine-recall (Caused by SSLError(SSLError(1, '[SSL: TLSV1_ALERT_INTERNAL_ERROR] tlsv1 alert internal error (_ssl.c:1123)'))) on URL https://www.foxbusiness.com/lifestyle/fda-philips-breathing-machine-recall",)
e自身:Article `download()` failed with HTTPSConnectionPool(host='www.foxbusiness.com', port=443): Max retries exceeded with url: /lifestyle/fda-philips-breathing-machine-recall (Caused by SSLError(SSLError(1, '[SSL: TLSV1_ALERT_INTERNAL_ERROR] tlsv1 alert internal error (_ssl.c:1123)'))) on URL https://www.foxbusiness.com/lifestyle/fda-philips-breathing-machine-recall
=== エラー内容 ===
type:<class 'newspaper.article.ArticleException'>
args:("Article `download()` failed with HTTPSConnectionPool(host='www.cnbc.com', port=443): Max retries exceeded with url: /2022/03/13/-russia-ukraine-live-updates.html (Caused by SSLError(SSLError(1, '[SSL: TLSV1_ALERT_INTERNAL_ERROR] tlsv1 alert internal error (_ssl.c:1123)'))) on URL https://www.cnbc.com/2022/03/13/-russia-ukraine-live-updates.html",)
e自身:Article `download()` failed with HTTPSConnectionPool(host='www.cnbc.com', port=443): Max retries exceeded with url: /2022/03/13/-russia-ukraine-live-updates.html (Caused by SSLError(SSLError(1, '[SSL: TLSV1_ALERT_INTERNAL_ERROR] tlsv1 alert internal error (_ssl.c:1123)'))) on URL https://www.cnbc.com/2022/03/13/-russia-ukraine-live-updates.html
=== エラー内容 ===
type:<class 'newspaper.article.ArticleException'>
args:("Article `download()` failed with HTTPSConnectionPool(host='www.cnbc.com', port=443): Max retries exceeded with url: /2022/03/13/no-us-military-casualties-after-attack-in-erbil-iraq-us-official.html (Caused by SSLError(SSLError(1, '[SSL: TLSV1_ALERT_INTERNAL_ERROR] tlsv1 alert internal error (_ssl.c:1123)'))) on URL https://www.cnbc.com/2022/03/13/no-us-military-casualties-after-attack-in-erbil-iraq-us-official.html",)
e自身:Article `download()` failed with HTTPSConnectionPool(host='www.cnbc.com', port=443): Max retries exceeded with url: /2022/03/13/no-us-military-casualties-after-attack-in-erbil-iraq-us-official.html (Caused by SSLError(SSLError(1, '[SSL: TLSV1_ALERT_INTERNAL_ERROR] tlsv1 alert internal error (_ssl.c:1123)'))) on URL https://www.cnbc.com/2022/03/13/no-us-military-casualties-after-attack-in-erbil-iraq-us-official.html
=== エラー内容 ===
type:<class 'newspaper.article.ArticleException'>
args:("Article `download()` failed with HTTPSConnectionPool(host='www.foxbusiness.com', port=443): Read timed out. (read timeout=7) on URL https://www.foxbusiness.com/economy/us-recession-inflation-40-year-high",)
e自身:Article `download()` failed with HTTPSConnectionPool(host='www.foxbusiness.com', port=443): Read timed out. (read timeout=7) on URL https://www.foxbusiness.com/economy/us-recession-inflation-40-year-high
=== エラー内容 ===
type:<class 'newspaper.article.ArticleException'>
args:("Article `download()` failed with HTTPSConnectionPool(host='www.foxbusiness.com', port=443): Read timed out. (read timeout=7) on URL https://www.foxbusiness.com/politics/biden-pelosi-democrats-spending-inflation",)
e自身:Article `download()` failed with HTTPSConnectionPool(host='www.foxbusiness.com', port=443): Read timed out. (read timeout=7) on URL https://www.foxbusiness.com/politics/biden-pelosi-democrats-spending-inflation
=== エラー内容 ===
type:<class 'newspaper.article.ArticleException'>
args:("Article `download()` failed with HTTPSConnectionPool(host='www.cnbc.com', port=443): Max retries exceeded with url: /2022/03/13/top-analysts-are-bullish-on-tesla-crowdstrike.html (Caused by SSLError(SSLError(1, '[SSL: TLSV1_ALERT_INTERNAL_ERROR] tlsv1 alert internal error (_ssl.c:1123)'))) on URL https://www.cnbc.com/2022/03/13/top-analysts-are-bullish-on-tesla-crowdstrike.html",)
e自身:Article `download()` failed with HTTPSConnectionPool(host='www.cnbc.com', port=443): Max retries exceeded with url: /2022/03/13/top-analysts-are-bullish-on-tesla-crowdstrike.html (Caused by SSLError(SSLError(1, '[SSL: TLSV1_ALERT_INTERNAL_ERROR] tlsv1 alert internal error (_ssl.c:1123)'))) on URL https://www.cnbc.com/2022/03/13/top-analysts-are-bullish-on-tesla-crowdstrike.html
=== エラー内容 ===
type:<class 'newspaper.article.ArticleException'>
args:("Article `download()` failed with HTTPSConnectionPool(host='www.cnbc.com', port=443): Max retries exceeded with url: /2022/03/13/-russia-ukraine-live-updates.html (Caused by SSLError(SSLError(1, '[SSL: TLSV1_ALERT_INTERNAL_ERROR] tlsv1 alert internal error (_ssl.c:1123)'))) on URL https://www.cnbc.com/2022/03/13/-russia-ukraine-live-updates.html",)
e自身:Article `download()` failed with HTTPSConnectionPool(host='www.cnbc.com', port=443): Max retries exceeded with url: /2022/03/13/-russia-ukraine-live-updates.html (Caused by SSLError(SSLError(1, '[SSL: TLSV1_ALERT_INTERNAL_ERROR] tlsv1 alert internal error (_ssl.c:1123)'))) on URL https://www.cnbc.com/2022/03/13/-russia-ukraine-live-updates.html
=== エラー内容 ===
type:<class 'newspaper.article.ArticleException'>
args:("Article `download()` failed with HTTPSConnectionPool(host='www.cnbc.com', port=443): Max retries exceeded with url: /2022/03/13/no-us-military-casualties-after-attack-in-erbil-iraq-us-official.html (Caused by SSLError(SSLError(1, '[SSL: TLSV1_ALERT_INTERNAL_ERROR] tlsv1 alert internal error (_ssl.c:1123)'))) on URL https://www.cnbc.com/2022/03/13/no-us-military-casualties-after-attack-in-erbil-iraq-us-official.html",)
e自身:Article `download()` failed with HTTPSConnectionPool(host='www.cnbc.com', port=443): Max retries exceeded with url: /2022/03/13/no-us-military-casualties-after-attack-in-erbil-iraq-us-official.html (Caused by SSLError(SSLError(1, '[SSL: TLSV1_ALERT_INTERNAL_ERROR] tlsv1 alert internal error (_ssl.c:1123)'))) on URL https://www.cnbc.com/2022/03/13/no-us-military-casualties-after-attack-in-erbil-iraq-us-official.html
=== エラー内容 ===
type:<class 'newspaper.article.ArticleException'>
args:("Article `download()` failed with HTTPSConnectionPool(host='www.cnbc.com', port=443): Max retries exceeded with url: /2022/03/13/top-analysts-are-bullish-on-tesla-crowdstrike.html (Caused by SSLError(SSLError(1, '[SSL: TLSV1_ALERT_INTERNAL_ERROR] tlsv1 alert internal error (_ssl.c:1123)'))) on URL https://www.cnbc.com/2022/03/13/top-analysts-are-bullish-on-tesla-crowdstrike.html",)
e自身:Article `download()` failed with HTTPSConnectionPool(host='www.cnbc.com', port=443): Max retries exceeded with url: /2022/03/13/top-analysts-are-bullish-on-tesla-crowdstrike.html (Caused by SSLError(SSLError(1, '[SSL: TLSV1_ALERT_INTERNAL_ERROR] tlsv1 alert internal error (_ssl.c:1123)'))) on URL https://www.cnbc.com/2022/03/13/top-analysts-are-bullish-on-tesla-crowdstrike.html
=== エラー内容 ===
type:<class 'newspaper.article.ArticleException'>
args:("Article `download()` failed with HTTPSConnectionPool(host='www.cnbc.com', port=443): Max retries exceeded with url: /2022/03/13/op-ed-crippling-sanctions-arent-enough-heres-what-needs-to-be-done-to-stop-putin.html (Caused by SSLError(SSLError(1, '[SSL: TLSV1_ALERT_INTERNAL_ERROR] tlsv1 alert internal error (_ssl.c:1123)'))) on URL https://www.cnbc.com/2022/03/13/op-ed-crippling-sanctions-arent-enough-heres-what-needs-to-be-done-to-stop-putin.html",)
e自身:Article `download()` failed with HTTPSConnectionPool(host='www.cnbc.com', port=443): Max retries exceeded with url: /2022/03/13/op-ed-crippling-sanctions-arent-enough-heres-what-needs-to-be-done-to-stop-putin.html (Caused by SSLError(SSLError(1, '[SSL: TLSV1_ALERT_INTERNAL_ERROR] tlsv1 alert internal error (_ssl.c:1123)'))) on URL https://www.cnbc.com/2022/03/13/op-ed-crippling-sanctions-arent-enough-heres-what-needs-to-be-done-to-stop-putin.html
=== エラー内容 ===
type:<class 'newspaper.article.ArticleException'>
args:("Article `download()` failed with HTTPSConnectionPool(host='www.cnbc.com', port=443): Max retries exceeded with url: /2022/03/13/-russia-ukraine-live-updates.html (Caused by SSLError(SSLError(1, '[SSL: TLSV1_ALERT_INTERNAL_ERROR] tlsv1 alert internal error (_ssl.c:1123)'))) on URL https://www.cnbc.com/2022/03/13/-russia-ukraine-live-updates.html",)
e自身:Article `download()` failed with HTTPSConnectionPool(host='www.cnbc.com', port=443): Max retries exceeded with url: /2022/03/13/-russia-ukraine-live-updates.html (Caused by SSLError(SSLError(1, '[SSL: TLSV1_ALERT_INTERNAL_ERROR] tlsv1 alert internal error (_ssl.c:1123)'))) on URL https://www.cnbc.com/2022/03/13/-russia-ukraine-live-updates.html
=== エラー内容 ===
type:<class 'newspaper.article.ArticleException'>
args:("Article `download()` failed with HTTPSConnectionPool(host='www.cnbc.com', port=443): Max retries exceeded with url: /2022/03/13/top-analysts-are-bullish-on-tesla-crowdstrike.html (Caused by SSLError(SSLError(1, '[SSL: TLSV1_ALERT_INTERNAL_ERROR] tlsv1 alert internal error (_ssl.c:1123)'))) on URL https://www.cnbc.com/2022/03/13/top-analysts-are-bullish-on-tesla-crowdstrike.html",)
e自身:Article `download()` failed with HTTPSConnectionPool(host='www.cnbc.com', port=443): Max retries exceeded with url: /2022/03/13/top-analysts-are-bullish-on-tesla-crowdstrike.html (Caused by SSLError(SSLError(1, '[SSL: TLSV1_ALERT_INTERNAL_ERROR] tlsv1 alert internal error (_ssl.c:1123)'))) on URL https://www.cnbc.com/2022/03/13/top-analysts-are-bullish-on-tesla-crowdstrike.html
=== エラー内容 ===
type:<class 'newspaper.article.ArticleException'>
args:("Article `download()` failed with HTTPSConnectionPool(host='www.cnbc.com', port=443): Read timed out. (read timeout=7) on URL https://www.cnbc.com/2022/03/08/asia-markets-russia-ukraine-war-currencies-oil.html",)
e自身:Article `download()` failed with HTTPSConnectionPool(host='www.cnbc.com', port=443): Read timed out. (read timeout=7) on URL https://www.cnbc.com/2022/03/08/asia-markets-russia-ukraine-war-currencies-oil.html
=== エラー内容 ===
type:<class 'newspaper.article.ArticleException'>
args:("Article `download()` failed with HTTPSConnectionPool(host='www.foxbusiness.com', port=443): Read timed out. (read timeout=7) on URL https://www.foxbusiness.com/markets/stock-futures-3-10-2022",)
e自身:Article `download()` failed with HTTPSConnectionPool(host='www.foxbusiness.com', port=443): Read timed out. (read timeout=7) on URL https://www.foxbusiness.com/markets/stock-futures-3-10-2022
=== エラー内容 ===
type:<class 'newspaper.article.ArticleException'>
args:("Article `download()` failed with HTTPSConnectionPool(host='www.foxbusiness.com', port=443): Max retries exceeded with url: /politics/how-do-oil-and-gas-leases-work (Caused by SSLError(SSLError(1, '[SSL: TLSV1_ALERT_INTERNAL_ERROR] tlsv1 alert internal error (_ssl.c:1123)'))) on URL https://www.foxbusiness.com/politics/how-do-oil-and-gas-leases-work",)
e自身:Article `download()` failed with HTTPSConnectionPool(host='www.foxbusiness.com', port=443): Max retries exceeded with url: /politics/how-do-oil-and-gas-leases-work (Caused by SSLError(SSLError(1, '[SSL: TLSV1_ALERT_INTERNAL_ERROR] tlsv1 alert internal error (_ssl.c:1123)'))) on URL https://www.foxbusiness.com/politics/how-do-oil-and-gas-leases-work
=== エラー内容 ===
type:<class 'newspaper.article.ArticleException'>
args:("Article `download()` failed with HTTPSConnectionPool(host='www.cnbc.com', port=443): Max retries exceeded with url: /2022/03/09/energy-related-co2-emissions-hit-highest-ever-level-in-2021-iea.html (Caused by SSLError(SSLError(1, '[SSL: TLSV1_ALERT_INTERNAL_ERROR] tlsv1 alert internal error (_ssl.c:1123)'))) on URL https://www.cnbc.com/2022/03/09/energy-related-co2-emissions-hit-highest-ever-level-in-2021-iea.html",)
e自身:Article `download()` failed with HTTPSConnectionPool(host='www.cnbc.com', port=443): Max retries exceeded with url: /2022/03/09/energy-related-co2-emissions-hit-highest-ever-level-in-2021-iea.html (Caused by SSLError(SSLError(1, '[SSL: TLSV1_ALERT_INTERNAL_ERROR] tlsv1 alert internal error (_ssl.c:1123)'))) on URL https://www.cnbc.com/2022/03/09/energy-related-co2-emissions-hit-highest-ever-level-in-2021-iea.html
=== エラー内容 ===
type:<class 'newspaper.article.ArticleException'>
args:("Article `download()` failed with HTTPSConnectionPool(host='www.cnbc.com', port=443): Max retries exceeded with url: /2022/03/11/russia-ukraine-war-impact-on-shipping-ports-air-freight.html (Caused by SSLError(SSLError(1, '[SSL: TLSV1_ALERT_INTERNAL_ERROR] tlsv1 alert internal error (_ssl.c:1123)'))) on URL https://www.cnbc.com/2022/03/11/russia-ukraine-war-impact-on-shipping-ports-air-freight.html",)
e自身:Article `download()` failed with HTTPSConnectionPool(host='www.cnbc.com', port=443): Max retries exceeded with url: /2022/03/11/russia-ukraine-war-impact-on-shipping-ports-air-freight.html (Caused by SSLError(SSLError(1, '[SSL: TLSV1_ALERT_INTERNAL_ERROR] tlsv1 alert internal error (_ssl.c:1123)'))) on URL https://www.cnbc.com/2022/03/11/russia-ukraine-war-impact-on-shipping-ports-air-freight.html
=== エラー内容 ===
type:<class 'newspaper.article.ArticleException'>
args:("Article `download()` failed with HTTPSConnectionPool(host='www.cnbc.com', port=443): Max retries exceeded with url: /2022/03/09/limewire-former-file-sharing-site-to-relaunch-as-nft-marketplace.html (Caused by SSLError(SSLError(1, '[SSL: TLSV1_ALERT_INTERNAL_ERROR] tlsv1 alert internal error (_ssl.c:1123)'))) on URL https://www.cnbc.com/2022/03/09/limewire-former-file-sharing-site-to-relaunch-as-nft-marketplace.html",)
e自身:Article `download()` failed with HTTPSConnectionPool(host='www.cnbc.com', port=443): Max retries exceeded with url: /2022/03/09/limewire-former-file-sharing-site-to-relaunch-as-nft-marketplace.html (Caused by SSLError(SSLError(1, '[SSL: TLSV1_ALERT_INTERNAL_ERROR] tlsv1 alert internal error (_ssl.c:1123)'))) on URL https://www.cnbc.com/2022/03/09/limewire-former-file-sharing-site-to-relaunch-as-nft-marketplace.html
=== エラー内容 ===
type:<class 'newspaper.article.ArticleException'>
args:("Article `download()` failed with HTTPSConnectionPool(host='www.foxbusiness.com', port=443): Max retries exceeded with url: /politics/how-do-oil-and-gas-leases-work (Caused by SSLError(SSLError(1, '[SSL: TLSV1_ALERT_INTERNAL_ERROR] tlsv1 alert internal error (_ssl.c:1123)'))) on URL https://www.foxbusiness.com/politics/how-do-oil-and-gas-leases-work",)
e自身:Article `download()` failed with HTTPSConnectionPool(host='www.foxbusiness.com', port=443): Max retries exceeded with url: /politics/how-do-oil-and-gas-leases-work (Caused by SSLError(SSLError(1, '[SSL: TLSV1_ALERT_INTERNAL_ERROR] tlsv1 alert internal error (_ssl.c:1123)'))) on URL https://www.foxbusiness.com/politics/how-do-oil-and-gas-leases-work
=== エラー内容 ===
type:<class 'newspaper.article.ArticleException'>
args:("Article `download()` failed with HTTPSConnectionPool(host='www.foxbusiness.com', port=443): Max retries exceeded with url: /economy/us-recession-inflation-40-year-high (Caused by SSLError(SSLError(1, '[SSL: TLSV1_ALERT_INTERNAL_ERROR] tlsv1 alert internal error (_ssl.c:1123)'))) on URL https://www.foxbusiness.com/economy/us-recession-inflation-40-year-high",)
e自身:Article `download()` failed with HTTPSConnectionPool(host='www.foxbusiness.com', port=443): Max retries exceeded with url: /economy/us-recession-inflation-40-year-high (Caused by SSLError(SSLError(1, '[SSL: TLSV1_ALERT_INTERNAL_ERROR] tlsv1 alert internal error (_ssl.c:1123)'))) on URL https://www.foxbusiness.com/economy/us-recession-inflation-40-year-high
=== エラー内容 ===
type:<class 'newspaper.article.ArticleException'>
args:("Article `download()` failed with HTTPSConnectionPool(host='www.foxbusiness.com', port=443): Max retries exceeded with url: /markets/stock-futures-3-10-2022 (Caused by SSLError(SSLError(1, '[SSL: TLSV1_ALERT_INTERNAL_ERROR] tlsv1 alert internal error (_ssl.c:1123)'))) on URL https://www.foxbusiness.com/markets/stock-futures-3-10-2022",)
e自身:Article `download()` failed with HTTPSConnectionPool(host='www.foxbusiness.com', port=443): Max retries exceeded with url: /markets/stock-futures-3-10-2022 (Caused by SSLError(SSLError(1, '[SSL: TLSV1_ALERT_INTERNAL_ERROR] tlsv1 alert internal error (_ssl.c:1123)'))) on URL https://www.foxbusiness.com/markets/stock-futures-3-10-2022
=== エラー内容 ===
type:<class 'newspaper.article.ArticleException'>
args:("Article `download()` failed with HTTPSConnectionPool(host='www.foxbusiness.com', port=443): Max retries exceeded with url: /politics/russian-agents-threaten-google-apple-representatives (Caused by SSLError(SSLError(1, '[SSL: TLSV1_ALERT_INTERNAL_ERROR] tlsv1 alert internal error (_ssl.c:1123)'))) on URL https://www.foxbusiness.com/politics/russian-agents-threaten-google-apple-representatives",)
e自身:Article `download()` failed with HTTPSConnectionPool(host='www.foxbusiness.com', port=443): Max retries exceeded with url: /politics/russian-agents-threaten-google-apple-representatives (Caused by SSLError(SSLError(1, '[SSL: TLSV1_ALERT_INTERNAL_ERROR] tlsv1 alert internal error (_ssl.c:1123)'))) on URL https://www.foxbusiness.com/politics/russian-agents-threaten-google-apple-representatives
=== エラー内容 ===
type:<class 'newspaper.article.ArticleException'>
args:("Article `download()` failed with HTTPSConnectionPool(host='www.foxbusiness.com', port=443): Max retries exceeded with url: /politics/manchin-chief-energy-regulator-pipeline-permits-do-damn-job (Caused by SSLError(SSLError(1, '[SSL: TLSV1_ALERT_INTERNAL_ERROR] tlsv1 alert internal error (_ssl.c:1123)'))) on URL https://www.foxbusiness.com/politics/manchin-chief-energy-regulator-pipeline-permits-do-damn-job",)
e自身:Article `download()` failed with HTTPSConnectionPool(host='www.foxbusiness.com', port=443): Max retries exceeded with url: /politics/manchin-chief-energy-regulator-pipeline-permits-do-damn-job (Caused by SSLError(SSLError(1, '[SSL: TLSV1_ALERT_INTERNAL_ERROR] tlsv1 alert internal error (_ssl.c:1123)'))) on URL https://www.foxbusiness.com/politics/manchin-chief-energy-regulator-pipeline-permits-do-damn-job
=== エラー内容 ===
type:<class 'newspaper.article.ArticleException'>
args:("Article `download()` failed with HTTPSConnectionPool(host='www.foxbusiness.com', port=443): Max retries exceeded with url: /markets/disney-accused-shareholder-complicity-china-genocide (Caused by SSLError(SSLError(1, '[SSL: TLSV1_ALERT_INTERNAL_ERROR] tlsv1 alert internal error (_ssl.c:1123)'))) on URL https://www.foxbusiness.com/markets/disney-accused-shareholder-complicity-china-genocide",)
e自身:Article `download()` failed with HTTPSConnectionPool(host='www.foxbusiness.com', port=443): Max retries exceeded with url: /markets/disney-accused-shareholder-complicity-china-genocide (Caused by SSLError(SSLError(1, '[SSL: TLSV1_ALERT_INTERNAL_ERROR] tlsv1 alert internal error (_ssl.c:1123)'))) on URL https://www.foxbusiness.com/markets/disney-accused-shareholder-complicity-china-genocide
=== エラー内容 ===
type:<class 'newspaper.article.ArticleException'>
args:("Article `download()` failed with HTTPSConnectionPool(host='www.foxbusiness.com', port=443): Max retries exceeded with url: /lifestyle/rare-steve-jobs-memorabilia-auction (Caused by SSLError(SSLError(1, '[SSL: TLSV1_ALERT_INTERNAL_ERROR] tlsv1 alert internal error (_ssl.c:1123)'))) on URL https://www.foxbusiness.com/lifestyle/rare-steve-jobs-memorabilia-auction",)
e自身:Article `download()` failed with HTTPSConnectionPool(host='www.foxbusiness.com', port=443): Max retries exceeded with url: /lifestyle/rare-steve-jobs-memorabilia-auction (Caused by SSLError(SSLError(1, '[SSL: TLSV1_ALERT_INTERNAL_ERROR] tlsv1 alert internal error (_ssl.c:1123)'))) on URL https://www.foxbusiness.com/lifestyle/rare-steve-jobs-memorabilia-auction
=== エラー内容 ===
type:<class 'newspaper.article.ArticleException'>
args:("Article `download()` failed with HTTPSConnectionPool(host='www.foxbusiness.com', port=443): Max retries exceeded with url: /lifestyle/workers-regret-quitting-great-resignation (Caused by SSLError(SSLError(1, '[SSL: TLSV1_ALERT_INTERNAL_ERROR] tlsv1 alert internal error (_ssl.c:1123)'))) on URL https://www.foxbusiness.com/lifestyle/workers-regret-quitting-great-resignation",)
e自身:Article `download()` failed with HTTPSConnectionPool(host='www.foxbusiness.com', port=443): Max retries exceeded with url: /lifestyle/workers-regret-quitting-great-resignation (Caused by SSLError(SSLError(1, '[SSL: TLSV1_ALERT_INTERNAL_ERROR] tlsv1 alert internal error (_ssl.c:1123)'))) on URL https://www.foxbusiness.com/lifestyle/workers-regret-quitting-great-resignation
=== エラー内容 ===
type:<class 'newspaper.article.ArticleException'>
args:("Article `download()` failed with HTTPSConnectionPool(host='www.foxbusiness.com', port=443): Max retries exceeded with url: /politics/ceraweek-energy-oil-gas-fossil-fuel-alternatives-ukraine-russia-war (Caused by SSLError(SSLError(1, '[SSL: TLSV1_ALERT_INTERNAL_ERROR] tlsv1 alert internal error (_ssl.c:1123)'))) on URL https://www.foxbusiness.com/politics/ceraweek-energy-oil-gas-fossil-fuel-alternatives-ukraine-russia-war",)
e自身:Article `download()` failed with HTTPSConnectionPool(host='www.foxbusiness.com', port=443): Max retries exceeded with url: /politics/ceraweek-energy-oil-gas-fossil-fuel-alternatives-ukraine-russia-war (Caused by SSLError(SSLError(1, '[SSL: TLSV1_ALERT_INTERNAL_ERROR] tlsv1 alert internal error (_ssl.c:1123)'))) on URL https://www.foxbusiness.com/politics/ceraweek-energy-oil-gas-fossil-fuel-alternatives-ukraine-russia-war
=== エラー内容 ===
type:<class 'newspaper.article.ArticleException'>
args:("Article `download()` failed with HTTPSConnectionPool(host='www.foxbusiness.com', port=443): Max retries exceeded with url: /lifestyle/fda-philips-breathing-machine-recall (Caused by SSLError(SSLError(1, '[SSL: TLSV1_ALERT_INTERNAL_ERROR] tlsv1 alert internal error (_ssl.c:1123)'))) on URL https://www.foxbusiness.com/lifestyle/fda-philips-breathing-machine-recall",)
e自身:Article `download()` failed with HTTPSConnectionPool(host='www.foxbusiness.com', port=443): Max retries exceeded with url: /lifestyle/fda-philips-breathing-machine-recall (Caused by SSLError(SSLError(1, '[SSL: TLSV1_ALERT_INTERNAL_ERROR] tlsv1 alert internal error (_ssl.c:1123)'))) on URL https://www.foxbusiness.com/lifestyle/fda-philips-breathing-machine-recall
=== エラー内容 ===
type:<class 'newspaper.article.ArticleException'>
args:("Article `download()` failed with HTTPSConnectionPool(host='www.foxbusiness.com', port=443): Max retries exceeded with url: /markets/gasolines-record-run-pauses (Caused by SSLError(SSLError(1, '[SSL: TLSV1_ALERT_INTERNAL_ERROR] tlsv1 alert internal error (_ssl.c:1123)'))) on URL https://www.foxbusiness.com/markets/gasolines-record-run-pauses",)
e自身:Article `download()` failed with HTTPSConnectionPool(host='www.foxbusiness.com', port=443): Max retries exceeded with url: /markets/gasolines-record-run-pauses (Caused by SSLError(SSLError(1, '[SSL: TLSV1_ALERT_INTERNAL_ERROR] tlsv1 alert internal error (_ssl.c:1123)'))) on URL https://www.foxbusiness.com/markets/gasolines-record-run-pauses
=== エラー内容 ===
type:<class 'newspaper.article.ArticleException'>
args:("Article `download()` failed with HTTPSConnectionPool(host='www.foxbusiness.com', port=443): Max retries exceeded with url: /markets/congress-stock-trades-fed-decision-gamestop-earnings-week-ahead (Caused by SSLError(SSLError(1, '[SSL: TLSV1_ALERT_INTERNAL_ERROR] tlsv1 alert internal error (_ssl.c:1123)'))) on URL https://www.foxbusiness.com/markets/congress-stock-trades-fed-decision-gamestop-earnings-week-ahead",)
e自身:Article `download()` failed with HTTPSConnectionPool(host='www.foxbusiness.com', port=443): Max retries exceeded with url: /markets/congress-stock-trades-fed-decision-gamestop-earnings-week-ahead (Caused by SSLError(SSLError(1, '[SSL: TLSV1_ALERT_INTERNAL_ERROR] tlsv1 alert internal error (_ssl.c:1123)'))) on URL https://www.foxbusiness.com/markets/congress-stock-trades-fed-decision-gamestop-earnings-week-ahead
=== エラー内容 ===
type:<class 'newspaper.article.ArticleException'>
args:("Article `download()` failed with HTTPSConnectionPool(host='www.foxbusiness.com', port=443): Max retries exceeded with url: /lifestyle/cashless-flightless-russian-tourists-stuck-thailand (Caused by SSLError(SSLError(1, '[SSL: TLSV1_ALERT_INTERNAL_ERROR] tlsv1 alert internal error (_ssl.c:1123)'))) on URL https://www.foxbusiness.com/lifestyle/cashless-flightless-russian-tourists-stuck-thailand",)
e自身:Article `download()` failed with HTTPSConnectionPool(host='www.foxbusiness.com', port=443): Max retries exceeded with url: /lifestyle/cashless-flightless-russian-tourists-stuck-thailand (Caused by SSLError(SSLError(1, '[SSL: TLSV1_ALERT_INTERNAL_ERROR] tlsv1 alert internal error (_ssl.c:1123)'))) on URL https://www.foxbusiness.com/lifestyle/cashless-flightless-russian-tourists-stuck-thailand
=== エラー内容 ===
type:<class 'newspaper.article.ArticleException'>
args:("Article `download()` failed with HTTPSConnectionPool(host='www.foxbusiness.com', port=443): Max retries exceeded with url: /politics/russia-ukraine-gas-prices-4-gallon-2008 (Caused by SSLError(SSLError(1, '[SSL: TLSV1_ALERT_INTERNAL_ERROR] tlsv1 alert internal error (_ssl.c:1123)'))) on URL https://www.foxbusiness.com/politics/russia-ukraine-gas-prices-4-gallon-2008",)
e自身:Article `download()` failed with HTTPSConnectionPool(host='www.foxbusiness.com', port=443): Max retries exceeded with url: /politics/russia-ukraine-gas-prices-4-gallon-2008 (Caused by SSLError(SSLError(1, '[SSL: TLSV1_ALERT_INTERNAL_ERROR] tlsv1 alert internal error (_ssl.c:1123)'))) on URL https://www.foxbusiness.com/politics/russia-ukraine-gas-prices-4-gallon-2008
=== エラー内容 ===
type:<class 'newspaper.article.ArticleException'>
args:("Article `download()` failed with HTTPSConnectionPool(host='www.foxbusiness.com', port=443): Read timed out. (read timeout=7) on URL https://www.foxbusiness.com/entertainment/elon-musk-grimes-secretly-welcome-second-child",)
e自身:Article `download()` failed with HTTPSConnectionPool(host='www.foxbusiness.com', port=443): Read timed out. (read timeout=7) on URL https://www.foxbusiness.com/entertainment/elon-musk-grimes-secretly-welcome-second-child
=== エラー内容 ===
type:<class 'newspaper.article.ArticleException'>
args:("Article `download()` failed with HTTPSConnectionPool(host='www.reuters.com', port=443): Read timed out. (read timeout=7) on URL https://www.reuters.com/markets/europe/global-markets-wrapup-1-pix-2022-03-14/",)
e自身:Article `download()` failed with HTTPSConnectionPool(host='www.reuters.com', port=443): Read timed out. (read timeout=7) on URL https://www.reuters.com/markets/europe/global-markets-wrapup-1-pix-2022-03-14/
=== エラー内容 ===
type:<class 'newspaper.article.ArticleException'>
args:("Article `download()` failed with HTTPSConnectionPool(host='www.cnbc.com', port=443): Max retries exceeded with url: /2022/03/14/stocks-making-the-biggest-moves-in-the-premarket-alibaba-jdcom-occidental-petroleum-chevron-and-more.html (Caused by SSLError(SSLError(1, '[SSL: TLSV1_ALERT_INTERNAL_ERROR] tlsv1 alert internal error (_ssl.c:1123)'))) on URL https://www.cnbc.com/2022/03/14/stocks-making-the-biggest-moves-in-the-premarket-alibaba-jdcom-occidental-petroleum-chevron-and-more.html",)
e自身:Article `download()` failed with HTTPSConnectionPool(host='www.cnbc.com', port=443): Max retries exceeded with url: /2022/03/14/stocks-making-the-biggest-moves-in-the-premarket-alibaba-jdcom-occidental-petroleum-chevron-and-more.html (Caused by SSLError(SSLError(1, '[SSL: TLSV1_ALERT_INTERNAL_ERROR] tlsv1 alert internal error (_ssl.c:1123)'))) on URL https://www.cnbc.com/2022/03/14/stocks-making-the-biggest-moves-in-the-premarket-alibaba-jdcom-occidental-petroleum-chevron-and-more.html
=== エラー内容 ===
type:<class 'newspaper.article.ArticleException'>
args:("Article `download()` failed with HTTPSConnectionPool(host='www.cnbc.com', port=443): Max retries exceeded with url: /2022/03/14/asia-markets-russia-ukraine-war-covid-omicron-wave-in-china-currencies-oil.html (Caused by SSLError(SSLError(1, '[SSL: TLSV1_ALERT_INTERNAL_ERROR] tlsv1 alert internal error (_ssl.c:1123)'))) on URL https://www.cnbc.com/2022/03/14/asia-markets-russia-ukraine-war-covid-omicron-wave-in-china-currencies-oil.html",)
e自身:Article `download()` failed with HTTPSConnectionPool(host='www.cnbc.com', port=443): Max retries exceeded with url: /2022/03/14/asia-markets-russia-ukraine-war-covid-omicron-wave-in-china-currencies-oil.html (Caused by SSLError(SSLError(1, '[SSL: TLSV1_ALERT_INTERNAL_ERROR] tlsv1 alert internal error (_ssl.c:1123)'))) on URL https://www.cnbc.com/2022/03/14/asia-markets-russia-ukraine-war-covid-omicron-wave-in-china-currencies-oil.html
=== エラー内容 ===
type:<class 'newspaper.article.ArticleException'>
args:("Article `download()` failed with HTTPSConnectionPool(host='www.foxbusiness.com', port=443): Max retries exceeded with url: /retail/amazon-downtown-crime-wave (Caused by SSLError(SSLError(1, '[SSL: TLSV1_ALERT_INTERNAL_ERROR] tlsv1 alert internal error (_ssl.c:1123)'))) on URL https://www.foxbusiness.com/retail/amazon-downtown-crime-wave",)
e自身:Article `download()` failed with HTTPSConnectionPool(host='www.foxbusiness.com', port=443): Max retries exceeded with url: /retail/amazon-downtown-crime-wave (Caused by SSLError(SSLError(1, '[SSL: TLSV1_ALERT_INTERNAL_ERROR] tlsv1 alert internal error (_ssl.c:1123)'))) on URL https://www.foxbusiness.com/retail/amazon-downtown-crime-wave
=== エラー内容 ===
type:<class 'newspaper.article.ArticleException'>
args:("Article `download()` failed with HTTPSConnectionPool(host='www.foxbusiness.com', port=443): Max retries exceeded with url: /politics/how-do-oil-and-gas-leases-work (Caused by SSLError(SSLError(1, '[SSL: TLSV1_ALERT_INTERNAL_ERROR] tlsv1 alert internal error (_ssl.c:1123)'))) on URL https://www.foxbusiness.com/politics/how-do-oil-and-gas-leases-work",)
e自身:Article `download()` failed with HTTPSConnectionPool(host='www.foxbusiness.com', port=443): Max retries exceeded with url: /politics/how-do-oil-and-gas-leases-work (Caused by SSLError(SSLError(1, '[SSL: TLSV1_ALERT_INTERNAL_ERROR] tlsv1 alert internal error (_ssl.c:1123)'))) on URL https://www.foxbusiness.com/politics/how-do-oil-and-gas-leases-work
=== エラー内容 ===
type:<class 'newspaper.article.ArticleException'>
args:("Article `download()` failed with HTTPSConnectionPool(host='www.foxbusiness.com', port=443): Max retries exceeded with url: /politics/most-americans-back-russian-oil-sanctions-even-with-soaring-gas-prices-polls (Caused by SSLError(SSLError(1, '[SSL: TLSV1_ALERT_INTERNAL_ERROR] tlsv1 alert internal error (_ssl.c:1123)'))) on URL https://www.foxbusiness.com/politics/most-americans-back-russian-oil-sanctions-even-with-soaring-gas-prices-polls",)
e自身:Article `download()` failed with HTTPSConnectionPool(host='www.foxbusiness.com', port=443): Max retries exceeded with url: /politics/most-americans-back-russian-oil-sanctions-even-with-soaring-gas-prices-polls (Caused by SSLError(SSLError(1, '[SSL: TLSV1_ALERT_INTERNAL_ERROR] tlsv1 alert internal error (_ssl.c:1123)'))) on URL https://www.foxbusiness.com/politics/most-americans-back-russian-oil-sanctions-even-with-soaring-gas-prices-polls
=== エラー内容 ===
type:<class 'newspaper.article.ArticleException'>
args:("Article `download()` failed with HTTPSConnectionPool(host='www.foxbusiness.com', port=443): Max retries exceeded with url: /lifestyle/russia-ukraine-war-impact-fish-chip-prices (Caused by SSLError(SSLError(1, '[SSL: TLSV1_ALERT_INTERNAL_ERROR] tlsv1 alert internal error (_ssl.c:1123)'))) on URL https://www.foxbusiness.com/lifestyle/russia-ukraine-war-impact-fish-chip-prices",)
e自身:Article `download()` failed with HTTPSConnectionPool(host='www.foxbusiness.com', port=443): Max retries exceeded with url: /lifestyle/russia-ukraine-war-impact-fish-chip-prices (Caused by SSLError(SSLError(1, '[SSL: TLSV1_ALERT_INTERNAL_ERROR] tlsv1 alert internal error (_ssl.c:1123)'))) on URL https://www.foxbusiness.com/lifestyle/russia-ukraine-war-impact-fish-chip-prices
=== エラー内容 ===
type:<class 'newspaper.article.ArticleException'>
args:("Article `download()` failed with HTTPSConnectionPool(host='www.foxbusiness.com', port=443): Max retries exceeded with url: /politics/kudlow-rips-biden-over-inflation-amnesia (Caused by SSLError(SSLError(1, '[SSL: TLSV1_ALERT_INTERNAL_ERROR] tlsv1 alert internal error (_ssl.c:1123)'))) on URL https://www.foxbusiness.com/politics/kudlow-rips-biden-over-inflation-amnesia",)
e自身:Article `download()` failed with HTTPSConnectionPool(host='www.foxbusiness.com', port=443): Max retries exceeded with url: /politics/kudlow-rips-biden-over-inflation-amnesia (Caused by SSLError(SSLError(1, '[SSL: TLSV1_ALERT_INTERNAL_ERROR] tlsv1 alert internal error (_ssl.c:1123)'))) on URL https://www.foxbusiness.com/politics/kudlow-rips-biden-over-inflation-amnesia
=== エラー内容 ===
type:<class 'newspaper.article.ArticleException'>
args:("Article `download()` failed with HTTPSConnectionPool(host='www.washingtonpost.com', port=443): Max retries exceeded with url: /politics/2022/03/11/mccaul-im-astounded-that-zelenskys-still-alive/ (Caused by SSLError(SSLError(1, '[SSL: TLSV1_ALERT_INTERNAL_ERROR] tlsv1 alert internal error (_ssl.c:1123)'))) on URL https://www.washingtonpost.com/politics/2022/03/11/mccaul-im-astounded-that-zelenskys-still-alive/",)
e自身:Article `download()` failed with HTTPSConnectionPool(host='www.washingtonpost.com', port=443): Max retries exceeded with url: /politics/2022/03/11/mccaul-im-astounded-that-zelenskys-still-alive/ (Caused by SSLError(SSLError(1, '[SSL: TLSV1_ALERT_INTERNAL_ERROR] tlsv1 alert internal error (_ssl.c:1123)'))) on URL https://www.washingtonpost.com/politics/2022/03/11/mccaul-im-astounded-that-zelenskys-still-alive/
=== エラー内容 ===
type:<class 'newspaper.article.ArticleException'>
args:("Article `download()` failed with HTTPSConnectionPool(host='www.washingtonpost.com', port=443): Max retries exceeded with url: /politics/2022/03/14/gop-is-gaining-post-trump-trump-not-so-much/ (Caused by SSLError(SSLError(1, '[SSL: TLSV1_ALERT_INTERNAL_ERROR] tlsv1 alert internal error (_ssl.c:1123)'))) on URL https://www.washingtonpost.com/politics/2022/03/14/gop-is-gaining-post-trump-trump-not-so-much/",)
e自身:Article `download()` failed with HTTPSConnectionPool(host='www.washingtonpost.com', port=443): Max retries exceeded with url: /politics/2022/03/14/gop-is-gaining-post-trump-trump-not-so-much/ (Caused by SSLError(SSLError(1, '[SSL: TLSV1_ALERT_INTERNAL_ERROR] tlsv1 alert internal error (_ssl.c:1123)'))) on URL https://www.washingtonpost.com/politics/2022/03/14/gop-is-gaining-post-trump-trump-not-so-much/
=== エラー内容 ===
type:<class 'newspaper.article.ArticleException'>
args:("Article `download()` failed with HTTPSConnectionPool(host='www.washingtonpost.com', port=443): Max retries exceeded with url: /business/2022/03/14/congress-opioid-deductions/ (Caused by SSLError(SSLError(1, '[SSL: TLSV1_ALERT_INTERNAL_ERROR] tlsv1 alert internal error (_ssl.c:1123)'))) on URL https://www.washingtonpost.com/business/2022/03/14/congress-opioid-deductions/",)
e自身:Article `download()` failed with HTTPSConnectionPool(host='www.washingtonpost.com', port=443): Max retries exceeded with url: /business/2022/03/14/congress-opioid-deductions/ (Caused by SSLError(SSLError(1, '[SSL: TLSV1_ALERT_INTERNAL_ERROR] tlsv1 alert internal error (_ssl.c:1123)'))) on URL https://www.washingtonpost.com/business/2022/03/14/congress-opioid-deductions/
=== エラー内容 ===
type:<class 'newspaper.article.ArticleException'>
args:("Article `download()` failed with HTTPSConnectionPool(host='www.washingtonpost.com', port=443): Max retries exceeded with url: /opinions/2022/03/13/covid-death-toll-worse-than-reported/ (Caused by SSLError(SSLError(1, '[SSL: TLSV1_ALERT_INTERNAL_ERROR] tlsv1 alert internal error (_ssl.c:1123)'))) on URL https://www.washingtonpost.com/opinions/2022/03/13/covid-death-toll-worse-than-reported/",)
e自身:Article `download()` failed with HTTPSConnectionPool(host='www.washingtonpost.com', port=443): Max retries exceeded with url: /opinions/2022/03/13/covid-death-toll-worse-than-reported/ (Caused by SSLError(SSLError(1, '[SSL: TLSV1_ALERT_INTERNAL_ERROR] tlsv1 alert internal error (_ssl.c:1123)'))) on URL https://www.washingtonpost.com/opinions/2022/03/13/covid-death-toll-worse-than-reported/
=== エラー内容 ===
type:<class 'newspaper.article.ArticleException'>
args:("Article `download()` failed with HTTPSConnectionPool(host='www.washingtonpost.com', port=443): Max retries exceeded with url: /nation/2022/03/14/georgia-elections-fraud-purge/ (Caused by SSLError(SSLError(1, '[SSL: TLSV1_ALERT_INTERNAL_ERROR] tlsv1 alert internal error (_ssl.c:1123)'))) on URL https://www.washingtonpost.com/nation/2022/03/14/georgia-elections-fraud-purge/",)
e自身:Article `download()` failed with HTTPSConnectionPool(host='www.washingtonpost.com', port=443): Max retries exceeded with url: /nation/2022/03/14/georgia-elections-fraud-purge/ (Caused by SSLError(SSLError(1, '[SSL: TLSV1_ALERT_INTERNAL_ERROR] tlsv1 alert internal error (_ssl.c:1123)'))) on URL https://www.washingtonpost.com/nation/2022/03/14/georgia-elections-fraud-purge/
=== エラー内容 ===
type:<class 'newspaper.article.ArticleException'>
args:("Article `download()` failed with HTTPSConnectionPool(host='www.cnbc.com', port=443): Max retries exceeded with url: /2022/03/14/google-employees-growing-unhappy-with-pay-and-promotions-survey-shows.html (Caused by SSLError(SSLError(1, '[SSL: TLSV1_ALERT_INTERNAL_ERROR] tlsv1 alert internal error (_ssl.c:1123)'))) on URL https://www.cnbc.com/2022/03/14/google-employees-growing-unhappy-with-pay-and-promotions-survey-shows.html",)
e自身:Article `download()` failed with HTTPSConnectionPool(host='www.cnbc.com', port=443): Max retries exceeded with url: /2022/03/14/google-employees-growing-unhappy-with-pay-and-promotions-survey-shows.html (Caused by SSLError(SSLError(1, '[SSL: TLSV1_ALERT_INTERNAL_ERROR] tlsv1 alert internal error (_ssl.c:1123)'))) on URL https://www.cnbc.com/2022/03/14/google-employees-growing-unhappy-with-pay-and-promotions-survey-shows.html
=== エラー内容 ===
type:<class 'newspaper.article.ArticleException'>
args:("Article `download()` failed with HTTPSConnectionPool(host='www.cnbc.com', port=443): Read timed out. (read timeout=7) on URL https://www.cnbc.com/2022/03/14/stock-futures-rise-slightly-as-wall-street-awaits-fed-rate-hike-ukraine-developments.html",)
e自身:Article `download()` failed with HTTPSConnectionPool(host='www.cnbc.com', port=443): Read timed out. (read timeout=7) on URL https://www.cnbc.com/2022/03/14/stock-futures-rise-slightly-as-wall-street-awaits-fed-rate-hike-ukraine-developments.html
=== エラー内容 ===
type:<class 'newspaper.article.ArticleException'>
args:("Article `download()` failed with HTTPSConnectionPool(host='www.cnbc.com', port=443): Max retries exceeded with url: /2022/03/14/apple-supplier-foxconn-pauses-operations-in-shenzhen-amid-covid-outbreak.html (Caused by SSLError(SSLError(1, '[SSL: TLSV1_ALERT_INTERNAL_ERROR] tlsv1 alert internal error (_ssl.c:1123)'))) on URL https://www.cnbc.com/2022/03/14/apple-supplier-foxconn-pauses-operations-in-shenzhen-amid-covid-outbreak.html",)
e自身:Article `download()` failed with HTTPSConnectionPool(host='www.cnbc.com', port=443): Max retries exceeded with url: /2022/03/14/apple-supplier-foxconn-pauses-operations-in-shenzhen-amid-covid-outbreak.html (Caused by SSLError(SSLError(1, '[SSL: TLSV1_ALERT_INTERNAL_ERROR] tlsv1 alert internal error (_ssl.c:1123)'))) on URL https://www.cnbc.com/2022/03/14/apple-supplier-foxconn-pauses-operations-in-shenzhen-amid-covid-outbreak.html
=== エラー内容 ===
type:<class 'newspaper.article.ArticleException'>
args:("Article `download()` failed with HTTPSConnectionPool(host='www.cnbc.com', port=443): Max retries exceeded with url: /2022/03/14/chinas-silicon-valley-shenzhen-orders-production-halts-control-covid.html (Caused by SSLError(SSLError(1, '[SSL: TLSV1_ALERT_INTERNAL_ERROR] tlsv1 alert internal error (_ssl.c:1123)'))) on URL https://www.cnbc.com/2022/03/14/chinas-silicon-valley-shenzhen-orders-production-halts-control-covid.html",)
e自身:Article `download()` failed with HTTPSConnectionPool(host='www.cnbc.com', port=443): Max retries exceeded with url: /2022/03/14/chinas-silicon-valley-shenzhen-orders-production-halts-control-covid.html (Caused by SSLError(SSLError(1, '[SSL: TLSV1_ALERT_INTERNAL_ERROR] tlsv1 alert internal error (_ssl.c:1123)'))) on URL https://www.cnbc.com/2022/03/14/chinas-silicon-valley-shenzhen-orders-production-halts-control-covid.html
=== エラー内容 ===
type:<class 'newspaper.article.ArticleException'>
args:("Article `download()` failed with HTTPSConnectionPool(host='www.cnbc.com', port=443): Max retries exceeded with url: /2022/03/09/us-bonds-treasury-yields-rise-as-inflation-fears-persist.html (Caused by SSLError(SSLError(1, '[SSL: TLSV1_ALERT_INTERNAL_ERROR] tlsv1 alert internal error (_ssl.c:1123)'))) on URL https://www.cnbc.com/2022/03/09/us-bonds-treasury-yields-rise-as-inflation-fears-persist.html",)
e自身:Article `download()` failed with HTTPSConnectionPool(host='www.cnbc.com', port=443): Max retries exceeded with url: /2022/03/09/us-bonds-treasury-yields-rise-as-inflation-fears-persist.html (Caused by SSLError(SSLError(1, '[SSL: TLSV1_ALERT_INTERNAL_ERROR] tlsv1 alert internal error (_ssl.c:1123)'))) on URL https://www.cnbc.com/2022/03/09/us-bonds-treasury-yields-rise-as-inflation-fears-persist.html
=== エラー内容 ===
type:<class 'newspaper.article.ArticleException'>
args:("Article `download()` failed with HTTPSConnectionPool(host='www.foxbusiness.com', port=443): Max retries exceeded with url: /economy/china-covid-lockdown-apple-automakers-inflation (Caused by SSLError(SSLError(1, '[SSL: TLSV1_ALERT_INTERNAL_ERROR] tlsv1 alert internal error (_ssl.c:1123)'))) on URL https://www.foxbusiness.com/economy/china-covid-lockdown-apple-automakers-inflation",)
e自身:Article `download()` failed with HTTPSConnectionPool(host='www.foxbusiness.com', port=443): Max retries exceeded with url: /economy/china-covid-lockdown-apple-automakers-inflation (Caused by SSLError(SSLError(1, '[SSL: TLSV1_ALERT_INTERNAL_ERROR] tlsv1 alert internal error (_ssl.c:1123)'))) on URL https://www.foxbusiness.com/economy/china-covid-lockdown-apple-automakers-inflation
=== エラー内容 ===
type:<class 'newspaper.article.ArticleException'>
args:("Article `download()` failed with HTTPSConnectionPool(host='www.foxbusiness.com', port=443): Max retries exceeded with url: /markets/white-house-tiktok-stars-putin-gas-prices (Caused by SSLError(SSLError(1, '[SSL: TLSV1_ALERT_INTERNAL_ERROR] tlsv1 alert internal error (_ssl.c:1123)'))) on URL https://www.foxbusiness.com/markets/white-house-tiktok-stars-putin-gas-prices",)
e自身:Article `download()` failed with HTTPSConnectionPool(host='www.foxbusiness.com', port=443): Max retries exceeded with url: /markets/white-house-tiktok-stars-putin-gas-prices (Caused by SSLError(SSLError(1, '[SSL: TLSV1_ALERT_INTERNAL_ERROR] tlsv1 alert internal error (_ssl.c:1123)'))) on URL https://www.foxbusiness.com/markets/white-house-tiktok-stars-putin-gas-prices
=== エラー内容 ===
type:<class 'newspaper.article.ArticleException'>
args:("Article `download()` failed with HTTPSConnectionPool(host='www.foxbusiness.com', port=443): Max retries exceeded with url: /lifestyle/pfizer-supplying-medicines-russia-patients-come-first (Caused by SSLError(SSLError(1, '[SSL: TLSV1_ALERT_INTERNAL_ERROR] tlsv1 alert internal error (_ssl.c:1123)'))) on URL https://www.foxbusiness.com/lifestyle/pfizer-supplying-medicines-russia-patients-come-first",)
e自身:Article `download()` failed with HTTPSConnectionPool(host='www.foxbusiness.com', port=443): Max retries exceeded with url: /lifestyle/pfizer-supplying-medicines-russia-patients-come-first (Caused by SSLError(SSLError(1, '[SSL: TLSV1_ALERT_INTERNAL_ERROR] tlsv1 alert internal error (_ssl.c:1123)'))) on URL https://www.foxbusiness.com/lifestyle/pfizer-supplying-medicines-russia-patients-come-first
=== エラー内容 ===
type:<class 'newspaper.article.ArticleException'>
args:("Article `download()` failed with HTTPSConnectionPool(host='www.foxbusiness.com', port=443): Max retries exceeded with url: /lifestyle/elon-musk-putin-single-combat-ukraine-russia-responds-little-devil (Caused by SSLError(SSLError(1, '[SSL: TLSV1_ALERT_INTERNAL_ERROR] tlsv1 alert internal error (_ssl.c:1123)'))) on URL https://www.foxbusiness.com/lifestyle/elon-musk-putin-single-combat-ukraine-russia-responds-little-devil",)
e自身:Article `download()` failed with HTTPSConnectionPool(host='www.foxbusiness.com', port=443): Max retries exceeded with url: /lifestyle/elon-musk-putin-single-combat-ukraine-russia-responds-little-devil (Caused by SSLError(SSLError(1, '[SSL: TLSV1_ALERT_INTERNAL_ERROR] tlsv1 alert internal error (_ssl.c:1123)'))) on URL https://www.foxbusiness.com/lifestyle/elon-musk-putin-single-combat-ukraine-russia-responds-little-devil
=== エラー内容 ===
type:<class 'newspaper.article.ArticleException'>
args:("Article `download()` failed with HTTPSConnectionPool(host='www.foxbusiness.com', port=443): Max retries exceeded with url: /retail/amazon-downtown-crime-wave (Caused by SSLError(SSLError(1, '[SSL: TLSV1_ALERT_INTERNAL_ERROR] tlsv1 alert internal error (_ssl.c:1123)'))) on URL https://www.foxbusiness.com/retail/amazon-downtown-crime-wave",)
e自身:Article `download()` failed with HTTPSConnectionPool(host='www.foxbusiness.com', port=443): Max retries exceeded with url: /retail/amazon-downtown-crime-wave (Caused by SSLError(SSLError(1, '[SSL: TLSV1_ALERT_INTERNAL_ERROR] tlsv1 alert internal error (_ssl.c:1123)'))) on URL https://www.foxbusiness.com/retail/amazon-downtown-crime-wave
=== エラー内容 ===
type:<class 'newspaper.article.ArticleException'>
args:("Article `download()` failed with HTTPSConnectionPool(host='www.foxbusiness.com', port=443): Read timed out. (read timeout=7) on URL https://www.foxbusiness.com/politics/daines-biden-democrats-russian-oil-ban-green-new-deal",)
e自身:Article `download()` failed with HTTPSConnectionPool(host='www.foxbusiness.com', port=443): Read timed out. (read timeout=7) on URL https://www.foxbusiness.com/politics/daines-biden-democrats-russian-oil-ban-green-new-deal
=== エラー内容 ===
type:<class 'newspaper.article.ArticleException'>
args:("Article `download()` failed with HTTPSConnectionPool(host='www.foxbusiness.com', port=443): Read timed out. (read timeout=7) on URL https://www.foxbusiness.com/markets/gold-3-15-22",)
e自身:Article `download()` failed with HTTPSConnectionPool(host='www.foxbusiness.com', port=443): Read timed out. (read timeout=7) on URL https://www.foxbusiness.com/markets/gold-3-15-22
=== エラー内容 ===
type:<class 'newspaper.article.ArticleException'>
args:("Article `download()` failed with HTTPSConnectionPool(host='www.cnbc.com', port=443): Max retries exceeded with url: /2022/03/14/facebook-bans-death-threats-russia-leader-putin-despite-ukraine-war.html (Caused by SSLError(SSLError(1, '[SSL: TLSV1_ALERT_INTERNAL_ERROR] tlsv1 alert internal error (_ssl.c:1123)'))) on URL https://www.cnbc.com/2022/03/14/facebook-bans-death-threats-russia-leader-putin-despite-ukraine-war.html",)
e自身:Article `download()` failed with HTTPSConnectionPool(host='www.cnbc.com', port=443): Max retries exceeded with url: /2022/03/14/facebook-bans-death-threats-russia-leader-putin-despite-ukraine-war.html (Caused by SSLError(SSLError(1, '[SSL: TLSV1_ALERT_INTERNAL_ERROR] tlsv1 alert internal error (_ssl.c:1123)'))) on URL https://www.cnbc.com/2022/03/14/facebook-bans-death-threats-russia-leader-putin-despite-ukraine-war.html
=== エラー内容 ===
type:<class 'newspaper.article.ArticleException'>
args:("Article `download()` failed with HTTPSConnectionPool(host='www.cnbc.com', port=443): Max retries exceeded with url: /2022/03/15/asia-markets-china-economy-russia-ukraine-war-currencies-oil.html (Caused by SSLError(SSLError(1, '[SSL: TLSV1_ALERT_INTERNAL_ERROR] tlsv1 alert internal error (_ssl.c:1123)'))) on URL https://www.cnbc.com/2022/03/15/asia-markets-china-economy-russia-ukraine-war-currencies-oil.html",)
e自身:Article `download()` failed with HTTPSConnectionPool(host='www.cnbc.com', port=443): Max retries exceeded with url: /2022/03/15/asia-markets-china-economy-russia-ukraine-war-currencies-oil.html (Caused by SSLError(SSLError(1, '[SSL: TLSV1_ALERT_INTERNAL_ERROR] tlsv1 alert internal error (_ssl.c:1123)'))) on URL https://www.cnbc.com/2022/03/15/asia-markets-china-economy-russia-ukraine-war-currencies-oil.html
=== エラー内容 ===
type:<class 'newspaper.article.ArticleException'>
args:("Article `download()` failed with HTTPSConnectionPool(host='www.cnbc.com', port=443): Max retries exceeded with url: /2022/03/15/russia-ukraine-live-updates.html (Caused by SSLError(SSLError(1, '[SSL: TLSV1_ALERT_INTERNAL_ERROR] tlsv1 alert internal error (_ssl.c:1123)'))) on URL https://www.cnbc.com/2022/03/15/russia-ukraine-live-updates.html",)
e自身:Article `download()` failed with HTTPSConnectionPool(host='www.cnbc.com', port=443): Max retries exceeded with url: /2022/03/15/russia-ukraine-live-updates.html (Caused by SSLError(SSLError(1, '[SSL: TLSV1_ALERT_INTERNAL_ERROR] tlsv1 alert internal error (_ssl.c:1123)'))) on URL https://www.cnbc.com/2022/03/15/russia-ukraine-live-updates.html
=== エラー内容 ===
type:<class 'newspaper.article.ArticleException'>
args:("Article `download()` failed with HTTPSConnectionPool(host='www.foxbusiness.com', port=443): Max retries exceeded with url: /politics/manchin-sarah-bloom-raskin-federal-reserve-board (Caused by SSLError(SSLError(1, '[SSL: TLSV1_ALERT_INTERNAL_ERROR] tlsv1 alert internal error (_ssl.c:1123)'))) on URL https://www.foxbusiness.com/politics/manchin-sarah-bloom-raskin-federal-reserve-board",)
e自身:Article `download()` failed with HTTPSConnectionPool(host='www.foxbusiness.com', port=443): Max retries exceeded with url: /politics/manchin-sarah-bloom-raskin-federal-reserve-board (Caused by SSLError(SSLError(1, '[SSL: TLSV1_ALERT_INTERNAL_ERROR] tlsv1 alert internal error (_ssl.c:1123)'))) on URL https://www.foxbusiness.com/politics/manchin-sarah-bloom-raskin-federal-reserve-board
=== エラー内容 ===
type:<class 'newspaper.article.ArticleException'>
args:("Article `download()` failed with HTTPSConnectionPool(host='www.foxbusiness.com', port=443): Max retries exceeded with url: /economy/china-covid-lockdown-apple-automakers-inflation (Caused by SSLError(SSLError(1, '[SSL: TLSV1_ALERT_INTERNAL_ERROR] tlsv1 alert internal error (_ssl.c:1123)'))) on URL https://www.foxbusiness.com/economy/china-covid-lockdown-apple-automakers-inflation",)
e自身:Article `download()` failed with HTTPSConnectionPool(host='www.foxbusiness.com', port=443): Max retries exceeded with url: /economy/china-covid-lockdown-apple-automakers-inflation (Caused by SSLError(SSLError(1, '[SSL: TLSV1_ALERT_INTERNAL_ERROR] tlsv1 alert internal error (_ssl.c:1123)'))) on URL https://www.foxbusiness.com/economy/china-covid-lockdown-apple-automakers-inflation
=== エラー内容 ===
type:<class 'newspaper.article.ArticleException'>
args:("Article `download()` failed with HTTPSConnectionPool(host='www.cnbc.com', port=443): Max retries exceeded with url: /2022/03/15/oil-shell-directors-sued-for-failing-to-prepare-for-energy-transition.html (Caused by SSLError(SSLError(1, '[SSL: TLSV1_ALERT_INTERNAL_ERROR] tlsv1 alert internal error (_ssl.c:1123)'))) on URL https://www.cnbc.com/2022/03/15/oil-shell-directors-sued-for-failing-to-prepare-for-energy-transition.html",)
e自身:Article `download()` failed with HTTPSConnectionPool(host='www.cnbc.com', port=443): Max retries exceeded with url: /2022/03/15/oil-shell-directors-sued-for-failing-to-prepare-for-energy-transition.html (Caused by SSLError(SSLError(1, '[SSL: TLSV1_ALERT_INTERNAL_ERROR] tlsv1 alert internal error (_ssl.c:1123)'))) on URL https://www.cnbc.com/2022/03/15/oil-shell-directors-sued-for-failing-to-prepare-for-energy-transition.html
=== エラー内容 ===
type:<class 'urllib.error.HTTPError'>
args:()
e自身:HTTP Error 503: Service Unavailable
url:https://news.google.com/rss/search?q=+after:2022-3-13+inurl:reuters.com&hl=en-US&gl=US&ceid=US:en
=== エラー内容 ===
type:<class 'newspaper.article.ArticleException'>
args:("Article `download()` failed with HTTPSConnectionPool(host='www.cnbc.com', port=443): Max retries exceeded with url: /2022/03/15/oil-shell-directors-sued-for-failing-to-prepare-for-energy-transition.html (Caused by SSLError(SSLError(1, '[SSL: TLSV1_ALERT_INTERNAL_ERROR] tlsv1 alert internal error (_ssl.c:1123)'))) on URL https://www.cnbc.com/2022/03/15/oil-shell-directors-sued-for-failing-to-prepare-for-energy-transition.html",)
e自身:Article `download()` failed with HTTPSConnectionPool(host='www.cnbc.com', port=443): Max retries exceeded with url: /2022/03/15/oil-shell-directors-sued-for-failing-to-prepare-for-energy-transition.html (Caused by SSLError(SSLError(1, '[SSL: TLSV1_ALERT_INTERNAL_ERROR] tlsv1 alert internal error (_ssl.c:1123)'))) on URL https://www.cnbc.com/2022/03/15/oil-shell-directors-sued-for-failing-to-prepare-for-energy-transition.html
=== エラー内容 ===
type:<class 'newspaper.article.ArticleException'>
args:("Article `download()` failed with HTTPSConnectionPool(host='www.foxbusiness.com', port=443): Max retries exceeded with url: /markets/us-stocks-3-15-22 (Caused by SSLError(SSLError(1, '[SSL: TLSV1_ALERT_INTERNAL_ERROR] tlsv1 alert internal error (_ssl.c:1123)'))) on URL https://www.foxbusiness.com/markets/us-stocks-3-15-22",)
e自身:Article `download()` failed with HTTPSConnectionPool(host='www.foxbusiness.com', port=443): Max retries exceeded with url: /markets/us-stocks-3-15-22 (Caused by SSLError(SSLError(1, '[SSL: TLSV1_ALERT_INTERNAL_ERROR] tlsv1 alert internal error (_ssl.c:1123)'))) on URL https://www.foxbusiness.com/markets/us-stocks-3-15-22
=== エラー内容 ===
type:<class 'newspaper.article.ArticleException'>
args:("Article `download()` failed with HTTPSConnectionPool(host='www.foxbusiness.com', port=443): Max retries exceeded with url: /economy/china-covid-lockdown-apple-automakers-inflation (Caused by SSLError(SSLError(1, '[SSL: TLSV1_ALERT_INTERNAL_ERROR] tlsv1 alert internal error (_ssl.c:1123)'))) on URL https://www.foxbusiness.com/economy/china-covid-lockdown-apple-automakers-inflation",)
e自身:Article `download()` failed with HTTPSConnectionPool(host='www.foxbusiness.com', port=443): Max retries exceeded with url: /economy/china-covid-lockdown-apple-automakers-inflation (Caused by SSLError(SSLError(1, '[SSL: TLSV1_ALERT_INTERNAL_ERROR] tlsv1 alert internal error (_ssl.c:1123)'))) on URL https://www.foxbusiness.com/economy/china-covid-lockdown-apple-automakers-inflation
=== エラー内容 ===
type:<class 'newspaper.article.ArticleException'>
args:("Article `download()` failed with HTTPSConnectionPool(host='www.cnbc.com', port=443): Max retries exceeded with url: /2022/03/15/asia-markets-china-economy-russia-ukraine-war-currencies-oil.html (Caused by SSLError(SSLError(1, '[SSL: TLSV1_ALERT_INTERNAL_ERROR] tlsv1 alert internal error (_ssl.c:1123)'))) on URL https://www.cnbc.com/2022/03/15/asia-markets-china-economy-russia-ukraine-war-currencies-oil.html",)
e自身:Article `download()` failed with HTTPSConnectionPool(host='www.cnbc.com', port=443): Max retries exceeded with url: /2022/03/15/asia-markets-china-economy-russia-ukraine-war-currencies-oil.html (Caused by SSLError(SSLError(1, '[SSL: TLSV1_ALERT_INTERNAL_ERROR] tlsv1 alert internal error (_ssl.c:1123)'))) on URL https://www.cnbc.com/2022/03/15/asia-markets-china-economy-russia-ukraine-war-currencies-oil.html
=== エラー内容 ===
type:<class 'newspaper.article.ArticleException'>
args:("Article `download()` failed with HTTPSConnectionPool(host='www.cnbc.com', port=443): Max retries exceeded with url: /2022/03/14/cramers-lightning-round-stay-away-from-snap-here.html (Caused by SSLError(SSLError(1, '[SSL: TLSV1_ALERT_INTERNAL_ERROR] tlsv1 alert internal error (_ssl.c:1123)'))) on URL https://www.cnbc.com/2022/03/14/cramers-lightning-round-stay-away-from-snap-here.html",)
e自身:Article `download()` failed with HTTPSConnectionPool(host='www.cnbc.com', port=443): Max retries exceeded with url: /2022/03/14/cramers-lightning-round-stay-away-from-snap-here.html (Caused by SSLError(SSLError(1, '[SSL: TLSV1_ALERT_INTERNAL_ERROR] tlsv1 alert internal error (_ssl.c:1123)'))) on URL https://www.cnbc.com/2022/03/14/cramers-lightning-round-stay-away-from-snap-here.html
=== エラー内容 ===
type:<class 'newspaper.article.ArticleException'>
args:("Article `download()` failed with HTTPSConnectionPool(host='www.cnbc.com', port=443): Max retries exceeded with url: /2022/03/15/european-markets-ukraine-russia-war-weighs-on-sentiment-fed-ahead.html (Caused by SSLError(SSLError(1, '[SSL: TLSV1_ALERT_INTERNAL_ERROR] tlsv1 alert internal error (_ssl.c:1123)'))) on URL https://www.cnbc.com/2022/03/15/european-markets-ukraine-russia-war-weighs-on-sentiment-fed-ahead.html",)
e自身:Article `download()` failed with HTTPSConnectionPool(host='www.cnbc.com', port=443): Max retries exceeded with url: /2022/03/15/european-markets-ukraine-russia-war-weighs-on-sentiment-fed-ahead.html (Caused by SSLError(SSLError(1, '[SSL: TLSV1_ALERT_INTERNAL_ERROR] tlsv1 alert internal error (_ssl.c:1123)'))) on URL https://www.cnbc.com/2022/03/15/european-markets-ukraine-russia-war-weighs-on-sentiment-fed-ahead.html
=== エラー内容 ===
type:<class 'newspaper.article.ArticleException'>
args:("Article `download()` failed with HTTPSConnectionPool(host='www.cnbc.com', port=443): Max retries exceeded with url: /2022/03/15/chinas-retail-sales-industrial-data-soundly-beat-expectations.html (Caused by SSLError(SSLError(1, '[SSL: TLSV1_ALERT_INTERNAL_ERROR] tlsv1 alert internal error (_ssl.c:1123)'))) on URL https://www.cnbc.com/2022/03/15/chinas-retail-sales-industrial-data-soundly-beat-expectations.html",)
e自身:Article `download()` failed with HTTPSConnectionPool(host='www.cnbc.com', port=443): Max retries exceeded with url: /2022/03/15/chinas-retail-sales-industrial-data-soundly-beat-expectations.html (Caused by SSLError(SSLError(1, '[SSL: TLSV1_ALERT_INTERNAL_ERROR] tlsv1 alert internal error (_ssl.c:1123)'))) on URL https://www.cnbc.com/2022/03/15/chinas-retail-sales-industrial-data-soundly-beat-expectations.html
=== エラー内容 ===
type:<class 'newspaper.article.ArticleException'>
args:("Article `download()` failed with HTTPSConnectionPool(host='www.cnbc.com', port=443): Read timed out. (read timeout=7) on URL https://www.cnbc.com/2022/03/15/european-markets-ukraine-russia-war-weighs-on-sentiment-fed-ahead.html",)
e自身:Article `download()` failed with HTTPSConnectionPool(host='www.cnbc.com', port=443): Read timed out. (read timeout=7) on URL https://www.cnbc.com/2022/03/15/european-markets-ukraine-russia-war-weighs-on-sentiment-fed-ahead.html
=== エラー内容 ===
type:<class 'newspaper.article.ArticleException'>
args:("Article `download()` failed with HTTPSConnectionPool(host='www.foxbusiness.com', port=443): Max retries exceeded with url: /markets/us-stocks-3-15-22 (Caused by SSLError(SSLError(1, '[SSL: TLSV1_ALERT_INTERNAL_ERROR] tlsv1 alert internal error (_ssl.c:1123)'))) on URL https://www.foxbusiness.com/markets/us-stocks-3-15-22",)
e自身:Article `download()` failed with HTTPSConnectionPool(host='www.foxbusiness.com', port=443): Max retries exceeded with url: /markets/us-stocks-3-15-22 (Caused by SSLError(SSLError(1, '[SSL: TLSV1_ALERT_INTERNAL_ERROR] tlsv1 alert internal error (_ssl.c:1123)'))) on URL https://www.foxbusiness.com/markets/us-stocks-3-15-22
=== エラー内容 ===
type:<class 'newspaper.article.ArticleException'>
args:("Article `download()` failed with HTTPSConnectionPool(host='www.foxbusiness.com', port=443): Max retries exceeded with url: /economy/china-covid-lockdown-apple-automakers-inflation (Caused by SSLError(SSLError(1, '[SSL: TLSV1_ALERT_INTERNAL_ERROR] tlsv1 alert internal error (_ssl.c:1123)'))) on URL https://www.foxbusiness.com/economy/china-covid-lockdown-apple-automakers-inflation",)
e自身:Article `download()` failed with HTTPSConnectionPool(host='www.foxbusiness.com', port=443): Max retries exceeded with url: /economy/china-covid-lockdown-apple-automakers-inflation (Caused by SSLError(SSLError(1, '[SSL: TLSV1_ALERT_INTERNAL_ERROR] tlsv1 alert internal error (_ssl.c:1123)'))) on URL https://www.foxbusiness.com/economy/china-covid-lockdown-apple-automakers-inflation
=== エラー内容 ===
type:<class 'newspaper.article.ArticleException'>
args:("Article `download()` failed with HTTPSConnectionPool(host='www.foxbusiness.com', port=443): Max retries exceeded with url: /media/youtuber-meet-kevin-anti-war-russian-journalist (Caused by SSLError(SSLError(1, '[SSL: TLSV1_ALERT_INTERNAL_ERROR] tlsv1 alert internal error (_ssl.c:1123)'))) on URL https://www.foxbusiness.com/media/youtuber-meet-kevin-anti-war-russian-journalist",)
e自身:Article `download()` failed with HTTPSConnectionPool(host='www.foxbusiness.com', port=443): Max retries exceeded with url: /media/youtuber-meet-kevin-anti-war-russian-journalist (Caused by SSLError(SSLError(1, '[SSL: TLSV1_ALERT_INTERNAL_ERROR] tlsv1 alert internal error (_ssl.c:1123)'))) on URL https://www.foxbusiness.com/media/youtuber-meet-kevin-anti-war-russian-journalist
=== エラー内容 ===
type:<class 'newspaper.article.ArticleException'>
args:("Article `download()` failed with HTTPSConnectionPool(host='www.foxbusiness.com', port=443): Max retries exceeded with url: /politics/biden-fed-nominee-sarah-bloom-raskin-withdraws-board-candidacy (Caused by SSLError(SSLError(1, '[SSL: TLSV1_ALERT_INTERNAL_ERROR] tlsv1 alert internal error (_ssl.c:1123)'))) on URL https://www.foxbusiness.com/politics/biden-fed-nominee-sarah-bloom-raskin-withdraws-board-candidacy",)
e自身:Article `download()` failed with HTTPSConnectionPool(host='www.foxbusiness.com', port=443): Max retries exceeded with url: /politics/biden-fed-nominee-sarah-bloom-raskin-withdraws-board-candidacy (Caused by SSLError(SSLError(1, '[SSL: TLSV1_ALERT_INTERNAL_ERROR] tlsv1 alert internal error (_ssl.c:1123)'))) on URL https://www.foxbusiness.com/politics/biden-fed-nominee-sarah-bloom-raskin-withdraws-board-candidacy
=== エラー内容 ===
type:<class 'newspaper.article.ArticleException'>
args:("Article `download()` failed with HTTPSConnectionPool(host='www.foxbusiness.com', port=443): Max retries exceeded with url: /lifestyle/pfizer-supplying-medicines-russia-patients-come-first (Caused by SSLError(SSLError(1, '[SSL: TLSV1_ALERT_INTERNAL_ERROR] tlsv1 alert internal error (_ssl.c:1123)'))) on URL https://www.foxbusiness.com/lifestyle/pfizer-supplying-medicines-russia-patients-come-first",)
e自身:Article `download()` failed with HTTPSConnectionPool(host='www.foxbusiness.com', port=443): Max retries exceeded with url: /lifestyle/pfizer-supplying-medicines-russia-patients-come-first (Caused by SSLError(SSLError(1, '[SSL: TLSV1_ALERT_INTERNAL_ERROR] tlsv1 alert internal error (_ssl.c:1123)'))) on URL https://www.foxbusiness.com/lifestyle/pfizer-supplying-medicines-russia-patients-come-first
=== エラー内容 ===
type:<class 'newspaper.article.ArticleException'>
args:("Article `download()` failed with HTTPSConnectionPool(host='www.foxbusiness.com', port=443): Max retries exceeded with url: /economy/gas-prices-fall-tuesday-oil-barrel (Caused by SSLError(SSLError(1, '[SSL: TLSV1_ALERT_INTERNAL_ERROR] tlsv1 alert internal error (_ssl.c:1123)'))) on URL https://www.foxbusiness.com/economy/gas-prices-fall-tuesday-oil-barrel",)
e自身:Article `download()` failed with HTTPSConnectionPool(host='www.foxbusiness.com', port=443): Max retries exceeded with url: /economy/gas-prices-fall-tuesday-oil-barrel (Caused by SSLError(SSLError(1, '[SSL: TLSV1_ALERT_INTERNAL_ERROR] tlsv1 alert internal error (_ssl.c:1123)'))) on URL https://www.foxbusiness.com/economy/gas-prices-fall-tuesday-oil-barrel
=== エラー内容 ===
type:<class 'newspaper.article.ArticleException'>
args:("Article `download()` failed with HTTPSConnectionPool(host='www.cnbc.com', port=443): Max retries exceeded with url: /2022/03/16/asia-markets-us-federal-reserve-covid-in-china-russia-debt-payment-currencies-oil.html (Caused by SSLError(SSLError(1, '[SSL: TLSV1_ALERT_INTERNAL_ERROR] tlsv1 alert internal error (_ssl.c:1123)'))) on URL https://www.cnbc.com/2022/03/16/asia-markets-us-federal-reserve-covid-in-china-russia-debt-payment-currencies-oil.html",)
e自身:Article `download()` failed with HTTPSConnectionPool(host='www.cnbc.com', port=443): Max retries exceeded with url: /2022/03/16/asia-markets-us-federal-reserve-covid-in-china-russia-debt-payment-currencies-oil.html (Caused by SSLError(SSLError(1, '[SSL: TLSV1_ALERT_INTERNAL_ERROR] tlsv1 alert internal error (_ssl.c:1123)'))) on URL https://www.cnbc.com/2022/03/16/asia-markets-us-federal-reserve-covid-in-china-russia-debt-payment-currencies-oil.html
=== エラー内容 ===
type:<class 'newspaper.article.ArticleException'>
args:("Article `download()` failed with HTTPSConnectionPool(host='www.cnbc.com', port=443): Max retries exceeded with url: /2022/03/15/doordash-offers-gas-rewards-program-for-drivers-amid-rising-prices.html (Caused by SSLError(SSLError(1, '[SSL: TLSV1_ALERT_INTERNAL_ERROR] tlsv1 alert internal error (_ssl.c:1123)'))) on URL https://www.cnbc.com/2022/03/15/doordash-offers-gas-rewards-program-for-drivers-amid-rising-prices.html",)
e自身:Article `download()` failed with HTTPSConnectionPool(host='www.cnbc.com', port=443): Max retries exceeded with url: /2022/03/15/doordash-offers-gas-rewards-program-for-drivers-amid-rising-prices.html (Caused by SSLError(SSLError(1, '[SSL: TLSV1_ALERT_INTERNAL_ERROR] tlsv1 alert internal error (_ssl.c:1123)'))) on URL https://www.cnbc.com/2022/03/15/doordash-offers-gas-rewards-program-for-drivers-amid-rising-prices.html
=== エラー内容 ===
type:<class 'newspaper.article.ArticleException'>
args:("Article `download()` failed with HTTPSConnectionPool(host='www.cnbc.com', port=443): Max retries exceeded with url: /2022/03/15/stock-market-futures-open-to-close-news.html (Caused by SSLError(SSLError(1, '[SSL: TLSV1_ALERT_INTERNAL_ERROR] tlsv1 alert internal error (_ssl.c:1123)'))) on URL https://www.cnbc.com/2022/03/15/stock-market-futures-open-to-close-news.html",)
e自身:Article `download()` failed with HTTPSConnectionPool(host='www.cnbc.com', port=443): Max retries exceeded with url: /2022/03/15/stock-market-futures-open-to-close-news.html (Caused by SSLError(SSLError(1, '[SSL: TLSV1_ALERT_INTERNAL_ERROR] tlsv1 alert internal error (_ssl.c:1123)'))) on URL https://www.cnbc.com/2022/03/15/stock-market-futures-open-to-close-news.html
=== エラー内容 ===
type:<class 'newspaper.article.ArticleException'>
args:("Article `download()` failed with HTTPSConnectionPool(host='www.cnbc.com', port=443): Max retries exceeded with url: /2022/03/14/cramers-lightning-round-stay-away-from-snap-here.html (Caused by SSLError(SSLError(1, '[SSL: TLSV1_ALERT_INTERNAL_ERROR] tlsv1 alert internal error (_ssl.c:1123)'))) on URL https://www.cnbc.com/2022/03/14/cramers-lightning-round-stay-away-from-snap-here.html",)
e自身:Article `download()` failed with HTTPSConnectionPool(host='www.cnbc.com', port=443): Max retries exceeded with url: /2022/03/14/cramers-lightning-round-stay-away-from-snap-here.html (Caused by SSLError(SSLError(1, '[SSL: TLSV1_ALERT_INTERNAL_ERROR] tlsv1 alert internal error (_ssl.c:1123)'))) on URL https://www.cnbc.com/2022/03/14/cramers-lightning-round-stay-away-from-snap-here.html
=== エラー内容 ===
type:<class 'newspaper.article.ArticleException'>
args:("Article `download()` failed with HTTPSConnectionPool(host='www.cnbc.com', port=443): Max retries exceeded with url: /2022/03/14/most-and-least-expensive-states-to-buy-gas.html (Caused by SSLError(SSLError(1, '[SSL: TLSV1_ALERT_INTERNAL_ERROR] tlsv1 alert internal error (_ssl.c:1123)'))) on URL https://www.cnbc.com/2022/03/14/most-and-least-expensive-states-to-buy-gas.html",)
e自身:Article `download()` failed with HTTPSConnectionPool(host='www.cnbc.com', port=443): Max retries exceeded with url: /2022/03/14/most-and-least-expensive-states-to-buy-gas.html (Caused by SSLError(SSLError(1, '[SSL: TLSV1_ALERT_INTERNAL_ERROR] tlsv1 alert internal error (_ssl.c:1123)'))) on URL https://www.cnbc.com/2022/03/14/most-and-least-expensive-states-to-buy-gas.html
=== エラー内容 ===
type:<class 'newspaper.article.ArticleException'>
args:("Article `download()` failed with HTTPSConnectionPool(host='www.cnbc.com', port=443): Max retries exceeded with url: /2022/03/15/oil-shell-directors-sued-for-failing-to-prepare-for-energy-transition.html (Caused by SSLError(SSLError(1, '[SSL: TLSV1_ALERT_INTERNAL_ERROR] tlsv1 alert internal error (_ssl.c:1123)'))) on URL https://www.cnbc.com/2022/03/15/oil-shell-directors-sued-for-failing-to-prepare-for-energy-transition.html",)
e自身:Article `download()` failed with HTTPSConnectionPool(host='www.cnbc.com', port=443): Max retries exceeded with url: /2022/03/15/oil-shell-directors-sued-for-failing-to-prepare-for-energy-transition.html (Caused by SSLError(SSLError(1, '[SSL: TLSV1_ALERT_INTERNAL_ERROR] tlsv1 alert internal error (_ssl.c:1123)'))) on URL https://www.cnbc.com/2022/03/15/oil-shell-directors-sued-for-failing-to-prepare-for-energy-transition.html
=== エラー内容 ===
type:<class 'newspaper.article.ArticleException'>
args:("Article `download()` failed with HTTPSConnectionPool(host='www.cnbc.com', port=443): Max retries exceeded with url: /2022/03/15/european-markets-ukraine-russia-war-weighs-on-sentiment-fed-ahead.html (Caused by SSLError(SSLError(1, '[SSL: TLSV1_ALERT_INTERNAL_ERROR] tlsv1 alert internal error (_ssl.c:1123)'))) on URL https://www.cnbc.com/2022/03/15/european-markets-ukraine-russia-war-weighs-on-sentiment-fed-ahead.html",)
e自身:Article `download()` failed with HTTPSConnectionPool(host='www.cnbc.com', port=443): Max retries exceeded with url: /2022/03/15/european-markets-ukraine-russia-war-weighs-on-sentiment-fed-ahead.html (Caused by SSLError(SSLError(1, '[SSL: TLSV1_ALERT_INTERNAL_ERROR] tlsv1 alert internal error (_ssl.c:1123)'))) on URL https://www.cnbc.com/2022/03/15/european-markets-ukraine-russia-war-weighs-on-sentiment-fed-ahead.html
=== エラー内容 ===
type:<class 'newspaper.article.ArticleException'>
args:("Article `download()` failed with HTTPSConnectionPool(host='www.cnbc.com', port=443): Max retries exceeded with url: /2022/03/15/chinas-retail-sales-industrial-data-soundly-beat-expectations.html (Caused by SSLError(SSLError(1, '[SSL: TLSV1_ALERT_INTERNAL_ERROR] tlsv1 alert internal error (_ssl.c:1123)'))) on URL https://www.cnbc.com/2022/03/15/chinas-retail-sales-industrial-data-soundly-beat-expectations.html",)
e自身:Article `download()` failed with HTTPSConnectionPool(host='www.cnbc.com', port=443): Max retries exceeded with url: /2022/03/15/chinas-retail-sales-industrial-data-soundly-beat-expectations.html (Caused by SSLError(SSLError(1, '[SSL: TLSV1_ALERT_INTERNAL_ERROR] tlsv1 alert internal error (_ssl.c:1123)'))) on URL https://www.cnbc.com/2022/03/15/chinas-retail-sales-industrial-data-soundly-beat-expectations.html
=== エラー内容 ===
type:<class 'newspaper.article.ArticleException'>
args:("Article `download()` failed with HTTPSConnectionPool(host='www.cnbc.com', port=443): Max retries exceeded with url: /2022/03/16/european-markets-feds-decision-ahead.html (Caused by SSLError(SSLError(1, '[SSL: TLSV1_ALERT_INTERNAL_ERROR] tlsv1 alert internal error (_ssl.c:1123)'))) on URL https://www.cnbc.com/2022/03/16/european-markets-feds-decision-ahead.html",)
e自身:Article `download()` failed with HTTPSConnectionPool(host='www.cnbc.com', port=443): Max retries exceeded with url: /2022/03/16/european-markets-feds-decision-ahead.html (Caused by SSLError(SSLError(1, '[SSL: TLSV1_ALERT_INTERNAL_ERROR] tlsv1 alert internal error (_ssl.c:1123)'))) on URL https://www.cnbc.com/2022/03/16/european-markets-feds-decision-ahead.html
=== エラー内容 ===
type:<class 'newspaper.article.ArticleException'>
args:("Article `download()` failed with HTTPSConnectionPool(host='www.cnbc.com', port=443): Max retries exceeded with url: /2022/03/15/russia-ukraine-live-updates.html (Caused by SSLError(SSLError(1, '[SSL: TLSV1_ALERT_INTERNAL_ERROR] tlsv1 alert internal error (_ssl.c:1123)'))) on URL https://www.cnbc.com/2022/03/15/russia-ukraine-live-updates.html",)
e自身:Article `download()` failed with HTTPSConnectionPool(host='www.cnbc.com', port=443): Max retries exceeded with url: /2022/03/15/russia-ukraine-live-updates.html (Caused by SSLError(SSLError(1, '[SSL: TLSV1_ALERT_INTERNAL_ERROR] tlsv1 alert internal error (_ssl.c:1123)'))) on URL https://www.cnbc.com/2022/03/15/russia-ukraine-live-updates.html
=== エラー内容 ===
type:<class 'newspaper.article.ArticleException'>
args:("Article `download()` failed with HTTPSConnectionPool(host='www.cnbc.com', port=443): Max retries exceeded with url: /2022/03/15/stocks-making-the-biggest-moves-in-the-premarket-airlines-coupa-software-gitlab-and-more.html (Caused by SSLError(SSLError(1, '[SSL: TLSV1_ALERT_INTERNAL_ERROR] tlsv1 alert internal error (_ssl.c:1123)'))) on URL https://www.cnbc.com/2022/03/15/stocks-making-the-biggest-moves-in-the-premarket-airlines-coupa-software-gitlab-and-more.html",)
e自身:Article `download()` failed with HTTPSConnectionPool(host='www.cnbc.com', port=443): Max retries exceeded with url: /2022/03/15/stocks-making-the-biggest-moves-in-the-premarket-airlines-coupa-software-gitlab-and-more.html (Caused by SSLError(SSLError(1, '[SSL: TLSV1_ALERT_INTERNAL_ERROR] tlsv1 alert internal error (_ssl.c:1123)'))) on URL https://www.cnbc.com/2022/03/15/stocks-making-the-biggest-moves-in-the-premarket-airlines-coupa-software-gitlab-and-more.html
=== エラー内容 ===
type:<class 'newspaper.article.ArticleException'>
args:("Article `download()` failed with HTTPSConnectionPool(host='www.cnbc.com', port=443): Max retries exceeded with url: /2022/03/14/stock-futures-rise-slightly-as-wall-street-awaits-fed-rate-hike-ukraine-developments.html (Caused by SSLError(SSLError(1, '[SSL: TLSV1_ALERT_INTERNAL_ERROR] tlsv1 alert internal error (_ssl.c:1123)'))) on URL https://www.cnbc.com/2022/03/14/stock-futures-rise-slightly-as-wall-street-awaits-fed-rate-hike-ukraine-developments.html",)
e自身:Article `download()` failed with HTTPSConnectionPool(host='www.cnbc.com', port=443): Max retries exceeded with url: /2022/03/14/stock-futures-rise-slightly-as-wall-street-awaits-fed-rate-hike-ukraine-developments.html (Caused by SSLError(SSLError(1, '[SSL: TLSV1_ALERT_INTERNAL_ERROR] tlsv1 alert internal error (_ssl.c:1123)'))) on URL https://www.cnbc.com/2022/03/14/stock-futures-rise-slightly-as-wall-street-awaits-fed-rate-hike-ukraine-developments.html
=== エラー内容 ===
type:<class 'newspaper.article.ArticleException'>
args:("Article `download()` failed with HTTPSConnectionPool(host='www.cnbc.com', port=443): Max retries exceeded with url: /2022/03/15/consensys-doubles-valuation-to-7-billion-with-microsoft-backing.html (Caused by SSLError(SSLError(1, '[SSL: TLSV1_ALERT_INTERNAL_ERROR] tlsv1 alert internal error (_ssl.c:1123)'))) on URL https://www.cnbc.com/2022/03/15/consensys-doubles-valuation-to-7-billion-with-microsoft-backing.html",)
e自身:Article `download()` failed with HTTPSConnectionPool(host='www.cnbc.com', port=443): Max retries exceeded with url: /2022/03/15/consensys-doubles-valuation-to-7-billion-with-microsoft-backing.html (Caused by SSLError(SSLError(1, '[SSL: TLSV1_ALERT_INTERNAL_ERROR] tlsv1 alert internal error (_ssl.c:1123)'))) on URL https://www.cnbc.com/2022/03/15/consensys-doubles-valuation-to-7-billion-with-microsoft-backing.html
=== エラー内容 ===
type:<class 'newspaper.article.ArticleException'>
args:("Article `download()` failed with HTTPSConnectionPool(host='www.foxbusiness.com', port=443): Read timed out. (read timeout=7) on URL https://www.foxbusiness.com/markets/white-house-tiktok-stars-putin-gas-prices",)
e自身:Article `download()` failed with HTTPSConnectionPool(host='www.foxbusiness.com', port=443): Read timed out. (read timeout=7) on URL https://www.foxbusiness.com/markets/white-house-tiktok-stars-putin-gas-prices
=== エラー内容 ===
type:<class 'newspaper.article.ArticleException'>
args:("Article `download()` failed with HTTPSConnectionPool(host='www.foxbusiness.com', port=443): Read timed out. (read timeout=7) on URL https://www.foxbusiness.com/business-leaders/florida-fishing-accident-kills-venezuelan-billionaires-son",)
e自身:Article `download()` failed with HTTPSConnectionPool(host='www.foxbusiness.com', port=443): Read timed out. (read timeout=7) on URL https://www.foxbusiness.com/business-leaders/florida-fishing-accident-kills-venezuelan-billionaires-son
=== エラー内容 ===
type:<class 'newspaper.article.ArticleException'>
args:("Article `download()` failed with HTTPSConnectionPool(host='www.foxbusiness.com', port=443): Read timed out. (read timeout=7) on URL https://www.foxbusiness.com/business-leaders/florida-fishing-accident-kills-venezuelan-billionaires-son",)
e自身:Article `download()` failed with HTTPSConnectionPool(host='www.foxbusiness.com', port=443): Read timed out. (read timeout=7) on URL https://www.foxbusiness.com/business-leaders/florida-fishing-accident-kills-venezuelan-billionaires-son
=== エラー内容 ===
type:<class 'newspaper.article.ArticleException'>
args:("Article `download()` failed with HTTPSConnectionPool(host='www.foxbusiness.com', port=443): Read timed out. (read timeout=7) on URL https://www.foxbusiness.com/markets/us-stocks-3-15-22",)
e自身:Article `download()` failed with HTTPSConnectionPool(host='www.foxbusiness.com', port=443): Read timed out. (read timeout=7) on URL https://www.foxbusiness.com/markets/us-stocks-3-15-22
=== エラー内容 ===
type:<class 'newspaper.article.ArticleException'>
args:("Article `download()` failed with HTTPSConnectionPool(host='www.cnbc.com', port=443): Max retries exceeded with url: /2022/03/16/european-markets-feds-decision-ahead.html (Caused by SSLError(SSLError(1, '[SSL: TLSV1_ALERT_INTERNAL_ERROR] tlsv1 alert internal error (_ssl.c:1123)'))) on URL https://www.cnbc.com/2022/03/16/european-markets-feds-decision-ahead.html",)
e自身:Article `download()` failed with HTTPSConnectionPool(host='www.cnbc.com', port=443): Max retries exceeded with url: /2022/03/16/european-markets-feds-decision-ahead.html (Caused by SSLError(SSLError(1, '[SSL: TLSV1_ALERT_INTERNAL_ERROR] tlsv1 alert internal error (_ssl.c:1123)'))) on URL https://www.cnbc.com/2022/03/16/european-markets-feds-decision-ahead.html
=== エラー内容 ===
type:<class 'newspaper.article.ArticleException'>
args:("Article `download()` failed with HTTPSConnectionPool(host='www.cnbc.com', port=443): Max retries exceeded with url: /2022/03/15/stock-market-futures-open-to-close-news.html (Caused by SSLError(SSLError(1, '[SSL: TLSV1_ALERT_INTERNAL_ERROR] tlsv1 alert internal error (_ssl.c:1123)'))) on URL https://www.cnbc.com/2022/03/15/stock-market-futures-open-to-close-news.html",)
e自身:Article `download()` failed with HTTPSConnectionPool(host='www.cnbc.com', port=443): Max retries exceeded with url: /2022/03/15/stock-market-futures-open-to-close-news.html (Caused by SSLError(SSLError(1, '[SSL: TLSV1_ALERT_INTERNAL_ERROR] tlsv1 alert internal error (_ssl.c:1123)'))) on URL https://www.cnbc.com/2022/03/15/stock-market-futures-open-to-close-news.html
=== エラー内容 ===
type:<class 'newspaper.article.ArticleException'>
args:("Article `download()` failed with HTTPSConnectionPool(host='www.foxbusiness.com', port=443): Max retries exceeded with url: /politics/eu-uk-hit-russia-wider-sanctions-target-luxury (Caused by SSLError(SSLError(1, '[SSL: TLSV1_ALERT_INTERNAL_ERROR] tlsv1 alert internal error (_ssl.c:1123)'))) on URL https://www.foxbusiness.com/politics/eu-uk-hit-russia-wider-sanctions-target-luxury",)
e自身:Article `download()` failed with HTTPSConnectionPool(host='www.foxbusiness.com', port=443): Max retries exceeded with url: /politics/eu-uk-hit-russia-wider-sanctions-target-luxury (Caused by SSLError(SSLError(1, '[SSL: TLSV1_ALERT_INTERNAL_ERROR] tlsv1 alert internal error (_ssl.c:1123)'))) on URL https://www.foxbusiness.com/politics/eu-uk-hit-russia-wider-sanctions-target-luxury
=== エラー内容 ===
type:<class 'newspaper.article.ArticleException'>
args:("Article `download()` failed with HTTPSConnectionPool(host='www.foxbusiness.com', port=443): Max retries exceeded with url: /economy/new-york-federal-reserve-survey-manufacturing-declines (Caused by SSLError(SSLError(1, '[SSL: TLSV1_ALERT_INTERNAL_ERROR] tlsv1 alert internal error (_ssl.c:1123)'))) on URL https://www.foxbusiness.com/economy/new-york-federal-reserve-survey-manufacturing-declines",)
e自身:Article `download()` failed with HTTPSConnectionPool(host='www.foxbusiness.com', port=443): Max retries exceeded with url: /economy/new-york-federal-reserve-survey-manufacturing-declines (Caused by SSLError(SSLError(1, '[SSL: TLSV1_ALERT_INTERNAL_ERROR] tlsv1 alert internal error (_ssl.c:1123)'))) on URL https://www.foxbusiness.com/economy/new-york-federal-reserve-survey-manufacturing-declines
=== エラー内容 ===
type:<class 'newspaper.article.ArticleException'>
args:("Article `download()` failed with HTTPSConnectionPool(host='www.cnbc.com', port=443): Read timed out. (read timeout=7) on URL https://www.cnbc.com/2022/03/16/what-to-watch-today-stock-futures-jump-ahead-of-feds-key-interest-rate-decision.html",)
e自身:Article `download()` failed with HTTPSConnectionPool(host='www.cnbc.com', port=443): Read timed out. (read timeout=7) on URL https://www.cnbc.com/2022/03/16/what-to-watch-today-stock-futures-jump-ahead-of-feds-key-interest-rate-decision.html
=== エラー内容 ===
type:<class 'urllib.error.HTTPError'>
args:()
e自身:HTTP Error 404: Not Found
url:https://news.google.com/rss/search?q=+after:2022-3-14+inurl:washingtonpost.com&hl=en-US&gl=US&ceid=US:en
=== エラー内容 ===
type:<class 'newspaper.article.ArticleException'>
args:("Article `download()` failed with ('Connection aborted.', ConnectionResetError(54, 'Connection reset by peer')) on URL https://www.reuters.com/business/energy/german-gas-power-prices-households-new-highs-2022-03-16/",)
e自身:Article `download()` failed with ('Connection aborted.', ConnectionResetError(54, 'Connection reset by peer')) on URL https://www.reuters.com/business/energy/german-gas-power-prices-households-new-highs-2022-03-16/
=== エラー内容 ===
type:<class 'newspaper.article.ArticleException'>
args:("Article `download()` failed with ('Connection aborted.', ConnectionResetError(54, 'Connection reset by peer')) on URL https://www.reuters.com/world/us/us-bars-ex-spies-becoming-mercenaries-following-reuters-series-2022-03-16/",)
e自身:Article `download()` failed with ('Connection aborted.', ConnectionResetError(54, 'Connection reset by peer')) on URL https://www.reuters.com/world/us/us-bars-ex-spies-becoming-mercenaries-following-reuters-series-2022-03-16/
=== エラー内容 ===
type:<class 'newspaper.article.ArticleException'>
args:("Article `download()` failed with ('Connection aborted.', ConnectionResetError(54, 'Connection reset by peer')) on URL https://www.reuters.com/world/biden-announce-new-security-assistance-ukraine-after-signing-massive-spending-2022-03-16/",)
e自身:Article `download()` failed with ('Connection aborted.', ConnectionResetError(54, 'Connection reset by peer')) on URL https://www.reuters.com/world/biden-announce-new-security-assistance-ukraine-after-signing-massive-spending-2022-03-16/
=== エラー内容 ===
type:<class 'newspaper.article.ArticleException'>
args:("Article `download()` failed with HTTPSConnectionPool(host='www.foxbusiness.com', port=443): Read timed out. (read timeout=7) on URL https://www.foxbusiness.com/economy/china-covid-lockdown-apple-automakers-inflation",)
e自身:Article `download()` failed with HTTPSConnectionPool(host='www.foxbusiness.com', port=443): Read timed out. (read timeout=7) on URL https://www.foxbusiness.com/economy/china-covid-lockdown-apple-automakers-inflation
=== エラー内容 ===
type:<class 'newspaper.article.ArticleException'>
args:("Article `download()` failed with HTTPSConnectionPool(host='www.foxbusiness.com', port=443): Read timed out. (read timeout=7) on URL https://www.foxbusiness.com/entertainment/ukrainian-president-zelenskyy-servant-of-the-people-netflix-return",)
e自身:Article `download()` failed with HTTPSConnectionPool(host='www.foxbusiness.com', port=443): Read timed out. (read timeout=7) on URL https://www.foxbusiness.com/entertainment/ukrainian-president-zelenskyy-servant-of-the-people-netflix-return
=== エラー内容 ===
type:<class 'newspaper.article.ArticleException'>
args:("Article `download()` failed with HTTPSConnectionPool(host='www.cnbc.com', port=443): Max retries exceeded with url: /2022/03/17/tesla-hikes-china-made-model-y-price-again-by-more-than-2000.html (Caused by SSLError(SSLError(1, '[SSL: TLSV1_ALERT_INTERNAL_ERROR] tlsv1 alert internal error (_ssl.c:1123)'))) on URL https://www.cnbc.com/2022/03/17/tesla-hikes-china-made-model-y-price-again-by-more-than-2000.html",)
e自身:Article `download()` failed with HTTPSConnectionPool(host='www.cnbc.com', port=443): Max retries exceeded with url: /2022/03/17/tesla-hikes-china-made-model-y-price-again-by-more-than-2000.html (Caused by SSLError(SSLError(1, '[SSL: TLSV1_ALERT_INTERNAL_ERROR] tlsv1 alert internal error (_ssl.c:1123)'))) on URL https://www.cnbc.com/2022/03/17/tesla-hikes-china-made-model-y-price-again-by-more-than-2000.html
=== エラー内容 ===
type:<class 'newspaper.article.ArticleException'>
args:("Article `download()` failed with HTTPSConnectionPool(host='www.cnbc.com', port=443): Max retries exceeded with url: /2022/03/15/stock-market-futures-open-to-close-news.html (Caused by SSLError(SSLError(1, '[SSL: TLSV1_ALERT_INTERNAL_ERROR] tlsv1 alert internal error (_ssl.c:1123)'))) on URL https://www.cnbc.com/2022/03/15/stock-market-futures-open-to-close-news.html",)
e自身:Article `download()` failed with HTTPSConnectionPool(host='www.cnbc.com', port=443): Max retries exceeded with url: /2022/03/15/stock-market-futures-open-to-close-news.html (Caused by SSLError(SSLError(1, '[SSL: TLSV1_ALERT_INTERNAL_ERROR] tlsv1 alert internal error (_ssl.c:1123)'))) on URL https://www.cnbc.com/2022/03/15/stock-market-futures-open-to-close-news.html
=== エラー内容 ===
type:<class 'newspaper.article.ArticleException'>
args:("Article `download()` failed with HTTPSConnectionPool(host='www.cnbc.com', port=443): Max retries exceeded with url: /2022/03/16/charts-suggest-the-nasdaq-100-and-sp-500-could-be-days-away-from-bottoming-jim-cramer-says.html (Caused by SSLError(SSLError(1, '[SSL: TLSV1_ALERT_INTERNAL_ERROR] tlsv1 alert internal error (_ssl.c:1123)'))) on URL https://www.cnbc.com/2022/03/16/charts-suggest-the-nasdaq-100-and-sp-500-could-be-days-away-from-bottoming-jim-cramer-says.html",)
e自身:Article `download()` failed with HTTPSConnectionPool(host='www.cnbc.com', port=443): Max retries exceeded with url: /2022/03/16/charts-suggest-the-nasdaq-100-and-sp-500-could-be-days-away-from-bottoming-jim-cramer-says.html (Caused by SSLError(SSLError(1, '[SSL: TLSV1_ALERT_INTERNAL_ERROR] tlsv1 alert internal error (_ssl.c:1123)'))) on URL https://www.cnbc.com/2022/03/16/charts-suggest-the-nasdaq-100-and-sp-500-could-be-days-away-from-bottoming-jim-cramer-says.html
=== エラー内容 ===
type:<class 'newspaper.article.ArticleException'>
args:("Article `download()` failed with HTTPSConnectionPool(host='www.cnbc.com', port=443): Max retries exceeded with url: /2022/03/16/european-markets-feds-decision-ahead.html (Caused by SSLError(SSLError(1, '[SSL: TLSV1_ALERT_INTERNAL_ERROR] tlsv1 alert internal error (_ssl.c:1123)'))) on URL https://www.cnbc.com/2022/03/16/european-markets-feds-decision-ahead.html",)
e自身:Article `download()` failed with HTTPSConnectionPool(host='www.cnbc.com', port=443): Max retries exceeded with url: /2022/03/16/european-markets-feds-decision-ahead.html (Caused by SSLError(SSLError(1, '[SSL: TLSV1_ALERT_INTERNAL_ERROR] tlsv1 alert internal error (_ssl.c:1123)'))) on URL https://www.cnbc.com/2022/03/16/european-markets-feds-decision-ahead.html
=== エラー内容 ===
type:<class 'newspaper.article.ArticleException'>
args:("Article `download()` failed with HTTPSConnectionPool(host='www.cnbc.com', port=443): Max retries exceeded with url: /2022/03/16/berkshire-hathaway-closes-at-a-record-above-500000-a-share-as-buffetts-conglomerate-roars-back.html (Caused by SSLError(SSLError(1, '[SSL: TLSV1_ALERT_INTERNAL_ERROR] tlsv1 alert internal error (_ssl.c:1123)'))) on URL https://www.cnbc.com/2022/03/16/berkshire-hathaway-closes-at-a-record-above-500000-a-share-as-buffetts-conglomerate-roars-back.html",)
e自身:Article `download()` failed with HTTPSConnectionPool(host='www.cnbc.com', port=443): Max retries exceeded with url: /2022/03/16/berkshire-hathaway-closes-at-a-record-above-500000-a-share-as-buffetts-conglomerate-roars-back.html (Caused by SSLError(SSLError(1, '[SSL: TLSV1_ALERT_INTERNAL_ERROR] tlsv1 alert internal error (_ssl.c:1123)'))) on URL https://www.cnbc.com/2022/03/16/berkshire-hathaway-closes-at-a-record-above-500000-a-share-as-buffetts-conglomerate-roars-back.html
=== エラー内容 ===
type:<class 'newspaper.article.ArticleException'>
args:("Article `download()` failed with HTTPSConnectionPool(host='www.cnbc.com', port=443): Max retries exceeded with url: /2022/03/16/asia-markets-us-federal-reserve-covid-in-china-russia-debt-payment-currencies-oil.html (Caused by SSLError(SSLError(1, '[SSL: TLSV1_ALERT_INTERNAL_ERROR] tlsv1 alert internal error (_ssl.c:1123)'))) on URL https://www.cnbc.com/2022/03/16/asia-markets-us-federal-reserve-covid-in-china-russia-debt-payment-currencies-oil.html",)
e自身:Article `download()` failed with HTTPSConnectionPool(host='www.cnbc.com', port=443): Max retries exceeded with url: /2022/03/16/asia-markets-us-federal-reserve-covid-in-china-russia-debt-payment-currencies-oil.html (Caused by SSLError(SSLError(1, '[SSL: TLSV1_ALERT_INTERNAL_ERROR] tlsv1 alert internal error (_ssl.c:1123)'))) on URL https://www.cnbc.com/2022/03/16/asia-markets-us-federal-reserve-covid-in-china-russia-debt-payment-currencies-oil.html
=== エラー内容 ===
type:<class 'newspaper.article.ArticleException'>
args:("Article `download()` failed with HTTPSConnectionPool(host='www.cnbc.com', port=443): Max retries exceeded with url: /2022/03/17/russia-ukraine-war-internet-censorship-china-great-firewall.html (Caused by SSLError(SSLError(1, '[SSL: TLSV1_ALERT_INTERNAL_ERROR] tlsv1 alert internal error (_ssl.c:1123)'))) on URL https://www.cnbc.com/2022/03/17/russia-ukraine-war-internet-censorship-china-great-firewall.html",)
e自身:Article `download()` failed with HTTPSConnectionPool(host='www.cnbc.com', port=443): Max retries exceeded with url: /2022/03/17/russia-ukraine-war-internet-censorship-china-great-firewall.html (Caused by SSLError(SSLError(1, '[SSL: TLSV1_ALERT_INTERNAL_ERROR] tlsv1 alert internal error (_ssl.c:1123)'))) on URL https://www.cnbc.com/2022/03/17/russia-ukraine-war-internet-censorship-china-great-firewall.html
=== エラー内容 ===
type:<class 'newspaper.article.ArticleException'>
args:("Article `download()` failed with HTTPSConnectionPool(host='www.cnbc.com', port=443): Max retries exceeded with url: /2022/03/16/china-says-it-will-support-chinese-ipos-abroad-calls-for-closure-on-tech-crackdown.html (Caused by SSLError(SSLError(1, '[SSL: TLSV1_ALERT_INTERNAL_ERROR] tlsv1 alert internal error (_ssl.c:1123)'))) on URL https://www.cnbc.com/2022/03/16/china-says-it-will-support-chinese-ipos-abroad-calls-for-closure-on-tech-crackdown.html",)
e自身:Article `download()` failed with HTTPSConnectionPool(host='www.cnbc.com', port=443): Max retries exceeded with url: /2022/03/16/china-says-it-will-support-chinese-ipos-abroad-calls-for-closure-on-tech-crackdown.html (Caused by SSLError(SSLError(1, '[SSL: TLSV1_ALERT_INTERNAL_ERROR] tlsv1 alert internal error (_ssl.c:1123)'))) on URL https://www.cnbc.com/2022/03/16/china-says-it-will-support-chinese-ipos-abroad-calls-for-closure-on-tech-crackdown.html
=== エラー内容 ===
type:<class 'newspaper.article.ArticleException'>
args:("Article `download()` failed with HTTPSConnectionPool(host='www.cnbc.com', port=443): Max retries exceeded with url: /2022/03/15/retail-sales-will-grow-this-year-but-at-a-slower-rate-than-in-2021-trade-group-says.html (Caused by SSLError(SSLError(1, '[SSL: TLSV1_ALERT_INTERNAL_ERROR] tlsv1 alert internal error (_ssl.c:1123)'))) on URL https://www.cnbc.com/2022/03/15/retail-sales-will-grow-this-year-but-at-a-slower-rate-than-in-2021-trade-group-says.html",)
e自身:Article `download()` failed with HTTPSConnectionPool(host='www.cnbc.com', port=443): Max retries exceeded with url: /2022/03/15/retail-sales-will-grow-this-year-but-at-a-slower-rate-than-in-2021-trade-group-says.html (Caused by SSLError(SSLError(1, '[SSL: TLSV1_ALERT_INTERNAL_ERROR] tlsv1 alert internal error (_ssl.c:1123)'))) on URL https://www.cnbc.com/2022/03/15/retail-sales-will-grow-this-year-but-at-a-slower-rate-than-in-2021-trade-group-says.html
=== エラー内容 ===
type:<class 'newspaper.article.ArticleException'>
args:("Article `download()` failed with HTTPSConnectionPool(host='www.cnbc.com', port=443): Max retries exceeded with url: /2022/03/16/american-express-ceo-remote-work-shift-made-new-business-travel-segment.html (Caused by SSLError(SSLError(1, '[SSL: TLSV1_ALERT_INTERNAL_ERROR] tlsv1 alert internal error (_ssl.c:1123)'))) on URL https://www.cnbc.com/2022/03/16/american-express-ceo-remote-work-shift-made-new-business-travel-segment.html",)
e自身:Article `download()` failed with HTTPSConnectionPool(host='www.cnbc.com', port=443): Max retries exceeded with url: /2022/03/16/american-express-ceo-remote-work-shift-made-new-business-travel-segment.html (Caused by SSLError(SSLError(1, '[SSL: TLSV1_ALERT_INTERNAL_ERROR] tlsv1 alert internal error (_ssl.c:1123)'))) on URL https://www.cnbc.com/2022/03/16/american-express-ceo-remote-work-shift-made-new-business-travel-segment.html
=== エラー内容 ===
type:<class 'newspaper.article.ArticleException'>
args:("Article `download()` failed with HTTPSConnectionPool(host='www.foxbusiness.com', port=443): Max retries exceeded with url: /personal-finance/fidelity-study-ugly-retirement-moves-americans-past-two-years (Caused by SSLError(SSLError(1, '[SSL: TLSV1_ALERT_INTERNAL_ERROR] tlsv1 alert internal error (_ssl.c:1123)'))) on URL https://www.foxbusiness.com/personal-finance/fidelity-study-ugly-retirement-moves-americans-past-two-years",)
e自身:Article `download()` failed with HTTPSConnectionPool(host='www.foxbusiness.com', port=443): Max retries exceeded with url: /personal-finance/fidelity-study-ugly-retirement-moves-americans-past-two-years (Caused by SSLError(SSLError(1, '[SSL: TLSV1_ALERT_INTERNAL_ERROR] tlsv1 alert internal error (_ssl.c:1123)'))) on URL https://www.foxbusiness.com/personal-finance/fidelity-study-ugly-retirement-moves-americans-past-two-years
=== エラー内容 ===
type:<class 'newspaper.article.ArticleException'>
args:("Article `download()` failed with HTTPSConnectionPool(host='www.foxbusiness.com', port=443): Max retries exceeded with url: /markets/bidens-oil-blame-game-backfire (Caused by SSLError(SSLError(1, '[SSL: TLSV1_ALERT_INTERNAL_ERROR] tlsv1 alert internal error (_ssl.c:1123)'))) on URL https://www.foxbusiness.com/markets/bidens-oil-blame-game-backfire",)
e自身:Article `download()` failed with HTTPSConnectionPool(host='www.foxbusiness.com', port=443): Max retries exceeded with url: /markets/bidens-oil-blame-game-backfire (Caused by SSLError(SSLError(1, '[SSL: TLSV1_ALERT_INTERNAL_ERROR] tlsv1 alert internal error (_ssl.c:1123)'))) on URL https://www.foxbusiness.com/markets/bidens-oil-blame-game-backfire
=== エラー内容 ===
type:<class 'newspaper.article.ArticleException'>
args:("Article `download()` failed with HTTPSConnectionPool(host='www.foxbusiness.com', port=443): Max retries exceeded with url: /economy/russia-debt-default-economic-sanctions-ukraine (Caused by SSLError(SSLError(1, '[SSL: TLSV1_ALERT_INTERNAL_ERROR] tlsv1 alert internal error (_ssl.c:1123)'))) on URL https://www.foxbusiness.com/economy/russia-debt-default-economic-sanctions-ukraine",)
e自身:Article `download()` failed with HTTPSConnectionPool(host='www.foxbusiness.com', port=443): Max retries exceeded with url: /economy/russia-debt-default-economic-sanctions-ukraine (Caused by SSLError(SSLError(1, '[SSL: TLSV1_ALERT_INTERNAL_ERROR] tlsv1 alert internal error (_ssl.c:1123)'))) on URL https://www.foxbusiness.com/economy/russia-debt-default-economic-sanctions-ukraine
=== エラー内容 ===
type:<class 'newspaper.article.ArticleException'>
args:("Article `download()` failed with HTTPSConnectionPool(host='www.foxbusiness.com', port=443): Max retries exceeded with url: /lifestyle/cdc-lowers-caribbean-covid-travel-warnings (Caused by SSLError(SSLError(1, '[SSL: TLSV1_ALERT_INTERNAL_ERROR] tlsv1 alert internal error (_ssl.c:1123)'))) on URL https://www.foxbusiness.com/lifestyle/cdc-lowers-caribbean-covid-travel-warnings",)
e自身:Article `download()` failed with HTTPSConnectionPool(host='www.foxbusiness.com', port=443): Max retries exceeded with url: /lifestyle/cdc-lowers-caribbean-covid-travel-warnings (Caused by SSLError(SSLError(1, '[SSL: TLSV1_ALERT_INTERNAL_ERROR] tlsv1 alert internal error (_ssl.c:1123)'))) on URL https://www.foxbusiness.com/lifestyle/cdc-lowers-caribbean-covid-travel-warnings
=== エラー内容 ===
type:<class 'urllib.error.HTTPError'>
args:()
e自身:HTTP Error 404: Not Found
url:https://news.google.com/rss/search?q=+after:2022-3-3+inurl:thestreet.com&hl=en-US&gl=US&ceid=US:en
=== エラー内容 ===
type:<class 'newspaper.article.ArticleException'>
args:("Article `download()` failed with HTTPSConnectionPool(host='www.foxbusiness.com', port=443): Read timed out. (read timeout=7) on URL https://www.foxbusiness.com/markets/us-stocks-3-15-22",)
e自身:Article `download()` failed with HTTPSConnectionPool(host='www.foxbusiness.com', port=443): Read timed out. (read timeout=7) on URL https://www.foxbusiness.com/markets/us-stocks-3-15-22
=== エラー内容 ===
type:<class 'newspaper.article.ArticleException'>
args:("Article `download()` failed with HTTPSConnectionPool(host='www.foxbusiness.com', port=443): Read timed out. (read timeout=7) on URL https://www.foxbusiness.com/economy/federal-reserve-interest-rate-hike-march-2022-inflation",)
e自身:Article `download()` failed with HTTPSConnectionPool(host='www.foxbusiness.com', port=443): Read timed out. (read timeout=7) on URL https://www.foxbusiness.com/economy/federal-reserve-interest-rate-hike-march-2022-inflation
=== エラー内容 ===
type:<class 'newspaper.article.ArticleException'>
args:("Article `download()` failed with HTTPSConnectionPool(host='www.foxbusiness.com', port=443): Read timed out. (read timeout=7) on URL https://www.foxbusiness.com/business-leaders/elon-musk-duel-vladimir-putin-ramzan-kadyrov",)
e自身:Article `download()` failed with HTTPSConnectionPool(host='www.foxbusiness.com', port=443): Read timed out. (read timeout=7) on URL https://www.foxbusiness.com/business-leaders/elon-musk-duel-vladimir-putin-ramzan-kadyrov
=== エラー内容 ===
type:<class 'newspaper.article.ArticleException'>
args:("Article `download()` failed with HTTPSConnectionPool(host='www.washingtonpost.com', port=443): Max retries exceeded with url: /advice/2022/03/19/miss-manners-co-workers-nosy-about-time-off/ (Caused by SSLError(SSLError(1, '[SSL: TLSV1_ALERT_INTERNAL_ERROR] tlsv1 alert internal error (_ssl.c:1123)'))) on URL https://www.washingtonpost.com/advice/2022/03/19/miss-manners-co-workers-nosy-about-time-off/",)
e自身:Article `download()` failed with HTTPSConnectionPool(host='www.washingtonpost.com', port=443): Max retries exceeded with url: /advice/2022/03/19/miss-manners-co-workers-nosy-about-time-off/ (Caused by SSLError(SSLError(1, '[SSL: TLSV1_ALERT_INTERNAL_ERROR] tlsv1 alert internal error (_ssl.c:1123)'))) on URL https://www.washingtonpost.com/advice/2022/03/19/miss-manners-co-workers-nosy-about-time-off/
=== エラー内容 ===
type:<class 'newspaper.article.ArticleException'>
args:("Article `download()` failed with HTTPSConnectionPool(host='www.washingtonpost.com', port=443): Max retries exceeded with url: /video-games/2022/03/18/game-length-open-world/ (Caused by SSLError(SSLError(1, '[SSL: TLSV1_ALERT_INTERNAL_ERROR] tlsv1 alert internal error (_ssl.c:1123)'))) on URL https://www.washingtonpost.com/video-games/2022/03/18/game-length-open-world/",)
e自身:Article `download()` failed with HTTPSConnectionPool(host='www.washingtonpost.com', port=443): Max retries exceeded with url: /video-games/2022/03/18/game-length-open-world/ (Caused by SSLError(SSLError(1, '[SSL: TLSV1_ALERT_INTERNAL_ERROR] tlsv1 alert internal error (_ssl.c:1123)'))) on URL https://www.washingtonpost.com/video-games/2022/03/18/game-length-open-world/
=== エラー内容 ===
type:<class 'newspaper.article.ArticleException'>
args:("Article `download()` failed with HTTPSConnectionPool(host='www.washingtonpost.com', port=443): Max retries exceeded with url: /business/2022/03/18/burger-king-russia/ (Caused by SSLError(SSLError(1, '[SSL: TLSV1_ALERT_INTERNAL_ERROR] tlsv1 alert internal error (_ssl.c:1123)'))) on URL https://www.washingtonpost.com/business/2022/03/18/burger-king-russia/",)
e自身:Article `download()` failed with HTTPSConnectionPool(host='www.washingtonpost.com', port=443): Max retries exceeded with url: /business/2022/03/18/burger-king-russia/ (Caused by SSLError(SSLError(1, '[SSL: TLSV1_ALERT_INTERNAL_ERROR] tlsv1 alert internal error (_ssl.c:1123)'))) on URL https://www.washingtonpost.com/business/2022/03/18/burger-king-russia/
=== エラー内容 ===
type:<class 'newspaper.article.ArticleException'>
args:("Article `download()` failed with HTTPSConnectionPool(host='www.washingtonpost.com', port=443): Max retries exceeded with url: /lifestyle/2022/03/19/worlds-largest-potato-guinness-record/ (Caused by SSLError(SSLError(1, '[SSL: TLSV1_ALERT_INTERNAL_ERROR] tlsv1 alert internal error (_ssl.c:1123)'))) on URL https://www.washingtonpost.com/lifestyle/2022/03/19/worlds-largest-potato-guinness-record/",)
e自身:Article `download()` failed with HTTPSConnectionPool(host='www.washingtonpost.com', port=443): Max retries exceeded with url: /lifestyle/2022/03/19/worlds-largest-potato-guinness-record/ (Caused by SSLError(SSLError(1, '[SSL: TLSV1_ALERT_INTERNAL_ERROR] tlsv1 alert internal error (_ssl.c:1123)'))) on URL https://www.washingtonpost.com/lifestyle/2022/03/19/worlds-largest-potato-guinness-record/
=== エラー内容 ===
type:<class 'newspaper.article.ArticleException'>
args:("Article `download()` failed with HTTPSConnectionPool(host='www.washingtonpost.com', port=443): Max retries exceeded with url: /weather/2022/03/18/antarctica-heat-wave-climate-change/ (Caused by SSLError(SSLError(1, '[SSL: TLSV1_ALERT_INTERNAL_ERROR] tlsv1 alert internal error (_ssl.c:1123)'))) on URL https://www.washingtonpost.com/weather/2022/03/18/antarctica-heat-wave-climate-change/",)
e自身:Article `download()` failed with HTTPSConnectionPool(host='www.washingtonpost.com', port=443): Max retries exceeded with url: /weather/2022/03/18/antarctica-heat-wave-climate-change/ (Caused by SSLError(SSLError(1, '[SSL: TLSV1_ALERT_INTERNAL_ERROR] tlsv1 alert internal error (_ssl.c:1123)'))) on URL https://www.washingtonpost.com/weather/2022/03/18/antarctica-heat-wave-climate-change/
=== エラー内容 ===
type:<class 'newspaper.article.ArticleException'>
args:("Article `download()` failed with HTTPSConnectionPool(host='www.foxbusiness.com', port=443): Read timed out. (read timeout=7) on URL https://www.foxbusiness.com/politics/hunter-biden-linked-startup-investment-individual-allegedly-tied-russian-organized-crime",)
e自身:Article `download()` failed with HTTPSConnectionPool(host='www.foxbusiness.com', port=443): Read timed out. (read timeout=7) on URL https://www.foxbusiness.com/politics/hunter-biden-linked-startup-investment-individual-allegedly-tied-russian-organized-crime
=== エラー内容 ===
type:<class 'newspaper.article.ArticleException'>
args:("Article `download()` failed with HTTPSConnectionPool(host='www.foxbusiness.com', port=443): Read timed out. (read timeout=7) on URL https://www.foxbusiness.com/economy/federal-reserve-interest-rate-hike-march-2022-inflation",)
e自身:Article `download()` failed with HTTPSConnectionPool(host='www.foxbusiness.com', port=443): Read timed out. (read timeout=7) on URL https://www.foxbusiness.com/economy/federal-reserve-interest-rate-hike-march-2022-inflation
=== エラー内容 ===
type:<class 'newspaper.article.ArticleException'>
args:("Article `download()` failed with HTTPSConnectionPool(host='www.foxbusiness.com', port=443): Read timed out. (read timeout=7) on URL https://www.foxbusiness.com/personal-finance/fidelity-study-ugly-retirement-moves-americans-past-two-years",)
e自身:Article `download()` failed with HTTPSConnectionPool(host='www.foxbusiness.com', port=443): Read timed out. (read timeout=7) on URL https://www.foxbusiness.com/personal-finance/fidelity-study-ugly-retirement-moves-americans-past-two-years
=== エラー内容 ===
type:<class 'urllib.error.HTTPError'>
args:()
e自身:HTTP Error 404: Not Found
url:https://news.google.com/rss/search?q=+after:2022-3-18+inurl:huffpost.com&hl=en-US&gl=US&ceid=US:en
=== エラー内容 ===
type:<class 'newspaper.article.ArticleException'>
args:("Article `download()` failed with HTTPSConnectionPool(host='www.foxbusiness.com', port=443): Read timed out. (read timeout=7) on URL https://www.foxbusiness.com/personal-finance/fidelity-study-ugly-retirement-moves-americans-past-two-years",)
e自身:Article `download()` failed with HTTPSConnectionPool(host='www.foxbusiness.com', port=443): Read timed out. (read timeout=7) on URL https://www.foxbusiness.com/personal-finance/fidelity-study-ugly-retirement-moves-americans-past-two-years
=== エラー内容 ===
type:<class 'newspaper.article.ArticleException'>
args:("Article `download()` failed with HTTPSConnectionPool(host='www.foxbusiness.com', port=443): Read timed out. (read timeout=7) on URL https://www.foxbusiness.com/politics/elon-musk-business-ties-china-create-unease-washington",)
e自身:Article `download()` failed with HTTPSConnectionPool(host='www.foxbusiness.com', port=443): Read timed out. (read timeout=7) on URL https://www.foxbusiness.com/politics/elon-musk-business-ties-china-create-unease-washington
=== エラー内容 ===
type:<class 'newspaper.article.ArticleException'>
args:("Article `download()` failed with HTTPSConnectionPool(host='www.foxbusiness.com', port=443): Max retries exceeded with url: /live-news/markets-lower-in-pre-dawn-trading-oil-and-gold-down-gas-prices-lower-early-monday (Caused by SSLError(SSLEOFError(8, 'EOF occurred in violation of protocol (_ssl.c:1123)'))) on URL https://www.foxbusiness.com/live-news/markets-lower-in-pre-dawn-trading-oil-and-gold-down-gas-prices-lower-early-monday",)
e自身:Article `download()` failed with HTTPSConnectionPool(host='www.foxbusiness.com', port=443): Max retries exceeded with url: /live-news/markets-lower-in-pre-dawn-trading-oil-and-gold-down-gas-prices-lower-early-monday (Caused by SSLError(SSLEOFError(8, 'EOF occurred in violation of protocol (_ssl.c:1123)'))) on URL https://www.foxbusiness.com/live-news/markets-lower-in-pre-dawn-trading-oil-and-gold-down-gas-prices-lower-early-monday
=== エラー内容 ===
type:<class 'newspaper.article.ArticleException'>
args:("Article `download()` failed with ('Connection aborted.', ConnectionResetError(54, 'Connection reset by peer')) on URL https://www.foxbusiness.com/markets/tesla-delivery-day-amazon-union-election-nike-earnings-week-ahead",)
e自身:Article `download()` failed with ('Connection aborted.', ConnectionResetError(54, 'Connection reset by peer')) on URL https://www.foxbusiness.com/markets/tesla-delivery-day-amazon-union-election-nike-earnings-week-ahead
=== エラー内容 ===
type:<class 'newspaper.article.ArticleException'>
args:("Article `download()` failed with HTTPSConnectionPool(host='www.foxbusiness.com', port=443): Read timed out. (read timeout=7) on URL https://www.foxbusiness.com/markets/tesla-delivery-day-amazon-union-election-nike-earnings-week-ahead",)
e自身:Article `download()` failed with HTTPSConnectionPool(host='www.foxbusiness.com', port=443): Read timed out. (read timeout=7) on URL https://www.foxbusiness.com/markets/tesla-delivery-day-amazon-union-election-nike-earnings-week-ahead
=== エラー内容 ===
type:<class 'newspaper.article.ArticleException'>
args:("Article `download()` failed with HTTPSConnectionPool(host='www.foxbusiness.com', port=443): Read timed out. (read timeout=7) on URL https://www.foxbusiness.com/lifestyle/mcdonalds-announces-return-szechuan-sauce",)
e自身:Article `download()` failed with HTTPSConnectionPool(host='www.foxbusiness.com', port=443): Read timed out. (read timeout=7) on URL https://www.foxbusiness.com/lifestyle/mcdonalds-announces-return-szechuan-sauce
=== エラー内容 ===
type:<class 'newspaper.article.ArticleException'>
args:("Article `download()` failed with HTTPSConnectionPool(host='www.cnbc.com', port=443): Read timed out. (read timeout=7) on URL https://www.cnbc.com/select/how-home-sale-might-affect-your-tax-bill/",)
e自身:Article `download()` failed with HTTPSConnectionPool(host='www.cnbc.com', port=443): Read timed out. (read timeout=7) on URL https://www.cnbc.com/select/how-home-sale-might-affect-your-tax-bill/
=== エラー内容 ===
type:<class 'newspaper.article.ArticleException'>
args:("Article `download()` failed with HTTPSConnectionPool(host='www.washingtonpost.com', port=443): Max retries exceeded with url: /world/2022/03/22/ukraine-mariupol-russia-putin-aleppo-grozny/ (Caused by SSLError(SSLError(1, '[SSL: TLSV1_ALERT_INTERNAL_ERROR] tlsv1 alert internal error (_ssl.c:1123)'))) on URL https://www.washingtonpost.com/world/2022/03/22/ukraine-mariupol-russia-putin-aleppo-grozny/",)
e自身:Article `download()` failed with HTTPSConnectionPool(host='www.washingtonpost.com', port=443): Max retries exceeded with url: /world/2022/03/22/ukraine-mariupol-russia-putin-aleppo-grozny/ (Caused by SSLError(SSLError(1, '[SSL: TLSV1_ALERT_INTERNAL_ERROR] tlsv1 alert internal error (_ssl.c:1123)'))) on URL https://www.washingtonpost.com/world/2022/03/22/ukraine-mariupol-russia-putin-aleppo-grozny/
=== エラー内容 ===
type:<class 'newspaper.article.ArticleException'>
args:("Article `download()` failed with HTTPSConnectionPool(host='www.washingtonpost.com', port=443): Max retries exceeded with url: /dc-md-va/2022/03/22/prominent-bicylist-killed-frederick-crash/ (Caused by SSLError(SSLError(1, '[SSL: TLSV1_ALERT_INTERNAL_ERROR] tlsv1 alert internal error (_ssl.c:1123)'))) on URL https://www.washingtonpost.com/dc-md-va/2022/03/22/prominent-bicylist-killed-frederick-crash/",)
e自身:Article `download()` failed with HTTPSConnectionPool(host='www.washingtonpost.com', port=443): Max retries exceeded with url: /dc-md-va/2022/03/22/prominent-bicylist-killed-frederick-crash/ (Caused by SSLError(SSLError(1, '[SSL: TLSV1_ALERT_INTERNAL_ERROR] tlsv1 alert internal error (_ssl.c:1123)'))) on URL https://www.washingtonpost.com/dc-md-va/2022/03/22/prominent-bicylist-killed-frederick-crash/
=== エラー内容 ===
type:<class 'newspaper.article.ArticleException'>
args:("Article `download()` failed with HTTPSConnectionPool(host='www.washingtonpost.com', port=443): Max retries exceeded with url: /health/2022/03/22/funding-fourth-vaccine-doses/ (Caused by SSLError(SSLError(1, '[SSL: TLSV1_ALERT_INTERNAL_ERROR] tlsv1 alert internal error (_ssl.c:1123)'))) on URL https://www.washingtonpost.com/health/2022/03/22/funding-fourth-vaccine-doses/",)
e自身:Article `download()` failed with HTTPSConnectionPool(host='www.washingtonpost.com', port=443): Max retries exceeded with url: /health/2022/03/22/funding-fourth-vaccine-doses/ (Caused by SSLError(SSLError(1, '[SSL: TLSV1_ALERT_INTERNAL_ERROR] tlsv1 alert internal error (_ssl.c:1123)'))) on URL https://www.washingtonpost.com/health/2022/03/22/funding-fourth-vaccine-doses/
=== エラー内容 ===
type:<class 'newspaper.article.ArticleException'>
args:("Article `download()` failed with HTTPSConnectionPool(host='www.washingtonpost.com', port=443): Max retries exceeded with url: /outlook/2022/03/22/our-newfound-love-volodymyr-zelensky-could-upend-stereotypes-about-jewish-men/ (Caused by SSLError(SSLError(1, '[SSL: TLSV1_ALERT_INTERNAL_ERROR] tlsv1 alert internal error (_ssl.c:1123)'))) on URL https://www.washingtonpost.com/outlook/2022/03/22/our-newfound-love-volodymyr-zelensky-could-upend-stereotypes-about-jewish-men/",)
e自身:Article `download()` failed with HTTPSConnectionPool(host='www.washingtonpost.com', port=443): Max retries exceeded with url: /outlook/2022/03/22/our-newfound-love-volodymyr-zelensky-could-upend-stereotypes-about-jewish-men/ (Caused by SSLError(SSLError(1, '[SSL: TLSV1_ALERT_INTERNAL_ERROR] tlsv1 alert internal error (_ssl.c:1123)'))) on URL https://www.washingtonpost.com/outlook/2022/03/22/our-newfound-love-volodymyr-zelensky-could-upend-stereotypes-about-jewish-men/
=== エラー内容 ===
type:<class 'newspaper.article.ArticleException'>
args:("Article `download()` failed with HTTPSConnectionPool(host='www.cnbc.com', port=443): Read timed out. (read timeout=7) on URL https://www.cnbc.com/select/how-to-save-money-on-gas/",)
e自身:Article `download()` failed with HTTPSConnectionPool(host='www.cnbc.com', port=443): Read timed out. (read timeout=7) on URL https://www.cnbc.com/select/how-to-save-money-on-gas/
=== エラー内容 ===
type:<class 'newspaper.article.ArticleException'>
args:("Article `download()` failed with HTTPSConnectionPool(host='www.huffpost.com', port=443): Read timed out. (read timeout=7) on URL https://www.huffpost.com/entry/fox-news-thanks-pentagon-benjamin-hall_n_623a5287e4b019fd81343af2",)
e自身:Article `download()` failed with HTTPSConnectionPool(host='www.huffpost.com', port=443): Read timed out. (read timeout=7) on URL https://www.huffpost.com/entry/fox-news-thanks-pentagon-benjamin-hall_n_623a5287e4b019fd81343af2
=== エラー内容 ===
type:<class 'newspaper.article.ArticleException'>
args:("Article `download()` failed with HTTPSConnectionPool(host='www.huffpost.com', port=443): Read timed out. (read timeout=7) on URL https://www.huffpost.com/entry/europe-britain-ed-sheeran-copyright-claims_n_623a5f1de4b0d39357ce394f",)
e自身:Article `download()` failed with HTTPSConnectionPool(host='www.huffpost.com', port=443): Read timed out. (read timeout=7) on URL https://www.huffpost.com/entry/europe-britain-ed-sheeran-copyright-claims_n_623a5f1de4b0d39357ce394f
=== エラー内容 ===
type:<class 'newspaper.article.ArticleException'>
args:("Article `download()` failed with HTTPSConnectionPool(host='www.huffpost.com', port=443): Read timed out. (read timeout=7) on URL https://www.huffpost.com/entry/new-orleans-tornado_n_623a82c9e4b046c938e250f7",)
e自身:Article `download()` failed with HTTPSConnectionPool(host='www.huffpost.com', port=443): Read timed out. (read timeout=7) on URL https://www.huffpost.com/entry/new-orleans-tornado_n_623a82c9e4b046c938e250f7
=== エラー内容 ===
type:<class 'newspaper.article.ArticleException'>
args:("Article `download()` failed with HTTPSConnectionPool(host='www.huffpost.com', port=443): Read timed out. (read timeout=7) on URL https://www.huffpost.com/entry/europe-britain-ed-sheeran-copyright-claims_n_623a5f1de4b0d39357ce394f",)
e自身:Article `download()` failed with HTTPSConnectionPool(host='www.huffpost.com', port=443): Read timed out. (read timeout=7) on URL https://www.huffpost.com/entry/europe-britain-ed-sheeran-copyright-claims_n_623a5f1de4b0d39357ce394f
=== エラー内容 ===
type:<class 'newspaper.article.ArticleException'>
args:("Article `download()` failed with HTTPSConnectionPool(host='www.huffpost.com', port=443): Read timed out. (read timeout=7) on URL https://www.huffpost.com/entry/madison-cawthorn-russian-tv-propaganda_n_6233a44ce4b0d39357c53b5f",)
e自身:Article `download()` failed with HTTPSConnectionPool(host='www.huffpost.com', port=443): Read timed out. (read timeout=7) on URL https://www.huffpost.com/entry/madison-cawthorn-russian-tv-propaganda_n_6233a44ce4b0d39357c53b5f
=== エラー内容 ===
type:<class 'newspaper.article.ArticleException'>
args:("Article `download()` failed with HTTPSConnectionPool(host='www.reuters.com', port=443): Read timed out. (read timeout=7) on URL https://www.reuters.com/business/exclusive-chinese-regulators-ask-some-us-listed-firms-prepare-audit-disclosures-2022-03-23/",)
e自身:Article `download()` failed with HTTPSConnectionPool(host='www.reuters.com', port=443): Read timed out. (read timeout=7) on URL https://www.reuters.com/business/exclusive-chinese-regulators-ask-some-us-listed-firms-prepare-audit-disclosures-2022-03-23/
=== エラー内容 ===
type:<class 'newspaper.article.ArticleException'>
args:("Article `download()` failed with HTTPSConnectionPool(host='www.cnbc.com', port=443): Max retries exceeded with url: /2022/03/23/omicrons-subvariant-bapoint2-could-spread-wildly-in-europe-epidemiologist.html (Caused by SSLError(SSLError(1, '[SSL: TLSV1_ALERT_INTERNAL_ERROR] tlsv1 alert internal error (_ssl.c:1123)'))) on URL https://www.cnbc.com/2022/03/23/omicrons-subvariant-bapoint2-could-spread-wildly-in-europe-epidemiologist.html",)
e自身:Article `download()` failed with HTTPSConnectionPool(host='www.cnbc.com', port=443): Max retries exceeded with url: /2022/03/23/omicrons-subvariant-bapoint2-could-spread-wildly-in-europe-epidemiologist.html (Caused by SSLError(SSLError(1, '[SSL: TLSV1_ALERT_INTERNAL_ERROR] tlsv1 alert internal error (_ssl.c:1123)'))) on URL https://www.cnbc.com/2022/03/23/omicrons-subvariant-bapoint2-could-spread-wildly-in-europe-epidemiologist.html
=== エラー内容 ===
type:<class 'newspaper.article.ArticleException'>
args:("Article `download()` failed with HTTPSConnectionPool(host='www.cnbc.com', port=443): Max retries exceeded with url: /2022/03/22/ryan-cohen-scoops-up-100000-more-shares-of-gamestop.html (Caused by SSLError(SSLError(1, '[SSL: TLSV1_ALERT_INTERNAL_ERROR] tlsv1 alert internal error (_ssl.c:1123)'))) on URL https://www.cnbc.com/2022/03/22/ryan-cohen-scoops-up-100000-more-shares-of-gamestop.html",)
e自身:Article `download()` failed with HTTPSConnectionPool(host='www.cnbc.com', port=443): Max retries exceeded with url: /2022/03/22/ryan-cohen-scoops-up-100000-more-shares-of-gamestop.html (Caused by SSLError(SSLError(1, '[SSL: TLSV1_ALERT_INTERNAL_ERROR] tlsv1 alert internal error (_ssl.c:1123)'))) on URL https://www.cnbc.com/2022/03/22/ryan-cohen-scoops-up-100000-more-shares-of-gamestop.html
=== エラー内容 ===
type:<class 'newspaper.article.ArticleException'>
args:("Article `download()` failed with HTTPSConnectionPool(host='www.cnbc.com', port=443): Max retries exceeded with url: /2022/03/23/ukrainian-coders-splitting-their-time-between-day-job-and-cyberwar.html (Caused by SSLError(SSLError(1, '[SSL: TLSV1_ALERT_INTERNAL_ERROR] tlsv1 alert internal error (_ssl.c:1123)'))) on URL https://www.cnbc.com/2022/03/23/ukrainian-coders-splitting-their-time-between-day-job-and-cyberwar.html",)
e自身:Article `download()` failed with HTTPSConnectionPool(host='www.cnbc.com', port=443): Max retries exceeded with url: /2022/03/23/ukrainian-coders-splitting-their-time-between-day-job-and-cyberwar.html (Caused by SSLError(SSLError(1, '[SSL: TLSV1_ALERT_INTERNAL_ERROR] tlsv1 alert internal error (_ssl.c:1123)'))) on URL https://www.cnbc.com/2022/03/23/ukrainian-coders-splitting-their-time-between-day-job-and-cyberwar.html
=== エラー内容 ===
type:<class 'newspaper.article.ArticleException'>
args:("Article `download()` failed with HTTPSConnectionPool(host='www.cnbc.com', port=443): Max retries exceeded with url: /2022/03/23/fieo-india-rupee-ruble-trade-mechanism-with-russia-may-be-ready-soon.html (Caused by SSLError(SSLError(1, '[SSL: TLSV1_ALERT_INTERNAL_ERROR] tlsv1 alert internal error (_ssl.c:1123)'))) on URL https://www.cnbc.com/2022/03/23/fieo-india-rupee-ruble-trade-mechanism-with-russia-may-be-ready-soon.html",)
e自身:Article `download()` failed with HTTPSConnectionPool(host='www.cnbc.com', port=443): Max retries exceeded with url: /2022/03/23/fieo-india-rupee-ruble-trade-mechanism-with-russia-may-be-ready-soon.html (Caused by SSLError(SSLError(1, '[SSL: TLSV1_ALERT_INTERNAL_ERROR] tlsv1 alert internal error (_ssl.c:1123)'))) on URL https://www.cnbc.com/2022/03/23/fieo-india-rupee-ruble-trade-mechanism-with-russia-may-be-ready-soon.html
=== エラー内容 ===
type:<class 'newspaper.article.ArticleException'>
args:("Article `download()` failed with HTTPSConnectionPool(host='www.cnbc.com', port=443): Max retries exceeded with url: /2022/03/22/jim-cramer-bow-down-to-the-fed-and-beware-of-false-market-optimism.html (Caused by SSLError(SSLError(1, '[SSL: TLSV1_ALERT_INTERNAL_ERROR] tlsv1 alert internal error (_ssl.c:1123)'))) on URL https://www.cnbc.com/2022/03/22/jim-cramer-bow-down-to-the-fed-and-beware-of-false-market-optimism.html",)
e自身:Article `download()` failed with HTTPSConnectionPool(host='www.cnbc.com', port=443): Max retries exceeded with url: /2022/03/22/jim-cramer-bow-down-to-the-fed-and-beware-of-false-market-optimism.html (Caused by SSLError(SSLError(1, '[SSL: TLSV1_ALERT_INTERNAL_ERROR] tlsv1 alert internal error (_ssl.c:1123)'))) on URL https://www.cnbc.com/2022/03/22/jim-cramer-bow-down-to-the-fed-and-beware-of-false-market-optimism.html
=== エラー内容 ===
type:<class 'newspaper.article.ArticleException'>
args:("Article `download()` failed with HTTPSConnectionPool(host='www.cnbc.com', port=443): Max retries exceeded with url: /2022/03/22/stock-market-futures-open-to-close-news.html (Caused by SSLError(SSLError(1, '[SSL: TLSV1_ALERT_INTERNAL_ERROR] tlsv1 alert internal error (_ssl.c:1123)'))) on URL https://www.cnbc.com/2022/03/22/stock-market-futures-open-to-close-news.html",)
e自身:Article `download()` failed with HTTPSConnectionPool(host='www.cnbc.com', port=443): Max retries exceeded with url: /2022/03/22/stock-market-futures-open-to-close-news.html (Caused by SSLError(SSLError(1, '[SSL: TLSV1_ALERT_INTERNAL_ERROR] tlsv1 alert internal error (_ssl.c:1123)'))) on URL https://www.cnbc.com/2022/03/22/stock-market-futures-open-to-close-news.html
=== エラー内容 ===
type:<class 'newspaper.article.ArticleException'>
args:("Article `download()` failed with HTTPSConnectionPool(host='www.cnbc.com', port=443): Max retries exceeded with url: /2022/03/23/astrazeneca-takes-stake-in-health-tech-start-up-huma.html (Caused by SSLError(SSLError(1, '[SSL: TLSV1_ALERT_INTERNAL_ERROR] tlsv1 alert internal error (_ssl.c:1123)'))) on URL https://www.cnbc.com/2022/03/23/astrazeneca-takes-stake-in-health-tech-start-up-huma.html",)
e自身:Article `download()` failed with HTTPSConnectionPool(host='www.cnbc.com', port=443): Max retries exceeded with url: /2022/03/23/astrazeneca-takes-stake-in-health-tech-start-up-huma.html (Caused by SSLError(SSLError(1, '[SSL: TLSV1_ALERT_INTERNAL_ERROR] tlsv1 alert internal error (_ssl.c:1123)'))) on URL https://www.cnbc.com/2022/03/23/astrazeneca-takes-stake-in-health-tech-start-up-huma.html
=== エラー内容 ===
type:<class 'newspaper.article.ArticleException'>
args:("Article `download()` failed with HTTPSConnectionPool(host='www.foxbusiness.com', port=443): Read timed out. (read timeout=7) on URL https://www.foxbusiness.com/economy/brenberg-warns-bidens-economic-policy-mistake-will-hit-everyone-in-america",)
e自身:Article `download()` failed with HTTPSConnectionPool(host='www.foxbusiness.com', port=443): Read timed out. (read timeout=7) on URL https://www.foxbusiness.com/economy/brenberg-warns-bidens-economic-policy-mistake-will-hit-everyone-in-america
=== エラー内容 ===
type:<class 'newspaper.article.ArticleException'>
args:("Article `download()` failed with HTTPSConnectionPool(host='www.foxbusiness.com', port=443): Read timed out. (read timeout=7) on URL https://www.foxbusiness.com/economy/what-is-stagflation-why-economists-are-worrying-about-a-1970s-style-catastrophe",)
e自身:Article `download()` failed with HTTPSConnectionPool(host='www.foxbusiness.com', port=443): Read timed out. (read timeout=7) on URL https://www.foxbusiness.com/economy/what-is-stagflation-why-economists-are-worrying-about-a-1970s-style-catastrophe
=== エラー内容 ===
type:<class 'newspaper.article.ArticleException'>
args:("Article `download()` failed with HTTPSConnectionPool(host='www.foxbusiness.com', port=443): Read timed out. (read timeout=7) on URL https://www.foxbusiness.com/markets/goldman-warns-markets-risks-russia-ukraine-war",)
e自身:Article `download()` failed with HTTPSConnectionPool(host='www.foxbusiness.com', port=443): Read timed out. (read timeout=7) on URL https://www.foxbusiness.com/markets/goldman-warns-markets-risks-russia-ukraine-war
=== エラー内容 ===
type:<class 'urllib.error.HTTPError'>
args:()
e自身:HTTP Error 503: Service Unavailable
url:https://news.google.com/rss/search?q=+after:2022-3-21+inurl:foxbusiness.com&hl=en-US&gl=US&ceid=US:en
=== エラー内容 ===
type:<class 'urllib.error.HTTPError'>
args:()
e自身:HTTP Error 503: Service Unavailable
url:https://news.google.com/rss/search?q=+after:2022-3-21+inurl:reuters.com&hl=en-US&gl=US&ceid=US:en
=== エラー内容 ===
type:<class 'newspaper.article.ArticleException'>
args:("Article `download()` failed with HTTPSConnectionPool(host='www.foxbusiness.com', port=443): Read timed out. (read timeout=7) on URL https://www.foxbusiness.com/lifestyle/chevrolet-corvette-stingray-production-idled-parts-shortage",)
e自身:Article `download()` failed with HTTPSConnectionPool(host='www.foxbusiness.com', port=443): Read timed out. (read timeout=7) on URL https://www.foxbusiness.com/lifestyle/chevrolet-corvette-stingray-production-idled-parts-shortage
=== エラー内容 ===
type:<class 'newspaper.article.ArticleException'>
args:("Article `download()` failed with HTTPSConnectionPool(host='www.foxbusiness.com', port=443): Read timed out. (read timeout=7) on URL https://www.foxbusiness.com/business-leaders/tesla-elon-musk-dances-opening-berlin-gigafactory",)
e自身:Article `download()` failed with HTTPSConnectionPool(host='www.foxbusiness.com', port=443): Read timed out. (read timeout=7) on URL https://www.foxbusiness.com/business-leaders/tesla-elon-musk-dances-opening-berlin-gigafactory
=== エラー内容 ===
type:<class 'newspaper.article.ArticleException'>
args:("Article `download()` failed with HTTPSConnectionPool(host='www.foxbusiness.com', port=443): Read timed out. (read timeout=7) on URL https://www.foxbusiness.com/politics/belarus-economy-what-to-know",)
e自身:Article `download()` failed with HTTPSConnectionPool(host='www.foxbusiness.com', port=443): Read timed out. (read timeout=7) on URL https://www.foxbusiness.com/politics/belarus-economy-what-to-know
=== エラー内容 ===
type:<class 'newspaper.article.ArticleException'>
args:("Article `download()` failed with HTTPSConnectionPool(host='www.foxbusiness.com', port=443): Read timed out. (read timeout=7) on URL https://www.foxbusiness.com/politics/pa-rep-torches-biden-over-us-energy-assault",)
e自身:Article `download()` failed with HTTPSConnectionPool(host='www.foxbusiness.com', port=443): Read timed out. (read timeout=7) on URL https://www.foxbusiness.com/politics/pa-rep-torches-biden-over-us-energy-assault
=== エラー内容 ===
type:<class 'newspaper.article.ArticleException'>
args:("Article `download()` failed with HTTPSConnectionPool(host='www.cnbc.com', port=443): Max retries exceeded with url: /2022/03/23/inside-asml-the-company-advanced-chipmakers-use-for-euv-lithography.html (Caused by SSLError(SSLError(1, '[SSL: TLSV1_ALERT_INTERNAL_ERROR] tlsv1 alert internal error (_ssl.c:1123)'))) on URL https://www.cnbc.com/2022/03/23/inside-asml-the-company-advanced-chipmakers-use-for-euv-lithography.html",)
e自身:Article `download()` failed with HTTPSConnectionPool(host='www.cnbc.com', port=443): Max retries exceeded with url: /2022/03/23/inside-asml-the-company-advanced-chipmakers-use-for-euv-lithography.html (Caused by SSLError(SSLError(1, '[SSL: TLSV1_ALERT_INTERNAL_ERROR] tlsv1 alert internal error (_ssl.c:1123)'))) on URL https://www.cnbc.com/2022/03/23/inside-asml-the-company-advanced-chipmakers-use-for-euv-lithography.html
=== エラー内容 ===
type:<class 'newspaper.article.ArticleException'>
args:("Article `download()` failed with HTTPSConnectionPool(host='www.cnbc.com', port=443): Max retries exceeded with url: /2022/03/23/adobe-shares-plunge-10percent-on-lower-sales-forecast-from-russian-invasion.html (Caused by SSLError(SSLError(1, '[SSL: TLSV1_ALERT_INTERNAL_ERROR] tlsv1 alert internal error (_ssl.c:1123)'))) on URL https://www.cnbc.com/2022/03/23/adobe-shares-plunge-10percent-on-lower-sales-forecast-from-russian-invasion.html",)
e自身:Article `download()` failed with HTTPSConnectionPool(host='www.cnbc.com', port=443): Max retries exceeded with url: /2022/03/23/adobe-shares-plunge-10percent-on-lower-sales-forecast-from-russian-invasion.html (Caused by SSLError(SSLError(1, '[SSL: TLSV1_ALERT_INTERNAL_ERROR] tlsv1 alert internal error (_ssl.c:1123)'))) on URL https://www.cnbc.com/2022/03/23/adobe-shares-plunge-10percent-on-lower-sales-forecast-from-russian-invasion.html
=== エラー内容 ===
type:<class 'newspaper.article.ArticleException'>
args:("Article `download()` failed with HTTPSConnectionPool(host='www.cnbc.com', port=443): Max retries exceeded with url: /2022/03/23/cramer-investors-should-stay-the-course-as-markets-continue-to-shake-.html (Caused by SSLError(SSLError(1, '[SSL: TLSV1_ALERT_INTERNAL_ERROR] tlsv1 alert internal error (_ssl.c:1123)'))) on URL https://www.cnbc.com/2022/03/23/cramer-investors-should-stay-the-course-as-markets-continue-to-shake-.html",)
e自身:Article `download()` failed with HTTPSConnectionPool(host='www.cnbc.com', port=443): Max retries exceeded with url: /2022/03/23/cramer-investors-should-stay-the-course-as-markets-continue-to-shake-.html (Caused by SSLError(SSLError(1, '[SSL: TLSV1_ALERT_INTERNAL_ERROR] tlsv1 alert internal error (_ssl.c:1123)'))) on URL https://www.cnbc.com/2022/03/23/cramer-investors-should-stay-the-course-as-markets-continue-to-shake-.html
=== エラー内容 ===
type:<class 'newspaper.article.ArticleException'>
args:("Article `download()` failed with HTTPSConnectionPool(host='www.cnbc.com', port=443): Max retries exceeded with url: /2022/03/23/wall-street-bonuses-climb-to-record-257500-per-worker-last-year-new-yorks-fiscal-chief-says.html (Caused by SSLError(SSLError(1, '[SSL: TLSV1_ALERT_INTERNAL_ERROR] tlsv1 alert internal error (_ssl.c:1123)'))) on URL https://www.cnbc.com/2022/03/23/wall-street-bonuses-climb-to-record-257500-per-worker-last-year-new-yorks-fiscal-chief-says.html",)
e自身:Article `download()` failed with HTTPSConnectionPool(host='www.cnbc.com', port=443): Max retries exceeded with url: /2022/03/23/wall-street-bonuses-climb-to-record-257500-per-worker-last-year-new-yorks-fiscal-chief-says.html (Caused by SSLError(SSLError(1, '[SSL: TLSV1_ALERT_INTERNAL_ERROR] tlsv1 alert internal error (_ssl.c:1123)'))) on URL https://www.cnbc.com/2022/03/23/wall-street-bonuses-climb-to-record-257500-per-worker-last-year-new-yorks-fiscal-chief-says.html
=== エラー内容 ===
type:<class 'newspaper.article.ArticleException'>
args:("Article `download()` failed with HTTPSConnectionPool(host='www.foxbusiness.com', port=443): Max retries exceeded with url: /lifestyle/wall-street-bonuses-hit-new-record (Caused by SSLError(SSLError(1, '[SSL: TLSV1_ALERT_INTERNAL_ERROR] tlsv1 alert internal error (_ssl.c:1123)'))) on URL https://www.foxbusiness.com/lifestyle/wall-street-bonuses-hit-new-record",)
e自身:Article `download()` failed with HTTPSConnectionPool(host='www.foxbusiness.com', port=443): Max retries exceeded with url: /lifestyle/wall-street-bonuses-hit-new-record (Caused by SSLError(SSLError(1, '[SSL: TLSV1_ALERT_INTERNAL_ERROR] tlsv1 alert internal error (_ssl.c:1123)'))) on URL https://www.foxbusiness.com/lifestyle/wall-street-bonuses-hit-new-record
=== エラー内容 ===
type:<class 'newspaper.article.ArticleException'>
args:("Article `download()` failed with HTTPSConnectionPool(host='www.foxbusiness.com', port=443): Max retries exceeded with url: /markets/goldman-warns-markets-risks-russia-ukraine-war (Caused by SSLError(SSLError(1, '[SSL: TLSV1_ALERT_INTERNAL_ERROR] tlsv1 alert internal error (_ssl.c:1123)'))) on URL https://www.foxbusiness.com/markets/goldman-warns-markets-risks-russia-ukraine-war",)
e自身:Article `download()` failed with HTTPSConnectionPool(host='www.foxbusiness.com', port=443): Max retries exceeded with url: /markets/goldman-warns-markets-risks-russia-ukraine-war (Caused by SSLError(SSLError(1, '[SSL: TLSV1_ALERT_INTERNAL_ERROR] tlsv1 alert internal error (_ssl.c:1123)'))) on URL https://www.foxbusiness.com/markets/goldman-warns-markets-risks-russia-ukraine-war
=== エラー内容 ===
type:<class 'newspaper.article.ArticleException'>
args:("Article `download()` failed with HTTPSConnectionPool(host='www.foxbusiness.com', port=443): Max retries exceeded with url: /technology/okta-hack-what-to-know (Caused by SSLError(SSLError(1, '[SSL: TLSV1_ALERT_INTERNAL_ERROR] tlsv1 alert internal error (_ssl.c:1123)'))) on URL https://www.foxbusiness.com/technology/okta-hack-what-to-know",)
e自身:Article `download()` failed with HTTPSConnectionPool(host='www.foxbusiness.com', port=443): Max retries exceeded with url: /technology/okta-hack-what-to-know (Caused by SSLError(SSLError(1, '[SSL: TLSV1_ALERT_INTERNAL_ERROR] tlsv1 alert internal error (_ssl.c:1123)'))) on URL https://www.foxbusiness.com/technology/okta-hack-what-to-know
=== エラー内容 ===
type:<class 'newspaper.article.ArticleException'>
args:("Article `download()` failed with HTTPSConnectionPool(host='www.washingtonpost.com', port=443): Read timed out. (read timeout=7) on URL https://www.washingtonpost.com/world/2022/03/23/makariv-propaganda-ukraine/",)
e自身:Article `download()` failed with HTTPSConnectionPool(host='www.washingtonpost.com', port=443): Read timed out. (read timeout=7) on URL https://www.washingtonpost.com/world/2022/03/23/makariv-propaganda-ukraine/
=== エラー内容 ===
type:<class 'newspaper.article.ArticleException'>
args:("Article `download()` failed with HTTPSConnectionPool(host='www.foxbusiness.com', port=443): Read timed out. (read timeout=7) on URL https://www.foxbusiness.com/politics/us-sending-soviet-air-defense-systems-ukraine",)
e自身:Article `download()` failed with HTTPSConnectionPool(host='www.foxbusiness.com', port=443): Read timed out. (read timeout=7) on URL https://www.foxbusiness.com/politics/us-sending-soviet-air-defense-systems-ukraine
=== エラー内容 ===
type:<class 'newspaper.article.ArticleException'>
args:("Article `download()` failed with HTTPSConnectionPool(host='www.foxbusiness.com', port=443): Read timed out. (read timeout=7) on URL https://www.foxbusiness.com/politics/varney-on-democrats-gas-stimulus-vote-buying-is-alive-and-well",)
e自身:Article `download()` failed with HTTPSConnectionPool(host='www.foxbusiness.com', port=443): Read timed out. (read timeout=7) on URL https://www.foxbusiness.com/politics/varney-on-democrats-gas-stimulus-vote-buying-is-alive-and-well
=== エラー内容 ===
type:<class 'newspaper.article.ArticleException'>
args:("Article `download()` failed with HTTPSConnectionPool(host='www.foxbusiness.com', port=443): Read timed out. (read timeout=7) on URL https://www.foxbusiness.com/politics/us-sending-soviet-air-defense-systems-ukraine",)
e自身:Article `download()` failed with HTTPSConnectionPool(host='www.foxbusiness.com', port=443): Read timed out. (read timeout=7) on URL https://www.foxbusiness.com/politics/us-sending-soviet-air-defense-systems-ukraine
=== エラー内容 ===
type:<class 'newspaper.article.ArticleException'>
args:("Article `download()` failed with HTTPSConnectionPool(host='www.foxbusiness.com', port=443): Read timed out. (read timeout=7) on URL https://www.foxbusiness.com/lifestyle/usps-places-3-billion-50000-delivery-vehicles-electric",)
e自身:Article `download()` failed with HTTPSConnectionPool(host='www.foxbusiness.com', port=443): Read timed out. (read timeout=7) on URL https://www.foxbusiness.com/lifestyle/usps-places-3-billion-50000-delivery-vehicles-electric
=== エラー内容 ===
type:<class 'newspaper.article.ArticleException'>
args:("Article `download()` failed with HTTPSConnectionPool(host='www.foxbusiness.com', port=443): Read timed out. (read timeout=7) on URL https://www.foxbusiness.com/politics/woke-home-depot-flyer-causes-online-stir",)
e自身:Article `download()` failed with HTTPSConnectionPool(host='www.foxbusiness.com', port=443): Read timed out. (read timeout=7) on URL https://www.foxbusiness.com/politics/woke-home-depot-flyer-causes-online-stir
=== エラー内容 ===
type:<class 'newspaper.article.ArticleException'>
args:("Article `download()` failed with HTTPSConnectionPool(host='www.foxbusiness.com', port=443): Read timed out. (read timeout=7) on URL https://www.foxbusiness.com/lifestyle/duolingo-increase-ukrainian-language-learners",)
e自身:Article `download()` failed with HTTPSConnectionPool(host='www.foxbusiness.com', port=443): Read timed out. (read timeout=7) on URL https://www.foxbusiness.com/lifestyle/duolingo-increase-ukrainian-language-learners
=== エラー内容 ===
type:<class 'newspaper.article.ArticleException'>
args:("Article `download()` failed with HTTPSConnectionPool(host='www.foxbusiness.com', port=443): Read timed out. (read timeout=7) on URL https://www.foxbusiness.com/lifestyle/potentially-toxic-chemicals-restaurant-packages-report",)
e自身:Article `download()` failed with HTTPSConnectionPool(host='www.foxbusiness.com', port=443): Read timed out. (read timeout=7) on URL https://www.foxbusiness.com/lifestyle/potentially-toxic-chemicals-restaurant-packages-report
=== エラー内容 ===
type:<class 'newspaper.article.ArticleException'>
args:("Article `download()` failed with HTTPSConnectionPool(host='www.foxbusiness.com', port=443): Read timed out. (read timeout=7) on URL https://www.foxbusiness.com/economy/gas-prices-average-6-los-angeles-california",)
e自身:Article `download()` failed with HTTPSConnectionPool(host='www.foxbusiness.com', port=443): Read timed out. (read timeout=7) on URL https://www.foxbusiness.com/economy/gas-prices-average-6-los-angeles-california
=== エラー内容 ===
type:<class 'newspaper.article.ArticleException'>
args:("Article `download()` failed with HTTPSConnectionPool(host='www.morganlewis.com', port=443): Read timed out. (read timeout=7) on URL https://www.morganlewis.com/news/2022/03/the-sec-climate-rule-7-things-investors-need-to-know-cnbc-com",)
e自身:Article `download()` failed with HTTPSConnectionPool(host='www.morganlewis.com', port=443): Read timed out. (read timeout=7) on URL https://www.morganlewis.com/news/2022/03/the-sec-climate-rule-7-things-investors-need-to-know-cnbc-com
=== エラー内容 ===
type:<class 'newspaper.article.ArticleException'>
args:("Article `download()` failed with HTTPSConnectionPool(host='www.reuters.com', port=443): Max retries exceeded with url: /business/finance/russias-national-settlement-depository-says-clearstream-is-blocking-its-account-2022-03-25/ (Caused by ConnectTimeoutError(<urllib3.connection.HTTPSConnection object at 0x10ac36a30>, 'Connection to www.reuters.com timed out. (connect timeout=7)')) on URL https://www.reuters.com/business/finance/russias-national-settlement-depository-says-clearstream-is-blocking-its-account-2022-03-25/",)
e自身:Article `download()` failed with HTTPSConnectionPool(host='www.reuters.com', port=443): Max retries exceeded with url: /business/finance/russias-national-settlement-depository-says-clearstream-is-blocking-its-account-2022-03-25/ (Caused by ConnectTimeoutError(<urllib3.connection.HTTPSConnection object at 0x10ac36a30>, 'Connection to www.reuters.com timed out. (connect timeout=7)')) on URL https://www.reuters.com/business/finance/russias-national-settlement-depository-says-clearstream-is-blocking-its-account-2022-03-25/
=== エラー内容 ===
type:<class 'newspaper.article.ArticleException'>
args:("Article `download()` failed with HTTPSConnectionPool(host='www.reuters.com', port=443): Max retries exceeded with url: /business/aerospace-defense/exclusive-us-assesses-up-60-failure-rate-some-russian-missiles-officials-say-2022-03-24/ (Caused by ConnectTimeoutError(<urllib3.connection.HTTPSConnection object at 0x10ac58610>, 'Connection to www.reuters.com timed out. (connect timeout=7)')) on URL https://www.reuters.com/business/aerospace-defense/exclusive-us-assesses-up-60-failure-rate-some-russian-missiles-officials-say-2022-03-24/",)
e自身:Article `download()` failed with HTTPSConnectionPool(host='www.reuters.com', port=443): Max retries exceeded with url: /business/aerospace-defense/exclusive-us-assesses-up-60-failure-rate-some-russian-missiles-officials-say-2022-03-24/ (Caused by ConnectTimeoutError(<urllib3.connection.HTTPSConnection object at 0x10ac58610>, 'Connection to www.reuters.com timed out. (connect timeout=7)')) on URL https://www.reuters.com/business/aerospace-defense/exclusive-us-assesses-up-60-failure-rate-some-russian-missiles-officials-say-2022-03-24/
=== エラー内容 ===
type:<class 'newspaper.article.ArticleException'>
args:("Article `download()` failed with ('Connection aborted.', ConnectionResetError(54, 'Connection reset by peer')) on URL https://www.reuters.com/business/environment/thinning-antarctic-ice-shelf-finally-crumbles-after-heatwave-2022-03-25/",)
e自身:Article `download()` failed with ('Connection aborted.', ConnectionResetError(54, 'Connection reset by peer')) on URL https://www.reuters.com/business/environment/thinning-antarctic-ice-shelf-finally-crumbles-after-heatwave-2022-03-25/
=== エラー内容 ===
type:<class 'newspaper.article.ArticleException'>
args:("Article `download()` failed with HTTPSConnectionPool(host='www.reuters.com', port=443): Read timed out. (read timeout=7) on URL https://www.reuters.com/business/finance/russias-national-settlement-depository-says-clearstream-is-blocking-its-account-2022-03-25/",)
e自身:Article `download()` failed with HTTPSConnectionPool(host='www.reuters.com', port=443): Read timed out. (read timeout=7) on URL https://www.reuters.com/business/finance/russias-national-settlement-depository-says-clearstream-is-blocking-its-account-2022-03-25/
=== エラー内容 ===
type:<class 'newspaper.article.ArticleException'>
args:("Article `download()` failed with HTTPSConnectionPool(host='www.reuters.com', port=443): Max retries exceeded with url: /business/aerospace-defense/exclusive-us-assesses-up-60-failure-rate-some-russian-missiles-officials-say-2022-03-24/ (Caused by ConnectTimeoutError(<urllib3.connection.HTTPSConnection object at 0x10d499370>, 'Connection to www.reuters.com timed out. (connect timeout=7)')) on URL https://www.reuters.com/business/aerospace-defense/exclusive-us-assesses-up-60-failure-rate-some-russian-missiles-officials-say-2022-03-24/",)
e自身:Article `download()` failed with HTTPSConnectionPool(host='www.reuters.com', port=443): Max retries exceeded with url: /business/aerospace-defense/exclusive-us-assesses-up-60-failure-rate-some-russian-missiles-officials-say-2022-03-24/ (Caused by ConnectTimeoutError(<urllib3.connection.HTTPSConnection object at 0x10d499370>, 'Connection to www.reuters.com timed out. (connect timeout=7)')) on URL https://www.reuters.com/business/aerospace-defense/exclusive-us-assesses-up-60-failure-rate-some-russian-missiles-officials-say-2022-03-24/
=== エラー内容 ===
type:<class 'newspaper.article.ArticleException'>
args:("Article `download()` failed with HTTPSConnectionPool(host='www.reuters.com', port=443): Read timed out. (read timeout=7) on URL https://www.reuters.com/business/environment/thinning-antarctic-ice-shelf-finally-crumbles-after-heatwave-2022-03-25/",)
e自身:Article `download()` failed with HTTPSConnectionPool(host='www.reuters.com', port=443): Read timed out. (read timeout=7) on URL https://www.reuters.com/business/environment/thinning-antarctic-ice-shelf-finally-crumbles-after-heatwave-2022-03-25/
=== エラー内容 ===
type:<class 'newspaper.article.ArticleException'>
args:("Article `download()` failed with ('Connection aborted.', ConnectionResetError(54, 'Connection reset by peer')) on URL https://www.reuters.com/business/global-markets-wrapup-1-2022-03-25/",)
e自身:Article `download()` failed with ('Connection aborted.', ConnectionResetError(54, 'Connection reset by peer')) on URL https://www.reuters.com/business/global-markets-wrapup-1-2022-03-25/
=== エラー内容 ===
type:<class 'newspaper.article.ArticleException'>
args:("Article `download()` failed with HTTPSConnectionPool(host='www.reuters.com', port=443): Max retries exceeded with url: /world/us/ukraine-urges-halt-russias-assault-biden-heads-poland-2022-03-25/ (Caused by ConnectTimeoutError(<urllib3.connection.HTTPSConnection object at 0x10d4ae040>, 'Connection to www.reuters.com timed out. (connect timeout=7)')) on URL https://www.reuters.com/world/us/ukraine-urges-halt-russias-assault-biden-heads-poland-2022-03-25/",)
e自身:Article `download()` failed with HTTPSConnectionPool(host='www.reuters.com', port=443): Max retries exceeded with url: /world/us/ukraine-urges-halt-russias-assault-biden-heads-poland-2022-03-25/ (Caused by ConnectTimeoutError(<urllib3.connection.HTTPSConnection object at 0x10d4ae040>, 'Connection to www.reuters.com timed out. (connect timeout=7)')) on URL https://www.reuters.com/world/us/ukraine-urges-halt-russias-assault-biden-heads-poland-2022-03-25/
=== エラー内容 ===
type:<class 'newspaper.article.ArticleException'>
args:("Article `download()` failed with ('Connection aborted.', ConnectionResetError(54, 'Connection reset by peer')) on URL https://www.reuters.com/world/china/chinese-foreign-minister-see-indian-counterpart-surprise-meeting-2022-03-25/",)
e自身:Article `download()` failed with ('Connection aborted.', ConnectionResetError(54, 'Connection reset by peer')) on URL https://www.reuters.com/world/china/chinese-foreign-minister-see-indian-counterpart-surprise-meeting-2022-03-25/
=== エラー内容 ===
type:<class 'newspaper.article.ArticleException'>
args:("Article `download()` failed with ('Connection aborted.', ConnectionResetError(54, 'Connection reset by peer')) on URL https://www.reuters.com/news/picture/worldwide-protests-against-russias-invas-idUSRTXLGGQD",)
e自身:Article `download()` failed with ('Connection aborted.', ConnectionResetError(54, 'Connection reset by peer')) on URL https://www.reuters.com/news/picture/worldwide-protests-against-russias-invas-idUSRTXLGGQD
=== エラー内容 ===
type:<class 'newspaper.article.ArticleException'>
args:("Article `download()` failed with ('Connection aborted.', ConnectionResetError(54, 'Connection reset by peer')) on URL https://www.reuters.com/business/energy/exclusive-chinas-sinopec-pauses-russia-projects-beijing-wary-sanctions-sources-2022-03-25/",)
e自身:Article `download()` failed with ('Connection aborted.', ConnectionResetError(54, 'Connection reset by peer')) on URL https://www.reuters.com/business/energy/exclusive-chinas-sinopec-pauses-russia-projects-beijing-wary-sanctions-sources-2022-03-25/
=== エラー内容 ===
type:<class 'newspaper.article.ArticleException'>
args:("Article `download()` failed with HTTPSConnectionPool(host='www.reuters.com', port=443): Read timed out. (read timeout=7) on URL https://www.reuters.com/world/us/donald-trump-sues-hillary-clinton-others-over-russian-collusion-allegations-2022-03-24/",)
e自身:Article `download()` failed with HTTPSConnectionPool(host='www.reuters.com', port=443): Read timed out. (read timeout=7) on URL https://www.reuters.com/world/us/donald-trump-sues-hillary-clinton-others-over-russian-collusion-allegations-2022-03-24/
=== エラー内容 ===
type:<class 'newspaper.article.ArticleException'>
args:("Article `download()` failed with HTTPSConnectionPool(host='www.foxbusiness.com', port=443): Read timed out. (read timeout=7) on URL https://www.foxbusiness.com/lifestyle/helmets-sold-walmart-stores-recalled-injury-hazard",)
e自身:Article `download()` failed with HTTPSConnectionPool(host='www.foxbusiness.com', port=443): Read timed out. (read timeout=7) on URL https://www.foxbusiness.com/lifestyle/helmets-sold-walmart-stores-recalled-injury-hazard
=== エラー内容 ===
type:<class 'newspaper.article.ArticleException'>
args:("Article `download()` failed with HTTPSConnectionPool(host='www.washingtonpost.com', port=443): Max retries exceeded with url: /travel/tips/books-travel-souvenirs-bookstores/ (Caused by SSLError(SSLError(1, '[SSL: TLSV1_ALERT_INTERNAL_ERROR] tlsv1 alert internal error (_ssl.c:1123)'))) on URL https://www.washingtonpost.com/travel/tips/books-travel-souvenirs-bookstores/",)
e自身:Article `download()` failed with HTTPSConnectionPool(host='www.washingtonpost.com', port=443): Max retries exceeded with url: /travel/tips/books-travel-souvenirs-bookstores/ (Caused by SSLError(SSLError(1, '[SSL: TLSV1_ALERT_INTERNAL_ERROR] tlsv1 alert internal error (_ssl.c:1123)'))) on URL https://www.washingtonpost.com/travel/tips/books-travel-souvenirs-bookstores/
=== エラー内容 ===
type:<class 'newspaper.article.ArticleException'>
args:("Article `download()` failed with HTTPSConnectionPool(host='www.foxbusiness.com', port=443): Read timed out. (read timeout=7) on URL https://www.foxbusiness.com/politics/disney-left-wing-activism-environment-fear-workers",)
e自身:Article `download()` failed with HTTPSConnectionPool(host='www.foxbusiness.com', port=443): Read timed out. (read timeout=7) on URL https://www.foxbusiness.com/politics/disney-left-wing-activism-environment-fear-workers
=== エラー内容 ===
type:<class 'newspaper.article.ArticleException'>
args:("Article `download()` failed with HTTPSConnectionPool(host='www.foxbusiness.com', port=443): Read timed out. (read timeout=7) on URL https://www.foxbusiness.com/lifestyle/potentially-toxic-chemicals-restaurant-packages-report",)
e自身:Article `download()` failed with HTTPSConnectionPool(host='www.foxbusiness.com', port=443): Read timed out. (read timeout=7) on URL https://www.foxbusiness.com/lifestyle/potentially-toxic-chemicals-restaurant-packages-report
=== エラー内容 ===
type:<class 'newspaper.article.ArticleException'>
args:("Article `download()` failed with HTTPSConnectionPool(host='www.washingtonpost.com', port=443): Max retries exceeded with url: /national-security/2022/03/23/trump-pomerantz-resignation-guilty/ (Caused by SSLError(SSLError(1, '[SSL: TLSV1_ALERT_INTERNAL_ERROR] tlsv1 alert internal error (_ssl.c:1123)'))) on URL https://www.washingtonpost.com/national-security/2022/03/23/trump-pomerantz-resignation-guilty/",)
e自身:Article `download()` failed with HTTPSConnectionPool(host='www.washingtonpost.com', port=443): Max retries exceeded with url: /national-security/2022/03/23/trump-pomerantz-resignation-guilty/ (Caused by SSLError(SSLError(1, '[SSL: TLSV1_ALERT_INTERNAL_ERROR] tlsv1 alert internal error (_ssl.c:1123)'))) on URL https://www.washingtonpost.com/national-security/2022/03/23/trump-pomerantz-resignation-guilty/
=== エラー内容 ===
type:<class 'newspaper.article.ArticleException'>
args:("Article `download()` failed with HTTPSConnectionPool(host='www.washingtonpost.com', port=443): Max retries exceeded with url: /video-games/2022/03/24/halo-series-infinite-future/ (Caused by SSLError(SSLError(1, '[SSL: TLSV1_ALERT_INTERNAL_ERROR] tlsv1 alert internal error (_ssl.c:1123)'))) on URL https://www.washingtonpost.com/video-games/2022/03/24/halo-series-infinite-future/",)
e自身:Article `download()` failed with HTTPSConnectionPool(host='www.washingtonpost.com', port=443): Max retries exceeded with url: /video-games/2022/03/24/halo-series-infinite-future/ (Caused by SSLError(SSLError(1, '[SSL: TLSV1_ALERT_INTERNAL_ERROR] tlsv1 alert internal error (_ssl.c:1123)'))) on URL https://www.washingtonpost.com/video-games/2022/03/24/halo-series-infinite-future/
=== エラー内容 ===
type:<class 'newspaper.article.ArticleException'>
args:("Article `download()` failed with HTTPSConnectionPool(host='www.washingtonpost.com', port=443): Max retries exceeded with url: /opinions/2022/03/25/how-republicans-can-beat-trump-2024/ (Caused by SSLError(SSLError(1, '[SSL: TLSV1_ALERT_INTERNAL_ERROR] tlsv1 alert internal error (_ssl.c:1123)'))) on URL https://www.washingtonpost.com/opinions/2022/03/25/how-republicans-can-beat-trump-2024/",)
e自身:Article `download()` failed with HTTPSConnectionPool(host='www.washingtonpost.com', port=443): Max retries exceeded with url: /opinions/2022/03/25/how-republicans-can-beat-trump-2024/ (Caused by SSLError(SSLError(1, '[SSL: TLSV1_ALERT_INTERNAL_ERROR] tlsv1 alert internal error (_ssl.c:1123)'))) on URL https://www.washingtonpost.com/opinions/2022/03/25/how-republicans-can-beat-trump-2024/
=== エラー内容 ===
type:<class 'newspaper.article.ArticleException'>
args:("Article `download()` failed with HTTPSConnectionPool(host='www.washingtonpost.com', port=443): Max retries exceeded with url: /theater-dance/2022/03/25/putin-bolshoi-mariinsky-gergiev/ (Caused by SSLError(SSLError(1, '[SSL: TLSV1_ALERT_INTERNAL_ERROR] tlsv1 alert internal error (_ssl.c:1123)'))) on URL https://www.washingtonpost.com/theater-dance/2022/03/25/putin-bolshoi-mariinsky-gergiev/",)
e自身:Article `download()` failed with HTTPSConnectionPool(host='www.washingtonpost.com', port=443): Max retries exceeded with url: /theater-dance/2022/03/25/putin-bolshoi-mariinsky-gergiev/ (Caused by SSLError(SSLError(1, '[SSL: TLSV1_ALERT_INTERNAL_ERROR] tlsv1 alert internal error (_ssl.c:1123)'))) on URL https://www.washingtonpost.com/theater-dance/2022/03/25/putin-bolshoi-mariinsky-gergiev/
=== エラー内容 ===
type:<class 'newspaper.article.ArticleException'>
args:("Article `download()` failed with HTTPSConnectionPool(host='www.washingtonpost.com', port=443): Max retries exceeded with url: /politics/2022/03/25/thomas-texts-recusal-worse/ (Caused by SSLError(SSLError(1, '[SSL: TLSV1_ALERT_INTERNAL_ERROR] tlsv1 alert internal error (_ssl.c:1123)'))) on URL https://www.washingtonpost.com/politics/2022/03/25/thomas-texts-recusal-worse/",)
e自身:Article `download()` failed with HTTPSConnectionPool(host='www.washingtonpost.com', port=443): Max retries exceeded with url: /politics/2022/03/25/thomas-texts-recusal-worse/ (Caused by SSLError(SSLError(1, '[SSL: TLSV1_ALERT_INTERNAL_ERROR] tlsv1 alert internal error (_ssl.c:1123)'))) on URL https://www.washingtonpost.com/politics/2022/03/25/thomas-texts-recusal-worse/
=== エラー内容 ===
type:<class 'newspaper.article.ArticleException'>
args:("Article `download()` failed with HTTPSConnectionPool(host='www.foxbusiness.com', port=443): Read timed out. (read timeout=7) on URL https://www.foxbusiness.com/energy/energy-us-economy-3-key-facts-david-bahnsen",)
e自身:Article `download()` failed with HTTPSConnectionPool(host='www.foxbusiness.com', port=443): Read timed out. (read timeout=7) on URL https://www.foxbusiness.com/energy/energy-us-economy-3-key-facts-david-bahnsen
=== エラー内容 ===
type:<class 'newspaper.article.ArticleException'>
args:("Article `download()` failed with HTTPSConnectionPool(host='www.foxbusiness.com', port=443): Read timed out. (read timeout=7) on URL https://www.foxbusiness.com/politics/blackrocks-larry-fink-says-ukraine-war-put-an-end-to-globalization",)
e自身:Article `download()` failed with HTTPSConnectionPool(host='www.foxbusiness.com', port=443): Read timed out. (read timeout=7) on URL https://www.foxbusiness.com/politics/blackrocks-larry-fink-says-ukraine-war-put-an-end-to-globalization
=== エラー内容 ===
type:<class 'newspaper.article.ArticleException'>
args:("Article `download()` failed with HTTPSConnectionPool(host='www.foxbusiness.com', port=443): Read timed out. (read timeout=7) on URL https://www.foxbusiness.com/lifestyle/potentially-toxic-chemicals-restaurant-packages-report",)
e自身:Article `download()` failed with HTTPSConnectionPool(host='www.foxbusiness.com', port=443): Read timed out. (read timeout=7) on URL https://www.foxbusiness.com/lifestyle/potentially-toxic-chemicals-restaurant-packages-report
=== エラー内容 ===
type:<class 'newspaper.article.ArticleException'>
args:("Article `download()` failed with HTTPSConnectionPool(host='www.foxbusiness.com', port=443): Read timed out. (read timeout=7) on URL https://www.foxbusiness.com/economy/gas-prices-average-6-los-angeles-california",)
e自身:Article `download()` failed with HTTPSConnectionPool(host='www.foxbusiness.com', port=443): Read timed out. (read timeout=7) on URL https://www.foxbusiness.com/economy/gas-prices-average-6-los-angeles-california
=== エラー内容 ===
type:<class 'urllib.error.URLError'>
args:(ConnectionResetError(54, 'Connection reset by peer'),)
e自身:<urlopen error [Errno 54] Connection reset by peer>
url:https://news.google.com/rss/search?q=+after:2022-3-24+inurl:cnn.com&hl=en-US&gl=US&ceid=US:en
=== エラー内容 ===
type:<class 'urllib.error.URLError'>
args:(ConnectionResetError(54, 'Connection reset by peer'),)
e自身:<urlopen error [Errno 54] Connection reset by peer>
url:https://news.google.com/rss/search?q=+after:2022-3-24+inurl:huffpost.com&hl=en-US&gl=US&ceid=US:en
=== エラー内容 ===
type:<class 'newspaper.article.ArticleException'>
args:("Article `download()` failed with HTTPSConnectionPool(host='www.foxbusiness.com', port=443): Max retries exceeded with url: /politics/blackrocks-larry-fink-says-ukraine-war-put-an-end-to-globalization (Caused by SSLError(SSLError(1, '[SSL: TLSV1_ALERT_INTERNAL_ERROR] tlsv1 alert internal error (_ssl.c:1123)'))) on URL https://www.foxbusiness.com/politics/blackrocks-larry-fink-says-ukraine-war-put-an-end-to-globalization",)
e自身:Article `download()` failed with HTTPSConnectionPool(host='www.foxbusiness.com', port=443): Max retries exceeded with url: /politics/blackrocks-larry-fink-says-ukraine-war-put-an-end-to-globalization (Caused by SSLError(SSLError(1, '[SSL: TLSV1_ALERT_INTERNAL_ERROR] tlsv1 alert internal error (_ssl.c:1123)'))) on URL https://www.foxbusiness.com/politics/blackrocks-larry-fink-says-ukraine-war-put-an-end-to-globalization
=== エラー内容 ===
type:<class 'newspaper.article.ArticleException'>
args:("Article `download()` failed with HTTPSConnectionPool(host='www.foxbusiness.com', port=443): Max retries exceeded with url: /economy/miami-beach-business-owners-react-to-citywide-curfew-a-whole-city-is-paralyzed-because-of-this (Caused by SSLError(SSLError(1, '[SSL: TLSV1_ALERT_INTERNAL_ERROR] tlsv1 alert internal error (_ssl.c:1123)'))) on URL https://www.foxbusiness.com/economy/miami-beach-business-owners-react-to-citywide-curfew-a-whole-city-is-paralyzed-because-of-this",)
e自身:Article `download()` failed with HTTPSConnectionPool(host='www.foxbusiness.com', port=443): Max retries exceeded with url: /economy/miami-beach-business-owners-react-to-citywide-curfew-a-whole-city-is-paralyzed-because-of-this (Caused by SSLError(SSLError(1, '[SSL: TLSV1_ALERT_INTERNAL_ERROR] tlsv1 alert internal error (_ssl.c:1123)'))) on URL https://www.foxbusiness.com/economy/miami-beach-business-owners-react-to-citywide-curfew-a-whole-city-is-paralyzed-because-of-this
=== エラー内容 ===
type:<class 'newspaper.article.ArticleException'>
args:("Article `download()` failed with HTTPSConnectionPool(host='www.foxbusiness.com', port=443): Max retries exceeded with url: /politics/elon-musk-new-platform-needed-twitter-free-speech (Caused by SSLError(SSLError(1, '[SSL: TLSV1_ALERT_INTERNAL_ERROR] tlsv1 alert internal error (_ssl.c:1123)'))) on URL https://www.foxbusiness.com/politics/elon-musk-new-platform-needed-twitter-free-speech",)
e自身:Article `download()` failed with HTTPSConnectionPool(host='www.foxbusiness.com', port=443): Max retries exceeded with url: /politics/elon-musk-new-platform-needed-twitter-free-speech (Caused by SSLError(SSLError(1, '[SSL: TLSV1_ALERT_INTERNAL_ERROR] tlsv1 alert internal error (_ssl.c:1123)'))) on URL https://www.foxbusiness.com/politics/elon-musk-new-platform-needed-twitter-free-speech
=== エラー内容 ===
type:<class 'newspaper.article.ArticleException'>
args:("Article `download()` failed with HTTPSConnectionPool(host='www.foxbusiness.com', port=443): Max retries exceeded with url: /politics/disney-boycott-conservatives-woke (Caused by SSLError(SSLError(1, '[SSL: TLSV1_ALERT_INTERNAL_ERROR] tlsv1 alert internal error (_ssl.c:1123)'))) on URL https://www.foxbusiness.com/politics/disney-boycott-conservatives-woke",)
e自身:Article `download()` failed with HTTPSConnectionPool(host='www.foxbusiness.com', port=443): Max retries exceeded with url: /politics/disney-boycott-conservatives-woke (Caused by SSLError(SSLError(1, '[SSL: TLSV1_ALERT_INTERNAL_ERROR] tlsv1 alert internal error (_ssl.c:1123)'))) on URL https://www.foxbusiness.com/politics/disney-boycott-conservatives-woke
=== エラー内容 ===
type:<class 'newspaper.article.ArticleException'>
args:("Article `download()` failed with HTTPSConnectionPool(host='www.foxbusiness.com', port=443): Read timed out. (read timeout=7) on URL https://www.foxbusiness.com/politics/woke-home-depot-flyer-causes-online-stir",)
e自身:Article `download()` failed with HTTPSConnectionPool(host='www.foxbusiness.com', port=443): Read timed out. (read timeout=7) on URL https://www.foxbusiness.com/politics/woke-home-depot-flyer-causes-online-stir
=== エラー内容 ===
type:<class 'urllib.error.HTTPError'>
args:()
e自身:HTTP Error 503: Service Unavailable
url:https://news.google.com/rss/search?q=+after:2022-3-25+inurl:reuters.com&hl=en-US&gl=US&ceid=US:en
=== エラー内容 ===
type:<class 'newspaper.article.ArticleException'>
args:("Article `download()` failed with HTTPSConnectionPool(host='www.foxbusiness.com', port=443): Read timed out. (read timeout=7) on URL https://www.foxbusiness.com/lifestyle/milk-magnesia-recalled-microbial-contamination-fda",)
e自身:Article `download()` failed with HTTPSConnectionPool(host='www.foxbusiness.com', port=443): Read timed out. (read timeout=7) on URL https://www.foxbusiness.com/lifestyle/milk-magnesia-recalled-microbial-contamination-fda
=== エラー内容 ===
type:<class 'newspaper.article.ArticleException'>
args:("Article `download()` failed with HTTPSConnectionPool(host='www.foxbusiness.com', port=443): Read timed out. (read timeout=7) on URL https://www.foxbusiness.com/lifestyle/lonely-elon-musk-humans-shouldnt-live-longer-asphyxiate-society",)
e自身:Article `download()` failed with HTTPSConnectionPool(host='www.foxbusiness.com', port=443): Read timed out. (read timeout=7) on URL https://www.foxbusiness.com/lifestyle/lonely-elon-musk-humans-shouldnt-live-longer-asphyxiate-society
=== エラー内容 ===
type:<class 'newspaper.article.ArticleException'>
args:("Article `download()` failed with HTTPSConnectionPool(host='www.foxbusiness.com', port=443): Max retries exceeded with url: /lifestyle/lonely-elon-musk-humans-shouldnt-live-longer-asphyxiate-society (Caused by SSLError(SSLError(1, '[SSL: TLSV1_ALERT_INTERNAL_ERROR] tlsv1 alert internal error (_ssl.c:1123)'))) on URL https://www.foxbusiness.com/lifestyle/lonely-elon-musk-humans-shouldnt-live-longer-asphyxiate-society",)
e自身:Article `download()` failed with HTTPSConnectionPool(host='www.foxbusiness.com', port=443): Max retries exceeded with url: /lifestyle/lonely-elon-musk-humans-shouldnt-live-longer-asphyxiate-society (Caused by SSLError(SSLError(1, '[SSL: TLSV1_ALERT_INTERNAL_ERROR] tlsv1 alert internal error (_ssl.c:1123)'))) on URL https://www.foxbusiness.com/lifestyle/lonely-elon-musk-humans-shouldnt-live-longer-asphyxiate-society
=== エラー内容 ===
type:<class 'newspaper.article.ArticleException'>
args:("Article `download()` failed with HTTPSConnectionPool(host='www.foxbusiness.com', port=443): Max retries exceeded with url: /energy/natural-gas-large-part-of-solution-to-climate-goals-industry-leader-says (Caused by SSLError(SSLError(1, '[SSL: TLSV1_ALERT_INTERNAL_ERROR] tlsv1 alert internal error (_ssl.c:1123)'))) on URL https://www.foxbusiness.com/energy/natural-gas-large-part-of-solution-to-climate-goals-industry-leader-says",)
e自身:Article `download()` failed with HTTPSConnectionPool(host='www.foxbusiness.com', port=443): Max retries exceeded with url: /energy/natural-gas-large-part-of-solution-to-climate-goals-industry-leader-says (Caused by SSLError(SSLError(1, '[SSL: TLSV1_ALERT_INTERNAL_ERROR] tlsv1 alert internal error (_ssl.c:1123)'))) on URL https://www.foxbusiness.com/energy/natural-gas-large-part-of-solution-to-climate-goals-industry-leader-says
=== エラー内容 ===
type:<class 'newspaper.article.ArticleException'>
args:("Article `download()` failed with HTTPSConnectionPool(host='www.foxbusiness.com', port=443): Max retries exceeded with url: /technology/elon-musk-china-russia-starlink-satellite-ukraine (Caused by SSLError(SSLError(1, '[SSL: TLSV1_ALERT_INTERNAL_ERROR] tlsv1 alert internal error (_ssl.c:1123)'))) on URL https://www.foxbusiness.com/technology/elon-musk-china-russia-starlink-satellite-ukraine",)
e自身:Article `download()` failed with HTTPSConnectionPool(host='www.foxbusiness.com', port=443): Max retries exceeded with url: /technology/elon-musk-china-russia-starlink-satellite-ukraine (Caused by SSLError(SSLError(1, '[SSL: TLSV1_ALERT_INTERNAL_ERROR] tlsv1 alert internal error (_ssl.c:1123)'))) on URL https://www.foxbusiness.com/technology/elon-musk-china-russia-starlink-satellite-ukraine
=== エラー内容 ===
type:<class 'newspaper.article.ArticleException'>
args:("Article `download()` failed with HTTPSConnectionPool(host='www.foxbusiness.com', port=443): Read timed out. (read timeout=7) on URL https://www.foxbusiness.com/technology/elon-musk-china-russia-starlink-satellite-ukraine",)
e自身:Article `download()` failed with HTTPSConnectionPool(host='www.foxbusiness.com', port=443): Read timed out. (read timeout=7) on URL https://www.foxbusiness.com/technology/elon-musk-china-russia-starlink-satellite-ukraine
=== エラー内容 ===
type:<class 'newspaper.article.ArticleException'>
args:("Article `download()` failed with HTTPSConnectionPool(host='www.foxbusiness.com', port=443): Read timed out. (read timeout=7) on URL https://www.foxbusiness.com/politics/biden-fossil-fuel-gas-prices-promise-republican-study-comittee-memo",)
e自身:Article `download()` failed with HTTPSConnectionPool(host='www.foxbusiness.com', port=443): Read timed out. (read timeout=7) on URL https://www.foxbusiness.com/politics/biden-fossil-fuel-gas-prices-promise-republican-study-comittee-memo
=== エラー内容 ===
type:<class 'IndexError'>
args:('list index out of range',)
e自身:list index out of range
タイトル:Unvaccinated United Airlines employees return to work
Joe Rogan offers to 'arrange' Elon Musk's training after challenging Putin to a fight: 'Epic'
Biden keeping his promise to 'end fossil fuel' increased gas prices, RSC memo shows
'Lonely' Elon Musk says humans shouldn't live longer, they will 'asphyxiate' society
Rates are rising, but 30-year mortgage rates hold lower than 20-year rates today  March 28, 2022
Varney: Biden's billionaire tax proposal is 'legalized theft'
Tesla announces plans for a second stock split in two years
Gas prices: Fuel type can save you money at the pump
Elon Musk says he contracted COVID-19 again
Recession indicator flashes red as parts of yield curve invert for first time since 2006
Small businesses feel sting of inflation as prices soar, survey shows
Natural gas ‘large part’ of solution to climate goals, industry leader says
Kudlow: Biden's trip to Europe showed weakness rather than strength
Elon Musk weighs in on whether China, Russia could ‘take out’ Starlink satellite system
BlackRock's Larry Fink says Ukraine war 'put an end' to globalization

日本語タイトル:['']
=== エラー内容 ===
type:<class 'newspaper.article.ArticleException'>
args:("Article `download()` failed with HTTPSConnectionPool(host='www.foxbusiness.com', port=443): Max retries exceeded with url: /politics/biden-fossil-fuel-gas-prices-promise-republican-study-comittee-memo (Caused by SSLError(SSLError(1, '[SSL: TLSV1_ALERT_INTERNAL_ERROR] tlsv1 alert internal error (_ssl.c:1123)'))) on URL https://www.foxbusiness.com/politics/biden-fossil-fuel-gas-prices-promise-republican-study-comittee-memo",)
e自身:Article `download()` failed with HTTPSConnectionPool(host='www.foxbusiness.com', port=443): Max retries exceeded with url: /politics/biden-fossil-fuel-gas-prices-promise-republican-study-comittee-memo (Caused by SSLError(SSLError(1, '[SSL: TLSV1_ALERT_INTERNAL_ERROR] tlsv1 alert internal error (_ssl.c:1123)'))) on URL https://www.foxbusiness.com/politics/biden-fossil-fuel-gas-prices-promise-republican-study-comittee-memo
=== エラー内容 ===
type:<class 'newspaper.article.ArticleException'>
args:("Article `download()` failed with HTTPSConnectionPool(host='www.foxbusiness.com', port=443): Max retries exceeded with url: /lifestyle/lonely-elon-musk-humans-shouldnt-live-longer-asphyxiate-society (Caused by SSLError(SSLError(1, '[SSL: TLSV1_ALERT_INTERNAL_ERROR] tlsv1 alert internal error (_ssl.c:1123)'))) on URL https://www.foxbusiness.com/lifestyle/lonely-elon-musk-humans-shouldnt-live-longer-asphyxiate-society",)
e自身:Article `download()` failed with HTTPSConnectionPool(host='www.foxbusiness.com', port=443): Max retries exceeded with url: /lifestyle/lonely-elon-musk-humans-shouldnt-live-longer-asphyxiate-society (Caused by SSLError(SSLError(1, '[SSL: TLSV1_ALERT_INTERNAL_ERROR] tlsv1 alert internal error (_ssl.c:1123)'))) on URL https://www.foxbusiness.com/lifestyle/lonely-elon-musk-humans-shouldnt-live-longer-asphyxiate-society
=== エラー内容 ===
type:<class 'newspaper.article.ArticleException'>
args:("Article `download()` failed with HTTPSConnectionPool(host='www.foxbusiness.com', port=443): Max retries exceeded with url: /personal-finance/todays-mortgage-rates-march-28-2022 (Caused by SSLError(SSLError(1, '[SSL: TLSV1_ALERT_INTERNAL_ERROR] tlsv1 alert internal error (_ssl.c:1123)'))) on URL https://www.foxbusiness.com/personal-finance/todays-mortgage-rates-march-28-2022",)
e自身:Article `download()` failed with HTTPSConnectionPool(host='www.foxbusiness.com', port=443): Max retries exceeded with url: /personal-finance/todays-mortgage-rates-march-28-2022 (Caused by SSLError(SSLError(1, '[SSL: TLSV1_ALERT_INTERNAL_ERROR] tlsv1 alert internal error (_ssl.c:1123)'))) on URL https://www.foxbusiness.com/personal-finance/todays-mortgage-rates-march-28-2022
=== エラー内容 ===
type:<class 'newspaper.article.ArticleException'>
args:("Article `download()` failed with HTTPSConnectionPool(host='www.foxbusiness.com', port=443): Max retries exceeded with url: /technology/tesla-announces-plans-for-a-second-stock-split-in-two-years (Caused by SSLError(SSLError(1, '[SSL: TLSV1_ALERT_INTERNAL_ERROR] tlsv1 alert internal error (_ssl.c:1123)'))) on URL https://www.foxbusiness.com/technology/tesla-announces-plans-for-a-second-stock-split-in-two-years",)
e自身:Article `download()` failed with HTTPSConnectionPool(host='www.foxbusiness.com', port=443): Max retries exceeded with url: /technology/tesla-announces-plans-for-a-second-stock-split-in-two-years (Caused by SSLError(SSLError(1, '[SSL: TLSV1_ALERT_INTERNAL_ERROR] tlsv1 alert internal error (_ssl.c:1123)'))) on URL https://www.foxbusiness.com/technology/tesla-announces-plans-for-a-second-stock-split-in-two-years
=== エラー内容 ===
type:<class 'newspaper.article.ArticleException'>
args:("Article `download()` failed with HTTPSConnectionPool(host='www.cnbc.com', port=443): Max retries exceeded with url: /2022/03/28/stock-market-futures-open-to-close-news.html (Caused by SSLError(SSLError(1, '[SSL: TLSV1_ALERT_INTERNAL_ERROR] tlsv1 alert internal error (_ssl.c:1123)'))) on URL https://www.cnbc.com/2022/03/28/stock-market-futures-open-to-close-news.html",)
e自身:Article `download()` failed with HTTPSConnectionPool(host='www.cnbc.com', port=443): Max retries exceeded with url: /2022/03/28/stock-market-futures-open-to-close-news.html (Caused by SSLError(SSLError(1, '[SSL: TLSV1_ALERT_INTERNAL_ERROR] tlsv1 alert internal error (_ssl.c:1123)'))) on URL https://www.cnbc.com/2022/03/28/stock-market-futures-open-to-close-news.html
=== エラー内容 ===
type:<class 'newspaper.article.ArticleException'>
args:("Article `download()` failed with HTTPSConnectionPool(host='www.cnbc.com', port=443): Max retries exceeded with url: /2022/03/29/stocks-making-the-biggest-moves-in-the-premarket-nielsen-holdings-fedex-lhc-group-and-more.html (Caused by SSLError(SSLError(1, '[SSL: TLSV1_ALERT_INTERNAL_ERROR] tlsv1 alert internal error (_ssl.c:1123)'))) on URL https://www.cnbc.com/2022/03/29/stocks-making-the-biggest-moves-in-the-premarket-nielsen-holdings-fedex-lhc-group-and-more.html",)
e自身:Article `download()` failed with HTTPSConnectionPool(host='www.cnbc.com', port=443): Max retries exceeded with url: /2022/03/29/stocks-making-the-biggest-moves-in-the-premarket-nielsen-holdings-fedex-lhc-group-and-more.html (Caused by SSLError(SSLError(1, '[SSL: TLSV1_ALERT_INTERNAL_ERROR] tlsv1 alert internal error (_ssl.c:1123)'))) on URL https://www.cnbc.com/2022/03/29/stocks-making-the-biggest-moves-in-the-premarket-nielsen-holdings-fedex-lhc-group-and-more.html
=== エラー内容 ===
type:<class 'newspaper.article.ArticleException'>
args:("Article `download()` failed with HTTPSConnectionPool(host='www.cnbc.com', port=443): Max retries exceeded with url: /2022/03/29/european-markets-head-for-higher-open-ahead-of-ukraine-russia-talks.html (Caused by SSLError(SSLError(1, '[SSL: TLSV1_ALERT_INTERNAL_ERROR] tlsv1 alert internal error (_ssl.c:1123)'))) on URL https://www.cnbc.com/2022/03/29/european-markets-head-for-higher-open-ahead-of-ukraine-russia-talks.html",)
e自身:Article `download()` failed with HTTPSConnectionPool(host='www.cnbc.com', port=443): Max retries exceeded with url: /2022/03/29/european-markets-head-for-higher-open-ahead-of-ukraine-russia-talks.html (Caused by SSLError(SSLError(1, '[SSL: TLSV1_ALERT_INTERNAL_ERROR] tlsv1 alert internal error (_ssl.c:1123)'))) on URL https://www.cnbc.com/2022/03/29/european-markets-head-for-higher-open-ahead-of-ukraine-russia-talks.html
=== エラー内容 ===
type:<class 'newspaper.article.ArticleException'>
args:("Article `download()` failed with HTTPSConnectionPool(host='www.cnbc.com', port=443): Max retries exceeded with url: /2022/03/29/home-prices-reaccelerated-to-start-the-year-says-sp-case-shiller.html (Caused by SSLError(SSLError(1, '[SSL: TLSV1_ALERT_INTERNAL_ERROR] tlsv1 alert internal error (_ssl.c:1123)'))) on URL https://www.cnbc.com/2022/03/29/home-prices-reaccelerated-to-start-the-year-says-sp-case-shiller.html",)
e自身:Article `download()` failed with HTTPSConnectionPool(host='www.cnbc.com', port=443): Max retries exceeded with url: /2022/03/29/home-prices-reaccelerated-to-start-the-year-says-sp-case-shiller.html (Caused by SSLError(SSLError(1, '[SSL: TLSV1_ALERT_INTERNAL_ERROR] tlsv1 alert internal error (_ssl.c:1123)'))) on URL https://www.cnbc.com/2022/03/29/home-prices-reaccelerated-to-start-the-year-says-sp-case-shiller.html
=== エラー内容 ===
type:<class 'newspaper.article.ArticleException'>
args:("Article `download()` failed with HTTPSConnectionPool(host='www.cnbc.com', port=443): Max retries exceeded with url: /2022/03/28/spacecraft-manufacturer-terran-orbital-llap-begins-trading-on-the-nyse.html (Caused by SSLError(SSLError(1, '[SSL: TLSV1_ALERT_INTERNAL_ERROR] tlsv1 alert internal error (_ssl.c:1123)'))) on URL https://www.cnbc.com/2022/03/28/spacecraft-manufacturer-terran-orbital-llap-begins-trading-on-the-nyse.html",)
e自身:Article `download()` failed with HTTPSConnectionPool(host='www.cnbc.com', port=443): Max retries exceeded with url: /2022/03/28/spacecraft-manufacturer-terran-orbital-llap-begins-trading-on-the-nyse.html (Caused by SSLError(SSLError(1, '[SSL: TLSV1_ALERT_INTERNAL_ERROR] tlsv1 alert internal error (_ssl.c:1123)'))) on URL https://www.cnbc.com/2022/03/28/spacecraft-manufacturer-terran-orbital-llap-begins-trading-on-the-nyse.html
=== エラー内容 ===
type:<class 'newspaper.article.ArticleException'>
args:("Article `download()` failed with HTTPSConnectionPool(host='www.cnbc.com', port=443): Max retries exceeded with url: /2022/03/29/us-issues-warning-to-crypto-banks-helping-russia-bypass-sanctions.html (Caused by SSLError(SSLError(1, '[SSL: TLSV1_ALERT_INTERNAL_ERROR] tlsv1 alert internal error (_ssl.c:1123)'))) on URL https://www.cnbc.com/2022/03/29/us-issues-warning-to-crypto-banks-helping-russia-bypass-sanctions.html",)
e自身:Article `download()` failed with HTTPSConnectionPool(host='www.cnbc.com', port=443): Max retries exceeded with url: /2022/03/29/us-issues-warning-to-crypto-banks-helping-russia-bypass-sanctions.html (Caused by SSLError(SSLError(1, '[SSL: TLSV1_ALERT_INTERNAL_ERROR] tlsv1 alert internal error (_ssl.c:1123)'))) on URL https://www.cnbc.com/2022/03/29/us-issues-warning-to-crypto-banks-helping-russia-bypass-sanctions.html
=== エラー内容 ===
type:<class 'newspaper.article.ArticleException'>
args:("Article `download()` failed with HTTPSConnectionPool(host='www.foxbusiness.com', port=443): Max retries exceeded with url: /lifestyle/united-airlines-unvaccinated-employees-return-to-work (Caused by SSLError(SSLError(1, '[SSL: TLSV1_ALERT_INTERNAL_ERROR] tlsv1 alert internal error (_ssl.c:1123)'))) on URL https://www.foxbusiness.com/lifestyle/united-airlines-unvaccinated-employees-return-to-work",)
e自身:Article `download()` failed with HTTPSConnectionPool(host='www.foxbusiness.com', port=443): Max retries exceeded with url: /lifestyle/united-airlines-unvaccinated-employees-return-to-work (Caused by SSLError(SSLError(1, '[SSL: TLSV1_ALERT_INTERNAL_ERROR] tlsv1 alert internal error (_ssl.c:1123)'))) on URL https://www.foxbusiness.com/lifestyle/united-airlines-unvaccinated-employees-return-to-work
=== エラー内容 ===
type:<class 'newspaper.article.ArticleException'>
args:("Article `download()` failed with HTTPSConnectionPool(host='www.washingtonpost.com', port=443): Max retries exceeded with url: /opinions/2022/03/28/bolton-was-wrong-iran-under-trump-hes-wrong-now/ (Caused by SSLError(SSLError(1, '[SSL: TLSV1_ALERT_INTERNAL_ERROR] tlsv1 alert internal error (_ssl.c:1123)'))) on URL https://www.washingtonpost.com/opinions/2022/03/28/bolton-was-wrong-iran-under-trump-hes-wrong-now/",)
e自身:Article `download()` failed with HTTPSConnectionPool(host='www.washingtonpost.com', port=443): Max retries exceeded with url: /opinions/2022/03/28/bolton-was-wrong-iran-under-trump-hes-wrong-now/ (Caused by SSLError(SSLError(1, '[SSL: TLSV1_ALERT_INTERNAL_ERROR] tlsv1 alert internal error (_ssl.c:1123)'))) on URL https://www.washingtonpost.com/opinions/2022/03/28/bolton-was-wrong-iran-under-trump-hes-wrong-now/
=== エラー内容 ===
type:<class 'newspaper.article.ArticleException'>
args:("Article `download()` failed with HTTPSConnectionPool(host='www.washingtonpost.com', port=443): Max retries exceeded with url: /opinions/2022/03/28/chris-wallace-tucker-carlson-shames-fox-news/ (Caused by SSLError(SSLError(1, '[SSL: TLSV1_ALERT_INTERNAL_ERROR] tlsv1 alert internal error (_ssl.c:1123)'))) on URL https://www.washingtonpost.com/opinions/2022/03/28/chris-wallace-tucker-carlson-shames-fox-news/",)
e自身:Article `download()` failed with HTTPSConnectionPool(host='www.washingtonpost.com', port=443): Max retries exceeded with url: /opinions/2022/03/28/chris-wallace-tucker-carlson-shames-fox-news/ (Caused by SSLError(SSLError(1, '[SSL: TLSV1_ALERT_INTERNAL_ERROR] tlsv1 alert internal error (_ssl.c:1123)'))) on URL https://www.washingtonpost.com/opinions/2022/03/28/chris-wallace-tucker-carlson-shames-fox-news/
=== エラー内容 ===
type:<class 'newspaper.article.ArticleException'>
args:("Article `download()` failed with HTTPSConnectionPool(host='www.washingtonpost.com', port=443): Max retries exceeded with url: /opinions/2022/03/28/ginni-thomas-republicans-psychology-conspiracy-theories/ (Caused by SSLError(SSLError(1, '[SSL: TLSV1_ALERT_INTERNAL_ERROR] tlsv1 alert internal error (_ssl.c:1123)'))) on URL https://www.washingtonpost.com/opinions/2022/03/28/ginni-thomas-republicans-psychology-conspiracy-theories/",)
e自身:Article `download()` failed with HTTPSConnectionPool(host='www.washingtonpost.com', port=443): Max retries exceeded with url: /opinions/2022/03/28/ginni-thomas-republicans-psychology-conspiracy-theories/ (Caused by SSLError(SSLError(1, '[SSL: TLSV1_ALERT_INTERNAL_ERROR] tlsv1 alert internal error (_ssl.c:1123)'))) on URL https://www.washingtonpost.com/opinions/2022/03/28/ginni-thomas-republicans-psychology-conspiracy-theories/
=== エラー内容 ===
type:<class 'IndexError'>
args:('list index out of range',)
e自身:list index out of range
タイトル:A far-right battalion has a key role in Ukraine's resistance. Its neo-Nazi links have given Putin ammunition
Live updates: Russia invades Ukraine, Mariupol evacuations under threat
Biden's double standard on refugees
Trump's January 6 plot appears darker and more dangerous by the day
'Frozen in time': Rescued film near Chernobyl shows life before the nuclear disaster
They tried to reveal what life was like under Russian occupation. Then they disappeared
Zelensky says Moscow is 'frightened' after Kremlin bans his interview
Donald Trump told the world about his hole-in-one in the Trumpiest way possible
Oscars controversy shines a light on Jada Pinkett Smith's 'struggle' with alopecia
Mariupol evacuation corridors 'in the hands of the occupiers' as mayor tells everyone to leave
Judge: 'More likely than not' that Trump 'corruptly attempted' to block Congress from counting votes on January 6
How Biden's 9 unscripted words could impact the war in Ukraine
Extraordinary Antarctica heatwave, 70 degrees above normal, would likely set a world record
Democrats move closer to significantly altering their presidential nominating process
January 6 committee releases contempt report for Scavino and Navarro

日本語タイトル:['']
=== エラー内容 ===
type:<class 'newspaper.article.ArticleException'>
args:("Article `download()` failed with HTTPSConnectionPool(host='www.foxbusiness.com', port=443): Read timed out. (read timeout=7) on URL https://www.foxbusiness.com/economy/small-businesses-inflation-chamber-of-commerce",)
e自身:Article `download()` failed with HTTPSConnectionPool(host='www.foxbusiness.com', port=443): Read timed out. (read timeout=7) on URL https://www.foxbusiness.com/economy/small-businesses-inflation-chamber-of-commerce
=== エラー内容 ===
type:<class 'IndexError'>
args:('list index out of range',)
e自身:list index out of range
タイトル:What we know about BA.2 -- now the dominant cause of Covid-19 in the US
Washington Post and CBS News: White House records of January 6 show more than seven-hour gap in Trump's calls
Top US general in Europe says there 'could be' an intelligence gap in US that caused US to overestimate Russia's capabilities
A far-right battalion has a key role in Ukraine's resistance. Its neo-Nazi links have given Putin ammunition
Biden's double standard on refugees
Georgia elections overhaul gutted by state Senate committee, setting up potential showdown
Trump brazenly asks Putin to release dirt about Biden's family
Second booster shots authorized for adults 50 and older
US intel assess 'major' strategy shift by Russia as it moves some forces away from Kyiv
Teen who fell to his death at Florida amusement park was turned away from two other rides, his cousin says
Ketanji Brown Jackson courts Republicans, though Romney likely won't make decision known until 'day of the vote'
Trump's January 6 plot appears darker and more dangerous by the day
US oil briefly sinks below $100 after Russia says it will 'drastically reduce' assault on Kyiv
Biden signs bill making lynching a federal hate crime into law
We're nearing a recession, if this always-accurate indicator is right again

日本語タイトル:['']
=== エラー内容 ===
type:<class 'newspaper.article.ArticleException'>
args:("Article `download()` failed with HTTPSConnectionPool(host='www.foxbusiness.com', port=443): Max retries exceeded with url: /economy/economist-reveals-when-the-us-could-see-a-recession (Caused by SSLError(SSLError(1, '[SSL: TLSV1_ALERT_INTERNAL_ERROR] tlsv1 alert internal error (_ssl.c:1123)'))) on URL https://www.foxbusiness.com/economy/economist-reveals-when-the-us-could-see-a-recession",)
e自身:Article `download()` failed with HTTPSConnectionPool(host='www.foxbusiness.com', port=443): Max retries exceeded with url: /economy/economist-reveals-when-the-us-could-see-a-recession (Caused by SSLError(SSLError(1, '[SSL: TLSV1_ALERT_INTERNAL_ERROR] tlsv1 alert internal error (_ssl.c:1123)'))) on URL https://www.foxbusiness.com/economy/economist-reveals-when-the-us-could-see-a-recession
=== エラー内容 ===
type:<class 'newspaper.article.ArticleException'>
args:("Article `download()` failed with HTTPSConnectionPool(host='www.foxbusiness.com', port=443): Max retries exceeded with url: /economy/white-house-26-billion-space-budget (Caused by SSLError(SSLError(1, '[SSL: TLSV1_ALERT_INTERNAL_ERROR] tlsv1 alert internal error (_ssl.c:1123)'))) on URL https://www.foxbusiness.com/economy/white-house-26-billion-space-budget",)
e自身:Article `download()` failed with HTTPSConnectionPool(host='www.foxbusiness.com', port=443): Max retries exceeded with url: /economy/white-house-26-billion-space-budget (Caused by SSLError(SSLError(1, '[SSL: TLSV1_ALERT_INTERNAL_ERROR] tlsv1 alert internal error (_ssl.c:1123)'))) on URL https://www.foxbusiness.com/economy/white-house-26-billion-space-budget
=== エラー内容 ===
type:<class 'newspaper.article.ArticleException'>
args:("Article `download()` failed with HTTPSConnectionPool(host='www.foxbusiness.com', port=443): Max retries exceeded with url: /lifestyle/bird-flu-iowa-kill-millions-more-hens-turkeys (Caused by SSLError(SSLError(1, '[SSL: TLSV1_ALERT_INTERNAL_ERROR] tlsv1 alert internal error (_ssl.c:1123)'))) on URL https://www.foxbusiness.com/lifestyle/bird-flu-iowa-kill-millions-more-hens-turkeys",)
e自身:Article `download()` failed with HTTPSConnectionPool(host='www.foxbusiness.com', port=443): Max retries exceeded with url: /lifestyle/bird-flu-iowa-kill-millions-more-hens-turkeys (Caused by SSLError(SSLError(1, '[SSL: TLSV1_ALERT_INTERNAL_ERROR] tlsv1 alert internal error (_ssl.c:1123)'))) on URL https://www.foxbusiness.com/lifestyle/bird-flu-iowa-kill-millions-more-hens-turkeys
=== エラー内容 ===
type:<class 'newspaper.article.ArticleException'>
args:("Article `download()` failed with HTTPSConnectionPool(host='www.foxbusiness.com', port=443): Max retries exceeded with url: /economy/cdc-lifts-travel-warning-cruise-industry-two-years-pandemic (Caused by SSLError(SSLError(1, '[SSL: TLSV1_ALERT_INTERNAL_ERROR] tlsv1 alert internal error (_ssl.c:1123)'))) on URL https://www.foxbusiness.com/economy/cdc-lifts-travel-warning-cruise-industry-two-years-pandemic",)
e自身:Article `download()` failed with HTTPSConnectionPool(host='www.foxbusiness.com', port=443): Max retries exceeded with url: /economy/cdc-lifts-travel-warning-cruise-industry-two-years-pandemic (Caused by SSLError(SSLError(1, '[SSL: TLSV1_ALERT_INTERNAL_ERROR] tlsv1 alert internal error (_ssl.c:1123)'))) on URL https://www.foxbusiness.com/economy/cdc-lifts-travel-warning-cruise-industry-two-years-pandemic
=== エラー内容 ===
type:<class 'IndexError'>
args:('list index out of range',)
e自身:list index out of range
タイトル:Bruce Willis To Retire From Acting Following Aphasia Diagnosis
Academy: Will Smith Refused To Leave Oscars, Broke Conduct Code
Russian Troops Are Self-Sabotaging In Ukraine, Says British Intelligence Chief
Putin May Be Accused Of War Crimes In Ukraine, But Trump's Still Asking For His Help
Sandy Hook Families Reject Alex Jones Settlement Offer Of $120,000 Per Plaintiff
Reparations Panel Divided Over Who Should Get Compensated
Talking About Cocaine And Orgies Is The GOP's Red Line
Monkeys Near Florida Airport Becoming Simian Celebrities
Donald Trump's Truth Social App Is Failing Fantastically, Report Says
DNC To Pay $113,000 To Settle Steele Dossier Funding Investigation
BA.2 Symptoms Doctors Are Seeing The Most Right Now
Zelenskyy Calls For More U.S. Assistance, Says Defense Is At 'Turning Point'
Tulsi Gabbard And Tucker Carlson Featured In Stunning Exchange On Russian TV
Jimmy Kimmel Nails The Utter Insanity Of Today's Republican Talking Points
Hubble Telescope Discovers Farthest Star Away From Earth

日本語タイトル:['']
=== エラー内容 ===
type:<class 'newspaper.article.ArticleException'>
args:("Article `download()` failed with HTTPSConnectionPool(host='www.washingtonpost.com', port=443): Max retries exceeded with url: /opinions/2022/03/30/putin-does-not-understand-hockey/ (Caused by SSLError(SSLError(1, '[SSL: TLSV1_ALERT_INTERNAL_ERROR] tlsv1 alert internal error (_ssl.c:1123)'))) on URL https://www.washingtonpost.com/opinions/2022/03/30/putin-does-not-understand-hockey/",)
e自身:Article `download()` failed with HTTPSConnectionPool(host='www.washingtonpost.com', port=443): Max retries exceeded with url: /opinions/2022/03/30/putin-does-not-understand-hockey/ (Caused by SSLError(SSLError(1, '[SSL: TLSV1_ALERT_INTERNAL_ERROR] tlsv1 alert internal error (_ssl.c:1123)'))) on URL https://www.washingtonpost.com/opinions/2022/03/30/putin-does-not-understand-hockey/
=== エラー内容 ===
type:<class 'newspaper.article.ArticleException'>
args:("Article `download()` failed with HTTPSConnectionPool(host='www.washingtonpost.com', port=443): Max retries exceeded with url: /technology/2022/03/30/facebook-tiktok-targeted-victory/ (Caused by SSLError(SSLError(1, '[SSL: TLSV1_ALERT_INTERNAL_ERROR] tlsv1 alert internal error (_ssl.c:1123)'))) on URL https://www.washingtonpost.com/technology/2022/03/30/facebook-tiktok-targeted-victory/",)
e自身:Article `download()` failed with HTTPSConnectionPool(host='www.washingtonpost.com', port=443): Max retries exceeded with url: /technology/2022/03/30/facebook-tiktok-targeted-victory/ (Caused by SSLError(SSLError(1, '[SSL: TLSV1_ALERT_INTERNAL_ERROR] tlsv1 alert internal error (_ssl.c:1123)'))) on URL https://www.washingtonpost.com/technology/2022/03/30/facebook-tiktok-targeted-victory/
=== エラー内容 ===
type:<class 'newspaper.article.ArticleException'>
args:("Article `download()` failed with HTTPSConnectionPool(host='www.washingtonpost.com', port=443): Max retries exceeded with url: /politics/2022/03/29/who-trump-talked-day-capitol-riot/ (Caused by SSLError(SSLError(1, '[SSL: TLSV1_ALERT_INTERNAL_ERROR] tlsv1 alert internal error (_ssl.c:1123)'))) on URL https://www.washingtonpost.com/politics/2022/03/29/who-trump-talked-day-capitol-riot/",)
e自身:Article `download()` failed with HTTPSConnectionPool(host='www.washingtonpost.com', port=443): Max retries exceeded with url: /politics/2022/03/29/who-trump-talked-day-capitol-riot/ (Caused by SSLError(SSLError(1, '[SSL: TLSV1_ALERT_INTERNAL_ERROR] tlsv1 alert internal error (_ssl.c:1123)'))) on URL https://www.washingtonpost.com/politics/2022/03/29/who-trump-talked-day-capitol-riot/
=== エラー内容 ===
type:<class 'newspaper.article.ArticleException'>
args:("Article `download()` failed with HTTPSConnectionPool(host='www.washingtonpost.com', port=443): Max retries exceeded with url: /politics/2022/03/30/where-buy-bread-near-mar-a-lago/ (Caused by SSLError(SSLError(1, '[SSL: TLSV1_ALERT_INTERNAL_ERROR] tlsv1 alert internal error (_ssl.c:1123)'))) on URL https://www.washingtonpost.com/politics/2022/03/30/where-buy-bread-near-mar-a-lago/",)
e自身:Article `download()` failed with HTTPSConnectionPool(host='www.washingtonpost.com', port=443): Max retries exceeded with url: /politics/2022/03/30/where-buy-bread-near-mar-a-lago/ (Caused by SSLError(SSLError(1, '[SSL: TLSV1_ALERT_INTERNAL_ERROR] tlsv1 alert internal error (_ssl.c:1123)'))) on URL https://www.washingtonpost.com/politics/2022/03/30/where-buy-bread-near-mar-a-lago/
=== エラー内容 ===
type:<class 'newspaper.article.ArticleException'>
args:("Article `download()` failed with HTTPSConnectionPool(host='www.foxbusiness.com', port=443): Read timed out. (read timeout=7) on URL https://www.foxbusiness.com/markets/markets-in-for-choppy-waters-for-remainder-of-2022-says-expert",)
e自身:Article `download()` failed with HTTPSConnectionPool(host='www.foxbusiness.com', port=443): Read timed out. (read timeout=7) on URL https://www.foxbusiness.com/markets/markets-in-for-choppy-waters-for-remainder-of-2022-says-expert
=== エラー内容 ===
type:<class 'newspaper.article.ArticleException'>
args:("Article `download()` failed with HTTPSConnectionPool(host='www.foxbusiness.com', port=443): Read timed out. (read timeout=7) on URL https://www.foxbusiness.com/lifestyle/therapy-dog-2022-cadbury-bunny",)
e自身:Article `download()` failed with HTTPSConnectionPool(host='www.foxbusiness.com', port=443): Read timed out. (read timeout=7) on URL https://www.foxbusiness.com/lifestyle/therapy-dog-2022-cadbury-bunny
=== エラー内容 ===
type:<class 'newspaper.article.ArticleException'>
args:("Article `download()` failed with HTTPSConnectionPool(host='www.reuters.com', port=443): Read timed out. (read timeout=7) on URL https://www.reuters.com/business/aerospace-defense/britain-allies-send-more-lethal-aid-ukraine-uk-defence-minister-2022-03-31/",)
e自身:Article `download()` failed with HTTPSConnectionPool(host='www.reuters.com', port=443): Read timed out. (read timeout=7) on URL https://www.reuters.com/business/aerospace-defense/britain-allies-send-more-lethal-aid-ukraine-uk-defence-minister-2022-03-31/
=== エラー内容 ===
type:<class 'newspaper.article.ArticleException'>
args:("Article `download()` failed with HTTPSConnectionPool(host='www.foxbusiness.com', port=443): Read timed out. (read timeout=7) on URL https://www.foxbusiness.com/business-leaders/blackrock-exec-says-entitled-generation-face-shortages",)
e自身:Article `download()` failed with HTTPSConnectionPool(host='www.foxbusiness.com', port=443): Read timed out. (read timeout=7) on URL https://www.foxbusiness.com/business-leaders/blackrock-exec-says-entitled-generation-face-shortages
=== エラー内容 ===
type:<class 'newspaper.article.ArticleException'>
args:("Article `download()` failed with HTTPSConnectionPool(host='www.foxbusiness.com', port=443): Read timed out. (read timeout=7) on URL https://www.foxbusiness.com/markets/liquidity-explained-what-to-know",)
e自身:Article `download()` failed with HTTPSConnectionPool(host='www.foxbusiness.com', port=443): Read timed out. (read timeout=7) on URL https://www.foxbusiness.com/markets/liquidity-explained-what-to-know
=== エラー内容 ===
type:<class 'newspaper.article.ArticleException'>
args:("Article `download()` failed with HTTPSConnectionPool(host='www.foxbusiness.com', port=443): Read timed out. (read timeout=7) on URL https://www.foxbusiness.com/politics/gop-senate-candidate-disney-wokeness-downfall",)
e自身:Article `download()` failed with HTTPSConnectionPool(host='www.foxbusiness.com', port=443): Read timed out. (read timeout=7) on URL https://www.foxbusiness.com/politics/gop-senate-candidate-disney-wokeness-downfall
=== エラー内容 ===
type:<class 'newspaper.article.ArticleException'>
args:("Article `download()` failed with HTTPSConnectionPool(host='www.foxbusiness.com', port=443): Read timed out. (read timeout=7) on URL https://www.foxbusiness.com/lifestyle/florida-freefall-tragedy-ride-expert-hopes-deadly-incident-puts-pressure-on-amusement-park-industry",)
e自身:Article `download()` failed with HTTPSConnectionPool(host='www.foxbusiness.com', port=443): Read timed out. (read timeout=7) on URL https://www.foxbusiness.com/lifestyle/florida-freefall-tragedy-ride-expert-hopes-deadly-incident-puts-pressure-on-amusement-park-industry
=== エラー内容 ===
type:<class 'newspaper.article.ArticleException'>
args:("Article `download()` failed with HTTPSConnectionPool(host='www.foxbusiness.com', port=443): Read timed out. (read timeout=7) on URL https://www.foxbusiness.com/politics/aoc-biden-student-loans-bad-polls-young-people",)
e自身:Article `download()` failed with HTTPSConnectionPool(host='www.foxbusiness.com', port=443): Read timed out. (read timeout=7) on URL https://www.foxbusiness.com/politics/aoc-biden-student-loans-bad-polls-young-people
=== エラー内容 ===
type:<class 'newspaper.article.ArticleException'>
args:("Article `download()` failed with HTTPSConnectionPool(host='www.huffpost.com', port=443): Read timed out. (read timeout=7) on URL https://www.huffpost.com/entry/uk-hits-record-covid-19-levels-nearly-5-million-infected_n_6248b8ade4b007d38456b662",)
e自身:Article `download()` failed with HTTPSConnectionPool(host='www.huffpost.com', port=443): Read timed out. (read timeout=7) on URL https://www.huffpost.com/entry/uk-hits-record-covid-19-levels-nearly-5-million-infected_n_6248b8ade4b007d38456b662
=== エラー内容 ===
type:<class 'newspaper.article.ArticleException'>
args:("Article `download()` failed with HTTPSConnectionPool(host='www.reuters.com', port=443): Read timed out. (read timeout=7) on URL https://www.reuters.com/business/quarter-ages-2022-03-31/",)
e自身:Article `download()` failed with HTTPSConnectionPool(host='www.reuters.com', port=443): Read timed out. (read timeout=7) on URL https://www.reuters.com/business/quarter-ages-2022-03-31/
=== エラー内容 ===
type:<class 'newspaper.article.ArticleException'>
args:("Article `download()` failed with HTTPSConnectionPool(host='www.foxbusiness.com', port=443): Read timed out. (read timeout=7) on URL https://www.foxbusiness.com/politics/u-s-senate-votes-alvaro-bedoyas-nomination-ftc",)
e自身:Article `download()` failed with HTTPSConnectionPool(host='www.foxbusiness.com', port=443): Read timed out. (read timeout=7) on URL https://www.foxbusiness.com/politics/u-s-senate-votes-alvaro-bedoyas-nomination-ftc
=== エラー内容 ===
type:<class 'newspaper.article.ArticleException'>
args:('Article `download()` failed with 410 Client Error: Gone for url: https://www.huffpost.com/entry/betty-reid-soskin-retirement_n_6244a215e4b0e44de9bcc998 on URL https://www.huffpost.com/entry/betty-reid-soskin-retirement_n_6244a215e4b0e44de9bcc998',)
e自身:Article `download()` failed with 410 Client Error: Gone for url: https://www.huffpost.com/entry/betty-reid-soskin-retirement_n_6244a215e4b0e44de9bcc998 on URL https://www.huffpost.com/entry/betty-reid-soskin-retirement_n_6244a215e4b0e44de9bcc998
=== エラー内容 ===
type:<class 'newspaper.article.ArticleException'>
args:("Article `download()` failed with HTTPSConnectionPool(host='www.washingtonpost.com', port=443): Max retries exceeded with url: /dc-md-va/2022/04/02/will-smith-slap-hes-not-perfect/ (Caused by SSLError(SSLError(1, '[SSL: TLSV1_ALERT_INTERNAL_ERROR] tlsv1 alert internal error (_ssl.c:1123)'))) on URL https://www.washingtonpost.com/dc-md-va/2022/04/02/will-smith-slap-hes-not-perfect/",)
e自身:Article `download()` failed with HTTPSConnectionPool(host='www.washingtonpost.com', port=443): Max retries exceeded with url: /dc-md-va/2022/04/02/will-smith-slap-hes-not-perfect/ (Caused by SSLError(SSLError(1, '[SSL: TLSV1_ALERT_INTERNAL_ERROR] tlsv1 alert internal error (_ssl.c:1123)'))) on URL https://www.washingtonpost.com/dc-md-va/2022/04/02/will-smith-slap-hes-not-perfect/
=== エラー内容 ===
type:<class 'newspaper.article.ArticleException'>
args:("Article `download()` failed with HTTPSConnectionPool(host='www.washingtonpost.com', port=443): Max retries exceeded with url: /world/2022/04/02/russia-ukraine-east/ (Caused by SSLError(SSLError(1, '[SSL: TLSV1_ALERT_INTERNAL_ERROR] tlsv1 alert internal error (_ssl.c:1123)'))) on URL https://www.washingtonpost.com/world/2022/04/02/russia-ukraine-east/",)
e自身:Article `download()` failed with HTTPSConnectionPool(host='www.washingtonpost.com', port=443): Max retries exceeded with url: /world/2022/04/02/russia-ukraine-east/ (Caused by SSLError(SSLError(1, '[SSL: TLSV1_ALERT_INTERNAL_ERROR] tlsv1 alert internal error (_ssl.c:1123)'))) on URL https://www.washingtonpost.com/world/2022/04/02/russia-ukraine-east/
=== エラー内容 ===
type:<class 'newspaper.article.ArticleException'>
args:("Article `download()` failed with HTTPSConnectionPool(host='www.washingtonpost.com', port=443): Max retries exceeded with url: /technology/2022/03/30/facebook-tiktok-targeted-victory/ (Caused by SSLError(SSLError(1, '[SSL: TLSV1_ALERT_INTERNAL_ERROR] tlsv1 alert internal error (_ssl.c:1123)'))) on URL https://www.washingtonpost.com/technology/2022/03/30/facebook-tiktok-targeted-victory/",)
e自身:Article `download()` failed with HTTPSConnectionPool(host='www.washingtonpost.com', port=443): Max retries exceeded with url: /technology/2022/03/30/facebook-tiktok-targeted-victory/ (Caused by SSLError(SSLError(1, '[SSL: TLSV1_ALERT_INTERNAL_ERROR] tlsv1 alert internal error (_ssl.c:1123)'))) on URL https://www.washingtonpost.com/technology/2022/03/30/facebook-tiktok-targeted-victory/
=== エラー内容 ===
type:<class 'newspaper.article.ArticleException'>
args:("Article `download()` failed with HTTPSConnectionPool(host='www.washingtonpost.com', port=443): Max retries exceeded with url: /politics/2022/04/02/house-ethics-committee/ (Caused by SSLError(SSLError(1, '[SSL: TLSV1_ALERT_INTERNAL_ERROR] tlsv1 alert internal error (_ssl.c:1123)'))) on URL https://www.washingtonpost.com/politics/2022/04/02/house-ethics-committee/",)
e自身:Article `download()` failed with HTTPSConnectionPool(host='www.washingtonpost.com', port=443): Max retries exceeded with url: /politics/2022/04/02/house-ethics-committee/ (Caused by SSLError(SSLError(1, '[SSL: TLSV1_ALERT_INTERNAL_ERROR] tlsv1 alert internal error (_ssl.c:1123)'))) on URL https://www.washingtonpost.com/politics/2022/04/02/house-ethics-committee/
=== エラー内容 ===
type:<class 'newspaper.article.ArticleException'>
args:("Article `download()` failed with HTTPSConnectionPool(host='www.foxbusiness.com', port=443): Read timed out. (read timeout=7) on URL https://www.foxbusiness.com/politics/gop-senate-candidate-disney-wokeness-downfall",)
e自身:Article `download()` failed with HTTPSConnectionPool(host='www.foxbusiness.com', port=443): Read timed out. (read timeout=7) on URL https://www.foxbusiness.com/politics/gop-senate-candidate-disney-wokeness-downfall
=== エラー内容 ===
type:<class 'newspaper.article.ArticleException'>
args:("Article `download()` failed with HTTPSConnectionPool(host='www.washingtonpost.com', port=443): Read timed out. (read timeout=7) on URL https://www.washingtonpost.com/world/2022/04/03/bucha-ukraine-graves-war-crimes-calls-icc/",)
e自身:Article `download()` failed with HTTPSConnectionPool(host='www.washingtonpost.com', port=443): Read timed out. (read timeout=7) on URL https://www.washingtonpost.com/world/2022/04/03/bucha-ukraine-graves-war-crimes-calls-icc/
=== エラー内容 ===
type:<class 'newspaper.article.ArticleException'>
args:("Article `download()` failed with HTTPSConnectionPool(host='www.washingtonpost.com', port=443): Read timed out. (read timeout=7) on URL https://www.washingtonpost.com/national-security/2022/04/03/zelenky-putin-peace-deal-ukraine-politics/",)
e自身:Article `download()` failed with HTTPSConnectionPool(host='www.washingtonpost.com', port=443): Read timed out. (read timeout=7) on URL https://www.washingtonpost.com/national-security/2022/04/03/zelenky-putin-peace-deal-ukraine-politics/
=== エラー内容 ===
type:<class 'newspaper.article.ArticleException'>
args:("Article `download()` failed with HTTPSConnectionPool(host='www.foxbusiness.com', port=443): Max retries exceeded with url: /technology/elon-musk-lawyer-eminem-sec-legal-filing (Caused by SSLError(SSLError(1, '[SSL: TLSV1_ALERT_INTERNAL_ERROR] tlsv1 alert internal error (_ssl.c:1123)'))) on URL https://www.foxbusiness.com/technology/elon-musk-lawyer-eminem-sec-legal-filing",)
e自身:Article `download()` failed with HTTPSConnectionPool(host='www.foxbusiness.com', port=443): Max retries exceeded with url: /technology/elon-musk-lawyer-eminem-sec-legal-filing (Caused by SSLError(SSLError(1, '[SSL: TLSV1_ALERT_INTERNAL_ERROR] tlsv1 alert internal error (_ssl.c:1123)'))) on URL https://www.foxbusiness.com/technology/elon-musk-lawyer-eminem-sec-legal-filing
=== エラー内容 ===
type:<class 'newspaper.article.ArticleException'>
args:("Article `download()` failed with HTTPSConnectionPool(host='www.foxbusiness.com', port=443): Read timed out. (read timeout=7) on URL https://www.foxbusiness.com/business-leaders/blackrock-exec-says-entitled-generation-face-shortages",)
e自身:Article `download()` failed with HTTPSConnectionPool(host='www.foxbusiness.com', port=443): Read timed out. (read timeout=7) on URL https://www.foxbusiness.com/business-leaders/blackrock-exec-says-entitled-generation-face-shortages
=== エラー内容 ===
type:<class 'newspaper.article.ArticleException'>
args:("Article `download()` failed with HTTPSConnectionPool(host='www.foxbusiness.com', port=443): Read timed out. (read timeout=7) on URL https://www.foxbusiness.com/politics/gop-senate-candidate-disney-wokeness-downfall",)
e自身:Article `download()` failed with HTTPSConnectionPool(host='www.foxbusiness.com', port=443): Read timed out. (read timeout=7) on URL https://www.foxbusiness.com/politics/gop-senate-candidate-disney-wokeness-downfall
=== エラー内容 ===
type:<class 'newspaper.article.ArticleException'>
args:("Article `download()` failed with HTTPSConnectionPool(host='www.foxbusiness.com', port=443): Read timed out. (read timeout=7) on URL https://www.foxbusiness.com/lifestyle/toyota-outselling-general-motors-2022",)
e自身:Article `download()` failed with HTTPSConnectionPool(host='www.foxbusiness.com', port=443): Read timed out. (read timeout=7) on URL https://www.foxbusiness.com/lifestyle/toyota-outselling-general-motors-2022
=== エラー内容 ===
type:<class 'newspaper.article.ArticleException'>
args:("Article `download()` failed with HTTPSConnectionPool(host='www.foxbusiness.com', port=443): Read timed out. (read timeout=7) on URL https://www.foxbusiness.com/lifestyle/florida-freefall-tragedy-ride-expert-hopes-deadly-incident-puts-pressure-on-amusement-park-industry",)
e自身:Article `download()` failed with HTTPSConnectionPool(host='www.foxbusiness.com', port=443): Read timed out. (read timeout=7) on URL https://www.foxbusiness.com/lifestyle/florida-freefall-tragedy-ride-expert-hopes-deadly-incident-puts-pressure-on-amusement-park-industry
=== エラー内容 ===
type:<class 'newspaper.article.ArticleException'>
args:("Article `download()` failed with HTTPSConnectionPool(host='www.foxbusiness.com', port=443): Read timed out. (read timeout=7) on URL https://www.foxbusiness.com/markets/stock-futures-4-1-2022",)
e自身:Article `download()` failed with HTTPSConnectionPool(host='www.foxbusiness.com', port=443): Read timed out. (read timeout=7) on URL https://www.foxbusiness.com/markets/stock-futures-4-1-2022
=== エラー内容 ===
type:<class 'newspaper.article.ArticleException'>
args:("Article `download()` failed with HTTPSConnectionPool(host='www.foxbusiness.com', port=443): Read timed out. (read timeout=7) on URL https://www.foxbusiness.com/lifestyle/ford-mustang-chevrolet-camaro-production-suspended",)
e自身:Article `download()` failed with HTTPSConnectionPool(host='www.foxbusiness.com', port=443): Read timed out. (read timeout=7) on URL https://www.foxbusiness.com/lifestyle/ford-mustang-chevrolet-camaro-production-suspended
=== エラー内容 ===
type:<class 'newspaper.article.ArticleException'>
args:("Article `download()` failed with HTTPSConnectionPool(host='www.fool.com', port=443): Read timed out. (read timeout=7) on URL https://www.fool.com/investing/2022/04/04/why-tesla-stock-popped-today/",)
e自身:Article `download()` failed with HTTPSConnectionPool(host='www.fool.com', port=443): Read timed out. (read timeout=7) on URL https://www.fool.com/investing/2022/04/04/why-tesla-stock-popped-today/
=== エラー内容 ===
type:<class 'newspaper.article.ArticleException'>
args:("Article `download()` failed with HTTPSConnectionPool(host='www.cnbc.com', port=443): Read timed out. (read timeout=7) on URL https://www.cnbc.com/2022/04/04/investing-jpmorgan-goldman-pick-top-southeast-asia-markets-for-2022.html",)
e自身:Article `download()` failed with HTTPSConnectionPool(host='www.cnbc.com', port=443): Read timed out. (read timeout=7) on URL https://www.cnbc.com/2022/04/04/investing-jpmorgan-goldman-pick-top-southeast-asia-markets-for-2022.html
=== エラー内容 ===
type:<class 'newspaper.article.ArticleException'>
args:("Article `download()` failed with HTTPSConnectionPool(host='www.foxbusiness.com', port=443): Read timed out. (read timeout=7) on URL https://www.foxbusiness.com/personal-finance/4000-loan",)
e自身:Article `download()` failed with HTTPSConnectionPool(host='www.foxbusiness.com', port=443): Read timed out. (read timeout=7) on URL https://www.foxbusiness.com/personal-finance/4000-loan
=== エラー内容 ===
type:<class 'newspaper.article.ArticleException'>
args:("Article `download()` failed with HTTPSConnectionPool(host='www.foxbusiness.com', port=443): Read timed out. (read timeout=7) on URL https://www.foxbusiness.com/politics/varney-democrats-target-big-oil-with-desperate-political-theater",)
e自身:Article `download()` failed with HTTPSConnectionPool(host='www.foxbusiness.com', port=443): Read timed out. (read timeout=7) on URL https://www.foxbusiness.com/politics/varney-democrats-target-big-oil-with-desperate-political-theater
=== エラー内容 ===
type:<class 'newspaper.article.ArticleException'>
args:("Article `download()` failed with HTTPSConnectionPool(host='www.foxbusiness.com', port=443): Read timed out. (read timeout=7) on URL https://www.foxbusiness.com/politics/buttigieg-latest-biden-official-to-push-green-transition-as-gas-prices-soar",)
e自身:Article `download()` failed with HTTPSConnectionPool(host='www.foxbusiness.com', port=443): Read timed out. (read timeout=7) on URL https://www.foxbusiness.com/politics/buttigieg-latest-biden-official-to-push-green-transition-as-gas-prices-soar
=== エラー内容 ===
type:<class 'newspaper.article.ArticleException'>
args:("Article `download()` failed with HTTPSConnectionPool(host='www.foxbusiness.com', port=443): Read timed out. (read timeout=7) on URL https://www.foxbusiness.com/politics/republican-senators-sec-biden-climate-rule",)
e自身:Article `download()` failed with HTTPSConnectionPool(host='www.foxbusiness.com', port=443): Read timed out. (read timeout=7) on URL https://www.foxbusiness.com/politics/republican-senators-sec-biden-climate-rule
=== エラー内容 ===
type:<class 'newspaper.article.ArticleException'>
args:("Article `download()` failed with HTTPSConnectionPool(host='www.foxbusiness.com', port=443): Read timed out. (read timeout=7) on URL https://www.foxbusiness.com/personal-finance/improve-credit-score-fast-paying-down-debt",)
e自身:Article `download()` failed with HTTPSConnectionPool(host='www.foxbusiness.com', port=443): Read timed out. (read timeout=7) on URL https://www.foxbusiness.com/personal-finance/improve-credit-score-fast-paying-down-debt
=== エラー内容 ===
type:<class 'newspaper.article.ArticleException'>
args:("Article `download()` failed with HTTPSConnectionPool(host='www.foxbusiness.com', port=443): Read timed out. (read timeout=7) on URL https://www.foxbusiness.com/personal-finance/improve-credit-score-fast-paying-down-debt",)
e自身:Article `download()` failed with HTTPSConnectionPool(host='www.foxbusiness.com', port=443): Read timed out. (read timeout=7) on URL https://www.foxbusiness.com/personal-finance/improve-credit-score-fast-paying-down-debt
=== エラー内容 ===
type:<class 'newspaper.article.ArticleException'>
args:("Article `download()` failed with HTTPSConnectionPool(host='www.foxbusiness.com', port=443): Read timed out. (read timeout=7) on URL https://www.foxbusiness.com/politics/gop-lawmaker-wants-yellen-to-admit-inflation-mea-culpa-in-house-testimony",)
e自身:Article `download()` failed with HTTPSConnectionPool(host='www.foxbusiness.com', port=443): Read timed out. (read timeout=7) on URL https://www.foxbusiness.com/politics/gop-lawmaker-wants-yellen-to-admit-inflation-mea-culpa-in-house-testimony
=== エラー内容 ===
type:<class 'newspaper.article.ArticleException'>
args:("Article `download()` failed with HTTPSConnectionPool(host='www.foxbusiness.com', port=443): Read timed out. (read timeout=7) on URL https://www.foxbusiness.com/lifestyle/quarter-pet-owners-want-pets-famous-social-media",)
e自身:Article `download()` failed with HTTPSConnectionPool(host='www.foxbusiness.com', port=443): Read timed out. (read timeout=7) on URL https://www.foxbusiness.com/lifestyle/quarter-pet-owners-want-pets-famous-social-media
=== エラー内容 ===
type:<class 'newspaper.article.ArticleException'>
args:("Article `download()` failed with HTTPSConnectionPool(host='edition.cnn.com', port=443): Read timed out. (read timeout=7) on URL https://www.cnn.com/2022/04/04/politics/jason-riddle-capitol-riot/index.html",)
e自身:Article `download()` failed with HTTPSConnectionPool(host='edition.cnn.com', port=443): Read timed out. (read timeout=7) on URL https://www.cnn.com/2022/04/04/politics/jason-riddle-capitol-riot/index.html
=== エラー内容 ===
type:<class 'newspaper.article.ArticleException'>
args:("Article `download()` failed with HTTPSConnectionPool(host='www.reuters.com', port=443): Max retries exceeded with url: /technology/google-backed-verse-valued-5-bln-latest-funding-round-2022-04-06/ (Caused by NewConnectionError('<urllib3.connection.HTTPSConnection object at 0x109bc4be0>: Failed to establish a new connection: [Errno 8] nodename nor servname provided, or not known')) on URL https://www.reuters.com/technology/google-backed-verse-valued-5-bln-latest-funding-round-2022-04-06/",)
e自身:Article `download()` failed with HTTPSConnectionPool(host='www.reuters.com', port=443): Max retries exceeded with url: /technology/google-backed-verse-valued-5-bln-latest-funding-round-2022-04-06/ (Caused by NewConnectionError('<urllib3.connection.HTTPSConnection object at 0x109bc4be0>: Failed to establish a new connection: [Errno 8] nodename nor servname provided, or not known')) on URL https://www.reuters.com/technology/google-backed-verse-valued-5-bln-latest-funding-round-2022-04-06/
=== エラー内容 ===
type:<class 'newspaper.article.ArticleException'>
args:("Article `download()` failed with HTTPSConnectionPool(host='www.reuters.com', port=443): Max retries exceeded with url: /world/europe/man-dies-crashing-car-into-russian-embassy-romanian-capital-2022-04-06/ (Caused by NewConnectionError('<urllib3.connection.HTTPSConnection object at 0x109bc4610>: Failed to establish a new connection: [Errno 8] nodename nor servname provided, or not known')) on URL https://www.reuters.com/world/europe/man-dies-crashing-car-into-russian-embassy-romanian-capital-2022-04-06/",)
e自身:Article `download()` failed with HTTPSConnectionPool(host='www.reuters.com', port=443): Max retries exceeded with url: /world/europe/man-dies-crashing-car-into-russian-embassy-romanian-capital-2022-04-06/ (Caused by NewConnectionError('<urllib3.connection.HTTPSConnection object at 0x109bc4610>: Failed to establish a new connection: [Errno 8] nodename nor servname provided, or not known')) on URL https://www.reuters.com/world/europe/man-dies-crashing-car-into-russian-embassy-romanian-capital-2022-04-06/
=== エラー内容 ===
type:<class 'newspaper.article.ArticleException'>
args:("Article `download()` failed with HTTPSConnectionPool(host='www.cnbc.com', port=443): Max retries exceeded with url: /2022/04/06/asia-markets-us-treasury-yields-china-economy-currencies-oil.html (Caused by SSLError(SSLError(1, '[SSL: TLSV1_ALERT_INTERNAL_ERROR] tlsv1 alert internal error (_ssl.c:1123)'))) on URL https://www.cnbc.com/2022/04/06/asia-markets-us-treasury-yields-china-economy-currencies-oil.html",)
e自身:Article `download()` failed with HTTPSConnectionPool(host='www.cnbc.com', port=443): Max retries exceeded with url: /2022/04/06/asia-markets-us-treasury-yields-china-economy-currencies-oil.html (Caused by SSLError(SSLError(1, '[SSL: TLSV1_ALERT_INTERNAL_ERROR] tlsv1 alert internal error (_ssl.c:1123)'))) on URL https://www.cnbc.com/2022/04/06/asia-markets-us-treasury-yields-china-economy-currencies-oil.html
=== エラー内容 ===
type:<class 'urllib.error.URLError'>
args:(gaierror(8, 'nodename nor servname provided, or not known'),)
e自身:<urlopen error [Errno 8] nodename nor servname provided, or not known>
url:https://news.google.com/rss/search?q=+after:2022-4-4+inurl:reuters.com&hl=en-US&gl=US&ceid=US:en
=== エラー内容 ===
type:<class 'urllib.error.URLError'>
args:(gaierror(8, 'nodename nor servname provided, or not known'),)
e自身:<urlopen error [Errno 8] nodename nor servname provided, or not known>
url:https://news.google.com/rss/search?q=+after:2022-4-4+inurl:cnbc.com&hl=en-US&gl=US&ceid=US:en
=== エラー内容 ===
type:<class 'urllib.error.URLError'>
args:(gaierror(8, 'nodename nor servname provided, or not known'),)
e自身:<urlopen error [Errno 8] nodename nor servname provided, or not known>
url:https://news.google.com/rss/search?q=+after:2022-4-4+inurl:thestreet.com&hl=en-US&gl=US&ceid=US:en
=== エラー内容 ===
type:<class 'urllib.error.URLError'>
args:(gaierror(8, 'nodename nor servname provided, or not known'),)
e自身:<urlopen error [Errno 8] nodename nor servname provided, or not known>
url:https://news.google.com/rss/search?q=+after:2022-4-4+inurl:foxbusiness.com&hl=en-US&gl=US&ceid=US:en
=== エラー内容 ===
type:<class 'newspaper.article.ArticleException'>
args:("Article `download()` failed with HTTPSConnectionPool(host='www.thestreet.com', port=443): Max retries exceeded with url: /etffocus/trade-ideas/best-performing-etfs-q1-2022 (Caused by NewConnectionError('<urllib3.connection.HTTPSConnection object at 0x10fadd820>: Failed to establish a new connection: [Errno 8] nodename nor servname provided, or not known')) on URL https://www.thestreet.com/etffocus/trade-ideas/best-performing-etfs-q1-2022",)
e自身:Article `download()` failed with HTTPSConnectionPool(host='www.thestreet.com', port=443): Max retries exceeded with url: /etffocus/trade-ideas/best-performing-etfs-q1-2022 (Caused by NewConnectionError('<urllib3.connection.HTTPSConnection object at 0x10fadd820>: Failed to establish a new connection: [Errno 8] nodename nor servname provided, or not known')) on URL https://www.thestreet.com/etffocus/trade-ideas/best-performing-etfs-q1-2022
=== エラー内容 ===
type:<class 'newspaper.article.ArticleException'>
args:("Article `download()` failed with HTTPSConnectionPool(host='www.thestreet.com', port=443): Max retries exceeded with url: /investing/heres-a-company-poised-to-benefit-eventually-from-rate-hikes (Caused by NewConnectionError('<urllib3.connection.HTTPSConnection object at 0x10fadd940>: Failed to establish a new connection: [Errno 8] nodename nor servname provided, or not known')) on URL https://www.thestreet.com/investing/heres-a-company-poised-to-benefit-eventually-from-rate-hikes",)
e自身:Article `download()` failed with HTTPSConnectionPool(host='www.thestreet.com', port=443): Max retries exceeded with url: /investing/heres-a-company-poised-to-benefit-eventually-from-rate-hikes (Caused by NewConnectionError('<urllib3.connection.HTTPSConnection object at 0x10fadd940>: Failed to establish a new connection: [Errno 8] nodename nor servname provided, or not known')) on URL https://www.thestreet.com/investing/heres-a-company-poised-to-benefit-eventually-from-rate-hikes
=== エラー内容 ===
type:<class 'newspaper.article.ArticleException'>
args:("Article `download()` failed with HTTPSConnectionPool(host='www.thestreet.com', port=443): Max retries exceeded with url: /investing/iconic-las-vegas-casino-reopening-off-the-las-vegas-strip-palms (Caused by NewConnectionError('<urllib3.connection.HTTPSConnection object at 0x10fadd700>: Failed to establish a new connection: [Errno 8] nodename nor servname provided, or not known')) on URL https://www.thestreet.com/investing/iconic-las-vegas-casino-reopening-off-the-las-vegas-strip-palms",)
e自身:Article `download()` failed with HTTPSConnectionPool(host='www.thestreet.com', port=443): Max retries exceeded with url: /investing/iconic-las-vegas-casino-reopening-off-the-las-vegas-strip-palms (Caused by NewConnectionError('<urllib3.connection.HTTPSConnection object at 0x10fadd700>: Failed to establish a new connection: [Errno 8] nodename nor servname provided, or not known')) on URL https://www.thestreet.com/investing/iconic-las-vegas-casino-reopening-off-the-las-vegas-strip-palms
=== エラー内容 ===
type:<class 'newspaper.article.ArticleException'>
args:("Article `download()` failed with HTTPSConnectionPool(host='realmoney.thestreet.com', port=443): Max retries exceeded with url: /investing/stocks/uber-is-signalling-caution-on-a-technical-basis-15962018 (Caused by NewConnectionError('<urllib3.connection.HTTPSConnection object at 0x10fadd340>: Failed to establish a new connection: [Errno 8] nodename nor servname provided, or not known')) on URL https://realmoney.thestreet.com/investing/stocks/uber-is-signalling-caution-on-a-technical-basis-15962018",)
e自身:Article `download()` failed with HTTPSConnectionPool(host='realmoney.thestreet.com', port=443): Max retries exceeded with url: /investing/stocks/uber-is-signalling-caution-on-a-technical-basis-15962018 (Caused by NewConnectionError('<urllib3.connection.HTTPSConnection object at 0x10fadd340>: Failed to establish a new connection: [Errno 8] nodename nor servname provided, or not known')) on URL https://realmoney.thestreet.com/investing/stocks/uber-is-signalling-caution-on-a-technical-basis-15962018
=== エラー内容 ===
type:<class 'newspaper.article.ArticleException'>
args:("Article `download()` failed with HTTPSConnectionPool(host='www.thestreet.com', port=443): Max retries exceeded with url: /investing/chipotle-offers-new-roblox-menu-item-and-gives-it-away-for-free (Caused by NewConnectionError('<urllib3.connection.HTTPSConnection object at 0x10fadda60>: Failed to establish a new connection: [Errno 8] nodename nor servname provided, or not known')) on URL https://www.thestreet.com/investing/chipotle-offers-new-roblox-menu-item-and-gives-it-away-for-free",)
e自身:Article `download()` failed with HTTPSConnectionPool(host='www.thestreet.com', port=443): Max retries exceeded with url: /investing/chipotle-offers-new-roblox-menu-item-and-gives-it-away-for-free (Caused by NewConnectionError('<urllib3.connection.HTTPSConnection object at 0x10fadda60>: Failed to establish a new connection: [Errno 8] nodename nor servname provided, or not known')) on URL https://www.thestreet.com/investing/chipotle-offers-new-roblox-menu-item-and-gives-it-away-for-free
=== エラー内容 ===
type:<class 'newspaper.article.ArticleException'>
args:("Article `download()` failed with HTTPSConnectionPool(host='www.thestreet.com', port=443): Max retries exceeded with url: /technology/what-elon-musks-twitter-could-look-like (Caused by NewConnectionError('<urllib3.connection.HTTPSConnection object at 0x10fadd970>: Failed to establish a new connection: [Errno 8] nodename nor servname provided, or not known')) on URL https://www.thestreet.com/technology/what-elon-musks-twitter-could-look-like",)
e自身:Article `download()` failed with HTTPSConnectionPool(host='www.thestreet.com', port=443): Max retries exceeded with url: /technology/what-elon-musks-twitter-could-look-like (Caused by NewConnectionError('<urllib3.connection.HTTPSConnection object at 0x10fadd970>: Failed to establish a new connection: [Errno 8] nodename nor servname provided, or not known')) on URL https://www.thestreet.com/technology/what-elon-musks-twitter-could-look-like
=== エラー内容 ===
type:<class 'newspaper.article.ArticleException'>
args:("Article `download()` failed with HTTPSConnectionPool(host='www.foxbusiness.com', port=443): Max retries exceeded with url: /lifestyle/kanye-rihanna-jay-z-forbes-world-billionaires-list (Caused by NewConnectionError('<urllib3.connection.HTTPSConnection object at 0x10f089a60>: Failed to establish a new connection: [Errno 8] nodename nor servname provided, or not known')) on URL https://www.foxbusiness.com/lifestyle/kanye-rihanna-jay-z-forbes-world-billionaires-list",)
e自身:Article `download()` failed with HTTPSConnectionPool(host='www.foxbusiness.com', port=443): Max retries exceeded with url: /lifestyle/kanye-rihanna-jay-z-forbes-world-billionaires-list (Caused by NewConnectionError('<urllib3.connection.HTTPSConnection object at 0x10f089a60>: Failed to establish a new connection: [Errno 8] nodename nor servname provided, or not known')) on URL https://www.foxbusiness.com/lifestyle/kanye-rihanna-jay-z-forbes-world-billionaires-list
=== エラー内容 ===
type:<class 'newspaper.article.ArticleException'>
args:("Article `download()` failed with HTTPSConnectionPool(host='www.foxbusiness.com', port=443): Max retries exceeded with url: /technology/elon-musk-twitter-edit-button (Caused by NewConnectionError('<urllib3.connection.HTTPSConnection object at 0x10f089850>: Failed to establish a new connection: [Errno 8] nodename nor servname provided, or not known')) on URL https://www.foxbusiness.com/technology/elon-musk-twitter-edit-button",)
e自身:Article `download()` failed with HTTPSConnectionPool(host='www.foxbusiness.com', port=443): Max retries exceeded with url: /technology/elon-musk-twitter-edit-button (Caused by NewConnectionError('<urllib3.connection.HTTPSConnection object at 0x10f089850>: Failed to establish a new connection: [Errno 8] nodename nor servname provided, or not known')) on URL https://www.foxbusiness.com/technology/elon-musk-twitter-edit-button
=== エラー内容 ===
type:<class 'newspaper.article.ArticleException'>
args:("Article `download()` failed with HTTPSConnectionPool(host='www.foxbusiness.com', port=443): Max retries exceeded with url: /technology/apps-with-hidden-data-harvesting-software-banned-by-google (Caused by NewConnectionError('<urllib3.connection.HTTPSConnection object at 0x10f089d90>: Failed to establish a new connection: [Errno 8] nodename nor servname provided, or not known')) on URL https://www.foxbusiness.com/technology/apps-with-hidden-data-harvesting-software-banned-by-google",)
e自身:Article `download()` failed with HTTPSConnectionPool(host='www.foxbusiness.com', port=443): Max retries exceeded with url: /technology/apps-with-hidden-data-harvesting-software-banned-by-google (Caused by NewConnectionError('<urllib3.connection.HTTPSConnection object at 0x10f089d90>: Failed to establish a new connection: [Errno 8] nodename nor servname provided, or not known')) on URL https://www.foxbusiness.com/technology/apps-with-hidden-data-harvesting-software-banned-by-google
=== エラー内容 ===
type:<class 'newspaper.article.ArticleException'>
args:("Article `download()` failed with HTTPSConnectionPool(host='www.foxbusiness.com', port=443): Max retries exceeded with url: /politics/democrats-republicans-house-congress-biden-oil-prices-gas-hearing (Caused by NewConnectionError('<urllib3.connection.HTTPSConnection object at 0x10f089df0>: Failed to establish a new connection: [Errno 8] nodename nor servname provided, or not known')) on URL https://www.foxbusiness.com/politics/democrats-republicans-house-congress-biden-oil-prices-gas-hearing",)
e自身:Article `download()` failed with HTTPSConnectionPool(host='www.foxbusiness.com', port=443): Max retries exceeded with url: /politics/democrats-republicans-house-congress-biden-oil-prices-gas-hearing (Caused by NewConnectionError('<urllib3.connection.HTTPSConnection object at 0x10f089df0>: Failed to establish a new connection: [Errno 8] nodename nor servname provided, or not known')) on URL https://www.foxbusiness.com/politics/democrats-republicans-house-congress-biden-oil-prices-gas-hearing
=== エラー内容 ===
type:<class 'newspaper.article.ArticleException'>
args:("Article `download()` failed with HTTPSConnectionPool(host='www.foxbusiness.com', port=443): Max retries exceeded with url: /sports/masters-odds-tiger-woods-far-from-favorite (Caused by NewConnectionError('<urllib3.connection.HTTPSConnection object at 0x10f089e20>: Failed to establish a new connection: [Errno 8] nodename nor servname provided, or not known')) on URL https://www.foxbusiness.com/sports/masters-odds-tiger-woods-far-from-favorite",)
e自身:Article `download()` failed with HTTPSConnectionPool(host='www.foxbusiness.com', port=443): Max retries exceeded with url: /sports/masters-odds-tiger-woods-far-from-favorite (Caused by NewConnectionError('<urllib3.connection.HTTPSConnection object at 0x10f089e20>: Failed to establish a new connection: [Errno 8] nodename nor servname provided, or not known')) on URL https://www.foxbusiness.com/sports/masters-odds-tiger-woods-far-from-favorite
=== エラー内容 ===
type:<class 'newspaper.article.ArticleException'>
args:("Article `download()` failed with HTTPSConnectionPool(host='www.foxbusiness.com', port=443): Max retries exceeded with url: /media/china-war-united-states-asia-partnering-russia-expert (Caused by NewConnectionError('<urllib3.connection.HTTPSConnection object at 0x10f089e50>: Failed to establish a new connection: [Errno 8] nodename nor servname provided, or not known')) on URL https://www.foxbusiness.com/media/china-war-united-states-asia-partnering-russia-expert",)
e自身:Article `download()` failed with HTTPSConnectionPool(host='www.foxbusiness.com', port=443): Max retries exceeded with url: /media/china-war-united-states-asia-partnering-russia-expert (Caused by NewConnectionError('<urllib3.connection.HTTPSConnection object at 0x10f089e50>: Failed to establish a new connection: [Errno 8] nodename nor servname provided, or not known')) on URL https://www.foxbusiness.com/media/china-war-united-states-asia-partnering-russia-expert
=== エラー内容 ===
type:<class 'newspaper.article.ArticleException'>
args:("Article `download()` failed with HTTPSConnectionPool(host='www.foxbusiness.com', port=443): Max retries exceeded with url: /politics/california-bill-serial-retail-offenders (Caused by NewConnectionError('<urllib3.connection.HTTPSConnection object at 0x10f089e80>: Failed to establish a new connection: [Errno 8] nodename nor servname provided, or not known')) on URL https://www.foxbusiness.com/politics/california-bill-serial-retail-offenders",)
e自身:Article `download()` failed with HTTPSConnectionPool(host='www.foxbusiness.com', port=443): Max retries exceeded with url: /politics/california-bill-serial-retail-offenders (Caused by NewConnectionError('<urllib3.connection.HTTPSConnection object at 0x10f089e80>: Failed to establish a new connection: [Errno 8] nodename nor servname provided, or not known')) on URL https://www.foxbusiness.com/politics/california-bill-serial-retail-offenders
=== エラー内容 ===
type:<class 'newspaper.article.ArticleException'>
args:("Article `download()` failed with HTTPSConnectionPool(host='www.foxbusiness.com', port=443): Max retries exceeded with url: /personal-finance/startup-business-loans (Caused by NewConnectionError('<urllib3.connection.HTTPSConnection object at 0x10f089eb0>: Failed to establish a new connection: [Errno 8] nodename nor servname provided, or not known')) on URL https://www.foxbusiness.com/personal-finance/startup-business-loans",)
e自身:Article `download()` failed with HTTPSConnectionPool(host='www.foxbusiness.com', port=443): Max retries exceeded with url: /personal-finance/startup-business-loans (Caused by NewConnectionError('<urllib3.connection.HTTPSConnection object at 0x10f089eb0>: Failed to establish a new connection: [Errno 8] nodename nor servname provided, or not known')) on URL https://www.foxbusiness.com/personal-finance/startup-business-loans
=== エラー内容 ===
type:<class 'newspaper.article.ArticleException'>
args:("Article `download()` failed with HTTPSConnectionPool(host='www.foxbusiness.com', port=443): Max retries exceeded with url: /politics/miami-mayor-reveals-the-formula-for-his-citys-success-as-tech-hub (Caused by NewConnectionError('<urllib3.connection.HTTPSConnection object at 0x10f089ee0>: Failed to establish a new connection: [Errno 8] nodename nor servname provided, or not known')) on URL https://www.foxbusiness.com/politics/miami-mayor-reveals-the-formula-for-his-citys-success-as-tech-hub",)
e自身:Article `download()` failed with HTTPSConnectionPool(host='www.foxbusiness.com', port=443): Max retries exceeded with url: /politics/miami-mayor-reveals-the-formula-for-his-citys-success-as-tech-hub (Caused by NewConnectionError('<urllib3.connection.HTTPSConnection object at 0x10f089ee0>: Failed to establish a new connection: [Errno 8] nodename nor servname provided, or not known')) on URL https://www.foxbusiness.com/politics/miami-mayor-reveals-the-formula-for-his-citys-success-as-tech-hub
=== エラー内容 ===
type:<class 'newspaper.article.ArticleException'>
args:("Article `download()` failed with HTTPSConnectionPool(host='www.foxbusiness.com', port=443): Max retries exceeded with url: /economy/carnival-best-ever-booking-week-cdc-drops-covid-cruise-ship-warning (Caused by NewConnectionError('<urllib3.connection.HTTPSConnection object at 0x10f089e20>: Failed to establish a new connection: [Errno 8] nodename nor servname provided, or not known')) on URL https://www.foxbusiness.com/economy/carnival-best-ever-booking-week-cdc-drops-covid-cruise-ship-warning",)
e自身:Article `download()` failed with HTTPSConnectionPool(host='www.foxbusiness.com', port=443): Max retries exceeded with url: /economy/carnival-best-ever-booking-week-cdc-drops-covid-cruise-ship-warning (Caused by NewConnectionError('<urllib3.connection.HTTPSConnection object at 0x10f089e20>: Failed to establish a new connection: [Errno 8] nodename nor servname provided, or not known')) on URL https://www.foxbusiness.com/economy/carnival-best-ever-booking-week-cdc-drops-covid-cruise-ship-warning
=== エラー内容 ===
type:<class 'newspaper.article.ArticleException'>
args:("Article `download()` failed with HTTPSConnectionPool(host='www.huffpost.com', port=443): Max retries exceeded with url: /entry/sean-penn-sean-hannity_n_624d7b53e4b098174508540d (Caused by NewConnectionError('<urllib3.connection.HTTPSConnection object at 0x1112e1fa0>: Failed to establish a new connection: [Errno 8] nodename nor servname provided, or not known')) on URL https://www.huffpost.com/entry/sean-penn-sean-hannity_n_624d7b53e4b098174508540d",)
e自身:Article `download()` failed with HTTPSConnectionPool(host='www.huffpost.com', port=443): Max retries exceeded with url: /entry/sean-penn-sean-hannity_n_624d7b53e4b098174508540d (Caused by NewConnectionError('<urllib3.connection.HTTPSConnection object at 0x1112e1fa0>: Failed to establish a new connection: [Errno 8] nodename nor servname provided, or not known')) on URL https://www.huffpost.com/entry/sean-penn-sean-hannity_n_624d7b53e4b098174508540d
=== エラー内容 ===
type:<class 'newspaper.article.ArticleException'>
args:("Article `download()` failed with HTTPSConnectionPool(host='www.huffpost.com', port=443): Max retries exceeded with url: /entry/new-covid-variants-what-to-expect_l_624c5fdce4b0587dee6f1df7 (Caused by NewConnectionError('<urllib3.connection.HTTPSConnection object at 0x1112e8070>: Failed to establish a new connection: [Errno 8] nodename nor servname provided, or not known')) on URL https://www.huffpost.com/entry/new-covid-variants-what-to-expect_l_624c5fdce4b0587dee6f1df7",)
e自身:Article `download()` failed with HTTPSConnectionPool(host='www.huffpost.com', port=443): Max retries exceeded with url: /entry/new-covid-variants-what-to-expect_l_624c5fdce4b0587dee6f1df7 (Caused by NewConnectionError('<urllib3.connection.HTTPSConnection object at 0x1112e8070>: Failed to establish a new connection: [Errno 8] nodename nor servname provided, or not known')) on URL https://www.huffpost.com/entry/new-covid-variants-what-to-expect_l_624c5fdce4b0587dee6f1df7
=== エラー内容 ===
type:<class 'newspaper.article.ArticleException'>
args:("Article `download()` failed with HTTPSConnectionPool(host='www.huffpost.com', port=443): Max retries exceeded with url: /entry/black-photographers-ketanji-brown-jackson-supreme-court-hearing_n_62461fe1e4b068157f74ebac (Caused by NewConnectionError('<urllib3.connection.HTTPSConnection object at 0x1112e80d0>: Failed to establish a new connection: [Errno 8] nodename nor servname provided, or not known')) on URL https://www.huffpost.com/entry/black-photographers-ketanji-brown-jackson-supreme-court-hearing_n_62461fe1e4b068157f74ebac",)
e自身:Article `download()` failed with HTTPSConnectionPool(host='www.huffpost.com', port=443): Max retries exceeded with url: /entry/black-photographers-ketanji-brown-jackson-supreme-court-hearing_n_62461fe1e4b068157f74ebac (Caused by NewConnectionError('<urllib3.connection.HTTPSConnection object at 0x1112e80d0>: Failed to establish a new connection: [Errno 8] nodename nor servname provided, or not known')) on URL https://www.huffpost.com/entry/black-photographers-ketanji-brown-jackson-supreme-court-hearing_n_62461fe1e4b068157f74ebac
=== エラー内容 ===
type:<class 'newspaper.article.ArticleException'>
args:("Article `download()` failed with HTTPSConnectionPool(host='www.foxbusiness.com', port=443): Max retries exceeded with url: /lifestyle/kanye-rihanna-jay-z-forbes-world-billionaires-list (Caused by NewConnectionError('<urllib3.connection.HTTPSConnection object at 0x11014f6a0>: Failed to establish a new connection: [Errno 8] nodename nor servname provided, or not known')) on URL https://www.foxbusiness.com/lifestyle/kanye-rihanna-jay-z-forbes-world-billionaires-list",)
e自身:Article `download()` failed with HTTPSConnectionPool(host='www.foxbusiness.com', port=443): Max retries exceeded with url: /lifestyle/kanye-rihanna-jay-z-forbes-world-billionaires-list (Caused by NewConnectionError('<urllib3.connection.HTTPSConnection object at 0x11014f6a0>: Failed to establish a new connection: [Errno 8] nodename nor servname provided, or not known')) on URL https://www.foxbusiness.com/lifestyle/kanye-rihanna-jay-z-forbes-world-billionaires-list
=== エラー内容 ===
type:<class 'newspaper.article.ArticleException'>
args:("Article `download()` failed with HTTPSConnectionPool(host='www.foxbusiness.com', port=443): Max retries exceeded with url: /economy/janet-yellen-economic-repercussions-russia-ukraine-war (Caused by NewConnectionError('<urllib3.connection.HTTPSConnection object at 0x11014f5e0>: Failed to establish a new connection: [Errno 8] nodename nor servname provided, or not known')) on URL https://www.foxbusiness.com/economy/janet-yellen-economic-repercussions-russia-ukraine-war",)
e自身:Article `download()` failed with HTTPSConnectionPool(host='www.foxbusiness.com', port=443): Max retries exceeded with url: /economy/janet-yellen-economic-repercussions-russia-ukraine-war (Caused by NewConnectionError('<urllib3.connection.HTTPSConnection object at 0x11014f5e0>: Failed to establish a new connection: [Errno 8] nodename nor servname provided, or not known')) on URL https://www.foxbusiness.com/economy/janet-yellen-economic-repercussions-russia-ukraine-war
=== エラー内容 ===
type:<class 'newspaper.article.ArticleException'>
args:("Article `download()` failed with HTTPSConnectionPool(host='www.foxbusiness.com', port=443): Max retries exceeded with url: /technology/elon-musk-twitter-edit-button (Caused by NewConnectionError('<urllib3.connection.HTTPSConnection object at 0x11014f9a0>: Failed to establish a new connection: [Errno 8] nodename nor servname provided, or not known')) on URL https://www.foxbusiness.com/technology/elon-musk-twitter-edit-button",)
e自身:Article `download()` failed with HTTPSConnectionPool(host='www.foxbusiness.com', port=443): Max retries exceeded with url: /technology/elon-musk-twitter-edit-button (Caused by NewConnectionError('<urllib3.connection.HTTPSConnection object at 0x11014f9a0>: Failed to establish a new connection: [Errno 8] nodename nor servname provided, or not known')) on URL https://www.foxbusiness.com/technology/elon-musk-twitter-edit-button
=== エラー内容 ===
type:<class 'newspaper.article.ArticleException'>
args:("Article `download()` failed with HTTPSConnectionPool(host='www.foxbusiness.com', port=443): Max retries exceeded with url: /politics/former-fed-official-warns-central-bank-walking-very-thin-line-predicts-when-us-will-face-recession (Caused by NewConnectionError('<urllib3.connection.HTTPSConnection object at 0x11014f880>: Failed to establish a new connection: [Errno 8] nodename nor servname provided, or not known')) on URL https://www.foxbusiness.com/politics/former-fed-official-warns-central-bank-walking-very-thin-line-predicts-when-us-will-face-recession",)
e自身:Article `download()` failed with HTTPSConnectionPool(host='www.foxbusiness.com', port=443): Max retries exceeded with url: /politics/former-fed-official-warns-central-bank-walking-very-thin-line-predicts-when-us-will-face-recession (Caused by NewConnectionError('<urllib3.connection.HTTPSConnection object at 0x11014f880>: Failed to establish a new connection: [Errno 8] nodename nor servname provided, or not known')) on URL https://www.foxbusiness.com/politics/former-fed-official-warns-central-bank-walking-very-thin-line-predicts-when-us-will-face-recession
=== エラー内容 ===
type:<class 'newspaper.article.ArticleException'>
args:("Article `download()` failed with HTTPSConnectionPool(host='www.foxbusiness.com', port=443): Max retries exceeded with url: /technology/apps-with-hidden-data-harvesting-software-banned-by-google (Caused by NewConnectionError('<urllib3.connection.HTTPSConnection object at 0x11014fa60>: Failed to establish a new connection: [Errno 8] nodename nor servname provided, or not known')) on URL https://www.foxbusiness.com/technology/apps-with-hidden-data-harvesting-software-banned-by-google",)
e自身:Article `download()` failed with HTTPSConnectionPool(host='www.foxbusiness.com', port=443): Max retries exceeded with url: /technology/apps-with-hidden-data-harvesting-software-banned-by-google (Caused by NewConnectionError('<urllib3.connection.HTTPSConnection object at 0x11014fa60>: Failed to establish a new connection: [Errno 8] nodename nor servname provided, or not known')) on URL https://www.foxbusiness.com/technology/apps-with-hidden-data-harvesting-software-banned-by-google
=== エラー内容 ===
type:<class 'newspaper.article.ArticleException'>
args:("Article `download()` failed with HTTPSConnectionPool(host='www.foxbusiness.com', port=443): Max retries exceeded with url: /sports/masters-odds-tiger-woods-far-from-favorite (Caused by NewConnectionError('<urllib3.connection.HTTPSConnection object at 0x11014fa90>: Failed to establish a new connection: [Errno 8] nodename nor servname provided, or not known')) on URL https://www.foxbusiness.com/sports/masters-odds-tiger-woods-far-from-favorite",)
e自身:Article `download()` failed with HTTPSConnectionPool(host='www.foxbusiness.com', port=443): Max retries exceeded with url: /sports/masters-odds-tiger-woods-far-from-favorite (Caused by NewConnectionError('<urllib3.connection.HTTPSConnection object at 0x11014fa90>: Failed to establish a new connection: [Errno 8] nodename nor servname provided, or not known')) on URL https://www.foxbusiness.com/sports/masters-odds-tiger-woods-far-from-favorite
=== エラー内容 ===
type:<class 'newspaper.article.ArticleException'>
args:("Article `download()` failed with HTTPSConnectionPool(host='www.foxbusiness.com', port=443): Max retries exceeded with url: /media/china-war-united-states-asia-partnering-russia-expert (Caused by NewConnectionError('<urllib3.connection.HTTPSConnection object at 0x11014fac0>: Failed to establish a new connection: [Errno 8] nodename nor servname provided, or not known')) on URL https://www.foxbusiness.com/media/china-war-united-states-asia-partnering-russia-expert",)
e自身:Article `download()` failed with HTTPSConnectionPool(host='www.foxbusiness.com', port=443): Max retries exceeded with url: /media/china-war-united-states-asia-partnering-russia-expert (Caused by NewConnectionError('<urllib3.connection.HTTPSConnection object at 0x11014fac0>: Failed to establish a new connection: [Errno 8] nodename nor servname provided, or not known')) on URL https://www.foxbusiness.com/media/china-war-united-states-asia-partnering-russia-expert
=== エラー内容 ===
type:<class 'newspaper.article.ArticleException'>
args:("Article `download()` failed with HTTPSConnectionPool(host='www.foxbusiness.com', port=443): Max retries exceeded with url: /politics/california-bill-serial-retail-offenders (Caused by NewConnectionError('<urllib3.connection.HTTPSConnection object at 0x11014faf0>: Failed to establish a new connection: [Errno 8] nodename nor servname provided, or not known')) on URL https://www.foxbusiness.com/politics/california-bill-serial-retail-offenders",)
e自身:Article `download()` failed with HTTPSConnectionPool(host='www.foxbusiness.com', port=443): Max retries exceeded with url: /politics/california-bill-serial-retail-offenders (Caused by NewConnectionError('<urllib3.connection.HTTPSConnection object at 0x11014faf0>: Failed to establish a new connection: [Errno 8] nodename nor servname provided, or not known')) on URL https://www.foxbusiness.com/politics/california-bill-serial-retail-offenders
=== エラー内容 ===
type:<class 'newspaper.article.ArticleException'>
args:("Article `download()` failed with HTTPSConnectionPool(host='www.foxbusiness.com', port=443): Max retries exceeded with url: /personal-finance/startup-business-loans (Caused by NewConnectionError('<urllib3.connection.HTTPSConnection object at 0x11014fb20>: Failed to establish a new connection: [Errno 8] nodename nor servname provided, or not known')) on URL https://www.foxbusiness.com/personal-finance/startup-business-loans",)
e自身:Article `download()` failed with HTTPSConnectionPool(host='www.foxbusiness.com', port=443): Max retries exceeded with url: /personal-finance/startup-business-loans (Caused by NewConnectionError('<urllib3.connection.HTTPSConnection object at 0x11014fb20>: Failed to establish a new connection: [Errno 8] nodename nor servname provided, or not known')) on URL https://www.foxbusiness.com/personal-finance/startup-business-loans
=== エラー内容 ===
type:<class 'newspaper.article.ArticleException'>
args:("Article `download()` failed with HTTPSConnectionPool(host='www.foxbusiness.com', port=443): Max retries exceeded with url: /politics/miami-mayor-reveals-the-formula-for-his-citys-success-as-tech-hub (Caused by NewConnectionError('<urllib3.connection.HTTPSConnection object at 0x11014fa60>: Failed to establish a new connection: [Errno 8] nodename nor servname provided, or not known')) on URL https://www.foxbusiness.com/politics/miami-mayor-reveals-the-formula-for-his-citys-success-as-tech-hub",)
e自身:Article `download()` failed with HTTPSConnectionPool(host='www.foxbusiness.com', port=443): Max retries exceeded with url: /politics/miami-mayor-reveals-the-formula-for-his-citys-success-as-tech-hub (Caused by NewConnectionError('<urllib3.connection.HTTPSConnection object at 0x11014fa60>: Failed to establish a new connection: [Errno 8] nodename nor servname provided, or not known')) on URL https://www.foxbusiness.com/politics/miami-mayor-reveals-the-formula-for-his-citys-success-as-tech-hub
=== エラー内容 ===
type:<class 'newspaper.article.ArticleException'>
args:("Article `download()` failed with HTTPSConnectionPool(host='www.reuters.com', port=443): Max retries exceeded with url: /world/us/us-postal-service-plans-raise-prices-first-class-mail-2022-04-06/ (Caused by SSLError(OSError(23, 'Too many open files in system'))) on URL https://www.reuters.com/world/us/us-postal-service-plans-raise-prices-first-class-mail-2022-04-06/",)
e自身:Article `download()` failed with HTTPSConnectionPool(host='www.reuters.com', port=443): Max retries exceeded with url: /world/us/us-postal-service-plans-raise-prices-first-class-mail-2022-04-06/ (Caused by SSLError(OSError(23, 'Too many open files in system'))) on URL https://www.reuters.com/world/us/us-postal-service-plans-raise-prices-first-class-mail-2022-04-06/
=== エラー内容 ===
type:<class 'urllib.error.URLError'>
args:(gaierror(8, 'nodename nor servname provided, or not known'),)
e自身:<urlopen error [Errno 8] nodename nor servname provided, or not known>
url:https://news.google.com/rss/search?q=+after:2022-4-5+inurl:reuters.com&hl=en-US&gl=US&ceid=US:en
=== エラー内容 ===
type:<class 'newspaper.article.ArticleException'>
args:("Article `download()` failed with HTTPSConnectionPool(host='www.cnbc.com', port=443): Max retries exceeded with url: /2022/04/06/cramers-lightning-round-im-on-board-with-douglas-elliman.html (Caused by SSLError(OSError(23, 'Too many open files in system'))) on URL https://www.cnbc.com/2022/04/06/cramers-lightning-round-im-on-board-with-douglas-elliman.html",)
e自身:Article `download()` failed with HTTPSConnectionPool(host='www.cnbc.com', port=443): Max retries exceeded with url: /2022/04/06/cramers-lightning-round-im-on-board-with-douglas-elliman.html (Caused by SSLError(OSError(23, 'Too many open files in system'))) on URL https://www.cnbc.com/2022/04/06/cramers-lightning-round-im-on-board-with-douglas-elliman.html
=== エラー内容 ===
type:<class 'newspaper.article.ArticleException'>
args:("Article `download()` failed with HTTPSConnectionPool(host='www.cnbc.com', port=443): Max retries exceeded with url: /2022/04/06/loews-corporation-is-a-hidden-gem-in-the-rough-jim-cramer-says.html (Caused by NewConnectionError('<urllib3.connection.HTTPSConnection object at 0x111b478b0>: Failed to establish a new connection: [Errno 8] nodename nor servname provided, or not known')) on URL https://www.cnbc.com/2022/04/06/loews-corporation-is-a-hidden-gem-in-the-rough-jim-cramer-says.html",)
e自身:Article `download()` failed with HTTPSConnectionPool(host='www.cnbc.com', port=443): Max retries exceeded with url: /2022/04/06/loews-corporation-is-a-hidden-gem-in-the-rough-jim-cramer-says.html (Caused by NewConnectionError('<urllib3.connection.HTTPSConnection object at 0x111b478b0>: Failed to establish a new connection: [Errno 8] nodename nor servname provided, or not known')) on URL https://www.cnbc.com/2022/04/06/loews-corporation-is-a-hidden-gem-in-the-rough-jim-cramer-says.html
=== エラー内容 ===
type:<class 'newspaper.article.ArticleException'>
args:("Article `download()` failed with HTTPSConnectionPool(host='www.foxbusiness.com', port=443): Read timed out. (read timeout=7) on URL https://www.foxbusiness.com/markets/oil-prices-4-8-2022",)
e自身:Article `download()` failed with HTTPSConnectionPool(host='www.foxbusiness.com', port=443): Read timed out. (read timeout=7) on URL https://www.foxbusiness.com/markets/oil-prices-4-8-2022
=== エラー内容 ===
type:<class 'newspaper.article.ArticleException'>
args:("Article `download()` failed with HTTPSConnectionPool(host='www.foxbusiness.com', port=443): Read timed out. (read timeout=7) on URL https://www.foxbusiness.com/markets/elon-musk-sec-late-report-twitter-stake",)
e自身:Article `download()` failed with HTTPSConnectionPool(host='www.foxbusiness.com', port=443): Read timed out. (read timeout=7) on URL https://www.foxbusiness.com/markets/elon-musk-sec-late-report-twitter-stake
=== エラー内容 ===
type:<class 'newspaper.article.ArticleException'>
args:("Article `download()` failed with HTTPSConnectionPool(host='www.foxbusiness.com', port=443): Read timed out. (read timeout=7) on URL https://www.foxbusiness.com/economy/initial-jobless-claims-coronavirus-april-2",)
e自身:Article `download()` failed with HTTPSConnectionPool(host='www.foxbusiness.com', port=443): Read timed out. (read timeout=7) on URL https://www.foxbusiness.com/economy/initial-jobless-claims-coronavirus-april-2
=== エラー内容 ===
type:<class 'newspaper.article.ArticleException'>
args:("Article `download()` failed with HTTPSConnectionPool(host='www.foxbusiness.com', port=443): Read timed out. (read timeout=7) on URL https://www.foxbusiness.com/personal-finance/todays-mortgage-refinance-rates-april-8-2022",)
e自身:Article `download()` failed with HTTPSConnectionPool(host='www.foxbusiness.com', port=443): Read timed out. (read timeout=7) on URL https://www.foxbusiness.com/personal-finance/todays-mortgage-refinance-rates-april-8-2022
=== エラー内容 ===
type:<class 'newspaper.article.ArticleException'>
args:("Article `download()` failed with HTTPSConnectionPool(host='www.reuters.com', port=443): Read timed out. (read timeout=7) on URL https://www.reuters.com/world/europe/ukraine-demands-tough-global-response-train-station-missile-strike-2022-04-08/",)
e自身:Article `download()` failed with HTTPSConnectionPool(host='www.reuters.com', port=443): Read timed out. (read timeout=7) on URL https://www.reuters.com/world/europe/ukraine-demands-tough-global-response-train-station-missile-strike-2022-04-08/
=== エラー内容 ===
type:<class 'newspaper.article.ArticleException'>
args:("Article `download()` failed with HTTPSConnectionPool(host='www.foxbusiness.com', port=443): Read timed out. (read timeout=7) on URL https://www.foxbusiness.com/economy/michigan-cafe-closing-due-to-inflation-plea-to-policymakers-think-of-the-little-people",)
e自身:Article `download()` failed with HTTPSConnectionPool(host='www.foxbusiness.com', port=443): Read timed out. (read timeout=7) on URL https://www.foxbusiness.com/economy/michigan-cafe-closing-due-to-inflation-plea-to-policymakers-think-of-the-little-people
=== エラー内容 ===
type:<class 'newspaper.article.ArticleException'>
args:("Article `download()` failed with HTTPSConnectionPool(host='www.foxbusiness.com', port=443): Read timed out. (read timeout=7) on URL https://www.foxbusiness.com/economy/walmart-kohls-falsely-marketed-bamboo-fiber-bedding-towels-bras-ftc",)
e自身:Article `download()` failed with HTTPSConnectionPool(host='www.foxbusiness.com', port=443): Read timed out. (read timeout=7) on URL https://www.foxbusiness.com/economy/walmart-kohls-falsely-marketed-bamboo-fiber-bedding-towels-bras-ftc
=== エラー内容 ===
type:<class 'newspaper.article.ArticleException'>
args:("Article `download()` failed with HTTPSConnectionPool(host='www.foxbusiness.com', port=443): Read timed out. (read timeout=7) on URL https://www.foxbusiness.com/features/home-construction-costs-soar",)
e自身:Article `download()` failed with HTTPSConnectionPool(host='www.foxbusiness.com', port=443): Read timed out. (read timeout=7) on URL https://www.foxbusiness.com/features/home-construction-costs-soar
=== エラー内容 ===
type:<class 'newspaper.article.ArticleException'>
args:("Article `download()` failed with HTTPSConnectionPool(host='www.foxbusiness.com', port=443): Read timed out. (read timeout=7) on URL https://www.foxbusiness.com/economy/initial-jobless-claims-coronavirus-april-2",)
e自身:Article `download()` failed with HTTPSConnectionPool(host='www.foxbusiness.com', port=443): Read timed out. (read timeout=7) on URL https://www.foxbusiness.com/economy/initial-jobless-claims-coronavirus-april-2
=== エラー内容 ===
type:<class 'newspaper.article.ArticleException'>
args:("Article `download()` failed with HTTPSConnectionPool(host='www.cnbc.com', port=443): Read timed out. (read timeout=7) on URL https://www.cnbc.com/2022/04/08/asia-stocks-federal-reserve-currencies-oil.html",)
e自身:Article `download()` failed with HTTPSConnectionPool(host='www.cnbc.com', port=443): Read timed out. (read timeout=7) on URL https://www.cnbc.com/2022/04/08/asia-stocks-federal-reserve-currencies-oil.html
=== エラー内容 ===
type:<class 'newspaper.article.ArticleException'>
args:("Article `download()` failed with HTTPSConnectionPool(host='www.foxbusiness.com', port=443): Read timed out. (read timeout=7) on URL https://www.foxbusiness.com/features/home-construction-costs-soar",)
e自身:Article `download()` failed with HTTPSConnectionPool(host='www.foxbusiness.com', port=443): Read timed out. (read timeout=7) on URL https://www.foxbusiness.com/features/home-construction-costs-soar
=== エラー内容 ===
type:<class 'newspaper.article.ArticleException'>
args:("Article `download()` failed with HTTPSConnectionPool(host='www.foxbusiness.com', port=443): Read timed out. (read timeout=7) on URL https://www.foxbusiness.com/economy/walmart-kohls-falsely-marketed-bamboo-fiber-bedding-towels-bras-ftc",)
e自身:Article `download()` failed with HTTPSConnectionPool(host='www.foxbusiness.com', port=443): Read timed out. (read timeout=7) on URL https://www.foxbusiness.com/economy/walmart-kohls-falsely-marketed-bamboo-fiber-bedding-towels-bras-ftc
=== エラー内容 ===
type:<class 'newspaper.article.ArticleException'>
args:("Article `download()` failed with HTTPSConnectionPool(host='www.foxbusiness.com', port=443): Read timed out. (read timeout=7) on URL https://www.foxbusiness.com/technology/elon-musk-twitter-edit-button",)
e自身:Article `download()` failed with HTTPSConnectionPool(host='www.foxbusiness.com', port=443): Read timed out. (read timeout=7) on URL https://www.foxbusiness.com/technology/elon-musk-twitter-edit-button
=== エラー内容 ===
type:<class 'newspaper.article.ArticleException'>
args:("Article `download()` failed with HTTPSConnectionPool(host='www.foxbusiness.com', port=443): Read timed out. (read timeout=7) on URL https://www.foxbusiness.com/economy/initial-jobless-claims-coronavirus-april-2",)
e自身:Article `download()` failed with HTTPSConnectionPool(host='www.foxbusiness.com', port=443): Read timed out. (read timeout=7) on URL https://www.foxbusiness.com/economy/initial-jobless-claims-coronavirus-april-2
=== エラー内容 ===
type:<class 'newspaper.article.ArticleException'>
args:("Article `download()` failed with HTTPSConnectionPool(host='www.foxbusiness.com', port=443): Read timed out. (read timeout=7) on URL https://www.foxbusiness.com/politics/democrats-playing-into-putins-hands-when-it-comes-to-us-energy-production-experts",)
e自身:Article `download()` failed with HTTPSConnectionPool(host='www.foxbusiness.com', port=443): Read timed out. (read timeout=7) on URL https://www.foxbusiness.com/politics/democrats-playing-into-putins-hands-when-it-comes-to-us-energy-production-experts
=== エラー内容 ===
type:<class 'newspaper.article.ArticleException'>
args:("Article `download()` failed with HTTPSConnectionPool(host='www.foxbusiness.com', port=443): Read timed out. (read timeout=7) on URL https://www.foxbusiness.com/features/home-construction-costs-soar",)
e自身:Article `download()` failed with HTTPSConnectionPool(host='www.foxbusiness.com', port=443): Read timed out. (read timeout=7) on URL https://www.foxbusiness.com/features/home-construction-costs-soar
=== エラー内容 ===
type:<class 'newspaper.article.ArticleException'>
args:("Article `download()` failed with HTTPSConnectionPool(host='www.foxbusiness.com', port=443): Read timed out. (read timeout=7) on URL https://www.foxbusiness.com/economy/elon-musk-calls-out-taylor-swift-justin-bieber-not-tweeting-twitter-dying",)
e自身:Article `download()` failed with HTTPSConnectionPool(host='www.foxbusiness.com', port=443): Read timed out. (read timeout=7) on URL https://www.foxbusiness.com/economy/elon-musk-calls-out-taylor-swift-justin-bieber-not-tweeting-twitter-dying
=== エラー内容 ===
type:<class 'newspaper.article.ArticleException'>
args:("Article `download()` failed with HTTPSConnectionPool(host='www.foxbusiness.com', port=443): Read timed out. (read timeout=7) on URL https://www.foxbusiness.com/lifestyle/california-disneyland-may-not-be-happiest-place-on-earth-cast-members",)
e自身:Article `download()` failed with HTTPSConnectionPool(host='www.foxbusiness.com', port=443): Read timed out. (read timeout=7) on URL https://www.foxbusiness.com/lifestyle/california-disneyland-may-not-be-happiest-place-on-earth-cast-members
=== エラー内容 ===
type:<class 'newspaper.article.ArticleException'>
args:("Article `download()` failed with HTTPSConnectionPool(host='www.foxbusiness.com', port=443): Read timed out. (read timeout=7) on URL https://www.foxbusiness.com/lifestyle/california-disneyland-may-not-be-happiest-place-on-earth-cast-members",)
e自身:Article `download()` failed with HTTPSConnectionPool(host='www.foxbusiness.com', port=443): Read timed out. (read timeout=7) on URL https://www.foxbusiness.com/lifestyle/california-disneyland-may-not-be-happiest-place-on-earth-cast-members
=== エラー内容 ===
type:<class 'newspaper.article.ArticleException'>
args:("Article `download()` failed with HTTPSConnectionPool(host='www.washingtonpost.com', port=443): Read timed out. (read timeout=7) on URL https://www.washingtonpost.com/health/2022/04/11/climate-change-pregnancy-health-babies/",)
e自身:Article `download()` failed with HTTPSConnectionPool(host='www.washingtonpost.com', port=443): Read timed out. (read timeout=7) on URL https://www.washingtonpost.com/health/2022/04/11/climate-change-pregnancy-health-babies/
=== エラー内容 ===
type:<class 'newspaper.article.ArticleException'>
args:("Article `download()` failed with HTTPSConnectionPool(host='www.washingtonpost.com', port=443): Read timed out. (read timeout=7) on URL https://www.washingtonpost.com/politics/2022/04/08/bill-barr-identifies-real-injustice-republicans-losing/",)
e自身:Article `download()` failed with HTTPSConnectionPool(host='www.washingtonpost.com', port=443): Read timed out. (read timeout=7) on URL https://www.washingtonpost.com/politics/2022/04/08/bill-barr-identifies-real-injustice-republicans-losing/
=== エラー内容 ===
type:<class 'newspaper.article.ArticleException'>
args:("Article `download()` failed with HTTPSConnectionPool(host='www.foxbusiness.com', port=443): Read timed out. (read timeout=7) on URL https://www.foxbusiness.com/politics/global-minimum-tax-in-limbo-after-some-european-resistance",)
e自身:Article `download()` failed with HTTPSConnectionPool(host='www.foxbusiness.com', port=443): Read timed out. (read timeout=7) on URL https://www.foxbusiness.com/politics/global-minimum-tax-in-limbo-after-some-european-resistance
=== エラー内容 ===
type:<class 'newspaper.article.ArticleException'>
args:("Article `download()` failed with HTTPSConnectionPool(host='www.foxbusiness.com', port=443): Read timed out. (read timeout=7) on URL https://www.foxbusiness.com/economy/inflation-overtakes-labor-shortage-top-problem-small-businesses",)
e自身:Article `download()` failed with HTTPSConnectionPool(host='www.foxbusiness.com', port=443): Read timed out. (read timeout=7) on URL https://www.foxbusiness.com/economy/inflation-overtakes-labor-shortage-top-problem-small-businesses
=== エラー内容 ===
type:<class 'newspaper.article.ArticleException'>
args:("Article `download()` failed with HTTPSConnectionPool(host='www.foxbusiness.com', port=443): Read timed out. (read timeout=7) on URL https://www.foxbusiness.com/politics/biden-to-announce-e15-gasoline-use-to-help-increase-fuel-supply-reduce-gas-prices",)
e自身:Article `download()` failed with HTTPSConnectionPool(host='www.foxbusiness.com', port=443): Read timed out. (read timeout=7) on URL https://www.foxbusiness.com/politics/biden-to-announce-e15-gasoline-use-to-help-increase-fuel-supply-reduce-gas-prices
=== エラー内容 ===
type:<class 'newspaper.article.ArticleException'>
args:("Article `download()` failed with HTTPSConnectionPool(host='www.foxbusiness.com', port=443): Read timed out. (read timeout=7) on URL https://www.foxbusiness.com/politics/job-creators-network-great-opportunity-project-ad-buy-free-market-policies",)
e自身:Article `download()` failed with HTTPSConnectionPool(host='www.foxbusiness.com', port=443): Read timed out. (read timeout=7) on URL https://www.foxbusiness.com/politics/job-creators-network-great-opportunity-project-ad-buy-free-market-policies
=== エラー内容 ===
type:<class 'newspaper.article.ArticleException'>
args:("Article `download()` failed with HTTPSConnectionPool(host='www.foxbusiness.com', port=443): Read timed out. (read timeout=7) on URL https://www.foxbusiness.com/economy/varney-another-inflation-bombshell-this-morning",)
e自身:Article `download()` failed with HTTPSConnectionPool(host='www.foxbusiness.com', port=443): Read timed out. (read timeout=7) on URL https://www.foxbusiness.com/economy/varney-another-inflation-bombshell-this-morning
=== エラー内容 ===
type:<class 'newspaper.article.ArticleException'>
args:("Article `download()` failed with HTTPSConnectionPool(host='www.foxbusiness.com', port=443): Read timed out. (read timeout=7) on URL https://www.foxbusiness.com/markets/discover-att-close-warnermedia-deal",)
e自身:Article `download()` failed with HTTPSConnectionPool(host='www.foxbusiness.com', port=443): Read timed out. (read timeout=7) on URL https://www.foxbusiness.com/markets/discover-att-close-warnermedia-deal
=== エラー内容 ===
type:<class 'newspaper.article.ArticleException'>
args:("Article `download()` failed with HTTPSConnectionPool(host='www.foxbusiness.com', port=443): Read timed out. (read timeout=7) on URL https://www.foxbusiness.com/politics/missouri-ag-warns-tidal-wave-of-illegal-immigration-about-to-get-worse",)
e自身:Article `download()` failed with HTTPSConnectionPool(host='www.foxbusiness.com', port=443): Read timed out. (read timeout=7) on URL https://www.foxbusiness.com/politics/missouri-ag-warns-tidal-wave-of-illegal-immigration-about-to-get-worse
=== エラー内容 ===
type:<class 'newspaper.article.ArticleException'>
args:("Article `download()` failed with HTTPSConnectionPool(host='www.foxbusiness.com', port=443): Read timed out. (read timeout=7) on URL https://www.foxbusiness.com/personal-finance/credible-money-coach-navient-settlement-parent-plus-loans",)
e自身:Article `download()` failed with HTTPSConnectionPool(host='www.foxbusiness.com', port=443): Read timed out. (read timeout=7) on URL https://www.foxbusiness.com/personal-finance/credible-money-coach-navient-settlement-parent-plus-loans
=== エラー内容 ===
type:<class 'newspaper.article.ArticleException'>
args:("Article `download()` failed with HTTPSConnectionPool(host='www.foxbusiness.com', port=443): Read timed out. (read timeout=7) on URL https://www.foxbusiness.com/economy/uber-lyft-suspend-surge-pricing-brooklyn-subway-shooting-after-catching-heat-social-media",)
e自身:Article `download()` failed with HTTPSConnectionPool(host='www.foxbusiness.com', port=443): Read timed out. (read timeout=7) on URL https://www.foxbusiness.com/economy/uber-lyft-suspend-surge-pricing-brooklyn-subway-shooting-after-catching-heat-social-media
=== エラー内容 ===
type:<class 'newspaper.article.ArticleException'>
args:("Article `download()` failed with HTTPSConnectionPool(host='www.foxbusiness.com', port=443): Read timed out. (read timeout=7) on URL https://www.foxbusiness.com/markets/discover-att-close-warnermedia-deal",)
e自身:Article `download()` failed with HTTPSConnectionPool(host='www.foxbusiness.com', port=443): Read timed out. (read timeout=7) on URL https://www.foxbusiness.com/markets/discover-att-close-warnermedia-deal
=== エラー内容 ===
type:<class 'newspaper.article.ArticleException'>
args:("Article `download()` failed with HTTPSConnectionPool(host='www.cnbc.com', port=443): Read timed out. (read timeout=7) on URL https://www.cnbc.com/2022/04/12/cnbc-pro-talks-meta-or-tencent-top-picks-of-investor-sid-choraria-.html",)
e自身:Article `download()` failed with HTTPSConnectionPool(host='www.cnbc.com', port=443): Read timed out. (read timeout=7) on URL https://www.cnbc.com/2022/04/12/cnbc-pro-talks-meta-or-tencent-top-picks-of-investor-sid-choraria-.html
=== エラー内容 ===
type:<class 'newspaper.article.ArticleException'>
args:("Article `download()` failed with HTTPSConnectionPool(host='www.washingtonpost.com', port=443): Read timed out. (read timeout=7) on URL https://www.washingtonpost.com/world/it-cant-be-fixed-in-shattered-irpin-signs-of-homecoming/2022/04/13/2a9eed18-baf1-11ec-a92d-c763de818c21_story.html",)
e自身:Article `download()` failed with HTTPSConnectionPool(host='www.washingtonpost.com', port=443): Read timed out. (read timeout=7) on URL https://www.washingtonpost.com/world/it-cant-be-fixed-in-shattered-irpin-signs-of-homecoming/2022/04/13/2a9eed18-baf1-11ec-a92d-c763de818c21_story.html
=== エラー内容 ===
type:<class 'IndexError'>
args:('list index out of range',)
e自身:list index out of range
タイトル:Stocks cut gains as oil tops $100 per barrel
Varney: Another inflation 'bombshell' this morning
China bill could ease supply chain issues causing inflation, help US compete in 'dangerous world': Khanna
Delta gives stocks a lift, oil tops $101
Best cities to celebrate Easter in 2022: report
E-scooters are gaining popularity as gas prices soar
Bitcoin trades around $40,000 as downward trend continues
Brooklyn shooter raises concern for crime surge over the summer, former Boston police commissioner says
Catholic app Hallow and Mark Wahlberg launch partnership
Krispy Kreme to sell original glazed doughnuts at national average gas price
Twitter stock rises as Elon Musk mulls next move
Inflation surges 8.5% in March, hitting a new 40-year high
Used car prices jump 40%: CarMax
Fed considers reducing balance sheet by $95B per month, but what could it mean for your wallet?
Rep. Spanberger breaks with fellow Dem, says lawmakers should 'consider different job' if don't want stock ban

日本語タイトル:['']
=== エラー内容 ===
type:<class 'IndexError'>
args:('list index out of range',)
e自身:list index out of range
タイトル:Opinion  Imran Khan is hoping to ride anti-American conspiracy theories back to power
Biden calls Russia's war in Ukraine a 'genocide'
Analysis  Fed Won't Be Swayed Even If Inflation Has Peaked
Pentagon looks to vastly expand weapons for Ukraine
Washington Post contributor arrested in Moscow after criticizing Putin
Washington Commanders may have engaged in 'unlawful' conduct, Congress tells FTC
Opinion  Biden needs to explain what a GOP Congress would do
A call, a text, an apology: How an abortion arrest shook up a Texas town
Opinion  How Tim Scott missed out on history
Backed-up pipes, stinky yards: Climate change is wrecking septic tanks
March inflation report: Prices rose sharply amid concerns about economic slowdown
Opinion  Covid-19 may be hastening democracy's demise
DOJ rebuffs House Oversight Committee's request for details on Trump's boxes
Analysis  Finland and Sweden joining NATO could put Trump's GOP in the hot seat
Are only White people 'civilized'?

日本語タイトル:['']
=== エラー内容 ===
type:<class 'IndexError'>
args:('list index out of range',)
e自身:list index out of range
タイトル:Michael Cohen blows off Trump subpoena:'I ignored it'
NATO to deploy military force to defend border against Russia - Stoltenberg
Oil, gas firm CNOOC mulls US, Canada exit over sanctions fears: report
US to send more than $700 million in new military aid to Ukraine
"America's Next Top Model" Contestants Say the Show Left Some Injured, Traumatized
Oleksandra Kuvshynova: What happened to Fox fixer killed in Ukraine
Crocs bought Hey Dude amid Wall Street doubts but teens love the brand
Zelenskyy thanks Biden for saying Russia is committing 'genocide'
Manchin tears into Biden over failing to stop record inflation
Meta spent record $27M on Zuckerberg's security in 2021
Airbnb isn't banning people from Belarus, Russia from using its service
Ukraine: 60 Russian paratroopers refused to fight in invasion, report says
Nearly 1,600 school book bans enacted with Texas leading the way, report says
Video: Ukraine soldier disassembles Russian drone, reveals DIY work
11 places to buy the best Easter decorations - Insider

日本語タイトル:['']
=== エラー内容 ===
type:<class 'newspaper.article.ArticleException'>
args:("Article `download()` failed with HTTPSConnectionPool(host='www.foxbusiness.com', port=443): Read timed out. (read timeout=7) on URL https://www.foxbusiness.com/markets/stock-futures-4-12-22",)
e自身:Article `download()` failed with HTTPSConnectionPool(host='www.foxbusiness.com', port=443): Read timed out. (read timeout=7) on URL https://www.foxbusiness.com/markets/stock-futures-4-12-22
=== エラー内容 ===
type:<class 'newspaper.article.ArticleException'>
args:("Article `download()` failed with HTTPSConnectionPool(host='www.foxbusiness.com', port=443): Read timed out. (read timeout=7) on URL https://www.foxbusiness.com/lifestyle/best-cities-celebrate-easter-2022",)
e自身:Article `download()` failed with HTTPSConnectionPool(host='www.foxbusiness.com', port=443): Read timed out. (read timeout=7) on URL https://www.foxbusiness.com/lifestyle/best-cities-celebrate-easter-2022
=== エラー内容 ===
type:<class 'newspaper.article.ArticleException'>
args:("Article `download()` failed with HTTPSConnectionPool(host='www.foxbusiness.com', port=443): Read timed out. (read timeout=7) on URL https://www.foxbusiness.com/markets/stock-futures-4-13-2022",)
e自身:Article `download()` failed with HTTPSConnectionPool(host='www.foxbusiness.com', port=443): Read timed out. (read timeout=7) on URL https://www.foxbusiness.com/markets/stock-futures-4-13-2022
=== エラー内容 ===
type:<class 'newspaper.article.ArticleException'>
args:("Article `download()` failed with HTTPSConnectionPool(host='www.foxbusiness.com', port=443): Read timed out. (read timeout=7) on URL https://www.foxbusiness.com/markets/stock-futures-4-12-22",)
e自身:Article `download()` failed with HTTPSConnectionPool(host='www.foxbusiness.com', port=443): Read timed out. (read timeout=7) on URL https://www.foxbusiness.com/markets/stock-futures-4-12-22
=== エラー内容 ===
type:<class 'newspaper.article.ArticleException'>
args:("Article `download()` failed with HTTPSConnectionPool(host='www.foxbusiness.com', port=443): Read timed out. (read timeout=7) on URL https://www.foxbusiness.com/real-estate/housing-market-not-dead-rising-mortgage",)
e自身:Article `download()` failed with HTTPSConnectionPool(host='www.foxbusiness.com', port=443): Read timed out. (read timeout=7) on URL https://www.foxbusiness.com/real-estate/housing-market-not-dead-rising-mortgage
=== エラー内容 ===
type:<class 'newspaper.article.ArticleException'>
args:("Article `download()` failed with HTTPSConnectionPool(host='www.foxbusiness.com', port=443): Read timed out. (read timeout=7) on URL https://www.foxbusiness.com/markets/stock-futures-4-13-2022",)
e自身:Article `download()` failed with HTTPSConnectionPool(host='www.foxbusiness.com', port=443): Read timed out. (read timeout=7) on URL https://www.foxbusiness.com/markets/stock-futures-4-13-2022
=== エラー内容 ===
type:<class 'newspaper.article.ArticleException'>
args:("Article `download()` failed with HTTPSConnectionPool(host='www.foxbusiness.com', port=443): Read timed out. (read timeout=7) on URL https://www.foxbusiness.com/markets/stock-futures-4-13-2022",)
e自身:Article `download()` failed with HTTPSConnectionPool(host='www.foxbusiness.com', port=443): Read timed out. (read timeout=7) on URL https://www.foxbusiness.com/markets/stock-futures-4-13-2022
=== エラー内容 ===
type:<class 'newspaper.article.ArticleException'>
args:("Article `download()` failed with HTTPSConnectionPool(host='www.foxbusiness.com', port=443): Read timed out. (read timeout=7) on URL https://www.foxbusiness.com/politics/david-mccormick-i-am-running-as-an-america-first-conservative",)
e自身:Article `download()` failed with HTTPSConnectionPool(host='www.foxbusiness.com', port=443): Read timed out. (read timeout=7) on URL https://www.foxbusiness.com/politics/david-mccormick-i-am-running-as-an-america-first-conservative
=== エラー内容 ===
type:<class 'newspaper.article.ArticleException'>
args:("Article `download()` failed with HTTPSConnectionPool(host='www.foxbusiness.com', port=443): Read timed out. (read timeout=7) on URL https://www.foxbusiness.com/politics/david-mccormick-i-am-running-as-an-america-first-conservative",)
e自身:Article `download()` failed with HTTPSConnectionPool(host='www.foxbusiness.com', port=443): Read timed out. (read timeout=7) on URL https://www.foxbusiness.com/politics/david-mccormick-i-am-running-as-an-america-first-conservative
=== エラー内容 ===
type:<class 'newspaper.article.ArticleException'>
args:("Article `download()` failed with HTTPSConnectionPool(host='www.foxbusiness.com', port=443): Read timed out. (read timeout=7) on URL https://www.foxbusiness.com/personal-finance/how-much-money-should-households-keep-liquid-what-form-for-emergencies",)
e自身:Article `download()` failed with HTTPSConnectionPool(host='www.foxbusiness.com', port=443): Read timed out. (read timeout=7) on URL https://www.foxbusiness.com/personal-finance/how-much-money-should-households-keep-liquid-what-form-for-emergencies
=== エラー内容 ===
type:<class 'newspaper.article.ArticleException'>
args:("Article `download()` failed with HTTPSConnectionPool(host='www.foxbusiness.com', port=443): Read timed out. (read timeout=7) on URL https://www.foxbusiness.com/energy/democrats-keep-working-against-oil-companies-not-with-us-big-oil-ceo",)
e自身:Article `download()` failed with HTTPSConnectionPool(host='www.foxbusiness.com', port=443): Read timed out. (read timeout=7) on URL https://www.foxbusiness.com/energy/democrats-keep-working-against-oil-companies-not-with-us-big-oil-ceo
=== エラー内容 ===
type:<class 'newspaper.article.ArticleException'>
args:("Article `download()` failed with HTTPSConnectionPool(host='www.foxbusiness.com', port=443): Read timed out. (read timeout=7) on URL https://www.foxbusiness.com/markets/stock-futures-4-14-2022",)
e自身:Article `download()` failed with HTTPSConnectionPool(host='www.foxbusiness.com', port=443): Read timed out. (read timeout=7) on URL https://www.foxbusiness.com/markets/stock-futures-4-14-2022
=== エラー内容 ===
type:<class 'newspaper.article.ArticleException'>
args:("Article `download()` failed with HTTPSConnectionPool(host='www.foxbusiness.com', port=443): Read timed out. (read timeout=7) on URL https://www.foxbusiness.com/economy/retail-sales-march-2022-inflation",)
e自身:Article `download()` failed with HTTPSConnectionPool(host='www.foxbusiness.com', port=443): Read timed out. (read timeout=7) on URL https://www.foxbusiness.com/economy/retail-sales-march-2022-inflation
=== エラー内容 ===
type:<class 'newspaper.article.ArticleException'>
args:("Article `download()` failed with HTTPSConnectionPool(host='www.foxbusiness.com', port=443): Read timed out. (read timeout=7) on URL https://www.foxbusiness.com/politics/oklahoma-senate-candidate-woke-crowd-has-declared-war-on-conservatives",)
e自身:Article `download()` failed with HTTPSConnectionPool(host='www.foxbusiness.com', port=443): Read timed out. (read timeout=7) on URL https://www.foxbusiness.com/politics/oklahoma-senate-candidate-woke-crowd-has-declared-war-on-conservatives
=== エラー内容 ===
type:<class 'newspaper.article.ArticleException'>
args:("Article `download()` failed with HTTPSConnectionPool(host='www.foxbusiness.com', port=443): Read timed out. (read timeout=7) on URL https://www.foxbusiness.com/economy/us-mining-industry-concerned-biden-cant-separate-china-from-made-in-america",)
e自身:Article `download()` failed with HTTPSConnectionPool(host='www.foxbusiness.com', port=443): Read timed out. (read timeout=7) on URL https://www.foxbusiness.com/economy/us-mining-industry-concerned-biden-cant-separate-china-from-made-in-america
=== エラー内容 ===
type:<class 'newspaper.article.ArticleException'>
args:("Article `download()` failed with HTTPSConnectionPool(host='www.foxbusiness.com', port=443): Read timed out. (read timeout=7) on URL https://www.foxbusiness.com/economy/us-mining-industry-concerned-biden-cant-separate-china-from-made-in-america",)
e自身:Article `download()` failed with HTTPSConnectionPool(host='www.foxbusiness.com', port=443): Read timed out. (read timeout=7) on URL https://www.foxbusiness.com/economy/us-mining-industry-concerned-biden-cant-separate-china-from-made-in-america
=== エラー内容 ===
type:<class 'newspaper.article.ArticleException'>
args:("Article `download()` failed with HTTPSConnectionPool(host='www.foxbusiness.com', port=443): Read timed out. (read timeout=7) on URL https://www.foxbusiness.com/markets/stock-futures-4-13-2022",)
e自身:Article `download()` failed with HTTPSConnectionPool(host='www.foxbusiness.com', port=443): Read timed out. (read timeout=7) on URL https://www.foxbusiness.com/markets/stock-futures-4-13-2022
=== エラー内容 ===
type:<class 'newspaper.article.ArticleException'>
args:("Article `download()` failed with HTTPSConnectionPool(host='www.foxbusiness.com', port=443): Read timed out. (read timeout=7) on URL https://www.foxbusiness.com/lifestyle/costco-covid-hours-seniors-health-care-workers-first-responders",)
e自身:Article `download()` failed with HTTPSConnectionPool(host='www.foxbusiness.com', port=443): Read timed out. (read timeout=7) on URL https://www.foxbusiness.com/lifestyle/costco-covid-hours-seniors-health-care-workers-first-responders
=== エラー内容 ===
type:<class 'newspaper.article.ArticleException'>
args:("Article `download()` failed with HTTPSConnectionPool(host='www.cnbc.com', port=443): Max retries exceeded with url: /2022/04/17/shanghai-by-the-numbers-chinas-covid-lockdowns.html (Caused by SSLError(SSLError(1, '[SSL: TLSV1_ALERT_INTERNAL_ERROR] tlsv1 alert internal error (_ssl.c:1123)'))) on URL https://www.cnbc.com/2022/04/17/shanghai-by-the-numbers-chinas-covid-lockdowns.html",)
e自身:Article `download()` failed with HTTPSConnectionPool(host='www.cnbc.com', port=443): Max retries exceeded with url: /2022/04/17/shanghai-by-the-numbers-chinas-covid-lockdowns.html (Caused by SSLError(SSLError(1, '[SSL: TLSV1_ALERT_INTERNAL_ERROR] tlsv1 alert internal error (_ssl.c:1123)'))) on URL https://www.cnbc.com/2022/04/17/shanghai-by-the-numbers-chinas-covid-lockdowns.html
=== エラー内容 ===
type:<class 'newspaper.article.ArticleException'>
args:("Article `download()` failed with HTTPSConnectionPool(host='www.foxbusiness.com', port=443): Read timed out. (read timeout=7) on URL https://www.foxbusiness.com/lifestyle/dunkin-donuts-new-jersey-couple-sues-hot-coffee-severely-burns-husband",)
e自身:Article `download()` failed with HTTPSConnectionPool(host='www.foxbusiness.com', port=443): Read timed out. (read timeout=7) on URL https://www.foxbusiness.com/lifestyle/dunkin-donuts-new-jersey-couple-sues-hot-coffee-severely-burns-husband
=== エラー内容 ===
type:<class 'newspaper.article.ArticleException'>
args:("Article `download()` failed with HTTPSConnectionPool(host='www.foxbusiness.com', port=443): Read timed out. (read timeout=7) on URL https://www.foxbusiness.com/politics/house-hearing-energy-executives-gas-prices",)
e自身:Article `download()` failed with HTTPSConnectionPool(host='www.foxbusiness.com', port=443): Read timed out. (read timeout=7) on URL https://www.foxbusiness.com/politics/house-hearing-energy-executives-gas-prices
=== エラー内容 ===
type:<class 'newspaper.article.ArticleException'>
args:("Article `download()` failed with HTTPSConnectionPool(host='www.foxbusiness.com', port=443): Read timed out. (read timeout=7) on URL https://www.foxbusiness.com/lifestyle/snl-takes-aim-elon-musk-twitter",)
e自身:Article `download()` failed with HTTPSConnectionPool(host='www.foxbusiness.com', port=443): Read timed out. (read timeout=7) on URL https://www.foxbusiness.com/lifestyle/snl-takes-aim-elon-musk-twitter
=== エラー内容 ===
type:<class 'newspaper.article.ArticleException'>
args:("Article `download()` failed with HTTPSConnectionPool(host='www.foxbusiness.com', port=443): Read timed out. (read timeout=7) on URL https://www.foxbusiness.com/lifestyle/boating-season-fuel-prices-2022",)
e自身:Article `download()` failed with HTTPSConnectionPool(host='www.foxbusiness.com', port=443): Read timed out. (read timeout=7) on URL https://www.foxbusiness.com/lifestyle/boating-season-fuel-prices-2022
=== エラー内容 ===
type:<class 'IndexError'>
args:('list index out of range',)
e自身:list index out of range
タイトル:Alex Jones' InfoWars Files For Bankruptcy Following Sandy Hook Defeat
Jennifer Aniston Reveals She Used To Sleepwalk And Set Off Her House Alarms
A Conviction Would Puncture Trump's Personality Cult, Predicts Authoritarian Expert
MSNBC’s Malcolm Nance Joins Fight Against Russia In Ukraine: ‘I’m Done Talking’
Jen Psaki Ribs Fox's Peter Doocy: You're No Doc And Don't Even (Usually) Play One On TV
Stephen Colbert Spots The Tucker Carlson Moment Too Stupid To Ignore
I Moved Back In With Mom And Dad At 45 – And I Have No Plans To Leave
Jay Leno Says 'Most Disturbing' Part Of Will Smith's Oscars Fiasco Wasn't The Slap
Suspect In Brooklyn Subway Shooting Arrested In Manhattan
Russia Bombs Celebrity Chef José Andrés Community Kitchen In Kharkiv
Alex Jones Hit With $1 Million In Court Fees Over Sandy Hook, Parkland Lawsuits
'Black-ish' Ends 8-Season Run With Legacy, Fans Secure
Florida Continues Attack On Education After Rejecting 54 Math Textbooks Due To 'CRT'
Fox News Host Admits The Creepy Way He Got A Younger Coworker To Date Him
GOP Candidates Clamor For The Approval Of The Man Who Tried To End Our Democracy

日本語タイトル:['']
=== エラー内容 ===
type:<class 'newspaper.article.ArticleException'>
args:("Article `download()` failed with HTTPSConnectionPool(host='www.foxbusiness.com', port=443): Read timed out. (read timeout=7) on URL https://www.foxbusiness.com/lifestyle/best-worst-entry-level-jobs-2022",)
e自身:Article `download()` failed with HTTPSConnectionPool(host='www.foxbusiness.com', port=443): Read timed out. (read timeout=7) on URL https://www.foxbusiness.com/lifestyle/best-worst-entry-level-jobs-2022
=== エラー内容 ===
type:<class 'newspaper.article.ArticleException'>
args:("Article `download()` failed with HTTPSConnectionPool(host='www.foxbusiness.com', port=443): Read timed out. (read timeout=7) on URL https://www.foxbusiness.com/politics/republican-strategist-torches-sen-warrens-secret-sauce-to-win-elections-do-right-by-voters",)
e自身:Article `download()` failed with HTTPSConnectionPool(host='www.foxbusiness.com', port=443): Read timed out. (read timeout=7) on URL https://www.foxbusiness.com/politics/republican-strategist-torches-sen-warrens-secret-sauce-to-win-elections-do-right-by-voters
=== エラー内容 ===
type:<class 'newspaper.article.ArticleException'>
args:("Article `download()` failed with HTTPSConnectionPool(host='www.foxbusiness.com', port=443): Read timed out. (read timeout=7) on URL https://www.foxbusiness.com/economy/gas-prices-april-2022",)
e自身:Article `download()` failed with HTTPSConnectionPool(host='www.foxbusiness.com', port=443): Read timed out. (read timeout=7) on URL https://www.foxbusiness.com/economy/gas-prices-april-2022
=== エラー内容 ===
type:<class 'newspaper.article.ArticleException'>
args:("Article `download()` failed with HTTPSConnectionPool(host='www.foxbusiness.com', port=443): Read timed out. (read timeout=7) on URL https://www.foxbusiness.com/economy/americans-home-prices-fastest-pace-ny-fed",)
e自身:Article `download()` failed with HTTPSConnectionPool(host='www.foxbusiness.com', port=443): Read timed out. (read timeout=7) on URL https://www.foxbusiness.com/economy/americans-home-prices-fastest-pace-ny-fed
=== エラー内容 ===
type:<class 'newspaper.article.ArticleException'>
args:("Article `download()` failed with HTTPSConnectionPool(host='www.foxbusiness.com', port=443): Read timed out. (read timeout=7) on URL https://www.foxbusiness.com/politics/tax-day-biden-taxes-jobs-china-grover-norquist",)
e自身:Article `download()` failed with HTTPSConnectionPool(host='www.foxbusiness.com', port=443): Read timed out. (read timeout=7) on URL https://www.foxbusiness.com/politics/tax-day-biden-taxes-jobs-china-grover-norquist
=== エラー内容 ===
type:<class 'newspaper.article.ArticleException'>
args:("Article `download()` failed with HTTPSConnectionPool(host='www.foxbusiness.com', port=443): Read timed out. (read timeout=7) on URL https://www.foxbusiness.com/politics/stuart-varney-democrat-party-elizabeth-warren",)
e自身:Article `download()` failed with HTTPSConnectionPool(host='www.foxbusiness.com', port=443): Read timed out. (read timeout=7) on URL https://www.foxbusiness.com/politics/stuart-varney-democrat-party-elizabeth-warren
=== エラー内容 ===
type:<class 'newspaper.article.ArticleException'>
args:("Article `download()` failed with HTTPSConnectionPool(host='www.foxbusiness.com', port=443): Read timed out. (read timeout=7) on URL https://www.foxbusiness.com/economy/labor-cement-shortage-industry-leader-economy",)
e自身:Article `download()` failed with HTTPSConnectionPool(host='www.foxbusiness.com', port=443): Read timed out. (read timeout=7) on URL https://www.foxbusiness.com/economy/labor-cement-shortage-industry-leader-economy
=== エラー内容 ===
type:<class 'newspaper.article.ArticleException'>
args:("Article `download()` failed with HTTPSConnectionPool(host='www.foxbusiness.com', port=443): Read timed out. (read timeout=7) on URL https://www.foxbusiness.com/lifestyle/house-sale-goes-viral-thanks-unique-master-bedroom",)
e自身:Article `download()` failed with HTTPSConnectionPool(host='www.foxbusiness.com', port=443): Read timed out. (read timeout=7) on URL https://www.foxbusiness.com/lifestyle/house-sale-goes-viral-thanks-unique-master-bedroom
=== エラー内容 ===
type:<class 'IndexError'>
args:('list index out of range',)
e自身:list index out of range
タイトル:Is Twitter Going Private? What Investors Need to Know - The Motley Fool
Real Estate Bear Market: What to Expect from Home Prices - The Motley Fool
2 Growth Stocks Down 75% or More to Buy Now and Hold - The Motley Fool
Why You Should Buy an Investment Property in This Booming City - The Motley Fool
Why Nvidia Stock Fell Again Today - The Motley Fool
Netflix Stock Is Down, but Not Out - The Motley Fool
4 Ultra-Popular Stocks to Avoid Like the Plague - The Motley Fool
This Cannabis Company Just Pulled Off a Miracle - The Motley Fool
This Chart Is Why I'm Holding This Stock for the Next Decade - The Motley Fool
Struggling With Retirement Expenses? Here's 1 Move Worth Considering. - The Motley Fool
Down 19%, Is Digital Realty Trust Still a Buy? - The Motley Fool
Is Dogecoin the Next Bitcoin? - The Motley Fool
Should Netflix Shareholders Be Worried? - The Motley Fool
Here's the Unexpected Reason Shopify Is Plummeting Today - The Motley Fool
Chipotle Launches $50 Million Venture Fund for Restaurant Tech - The Motley Fool

日本語タイトル:['ツイッターは非公開になるのか？投資家は何を知っておくべきなのか - The Motley Fool', '不動産ベアマーケット。住宅価格に期待すること - The Motley Fool', '75%以上下落した成長株2銘柄を今すぐ購入し、持ち続けるべき - The Motley Fool', '不動産ベアマーケット：住宅価格に期待すること - モトリーフール', 'Nvidiaの株価が今日も下落した理由 - The Motley Fool', 'Netflixの株価は下がっているが、下がってはいない - The Motley Fool', '超人気銘柄の4つを避けるべき - The Motley Fool', 'この大麻の会社は奇跡を起こした - The Motley Fool', '今後10年間、この株を保有する理由はこのグラフにある - モトリーフール', '退職金で苦労している？検討する価値のある1つの動きがここにあります。- モトリーフール', '19%下落したDigital Realty Trustはまだ買いか？- モトリーフール', 'Dogecoinは次のBitcoinか？- モトリーフール', 'Netflixの株主は心配する必要があるのか？- モトリーフール', 'Shopifyが今日急落している意外な理由 - The Motley Fool']
=== エラー内容 ===
type:<class 'newspaper.article.ArticleException'>
args:("Article `download()` failed with HTTPSConnectionPool(host='www.washingtonpost.com', port=443): Read timed out. (read timeout=7) on URL https://www.washingtonpost.com/politics/2022/04/20/sanders-president-2024/",)
e自身:Article `download()` failed with HTTPSConnectionPool(host='www.washingtonpost.com', port=443): Read timed out. (read timeout=7) on URL https://www.washingtonpost.com/politics/2022/04/20/sanders-president-2024/
=== エラー内容 ===
type:<class 'newspaper.article.ArticleException'>
args:("Article `download()` failed with HTTPSConnectionPool(host='www.foxbusiness.com', port=443): Read timed out. (read timeout=7) on URL https://www.foxbusiness.com/lifestyle/cost-mortgages-rises-20-december",)
e自身:Article `download()` failed with HTTPSConnectionPool(host='www.foxbusiness.com', port=443): Read timed out. (read timeout=7) on URL https://www.foxbusiness.com/lifestyle/cost-mortgages-rises-20-december
=== エラー内容 ===
type:<class 'newspaper.article.ArticleException'>
args:("Article `download()` failed with HTTPSConnectionPool(host='www.foxbusiness.com', port=443): Read timed out. (read timeout=7) on URL https://www.foxbusiness.com/economy/the-economy-is-probably-already-in-a-recession-says-market-expert",)
e自身:Article `download()` failed with HTTPSConnectionPool(host='www.foxbusiness.com', port=443): Read timed out. (read timeout=7) on URL https://www.foxbusiness.com/economy/the-economy-is-probably-already-in-a-recession-says-market-expert
=== エラー内容 ===
type:<class 'newspaper.article.ArticleException'>
args:("Article `download()` failed with HTTPSConnectionPool(host='www.foxbusiness.com', port=443): Read timed out. (read timeout=7) on URL https://www.foxbusiness.com/features/former-mcdonalds-ceo-fight-woke-politics",)
e自身:Article `download()` failed with HTTPSConnectionPool(host='www.foxbusiness.com', port=443): Read timed out. (read timeout=7) on URL https://www.foxbusiness.com/features/former-mcdonalds-ceo-fight-woke-politics
=== エラー内容 ===
type:<class 'newspaper.article.ArticleException'>
args:("Article `download()` failed with HTTPSConnectionPool(host='www.foxbusiness.com', port=443): Read timed out. (read timeout=7) on URL https://www.foxbusiness.com/economy/us-economy-modest-recession-2023-fannie-mae",)
e自身:Article `download()` failed with HTTPSConnectionPool(host='www.foxbusiness.com', port=443): Read timed out. (read timeout=7) on URL https://www.foxbusiness.com/economy/us-economy-modest-recession-2023-fannie-mae
=== エラー内容 ===
type:<class 'newspaper.article.ArticleException'>
args:("Article `download()` failed with HTTPSConnectionPool(host='www.cnbc.com', port=443): Max retries exceeded with url: /2022/04/20/trading-the-winners-and-losers-from-the-dollar-at-two-year-highs-.html (Caused by SSLError(SSLError(1, '[SSL: TLSV1_ALERT_INTERNAL_ERROR] tlsv1 alert internal error (_ssl.c:1123)'))) on URL https://www.cnbc.com/2022/04/20/trading-the-winners-and-losers-from-the-dollar-at-two-year-highs-.html",)
e自身:Article `download()` failed with HTTPSConnectionPool(host='www.cnbc.com', port=443): Max retries exceeded with url: /2022/04/20/trading-the-winners-and-losers-from-the-dollar-at-two-year-highs-.html (Caused by SSLError(SSLError(1, '[SSL: TLSV1_ALERT_INTERNAL_ERROR] tlsv1 alert internal error (_ssl.c:1123)'))) on URL https://www.cnbc.com/2022/04/20/trading-the-winners-and-losers-from-the-dollar-at-two-year-highs-.html
=== エラー内容 ===
type:<class 'newspaper.article.ArticleException'>
args:("Article `download()` failed with HTTPSConnectionPool(host='www.cnbc.com', port=443): Read timed out. (read timeout=7) on URL https://www.cnbc.com/2022/04/20/tesla-tsla-earnings-q1-2022.html",)
e自身:Article `download()` failed with HTTPSConnectionPool(host='www.cnbc.com', port=443): Read timed out. (read timeout=7) on URL https://www.cnbc.com/2022/04/20/tesla-tsla-earnings-q1-2022.html
=== エラー内容 ===
type:<class 'newspaper.article.ArticleException'>
args:('Article `download()` failed with 503 Server Error: Service Temporarily Unavailable for url: https://www.reuters.com/world/europe/russia-cenbank-head-nabiullina-faces-full-scale-crisis-new-term-2022-04-21/ on URL https://www.reuters.com/world/europe/russia-cenbank-head-nabiullina-faces-full-scale-crisis-new-term-2022-04-21/',)
e自身:Article `download()` failed with 503 Server Error: Service Temporarily Unavailable for url: https://www.reuters.com/world/europe/russia-cenbank-head-nabiullina-faces-full-scale-crisis-new-term-2022-04-21/ on URL https://www.reuters.com/world/europe/russia-cenbank-head-nabiullina-faces-full-scale-crisis-new-term-2022-04-21/
=== エラー内容 ===
type:<class 'newspaper.article.ArticleException'>
args:("Article `download()` failed with HTTPSConnectionPool(host='www.foxbusiness.com', port=443): Read timed out. (read timeout=7) on URL https://www.foxbusiness.com/markets/natural-gas-crisis-coming",)
e自身:Article `download()` failed with HTTPSConnectionPool(host='www.foxbusiness.com', port=443): Read timed out. (read timeout=7) on URL https://www.foxbusiness.com/markets/natural-gas-crisis-coming
=== エラー内容 ===
type:<class 'newspaper.article.ArticleException'>
args:("Article `download()` failed with HTTPSConnectionPool(host='www.foxbusiness.com', port=443): Read timed out. (read timeout=7) on URL https://www.foxbusiness.com/features/former-mcdonalds-ceo-fight-woke-politics",)
e自身:Article `download()` failed with HTTPSConnectionPool(host='www.foxbusiness.com', port=443): Read timed out. (read timeout=7) on URL https://www.foxbusiness.com/features/former-mcdonalds-ceo-fight-woke-politics
=== エラー内容 ===
type:<class 'newspaper.article.ArticleException'>
args:("Article `download()` failed with HTTPSConnectionPool(host='www.foxbusiness.com', port=443): Read timed out. (read timeout=7) on URL https://www.foxbusiness.com/lifestyle/babyganics-issues-recall-over-possible-bacterial-contamination",)
e自身:Article `download()` failed with HTTPSConnectionPool(host='www.foxbusiness.com', port=443): Read timed out. (read timeout=7) on URL https://www.foxbusiness.com/lifestyle/babyganics-issues-recall-over-possible-bacterial-contamination
=== エラー内容 ===
type:<class 'newspaper.article.ArticleException'>
args:("Article `download()` failed with HTTPSConnectionPool(host='www.foxbusiness.com', port=443): Read timed out. (read timeout=7) on URL https://www.foxbusiness.com/sports/mike-tyson-throws-punches-at-unruly-passenger-on-jetblue-flight-report",)
e自身:Article `download()` failed with HTTPSConnectionPool(host='www.foxbusiness.com', port=443): Read timed out. (read timeout=7) on URL https://www.foxbusiness.com/sports/mike-tyson-throws-punches-at-unruly-passenger-on-jetblue-flight-report
=== エラー内容 ===
type:<class 'newspaper.article.ArticleException'>
args:("Article `download()` failed with HTTPSConnectionPool(host='www.foxbusiness.com', port=443): Read timed out. (read timeout=7) on URL https://www.foxbusiness.com/lifestyle/babyganics-issues-recall-over-possible-bacterial-contamination",)
e自身:Article `download()` failed with HTTPSConnectionPool(host='www.foxbusiness.com', port=443): Read timed out. (read timeout=7) on URL https://www.foxbusiness.com/lifestyle/babyganics-issues-recall-over-possible-bacterial-contamination
=== エラー内容 ===
type:<class 'newspaper.article.ArticleException'>
args:("Article `download()` failed with HTTPSConnectionPool(host='www.foxbusiness.com', port=443): Read timed out. (read timeout=7) on URL https://www.foxbusiness.com/politics/los-angeles-gascon-recall",)
e自身:Article `download()` failed with HTTPSConnectionPool(host='www.foxbusiness.com', port=443): Read timed out. (read timeout=7) on URL https://www.foxbusiness.com/politics/los-angeles-gascon-recall
=== エラー内容 ===
type:<class 'newspaper.article.ArticleException'>
args:("Article `download()` failed with HTTPSConnectionPool(host='www.foxbusiness.com', port=443): Read timed out. (read timeout=7) on URL https://www.foxbusiness.com/lifestyle/memorial-day-travel-best-time-book",)
e自身:Article `download()` failed with HTTPSConnectionPool(host='www.foxbusiness.com', port=443): Read timed out. (read timeout=7) on URL https://www.foxbusiness.com/lifestyle/memorial-day-travel-best-time-book
=== エラー内容 ===
type:<class 'newspaper.article.ArticleException'>
args:("Article `download()` failed with HTTPSConnectionPool(host='www.foxbusiness.com', port=443): Read timed out. (read timeout=7) on URL https://www.foxbusiness.com/personal-finance/todays-mortgage-refinance-rates-april-22-2022",)
e自身:Article `download()` failed with HTTPSConnectionPool(host='www.foxbusiness.com', port=443): Read timed out. (read timeout=7) on URL https://www.foxbusiness.com/personal-finance/todays-mortgage-refinance-rates-april-22-2022
=== エラー内容 ===
type:<class 'newspaper.article.ArticleException'>
args:("Article `download()` failed with HTTPSConnectionPool(host='www.foxbusiness.com', port=443): Read timed out. (read timeout=7) on URL https://www.foxbusiness.com/markets/stock-futures-4-21-2022",)
e自身:Article `download()` failed with HTTPSConnectionPool(host='www.foxbusiness.com', port=443): Read timed out. (read timeout=7) on URL https://www.foxbusiness.com/markets/stock-futures-4-21-2022
=== エラー内容 ===
type:<class 'newspaper.article.ArticleException'>
args:("Article `download()` failed with HTTPSConnectionPool(host='www.foxbusiness.com', port=443): Read timed out. (read timeout=7) on URL https://www.foxbusiness.com/media/kudlow-it-is-time-for-some-big-changes-white-house",)
e自身:Article `download()` failed with HTTPSConnectionPool(host='www.foxbusiness.com', port=443): Read timed out. (read timeout=7) on URL https://www.foxbusiness.com/media/kudlow-it-is-time-for-some-big-changes-white-house
=== エラー内容 ===
type:<class 'newspaper.article.ArticleException'>
args:("Article `download()` failed with HTTPSConnectionPool(host='www.foxbusiness.com', port=443): Read timed out. (read timeout=7) on URL https://www.foxbusiness.com/politics/disney-stock-tumbles-amid-florida-bill-controversy",)
e自身:Article `download()` failed with HTTPSConnectionPool(host='www.foxbusiness.com', port=443): Read timed out. (read timeout=7) on URL https://www.foxbusiness.com/politics/disney-stock-tumbles-amid-florida-bill-controversy
=== エラー内容 ===
type:<class 'newspaper.article.ArticleException'>
args:("Article `download()` failed with HTTPSConnectionPool(host='www.foxbusiness.com', port=443): Read timed out. (read timeout=7) on URL https://www.foxbusiness.com/personal-finance/todays-mortgage-rates-april-22-2022",)
e自身:Article `download()` failed with HTTPSConnectionPool(host='www.foxbusiness.com', port=443): Read timed out. (read timeout=7) on URL https://www.foxbusiness.com/personal-finance/todays-mortgage-rates-april-22-2022
=== エラー内容 ===
type:<class 'newspaper.article.ArticleException'>
args:("Article `download()` failed with HTTPSConnectionPool(host='www.foxbusiness.com', port=443): Read timed out. (read timeout=7) on URL https://www.foxbusiness.com/economy/tennessee-man-pleads-guilty-using-covid-aid-for-himself",)
e自身:Article `download()` failed with HTTPSConnectionPool(host='www.foxbusiness.com', port=443): Read timed out. (read timeout=7) on URL https://www.foxbusiness.com/economy/tennessee-man-pleads-guilty-using-covid-aid-for-himself
=== エラー内容 ===
type:<class 'newspaper.article.ArticleException'>
args:("Article `download()` failed with HTTPSConnectionPool(host='www.foxbusiness.com', port=443): Read timed out. (read timeout=7) on URL https://www.foxbusiness.com/technology/metas-sheryl-sandberg-pressured-daily-mail-drop-bobby-kotick-reporting",)
e自身:Article `download()` failed with HTTPSConnectionPool(host='www.foxbusiness.com', port=443): Read timed out. (read timeout=7) on URL https://www.foxbusiness.com/technology/metas-sheryl-sandberg-pressured-daily-mail-drop-bobby-kotick-reporting
=== エラー内容 ===
type:<class 'newspaper.article.ArticleException'>
args:("Article `download()` failed with HTTPSConnectionPool(host='www.cnbc.com', port=443): Max retries exceeded with url: /2022/04/22/cramers-lightning-round-im-sticking-with-bausch-health.html (Caused by SSLError(SSLError(1, '[SSL: TLSV1_ALERT_INTERNAL_ERROR] tlsv1 alert internal error (_ssl.c:1123)'))) on URL https://www.cnbc.com/2022/04/22/cramers-lightning-round-im-sticking-with-bausch-health.html",)
e自身:Article `download()` failed with HTTPSConnectionPool(host='www.cnbc.com', port=443): Max retries exceeded with url: /2022/04/22/cramers-lightning-round-im-sticking-with-bausch-health.html (Caused by SSLError(SSLError(1, '[SSL: TLSV1_ALERT_INTERNAL_ERROR] tlsv1 alert internal error (_ssl.c:1123)'))) on URL https://www.cnbc.com/2022/04/22/cramers-lightning-round-im-sticking-with-bausch-health.html
=== エラー内容 ===
type:<class 'newspaper.article.ArticleException'>
args:("Article `download()` failed with HTTPSConnectionPool(host='www.cnbc.com', port=443): Max retries exceeded with url: /video/2022/04/22/we-cannot-afford-to-be-slow-in-taming-inflation-says-jim-cramer.html (Caused by SSLError(SSLError(1, '[SSL: TLSV1_ALERT_INTERNAL_ERROR] tlsv1 alert internal error (_ssl.c:1123)'))) on URL https://www.cnbc.com/video/2022/04/22/we-cannot-afford-to-be-slow-in-taming-inflation-says-jim-cramer.html",)
e自身:Article `download()` failed with HTTPSConnectionPool(host='www.cnbc.com', port=443): Max retries exceeded with url: /video/2022/04/22/we-cannot-afford-to-be-slow-in-taming-inflation-says-jim-cramer.html (Caused by SSLError(SSLError(1, '[SSL: TLSV1_ALERT_INTERNAL_ERROR] tlsv1 alert internal error (_ssl.c:1123)'))) on URL https://www.cnbc.com/video/2022/04/22/we-cannot-afford-to-be-slow-in-taming-inflation-says-jim-cramer.html
=== エラー内容 ===
type:<class 'newspaper.article.ArticleException'>
args:("Article `download()` failed with HTTPSConnectionPool(host='www.cnbc.com', port=443): Max retries exceeded with url: /2022/04/22/asia-markets-federal-reserve-jerome-powell-us-treasury-yields-currencies-oil.html (Caused by SSLError(SSLError(1, '[SSL: TLSV1_ALERT_INTERNAL_ERROR] tlsv1 alert internal error (_ssl.c:1123)'))) on URL https://www.cnbc.com/2022/04/22/asia-markets-federal-reserve-jerome-powell-us-treasury-yields-currencies-oil.html",)
e自身:Article `download()` failed with HTTPSConnectionPool(host='www.cnbc.com', port=443): Max retries exceeded with url: /2022/04/22/asia-markets-federal-reserve-jerome-powell-us-treasury-yields-currencies-oil.html (Caused by SSLError(SSLError(1, '[SSL: TLSV1_ALERT_INTERNAL_ERROR] tlsv1 alert internal error (_ssl.c:1123)'))) on URL https://www.cnbc.com/2022/04/22/asia-markets-federal-reserve-jerome-powell-us-treasury-yields-currencies-oil.html
=== エラー内容 ===
type:<class 'newspaper.article.ArticleException'>
args:("Article `download()` failed with HTTPSConnectionPool(host='www.foxbusiness.com', port=443): Read timed out. (read timeout=7) on URL https://www.foxbusiness.com/politics/house-republicans-twitter-elon-musk",)
e自身:Article `download()` failed with HTTPSConnectionPool(host='www.foxbusiness.com', port=443): Read timed out. (read timeout=7) on URL https://www.foxbusiness.com/politics/house-republicans-twitter-elon-musk
=== エラー内容 ===
type:<class 'newspaper.article.ArticleException'>
args:('Article `download()` failed with 410 Client Error: Gone for url: https://www.huffpost.com/entry/alex-jones-attorney-norm-pattis-n-word-pants-down-standup-set_n_6261a37fe4b07c34e9de3f23 on URL https://www.huffpost.com/entry/alex-jones-attorney-norm-pattis-n-word-pants-down-standup-set_n_6261a37fe4b07c34e9de3f23',)
e自身:Article `download()` failed with 410 Client Error: Gone for url: https://www.huffpost.com/entry/alex-jones-attorney-norm-pattis-n-word-pants-down-standup-set_n_6261a37fe4b07c34e9de3f23 on URL https://www.huffpost.com/entry/alex-jones-attorney-norm-pattis-n-word-pants-down-standup-set_n_6261a37fe4b07c34e9de3f23
=== エラー内容 ===
type:<class 'newspaper.article.ArticleException'>
args:('Article `download()` failed with 410 Client Error: Gone for url: https://www.huffpost.com/entry/alex-jones-attorney-norm-pattis-n-word-pants-down-standup-set_n_6261a37fe4b07c34e9de3f23 on URL https://www.huffpost.com/entry/alex-jones-attorney-norm-pattis-n-word-pants-down-standup-set_n_6261a37fe4b07c34e9de3f23',)
e自身:Article `download()` failed with 410 Client Error: Gone for url: https://www.huffpost.com/entry/alex-jones-attorney-norm-pattis-n-word-pants-down-standup-set_n_6261a37fe4b07c34e9de3f23 on URL https://www.huffpost.com/entry/alex-jones-attorney-norm-pattis-n-word-pants-down-standup-set_n_6261a37fe4b07c34e9de3f23
=== エラー内容 ===
type:<class 'newspaper.article.ArticleException'>
args:("Article `download()` failed with HTTPSConnectionPool(host='www.foxbusiness.com', port=443): Read timed out. (read timeout=7) on URL https://www.foxbusiness.com/politics/disney-stock-tumbles-amid-florida-bill-controversy",)
e自身:Article `download()` failed with HTTPSConnectionPool(host='www.foxbusiness.com', port=443): Read timed out. (read timeout=7) on URL https://www.foxbusiness.com/politics/disney-stock-tumbles-amid-florida-bill-controversy
=== エラー内容 ===
type:<class 'newspaper.article.ArticleException'>
args:('Article `download()` failed with 410 Client Error: Gone for url: https://www.huffpost.com/entry/volodymyr-zelenskyy-liz-cheney-jfk-profile-in-courage-award_n_6262b2f9e4b0ea625c0683e1 on URL https://www.huffpost.com/entry/volodymyr-zelenskyy-liz-cheney-jfk-profile-in-courage-award_n_6262b2f9e4b0ea625c0683e1',)
e自身:Article `download()` failed with 410 Client Error: Gone for url: https://www.huffpost.com/entry/volodymyr-zelenskyy-liz-cheney-jfk-profile-in-courage-award_n_6262b2f9e4b0ea625c0683e1 on URL https://www.huffpost.com/entry/volodymyr-zelenskyy-liz-cheney-jfk-profile-in-courage-award_n_6262b2f9e4b0ea625c0683e1
=== エラー内容 ===
type:<class 'newspaper.article.ArticleException'>
args:("Article `download()` failed with HTTPSConnectionPool(host='www.foxbusiness.com', port=443): Read timed out. (read timeout=7) on URL https://www.foxbusiness.com/lifestyle/best-buy-insignia-air-fryer-recall",)
e自身:Article `download()` failed with HTTPSConnectionPool(host='www.foxbusiness.com', port=443): Read timed out. (read timeout=7) on URL https://www.foxbusiness.com/lifestyle/best-buy-insignia-air-fryer-recall
=== エラー内容 ===
type:<class 'newspaper.article.ArticleException'>
args:('Article `download()` failed with 410 Client Error: Gone for url: https://www.huffpost.com/entry/volodymyr-zelenskyy-liz-cheney-jfk-profile-in-courage-award_n_6262b2f9e4b0ea625c0683e1 on URL https://www.huffpost.com/entry/volodymyr-zelenskyy-liz-cheney-jfk-profile-in-courage-award_n_6262b2f9e4b0ea625c0683e1',)
e自身:Article `download()` failed with 410 Client Error: Gone for url: https://www.huffpost.com/entry/volodymyr-zelenskyy-liz-cheney-jfk-profile-in-courage-award_n_6262b2f9e4b0ea625c0683e1 on URL https://www.huffpost.com/entry/volodymyr-zelenskyy-liz-cheney-jfk-profile-in-courage-award_n_6262b2f9e4b0ea625c0683e1
=== エラー内容 ===
type:<class 'newspaper.article.ArticleException'>
args:("Article `download()` failed with HTTPSConnectionPool(host='www.foxbusiness.com', port=443): Read timed out. (read timeout=7) on URL https://www.foxbusiness.com/economy/shipping-manufacturing-delays-upset-board-game-industry",)
e自身:Article `download()` failed with HTTPSConnectionPool(host='www.foxbusiness.com', port=443): Read timed out. (read timeout=7) on URL https://www.foxbusiness.com/economy/shipping-manufacturing-delays-upset-board-game-industry
=== エラー内容 ===
type:<class 'newspaper.article.ArticleException'>
args:("Article `download()` failed with HTTPSConnectionPool(host='www.cnbc.com', port=443): Max retries exceeded with url: /2022/04/24/members-only-club-chief-coming-to-san-francisco-with-help-of-google.html (Caused by SSLError(SSLError(1, '[SSL: TLSV1_ALERT_INTERNAL_ERROR] tlsv1 alert internal error (_ssl.c:1123)'))) on URL https://www.cnbc.com/2022/04/24/members-only-club-chief-coming-to-san-francisco-with-help-of-google.html",)
e自身:Article `download()` failed with HTTPSConnectionPool(host='www.cnbc.com', port=443): Max retries exceeded with url: /2022/04/24/members-only-club-chief-coming-to-san-francisco-with-help-of-google.html (Caused by SSLError(SSLError(1, '[SSL: TLSV1_ALERT_INTERNAL_ERROR] tlsv1 alert internal error (_ssl.c:1123)'))) on URL https://www.cnbc.com/2022/04/24/members-only-club-chief-coming-to-san-francisco-with-help-of-google.html
=== エラー内容 ===
type:<class 'newspaper.article.ArticleException'>
args:("Article `download()` failed with HTTPSConnectionPool(host='www.cnbc.com', port=443): Max retries exceeded with url: /2022/04/23/the-best-books-to-read-to-get-smarter-about-your-money.html (Caused by SSLError(SSLError(1, '[SSL: TLSV1_ALERT_INTERNAL_ERROR] tlsv1 alert internal error (_ssl.c:1123)'))) on URL https://www.cnbc.com/2022/04/23/the-best-books-to-read-to-get-smarter-about-your-money.html",)
e自身:Article `download()` failed with HTTPSConnectionPool(host='www.cnbc.com', port=443): Max retries exceeded with url: /2022/04/23/the-best-books-to-read-to-get-smarter-about-your-money.html (Caused by SSLError(SSLError(1, '[SSL: TLSV1_ALERT_INTERNAL_ERROR] tlsv1 alert internal error (_ssl.c:1123)'))) on URL https://www.cnbc.com/2022/04/23/the-best-books-to-read-to-get-smarter-about-your-money.html
=== エラー内容 ===
type:<class 'newspaper.article.ArticleException'>
args:("Article `download()` failed with HTTPSConnectionPool(host='www.cnbc.com', port=443): Max retries exceeded with url: /2022/04/24/many-cash-strapped-americans-feel-sting-as-the-cost-of-living-spikes.html (Caused by SSLError(SSLError(1, '[SSL: TLSV1_ALERT_INTERNAL_ERROR] tlsv1 alert internal error (_ssl.c:1123)'))) on URL https://www.cnbc.com/2022/04/24/many-cash-strapped-americans-feel-sting-as-the-cost-of-living-spikes.html",)
e自身:Article `download()` failed with HTTPSConnectionPool(host='www.cnbc.com', port=443): Max retries exceeded with url: /2022/04/24/many-cash-strapped-americans-feel-sting-as-the-cost-of-living-spikes.html (Caused by SSLError(SSLError(1, '[SSL: TLSV1_ALERT_INTERNAL_ERROR] tlsv1 alert internal error (_ssl.c:1123)'))) on URL https://www.cnbc.com/2022/04/24/many-cash-strapped-americans-feel-sting-as-the-cost-of-living-spikes.html
=== エラー内容 ===
type:<class 'newspaper.article.ArticleException'>
args:('Article `download()` failed with 404 Client Error: Not Found for url: https://www.cnbc.com/2022/04/24/members-only-club-chief-coming-to-san-francisco-with-help-of-google.html on URL https://www.cnbc.com/2022/04/24/members-only-club-chief-coming-to-san-francisco-with-help-of-google.html',)
e自身:Article `download()` failed with 404 Client Error: Not Found for url: https://www.cnbc.com/2022/04/24/members-only-club-chief-coming-to-san-francisco-with-help-of-google.html on URL https://www.cnbc.com/2022/04/24/members-only-club-chief-coming-to-san-francisco-with-help-of-google.html
=== エラー内容 ===
type:<class 'newspaper.article.ArticleException'>
args:('Article `download()` failed with 404 Client Error: Not Found for url: https://www.cnbc.com/2022/04/24/op-ed-much-like-fdr-biden-faces-a-tough-choice-do-more-to-stop-a-vicious-dictator-now-or-pay-the-price-later-.html on URL https://www.cnbc.com/2022/04/24/op-ed-much-like-fdr-biden-faces-a-tough-choice-do-more-to-stop-a-vicious-dictator-now-or-pay-the-price-later-.html',)
e自身:Article `download()` failed with 404 Client Error: Not Found for url: https://www.cnbc.com/2022/04/24/op-ed-much-like-fdr-biden-faces-a-tough-choice-do-more-to-stop-a-vicious-dictator-now-or-pay-the-price-later-.html on URL https://www.cnbc.com/2022/04/24/op-ed-much-like-fdr-biden-faces-a-tough-choice-do-more-to-stop-a-vicious-dictator-now-or-pay-the-price-later-.html
=== エラー内容 ===
type:<class 'newspaper.article.ArticleException'>
args:('Article `download()` failed with 404 Client Error: Not Found for url: https://www.cnbc.com/2022/04/24/members-only-club-chief-coming-to-san-francisco-with-help-of-google.html on URL https://www.cnbc.com/2022/04/24/members-only-club-chief-coming-to-san-francisco-with-help-of-google.html',)
e自身:Article `download()` failed with 404 Client Error: Not Found for url: https://www.cnbc.com/2022/04/24/members-only-club-chief-coming-to-san-francisco-with-help-of-google.html on URL https://www.cnbc.com/2022/04/24/members-only-club-chief-coming-to-san-francisco-with-help-of-google.html
=== エラー内容 ===
type:<class 'newspaper.article.ArticleException'>
args:('Article `download()` failed with 404 Client Error: Not Found for url: https://www.cnbc.com/2022/04/24/op-ed-much-like-fdr-biden-faces-a-tough-choice-do-more-to-stop-a-vicious-dictator-now-or-pay-the-price-later-.html on URL https://www.cnbc.com/2022/04/24/op-ed-much-like-fdr-biden-faces-a-tough-choice-do-more-to-stop-a-vicious-dictator-now-or-pay-the-price-later-.html',)
e自身:Article `download()` failed with 404 Client Error: Not Found for url: https://www.cnbc.com/2022/04/24/op-ed-much-like-fdr-biden-faces-a-tough-choice-do-more-to-stop-a-vicious-dictator-now-or-pay-the-price-later-.html on URL https://www.cnbc.com/2022/04/24/op-ed-much-like-fdr-biden-faces-a-tough-choice-do-more-to-stop-a-vicious-dictator-now-or-pay-the-price-later-.html
=== エラー内容 ===
type:<class 'newspaper.article.ArticleException'>
args:('Article `download()` failed with 404 Client Error: Not Found for url: https://www.cnbc.com/2022/04/24/top-wall-street-analysts-say-buy-alphabet-and-carvana.html on URL https://www.cnbc.com/2022/04/24/top-wall-street-analysts-say-buy-alphabet-and-carvana.html',)
e自身:Article `download()` failed with 404 Client Error: Not Found for url: https://www.cnbc.com/2022/04/24/top-wall-street-analysts-say-buy-alphabet-and-carvana.html on URL https://www.cnbc.com/2022/04/24/top-wall-street-analysts-say-buy-alphabet-and-carvana.html
=== エラー内容 ===
type:<class 'newspaper.article.ArticleException'>
args:('Article `download()` failed with 404 Client Error: Not Found for url: https://www.cnbc.com/select/average-401k-balance-of-americans-in-50s-and-60s/ on URL https://www.cnbc.com/select/average-401k-balance-of-americans-in-50s-and-60s/',)
e自身:Article `download()` failed with 404 Client Error: Not Found for url: https://www.cnbc.com/select/average-401k-balance-of-americans-in-50s-and-60s/ on URL https://www.cnbc.com/select/average-401k-balance-of-americans-in-50s-and-60s/
=== エラー内容 ===
type:<class 'newspaper.article.ArticleException'>
args:('Article `download()` failed with 404 Client Error: Not Found for url: https://www.cnbc.com/2022/04/24/frances-macron-anger-of-le-pen-voters-must-be-addressed.html on URL https://www.cnbc.com/2022/04/24/frances-macron-anger-of-le-pen-voters-must-be-addressed.html',)
e自身:Article `download()` failed with 404 Client Error: Not Found for url: https://www.cnbc.com/2022/04/24/frances-macron-anger-of-le-pen-voters-must-be-addressed.html on URL https://www.cnbc.com/2022/04/24/frances-macron-anger-of-le-pen-voters-must-be-addressed.html
=== エラー内容 ===
type:<class 'newspaper.article.ArticleException'>
args:('Article `download()` failed with 404 Client Error: Not Found for url: https://www.cnbc.com/2022/04/24/twitter-is-reportedly-taking-another-look-at-musk-takeover-bid.html on URL https://www.cnbc.com/2022/04/24/twitter-is-reportedly-taking-another-look-at-musk-takeover-bid.html',)
e自身:Article `download()` failed with 404 Client Error: Not Found for url: https://www.cnbc.com/2022/04/24/twitter-is-reportedly-taking-another-look-at-musk-takeover-bid.html on URL https://www.cnbc.com/2022/04/24/twitter-is-reportedly-taking-another-look-at-musk-takeover-bid.html
=== エラー内容 ===
type:<class 'newspaper.article.ArticleException'>
args:("Article `download()` failed with HTTPSConnectionPool(host='www.foxbusiness.com', port=443): Read timed out. (read timeout=7) on URL https://www.foxbusiness.com/personal-finance/where-to-get-personal-loan",)
e自身:Article `download()` failed with HTTPSConnectionPool(host='www.foxbusiness.com', port=443): Read timed out. (read timeout=7) on URL https://www.foxbusiness.com/personal-finance/where-to-get-personal-loan
=== エラー内容 ===
type:<class 'newspaper.article.ArticleException'>
args:("Article `download()` failed with HTTPSConnectionPool(host='www.foxbusiness.com', port=443): Read timed out. (read timeout=7) on URL https://www.foxbusiness.com/markets/apple-supplier-foxconn-suspends-production-at-two-china-factories-scmp-reports",)
e自身:Article `download()` failed with HTTPSConnectionPool(host='www.foxbusiness.com', port=443): Read timed out. (read timeout=7) on URL https://www.foxbusiness.com/markets/apple-supplier-foxconn-suspends-production-at-two-china-factories-scmp-reports
=== エラー内容 ===
type:<class 'newspaper.article.ArticleException'>
args:("Article `download()` failed with HTTPSConnectionPool(host='www.foxbusiness.com', port=443): Read timed out. (read timeout=7) on URL https://www.foxbusiness.com/markets/apple-supplier-foxconn-suspends-production-at-two-china-factories-scmp-reports",)
e自身:Article `download()` failed with HTTPSConnectionPool(host='www.foxbusiness.com', port=443): Read timed out. (read timeout=7) on URL https://www.foxbusiness.com/markets/apple-supplier-foxconn-suspends-production-at-two-china-factories-scmp-reports
=== エラー内容 ===
type:<class 'newspaper.article.ArticleException'>
args:("Article `download()` failed with HTTPSConnectionPool(host='www.foxbusiness.com', port=443): Read timed out. (read timeout=7) on URL https://www.foxbusiness.com/lifestyle/best-buy-insignia-air-fryer-recall",)
e自身:Article `download()` failed with HTTPSConnectionPool(host='www.foxbusiness.com', port=443): Read timed out. (read timeout=7) on URL https://www.foxbusiness.com/lifestyle/best-buy-insignia-air-fryer-recall
=== エラー内容 ===
type:<class 'IndexError'>
args:('list index out of range',)
e自身:list index out of range
タイトル:Is Roku Stock a Buy Ahead of Earnings?
Netflix Makes Too Many Bad Shows (Quantity is Not Better Than Quality)
Netflix Stock Plummets After Its First Net Subscribers Loss In 10 Years, Grim Growth Outlook
3 Short Squeeze Potential Stocks To Keep An Eye On
Legendary Las Vegas Casino Is Close to a Grand Return
Jack Dorsey Follows Elon Musk in Dropping CEO Title (For Something Ridiculous)
New Move Continues North Las Vegas Strip Casino Resurgence
WWE Stock: WrestleMania Bigger Than the Super Bowl (Sort Of)
Is Elon Musk a Fan of Marijuana?
I'm Taking a Flyer on a Small-Cap Stock, as the Market Gives It the Bird - RealMoney
Spruce up Your Home Office With These Plant Stands
Cramer's Mad Money Recap 412: Tesla, Nucor, Boeing
Tilray Stock: 3 Catalysts We're Waiting For
Elon Musk's Las Vegas Strip Dream Inches Closer
Compulsive Crypto Addicts Turn to Crypto Rehab

日本語タイトル:['Roku株は決算を前にして買いか？', 'Netflixは駄作を作りすぎ（量より質ではない）', 'Netflixの株価は、10年ぶりの加入者数減少と厳しい成長見通しで急落。', '3つのショートスクイーズ可能な銘柄から目が離せない', '伝説のラスベガスカジノ、グランドリターンに迫る', 'ジャック・ドーシー、イーロン・マスクに続きCEOの肩書きを捨てる（バカバカしいことのために）', '新しい動きは、北ラスベガスストリップのカジノ復活を継続する', 'WWE株。スーパーボウルより大きいレッスルマニア（のようなもの）', 'イーロン・マスクは大麻のファンか？', '某小型株は、市場が「鳥」にしたように、私は「鳥」に乗っている - RealMoney', '日本経済新聞に掲載されました。', 'クレイマーズ・マッド・マネー412回目。テスラ、Nucor、ボーイング', 'Tilray株：私たちが待っている3つのカタリスト', 'イーロン・マスクのラスベガス・ストリップ・ドリームが近づいている']
=== エラー内容 ===
type:<class 'newspaper.article.ArticleException'>
args:("Article `download()` failed with HTTPSConnectionPool(host='www.foxbusiness.com', port=443): Read timed out. (read timeout=7) on URL https://www.foxbusiness.com/markets/apple-supplier-foxconn-suspends-production-at-two-china-factories-scmp-reports",)
e自身:Article `download()` failed with HTTPSConnectionPool(host='www.foxbusiness.com', port=443): Read timed out. (read timeout=7) on URL https://www.foxbusiness.com/markets/apple-supplier-foxconn-suspends-production-at-two-china-factories-scmp-reports
=== エラー内容 ===
type:<class 'newspaper.article.ArticleException'>
args:("Article `download()` failed with HTTPSConnectionPool(host='www.foxbusiness.com', port=443): Read timed out. (read timeout=7) on URL https://www.foxbusiness.com/lifestyle/best-buy-insignia-air-fryer-recall",)
e自身:Article `download()` failed with HTTPSConnectionPool(host='www.foxbusiness.com', port=443): Read timed out. (read timeout=7) on URL https://www.foxbusiness.com/lifestyle/best-buy-insignia-air-fryer-recall
=== エラー内容 ===
type:<class 'newspaper.article.ArticleException'>
args:("Article `download()` failed with HTTPSConnectionPool(host='www.foxbusiness.com', port=443): Read timed out. (read timeout=7) on URL https://www.foxbusiness.com/retail/florida-woman-says-dollar-general-fired-her-over-viral-tiktok-videos",)
e自身:Article `download()` failed with HTTPSConnectionPool(host='www.foxbusiness.com', port=443): Read timed out. (read timeout=7) on URL https://www.foxbusiness.com/retail/florida-woman-says-dollar-general-fired-her-over-viral-tiktok-videos
=== エラー内容 ===
type:<class 'newspaper.article.ArticleException'>
args:("Article `download()` failed with HTTPSConnectionPool(host='www.foxbusiness.com', port=443): Read timed out. (read timeout=7) on URL https://www.foxbusiness.com/markets/apple-supplier-foxconn-suspends-production-at-two-china-factories-scmp-reports",)
e自身:Article `download()` failed with HTTPSConnectionPool(host='www.foxbusiness.com', port=443): Read timed out. (read timeout=7) on URL https://www.foxbusiness.com/markets/apple-supplier-foxconn-suspends-production-at-two-china-factories-scmp-reports
=== エラー内容 ===
type:<class 'newspaper.article.ArticleException'>
args:("Article `download()` failed with HTTPSConnectionPool(host='www.foxbusiness.com', port=443): Read timed out. (read timeout=7) on URL https://www.foxbusiness.com/markets/us-stocks-trending-lower-as-busiest-week-of-1q-earnings-approaches",)
e自身:Article `download()` failed with HTTPSConnectionPool(host='www.foxbusiness.com', port=443): Read timed out. (read timeout=7) on URL https://www.foxbusiness.com/markets/us-stocks-trending-lower-as-busiest-week-of-1q-earnings-approaches
=== エラー内容 ===
type:<class 'newspaper.article.ArticleException'>
args:("Article `download()` failed with HTTPSConnectionPool(host='www.foxbusiness.com', port=443): Read timed out. (read timeout=7) on URL https://www.foxbusiness.com/markets/apple-supplier-foxconn-suspends-production-at-two-china-factories-scmp-reports",)
e自身:Article `download()` failed with HTTPSConnectionPool(host='www.foxbusiness.com', port=443): Read timed out. (read timeout=7) on URL https://www.foxbusiness.com/markets/apple-supplier-foxconn-suspends-production-at-two-china-factories-scmp-reports
=== エラー内容 ===
type:<class 'newspaper.article.ArticleException'>
args:("Article `download()` failed with HTTPSConnectionPool(host='www.foxbusiness.com', port=443): Read timed out. (read timeout=7) on URL https://www.foxbusiness.com/markets/apple-supplier-foxconn-suspends-production-at-two-china-factories-scmp-reports",)
e自身:Article `download()` failed with HTTPSConnectionPool(host='www.foxbusiness.com', port=443): Read timed out. (read timeout=7) on URL https://www.foxbusiness.com/markets/apple-supplier-foxconn-suspends-production-at-two-china-factories-scmp-reports
=== エラー内容 ===
type:<class 'newspaper.article.ArticleException'>
args:("Article `download()` failed with HTTPSConnectionPool(host='www.foxbusiness.com', port=443): Read timed out. (read timeout=7) on URL https://www.foxbusiness.com/markets/apple-supplier-foxconn-suspends-production-at-two-china-factories-scmp-reports",)
e自身:Article `download()` failed with HTTPSConnectionPool(host='www.foxbusiness.com', port=443): Read timed out. (read timeout=7) on URL https://www.foxbusiness.com/markets/apple-supplier-foxconn-suspends-production-at-two-china-factories-scmp-reports
=== エラー内容 ===
type:<class 'IndexError'>
args:('list index out of range',)
e自身:list index out of range
タイトル:Positive momentum builds in European markets as global sell-off goes into reverse
Twitter accepts Elon Musk's buyout deal
Greater Chinese markets lead losses with Shenzhen stocks falling 6%; oil slides 3%
Dow stages big reversal Monday, closing up by more than 200 points
What is the metaverse and why are billions of dollars being spent on it?
Investment banks slash expectations for China's economic outlook — one sees GDP growth of less than 4%
The threat of nuclear war is real, top Russian official says; U.S. wants to see Moscow 'weakened'.
GM says it will produce electric Chevrolet Corvettes
Netflix shares crater 25% after company reports it lost subscribers for the first time in more than 10 years
Europe stocks close sharply lower as China Covid concerns overshadow Macron reelection
Stocks making the biggest moves midday: Twitter, AMD, Deere, Verizon and more
Cramer's lightning round: I'm sticking with Bausch Health
Coca-Cola earnings beat Wall Street estimates as revenue jumps 16%
Some of tech's biggest names want a future without passwords — here's what that would look like
Jim Cramer says these two airline stocks are the most profitable

日本語タイトル:['']
=== エラー内容 ===
type:<class 'IndexError'>
args:('list index out of range',)
e自身:list index out of range
タイトル:Can You Get a Risk-Free Return Near 10%? - The Motley Fool
Why Netflix Stock Was Falling Again Today - The Motley Fool
3 Stocks to Avoid This Week - The Motley Fool
Cathay General Bancorp (CATY) Q1 2022 Earnings Call Transcript - The Motley Fool
Simpson Manufacturing (SSD) Q1 2022 Earnings Call Transcript - The Motley Fool
1 Monster Growth Stock Down 80% to Buy Now - The Motley Fool
Curiosity Stream Tanked my Portfolio -- Here's Why It's Still a Buy - The Motley Fool
Why Upstart Stock Was Rallying Nearly 5% Higher Today - The Motley Fool
Wall Street Mounts a Monday Recovery - The Motley Fool
This Office REIT Is Betting Big on Manhattan's Recovery - The Motley Fool
SoftBank Slows Down its Tech Investments - The Motley Fool
Is Netflix Just Getting Back to Normal as the COVID Boost Fades Out? - The Motley Fool
Why Nvidia Stock Dropped on Monday - The Motley Fool
Polkadot Plunges 5% Today Despite Big Catalyst - The Motley Fool
Why I'm Not Selling Progressive Even After Its Net Income Plunged - The Motley Fool

日本語タイトル:['']
=== エラー内容 ===
type:<class 'newspaper.article.ArticleException'>
args:("Article `download()` failed with HTTPSConnectionPool(host='www.foxbusiness.com', port=443): Read timed out. (read timeout=7) on URL https://www.foxbusiness.com/markets/apple-supplier-foxconn-suspends-production-at-two-china-factories-scmp-reports",)
e自身:Article `download()` failed with HTTPSConnectionPool(host='www.foxbusiness.com', port=443): Read timed out. (read timeout=7) on URL https://www.foxbusiness.com/markets/apple-supplier-foxconn-suspends-production-at-two-china-factories-scmp-reports
=== エラー内容 ===
type:<class 'newspaper.article.ArticleException'>
args:("Article `download()` failed with HTTPSConnectionPool(host='www.foxbusiness.com', port=443): Read timed out. (read timeout=7) on URL https://www.foxbusiness.com/markets/apple-supplier-foxconn-suspends-production-at-two-china-factories-scmp-reports",)
e自身:Article `download()` failed with HTTPSConnectionPool(host='www.foxbusiness.com', port=443): Read timed out. (read timeout=7) on URL https://www.foxbusiness.com/markets/apple-supplier-foxconn-suspends-production-at-two-china-factories-scmp-reports
=== エラー内容 ===
type:<class 'IndexError'>
args:('list index out of range',)
e自身:list index out of range
タイトル:Need An Alternative to Twitter And Elon Musk? Check These Out
Is Roku Stock a Buy Ahead of Earnings?
Microsoft Isn't Finished Buying Game Companies
Netflix Stock Plummets After Its First Net Subscribers Loss In 10 Years, Grim Growth Outlook
'Big Short' Guru Michael Burry Hints at Imminent Market Crash in Last Tweet
Is Corsair Stock Still A Buy After Poor Q1 Preliminary Results?
Costco and Target Have a Huge Edge Over Walmart (It's Not Price)
Taco Bell Adds New Menu Items, Challenges Wendy's, McDonald's
Coca-Cola Stock Hits Record High After Topping Q1 Earnings Forecast Amid 'Dynamic and Uncertain' Global Markets
Fast-Food Icon White Castle Does Something Completely New
3 Short Squeeze Potential Stocks To Keep An Eye On
Cramer's Mad Money Recap 425: Twitter, Coca-Cola, Whirlpool
General Electric Stock Gains On Q1 Earnings Beat; Confirms 2022 Profit Guidance
Alphabet Faces a Key Technical Test As It Reports Earnings
Stocks Edge Lower Into Earnings Rush, Twitter, HSBC, Microsoft, Google In Focus - 5 Things You Must Know

日本語タイトル:['Twitterとイーロン・マスクに代わるものが必要ですか？これらをチェックアウト', 'を購入することです。', 'マイクロソフトはゲーム会社の買収を終えていない', 'Netflixの株価は、10年ぶりの純加入者数減少と厳しい成長見通しで急落。', 'ビッグ・ショート」の第一人者マイケル・バリー氏、最後のツイートで市場暴落の危機をほのめかす', 'Corsairの第1四半期決算は、まだ買いなのだろうか？', 'コストコとターゲットはウォルマートに対して大きな優位性を持っている（それは価格ではない）', 'タコベルが新メニューを追加し、ウェンディーズ、マクドナルドに挑む', 'コカ・コーラの株価は、「ダイナミックで不確実な」世界市場の中で、第1四半期の業績予想を上回り、過去最高を記録した。', 'ファストフードのアイコンであるホワイトキャッスルが全く新しいことをする', '3つのショートスクイーズ可能な銘柄から目が離せない', 'クレイマーズ・マッド・マネー425：ツイッター、コカ・コーラ、ワールプール', '日本経済新聞社、日本経済新聞社、日本経済新聞社、日本経済新聞社、日本経済新聞社、日本経済新聞社、日本経済新聞社、日本経済新聞社、日本経済新聞社、日本経済新聞出版社']
=== エラー内容 ===
type:<class 'IndexError'>
args:('list index out of range',)
e自身:list index out of range
タイトル:Need An Alternative to Twitter And Elon Musk? Check These Out
Is Roku Stock a Buy Ahead of Earnings?
Microsoft Isn't Finished Buying Game Companies
Netflix Stock Plummets After Its First Net Subscribers Loss In 10 Years, Grim Growth Outlook
'Big Short' Guru Michael Burry Hints at Imminent Market Crash in Last Tweet
Is Corsair Stock Still A Buy After Poor Q1 Preliminary Results?
Costco and Target Have a Huge Edge Over Walmart (It's Not Price)
Taco Bell Adds New Menu Items, Challenges Wendy's, McDonald's
Coca-Cola Stock Hits Record High After Topping Q1 Earnings Forecast Amid 'Dynamic and Uncertain' Global Markets
Fast-Food Icon White Castle Does Something Completely New
3 Short Squeeze Potential Stocks To Keep An Eye On
General Electric Stock Tumbles After Q1 Earnings Beat; Confirms Lower End Of 2022 Profit Guidance
Cramer's Mad Money Recap 425: Twitter, Coca-Cola, Whirlpool
Alphabet Faces a Key Technical Test As It Reports Earnings
Stocks Edge Lower Into Earnings Rush, Twitter, HSBC, Microsoft, Google In Focus - 5 Things You Must Know

日本語タイトル:['Twitterとイーロン・マスクに代わるものが必要ですか？これらをチェックアウト', 'を購入することです。', 'マイクロソフトはゲーム会社の買収を終えていない', 'Netflixの株価は、10年ぶりの純加入者数減少と厳しい成長見通しで急落。', 'ビッグ・ショート」の第一人者マイケル・バリー氏、最後のツイートで市場暴落の危機をほのめかす', 'Corsairの第1四半期決算は、まだ買いなのだろうか？', 'コストコとターゲットはウォルマートに対して大きな優位性を持っている（それは価格ではない）', 'タコベルが新メニューを追加し、ウェンディーズ、マクドナルドに挑む', 'コカ・コーラの株価は、「ダイナミックで不確実な」世界市場の中で、第1四半期の業績予想を上回り、過去最高を記録した。', 'ファストフードのアイコンであるホワイトキャッスルが全く新しいことをする', '3つのショートスクイーズ可能な銘柄に注目すべき', 'このような状況下において、「震災」「原発」「原発事故」「原発事故」「原発事故」「原発事故」「原発事故」「原発事故」「原発事故」「原発事故」「原発事故」「原発事故」。', 'クレイマーズ・マッド・マネー425：ツイッター、コカ・コーラ、ワールプール', 'このような場合、「忖度」（そんたく）という言葉が使われます。']
=== エラー内容 ===
type:<class 'IndexError'>
args:('list index out of range',)
e自身:list index out of range
タイトル:Tesla Stock Slides as Traders Discount Elon Musk's Potential $43 Billion Twitter Takeover
GameStop Stock: Ryan Cohen's Clever Plan To Limit Shareholder Dilution
Fidelity Brings Bitcoin to Retirement Savings
Ford Has the Perfect EV Car to Conquer The Middle Class
Stock Market Today - 426: Dow Tumbles 800 Points On Fed, China Risk With Big Tech Earnings In Focus
General Electric Stock Tumbles After Q1 Earnings Beat; Confirms Lower End Of 2022 Profit Guidance
Netflix Stock Plummets After Its First Net Subscribers Loss In 10 Years, Grim Growth Outlook
Cash is No Longer Trash; See the Banks With High Rates
Google Signals Bad Omen Ahead for Facebook
Fast-Food Icon White Castle Does Something Completely New
Is Roku Stock a Buy Ahead of Earnings?
Hold AMZN? Why One Analyst Is Neutral on the E-commerce Titan’s Stock
Cramer's Mad Money Recap 425: Twitter, Coca-Cola, Whirlpool
Meta Earnings: Brace Yourself for Another Blow
Is Corsair Stock Still A Buy After Poor Q1 Preliminary Results?

日本語タイトル:['イーロン・マスクの430億ドルのTwitter買収の可能性をトレーダーが割り引くと、Teslaの株価はスライドする', 'GameStopの株価。ライアン・コーエンの株主希薄化抑制のための巧妙な計画', 'フィデリティ、退職金積立にビットコインを導入', 'フォードはミドルクラスを征服するために完璧なEV車を持っている', '今日の株式市場 - 426: ダウはFRBと中国リスクで800ポイント急落、大型ハイテク企業の決算に注目', '米国では、「日本が世界一の経済大国である」と言われるようになりました。', 'Netflixは10年ぶりの加入者数減少と厳しい成長見通しで株価急落', '現金はもはやゴミではない、高金利の銀行を見る', 'Google、Facebookに悪い兆し', 'ホワイトキャッスル、新しいことを始める', 'Rokuは買いか？', 'AMZNを保有する？このような場合、「忖度」（そんたく）という言葉を使うことがあります。', "Cramer's Mad Money Recap 425: Twitter, Coca-Cola, Whirlpool.", 'Metaの収益。を "萌え "ます。']
=== エラー内容 ===
type:<class 'newspaper.article.ArticleException'>
args:("Article `download()` failed with HTTPSConnectionPool(host='www.foxbusiness.com', port=443): Read timed out. (read timeout=7) on URL https://www.foxbusiness.com/lifestyle/netflix-subscriber-losses-streaming-cancellations",)
e自身:Article `download()` failed with HTTPSConnectionPool(host='www.foxbusiness.com', port=443): Read timed out. (read timeout=7) on URL https://www.foxbusiness.com/lifestyle/netflix-subscriber-losses-streaming-cancellations
=== エラー内容 ===
type:<class 'newspaper.article.ArticleException'>
args:("Article `download()` failed with HTTPSConnectionPool(host='www.foxbusiness.com', port=443): Read timed out. (read timeout=7) on URL https://www.foxbusiness.com/retail/florida-woman-says-dollar-general-fired-her-over-viral-tiktok-videos",)
e自身:Article `download()` failed with HTTPSConnectionPool(host='www.foxbusiness.com', port=443): Read timed out. (read timeout=7) on URL https://www.foxbusiness.com/retail/florida-woman-says-dollar-general-fired-her-over-viral-tiktok-videos
=== エラー内容 ===
type:<class 'IndexError'>
args:('list index out of range',)
e自身:list index out of range
タイトル:Visa allays slowdown fears as strong consumer spending lifts quarter
UK judge dismisses Qatar claim over A321neo jet contract
Forvia drives cautiously into 2022 as China, Ukraine cloud auto outlook
Nasdaq loses nearly 4%, hits fresh low for 2022
European markets close lower as tech and bank stocks slide; HSBC down 5%
Vice President Kamala Harris tests positive for Covid, is not exhibiting symptoms
Tesla Stock Slides as Traders Discount Elon Musk's Potential $43 Billion Twitter Takeover
GameStop Stock: Ryan Cohen's Clever Plan To Limit Shareholder Dilution
Fidelity Brings Bitcoin to Retirement Savings
World in early stages of ‘very significant’ recession: Economist Nancy Lazar
Former Twitter CEO Jack Dorsey responds to Musk takeover: 'Elon is the singular solution I trust'
The great American 'paycut': Here are 5 things you're paying more for thanks to inflation
A majority of Americans have had coronavirus infections
Adjunct professors can work three jobs to make a living wage
Chicken tagine with olives and preserved lemon is a meal to savor
Meet 4 People Who Went From Homeless to Jobs in Tech
Now That Elon Musk Has Bought Twitter, He Can Go Back to Attacking Pete Buttigieg
UK: 'Completely legitimate' for Ukraine to attack Russia territory
The most revealing picture of how Trump's inner circle and supporters worked behind the scenes to try to overturn the election results
Biden will commute or pardon sentences of 78 non-violent people. Here are a few to know
Vice President Kamala Harris tests positive for Covid
Susan Collins: Elon Musk Should Let Donald Trump Back On Twitter
Musk Owns Twitter. What Could Go Wrong?
Senator Brian Schatz Presses Merrick Garland On Clemency For Leonard Peltier
Forever 21 Parent Authentic Brands Sues Bolt Startup
Russia-Ukraine Latest News: April 26, 2022
Crypto's Simp DAOs Push Identity, Gender Boundaries
JetBlue Airways (JBLU) Q1 2022 Earnings Call Transcript - The Motley Fool
Why AMD Stock Dropped Today - The Motley Fool
Five Star Bancorp (FSBC) Q1 2022 Earnings Call Transcript - The Motley Fool

日本語タイトル:['ビザ、個人消費の好調で景気減速懸念を払拭', '英国判事、A321neoジェット機契約に関するカタールの訴えを棄却', 'フォルビア、2022年に向け慎重な姿勢 中国、ウクライナの自動車見通しに陰り', 'ナスダックは4％近く下落し、2022年の最安値を更新', '欧州市場、ハイテクと銀行株の下落で引け HSBCは5％下落', 'カマラ・ハリス副大統領、コビド検査で陽性反応、症状は出ていない', 'イーロン・マスク氏による430億ドルのTwitter買収の可能性をトレーダーがディスカウントし、Teslaの株価が下落', 'GameStopの株価。ライアン・コーエンの株主希薄化抑制のための巧妙な計画', 'フィデリティ、退職金積立にビットコインを導入', '世界は「非常に重大な」不況の初期段階にある。エコノミストNancy Lazar', 'Twitterの元CEO、ジャック・ドーシーがマスク買収に反論。イーロンは私が信頼する唯一の解決策」。', 'アメリカの偉大な「ペイカット」。インフレのおかげで支払いが増えているものを5つ紹介します。', 'アメリカ人の過半数がコロナウイルスに感染した経験あり', '非常勤講師は3つの仕事を掛け持ちして生活費を稼ぐことができる', 'チキンタジン、オリーブとプリザーブドレモン添えは、味わい深い食事です。', 'ホームレスから技術系の仕事に就いた4人に会う', 'イーロン・マスクがTwitterを買収した今、彼はピート・バティギーを攻撃するために戻ることができます。', '英国：ウクライナがロシア領土を攻撃するのは「完全に正当」だ', 'トランプ大統領の側近や支持者が、選挙結果を覆そうと水面下でどのように動いたか、最も明らかになった写真', 'バイデンは78人の非暴力者の刑を減刑または恩赦する。以下は知っておくべきことです。', 'カマラ・ハリス副大統領、コビドに陽性反応', 'スーザン・コリンズ イーロン・マスクはTwitterでドナルド・トランプを復帰させるべき', 'マスクはTwitterを所有しています。何が間違っている可能性がありますか？', 'ブライアン・シャッツ上院議員、レナード・ペルティアの赦免についてメリック・ガーランドに圧力をかける', 'フォーエバー21の親会社オーセンティック・ブランズがボルト・スタートアップを提訴', 'ロシア・ウクライナ最新ニュース。2022年4月26日', 'CryptoのSimp DAOはアイデンティティとジェンダーの境界を押し広げる', 'ジェットブルー航空(JBLU) 2022年第1四半期決算電話会議録 - The Motley Fool', 'AMDの株価が今日下がった理由 - The Motley Fool']
=== エラー内容 ===
type:<class 'newspaper.article.ArticleException'>
args:("Article `download()` failed with HTTPSConnectionPool(host='www.bloomberg.com', port=443): Read timed out. (read timeout=7) on URL https://www.bloomberg.com/news/articles/2022-04-26/bonds-rise-stocks-struggle-amid-china-covid-worry-markets-wrap",)
e自身:Article `download()` failed with HTTPSConnectionPool(host='www.bloomberg.com', port=443): Read timed out. (read timeout=7) on URL https://www.bloomberg.com/news/articles/2022-04-26/bonds-rise-stocks-struggle-amid-china-covid-worry-markets-wrap
=== エラー内容 ===
type:<class 'newspaper.article.ArticleException'>
args:("Article `download()` failed with HTTPSConnectionPool(host='www.foxbusiness.com', port=443): Read timed out. (read timeout=7) on URL https://www.foxbusiness.com/politics/five-things-cost-more-inflation-biden-policies",)
e自身:Article `download()` failed with HTTPSConnectionPool(host='www.foxbusiness.com', port=443): Read timed out. (read timeout=7) on URL https://www.foxbusiness.com/politics/five-things-cost-more-inflation-biden-policies
=== エラー内容 ===
type:<class 'IndexError'>
args:('list index out of range',)
e自身:list index out of range
タイトル:World in early stages of ‘very significant’ recession: Economist Nancy Lazar
Twitter accepts Musk's $44 billion deal
The great American 'paycut': Here are 5 things you're paying more for thanks to inflation
Varney: It's a bad time to be woke
Stocks slammed as Dow tumbles 809 points, Nasdaq 3.9%
Manchin says he's not for reviving Biden's Build Back Better agenda
Netflix subscriber losses prompt animated project cancellations: Report
Buy now, pay later users dissatisfied, confused by service, survey says
Varney on COVID: This is China's nightmare, and it's hard to see a way out
Whirlpool says consumers’ appliance demand is waning, as costs mount

日本語タイトル:['']
=== エラー内容 ===
type:<class 'newspaper.article.ArticleException'>
args:("Article `download()` failed with HTTPSConnectionPool(host='www.foxbusiness.com', port=443): Read timed out. (read timeout=7) on URL https://www.foxbusiness.com/personal-finance/pay-mortgage-with-credit-card",)
e自身:Article `download()` failed with HTTPSConnectionPool(host='www.foxbusiness.com', port=443): Read timed out. (read timeout=7) on URL https://www.foxbusiness.com/personal-finance/pay-mortgage-with-credit-card
=== エラー内容 ===
type:<class 'IndexError'>
args:('list index out of range',)
e自身:list index out of range
タイトル:YouTube's huge miss shows digital media ad market is getting hit hard
Nasdaq loses nearly 4%, hits fresh low for 2022
Stocks making the biggest moves after hours: Alphabet, Robinhood, Meta and more
Robinhood cutting about 9% of full-time employees
Elon Musk will owe Twitter $1 billion if he can't secure financing
Vice President Kamala Harris tests positive for Covid, is not exhibiting symptoms
Tripled salaries, big bonuses, on-the-spot offers: Recruiters are going to extreme lengths to hire
3 things are pulling the market down, but only 1 needs to settle to find a bottom, Cramer says
Stocks making the biggest moves midday: General Electric, Warner Bros. Discovery, UPS, 3M and more
Mainland Chinese shares tumble amid Covid fears as Beijing expands testing; HSBC profit falls
GM says it will produce electric Chevrolet Corvettes
Some of tech's biggest names want a future without passwords — here's what that would look like
European markets close lower as tech and bank stocks slide; HSBC down 5%
Cramer's lightning round: Fluor is not a buy
Chipotle earnings beat estimates as customers paid more, helping offset surging costs

日本語タイトル:['YouTubeの大失敗は、デジタルメディア広告市場が大きな打撃を受けていることを示している', 'ナスダックは4％近く下落、2022年の年初来安値を更新', '時間外で最も大きく動いた銘柄。アルファベット、Robinhood、Metaなど', 'ロビンフッド、正社員の約9％を削減', 'イーロン・マスク氏、資金調達ができなければツイッターに10億ドルの借金をすることになる', 'カマラ・ハリス副大統領、コビド検査で陽性反応、症状は出ず', '給与の3倍、高額ボーナス、その場限りのオファー。採用担当者は、採用のために極端な努力をする。', '3つの要因が市場を引き下げているが、底を打つのに必要なのは1つだけだ、とクレーマーは言う。', '昼間に最も大きく動いた銘柄。ゼネラルエレクトリック、ワーナーブラザーズディスカバリー、UPS、3Mなど。', '中国本土株、北京の検査拡大でCovid懸念で暴落、HSBCは減益に', 'GM、シボレー・コルベットの電気自動車を生産すると発表', '技術界の大物たちがパスワードのない未来を望んでいる - その姿はこうだ', '欧州市場、ハイテクと銀行株の下落で引け HSBCは5％下落', 'クレイマーのライトニングラウンド。を、"global" と呼ぶことにします。']
=== エラー内容 ===
type:<class 'newspaper.article.ArticleException'>
args:("Article `download()` failed with HTTPSConnectionPool(host='www.foxbusiness.com', port=443): Read timed out. (read timeout=7) on URL https://www.foxbusiness.com/markets/elon-musk-buys-twitter",)
e自身:Article `download()` failed with HTTPSConnectionPool(host='www.foxbusiness.com', port=443): Read timed out. (read timeout=7) on URL https://www.foxbusiness.com/markets/elon-musk-buys-twitter
=== エラー内容 ===
type:<class 'newspaper.article.ArticleException'>
args:("Article `download()` failed with HTTPSConnectionPool(host='www.foxbusiness.com', port=443): Read timed out. (read timeout=7) on URL https://www.foxbusiness.com/politics/five-things-cost-more-inflation-biden-policies",)
e自身:Article `download()` failed with HTTPSConnectionPool(host='www.foxbusiness.com', port=443): Read timed out. (read timeout=7) on URL https://www.foxbusiness.com/politics/five-things-cost-more-inflation-biden-policies
=== エラー内容 ===
type:<class 'IndexError'>
args:('list index out of range',)
e自身:list index out of range
タイトル:European markets turn positive despite fears over gas supplies, growth; Deutsche Bank down 4%
Nasdaq loses nearly 4%, hits fresh low for 2022
Stocks making the biggest moves after hours: Alphabet, Robinhood, Meta and more
Robinhood cutting about 9% of full-time employees
Vice President Kamala Harris tests positive for Covid, is not exhibiting symptoms
Elon Musk will owe Twitter $1 billion if he can't secure financing
YouTube's huge miss shows digital media ad market is getting hit hard
PepsiCo raises revenue outlook as earnings beat estimates despite higher costs
Tripled salaries, big bonuses, on-the-spot offers: Recruiters are going to extreme lengths to hire
3 things are pulling the market down, but only 1 needs to settle to find a bottom, Cramer says
Dow futures rise about 300 points as market looks to rebound from Tuesday’s sharp losses
Stocks making the biggest moves midday: General Electric, Warner Bros. Discovery, UPS, 3M and more
Mainland Chinese shares tumble amid Covid fears as Beijing expands testing; HSBC profit falls
GM says it will produce electric Chevrolet Corvettes
Chipotle earnings beat estimates as customers paid more, helping offset surging costs

日本語タイトル:['ガス供給や成長への懸念も欧州市場はプラスに転じる、ドイツ銀行は4％下落', 'ナスダックは4％近く下落、2022年の年初来安値を更新', '時間外で最も大きく動いた銘柄。アルファベット、ロビンフッド、メタなど', 'ロビンフッド、正社員の約9％を削減', 'カマラ・ハリス副大統領、コビド検査で陽性反応、症状は出ていない', 'イーロン・マスク、資金調達ができなければTwitterに10億ドルの借金をすることになる', 'YouTubeの大失敗は、デジタルメディア広告市場が大きな打撃を受けていることを示している', 'ペプシコ、コスト増にもかかわらず業績が予想を上回り、収益見通しを上方修正', '3倍の給料、大きなボーナス、その場でのオファー。採用担当者は、採用のために極端な努力をするようになった。', '3つの要因が市場を引き下げているが、底を打つために必要なのは1つだけだ、とクレーマーは言う。', 'ダウ先物は約300ポイント上昇し、市場は火曜日の急落からの回復を期待する。', '昼間に最も大きく動いた銘柄。ゼネラルエレクトリック、ワーナーブラザーズディスカバリー、UPS、3Mなど。', '中国本土株、北京の検査拡大でCovid懸念で暴落、HSBCは減益', 'GM、シボレー・コルベットの電気自動車を生産すると発表']
=== エラー内容 ===
type:<class 'newspaper.article.ArticleException'>
args:("Article `download()` failed with HTTPSConnectionPool(host='www.bloomberg.com', port=443): Read timed out. (read timeout=7) on URL https://www.bloomberg.com/news/articles/2022-04-26/texas-instruments-offers-glum-outlook-renewing-slowdown-fears",)
e自身:Article `download()` failed with HTTPSConnectionPool(host='www.bloomberg.com', port=443): Read timed out. (read timeout=7) on URL https://www.bloomberg.com/news/articles/2022-04-26/texas-instruments-offers-glum-outlook-renewing-slowdown-fears
=== エラー内容 ===
type:<class 'newspaper.article.ArticleException'>
args:("Article `download()` failed with HTTPSConnectionPool(host='www.foxbusiness.com', port=443): Read timed out. (read timeout=7) on URL https://www.foxbusiness.com/politics/five-things-cost-more-inflation-biden-policies",)
e自身:Article `download()` failed with HTTPSConnectionPool(host='www.foxbusiness.com', port=443): Read timed out. (read timeout=7) on URL https://www.foxbusiness.com/politics/five-things-cost-more-inflation-biden-policies
=== エラー内容 ===
type:<class 'newspaper.article.ArticleException'>
args:("Article `download()` failed with HTTPSConnectionPool(host='www.foxbusiness.com', port=443): Read timed out. (read timeout=7) on URL https://www.foxbusiness.com/economy/homebuilders-calling-on-biden-administration-housing-recession-inflation-real-estate",)
e自身:Article `download()` failed with HTTPSConnectionPool(host='www.foxbusiness.com', port=443): Read timed out. (read timeout=7) on URL https://www.foxbusiness.com/economy/homebuilders-calling-on-biden-administration-housing-recession-inflation-real-estate
=== エラー内容 ===
type:<class 'IndexError'>
args:('list index out of range',)
e自身:list index out of range
タイトル:Dovish BoJ sends yen to 20-year low, MOF sends warning shot
Kazakhstan may punish Russian TV host over 'look at Ukraine' threat.com
TotalEnergies records $4.1 bln impairment over Arctic LNG 2 project.com
As Microsoft rallies, Activision Blizzard sinks to lowest price since deal news
Ford CEO Jim Farley says pricing has offset rising commodity costs, sees improvement in second quarter
Chinese stocks mixed as investors weigh hopes of infrastructure boost; dollar-yen weakens past 130
Boeing Stock Tumbles On Wider Q1 Loss, $1.5 Billion 777x Charges; Dreamliner Plan Submitted to FAA
Home Market Stumbles Again: Mortgage Applications Drop
Market Absorbs Meta, Other Earnings Reports With Eyes on Apple - RealMoney
Elon Musk seems to throw shade as Truth Social passes Twitter on App store
Looming 'housing recession' has builders appeal to Biden administration
Fuel charges, costs going to be a ‘big problem’ going forward, says Bob Nardelli
Analysis  Three out of every 1000 Americans alive in 2020 died of covid-19
Trump says he feared being pelted with 'very dangerous' fruit at rallies
A fight over coronavirus safety at journalists' gala event
Americans are spending nearly a third of their income on mortgages
Facebook Slowing Pace of Spending on New Projects Like the Metaverse
Mark Zuckerberg Says Employee Attrition Will Make Facebook Better
First on CNN: New York grand jury hearing evidence in DA's investigation into Trump Organization expires this week
Boeing 'probably shouldn't have taken' Trump-negotiated Air Force One deal, CEO says
Betty White's LA home goes on sale for over $10.5 million
Biden, Other World Leaders Pay Tribute To Madeleine Albright
Christians Aid Migrants Because Church Is Run By Satan, Marjorie Taylor Greene Says
Millions Ordered To Cut Water Use In Drought-Stricken California
U.S. Lawmakers Push Insurers to Stop Underwriting Fossil Fuels
Stock Market Today: Dow, S&P Live Updates for Apr. 27, 2022
How Much Does a Twitch Streamer Make? Amazon Weighs Changes
Will Tesla Live Up to Its Trillion Dollar Valuation? - The Motley Fool
Why Alphabet Stock Slumped on Wednesday - The Motley Fool
3 No-Brainer Stocks to Buy With $200 During the Market Sell-Off - The Motley Fool

日本語タイトル:['ハト派日銀が円相場20年ぶりの安値、財務省が警告射撃', 'カザフスタン、「ウクライナを見てみろ」脅迫でロシア人テレビ司会者を罰する可能性.com', 'トタルエナジーズ、北極圏LNG2プロジェクトで41億ドルの減損を記録.com', 'マイクロソフトが上昇する中、Activision Blizzardは取引ニュース以来の安値に沈む', 'フォードCEOのジム・ファーリーは、価格設定が商品コストの上昇を相殺し、第2四半期に改善が見られると述べた。', '中国株、インフラ強化への期待でまちまち、ドル円は130円台後半に下落', 'ボーイング、第1四半期の損失拡大、15億ドルの777x費用で株価下落、ドリームライナー計画がFAAに提出される', '住宅市場、再びつまずく。住宅ローン申請件数は減少', '市場はMetaやその他の決算報告を吸収し、Appleに注目 - RealMoney', 'イーロン・マスク、App StoreでTruth SocialがTwitterを追い抜き、陰口を叩く模様', '迫りくる「住宅不況」、バイデン政権にビルダーがアピール', '燃料費、コストは今後「大きな問題」になる、とボブ・ナーデリ氏', '分析 2020年に生きている1000人のアメリカ人のうち3人はコビド19で死亡している', 'トランプ氏は集会で「非常に危険な」果物を投げつけられることを恐れていたと語る', 'ジャーナリストのガライベントでコロナウィルスの安全性をめぐる争いが発生', 'アメリカ人は収入の3分の1近くを住宅ローンに費やしている', 'フェイスブック、メタバースなど新プロジェクトへの支出ペースが鈍化', 'マーク・ザッカーバーグ、従業員の減少がFacebookをより良くすると発言', 'CNNの記事です。トランプ組織への検察の捜査で証拠聴取のNY大陪審、今週で期限切れ', 'ボーイングはトランプが交渉したエアフォースワンの取引を「おそらく受けるべきではなかった」とCEOが発言', 'ベティ・ホワイトのLAの自宅、1,050万ドル超で売りに出される', 'バイデン氏ら世界の指導者、マドレーン・オルブライト氏に賛辞を送る', 'キリスト教が移民を援助するのは教会がサタンによって運営されているからだ、とマージョリー・テイラー・グリーン氏が語る。', 'カリフォルニアの干ばつで数百万人が水使用量削減を命じられる', '米議員、保険会社に化石燃料の引き受けを止めるよう要求', '今日の株式市場。2022年4月27日のダウ、S&Pライブアップデート', 'Twitchストリーマーはいくら稼いでいるのか？アマゾンは変化を重んじる', 'テスラはその兆円単位の評価に見合うか？- 日本経済新聞', '日本経済新聞に掲載されました。']
=== エラー内容 ===
type:<class 'newspaper.article.ArticleException'>
args:("Article `download()` failed with HTTPSConnectionPool(host='www.foxbusiness.com', port=443): Read timed out. (read timeout=7) on URL https://www.foxbusiness.com/economy/world-in-early-stages-of-very-significant-recession-economist-nancy-lazar",)
e自身:Article `download()` failed with HTTPSConnectionPool(host='www.foxbusiness.com', port=443): Read timed out. (read timeout=7) on URL https://www.foxbusiness.com/economy/world-in-early-stages-of-very-significant-recession-economist-nancy-lazar
=== エラー内容 ===
type:<class 'IndexError'>
args:('list index out of range',)
e自身:list index out of range
タイトル:Dollar index marches to 20-year highs as rivals crumble
Bunge lifts 2022 earnings outlook as Ukraine war crimps crop supplies.com
Kazakhstan may punish Russian TV host over 'look at Ukraine' threat.com
Nasdaq futures rise 1% as market attempts comeback from April sell-off; Meta shares soar
As Microsoft rallies, Activision Blizzard sinks to lowest price since deal news
Ford CEO Jim Farley says pricing has offset rising commodity costs, sees improvement in second quarter
Boeing Stock Tumbles On Wider Q1 Loss, $1.5 Billion 777x Charges; Dreamliner Plan Submitted to FAA
Twitch Users Furious at Amazon's Proposed Changes
Nike Pulls Out Its First Weapon to Dominate the Metaverse
Elon Musk seems to throw shade as Truth Social passes Twitter on App store
Disney special district says 'we don't know where we are going' after DeSantis signs law
Stocks rise as Facebook, McDonald’s earnings drive sentiment
Analysis  Three out of every 1000 Americans alive in 2020 died of covid-19
Fauci says US is out of coronavirus 'pandemic phase'
Moderna seeks authorization of coronavirus vaccine for youngest children
Americans are spending nearly a third of their income on mortgages
Facebook Slowing Pace of Spending on New Projects Like the Metaverse
Mark Zuckerberg Says Employee Attrition Will Make Facebook Better
First on CNN: New York grand jury hearing evidence in DA's investigation into Trump Organization expires this week
The US is in 'transition phase' of pandemic, Fauci says
Boeing 'probably shouldn't have taken' Trump-negotiated Air Force One deal, CEO says
Biden, Other World Leaders Pay Tribute To Madeleine Albright
Millions Ordered To Cut Water Use In Drought-Stricken California
The Big Stakes — And Big Paradox — Of The New School Prayer Case
EU Advice on Russian Gas Too Ambiguous, Say Some Nations
U.S. Lawmakers Push Insurers to Stop Underwriting Fossil Fuels
Commodity Giant Glencore Says Trading Business Is Booming
Ready to Get Rich in the Stock Market? 3 Investments You Can't Go Wrong With - The Motley Fool
4 Stocks That Could Turn $10,000 Into $200,000 by 2040 - The Motley Fool
Why Alphabet Stock Slumped on Wednesday - The Motley Fool

日本語タイトル:['']
=== エラー内容 ===
type:<class 'newspaper.article.ArticleException'>
args:("Article `download()` failed with HTTPSConnectionPool(host='www.foxbusiness.com', port=443): Read timed out. (read timeout=7) on URL https://www.foxbusiness.com/economy/homebuilders-calling-on-biden-administration-housing-recession-inflation-real-estate",)
e自身:Article `download()` failed with HTTPSConnectionPool(host='www.foxbusiness.com', port=443): Read timed out. (read timeout=7) on URL https://www.foxbusiness.com/economy/homebuilders-calling-on-biden-administration-housing-recession-inflation-real-estate
=== エラー内容 ===
type:<class 'newspaper.article.ArticleException'>
args:("Article `download()` failed with HTTPSConnectionPool(host='www.foxbusiness.com', port=443): Read timed out. (read timeout=7) on URL https://www.foxbusiness.com/energy/fuel-charges-costs-going-to-be-a-big-problem-going-forward-says-bob-nardelli",)
e自身:Article `download()` failed with HTTPSConnectionPool(host='www.foxbusiness.com', port=443): Read timed out. (read timeout=7) on URL https://www.foxbusiness.com/energy/fuel-charges-costs-going-to-be-a-big-problem-going-forward-says-bob-nardelli
=== エラー内容 ===
type:<class 'newspaper.article.ArticleException'>
args:("Article `download()` failed with HTTPSConnectionPool(host='www.reuters.com', port=443): Read timed out. (read timeout=7) on URL https://www.reuters.com/world/europe/energy-prices-bump-german-inflation-four-decade-high-2022-04-28/",)
e自身:Article `download()` failed with HTTPSConnectionPool(host='www.reuters.com', port=443): Read timed out. (read timeout=7) on URL https://www.reuters.com/world/europe/energy-prices-bump-german-inflation-four-decade-high-2022-04-28/
=== エラー内容 ===
type:<class 'newspaper.article.ArticleException'>
args:("Article `download()` failed with HTTPSConnectionPool(host='www.foxbusiness.com', port=443): Read timed out. (read timeout=7) on URL https://www.foxbusiness.com/lifestyle/mcdonalds-benefits-from-price-hikes",)
e自身:Article `download()` failed with HTTPSConnectionPool(host='www.foxbusiness.com', port=443): Read timed out. (read timeout=7) on URL https://www.foxbusiness.com/lifestyle/mcdonalds-benefits-from-price-hikes
=== エラー内容 ===
type:<class 'newspaper.article.ArticleException'>
args:("Article `download()` failed with HTTPSConnectionPool(host='www.foxbusiness.com', port=443): Read timed out. (read timeout=7) on URL https://www.foxbusiness.com/entertainment/schitts-creek-netflix-hulu-disney-streamer-rights",)
e自身:Article `download()` failed with HTTPSConnectionPool(host='www.foxbusiness.com', port=443): Read timed out. (read timeout=7) on URL https://www.foxbusiness.com/entertainment/schitts-creek-netflix-hulu-disney-streamer-rights
=== エラー内容 ===
type:<class 'newspaper.article.ArticleException'>
args:("Article `download()` failed with HTTPSConnectionPool(host='www.foxbusiness.com', port=443): Read timed out. (read timeout=7) on URL https://www.foxbusiness.com/politics/fcc-commissioner-shoots-down-absurd-claim-that-the-federal-government-can-block-musks-twitter-purchase",)
e自身:Article `download()` failed with HTTPSConnectionPool(host='www.foxbusiness.com', port=443): Read timed out. (read timeout=7) on URL https://www.foxbusiness.com/politics/fcc-commissioner-shoots-down-absurd-claim-that-the-federal-government-can-block-musks-twitter-purchase
=== エラー内容 ===
type:<class 'newspaper.article.ArticleException'>
args:("Article `download()` failed with HTTPSConnectionPool(host='www.bloomberg.com', port=443): Read timed out. (read timeout=7) on URL https://www.bloomberg.com/news/articles/2022-04-28/netflix-fires-employees-in-restructuring-of-marketing-effort",)
e自身:Article `download()` failed with HTTPSConnectionPool(host='www.bloomberg.com', port=443): Read timed out. (read timeout=7) on URL https://www.bloomberg.com/news/articles/2022-04-28/netflix-fires-employees-in-restructuring-of-marketing-effort
=== エラー内容 ===
type:<class 'newspaper.article.ArticleException'>
args:("Article `download()` failed with HTTPSConnectionPool(host='www.bloomberg.com', port=443): Read timed out. (read timeout=7) on URL https://www.bloomberg.com/news/articles/2022-04-28/netflix-fires-employees-in-restructuring-of-marketing-effort",)
e自身:Article `download()` failed with HTTPSConnectionPool(host='www.bloomberg.com', port=443): Read timed out. (read timeout=7) on URL https://www.bloomberg.com/news/articles/2022-04-28/netflix-fires-employees-in-restructuring-of-marketing-effort
=== エラー内容 ===
type:<class 'newspaper.article.ArticleException'>
args:("Article `download()` failed with HTTPSConnectionPool(host='www.foxbusiness.com', port=443): Read timed out. (read timeout=7) on URL https://www.foxbusiness.com/lifestyle/general-motors-ford-donate-trucks-ukraine",)
e自身:Article `download()` failed with HTTPSConnectionPool(host='www.foxbusiness.com', port=443): Read timed out. (read timeout=7) on URL https://www.foxbusiness.com/lifestyle/general-motors-ford-donate-trucks-ukraine
=== エラー内容 ===
type:<class 'newspaper.article.ArticleException'>
args:("Article `download()` failed with HTTPSConnectionPool(host='www.foxbusiness.com', port=443): Read timed out. (read timeout=7) on URL https://www.foxbusiness.com/politics/house-republicans-demand-answers-cbo-miscalculated-federal-student-loan-program-budget-impact",)
e自身:Article `download()` failed with HTTPSConnectionPool(host='www.foxbusiness.com', port=443): Read timed out. (read timeout=7) on URL https://www.foxbusiness.com/politics/house-republicans-demand-answers-cbo-miscalculated-federal-student-loan-program-budget-impact
=== エラー内容 ===
type:<class 'newspaper.article.ArticleException'>
args:("Article `download()` failed with HTTPSConnectionPool(host='www.foxbusiness.com', port=443): Read timed out. (read timeout=7) on URL https://www.foxbusiness.com/economy/world-in-early-stages-of-very-significant-recession-economist-nancy-lazar",)
e自身:Article `download()` failed with HTTPSConnectionPool(host='www.foxbusiness.com', port=443): Read timed out. (read timeout=7) on URL https://www.foxbusiness.com/economy/world-in-early-stages-of-very-significant-recession-economist-nancy-lazar
=== エラー内容 ===
type:<class 'newspaper.article.ArticleException'>
args:("Article `download()` failed with HTTPSConnectionPool(host='www.foxbusiness.com', port=443): Read timed out. (read timeout=7) on URL https://www.foxbusiness.com/lifestyle/mcdonalds-benefits-from-price-hikes",)
e自身:Article `download()` failed with HTTPSConnectionPool(host='www.foxbusiness.com', port=443): Read timed out. (read timeout=7) on URL https://www.foxbusiness.com/lifestyle/mcdonalds-benefits-from-price-hikes
=== エラー内容 ===
type:<class 'newspaper.article.ArticleException'>
args:("Article `download()` failed with HTTPSConnectionPool(host='www.foxbusiness.com', port=443): Read timed out. (read timeout=7) on URL https://www.foxbusiness.com/politics/house-republicans-demand-answers-cbo-miscalculated-federal-student-loan-program-budget-impact",)
e自身:Article `download()` failed with HTTPSConnectionPool(host='www.foxbusiness.com', port=443): Read timed out. (read timeout=7) on URL https://www.foxbusiness.com/politics/house-republicans-demand-answers-cbo-miscalculated-federal-student-loan-program-budget-impact
=== エラー内容 ===
type:<class 'newspaper.article.ArticleException'>
args:("Article `download()` failed with HTTPSConnectionPool(host='www.foxbusiness.com', port=443): Read timed out. (read timeout=7) on URL https://www.foxbusiness.com/personal-finance/refinance-reverse-mortgage",)
e自身:Article `download()` failed with HTTPSConnectionPool(host='www.foxbusiness.com', port=443): Read timed out. (read timeout=7) on URL https://www.foxbusiness.com/personal-finance/refinance-reverse-mortgage
=== エラー内容 ===
type:<class 'newspaper.article.ArticleException'>
args:("Article `download()` failed with HTTPSConnectionPool(host='www.foxbusiness.com', port=443): Read timed out. (read timeout=7) on URL https://www.foxbusiness.com/politics/house-republicans-demand-answers-cbo-miscalculated-federal-student-loan-program-budget-impact",)
e自身:Article `download()` failed with HTTPSConnectionPool(host='www.foxbusiness.com', port=443): Read timed out. (read timeout=7) on URL https://www.foxbusiness.com/politics/house-republicans-demand-answers-cbo-miscalculated-federal-student-loan-program-budget-impact
=== エラー内容 ===
type:<class 'newspaper.article.ArticleException'>
args:("Article `download()` failed with HTTPSConnectionPool(host='www.foxbusiness.com', port=443): Read timed out. (read timeout=7) on URL https://www.foxbusiness.com/politics/elon-musk-shade-truth-social-passes-twitter-app-store",)
e自身:Article `download()` failed with HTTPSConnectionPool(host='www.foxbusiness.com', port=443): Read timed out. (read timeout=7) on URL https://www.foxbusiness.com/politics/elon-musk-shade-truth-social-passes-twitter-app-store
=== エラー内容 ===
type:<class 'newspaper.article.ArticleException'>
args:("Article `download()` failed with HTTPSConnectionPool(host='www.foxbusiness.com', port=443): Read timed out. (read timeout=7) on URL https://www.foxbusiness.com/economy/world-in-early-stages-of-very-significant-recession-economist-nancy-lazar",)
e自身:Article `download()` failed with HTTPSConnectionPool(host='www.foxbusiness.com', port=443): Read timed out. (read timeout=7) on URL https://www.foxbusiness.com/economy/world-in-early-stages-of-very-significant-recession-economist-nancy-lazar
=== エラー内容 ===
type:<class 'newspaper.article.ArticleException'>
args:("Article `download()` failed with HTTPSConnectionPool(host='www.foxbusiness.com', port=443): Read timed out. (read timeout=7) on URL https://www.foxbusiness.com/lifestyle/texas-judge-invites-disney-move-from-florida-amid-desantis-feud",)
e自身:Article `download()` failed with HTTPSConnectionPool(host='www.foxbusiness.com', port=443): Read timed out. (read timeout=7) on URL https://www.foxbusiness.com/lifestyle/texas-judge-invites-disney-move-from-florida-amid-desantis-feud
=== エラー内容 ===
type:<class 'IndexError'>
args:('list index out of range',)
e自身:list index out of range
タイトル:They fled Ukraine to protect their children. Now these mothers are returning home
First on CNN: New York grand jury hearing evidence in DA's investigation into Trump Organization expires this week
Judge rejects Trump's affidavit saying he doesn't have documents sought by New York's attorney general
Amazon stock plunges as growth slows
New Yorkers don't feel safe at home anymore
READ: 82 texts between Sean Hannity and Mark Meadows
'They never expected Mariupol to resist.' Locals horrified by Russia's relentless attack on the vast steel plant shielding Ukrainians
DeSantis vows Florida will allow people to carry firearms without permits 'before I am done as governor'
American killed fighting alongside Ukrainian forces in Ukraine
The US is in 'transition phase' of pandemic, Fauci says
CNN+ will shut down at the end of April
Live updates: Russia's war in Ukraine
CNN Exclusive: Meadows' texts reveal new details about the key role a little-known GOP congressman played in efforts to overturn election
Dozens of buildings leveled after a powerful tornado tears through Wichita area
Authorities are searching for a corrections officer and inmate who never made it to court

日本語タイトル:['子供たちを守るためにウクライナから逃れてきたのです。今、その母親たちは故郷に戻りつつある', 'まずはCNNから。ニューヨークの大陪審は、トランプ組織に対する検察の捜査の証拠を聞いて、今週で期限が切れる', 'ニューヨーク州司法長官が求める書類を所持していないとするトランプ氏の宣誓供述書を判事が却下', 'アマゾン株、成長鈍化で急落', 'ニューヨーカーはもう家にいても安全とは感じない', 'READ: ショーン・ハニティとマーク・メドウズの82通のメール', 'マリウポルが抵抗するとは思ってもみなかった」。ウクライナ人を守る広大な製鉄所へのロシアの執拗な攻撃に怯える地元の人々', 'デサンティス氏、フロリダ州で「知事として終わる前に」許可なく銃器を所持できるようにすると宣言', 'ウクライナでウクライナ軍と一緒に戦った米国人が死亡', '米国はパンデミックの「移行期」にある、とファウシ氏', 'CNN+は4月末に閉鎖されます。', 'ライブアップデート ロシアのウクライナ戦争', 'CNN独占 震災で被災した人たちのために、"復興支援 "を行う。', 'ウィチタ地区で強力な竜巻が発生し、数十棟が倒壊した。']
=== エラー内容 ===
type:<class 'newspaper.article.ArticleException'>
args:("Article `download()` failed with HTTPSConnectionPool(host='www.cnbc.com', port=443): Max retries exceeded with url: /2022/04/28/stock-market-futures-open-to-close-news.html (Caused by SSLError(SSLError(1, '[SSL: TLSV1_ALERT_INTERNAL_ERROR] tlsv1 alert internal error (_ssl.c:1123)'))) on URL https://www.cnbc.com/2022/04/28/stock-market-futures-open-to-close-news.html",)
e自身:Article `download()` failed with HTTPSConnectionPool(host='www.cnbc.com', port=443): Max retries exceeded with url: /2022/04/28/stock-market-futures-open-to-close-news.html (Caused by SSLError(SSLError(1, '[SSL: TLSV1_ALERT_INTERNAL_ERROR] tlsv1 alert internal error (_ssl.c:1123)'))) on URL https://www.cnbc.com/2022/04/28/stock-market-futures-open-to-close-news.html
=== エラー内容 ===
type:<class 'newspaper.article.ArticleException'>
args:("Article `download()` failed with HTTPSConnectionPool(host='www.cnbc.com', port=443): Max retries exceeded with url: /2022/04/29/europe-markets-earnings-boost-but-on-course-for-negative-month.html (Caused by SSLError(SSLError(1, '[SSL: TLSV1_ALERT_INTERNAL_ERROR] tlsv1 alert internal error (_ssl.c:1123)'))) on URL https://www.cnbc.com/2022/04/29/europe-markets-earnings-boost-but-on-course-for-negative-month.html",)
e自身:Article `download()` failed with HTTPSConnectionPool(host='www.cnbc.com', port=443): Max retries exceeded with url: /2022/04/29/europe-markets-earnings-boost-but-on-course-for-negative-month.html (Caused by SSLError(SSLError(1, '[SSL: TLSV1_ALERT_INTERNAL_ERROR] tlsv1 alert internal error (_ssl.c:1123)'))) on URL https://www.cnbc.com/2022/04/29/europe-markets-earnings-boost-but-on-course-for-negative-month.html
=== エラー内容 ===
type:<class 'IndexError'>
args:('list index out of range',)
e自身:list index out of range
タイトル:Russia Will Quit International Space Station Over Sanctions
Amazon's Biggest Drop Since 2006 Caps Miserable Month for Tech
Intel CEO Promises Quicker Return to Technological Leadership
Personal Wealth: Should Couples Combine Their Money After Marriage?
Colombia Raises Key Rate to 5-Year High in Split Decision
How Often Do I Need to Get Covid to Be Immune?
EU Advice on Russian Gas Too Ambiguous, Say Some Nations
U.S. Seeks 'Urgent' Data on Covid Relapses After Using Pfizer's Drug
FBI Searched the Data of Millions of Americans Without Warrants
US Seeks to Lure Top Scientists Away From Russia
A Powerful Dynasty Bankrupted Sri Lanka in Just 30 Months
Stocks Tank as Amazon Endures Worst Day Since 2006: Markets Wrap
76ers Getting Ready for Heat, And Rivers Is Wasting No Time
Airbnb Staff Can Work Remotely Forever Around the World, CEO Brian Chesky Says
Chipotle (CMG) Seeks Local Packaging to Curb Costs for Asia Imports

日本語タイトル:['ロシア、国際宇宙ステーションから撤退へ 制裁措置で', 'アマゾンが2006年以来最大の下げ幅を記録、ハイテク業界にとって悲惨な月となる', 'インテルCEO、技術的リーダーシップへの早期復帰を約束', '個人の富。結婚後、夫婦はお金を分けるべきか？', 'コロンビア、主要国金利を5年ぶりの高水準に引き上げ。', 'コビドを何回飲めば免疫力がつくのか？', 'ロシアのガスに関するEUの助言は曖昧すぎると一部の国々が指摘', '米国、ファイザー社製薬剤使用後のコビド再発に関するデータを「緊急」に求める', 'FBI、令状なしに数百万人の米国人のデータを検索', '米国、ロシアからトップ科学者を引き離すことを模索', 'スリランカの有力王朝がわずか30カ月で破産', '米国では、「震災」「原発事故」「経済危機」「環境問題」の3つのテーマがあります。マーケット・ラップ', 'を?めている。', 'Airbnbのスタッフは世界中でいつまでもリモートワークが可能、ブライアン・チェスキーCEOが語る。']
=== エラー内容 ===
type:<class 'newspaper.article.ArticleException'>
args:("Article `download()` failed with HTTPSConnectionPool(host='www.foxbusiness.com', port=443): Read timed out. (read timeout=7) on URL https://www.foxbusiness.com/business-leaders/disney-geoff-morrell-steps-down",)
e自身:Article `download()` failed with HTTPSConnectionPool(host='www.foxbusiness.com', port=443): Read timed out. (read timeout=7) on URL https://www.foxbusiness.com/business-leaders/disney-geoff-morrell-steps-down
=== エラー内容 ===
type:<class 'newspaper.article.ArticleException'>
args:("Article `download()` failed with HTTPSConnectionPool(host='www.thestreet.com', port=443): Read timed out. (read timeout=7) on URL https://www.thestreet.com/lifestyle/travel/flight-attendant-boarding-pay",)
e自身:Article `download()` failed with HTTPSConnectionPool(host='www.thestreet.com', port=443): Read timed out. (read timeout=7) on URL https://www.thestreet.com/lifestyle/travel/flight-attendant-boarding-pay
=== エラー内容 ===
type:<class 'IndexError'>
args:('list index out of range',)
e自身:list index out of range
タイトル:Dollarization of Argentina: Revival of a Zombie Idea - Economic News, Analysis, and Discussion
Ram Has a Product That Ford, GM, Rivian and Tesla Won't Like
What Is the Nasdaq Stock Exchange? Definition, Importance & Top Companies
Alibaba, China Stocks Rise; Government Said to Mull Easing Regulations
Walmart Has its Answer for Target's Chip and Joanna Gaines Deal
Las Vegas Strip Casino Landlord Talks Deal With Major Sports Team
What is Mastodon?
Musk Has a Controversial Idea to Replace Antidepressants
Goldman Sachs Gives Bitcoin Another Boost
Billionaire Jeff Bezos lost $20.5 billion in 24 hours
What You Don't Know About The Lives of Flight Attendants
Netflix Stock Plummets After Its First Net Subscribers Loss In 10 Years, Grim Growth Outlook
Do Gamers Even Like Facebook's Metaverse?
Is Roku Stock a Buy Ahead of Earnings?
Warren Buffett's Berkshire Hathaway Profits More Than Halved in Q1

日本語タイトル:['アルゼンチンのドル化。アルゼンチンのドル化：ゾンビのアイデアの復活 - 経済ニュース、分析、議論', 'ラムはフォード、GM、リヴィアン、テスラが嫌がる製品をもっている', 'ナスダック証券取引所とは？定義、重要性、トップ企業', 'アリババ、中国株上昇、政府は規制緩和を検討と言われる', 'ウォルマート、TargetのChip and Joanna Gainesとの取引に回答。', 'ラスベガス・ストリップのカジノ経営者、メジャースポーツチームと取引交渉中', 'マストドンとは何か？', '抗うつ剤に代わる新たなアイデア', 'ゴールドマン・サックス、ビットコインを再び後押し', '億万長者ジェフ・ベゾス、24時間で205億ドルの損失', 'フライトアテンダントの生活についてあなたが知らないこと', 'Netflixの株価は10年ぶりの純加入者数減と厳しい成長見通しで急落', 'Facebookのメタバースはゲーマーに人気か？', '震災の影響から立ち直るには？']
=== エラー内容 ===
type:<class 'IndexError'>
args:('list index out of range',)
e自身:list index out of range
タイトル:Macau Gaming Income Falls to New Low on China Omicron Outbreaks
Bored Ape Metaverse Frenzy Raises Millions, Crashes Ethereum (1)
Amazon's Biggest Drop Since 2006 Caps Miserable Month for Tech
Intel CEO Promises Quicker Return to Technological Leadership
Wild Weather in Canada Is Latest Threat to Tight Global Grain Supplies
Stocks Week in Review: Bulls See More Bad News Ahead
Airbnb Staff Can Work Remotely Forever Around the World, CEO Brian Chesky Says
US Seeks to Lure Top Scientists Away From Russia
EU to Propose Phasing Out Russian Oil by the End of the Year
U.S. Seeks 'Urgent' Data on Covid Relapses After Using Pfizer's Drug
Russia Will Quit International Space Station Over Sanctions
Tech Stock Drop Casts Cloud over FAANG Companies
China Calls Russia Relationship a 'New Model' for the World
Indonesians Splurge on Eid Holidays After Covid Restrictions End
Chipotle (CMG) Seeks Local Packaging to Curb Costs for Asia Imports

日本語タイトル:['マカオのゲーミング収入、中国オミクロンの発生で過去最低を更新', 'Bored Apeのメタバースは数百万ドルを集め、イーサリアムをクラッシュさせた (1)', 'Amazon、2006年以来の大幅下落。', 'インテルCEO、技術的リーダーシップへの迅速な復帰を約束', 'カナダでの異常気象は、世界の穀物供給に対する最新の脅威となる', '株式 週間レビュー。ブル派はさらに悪いニュースが続くと見ている', 'Airbnbのスタッフは世界中でいつまでもリモートワークが可能、ブライアン・チェスキーCEOが語る', '米国はロシアからトップ科学者を誘致しようとしている', 'EU、年内にロシアの石油を廃止することを提案へ', '米国、ファイザー社製薬剤使用後のコビド再発に関するデータを「緊急」に求める', 'ロシア、制裁を理由に国際宇宙ステーションを退役へ', '中国、ロシアとの関係を「新しい関係」と指摘', '中国、ロシアとの関係を世界の「新しいモデル」と呼ぶ', 'インドネシア、イードで豪遊する人々']
=== エラー内容 ===
type:<class 'newspaper.article.ArticleException'>
args:('You must `download()` an article first!',)
e自身:You must `download()` an article first!
=== エラー内容 ===
type:<class 'newspaper.article.ArticleException'>
args:("Article `download()` failed with HTTPSConnectionPool(host='www.foxbusiness.com', port=443): Read timed out. (read timeout=7) on URL https://www.foxbusiness.com/economy/us-economic-growth-gdp-first-quarter",)
e自身:Article `download()` failed with HTTPSConnectionPool(host='www.foxbusiness.com', port=443): Read timed out. (read timeout=7) on URL https://www.foxbusiness.com/economy/us-economic-growth-gdp-first-quarter
=== エラー内容 ===
type:<class 'newspaper.article.ArticleException'>
args:("Article `download()` failed with HTTPSConnectionPool(host='www.foxbusiness.com', port=443): Read timed out. (read timeout=7) on URL https://www.foxbusiness.com/lifestyle/kobe-bryant-rookie-season-jersey-auction",)
e自身:Article `download()` failed with HTTPSConnectionPool(host='www.foxbusiness.com', port=443): Read timed out. (read timeout=7) on URL https://www.foxbusiness.com/lifestyle/kobe-bryant-rookie-season-jersey-auction
=== エラー内容 ===
type:<class 'newspaper.article.ArticleException'>
args:("Article `download()` failed with HTTPSConnectionPool(host='www.foxbusiness.com', port=443): Read timed out. (read timeout=7) on URL https://www.foxbusiness.com/lifestyle/mcdonalds-benefits-from-price-hikes",)
e自身:Article `download()` failed with HTTPSConnectionPool(host='www.foxbusiness.com', port=443): Read timed out. (read timeout=7) on URL https://www.foxbusiness.com/lifestyle/mcdonalds-benefits-from-price-hikes
=== エラー内容 ===
type:<class 'newspaper.article.ArticleException'>
args:("Article `download()` failed with HTTPSConnectionPool(host='www.foxbusiness.com', port=443): Read timed out. (read timeout=7) on URL https://www.foxbusiness.com/economy/us-economic-growth-gdp-first-quarter",)
e自身:Article `download()` failed with HTTPSConnectionPool(host='www.foxbusiness.com', port=443): Read timed out. (read timeout=7) on URL https://www.foxbusiness.com/economy/us-economic-growth-gdp-first-quarter
=== エラー内容 ===
type:<class 'newspaper.article.ArticleException'>
args:("Article `download()` failed with HTTPSConnectionPool(host='www.foxbusiness.com', port=443): Read timed out. (read timeout=7) on URL https://www.foxbusiness.com/entertainment/schitts-creek-netflix-hulu-disney-streamer-rights",)
e自身:Article `download()` failed with HTTPSConnectionPool(host='www.foxbusiness.com', port=443): Read timed out. (read timeout=7) on URL https://www.foxbusiness.com/entertainment/schitts-creek-netflix-hulu-disney-streamer-rights
=== エラー内容 ===
type:<class 'newspaper.article.ArticleException'>
args:("Article `download()` failed with HTTPSConnectionPool(host='www.foxbusiness.com', port=443): Read timed out. (read timeout=7) on URL https://www.foxbusiness.com/lifestyle/texas-judge-invites-disney-move-from-florida-amid-desantis-feud",)
e自身:Article `download()` failed with HTTPSConnectionPool(host='www.foxbusiness.com', port=443): Read timed out. (read timeout=7) on URL https://www.foxbusiness.com/lifestyle/texas-judge-invites-disney-move-from-florida-amid-desantis-feud
=== エラー内容 ===
type:<class 'newspaper.article.ArticleException'>
args:("Article `download()` failed with HTTPSConnectionPool(host='www.foxbusiness.com', port=443): Read timed out. (read timeout=7) on URL https://www.foxbusiness.com/lifestyle/hertz-false-arrest-claims",)
e自身:Article `download()` failed with HTTPSConnectionPool(host='www.foxbusiness.com', port=443): Read timed out. (read timeout=7) on URL https://www.foxbusiness.com/lifestyle/hertz-false-arrest-claims
=== エラー内容 ===
type:<class 'newspaper.article.ArticleException'>
args:("Article `download()` failed with HTTPSConnectionPool(host='www.foxbusiness.com', port=443): Read timed out. (read timeout=7) on URL https://www.foxbusiness.com/lifestyle/texas-judge-invites-disney-move-from-florida-amid-desantis-feud",)
e自身:Article `download()` failed with HTTPSConnectionPool(host='www.foxbusiness.com', port=443): Read timed out. (read timeout=7) on URL https://www.foxbusiness.com/lifestyle/texas-judge-invites-disney-move-from-florida-amid-desantis-feud
=== エラー内容 ===
type:<class 'newspaper.article.ArticleException'>
args:("Article `download()` failed with HTTPSConnectionPool(host='www.foxbusiness.com', port=443): Read timed out. (read timeout=7) on URL https://www.foxbusiness.com/economy/price-of-diesel-hits-all-time-high-straining-the-trucking-industry",)
e自身:Article `download()` failed with HTTPSConnectionPool(host='www.foxbusiness.com', port=443): Read timed out. (read timeout=7) on URL https://www.foxbusiness.com/economy/price-of-diesel-hits-all-time-high-straining-the-trucking-industry
=== エラー内容 ===
type:<class 'newspaper.article.ArticleException'>
args:('Article `download()` failed with 503 Server Error: Service Unavailable for url: https://africa.businessinsider.com/news/qantas-said-it-will-fly-direct-from-sydney-to-new-york-and-london-from-2025-at-20/drlfggf on URL https://africa.businessinsider.com/news/qantas-strikes-multibillion-dollar-deal-that-could-create-the-worlds-longest-flight/drlfggf',)
e自身:Article `download()` failed with 503 Server Error: Service Unavailable for url: https://africa.businessinsider.com/news/qantas-said-it-will-fly-direct-from-sydney-to-new-york-and-london-from-2025-at-20/drlfggf on URL https://africa.businessinsider.com/news/qantas-strikes-multibillion-dollar-deal-that-could-create-the-worlds-longest-flight/drlfggf
=== エラー内容 ===
type:<class 'newspaper.article.ArticleException'>
args:("Article `download()` failed with HTTPSConnectionPool(host='www.reuters.com', port=443): Read timed out. (read timeout=7) on URL https://www.reuters.com/world/china/outspoken-market-analysts-chinese-social-media-accounts-suspended-2022-05-01/",)
e自身:Article `download()` failed with HTTPSConnectionPool(host='www.reuters.com', port=443): Read timed out. (read timeout=7) on URL https://www.reuters.com/world/china/outspoken-market-analysts-chinese-social-media-accounts-suspended-2022-05-01/
=== エラー内容 ===
type:<class 'newspaper.article.ArticleException'>
args:("Article `download()` failed with HTTPSConnectionPool(host='www.bloomberg.com', port=443): Read timed out. (read timeout=7) on URL https://www.bloomberg.com/news/articles/2022-05-02/google-attacks-eu-for-treating-it-almost-like-a-criminal",)
e自身:Article `download()` failed with HTTPSConnectionPool(host='www.bloomberg.com', port=443): Read timed out. (read timeout=7) on URL https://www.bloomberg.com/news/articles/2022-05-02/google-attacks-eu-for-treating-it-almost-like-a-criminal
=== エラー内容 ===
type:<class 'newspaper.article.ArticleException'>
args:("Article `download()` failed with HTTPSConnectionPool(host='www.bloomberg.com', port=443): Read timed out. (read timeout=7) on URL https://www.bloomberg.com/news/articles/2022-05-02/transcript-javier-blas-explains-how-commodity-trading-shops-really-work",)
e自身:Article `download()` failed with HTTPSConnectionPool(host='www.bloomberg.com', port=443): Read timed out. (read timeout=7) on URL https://www.bloomberg.com/news/articles/2022-05-02/transcript-javier-blas-explains-how-commodity-trading-shops-really-work
=== エラー内容 ===
type:<class 'newspaper.article.ArticleException'>
args:("Article `download()` failed with HTTPSConnectionPool(host='www.bloomberg.com', port=443): Read timed out. (read timeout=7) on URL https://www.bloomberg.com/news/articles/2022-05-02/pfizer-falls-after-covid-pill-fails-in-preventive-therapy-trial",)
e自身:Article `download()` failed with HTTPSConnectionPool(host='www.bloomberg.com', port=443): Read timed out. (read timeout=7) on URL https://www.bloomberg.com/news/articles/2022-05-02/pfizer-falls-after-covid-pill-fails-in-preventive-therapy-trial
=== エラー内容 ===
type:<class 'newspaper.article.ArticleException'>
args:("Article `download()` failed with HTTPSConnectionPool(host='www.foxbusiness.com', port=443): Read timed out. (read timeout=7) on URL https://www.foxbusiness.com/lifestyle/airbnb-coronavirus-refund-policy",)
e自身:Article `download()` failed with HTTPSConnectionPool(host='www.foxbusiness.com', port=443): Read timed out. (read timeout=7) on URL https://www.foxbusiness.com/lifestyle/airbnb-coronavirus-refund-policy
=== エラー内容 ===
type:<class 'newspaper.article.ArticleException'>
args:("Article `download()` failed with HTTPSConnectionPool(host='www.foxbusiness.com', port=443): Read timed out. (read timeout=7) on URL https://www.foxbusiness.com/personal-finance/supply-chain-issues-inflation",)
e自身:Article `download()` failed with HTTPSConnectionPool(host='www.foxbusiness.com', port=443): Read timed out. (read timeout=7) on URL https://www.foxbusiness.com/personal-finance/supply-chain-issues-inflation
=== エラー内容 ===
type:<class 'newspaper.article.ArticleException'>
args:("Article `download()` failed with HTTPSConnectionPool(host='www.foxbusiness.com', port=443): Read timed out. (read timeout=7) on URL https://www.foxbusiness.com/personal-finance/supply-chain-issues-inflation",)
e自身:Article `download()` failed with HTTPSConnectionPool(host='www.foxbusiness.com', port=443): Read timed out. (read timeout=7) on URL https://www.foxbusiness.com/personal-finance/supply-chain-issues-inflation
=== エラー内容 ===
type:<class 'newspaper.article.ArticleException'>
args:("Article `download()` failed with HTTPSConnectionPool(host='www.foxbusiness.com', port=443): Read timed out. (read timeout=7) on URL https://www.foxbusiness.com/politics/senate-democrat-facing-tough-reelection-biden-tv-ad",)
e自身:Article `download()` failed with HTTPSConnectionPool(host='www.foxbusiness.com', port=443): Read timed out. (read timeout=7) on URL https://www.foxbusiness.com/politics/senate-democrat-facing-tough-reelection-biden-tv-ad
=== エラー内容 ===
type:<class 'newspaper.article.ArticleException'>
args:("Article `download()` failed with HTTPSConnectionPool(host='www.foxbusiness.com', port=443): Read timed out. (read timeout=7) on URL https://www.foxbusiness.com/markets/hsbc-launches-billion-planned-share-buyback",)
e自身:Article `download()` failed with HTTPSConnectionPool(host='www.foxbusiness.com', port=443): Read timed out. (read timeout=7) on URL https://www.foxbusiness.com/markets/hsbc-launches-billion-planned-share-buyback
=== エラー内容 ===
type:<class 'newspaper.article.ArticleException'>
args:("Article `download()` failed with HTTPSConnectionPool(host='www.foxbusiness.com', port=443): Read timed out. (read timeout=7) on URL https://www.foxbusiness.com/economy/federal-reserve-may-meeting-interest-rate-hike",)
e自身:Article `download()` failed with HTTPSConnectionPool(host='www.foxbusiness.com', port=443): Read timed out. (read timeout=7) on URL https://www.foxbusiness.com/economy/federal-reserve-may-meeting-interest-rate-hike
=== エラー内容 ===
type:<class 'newspaper.article.ArticleException'>
args:('Article `download()` failed with 404 Client Error: Not Found for url: https://www.bloomberg.com/tosv2.html?vid=&uuid=de39e501-cd59-11ec-9616-6e5665455344&url=L25ld3MvYXJ0aWNsZXMvMjAyMi0wNS0wNi9iYW5rZXJzLXF1aXQtam9icy1mb3Itc2hvdC1hdC1yaWNoZXMtaW4td2FsbC1zdHJlZXQtb2YtY3J5cHRv on URL https://www.bloomberg.com/news/articles/2022-05-06/bankers-quit-jobs-for-shot-at-riches-in-wall-street-of-crypto',)
e自身:Article `download()` failed with 404 Client Error: Not Found for url: https://www.bloomberg.com/tosv2.html?vid=&uuid=de39e501-cd59-11ec-9616-6e5665455344&url=L25ld3MvYXJ0aWNsZXMvMjAyMi0wNS0wNi9iYW5rZXJzLXF1aXQtam9icy1mb3Itc2hvdC1hdC1yaWNoZXMtaW4td2FsbC1zdHJlZXQtb2YtY3J5cHRv on URL https://www.bloomberg.com/news/articles/2022-05-06/bankers-quit-jobs-for-shot-at-riches-in-wall-street-of-crypto
=== エラー内容 ===
type:<class 'newspaper.article.ArticleException'>
args:('Article `download()` failed with 404 Client Error: Not Found for url: https://www.bloomberg.com/tosv2.html?vid=&uuid=df0d9b02-cd59-11ec-ba06-445273614e51&url=L25ld3MvYXJ0aWNsZXMvMjAyMi0wNS0wNS9jaGluYS1zLXRvcC1sZWFkZXJzLXJlaXRlcmF0ZS1zdXBwb3J0LWZvci1jb3ZpZC16ZXJvLWNjdHY= on URL https://www.bloomberg.com/news/articles/2022-05-05/china-s-top-leaders-reiterate-support-for-covid-zero-cctv',)
e自身:Article `download()` failed with 404 Client Error: Not Found for url: https://www.bloomberg.com/tosv2.html?vid=&uuid=df0d9b02-cd59-11ec-ba06-445273614e51&url=L25ld3MvYXJ0aWNsZXMvMjAyMi0wNS0wNS9jaGluYS1zLXRvcC1sZWFkZXJzLXJlaXRlcmF0ZS1zdXBwb3J0LWZvci1jb3ZpZC16ZXJvLWNjdHY= on URL https://www.bloomberg.com/news/articles/2022-05-05/china-s-top-leaders-reiterate-support-for-covid-zero-cctv
=== エラー内容 ===
type:<class 'newspaper.article.ArticleException'>
args:('Article `download()` failed with 404 Client Error: Not Found for url: https://www.bloomberg.com/tosv2.html?vid=&uuid=7be34ab6-cd5a-11ec-9fb7-45624d567570&url=L25ld3MvYXJ0aWNsZXMvMjAyMi0wNS0wNS9ldS1zZWVrcy10by1zYW5jdGlvbi1leC1neW1uYXN0LWNsb3NlbHktYXNzb2NpYXRlZC13aXRoLXB1dGlu on URL https://www.bloomberg.com/news/articles/2022-05-05/eu-seeks-to-sanction-ex-gymnast-closely-associated-with-putin',)
e自身:Article `download()` failed with 404 Client Error: Not Found for url: https://www.bloomberg.com/tosv2.html?vid=&uuid=7be34ab6-cd5a-11ec-9fb7-45624d567570&url=L25ld3MvYXJ0aWNsZXMvMjAyMi0wNS0wNS9ldS1zZWVrcy10by1zYW5jdGlvbi1leC1neW1uYXN0LWNsb3NlbHktYXNzb2NpYXRlZC13aXRoLXB1dGlu on URL https://www.bloomberg.com/news/articles/2022-05-05/eu-seeks-to-sanction-ex-gymnast-closely-associated-with-putin
=== エラー内容 ===
type:<class 'newspaper.article.ArticleException'>
args:('Article `download()` failed with 404 Client Error: Not Found for url: https://www.bloomberg.com/tosv2.html?vid=&uuid=7d7cf47c-cd5a-11ec-8bc9-6a4253495851&url=L25ld3MvYXJ0aWNsZXMvMjAyMi0wNS0wNS91LXMtbXVsbHMtdW5wcmVjZWRlbnRlZC1zYW5jdGlvbnMtb24tY2hpbmEtdGVjaC1naWFudC1oaWt2aXNpb24= on URL https://www.bloomberg.com/news/articles/2022-05-05/u-s-mulls-unprecedented-sanctions-on-china-tech-giant-hikvision',)
e自身:Article `download()` failed with 404 Client Error: Not Found for url: https://www.bloomberg.com/tosv2.html?vid=&uuid=7d7cf47c-cd5a-11ec-8bc9-6a4253495851&url=L25ld3MvYXJ0aWNsZXMvMjAyMi0wNS0wNS91LXMtbXVsbHMtdW5wcmVjZWRlbnRlZC1zYW5jdGlvbnMtb24tY2hpbmEtdGVjaC1naWFudC1oaWt2aXNpb24= on URL https://www.bloomberg.com/news/articles/2022-05-05/u-s-mulls-unprecedented-sanctions-on-china-tech-giant-hikvision
=== エラー内容 ===
type:<class 'newspaper.article.ArticleException'>
args:('Article `download()` failed with 404 Client Error: Not Found for url: https://www.bloomberg.com/tosv2.html?vid=&uuid=a10dc919-cd5e-11ec-8bc9-6a4253495851&url=L25ld3MvYXJ0aWNsZXMvMjAyMi0wNS0wNC9zdG9ja3MtYm9uZHMtanVtcC1hcy1wb3dlbGwtcXVlbGxzLW1lZ2EtaGlrZS1mZWFyLW1hcmtldHMtd3JhcA== on URL https://www.bloomberg.com/news/articles/2022-05-04/stocks-bonds-jump-as-powell-quells-mega-hike-fear-markets-wrap',)
e自身:Article `download()` failed with 404 Client Error: Not Found for url: https://www.bloomberg.com/tosv2.html?vid=&uuid=a10dc919-cd5e-11ec-8bc9-6a4253495851&url=L25ld3MvYXJ0aWNsZXMvMjAyMi0wNS0wNC9zdG9ja3MtYm9uZHMtanVtcC1hcy1wb3dlbGwtcXVlbGxzLW1lZ2EtaGlrZS1mZWFyLW1hcmtldHMtd3JhcA== on URL https://www.bloomberg.com/news/articles/2022-05-04/stocks-bonds-jump-as-powell-quells-mega-hike-fear-markets-wrap
=== エラー内容 ===
type:<class 'newspaper.article.ArticleException'>
args:('Article `download()` failed with 404 Client Error: Not Found for url: https://www.bloomberg.com/tosv2.html?vid=&uuid=a341a5a3-cd5e-11ec-9a0d-6b4f4d776542&url=L25ld3MvYXJ0aWNsZXMvMjAyMi0wNS0wNi9jaGluYS1vcmRlcnMtZ292ZXJubWVudC1zdGF0ZS1maXJtcy10by1kdW1wLWZvcmVpZ24tcGNz on URL https://www.bloomberg.com/news/articles/2022-05-06/china-orders-government-state-firms-to-dump-foreign-pcs',)
e自身:Article `download()` failed with 404 Client Error: Not Found for url: https://www.bloomberg.com/tosv2.html?vid=&uuid=a341a5a3-cd5e-11ec-9a0d-6b4f4d776542&url=L25ld3MvYXJ0aWNsZXMvMjAyMi0wNS0wNi9jaGluYS1vcmRlcnMtZ292ZXJubWVudC1zdGF0ZS1maXJtcy10by1kdW1wLWZvcmVpZ24tcGNz on URL https://www.bloomberg.com/news/articles/2022-05-06/china-orders-government-state-firms-to-dump-foreign-pcs
=== エラー内容 ===
type:<class 'newspaper.article.ArticleException'>
args:('Article `download()` failed with 404 Client Error: Not Found for url: https://www.bloomberg.com/tosv2.html?vid=&uuid=a3aac462-cd5e-11ec-8bc9-6a4253495851&url=L25ld3MvYXJ0aWNsZXMvMjAyMi0wNS0wNS9ldS1zZWVrcy10by1zYW5jdGlvbi1leC1neW1uYXN0LWNsb3NlbHktYXNzb2NpYXRlZC13aXRoLXB1dGlu on URL https://www.bloomberg.com/news/articles/2022-05-05/eu-seeks-to-sanction-ex-gymnast-closely-associated-with-putin',)
e自身:Article `download()` failed with 404 Client Error: Not Found for url: https://www.bloomberg.com/tosv2.html?vid=&uuid=a3aac462-cd5e-11ec-8bc9-6a4253495851&url=L25ld3MvYXJ0aWNsZXMvMjAyMi0wNS0wNS9ldS1zZWVrcy10by1zYW5jdGlvbi1leC1neW1uYXN0LWNsb3NlbHktYXNzb2NpYXRlZC13aXRoLXB1dGlu on URL https://www.bloomberg.com/news/articles/2022-05-05/eu-seeks-to-sanction-ex-gymnast-closely-associated-with-putin
=== エラー内容 ===
type:<class 'newspaper.article.ArticleException'>
args:('Article `download()` failed with 404 Client Error: Not Found for url: https://www.bloomberg.com/tosv2.html?vid=&uuid=a40ae8f1-cd5e-11ec-9a0d-6b4f4d776542&url=L25ld3MvYXJ0aWNsZXMvMjAyMi0wNS0wNi9oaXN0b3JpYy1yb3V0LWlzbi10LW92ZXIteWV0LWJhbmstb2YtYW1lcmljYS1zdHJhdGVnaXN0cy1zYXk= on URL https://www.bloomberg.com/news/articles/2022-05-06/historic-rout-isn-t-over-yet-bank-of-america-strategists-say',)
e自身:Article `download()` failed with 404 Client Error: Not Found for url: https://www.bloomberg.com/tosv2.html?vid=&uuid=a40ae8f1-cd5e-11ec-9a0d-6b4f4d776542&url=L25ld3MvYXJ0aWNsZXMvMjAyMi0wNS0wNi9oaXN0b3JpYy1yb3V0LWlzbi10LW92ZXIteWV0LWJhbmstb2YtYW1lcmljYS1zdHJhdGVnaXN0cy1zYXk= on URL https://www.bloomberg.com/news/articles/2022-05-06/historic-rout-isn-t-over-yet-bank-of-america-strategists-say
=== エラー内容 ===
type:<class 'newspaper.article.ArticleException'>
args:('Article `download()` failed with 404 Client Error: Not Found for url: https://www.bloomberg.com/tosv2.html?vid=&uuid=cf9862be-cd62-11ec-9550-726e5449636c&url=L25ld3MvYXJ0aWNsZXMvMjAyMi0wNS0wNC9vaWwtc3RlYWRpZXMtYmVmb3JlLW9wZWMtbWVldC1hZnRlci1zdXJnaW5nLW9uLWV1LXJ1c3NpYW4tYmFu on URL https://www.bloomberg.com/news/articles/2022-05-04/oil-steadies-before-opec-meet-after-surging-on-eu-russian-ban',)
e自身:Article `download()` failed with 404 Client Error: Not Found for url: https://www.bloomberg.com/tosv2.html?vid=&uuid=cf9862be-cd62-11ec-9550-726e5449636c&url=L25ld3MvYXJ0aWNsZXMvMjAyMi0wNS0wNC9vaWwtc3RlYWRpZXMtYmVmb3JlLW9wZWMtbWVldC1hZnRlci1zdXJnaW5nLW9uLWV1LXJ1c3NpYW4tYmFu on URL https://www.bloomberg.com/news/articles/2022-05-04/oil-steadies-before-opec-meet-after-surging-on-eu-russian-ban
=== エラー内容 ===
type:<class 'newspaper.article.ArticleException'>
args:('Article `download()` failed with 404 Client Error: Not Found for url: https://www.bloomberg.com/tosv2.html?vid=&uuid=cff5810d-cd62-11ec-9550-726e5449636c&url=L25ld3MvYXJ0aWNsZXMvMjAyMi0wNS0wNC9zdG9ja3MtYm9uZHMtanVtcC1hcy1wb3dlbGwtcXVlbGxzLW1lZ2EtaGlrZS1mZWFyLW1hcmtldHMtd3JhcA== on URL https://www.bloomberg.com/news/articles/2022-05-04/stocks-bonds-jump-as-powell-quells-mega-hike-fear-markets-wrap',)
e自身:Article `download()` failed with 404 Client Error: Not Found for url: https://www.bloomberg.com/tosv2.html?vid=&uuid=cff5810d-cd62-11ec-9550-726e5449636c&url=L25ld3MvYXJ0aWNsZXMvMjAyMi0wNS0wNC9zdG9ja3MtYm9uZHMtanVtcC1hcy1wb3dlbGwtcXVlbGxzLW1lZ2EtaGlrZS1mZWFyLW1hcmtldHMtd3JhcA== on URL https://www.bloomberg.com/news/articles/2022-05-04/stocks-bonds-jump-as-powell-quells-mega-hike-fear-markets-wrap
=== エラー内容 ===
type:<class 'newspaper.article.ArticleException'>
args:('Article `download()` failed with 404 Client Error: Not Found for url: https://www.bloomberg.com/tosv2.html?vid=&uuid=d025b7d4-cd62-11ec-9550-726e5449636c&url=L25ld3MvbmV3c2xldHRlcnMvMjAyMi0wNS0wMi9pcy1tYXJpanVhbmEtcy1zdG9jay1zbHVtcC1uZWFyaW5nLWl0cy1lbmQtb25lLWFuYWx5c3Qtc2F5cy15ZXM= on URL https://www.bloomberg.com/news/newsletters/2022-05-02/is-marijuana-s-stock-slump-nearing-its-end-one-analyst-says-yes',)
e自身:Article `download()` failed with 404 Client Error: Not Found for url: https://www.bloomberg.com/tosv2.html?vid=&uuid=d025b7d4-cd62-11ec-9550-726e5449636c&url=L25ld3MvbmV3c2xldHRlcnMvMjAyMi0wNS0wMi9pcy1tYXJpanVhbmEtcy1zdG9jay1zbHVtcC1uZWFyaW5nLWl0cy1lbmQtb25lLWFuYWx5c3Qtc2F5cy15ZXM= on URL https://www.bloomberg.com/news/newsletters/2022-05-02/is-marijuana-s-stock-slump-nearing-its-end-one-analyst-says-yes
=== エラー内容 ===
type:<class 'newspaper.article.ArticleException'>
args:('Article `download()` failed with 404 Client Error: Not Found for url: https://www.bloomberg.com/tosv2.html?vid=&uuid=d1346598-cd62-11ec-af0a-7a50576e7553&url=L25ld3MvYXJ0aWNsZXMvMjAyMi0wNS0wNS93aHktc2F1ZGktcHJpbmNlLWFsd2FsZWVkLXJldmVyc2UtY291cnNlLW9uLWVsb24tbXVzay1zLXR3aXR0ZXItYmlk on URL https://www.bloomberg.com/news/articles/2022-05-05/why-saudi-prince-alwaleed-reverse-course-on-elon-musk-s-twitter-bid',)
e自身:Article `download()` failed with 404 Client Error: Not Found for url: https://www.bloomberg.com/tosv2.html?vid=&uuid=d1346598-cd62-11ec-af0a-7a50576e7553&url=L25ld3MvYXJ0aWNsZXMvMjAyMi0wNS0wNS93aHktc2F1ZGktcHJpbmNlLWFsd2FsZWVkLXJldmVyc2UtY291cnNlLW9uLWVsb24tbXVzay1zLXR3aXR0ZXItYmlk on URL https://www.bloomberg.com/news/articles/2022-05-05/why-saudi-prince-alwaleed-reverse-course-on-elon-musk-s-twitter-bid
=== エラー内容 ===
type:<class 'newspaper.article.ArticleException'>
args:('Article `download()` failed with 404 Client Error: Not Found for url: https://www.bloomberg.com/tosv2.html?vid=&uuid=d167fc1d-cd62-11ec-9f03-41575a576177&url=L25ld3MvYXJ0aWNsZXMvMjAyMi0wNS0wNi9lbG9uLW11c2stdHJ1c3RzLWJpbGxpb25zLWluLW5ldC13b3J0aC10by10aGlzLXNlY3JldGl2ZS1mYW1pbHktbWFu on URL https://www.bloomberg.com/news/articles/2022-05-06/elon-musk-trusts-billions-in-net-worth-to-this-secretive-family-man',)
e自身:Article `download()` failed with 404 Client Error: Not Found for url: https://www.bloomberg.com/tosv2.html?vid=&uuid=d167fc1d-cd62-11ec-9f03-41575a576177&url=L25ld3MvYXJ0aWNsZXMvMjAyMi0wNS0wNi9lbG9uLW11c2stdHJ1c3RzLWJpbGxpb25zLWluLW5ldC13b3J0aC10by10aGlzLXNlY3JldGl2ZS1mYW1pbHktbWFu on URL https://www.bloomberg.com/news/articles/2022-05-06/elon-musk-trusts-billions-in-net-worth-to-this-secretive-family-man
=== エラー内容 ===
type:<class 'newspaper.article.ArticleException'>
args:('Article `download()` failed with 404 Client Error: Not Found for url: https://www.bloomberg.com/tosv2.html?vid=&uuid=d21770c1-cd62-11ec-9550-726e5449636c&url=L25ld3MvYXJ0aWNsZXMvMjAyMi0wNS0wNS9ldS1zZWVrcy10by1zYW5jdGlvbi1leC1neW1uYXN0LWNsb3NlbHktYXNzb2NpYXRlZC13aXRoLXB1dGlu on URL https://www.bloomberg.com/news/articles/2022-05-05/eu-seeks-to-sanction-ex-gymnast-closely-associated-with-putin',)
e自身:Article `download()` failed with 404 Client Error: Not Found for url: https://www.bloomberg.com/tosv2.html?vid=&uuid=d21770c1-cd62-11ec-9550-726e5449636c&url=L25ld3MvYXJ0aWNsZXMvMjAyMi0wNS0wNS9ldS1zZWVrcy10by1zYW5jdGlvbi1leC1neW1uYXN0LWNsb3NlbHktYXNzb2NpYXRlZC13aXRoLXB1dGlu on URL https://www.bloomberg.com/news/articles/2022-05-05/eu-seeks-to-sanction-ex-gymnast-closely-associated-with-putin
=== エラー内容 ===
type:<class 'newspaper.article.ArticleException'>
args:("Article `download()` failed with HTTPSConnectionPool(host='www.foxbusiness.com', port=443): Read timed out. (read timeout=7) on URL https://www.foxbusiness.com/economy/april-jobs-report-payroll-growth-by-industry",)
e自身:Article `download()` failed with HTTPSConnectionPool(host='www.foxbusiness.com', port=443): Read timed out. (read timeout=7) on URL https://www.foxbusiness.com/economy/april-jobs-report-payroll-growth-by-industry
=== エラー内容 ===
type:<class 'IndexError'>
args:('list index out of range',)
e自身:list index out of range
タイトル:Why Cloudflare Stock Is Plummeting Today - The Motley Fool
Are Fortune 500 Companies Done Working From Home? - The Motley Fool
2 Nasdaq Stocks on the Rise on a Foul Friday - The Motley Fool
Why Bill.com Stock Was Plunging Today - The Motley Fool
Is It Safer to Pull Your Money Out of the Stock Market or Keep Investing for Now? - The Motley Fool
1 Growth Stock Down 49% to Buy Now and Hold Forever - The Motley Fool
The Most Important Social Security Table You'll Ever See - The Motley Fool
Why Walmart's Stock Price Rose 2.7% in April - The Motley Fool
Why Appian Stock Topped the Market Today - The Motley Fool
Why Bilibili Stock Was Falling This Week - The Motley Fool
This Short Squeeze Candidate Could Actually Pan Out in the Long Run - The Motley Fool
2 Top Dividend REITs That Wall Street Is Sleeping On - The Motley Fool
Where Will CrowdStrike Be in 3 Years? - The Motley Fool
Enbridge (ENB) Q1 2022 Earnings Call Transcript - The Motley Fool
CytomX Therapeutics (CTMX) Q1 2022 Earnings Call Transcript - The Motley Fool

日本語タイトル:['Cloudflareの株価が今日急落している理由 - The Motley Fool', 'フォーチュン500社の在宅勤務は終わったのか？- モトリーフール', 'ナスダックの2銘柄が反則の金曜日に上昇 - The Motley Fool', 'ビル・ドット・コムの株価が急落した理由 - The Motley Fool', '株式市場から資金を引き上げるのが安全か、それとも今のところ投資を続けるのが安全か - The Motley Fool', '49%下落した成長株1銘柄を今買って、ずっと持ち続ける - The Motley Fool', '社会保障制度に関する最も重要な表 - The Motley Fool（ザ・モトレー・フール', 'ウォルマートの株価が4月に2.7%上昇した理由 - The Motley Fool', 'なぜアピアン株は今日マーケットでトップなのか - The Motley Fool', 'ビリビリ株はなぜ今週下落したのか - The Motley Fool', 'このショートスクイーズ候補は、長期的には実際にうまくいく可能性がある - The Motley Fool', 'ウォール街が眠っている2つの高配当REIT - The Motley Fool', '3年後のCrowdStrikeはどうなっているか？- モトリーフール', 'エンブリッジ (ENB) Q1 2022 Earnings Call Transcript - The Motley Fool']
=== エラー内容 ===
type:<class 'newspaper.article.ArticleException'>
args:("Article `download()` failed with HTTPSConnectionPool(host='www.foxbusiness.com', port=443): Read timed out. (read timeout=7) on URL https://www.foxbusiness.com/politics/ups-funding-pro-choice-group-targeting-churches-with-protests",)
e自身:Article `download()` failed with HTTPSConnectionPool(host='www.foxbusiness.com', port=443): Read timed out. (read timeout=7) on URL https://www.foxbusiness.com/politics/ups-funding-pro-choice-group-targeting-churches-with-protests
=== エラー内容 ===
type:<class 'newspaper.article.ArticleException'>
args:("Article `download()` failed with HTTPSConnectionPool(host='www.foxbusiness.com', port=443): Read timed out. (read timeout=7) on URL https://www.foxbusiness.com/politics/dr-ben-carson-rips-democrats-agenda-people-across-the-us-are-waking-up",)
e自身:Article `download()` failed with HTTPSConnectionPool(host='www.foxbusiness.com', port=443): Read timed out. (read timeout=7) on URL https://www.foxbusiness.com/politics/dr-ben-carson-rips-democrats-agenda-people-across-the-us-are-waking-up
=== エラー内容 ===
type:<class 'newspaper.article.ArticleException'>
args:("Article `download()` failed with HTTPSConnectionPool(host='www.foxbusiness.com', port=443): Read timed out. (read timeout=7) on URL https://www.foxbusiness.com/economy/baby-formula-shortage-sparking-panic-moms-parents-u-s",)
e自身:Article `download()` failed with HTTPSConnectionPool(host='www.foxbusiness.com', port=443): Read timed out. (read timeout=7) on URL https://www.foxbusiness.com/economy/baby-formula-shortage-sparking-panic-moms-parents-u-s
=== エラー内容 ===
type:<class 'newspaper.article.ArticleException'>
args:("Article `download()` failed with HTTPSConnectionPool(host='www.foxbusiness.com', port=443): Read timed out. (read timeout=7) on URL https://www.foxbusiness.com/economy/jobless-claims-coronavirus-pandemic-april-30-2022",)
e自身:Article `download()` failed with HTTPSConnectionPool(host='www.foxbusiness.com', port=443): Read timed out. (read timeout=7) on URL https://www.foxbusiness.com/economy/jobless-claims-coronavirus-pandemic-april-30-2022
=== エラー内容 ===
type:<class 'newspaper.article.ArticleException'>
args:("Article `download()` failed with HTTPSConnectionPool(host='www.fool.com', port=443): Read timed out. (read timeout=7) on URL https://www.fool.com/investing/2022/05/08/why-did-shares-of-block-fall-27-in-april/",)
e自身:Article `download()` failed with HTTPSConnectionPool(host='www.fool.com', port=443): Read timed out. (read timeout=7) on URL https://www.fool.com/investing/2022/05/08/why-did-shares-of-block-fall-27-in-april/
=== エラー内容 ===
type:<class 'newspaper.article.ArticleException'>
args:("Article `download()` failed with HTTPSConnectionPool(host='www.fool.com', port=443): Read timed out. (read timeout=7) on URL https://www.fool.com/investing/2022/05/08/3-reasons-sticking-digitalocean-losses/",)
e自身:Article `download()` failed with HTTPSConnectionPool(host='www.fool.com', port=443): Read timed out. (read timeout=7) on URL https://www.fool.com/investing/2022/05/08/3-reasons-sticking-digitalocean-losses/
=== エラー内容 ===
type:<class 'newspaper.article.ArticleException'>
args:("Article `download()` failed with HTTPSConnectionPool(host='www.fool.com', port=443): Read timed out. (read timeout=7) on URL https://www.fool.com/investing/2022/05/08/2-growth-stocks-you-can-buy-right-now-for-under-10/",)
e自身:Article `download()` failed with HTTPSConnectionPool(host='www.fool.com', port=443): Read timed out. (read timeout=7) on URL https://www.fool.com/investing/2022/05/08/2-growth-stocks-you-can-buy-right-now-for-under-10/
=== エラー内容 ===
type:<class 'IndexError'>
args:('list index out of range',)
e自身:list index out of range
タイトル:Stock futures slip as Wall Street attempts to stabilize after rollercoaster week
On Roe v. Wade, big companies already have a precedent for effective action
Bitcoin drops below $34,000 to hit its lowest level since January after stock sell-off
Gold prices slip as dollar strengthens toward 20-year high
Stocks fall on Friday to close out tumultuous week, Dow drops for sixth straight week
Zelenskyy says more than 300 civilians rescued from besieged steel plant, more evacuations planned
Dow tumbles more than 900 points and the Nasdaq drops 4% on Friday to close out a brutal month
Japan's Nikkei falls more than 2% as Asia stocks slip; China's April trade data come in above expectations
Here's why this earnings season is signaling a summer travel boom
You should avoid selling investments to pay down debt — except for this one caveat, say experts
Labor agency says Amazon union’s meeting complaints have merit
UK says Ukraine war 'taking a heavy toll' on Russia's advanced units; Biden announces new military aid package for Ukraine. Follow our live updates
This ex-Super Bowl champion wants to help make mental health more affordable for Black millennials
Jill Biden pays surprise visit to Ukraine; 60 feared dead in Russian bombing of Ukrainian school
Paul Tudor Jones says he can't think of a worse financial environment for stocks or bonds right now

日本語タイトル:['ウォール街がジェットコースターのような1週間を終え、安定化を図る中、株式先物は下落。', 'Roe v. Wadeについて、大企業はすでに効果的な行動の前例がある', 'ビットコインが34,000ドルを割り込み、株売りを受けて1月以来の低水準となる', '金相場は、20年ぶりの高値に向けたドル高を受け、下落', '金曜日の株価は下落し、波乱の1週間が終了、ダウは6週連続の下落', 'ゼレンスキー氏によると、包囲された製鉄所から300人以上の市民が救出され、さらなる避難が計画されている。', 'ダウは900ポイント以上下落、ナスダックは4％下落し、激動の1ヶ月が終了', '日経平均株価は2％以上下落、アジア諸国の株価は下落、中国の4月貿易統計は予想を上回った', 'この収益シーズンが夏の旅行ブームを示唆する理由はここにある。', '日本経済新聞によると、日本経済新聞社は2012年4月1日付で「日本経済新聞社賞」を受賞した。', '労働庁、アマゾン労組の会議への苦情は正当と判断', '英国、ウクライナ戦争はロシアの先端部隊に「大きな犠牲を強いている」と発言、バイデン氏はウクライナへの新たな軍事支援策を発表 ライブアップデートをフォロー', 'この元スーパーボウルチャンピオンは、黒人のミレニアル世代がメンタルヘルスをより手頃な価格で利用できるようにしたいと考えています。', 'ジル・バイデン氏がウクライナをサプライズ訪問、ロシアによるウクライナの学校への爆撃で60人が死亡の恐れ']
=== エラー内容 ===
type:<class 'newspaper.article.ArticleException'>
args:("Article `download()` failed with HTTPSConnectionPool(host='www.bloomberg.com', port=443): Read timed out. (read timeout=7) on URL https://www.bloomberg.com/opinion/articles/2022-05-07/spring-flowers-are-blooming-earlier-because-of-climate-change",)
e自身:Article `download()` failed with HTTPSConnectionPool(host='www.bloomberg.com', port=443): Read timed out. (read timeout=7) on URL https://www.bloomberg.com/opinion/articles/2022-05-07/spring-flowers-are-blooming-earlier-because-of-climate-change
=== エラー内容 ===
type:<class 'newspaper.article.ArticleException'>
args:("Article `download()` failed with HTTPSConnectionPool(host='www.bloomberg.com', port=443): Read timed out. (read timeout=7) on URL https://www.bloomberg.com/news/articles/2022-05-08/saudis-cut-oil-prices-from-record-levels-amid-china-lockdowns",)
e自身:Article `download()` failed with HTTPSConnectionPool(host='www.bloomberg.com', port=443): Read timed out. (read timeout=7) on URL https://www.bloomberg.com/news/articles/2022-05-08/saudis-cut-oil-prices-from-record-levels-amid-china-lockdowns
=== エラー内容 ===
type:<class 'newspaper.article.ArticleException'>
args:("Article `download()` failed with HTTPSConnectionPool(host='www.bloomberg.com', port=443): Read timed out. (read timeout=7) on URL https://www.bloomberg.com/news/articles/2022-05-06/china-orders-government-state-firms-to-dump-foreign-pcs",)
e自身:Article `download()` failed with HTTPSConnectionPool(host='www.bloomberg.com', port=443): Read timed out. (read timeout=7) on URL https://www.bloomberg.com/news/articles/2022-05-06/china-orders-government-state-firms-to-dump-foreign-pcs
=== エラー内容 ===
type:<class 'newspaper.article.ArticleException'>
args:("Article `download()` failed with HTTPSConnectionPool(host='www.bloomberg.com', port=443): Read timed out. (read timeout=7) on URL https://www.bloomberg.com/news/articles/2022-05-09/eu-drops-plan-to-stop-tankers-moving-russian-oil-to-other-buyers",)
e自身:Article `download()` failed with HTTPSConnectionPool(host='www.bloomberg.com', port=443): Read timed out. (read timeout=7) on URL https://www.bloomberg.com/news/articles/2022-05-09/eu-drops-plan-to-stop-tankers-moving-russian-oil-to-other-buyers
=== エラー内容 ===
type:<class 'newspaper.article.ArticleException'>
args:("Article `download()` failed with HTTPSConnectionPool(host='www.bloomberg.com', port=443): Read timed out. (read timeout=7) on URL https://www.bloomberg.com/news/articles/2022-05-09/megacap-optimists-buckle-under-weight-of-bear-market-tech-watch",)
e自身:Article `download()` failed with HTTPSConnectionPool(host='www.bloomberg.com', port=443): Read timed out. (read timeout=7) on URL https://www.bloomberg.com/news/articles/2022-05-09/megacap-optimists-buckle-under-weight-of-bear-market-tech-watch
=== エラー内容 ===
type:<class 'newspaper.article.ArticleException'>
args:("Article `download()` failed with HTTPSConnectionPool(host='www.bloomberg.com', port=443): Read timed out. (read timeout=7) on URL https://www.bloomberg.com/news/articles/2022-05-06/ukraine-latest-orban-sharpens-opposition-to-fast-russia-oil-ban",)
e自身:Article `download()` failed with HTTPSConnectionPool(host='www.bloomberg.com', port=443): Read timed out. (read timeout=7) on URL https://www.bloomberg.com/news/articles/2022-05-06/ukraine-latest-orban-sharpens-opposition-to-fast-russia-oil-ban
=== エラー内容 ===
type:<class 'newspaper.article.ArticleException'>
args:("Article `download()` failed with HTTPSConnectionPool(host='www.bloomberg.com', port=443): Read timed out. (read timeout=7) on URL https://www.bloomberg.com/news/articles/2022-05-09/bitcoin-flirts-with-lowest-level-since-2021-as-equities-swoon",)
e自身:Article `download()` failed with HTTPSConnectionPool(host='www.bloomberg.com', port=443): Read timed out. (read timeout=7) on URL https://www.bloomberg.com/news/articles/2022-05-09/bitcoin-flirts-with-lowest-level-since-2021-as-equities-swoon
=== エラー内容 ===
type:<class 'IndexError'>
args:('list index out of range',)
e自身:list index out of range
タイトル:Rite Aid Wants to Help Children Get Medical Care
Tesla Saved The Planet Millions of Tons of CO2 Last Year
Bitcoin: Key Support Fails. How to Trade It?
Taco Bell And Dolly Parton Take a Menu Favorite Live
Biotechs Mirror Tech Stock Slump
Elon Musk Sounds The Alarm About Japan
Las Vegas Strip Casino Brings Back a 70s Icon (Not the Way You Think)
Disney's 'Guardians of the Galaxy' Roller Coaster Early Reviews Are Intense
Here's What Workers Hate Most About Their Job
Norwegian, Carnival and Royal Caribbean Are Almost All Back To Full-Fleet

日本語タイトル:['']
=== エラー内容 ===
type:<class 'IndexError'>
args:('list index out of range',)
e自身:list index out of range
タイトル:Stocks and oil dive as investors hunt safe havens
EXCLUSIVE German gas importer VNG to transfer euros to Russia for payment
EU industry chief Breton, Musk signal agreement on Digital Services Act
Dow falls more than 600 points, S&P 500 tumbles below 4,000 to the lowest level in a year
Jim Cramer explains how investors willing to weather the currently turbulent market should strengthen their portfolios
Hong Kong leading losses in Asia as tech stocks drag down most markets
Rite Aid Wants to Help Children Get Medical Care
Tesla Saved The Planet Millions of Tons of CO2 Last Year
Bitcoin: Key Support Fails. How to Trade It?
Home affordability will continue to be a problem, market expert predicts
FCC commissioner says Biden's 'disinformation board' is 'unconstitutional'
Gas prices could hit a new record high: Here's how to save
Ukraine marks subdued, optimistic Victory Day
Opinion  The Supreme Court's anti-democratic actions extend far beyond Roe
Analysis  Making EV Batteries Is Expensive. So Now What?
Airbnb CEO: The office is 'anachronistic' and 'from a pre-digital age'
The Great Resignation Is Turning Into the Forever Resignation
Real-Estate Stocks to Buy: 8 Picks Including Top David Einhorn Holding
Biden signs law aimed at streamlining US military aid to Ukraine
Alabama corrections officer who escaped with inmate has died in hospital, sheriff says
Russia's war in Ukraine: Live Updates
Anthony Anderson Graduates From Howard, Reveals NSFW Message That His Degree 'Said'
The Common Places BA.2 And Other Omicron Subvariants Are Spreading
Joe Biden Approves Historic Program To Arm Ukraine
Stock Market Today: Dow, S&P Live Updates for May 9
Grindr Dating App to Go Public Through Tiga SPAC at $2.1 Billion Valuation
Crypto Mining Stocks Like Marathon (MARA), Riot Fall as BTC Slumps
Why Amazon.com Is Falling Today - The Motley Fool
Here's Why Block (Square) Is Plunging Today - The Motley Fool
Otonomy (OTIC) Q1 2022 Earnings Call Transcript - The Motley Fool

日本語タイトル:['']
=== エラー内容 ===
type:<class 'IndexError'>
args:('list index out of range',)
e自身:list index out of range
タイトル:EXCLUSIVE German gas importer VNG to transfer euros to Russia for payment
Stocks and oil dive as investors hunt safe havens
EU industry chief Breton, Musk signal agreement on Digital Services Act
Dow falls more than 600 points, S&P 500 tumbles below 4,000 to the lowest level in a year
Jim Cramer explains how investors willing to weather the currently turbulent market should strengthen their portfolios
Use market downturn to upgrade your portfolio with solid, reasonably priced growth stocks, Cramer says
Rite Aid Wants to Help Children Get Medical Care
Tesla Saved The Planet Millions of Tons of CO2 Last Year
Bitcoin: Key Support Fails. How to Trade It?
Home affordability will continue to be a problem, market expert predicts
FCC commissioner says Biden's 'disinformation board' is 'unconstitutional'
Thousands of Austin residents experience power outage during spring heat wave
Opinion  The Supreme Court's anti-democratic actions extend far beyond Roe
Opinion  Chris Murphy's warning about the Supreme Court and Roe reveals Mitch McConnell's game
Ukraine marks subdued, optimistic Victory Day
Airbnb CEO: The office is 'anachronistic' and 'from a pre-digital age'
The Great Resignation Is Turning Into the Forever Resignation
Real-Estate Stocks to Buy: 8 Picks Including Top David Einhorn Holding
Biden signs law aimed at streamlining US military aid to Ukraine
Alabama corrections officer who escaped with inmate has died in hospital, sheriff says
Russia's war in Ukraine: Live Updates
Anthony Anderson Graduates From Howard, Reveals NSFW Message That His Degree 'Said'
Fugitive Alabama Prisoner Arrested, Corrections Officer Dead After Chase
The Common Places BA.2 And Other Omicron Subvariants Are Spreading
Stock Market Today: Dow, S&P Live Updates for May 9
Grindr Dating App to Go Public Through Tiga SPAC at $2.1 Billion Valuation
Long Holders Selling Is the Reason of Bitcoin Prices Meltdown Today
Why Amazon.com Is Falling Today - The Motley Fool
Here's Why Block (Square) Is Plunging Today - The Motley Fool
Otonomy (OTIC) Q1 2022 Earnings Call Transcript - The Motley Fool

日本語タイトル:['']
=== エラー内容 ===
type:<class 'IndexError'>
args:('list index out of range',)
e自身:list index out of range
タイトル:Utah Creates a Blockchain and Digital Innovation Task Force
Bitcoin Falls Below $31,000, Lowest Since July, As U.S. Dollar Leaps
Tesla Saved The Planet Millions of Tons of CO2 Last Year
What Failure-to-Deliver Data Says About AMC Stock
Elon Musk Sounds The Alarm About Japan
JPMorgan, U.S. Bancorp Cited by Morningstar as Winners
Taco Bell And Dolly Parton Take a Menu Favorite Live
Las Vegas Strip Casino Brings Back a 70s Icon (Not the Way You Think)
Can Apple Stock Weather This Storm In The Markets?
Match Group Isn’t Dating Google Anymore
Biotechs Mirror Tech Stock Slump
Disney's 'Guardians of the Galaxy' Roller Coaster Early Reviews Are Intense
Norwegian, Carnival and Royal Caribbean Are Almost All Back To Full-Fleet
Tesla Has Big News For The Future
Here's What Workers Hate Most About Their Job

日本語タイトル:['']
=== エラー内容 ===
type:<class 'IndexError'>
args:('list index out of range',)
e自身:list index out of range
タイトル:Utah Creates a Blockchain and Digital Innovation Task Force
Khloé Kardashian-Endorsed Migraine Drugmaker Biohaven Sold To Pfizer For $11.6 Billion
What Failure-to-Deliver Data Says About AMC Stock
Housing: A Bit of Good News Sprouts Amid All the Bad
Elon Musk Sounds The Alarm About Japan
Bitcoin Falls Below $31,000, Lowest Since July, As U.S. Dollar Leaps
Three REITs Stand Strong Amid Slump: Morningstar's Take
Tesla Saved The Planet Millions of Tons of CO2 Last Year
Can Apple Stock Weather This Storm In The Markets?
Las Vegas Strip Casino Brings Back a 70s Icon (Not the Way You Think)
Stock Market Today - 510: Stocks Turn Lower As Rate Bets, Growth Worries Resurface
Biotechs Mirror Tech Stock Slump
Tesla Has Big News For The Future
Taco Bell And Dolly Parton Take a Menu Favorite Live
Peloton Stock Plummets After Wider Q3 Loss, Weak Sales Outlook As Turnaround Stumbles

日本語タイトル:['ユタ州、ブロックチェーンとデジタルイノベーションのタスクフォースを創設', 'クロエ・カーダシアンお墨付きの偏頭痛治療薬メーカーBiohavenが116億ドルでファイザーに売却される', 'Failure-to-Deliver DataがAMC株について語ること', '住宅 悪いニュースが多い中、良いニュースが少しある。', 'イーロン・マスクが日本について警鐘を鳴らす', 'ビットコインが31,000ドルを割り込み、7月以来の低水準に、米ドルの急騰で', '低迷するREIT3社が健闘。モーニングスターの見解', 'テスラは昨年、地球を何百万トンもの二酸化炭素で救いました。', 'アップル株は市場の嵐を切り抜けられるか？', 'ラスベガスストリップのカジノは70年代のアイコンを（あなたが考える方法ではない）を復活させる', '今日の株式市場 - 510。金利上昇、成長への懸念が再燃し、株価は下落に転じる', 'バイオテクノロジーがハイテク株の低迷を映し出す', 'テスラ、将来に向けてビッグニュースあり', 'タコベルとドリーパートンは、メニューのお気に入りライブを取る']
=== エラー内容 ===
type:<class 'IndexError'>
args:('list index out of range',)
e自身:list index out of range
タイトル:European markets close higher as sentiment rebounds; Swedish Match jumps 25%
Dow slips for a fourth day ahead of key inflation data
Hong Kong leads losses in Asia as tech stocks drag down most markets
Dow falls more than 600 points, S&P 500 tumbles below 4,000 to the lowest level in a year
Amazon stock has lost nearly all of its gains from the pandemic
FIFA video game to disappear as EA Sports partnership ends
Tech giants lost more than $1 trillion in value in the last three trading days
Use market downturn to upgrade your portfolio with solid, reasonably priced growth stocks, Cramer says
Tech's latest IPOs are getting demolished, with Robinhood, Rivian, UiPath down over 70% from offer price
Elon Musk says he would lift Twitter ban on Donald Trump after deal closes
Meta's first store aims to lure consumers to the metaverse
Nintendo announces surprise 10-for-1 stock split; expects Switch sales to fall 9%
Dollar rises in choppy trade as inflation data eyed
Stocks making the biggest moves midday: Peloton, Upstart, Vroom and more
Pfizer deal will help expand reach of migraine pill Nurtec, Biohaven CEO says

日本語タイトル:['欧州市場はセンチメント回復で高値引け、スウェーデン・マッチは25％急伸', 'ダウは4日続落、重要なインフレ指標を控えて', '香港がアジアでの損失をリード、ハイテク株がほとんどの市場の足を引っ張る', 'ダウは600ポイント以上下落、S&P500は4,000を割り込み年初来安値に転落', 'アマゾン株は、パンデミックによる利益のほぼすべてを失った', 'FIFAビデオゲーム、EAスポーツとの提携終了で消滅へ', 'ハイテク大手はここ3日間の取引で1兆ドル以上の価値を失った', 'このような状況下でも、「堅実でリーズナブルな成長株でポートフォリオをアップグレードしよう」とクレーマーは言う。', 'テクノロジー関連の最新IPOは壊滅状態、Robinhood, Rivian, UiPathは公募価格から70%以上下落。', 'イーロン・マスク氏、取引終了後にドナルド・トランプ氏へのTwitter禁止令を解除すると発言', 'Metaの最初の店舗は、メタバースに消費者を誘致することを目的としています。', '任天堂、10対1の株式分割をサプライズ発表、Switchの売上は9％減を予想', 'ドル円は、インフレデータへの期待から、不安定な取引で上昇しました。', '今日、最も大きく動いた銘柄は？ペロトン、アップスタート、ヴルーム、その他']
=== エラー内容 ===
type:<class 'IndexError'>
args:('list index out of range',)
e自身:list index out of range
タイトル:Analysis  The actual threat posed by a political 'cult' in America
Economist Lisa Cook to become first Black woman on Fed board
Why Sen. Thom Tillis, GOP leaders are campaigning to oust Rep. Madison Cawthorn
Elon Musk says he would reverse Twitter ban on Donald Trump
Opinion  Biden's bipartisan fantasy is kaput
House approves nearly $40 billion in aid to Ukraine as it fights off Russian aggression
The border-town provider trying to save abortion for Texas women
Private lands are the next battleground in state conservation policy
The new book bans: Restricting school library databases
Inside the opioid sales machine of Mallinckrodt Pharmaceuticals - Washington Post
Opinion  A runoff in Texas explains what's wrong with our abortion politics
Opinion  Russia's top propagandist in Latin America has a change of heart
Trump-backed Herbster, accused of groping, loses to Pillen in Neb.; Mooney wins in W.Va.
Opinion  Chris Murphy's warning about the Supreme Court and Roe reveals Mitch McConnell's game
Metro hires new general manager amid pandemic, safety challenges

日本語タイトル:['']
=== エラー内容 ===
type:<class 'IndexError'>
args:('list index out of range',)
e自身:list index out of range
タイトル:Russian Fighter Jets Found With GPS Taped to Dashboards: UK
Some Facebook Insiders Are Concerned That Layoffs Are Coming
Airbnb CEO: The office is 'anachronistic' and 'from a pre-digital age'
The Great Resignation Is Turning Into the Forever Resignation
The DOJ Is Investigating Mental-Health Startup Cerebral
Susan Collins calls police over pro-choice public-sidewalk chalk
The Pitch Deck Reverence Used to Raise $9 Million From Target Global
Janet Yellen: Student-loan forgiveness 'could be good for the economy'
Tech Industry Braces for Cost Cutting, Layoffs. Who's Most at Risk.
Saudis Directly Tied to 911: Declassified Documents
Zelenskyy says Russia hasn't burned all bridges with Ukraine
Crypto Startup Highlight Raises $11M for NFT Platform for Music Fans
China using 3D printing and AI to build 590-foot-tall dam: scientists
See onboard these luxury yachts with mini beach clubs, bathing decks
Belarus' Lukashenko says use of nukes in Ukraine would be 'unacceptable'

日本語タイトル:['']
=== エラー内容 ===
type:<class 'IndexError'>
args:('list index out of range',)
e自身:list index out of range
タイトル:European markets close higher as sentiment rebounds; Swedish Match jumps 25%
Dow slips for a fourth day ahead of key inflation data
Hong Kong leads losses in Asia as tech stocks drag down most markets
Tech's latest IPOs are getting demolished, with Robinhood, Rivian, UiPath down over 70% from offer price
Roblox shares sink on disappointing revenue and wider-than-expected loss
Meta's first store aims to lure consumers to the metaverse
Amazon stock has lost nearly all of its gains from the pandemic
Fed's Waller promises to tackle inflation, says mistakes of the '70s won't be repeated
Don't panic? Strategists give reasons to stay invested despite market turmoil
Nintendo announces surprise 10-for-1 stock split; expects Switch sales to fall 9%
Elon Musk says he would lift Twitter ban on Donald Trump after deal closes
Tech giants lost more than $1 trillion in value in the last three trading days
Use market downturn to upgrade your portfolio with solid, reasonably priced growth stocks, Cramer says
FIFA video game to disappear as EA Sports partnership ends
April's consumer price index report expected to show inflation has already peaked

日本語タイトル:['']
=== エラー内容 ===
type:<class 'IndexError'>
args:('list index out of range',)
e自身:list index out of range
タイトル:Economist Lisa Cook to become first Black woman on Fed board
Why Sen. Thom Tillis, GOP leaders are campaigning to oust Rep. Madison Cawthorn
Analysis  The actual threat posed by a political 'cult' in America
The border-town provider trying to save abortion for Texas women
Private lands are the next battleground in state conservation policy
The new book bans: Restricting school library databases
Gas prices climb to new record, putting Biden in a fresh bind
Inside the opioid sales machine of Mallinckrodt Pharmaceuticals - Washington Post
Elon Musk says he would reverse Twitter ban on Donald Trump
Opinion  A runoff in Texas explains what's wrong with our abortion politics
Trump-backed Herbster, accused of groping, loses to Pillen in Neb.; Mooney wins in W.Va.
Opinion  Chris Murphy's warning about the Supreme Court and Roe reveals Mitch McConnell's game
Metro hires new general manager amid pandemic, safety challenges
Gordon Sondland, the quid pro quo guy from Trump's first impeachment, wants another kind of public hearing
Singer Nick Cave confirms son Jethro Lazenby has died at 31

日本語タイトル:['']
=== エラー内容 ===
type:<class 'IndexError'>
args:('list index out of range',)
e自身:list index out of range
タイトル:Analysis: UK consumer despair suggests government mishandling inflationary crunch.com
Shares hold up, yields drop before U.S. inflation data.com
Oil rises as Russia gas flow to Europe falls, EU Russian oil ban looms.com
European markets climb as investors look ahead to U.S. inflation data; Stoxx 600 up 1.3%
London is looking to tap the deep pockets of Silicon Valley
Dow slips for a fourth day ahead of key inflation data
Elon Musk Says He Will Reverse Trump's Twitter Ban
Norwegian Cruise Stock: Is It a Buy After 'Inflection' Quarter?
Betting On Zero Podcast: Tucker Carlson & Stablecoins
Residents from Biden's home state sound off on gas prices as inflation rages on
DeSantis notches legal win in battle over law revoking Disney's special tax district
April inflation report wildcard
Economist Lisa Cook to become first Black woman on Fed board
Why Sen. Thom Tillis, GOP leaders are campaigning to oust Rep. Madison Cawthorn
Analysis  The actual threat posed by a political 'cult' in America
How the DJ Kloud Made $1.24 Million by Selling 5,000 Unique NFTs
Nintendo's Doug Bowser on Why Life Is Like Donkey Kong
How Amazon Is Building Its Huge Advertising Business
Sri Lanka protesters burn politicians' homes as country plunges further into chaos
Elon Musk says he would reverse Twitter's Trump ban
Oil stocks are the new FAANGs
Gen Xers Get Skipped Again And Yep, That's Exactly What They Expected Anyway
Republicans Set To Block Bill Codifying Roe v. Wade Once Again
Inflation, Not Abortion, At The Center Of Biden’s Midterm Message
Stock Market Today: Dow, S&P Live Updates for May. 10, 2022
Elon Musk Says He Would Reverse Twitter's Permanent Ban on Trump
German Investor Confidence Stabilizes as War in Ukraine Drags On
FTC Solar, Inc. (FTCI) Q1 2022 Earnings Call Transcript - The Motley Fool
Upstart Stock Downgraded -- Is It Time to Panic? - The Motley Fool
Flywire Corporation (FLYW) Q1 2022 Earnings Call Transcript - The Motley Fool

日本語タイトル:['']
=== エラー内容 ===
type:<class 'newspaper.article.ArticleException'>
args:("Article `download()` failed with HTTPSConnectionPool(host='www.foxbusiness.com', port=443): Read timed out. (read timeout=7) on URL https://www.foxbusiness.com/economy/delaware-residents-biden-home-sound-off-gas-prices-inflation-rages",)
e自身:Article `download()` failed with HTTPSConnectionPool(host='www.foxbusiness.com', port=443): Read timed out. (read timeout=7) on URL https://www.foxbusiness.com/economy/delaware-residents-biden-home-sound-off-gas-prices-inflation-rages
=== エラー内容 ===
type:<class 'newspaper.article.ArticleException'>
args:("Article `download()` failed with HTTPSConnectionPool(host='www.foxbusiness.com', port=443): Read timed out. (read timeout=7) on URL https://www.foxbusiness.com/markets/stock-futures-5-11-2022",)
e自身:Article `download()` failed with HTTPSConnectionPool(host='www.foxbusiness.com', port=443): Read timed out. (read timeout=7) on URL https://www.foxbusiness.com/markets/stock-futures-5-11-2022
=== エラー内容 ===
type:<class 'newspaper.article.ArticleException'>
args:("Article `download()` failed with HTTPSConnectionPool(host='www.foxbusiness.com', port=443): Read timed out. (read timeout=7) on URL https://www.foxbusiness.com/markets/oil-prices-rise-5-11-2022",)
e自身:Article `download()` failed with HTTPSConnectionPool(host='www.foxbusiness.com', port=443): Read timed out. (read timeout=7) on URL https://www.foxbusiness.com/markets/oil-prices-rise-5-11-2022
=== エラー内容 ===
type:<class 'newspaper.article.ArticleException'>
args:("Article `download()` failed with HTTPSConnectionPool(host='www.foxbusiness.com', port=443): Read timed out. (read timeout=7) on URL https://www.foxbusiness.com/lifestyle/airbnb-travel-summer-2022",)
e自身:Article `download()` failed with HTTPSConnectionPool(host='www.foxbusiness.com', port=443): Read timed out. (read timeout=7) on URL https://www.foxbusiness.com/lifestyle/airbnb-travel-summer-2022
=== エラー内容 ===
type:<class 'newspaper.article.ArticleException'>
args:("Article `download()` failed with HTTPSConnectionPool(host='www.foxbusiness.com', port=443): Read timed out. (read timeout=7) on URL https://www.foxbusiness.com/technology/apple-discontinuing-ipod",)
e自身:Article `download()` failed with HTTPSConnectionPool(host='www.foxbusiness.com', port=443): Read timed out. (read timeout=7) on URL https://www.foxbusiness.com/technology/apple-discontinuing-ipod
=== エラー内容 ===
type:<class 'newspaper.article.ArticleException'>
args:("Article `download()` failed with HTTPSConnectionPool(host='www.foxbusiness.com', port=443): Read timed out. (read timeout=7) on URL https://www.foxbusiness.com/technology/russian-hackers-ramping-up-after-ukraine-cyberattack-musk-warns",)
e自身:Article `download()` failed with HTTPSConnectionPool(host='www.foxbusiness.com', port=443): Read timed out. (read timeout=7) on URL https://www.foxbusiness.com/technology/russian-hackers-ramping-up-after-ukraine-cyberattack-musk-warns
=== エラー内容 ===
type:<class 'IndexError'>
args:('list index out of range',)
e自身:list index out of range
タイトル:Biden moves to strike F-16 arms deal with Turkey: report
Biden met with union organizers from Starbucks and Amazon
How the DJ Kloud Made $1.24 Million by Selling 5,000 Unique NFTs
5 Ways to Invest As a Recession Hits the US: David Rosenberg
Airbnb CEO: The office is 'anachronistic' and 'from a pre-digital age'
Some Facebook Insiders Are Concerned That Layoffs Are Coming
The Great Resignation Is Turning Into the Forever Resignation
Susan Collins calls police over pro-choice public-sidewalk chalk
The DOJ Is Investigating Mental-Health Startup Cerebral
Tech Industry Braces for Cost Cutting, Layoffs. Who's Most at Risk.
The Pitch Deck Reverence Used to Raise $9 Million From Target Global
Saudis Directly Tied to 911: Declassified Documents
Former Facebook moderator accuses Meta of human trafficking
Zelenskyy says Russia hasn't burned all bridges with Ukraine
How the Philippines elected a dictator's son as president

日本語タイトル:['']
=== エラー内容 ===
type:<class 'newspaper.article.ArticleException'>
args:("Article `download()` failed with HTTPSConnectionPool(host='www.bloomberg.com', port=443): Read timed out. (read timeout=7) on URL https://www.bloomberg.com/news/articles/2022-05-10/mixed-messages-from-top-china-leaders-feed-speculation-of-split",)
e自身:Article `download()` failed with HTTPSConnectionPool(host='www.bloomberg.com', port=443): Read timed out. (read timeout=7) on URL https://www.bloomberg.com/news/articles/2022-05-10/mixed-messages-from-top-china-leaders-feed-speculation-of-split
=== エラー内容 ===
type:<class 'newspaper.article.ArticleException'>
args:('Article `download()` failed with 503 Server Error: Service Unavailable for url: https://www.businessinsider.com/biden-turkey-arms-deal-report-amid-erdogan-ukraine-peacemaker-role-2022-5 on URL https://www.businessinsider.com/biden-turkey-arms-deal-report-amid-erdogan-ukraine-peacemaker-role-2022-5',)
e自身:Article `download()` failed with 503 Server Error: Service Unavailable for url: https://www.businessinsider.com/biden-turkey-arms-deal-report-amid-erdogan-ukraine-peacemaker-role-2022-5 on URL https://www.businessinsider.com/biden-turkey-arms-deal-report-amid-erdogan-ukraine-peacemaker-role-2022-5
=== エラー内容 ===
type:<class 'newspaper.article.ArticleException'>
args:('Article `download()` failed with 503 Server Error: Service Unavailable for url: https://www.businessinsider.com/nintendo-donkey-kong-doug-bowser-commencement-speech-2022-5 on URL https://www.businessinsider.com/nintendo-donkey-kong-doug-bowser-commencement-speech-2022-5',)
e自身:Article `download()` failed with 503 Server Error: Service Unavailable for url: https://www.businessinsider.com/nintendo-donkey-kong-doug-bowser-commencement-speech-2022-5 on URL https://www.businessinsider.com/nintendo-donkey-kong-doug-bowser-commencement-speech-2022-5
=== エラー内容 ===
type:<class 'newspaper.article.ArticleException'>
args:('Article `download()` failed with 503 Server Error: Service Unavailable for url: https://www.businessinsider.com/biden-turkey-arms-deal-report-amid-erdogan-ukraine-peacemaker-role-2022-5 on URL https://www.businessinsider.com/biden-turkey-arms-deal-report-amid-erdogan-ukraine-peacemaker-role-2022-5',)
e自身:Article `download()` failed with 503 Server Error: Service Unavailable for url: https://www.businessinsider.com/biden-turkey-arms-deal-report-amid-erdogan-ukraine-peacemaker-role-2022-5 on URL https://www.businessinsider.com/biden-turkey-arms-deal-report-amid-erdogan-ukraine-peacemaker-role-2022-5
=== エラー内容 ===
type:<class 'newspaper.article.ArticleException'>
args:('Article `download()` failed with 503 Server Error: Service Unavailable for url: https://www.businessinsider.com/ex-facebook-moderator-accuses-meta-human-trafficking-kenya-2022-5 on URL https://www.businessinsider.com/ex-facebook-moderator-accuses-meta-human-trafficking-kenya-2022-5',)
e自身:Article `download()` failed with 503 Server Error: Service Unavailable for url: https://www.businessinsider.com/ex-facebook-moderator-accuses-meta-human-trafficking-kenya-2022-5 on URL https://www.businessinsider.com/ex-facebook-moderator-accuses-meta-human-trafficking-kenya-2022-5
=== エラー内容 ===
type:<class 'newspaper.article.ArticleException'>
args:('Article `download()` failed with 503 Server Error: Service Unavailable for url: https://www.businessinsider.com/recession-risk-economy-gdp-investing-strategy-stock-market-david-rosenberg-2022-5 on URL https://www.businessinsider.com/recession-risk-economy-gdp-investing-strategy-stock-market-david-rosenberg-2022-5',)
e自身:Article `download()` failed with 503 Server Error: Service Unavailable for url: https://www.businessinsider.com/recession-risk-economy-gdp-investing-strategy-stock-market-david-rosenberg-2022-5 on URL https://www.businessinsider.com/recession-risk-economy-gdp-investing-strategy-stock-market-david-rosenberg-2022-5
=== エラー内容 ===
type:<class 'newspaper.article.ArticleException'>
args:('Article `download()` failed with 503 Server Error: Service Unavailable for url: https://www.businessinsider.com/russia-captured-ukrainian-city-rubles-russian-internet-report-2022-5 on URL https://www.businessinsider.com/russia-captured-ukrainian-city-rubles-russian-internet-report-2022-5',)
e自身:Article `download()` failed with 503 Server Error: Service Unavailable for url: https://www.businessinsider.com/russia-captured-ukrainian-city-rubles-russian-internet-report-2022-5 on URL https://www.businessinsider.com/russia-captured-ukrainian-city-rubles-russian-internet-report-2022-5
=== エラー内容 ===
type:<class 'newspaper.article.ArticleException'>
args:('Article `download()` failed with 503 Server Error: Service Unavailable for url: https://www.businessinsider.com/airbnb-ceo-brian-chesky-office-anachronistic-from-pre-digital-age-2022-5 on URL https://www.businessinsider.com/airbnb-ceo-brian-chesky-office-anachronistic-from-pre-digital-age-2022-5',)
e自身:Article `download()` failed with 503 Server Error: Service Unavailable for url: https://www.businessinsider.com/airbnb-ceo-brian-chesky-office-anachronistic-from-pre-digital-age-2022-5 on URL https://www.businessinsider.com/airbnb-ceo-brian-chesky-office-anachronistic-from-pre-digital-age-2022-5
=== エラー内容 ===
type:<class 'newspaper.article.ArticleException'>
args:('Article `download()` failed with 503 Server Error: Service Unavailable for url: https://www.businessinsider.com/how-amazon-building-huge-advertising-business-2022-5 on URL https://www.businessinsider.com/how-amazon-building-huge-advertising-business-2022-5',)
e自身:Article `download()` failed with 503 Server Error: Service Unavailable for url: https://www.businessinsider.com/how-amazon-building-huge-advertising-business-2022-5 on URL https://www.businessinsider.com/how-amazon-building-huge-advertising-business-2022-5
=== エラー内容 ===
type:<class 'newspaper.article.ArticleException'>
args:('Article `download()` failed with 503 Server Error: Service Unavailable for url: https://www.businessinsider.com/facebook-meta-insiders-concerned-layoffs-are-coming-hiring-freeze-2022-5 on URL https://www.businessinsider.com/facebook-meta-insiders-concerned-layoffs-are-coming-hiring-freeze-2022-5',)
e自身:Article `download()` failed with 503 Server Error: Service Unavailable for url: https://www.businessinsider.com/facebook-meta-insiders-concerned-layoffs-are-coming-hiring-freeze-2022-5 on URL https://www.businessinsider.com/facebook-meta-insiders-concerned-layoffs-are-coming-hiring-freeze-2022-5
=== エラー内容 ===
type:<class 'newspaper.article.ArticleException'>
args:('Article `download()` failed with 503 Server Error: Service Unavailable for url: https://www.businessinsider.com/great-resignation-forever-turnover-job-quitting-remote-work-2022-5 on URL https://www.businessinsider.com/great-resignation-forever-turnover-job-quitting-remote-work-2022-5',)
e自身:Article `download()` failed with 503 Server Error: Service Unavailable for url: https://www.businessinsider.com/great-resignation-forever-turnover-job-quitting-remote-work-2022-5 on URL https://www.businessinsider.com/great-resignation-forever-turnover-job-quitting-remote-work-2022-5
=== エラー内容 ===
type:<class 'newspaper.article.ArticleException'>
args:('Article `download()` failed with 503 Server Error: Service Unavailable for url: https://www.businessinsider.com/susan-collins-calls-police-abortion-public-sidewalk-chalk-2022-5 on URL https://www.businessinsider.com/susan-collins-calls-police-abortion-public-sidewalk-chalk-2022-5',)
e自身:Article `download()` failed with 503 Server Error: Service Unavailable for url: https://www.businessinsider.com/susan-collins-calls-police-abortion-public-sidewalk-chalk-2022-5 on URL https://www.businessinsider.com/susan-collins-calls-police-abortion-public-sidewalk-chalk-2022-5
=== エラー内容 ===
type:<class 'newspaper.article.ArticleException'>
args:('Article `download()` failed with 503 Server Error: Service Unavailable for url: https://www.businessinsider.com/doj-investigating-mental-health-startup-cerebral-2022-5 on URL https://www.businessinsider.com/doj-investigating-mental-health-startup-cerebral-2022-5',)
e自身:Article `download()` failed with 503 Server Error: Service Unavailable for url: https://www.businessinsider.com/doj-investigating-mental-health-startup-cerebral-2022-5 on URL https://www.businessinsider.com/doj-investigating-mental-health-startup-cerebral-2022-5
=== エラー内容 ===
type:<class 'newspaper.article.ArticleException'>
args:('Article `download()` failed with 503 Server Error: Service Unavailable for url: https://www.businessinsider.com/tech-industry-cost-cutting-job-losses-whos-most-at-risk-2022-5 on URL https://www.businessinsider.com/tech-industry-cost-cutting-job-losses-whos-most-at-risk-2022-5',)
e自身:Article `download()` failed with 503 Server Error: Service Unavailable for url: https://www.businessinsider.com/tech-industry-cost-cutting-job-losses-whos-most-at-risk-2022-5 on URL https://www.businessinsider.com/tech-industry-cost-cutting-job-losses-whos-most-at-risk-2022-5
=== エラー内容 ===
type:<class 'newspaper.article.ArticleException'>
args:('Article `download()` failed with 503 Server Error: Service Unavailable for url: https://www.businessinsider.com/pitch-deck-reverence-home-care-target-global-2022-5 on URL https://www.businessinsider.com/pitch-deck-reverence-home-care-target-global-2022-5',)
e自身:Article `download()` failed with 503 Server Error: Service Unavailable for url: https://www.businessinsider.com/pitch-deck-reverence-home-care-target-global-2022-5 on URL https://www.businessinsider.com/pitch-deck-reverence-home-care-target-global-2022-5
=== エラー内容 ===
type:<class 'newspaper.article.ArticleException'>
args:('Article `download()` failed with 503 Server Error: Service Unavailable for url: https://www.businessinsider.com/saudi-government-911-new-documents-direct-connection-bayoumi-mihdhar-2022-5 on URL https://www.businessinsider.com/saudi-government-911-new-documents-direct-connection-bayoumi-mihdhar-2022-5',)
e自身:Article `download()` failed with 503 Server Error: Service Unavailable for url: https://www.businessinsider.com/saudi-government-911-new-documents-direct-connection-bayoumi-mihdhar-2022-5 on URL https://www.businessinsider.com/saudi-government-911-new-documents-direct-connection-bayoumi-mihdhar-2022-5
=== エラー内容 ===
type:<class 'newspaper.article.ArticleException'>
args:('Article `download()` failed with 503 Server Error: Service Unavailable for url: https://www.businessinsider.com/biden-turkey-arms-deal-report-amid-erdogan-ukraine-peacemaker-role-2022-5 on URL https://www.businessinsider.com/biden-turkey-arms-deal-report-amid-erdogan-ukraine-peacemaker-role-2022-5',)
e自身:Article `download()` failed with 503 Server Error: Service Unavailable for url: https://www.businessinsider.com/biden-turkey-arms-deal-report-amid-erdogan-ukraine-peacemaker-role-2022-5 on URL https://www.businessinsider.com/biden-turkey-arms-deal-report-amid-erdogan-ukraine-peacemaker-role-2022-5
=== エラー内容 ===
type:<class 'newspaper.article.ArticleException'>
args:('Article `download()` failed with 503 Server Error: Service Unavailable for url: https://www.businessinsider.com/nintendo-donkey-kong-doug-bowser-commencement-speech-2022-5 on URL https://www.businessinsider.com/nintendo-donkey-kong-doug-bowser-commencement-speech-2022-5',)
e自身:Article `download()` failed with 503 Server Error: Service Unavailable for url: https://www.businessinsider.com/nintendo-donkey-kong-doug-bowser-commencement-speech-2022-5 on URL https://www.businessinsider.com/nintendo-donkey-kong-doug-bowser-commencement-speech-2022-5
=== エラー内容 ===
type:<class 'newspaper.article.ArticleException'>
args:("Article `download()` failed with HTTPSConnectionPool(host='www.businessinsider.com', port=443): Read timed out. (read timeout=7) on URL https://www.businessinsider.com/biden-turkey-arms-deal-report-amid-erdogan-ukraine-peacemaker-role-2022-5",)
e自身:Article `download()` failed with HTTPSConnectionPool(host='www.businessinsider.com', port=443): Read timed out. (read timeout=7) on URL https://www.businessinsider.com/biden-turkey-arms-deal-report-amid-erdogan-ukraine-peacemaker-role-2022-5
=== エラー内容 ===
type:<class 'newspaper.article.ArticleException'>
args:('Article `download()` failed with 503 Server Error: Service Unavailable for url: https://www.businessinsider.com/ex-facebook-moderator-accuses-meta-human-trafficking-kenya-2022-5 on URL https://www.businessinsider.com/ex-facebook-moderator-accuses-meta-human-trafficking-kenya-2022-5',)
e自身:Article `download()` failed with 503 Server Error: Service Unavailable for url: https://www.businessinsider.com/ex-facebook-moderator-accuses-meta-human-trafficking-kenya-2022-5 on URL https://www.businessinsider.com/ex-facebook-moderator-accuses-meta-human-trafficking-kenya-2022-5
=== エラー内容 ===
type:<class 'newspaper.article.ArticleException'>
args:('Article `download()` failed with 503 Server Error: Service Unavailable for url: https://www.businessinsider.com/russia-captured-ukrainian-city-rubles-russian-internet-report-2022-5 on URL https://www.businessinsider.com/russia-captured-ukrainian-city-rubles-russian-internet-report-2022-5',)
e自身:Article `download()` failed with 503 Server Error: Service Unavailable for url: https://www.businessinsider.com/russia-captured-ukrainian-city-rubles-russian-internet-report-2022-5 on URL https://www.businessinsider.com/russia-captured-ukrainian-city-rubles-russian-internet-report-2022-5
=== エラー内容 ===
type:<class 'newspaper.article.ArticleException'>
args:('Article `download()` failed with 503 Server Error: Service Unavailable for url: https://www.businessinsider.com/airbnb-ceo-brian-chesky-office-anachronistic-from-pre-digital-age-2022-5 on URL https://www.businessinsider.com/airbnb-ceo-brian-chesky-office-anachronistic-from-pre-digital-age-2022-5',)
e自身:Article `download()` failed with 503 Server Error: Service Unavailable for url: https://www.businessinsider.com/airbnb-ceo-brian-chesky-office-anachronistic-from-pre-digital-age-2022-5 on URL https://www.businessinsider.com/airbnb-ceo-brian-chesky-office-anachronistic-from-pre-digital-age-2022-5
=== エラー内容 ===
type:<class 'newspaper.article.ArticleException'>
args:('Article `download()` failed with 503 Server Error: Service Unavailable for url: https://www.businessinsider.com/how-amazon-building-huge-advertising-business-2022-5 on URL https://www.businessinsider.com/how-amazon-building-huge-advertising-business-2022-5',)
e自身:Article `download()` failed with 503 Server Error: Service Unavailable for url: https://www.businessinsider.com/how-amazon-building-huge-advertising-business-2022-5 on URL https://www.businessinsider.com/how-amazon-building-huge-advertising-business-2022-5
=== エラー内容 ===
type:<class 'newspaper.article.ArticleException'>
args:('Article `download()` failed with 503 Server Error: Service Unavailable for url: https://www.businessinsider.com/facebook-meta-insiders-concerned-layoffs-are-coming-hiring-freeze-2022-5 on URL https://www.businessinsider.com/facebook-meta-insiders-concerned-layoffs-are-coming-hiring-freeze-2022-5',)
e自身:Article `download()` failed with 503 Server Error: Service Unavailable for url: https://www.businessinsider.com/facebook-meta-insiders-concerned-layoffs-are-coming-hiring-freeze-2022-5 on URL https://www.businessinsider.com/facebook-meta-insiders-concerned-layoffs-are-coming-hiring-freeze-2022-5
=== エラー内容 ===
type:<class 'newspaper.article.ArticleException'>
args:('Article `download()` failed with 503 Server Error: Service Unavailable for url: https://www.businessinsider.com/great-resignation-forever-turnover-job-quitting-remote-work-2022-5 on URL https://www.businessinsider.com/great-resignation-forever-turnover-job-quitting-remote-work-2022-5',)
e自身:Article `download()` failed with 503 Server Error: Service Unavailable for url: https://www.businessinsider.com/great-resignation-forever-turnover-job-quitting-remote-work-2022-5 on URL https://www.businessinsider.com/great-resignation-forever-turnover-job-quitting-remote-work-2022-5
=== エラー内容 ===
type:<class 'newspaper.article.ArticleException'>
args:('Article `download()` failed with 503 Server Error: Service Unavailable for url: https://www.businessinsider.com/doj-investigating-mental-health-startup-cerebral-2022-5 on URL https://www.businessinsider.com/doj-investigating-mental-health-startup-cerebral-2022-5',)
e自身:Article `download()` failed with 503 Server Error: Service Unavailable for url: https://www.businessinsider.com/doj-investigating-mental-health-startup-cerebral-2022-5 on URL https://www.businessinsider.com/doj-investigating-mental-health-startup-cerebral-2022-5
=== エラー内容 ===
type:<class 'newspaper.article.ArticleException'>
args:('Article `download()` failed with 503 Server Error: Service Unavailable for url: https://www.businessinsider.com/susan-collins-calls-police-abortion-public-sidewalk-chalk-2022-5 on URL https://www.businessinsider.com/susan-collins-calls-police-abortion-public-sidewalk-chalk-2022-5',)
e自身:Article `download()` failed with 503 Server Error: Service Unavailable for url: https://www.businessinsider.com/susan-collins-calls-police-abortion-public-sidewalk-chalk-2022-5 on URL https://www.businessinsider.com/susan-collins-calls-police-abortion-public-sidewalk-chalk-2022-5
=== エラー内容 ===
type:<class 'newspaper.article.ArticleException'>
args:('Article `download()` failed with 503 Server Error: Service Unavailable for url: https://www.businessinsider.com/tech-industry-cost-cutting-job-losses-whos-most-at-risk-2022-5 on URL https://www.businessinsider.com/tech-industry-cost-cutting-job-losses-whos-most-at-risk-2022-5',)
e自身:Article `download()` failed with 503 Server Error: Service Unavailable for url: https://www.businessinsider.com/tech-industry-cost-cutting-job-losses-whos-most-at-risk-2022-5 on URL https://www.businessinsider.com/tech-industry-cost-cutting-job-losses-whos-most-at-risk-2022-5
=== エラー内容 ===
type:<class 'newspaper.article.ArticleException'>
args:('Article `download()` failed with 503 Server Error: Service Unavailable for url: https://www.businessinsider.com/pitch-deck-reverence-home-care-target-global-2022-5 on URL https://www.businessinsider.com/pitch-deck-reverence-home-care-target-global-2022-5',)
e自身:Article `download()` failed with 503 Server Error: Service Unavailable for url: https://www.businessinsider.com/pitch-deck-reverence-home-care-target-global-2022-5 on URL https://www.businessinsider.com/pitch-deck-reverence-home-care-target-global-2022-5
=== エラー内容 ===
type:<class 'newspaper.article.ArticleException'>
args:("Article `download()` failed with HTTPSConnectionPool(host='www.businessinsider.com', port=443): Read timed out. (read timeout=7) on URL https://www.businessinsider.com/saudi-government-911-new-documents-direct-connection-bayoumi-mihdhar-2022-5",)
e自身:Article `download()` failed with HTTPSConnectionPool(host='www.businessinsider.com', port=443): Read timed out. (read timeout=7) on URL https://www.businessinsider.com/saudi-government-911-new-documents-direct-connection-bayoumi-mihdhar-2022-5
=== エラー内容 ===
type:<class 'IndexError'>
args:('list index out of range',)
e自身:list index out of range
タイトル:Biden moves to strike F-16 arms deal with Turkey: report
Former Facebook moderator accuses Meta of human trafficking
Airbnb CEO: The office is 'anachronistic' and 'from a pre-digital age'
Coinbase warns it could take users' crypto in bankruptcy
Joe Manchin says he'll oppose Democrats' bill codifying Roe v. Wade
Russian fighter jets found with GPS taped to dashboards: UK
The Great Resignation Is Turning Into the Forever Resignation
The DOJ Is Investigating Mental-Health Startup Cerebral
Tech Industry Braces for Cost Cutting, Layoffs. Who's Most at Risk.
Here's What Y Combinator Looks for in Successful Startup Applications
Crypto Startup Highlight Raises $11M for NFT Platform for Music Fans
Saudis Directly Tied to 911: Declassified Documents
See onboard these luxury yachts with mini beach clubs, bathing decks
Jack Dorsey says 'nah' to Twitter CEO role
Elon Musk wants to meet his Chinese doppelgänger Yilong Ma

日本語タイトル:['']
=== エラー内容 ===
type:<class 'newspaper.article.ArticleException'>
args:("Article `download()` failed with HTTPSConnectionPool(host='www.foxbusiness.com', port=443): Read timed out. (read timeout=7) on URL https://www.foxbusiness.com/politics/shoppers-inflation-change-habits",)
e自身:Article `download()` failed with HTTPSConnectionPool(host='www.foxbusiness.com', port=443): Read timed out. (read timeout=7) on URL https://www.foxbusiness.com/politics/shoppers-inflation-change-habits
=== エラー内容 ===
type:<class 'newspaper.article.ArticleException'>
args:("Article `download()` failed with HTTPSConnectionPool(host='www.foxbusiness.com', port=443): Read timed out. (read timeout=7) on URL https://www.foxbusiness.com/markets/stock-futures-5-11-2022",)
e自身:Article `download()` failed with HTTPSConnectionPool(host='www.foxbusiness.com', port=443): Read timed out. (read timeout=7) on URL https://www.foxbusiness.com/markets/stock-futures-5-11-2022
=== エラー内容 ===
type:<class 'IndexError'>
args:('list index out of range',)
e自身:list index out of range
タイトル:Biden moves to strike F-16 arms deal with Turkey: report
Former Facebook moderator accuses Meta of human trafficking
Some Facebook Insiders Are Concerned That Layoffs Are Coming
Airbnb CEO: The office is 'anachronistic' and 'from a pre-digital age'
Joe Manchin says he'll oppose Democrats' bill codifying Roe v. Wade
Airbnb to allow split stays across homes as users take longer trips
The Great Resignation Is Turning Into the Forever Resignation
Coinbase warns it could take users' crypto in bankruptcy
The DOJ Is Investigating Mental-Health Startup Cerebral
Tech Industry Braces for Cost Cutting, Layoffs. Who's Most at Risk.
Here's What Y Combinator Looks for in Successful Startup Applications
Saudis Directly Tied to 911: Declassified Documents
Crypto Startup Highlight Raises $11M for NFT Platform for Music Fans
See onboard these luxury yachts with mini beach clubs, bathing decks
Jack Dorsey says 'nah' to Twitter CEO role

日本語タイトル:['']
=== エラー内容 ===
type:<class 'newspaper.article.ArticleException'>
args:("Article `download()` failed with HTTPSConnectionPool(host='www.huffpost.com', port=443): Read timed out. (read timeout=7) on URL https://www.huffpost.com/entry/partner-died-cancer-parenting-grief_n_627411a0e4b0b7c8f08188e3",)
e自身:Article `download()` failed with HTTPSConnectionPool(host='www.huffpost.com', port=443): Read timed out. (read timeout=7) on URL https://www.huffpost.com/entry/partner-died-cancer-parenting-grief_n_627411a0e4b0b7c8f08188e3
=== エラー内容 ===
type:<class 'newspaper.article.ArticleException'>
args:("Article `download()` failed with HTTPSConnectionPool(host='www.foxbusiness.com', port=443): Read timed out. (read timeout=7) on URL https://www.foxbusiness.com/economy/delaware-residents-biden-home-sound-off-gas-prices-inflation-rages",)
e自身:Article `download()` failed with HTTPSConnectionPool(host='www.foxbusiness.com', port=443): Read timed out. (read timeout=7) on URL https://www.foxbusiness.com/economy/delaware-residents-biden-home-sound-off-gas-prices-inflation-rages
=== エラー内容 ===
type:<class 'newspaper.article.ArticleException'>
args:("Article `download()` failed with HTTPSConnectionPool(host='www.foxbusiness.com', port=443): Read timed out. (read timeout=7) on URL https://www.foxbusiness.com/lifestyle/mercedes-recall-vehicles-brake-issue",)
e自身:Article `download()` failed with HTTPSConnectionPool(host='www.foxbusiness.com', port=443): Read timed out. (read timeout=7) on URL https://www.foxbusiness.com/lifestyle/mercedes-recall-vehicles-brake-issue
=== エラー内容 ===
type:<class 'newspaper.article.ArticleException'>
args:("Article `download()` failed with HTTPSConnectionPool(host='www.foxbusiness.com', port=443): Read timed out. (read timeout=7) on URL https://www.foxbusiness.com/lifestyle/ford-ceo-says-idea-for-the-electric-f-150-lightning-came-from-this-interesting-source",)
e自身:Article `download()` failed with HTTPSConnectionPool(host='www.foxbusiness.com', port=443): Read timed out. (read timeout=7) on URL https://www.foxbusiness.com/lifestyle/ford-ceo-says-idea-for-the-electric-f-150-lightning-came-from-this-interesting-source
=== エラー内容 ===
type:<class 'IndexError'>
args:('list index out of range',)
e自身:list index out of range
タイトル:Isabelle Khurshudyan and Max Bearak to lead new Washington Post bureau in Kyiv
Biden pulls 3 offshore oil lease sales, curbing new drilling this year
Plants grow in lunar soil brought to Earth by Apollo astronauts
Economist Lisa Cook to become first Black woman on Fed board
Crypto crash is testing investor faith in bitcoin, Luna, and other digital assets
Meat industry hyped 'baseless' shortage to keep plants open amid covid
USPS trucks: House Oversight Committee opens investigation
Record heat fueling violent storms in central U.S.
Opinion  An openly pro-coup Trumpist could become Pennsylvania's next governor
Climate change takes hold in North Carolina's ghost forests
Opinion  Biden's magical thinking on inflation continues
Bald and golden eagles suffer from lead poisoning, study finds
Three teens were arrested in what prosecutors say is a gang-related killing
DeSantis signs bill establishing 'Victims of Communism Day'
Event Horizon Telescope captures image of supermassive black hole at the center of the Milky Way

日本語タイトル:['Isabelle Khurshudyan と Max Bearak がキエフの新しい Washington Post 支局を率いる。', 'バイデン氏、海底油田リース販売3件を撤回、今年の新規掘削を抑制', 'アポロの宇宙飛行士が地球に持ち帰った月の土で植物が育つ', '経済学者リサ・クック、黒人初のFRB理事に就任へ', 'ビットコイン、ルナ、その他のデジタル資産に対する投資家の信頼が試される暗号通貨暴落', '食肉業界は、牛肉不足の中、工場の操業を維持するために「根拠のない」不足を誇張した。', 'USPSのトラック。下院監視委員会が調査を開始', '記録的な暑さが米国中央部の激しい嵐を煽る', 'オピニオン 公然とクーデター支持のトランプ主義者がペンシルバニア州の次期知事になる可能性', 'ノースカロライナ州の幽霊の森で気候変動が定着する', 'オピニオン バイデン氏のインフレに対する魔法のような思考は続いている', 'ハクトウワシとイヌワシは鉛中毒に苦しんでいるとの研究結果', '検察当局が発表したギャングによる殺人事件で、3人の若者が逮捕された。', 'デサンティス、「共産主義の犠牲者の日」を制定する法案に署名']
=== エラー内容 ===
type:<class 'IndexError'>
args:('list index out of range',)
e自身:list index out of range
タイトル:European shares close 2% higher as global markets look for rebound; travel stocks surge
Investors could get a reprieve from vicious stock sell-off in week ahead
Nasdaq pops 3%, Dow jumps 400 points in comeback rally following steep losses earlier in the week
Cramer's lightning round: I'm going to pass on Harley-Davidson
IRS insists destruction of 30 million files of taxpayer data won't affect payers
‘U.S. consumer is alive and well’ — Affirm CEO says market turbulence has no impact on business
Bitcoin bounces back above $30,000 as investors absorb fallout from Terra
Elon Musk says Twitter deal on hold pending details on fake accounts; shares sink 9%
Roblox CEO says April bookings are starting to turn around after a difficult March
What Cramer is watching Friday — Elon saves Tesla, Cathie saves Coinbase, Sam saves Robinhood
Strategist says stock market may become a 'meat-grinder of forlorn hope' for dip-buyers
Stocks making the biggest moves premarket: Twitter, Affirm, Robinhood and more
How to calculate your own personal inflation rate amid rising prices
Apple is no longer the world's most valuable company
Jim Cramer says investors shouldn’t allow a tumultuous market prevent them from finding ‘better opportunities’

日本語タイトル:['欧州株は2％高で引け、世界市場が反発を模索、旅行株は急騰', '米国では、米国債の利回りが低下し、米国債の償還が遅れる可能性があります。', 'ナスダックは3％上昇、ダウは400ポイント上昇、週明けの急落からカムバック。', 'クレイマーのライトニングラウンド ハーレーダビッドソンは見送り', '国税庁、納税者データ3,000万ファイルの破棄は支払者に影響なしと主張', '米消費者は健在」-アファームCEO、市場の乱高下はビジネスに影響なしと発言', 'ビットコインは3万ドル超で反発、投資家がテラからの影響吸収で', 'イーロン・マスク氏、Twitterとの取引は偽アカウントに関する詳細が判明するまで保留と発言、株価は9％下落', 'Roblox CEO、困難な3月を経て4月の予約が好転し始めたと語る', 'クレイマーが注目する金曜日 - イーロンはTeslaを、キャシーはCoinbaseを、サムはRobinhoodを救う', 'ストラテジストは、株式市場はディップバイヤーにとって「見捨てられた希望の肉挽き器」になる可能性があると言う。', 'プレマーケットで最も大きな動きを見せている銘柄。Twitter、Affirm、Robinhood、その他。', '物価上昇の中、自分だけのインフレ率を計算する方法', 'アップルはもはや世界で最も価値のある企業ではない']
=== エラー内容 ===
type:<class 'newspaper.article.ArticleException'>
args:("Article `download()` failed with HTTPSConnectionPool(host='www.foxbusiness.com', port=443): Read timed out. (read timeout=7) on URL https://www.foxbusiness.com/politics/senate-confirms-jerome-powell-second-federal-reserve-chair-term",)
e自身:Article `download()` failed with HTTPSConnectionPool(host='www.foxbusiness.com', port=443): Read timed out. (read timeout=7) on URL https://www.foxbusiness.com/politics/senate-confirms-jerome-powell-second-federal-reserve-chair-term
=== エラー内容 ===
type:<class 'IndexError'>
args:('list index out of range',)
e自身:list index out of range
タイトル:Cramer's lightning round: BigCommerce is not a buy
Investors could get a reprieve from vicious stock sell-off in week ahead
Stock market’s dismal performance is ‘part of the fight against inflation,’ Jim Cramer says
Nasdaq pops 3%, Dow jumps 400 points in comeback rally following steep losses earlier in the week
Cramer's lightning round: I'm going to pass on Harley-Davidson
Bitcoin bounces back above $30,000 as investors absorb fallout from Terra
IRS insists destruction of 30 million files of taxpayer data won't affect payers
Calling a man bald counts as sexual harassment, UK judge rules
European shares close 2% higher as global markets look for rebound; travel stocks surge
Roblox CEO says April bookings are starting to turn around after a difficult March
Stocks making the biggest moves premarket: Twitter, Affirm, Robinhood and more
What Cramer is watching Friday — Elon saves Tesla, Cathie saves Coinbase, Sam saves Robinhood
‘U.S. consumer is alive and well’ — Affirm CEO says market turbulence has no impact on business
Apple is no longer the world's most valuable company
Strategist says stock market may become a 'meat-grinder of forlorn hope' for dip-buyers

日本語タイトル:['クレイマーのライトニングラウンド。BigCommerceは買いではない', '投資家は、今後1週間、悪質な株売りから解放される可能性がある。', '株式市場の低迷は「インフレとの戦いの一部」とジム・クレイマー氏', 'ナスダックは3％上昇、ダウは400ポイント上昇し、週明けの急落からカムバックした。', 'Cramerのライトニングラウンド。ハーレーダビッドソンは見送り', 'ビットコインが3万ドル超で反発、投資家がテラからの影響吸収へ', '国税庁、納税者データ3,000万ファイルの破棄は納税者に影響しないと主張', 'ハゲと呼ぶのはセクハラにあたる、英判事が判決', '欧州株は2％高で引け、世界市場が反発を模索、旅行株は急伸', 'ロブロックスCEO、3月の苦境から4月の予約が好転し始めたと語る', 'プレマーケットで最も大きく動いた銘柄。ツイッター、アファーム、ロビンフッドなど', 'クレイマーが注目する金曜日 - イーロンはTeslaを救い、キャシーはCoinbaseを救い、サムはRobinhoodを救う。', '米消費者は健在」-アファームCEO、市場の乱高下はビジネスに影響なしと語る', 'アップルはもはや世界で最も価値のある企業ではない']
=== エラー内容 ===
type:<class 'newspaper.article.ArticleException'>
args:("Article `download()` failed with HTTPSConnectionPool(host='www.foxbusiness.com', port=443): Read timed out. (read timeout=7) on URL https://www.foxbusiness.com/politics/siemens-leaving-russia-ukraine-invasion",)
e自身:Article `download()` failed with HTTPSConnectionPool(host='www.foxbusiness.com', port=443): Read timed out. (read timeout=7) on URL https://www.foxbusiness.com/politics/siemens-leaving-russia-ukraine-invasion
=== エラー内容 ===
type:<class 'newspaper.article.ArticleException'>
args:("Article `download()` failed with HTTPSConnectionPool(host='www.foxbusiness.com', port=443): Read timed out. (read timeout=7) on URL https://www.foxbusiness.com/lifestyle/twitter-pause-most-hiring-executives-leave",)
e自身:Article `download()` failed with HTTPSConnectionPool(host='www.foxbusiness.com', port=443): Read timed out. (read timeout=7) on URL https://www.foxbusiness.com/lifestyle/twitter-pause-most-hiring-executives-leave
=== エラー内容 ===
type:<class 'newspaper.article.ArticleException'>
args:("Article `download()` failed with HTTPSConnectionPool(host='www.foxbusiness.com', port=443): Read timed out. (read timeout=7) on URL https://www.foxbusiness.com/lifestyle/target-joins-labor-union-movement",)
e自身:Article `download()` failed with HTTPSConnectionPool(host='www.foxbusiness.com', port=443): Read timed out. (read timeout=7) on URL https://www.foxbusiness.com/lifestyle/target-joins-labor-union-movement
=== エラー内容 ===
type:<class 'newspaper.article.ArticleException'>
args:("Article `download()` failed with HTTPSConnectionPool(host='www.foxbusiness.com', port=443): Read timed out. (read timeout=7) on URL https://www.foxbusiness.com/lifestyle/largest-white-diamond-auctioned-21m",)
e自身:Article `download()` failed with HTTPSConnectionPool(host='www.foxbusiness.com', port=443): Read timed out. (read timeout=7) on URL https://www.foxbusiness.com/lifestyle/largest-white-diamond-auctioned-21m
=== エラー内容 ===
type:<class 'newspaper.article.ArticleException'>
args:("Article `download()` failed with HTTPSConnectionPool(host='www.foxbusiness.com', port=443): Read timed out. (read timeout=7) on URL https://www.foxbusiness.com/markets/twitter-ceo-elon-musk-acquisition",)
e自身:Article `download()` failed with HTTPSConnectionPool(host='www.foxbusiness.com', port=443): Read timed out. (read timeout=7) on URL https://www.foxbusiness.com/markets/twitter-ceo-elon-musk-acquisition
=== エラー内容 ===
type:<class 'newspaper.article.ArticleException'>
args:("Article `download()` failed with HTTPSConnectionPool(host='www.foxbusiness.com', port=443): Read timed out. (read timeout=7) on URL https://www.foxbusiness.com/media/home-affordability-problem-market-expert",)
e自身:Article `download()` failed with HTTPSConnectionPool(host='www.foxbusiness.com', port=443): Read timed out. (read timeout=7) on URL https://www.foxbusiness.com/media/home-affordability-problem-market-expert
=== エラー内容 ===
type:<class 'IndexError'>
args:('list index out of range',)
e自身:list index out of range
タイトル:3 Tech Stocks Investors Should Be Glad to Own, Especially During This Market Plunge - The Motley Fool
Shiba Inu Is Down 85%, But Here's How It Could Recover - The Motley Fool
2 Stocks That Are Fantastic Deals Right Now - The Motley Fool
Why This Pioneering E-Commerce Stock Is a High-Conviction Pick - The Motley Fool
This Investment Has Brought Home the Bacon for 66 Years and Counting - The Motley Fool
3 High-Yield Dividend Stocks That Can Turn $300,000 Into $1 Million by 2030 - The Motley Fool
The Single Greatest Investing Lesson I Ever Learned - The Motley Fool
1 Investment I'm Stocking Up On if the Market Crashes - The Motley Fool
3 Ways You Can Make a Ton of Money as a Real Estate Investor - The Motley Fool
Does Crocs' Cheap Valuation Make the Stock a Buy? - The Motley Fool
Here's a Simple Strategy to Make $70,000 in Passive Income - The Motley Fool
This Stock Is No. 1 on My Buy List - The Motley Fool
Got $5,000? 2 Tech Stocks to Buy and Hold for the Long Term - The Motley Fool
Can Dutch Bros Bounce Back? - The Motley Fool
Why Zoom Stock Can Rebound Despite a Recent Slide - The Motley Fool

日本語タイトル:['特にこの市場の急落時に投資家が所有することを喜ぶべき3つのハイテク株 - The Motley Fool', '柴犬は85％ダウンだが、回復する可能性がある - The Motley Fool', '今、素晴らしいお買い得な2銘柄 - モトリーフール', 'Eコマースのパイオニアであるこの銘柄が、高い評価を得ている理由 - The Motley Fool', 'この投資は、66年もの間、ベーコンを家に持ち帰った - The Motley Fool', '2030年までに30万ドルを100万ドルにできる3つの高利回り配当株 - The Motley Fool', '私がこれまでに学んだ最も偉大な投資の教訓 - The Motley Fool', '市場が暴落した場合、私が買いだめしている1つの投資 - The Motley Fool', '不動産投資家として大金を稼ぐ3つの方法 - The Motley Fool（ザ・モトリーフール', 'Crocsの安いバリュエーションは株を買わせるのか？- モトリーフール', '受動的収入で$70,000を稼ぐ簡単な戦略がここにある - The Motley Fool', 'この株は私の購入リストで1位です - The Motley Fool', '5,000ドル持ってる？長期的に購入・保有すべき2つのハイテク株 - The Motley Fool（ザ・モトリーフール', 'Dutch Brosは立ち直れるか？- モトリーフール']
=== エラー内容 ===
type:<class 'IndexError'>
args:('list index out of range',)
e自身:list index out of range
タイトル:3 Tech Stocks Investors Should Be Glad to Own, Especially During This Market Plunge - The Motley Fool
2 Stocks That Are Fantastic Deals Right Now - The Motley Fool
Why This Pioneering E-Commerce Stock Is a High-Conviction Pick - The Motley Fool
Budget Airlines Soar Amid High Travel Demand - The Motley Fool
This Investment Has Brought Home the Bacon for 66 Years and Counting - The Motley Fool
This Stock Is No. 1 on My Buy List - The Motley Fool
Investing Can Be Brutal at Times, but Don't Give Up Now - The Motley Fool
3 High-Yield Dividend Stocks That Can Turn $300,000 Into $1 Million by 2030 - The Motley Fool
Shiba Inu Is Down 85%, But Here's How It Could Recover - The Motley Fool
3 Ways You Can Make a Ton of Money as a Real Estate Investor - The Motley Fool
Does Crocs' Cheap Valuation Make the Stock a Buy? - The Motley Fool
Can Dutch Bros Bounce Back? - The Motley Fool
Got $5,000? 2 Tech Stocks to Buy and Hold for the Long Term - The Motley Fool
Most People Won't Reach the $4,194 Max Social Security Benefit. Why It Doesn't Matter - The Motley Fool
Why Zoom Stock Can Rebound Despite a Recent Slide - The Motley Fool

日本語タイトル:['特にこの市場の急落時に、投資家が喜んで所有すべき3つの技術系株式 - The Motley Fool', '今が旬のお買い得株2選 - モトリーフール', '電子商取引のパイオニアであるこの銘柄が高い評価を得ている理由 - The Motley Fool', '格安航空会社、高い旅行需要で急騰 - The Motley Fool', 'この投資は、66年間数え切れないほどベーコンをもたらしてきた - The Motley Fool', 'この株は私の購入リストで第1位 - The Motley Fool', '投資は時に残酷だが、今あきらめないで - The Motley Fool', '2030年までに30万ドルを100万ドルにできる3つの高利回り配当株 - The Motley Fool', '柴犬は85％ダウンしているが、どのように回復するか - The Motley Fool', '不動産投資家として大儲けできる3つの方法 - The Motley Fool', 'Crocsの安いバリュエーションは、株を買わせるか？- モトリーフール', 'ダッチ・ブラザーズは立ち直れるか？- モトリーフール', '5,000ドル持ってる？長期的に買い持ちするための2つの技術系株式 - The Motley Fool', '社会保障給付の上限である4,194ドルにはほとんどの人が届かない。なぜそれが重要でないのか - The Motley Fool']
=== エラー内容 ===
type:<class 'newspaper.article.ArticleException'>
args:("Article `download()` failed with HTTPSConnectionPool(host='www.bloomberg.com', port=443): Read timed out. (read timeout=7) on URL https://www.bloomberg.com/news/articles/2022-05-16/china-s-economy-contracts-sharply-as-covid-zero-curbs-output?srnd=premium",)
e自身:Article `download()` failed with HTTPSConnectionPool(host='www.bloomberg.com', port=443): Read timed out. (read timeout=7) on URL https://www.bloomberg.com/news/articles/2022-05-16/china-s-economy-contracts-sharply-as-covid-zero-curbs-output?srnd=premium
=== エラー内容 ===
type:<class 'newspaper.article.ArticleException'>
args:("Article `download()` failed with HTTPSConnectionPool(host='www.bloomberg.com', port=443): Read timed out. (read timeout=7) on URL https://www.bloomberg.com/news/articles/2022-05-15/imf-raises-yuan-s-weighting-in-sdr-currency-basket-pboc-says",)
e自身:Article `download()` failed with HTTPSConnectionPool(host='www.bloomberg.com', port=443): Read timed out. (read timeout=7) on URL https://www.bloomberg.com/news/articles/2022-05-15/imf-raises-yuan-s-weighting-in-sdr-currency-basket-pboc-says
=== エラー内容 ===
type:<class 'newspaper.article.ArticleException'>
args:("Article `download()` failed with HTTPSConnectionPool(host='www.bloomberg.com', port=443): Read timed out. (read timeout=7) on URL https://www.bloomberg.com/news/articles/2022-05-13/grayscale-s-bitcoin-fund-hits-record-discount-after-sec-meeting",)
e自身:Article `download()` failed with HTTPSConnectionPool(host='www.bloomberg.com', port=443): Read timed out. (read timeout=7) on URL https://www.bloomberg.com/news/articles/2022-05-13/grayscale-s-bitcoin-fund-hits-record-discount-after-sec-meeting
=== エラー内容 ===
type:<class 'newspaper.article.ArticleException'>
args:("Article `download()` failed with HTTPSConnectionPool(host='www.foxbusiness.com', port=443): Read timed out. (read timeout=7) on URL https://www.foxbusiness.com/markets/lordstown-motors-factory-sale-foxconn",)
e自身:Article `download()` failed with HTTPSConnectionPool(host='www.foxbusiness.com', port=443): Read timed out. (read timeout=7) on URL https://www.foxbusiness.com/markets/lordstown-motors-factory-sale-foxconn
=== エラー内容 ===
type:<class 'newspaper.article.ArticleException'>
args:("Article `download()` failed with HTTPSConnectionPool(host='www.foxbusiness.com', port=443): Read timed out. (read timeout=7) on URL https://www.foxbusiness.com/lifestyle/gas-prices-could-surge-to-4-50-one-expert-says",)
e自身:Article `download()` failed with HTTPSConnectionPool(host='www.foxbusiness.com', port=443): Read timed out. (read timeout=7) on URL https://www.foxbusiness.com/lifestyle/gas-prices-could-surge-to-4-50-one-expert-says
=== エラー内容 ===
type:<class 'newspaper.article.ArticleException'>
args:("Article `download()` failed with HTTPSConnectionPool(host='www.foxbusiness.com', port=443): Read timed out. (read timeout=7) on URL https://www.foxbusiness.com/politics/mccormick-blames-biden-high-gas-prices-holding-pennsylvania-back",)
e自身:Article `download()` failed with HTTPSConnectionPool(host='www.foxbusiness.com', port=443): Read timed out. (read timeout=7) on URL https://www.foxbusiness.com/politics/mccormick-blames-biden-high-gas-prices-holding-pennsylvania-back
=== エラー内容 ===
type:<class 'newspaper.article.ArticleException'>
args:("Article `download()` failed with HTTPSConnectionPool(host='www.foxbusiness.com', port=443): Read timed out. (read timeout=7) on URL https://www.foxbusiness.com/markets/lordstown-motors-factory-sale-foxconn",)
e自身:Article `download()` failed with HTTPSConnectionPool(host='www.foxbusiness.com', port=443): Read timed out. (read timeout=7) on URL https://www.foxbusiness.com/markets/lordstown-motors-factory-sale-foxconn
=== エラー内容 ===
type:<class 'newspaper.article.ArticleException'>
args:("Article `download()` failed with HTTPSConnectionPool(host='www.foxbusiness.com', port=443): Read timed out. (read timeout=7) on URL https://www.foxbusiness.com/economy/inflation-moderates-hot-spots-middle-atlantic",)
e自身:Article `download()` failed with HTTPSConnectionPool(host='www.foxbusiness.com', port=443): Read timed out. (read timeout=7) on URL https://www.foxbusiness.com/economy/inflation-moderates-hot-spots-middle-atlantic
=== エラー内容 ===
type:<class 'newspaper.article.ArticleException'>
args:("Article `download()` failed with HTTPSConnectionPool(host='www.bloomberg.com', port=443): Read timed out. (read timeout=7) on URL https://www.bloomberg.com/news/articles/2022-05-16/villeroy-warns-ecb-will-watch-euro-for-imported-inflation-danger?srnd=fixed-income",)
e自身:Article `download()` failed with HTTPSConnectionPool(host='www.bloomberg.com', port=443): Read timed out. (read timeout=7) on URL https://www.bloomberg.com/news/articles/2022-05-16/villeroy-warns-ecb-will-watch-euro-for-imported-inflation-danger?srnd=fixed-income
=== エラー内容 ===
type:<class 'IndexError'>
args:('list index out of range',)
e自身:list index out of range
タイトル:Buffalo shooting suspect visited the area in early March, police and alleged gunman's posts say
Goldman Sachs gives top bankers unlimited vacation days
CDC: Africa tourism favorite now at 'high' risk for Covid-19
The death of the McDonald's peace theory, a dark day for capitalism
Renault sells Soviet-era icon Lada as it exits Russia, for now
US Air Force tests troubled hypersonic missile
Boeing needs to get its 's*** together,' Ryanair CEO says
Thousands of Britain's 'fish and chip' shops could close within a year. Here's why
Pizza has a delivery problem
Maryland Sen. Van Hollen hospitalized after stroke but says no long-term damage
The Orange County shooting suspect was upset over China-Taiwan tensions, investigators say
Supreme Court sides with Ted Cruz, striking down cap on use of campaign funds to repay personal campaign loans
Russia's war in Ukraine: Live Updates
'We are the last generation': China's harsh lockdowns could exacerbate population crisis
Covid has hit China's economy harder than expected

日本語タイトル:['']
=== エラー内容 ===
type:<class 'IndexError'>
args:('list index out of range',)
e自身:list index out of range
タイトル:European stocks climb as global markets strive to build positive momentum; Stoxx 600 up 1%
S&P 500 falls as market struggles to recover from multiple weeks of losses, Nasdaq down more than 1%
Cramer's lightning round: I want to buy more Marvell Technology
Jim Cramer says to consider these five high-yielding stocks to upgrade your portfolio
‘You can’t build on quicksand’ — Jim Cramer warns investors not to invest based on false hope
Warren Buffett's Berkshire made a $3 billion bet on Citigroup. Here are his other picks
Stock futures are higher after S&P, Nasdaq start the week in the red
10-year Treasury yield falls on Monday to start the week at 2.9%
Eli Lilly rallies on FDA approval of a diabetes drug that may also help with obesity
Twitter stock has lost all of its gains since Elon Musk disclosed his stake
Asia markets mixed, China stocks fall after economic numbers disappoint
Fund manager: Retail stock picks to ride the market volatility
JPMorgan picks China stocks to play Beijing's infrastructure boost
Nearly 40% of investors who pulled money out of markets in the last year regret it
Inflation is the ‘top problem’ facing America, with no other issue coming close, survey shows

日本語タイトル:['']
=== エラー内容 ===
type:<class 'newspaper.article.ArticleException'>
args:("Article `download()` failed with HTTPSConnectionPool(host='www.bloomberg.com', port=443): Read timed out. (read timeout=7) on URL https://www.bloomberg.com/news/articles/2022-05-16/villeroy-warns-ecb-will-watch-euro-for-imported-inflation-danger?srnd=fixed-income",)
e自身:Article `download()` failed with HTTPSConnectionPool(host='www.bloomberg.com', port=443): Read timed out. (read timeout=7) on URL https://www.bloomberg.com/news/articles/2022-05-16/villeroy-warns-ecb-will-watch-euro-for-imported-inflation-danger?srnd=fixed-income
=== エラー内容 ===
type:<class 'newspaper.article.ArticleException'>
args:("Article `download()` failed with HTTPSConnectionPool(host='www.bloomberg.com', port=443): Read timed out. (read timeout=7) on URL https://www.bloomberg.com/news/articles/2022-05-17/apple-delays-plan-to-have-workers-in-office-three-days-a-week",)
e自身:Article `download()` failed with HTTPSConnectionPool(host='www.bloomberg.com', port=443): Read timed out. (read timeout=7) on URL https://www.bloomberg.com/news/articles/2022-05-17/apple-delays-plan-to-have-workers-in-office-three-days-a-week
=== エラー内容 ===
type:<class 'newspaper.article.ArticleException'>
args:("Article `download()` failed with HTTPSConnectionPool(host='www.bloomberg.com', port=443): Read timed out. (read timeout=7) on URL https://www.bloomberg.com/news/articles/2022-05-16/villeroy-warns-ecb-will-watch-euro-for-imported-inflation-danger?srnd=fixed-income",)
e自身:Article `download()` failed with HTTPSConnectionPool(host='www.bloomberg.com', port=443): Read timed out. (read timeout=7) on URL https://www.bloomberg.com/news/articles/2022-05-16/villeroy-warns-ecb-will-watch-euro-for-imported-inflation-danger?srnd=fixed-income
=== エラー内容 ===
type:<class 'newspaper.article.ArticleException'>
args:("Article `download()` failed with HTTPSConnectionPool(host='www.bloomberg.com', port=443): Read timed out. (read timeout=7) on URL https://www.bloomberg.com/news/articles/2022-05-17/china-stops-reporting-bond-trades-by-foreigners-after-selloff",)
e自身:Article `download()` failed with HTTPSConnectionPool(host='www.bloomberg.com', port=443): Read timed out. (read timeout=7) on URL https://www.bloomberg.com/news/articles/2022-05-17/china-stops-reporting-bond-trades-by-foreigners-after-selloff
=== エラー内容 ===
type:<class 'newspaper.article.ArticleException'>
args:("Article `download()` failed with HTTPSConnectionPool(host='www.bloomberg.com', port=443): Read timed out. (read timeout=7) on URL https://www.bloomberg.com/news/articles/2022-05-16/sea-founder-loses-17-billion-in-one-of-tech-s-biggest-wipeouts",)
e自身:Article `download()` failed with HTTPSConnectionPool(host='www.bloomberg.com', port=443): Read timed out. (read timeout=7) on URL https://www.bloomberg.com/news/articles/2022-05-16/sea-founder-loses-17-billion-in-one-of-tech-s-biggest-wipeouts
=== エラー内容 ===
type:<class 'newspaper.article.ArticleException'>
args:("Article `download()` failed with HTTPSConnectionPool(host='www.bloomberg.com', port=443): Read timed out. (read timeout=7) on URL https://www.bloomberg.com/news/articles/2022-05-18/thousands-shown-being-herded-into-covid-quarantine-in-china",)
e自身:Article `download()` failed with HTTPSConnectionPool(host='www.bloomberg.com', port=443): Read timed out. (read timeout=7) on URL https://www.bloomberg.com/news/articles/2022-05-18/thousands-shown-being-herded-into-covid-quarantine-in-china
=== エラー内容 ===
type:<class 'newspaper.article.ArticleException'>
args:("Article `download()` failed with HTTPSConnectionPool(host='www.bloomberg.com', port=443): Read timed out. (read timeout=7) on URL https://www.bloomberg.com/news/articles/2022-05-17/eu-says-opening-ruble-accounts-for-russian-gas-breaks-sanctions",)
e自身:Article `download()` failed with HTTPSConnectionPool(host='www.bloomberg.com', port=443): Read timed out. (read timeout=7) on URL https://www.bloomberg.com/news/articles/2022-05-17/eu-says-opening-ruble-accounts-for-russian-gas-breaks-sanctions
=== エラー内容 ===
type:<class 'newspaper.article.ArticleException'>
args:("Article `download()` failed with HTTPSConnectionPool(host='www.bloomberg.com', port=443): Read timed out. (read timeout=7) on URL https://www.bloomberg.com/news/articles/2022-05-16/villeroy-warns-ecb-will-watch-euro-for-imported-inflation-danger?srnd=fixed-income",)
e自身:Article `download()` failed with HTTPSConnectionPool(host='www.bloomberg.com', port=443): Read timed out. (read timeout=7) on URL https://www.bloomberg.com/news/articles/2022-05-16/villeroy-warns-ecb-will-watch-euro-for-imported-inflation-danger?srnd=fixed-income
=== エラー内容 ===
type:<class 'IndexError'>
args:('list index out of range',)
e自身:list index out of range
タイトル:Elon Musk: Trump staffers 'were effective at getting things done'
Musk says US is probably in recession that could last up to 18 months
Enfamil and Gerber filling baby formula gap left by Similac
Buying an electric car? You might have to wait until 2023
Delaware to become the only state without airline service
Over 23% of Elon Musk's Twitter followers are fake, analysis says
Portland Pride Parade rejects JPMorgan's sponsorship
Putin smelled odd and didn't eat or drink at dinner, Fiona Hill says
Police say Arby's manager urinated in store's milkshake mix
California fishermen receive part of $230M oil spill settlement
Russia acts like Finland and Sweden joining NATO is not a big deal
FTX's Sam Bankman-Fried says bitcoin has no future as payments network - Markets Insider
Stock market outlook: S&P 500 to fall 11% if recession hits - Markets Insider
Madison Cawthorn ousted from office in North Carolina 11: live results
Walton family loses almost $19 billion in a day after Walmart selloff

日本語タイトル:['']
=== エラー内容 ===
type:<class 'IndexError'>
args:('list index out of range',)
e自身:list index out of range
タイトル:This Is How China Rounds Up Thousands of People for Quarantine
Swedish Battery Factory Northvolt Begins Shipments to Electric-Car Maker
Villeroy Warns ECB Will Watch Euro for Imported Inflation Danger
ECB Seen Raising Rates Above Zero This Year as Recession Avoided
EU Says Opening Ruble Accounts for Russian Gas Breaks Sanctions
Asia Stocks Set for Cautious Open on Growth Worry: Markets Wrap
Apple Delays Plan to Have Staff in Office Three Days a Week
Elon Musk Does Not Care About Spam Bots
China Economy Contracts Sharply as Covid Zero Curbs Output
Do Kwon Proposes Creating Another Blockchain From Terra's Ashes
Goldman Sachs Allows Senior Staff to Take Unlimited Vacation
North Korea's Kim Jong Un Deploys Military to Fight Suspected Covid Cases
Stock Market Today: Dow, S&P Live Updates for May 16
China's Vice PM Liu He Signals Further Support for Tech, Digital Companies
Bill Hwang Seeks Probe of Morgan Stanley in Costly Short Squeeze

日本語タイトル:['']
=== エラー内容 ===
type:<class 'newspaper.article.ArticleException'>
args:("Article `download()` failed with HTTPSConnectionPool(host='www.cnn.com', port=443): Read timed out. (read timeout=7) on URL https://www.cnn.com/2022/05/16/us/buffalo-supermarket-shooting-monday/index.html",)
e自身:Article `download()` failed with HTTPSConnectionPool(host='www.cnn.com', port=443): Read timed out. (read timeout=7) on URL https://www.cnn.com/2022/05/16/us/buffalo-supermarket-shooting-monday/index.html
=== エラー内容 ===
type:<class 'newspaper.article.ArticleException'>
args:("Article `download()` failed with HTTPSConnectionPool(host='www.washingtonpost.com', port=443): Read timed out. (read timeout=7) on URL https://www.washingtonpost.com/politics/2022/05/18/meta-clegg-facebooks-rule-book-wont-work-metaverse/",)
e自身:Article `download()` failed with HTTPSConnectionPool(host='www.washingtonpost.com', port=443): Read timed out. (read timeout=7) on URL https://www.washingtonpost.com/politics/2022/05/18/meta-clegg-facebooks-rule-book-wont-work-metaverse/
=== エラー内容 ===
type:<class 'urllib.error.HTTPError'>
args:()
e自身:HTTP Error 404: Not Found
url:https://news.google.com/rss/search?q=+after:2022-5-5+inurl:thestreet.com&hl=en-US&gl=US&ceid=US:en
=== エラー内容 ===
type:<class 'newspaper.article.ArticleException'>
args:("Article `download()` failed with HTTPSConnectionPool(host='www.bloomberg.com', port=443): Read timed out. (read timeout=7) on URL https://www.bloomberg.com/news/articles/2022-05-18/gabe-plotkin-s-melvin-capital-to-wind-down-funds-after-losses",)
e自身:Article `download()` failed with HTTPSConnectionPool(host='www.bloomberg.com', port=443): Read timed out. (read timeout=7) on URL https://www.bloomberg.com/news/articles/2022-05-18/gabe-plotkin-s-melvin-capital-to-wind-down-funds-after-losses
=== エラー内容 ===
type:<class 'newspaper.article.ArticleException'>
args:("Article `download()` failed with HTTPSConnectionPool(host='www.bloomberg.com', port=443): Read timed out. (read timeout=7) on URL https://www.bloomberg.com/news/articles/2022-05-18/climate-change-seen-boosting-cost-of-japan-storm-by-4-billion",)
e自身:Article `download()` failed with HTTPSConnectionPool(host='www.bloomberg.com', port=443): Read timed out. (read timeout=7) on URL https://www.bloomberg.com/news/articles/2022-05-18/climate-change-seen-boosting-cost-of-japan-storm-by-4-billion
=== エラー内容 ===
type:<class 'newspaper.article.ArticleException'>
args:("Article `download()` failed with HTTPSConnectionPool(host='www.bloomberg.com', port=443): Read timed out. (read timeout=7) on URL https://www.bloomberg.com/news/articles/2022-05-19/us-equities-slump-set-to-pause-after-worst-day-since-2020-plunge",)
e自身:Article `download()` failed with HTTPSConnectionPool(host='www.bloomberg.com', port=443): Read timed out. (read timeout=7) on URL https://www.bloomberg.com/news/articles/2022-05-19/us-equities-slump-set-to-pause-after-worst-day-since-2020-plunge
=== エラー内容 ===
type:<class 'newspaper.article.ArticleException'>
args:("Article `download()` failed with HTTPSConnectionPool(host='www.bloomberg.com', port=443): Read timed out. (read timeout=7) on URL https://www.bloomberg.com/news/articles/2022-05-16/morgan-stanley-s-wilson-sees-new-s-p-500-losses-after-bear-rally",)
e自身:Article `download()` failed with HTTPSConnectionPool(host='www.bloomberg.com', port=443): Read timed out. (read timeout=7) on URL https://www.bloomberg.com/news/articles/2022-05-16/morgan-stanley-s-wilson-sees-new-s-p-500-losses-after-bear-rally
=== エラー内容 ===
type:<class 'urllib.error.URLError'>
args:(ConnectionResetError(54, 'Connection reset by peer'),)
e自身:<urlopen error [Errno 54] Connection reset by peer>
url:https://news.google.com/rss/search?q=+after:2022-5-5+inurl:washingtonpost.com&hl=en-US&gl=US&ceid=US:en
=== エラー内容 ===
type:<class 'newspaper.article.ArticleException'>
args:("Article `download()` failed with HTTPSConnectionPool(host='www.cnbc.com', port=443): Read timed out. (read timeout=7) on URL https://www.cnbc.com/2022/05/19/what-to-watch-today-dow-set-to-open-lower-after-its-worst-day-since-2020-on-inflation-worries.html",)
e自身:Article `download()` failed with HTTPSConnectionPool(host='www.cnbc.com', port=443): Read timed out. (read timeout=7) on URL https://www.cnbc.com/2022/05/19/what-to-watch-today-dow-set-to-open-lower-after-its-worst-day-since-2020-on-inflation-worries.html
=== エラー内容 ===
type:<class 'urllib.error.URLError'>
args:(gaierror(8, 'nodename nor servname provided, or not known'),)
e自身:<urlopen error [Errno 8] nodename nor servname provided, or not known>
url:https://news.google.com/rss/search?q=+after:2022-5-18+inurl:huffpost.com&hl=en-US&gl=US&ceid=US:en
=== エラー内容 ===
type:<class 'urllib.error.URLError'>
args:(gaierror(8, 'nodename nor servname provided, or not known'),)
e自身:<urlopen error [Errno 8] nodename nor servname provided, or not known>
url:https://news.google.com/rss/search?q=+after:2022-5-18+inurl:bloomberg.com&hl=en-US&gl=US&ceid=US:en
=== エラー内容 ===
type:<class 'urllib.error.URLError'>
args:(gaierror(8, 'nodename nor servname provided, or not known'),)
e自身:<urlopen error [Errno 8] nodename nor servname provided, or not known>
url:https://news.google.com/rss/search?q=+after:2022-5-18+inurl:fool.com&hl=en-US&gl=US&ceid=US:en
=== エラー内容 ===
type:<class 'newspaper.article.ArticleException'>
args:("Article `download()` failed with HTTPSConnectionPool(host='www.foxbusiness.com', port=443): Read timed out. (read timeout=7) on URL https://www.foxbusiness.com/lifestyle/gas-prices-summer-2022-driving-habits",)
e自身:Article `download()` failed with HTTPSConnectionPool(host='www.foxbusiness.com', port=443): Read timed out. (read timeout=7) on URL https://www.foxbusiness.com/lifestyle/gas-prices-summer-2022-driving-habits
=== エラー内容 ===
type:<class 'newspaper.article.ArticleException'>
args:("Article `download()` failed with HTTPSConnectionPool(host='www.foxbusiness.com', port=443): Read timed out. (read timeout=7) on URL https://www.foxbusiness.com/politics/varney-biden-admin-slime-republicans-ga-voting-taunt",)
e自身:Article `download()` failed with HTTPSConnectionPool(host='www.foxbusiness.com', port=443): Read timed out. (read timeout=7) on URL https://www.foxbusiness.com/politics/varney-biden-admin-slime-republicans-ga-voting-taunt
=== エラー内容 ===
type:<class 'newspaper.article.ArticleException'>
args:("Article `download()` failed with HTTPSConnectionPool(host='www.washingtonpost.com', port=443): Max retries exceeded with url: /politics/2022/05/20/larry-ellison-oracle-trump-election-challenges/ (Caused by NewConnectionError('<urllib3.connection.HTTPSConnection object at 0x10a021820>: Failed to establish a new connection: [Errno 8] nodename nor servname provided, or not known')) on URL https://www.washingtonpost.com/politics/2022/05/20/larry-ellison-oracle-trump-election-challenges/",)
e自身:Article `download()` failed with HTTPSConnectionPool(host='www.washingtonpost.com', port=443): Max retries exceeded with url: /politics/2022/05/20/larry-ellison-oracle-trump-election-challenges/ (Caused by NewConnectionError('<urllib3.connection.HTTPSConnection object at 0x10a021820>: Failed to establish a new connection: [Errno 8] nodename nor servname provided, or not known')) on URL https://www.washingtonpost.com/politics/2022/05/20/larry-ellison-oracle-trump-election-challenges/
=== エラー内容 ===
type:<class 'newspaper.article.ArticleException'>
args:("Article `download()` failed with HTTPSConnectionPool(host='www.washingtonpost.com', port=443): Max retries exceeded with url: /politics/2022/05/19/tale-two-ukraine-wars/ (Caused by NewConnectionError('<urllib3.connection.HTTPSConnection object at 0x10a021760>: Failed to establish a new connection: [Errno 8] nodename nor servname provided, or not known')) on URL https://www.washingtonpost.com/politics/2022/05/19/tale-two-ukraine-wars/",)
e自身:Article `download()` failed with HTTPSConnectionPool(host='www.washingtonpost.com', port=443): Max retries exceeded with url: /politics/2022/05/19/tale-two-ukraine-wars/ (Caused by NewConnectionError('<urllib3.connection.HTTPSConnection object at 0x10a021760>: Failed to establish a new connection: [Errno 8] nodename nor servname provided, or not known')) on URL https://www.washingtonpost.com/politics/2022/05/19/tale-two-ukraine-wars/
=== エラー内容 ===
type:<class 'newspaper.article.ArticleException'>
args:("Article `download()` failed with HTTPSConnectionPool(host='www.washingtonpost.com', port=443): Max retries exceeded with url: /education/2022/05/21/florida-social-studies-textbooks-desantis/ (Caused by NewConnectionError('<urllib3.connection.HTTPSConnection object at 0x10a021820>: Failed to establish a new connection: [Errno 8] nodename nor servname provided, or not known')) on URL https://www.washingtonpost.com/education/2022/05/21/florida-social-studies-textbooks-desantis/",)
e自身:Article `download()` failed with HTTPSConnectionPool(host='www.washingtonpost.com', port=443): Max retries exceeded with url: /education/2022/05/21/florida-social-studies-textbooks-desantis/ (Caused by NewConnectionError('<urllib3.connection.HTTPSConnection object at 0x10a021820>: Failed to establish a new connection: [Errno 8] nodename nor servname provided, or not known')) on URL https://www.washingtonpost.com/education/2022/05/21/florida-social-studies-textbooks-desantis/
=== エラー内容 ===
type:<class 'newspaper.article.ArticleException'>
args:("Article `download()` failed with HTTPSConnectionPool(host='www.washingtonpost.com', port=443): Max retries exceeded with url: /dc-md-va/2022/05/19/far-right-ucla-student-who-sat-vps-chair-jan-6-pleads-guilty/ (Caused by NewConnectionError('<urllib3.connection.HTTPSConnection object at 0x10a021760>: Failed to establish a new connection: [Errno 8] nodename nor servname provided, or not known')) on URL https://www.washingtonpost.com/dc-md-va/2022/05/19/far-right-ucla-student-who-sat-vps-chair-jan-6-pleads-guilty/",)
e自身:Article `download()` failed with HTTPSConnectionPool(host='www.washingtonpost.com', port=443): Max retries exceeded with url: /dc-md-va/2022/05/19/far-right-ucla-student-who-sat-vps-chair-jan-6-pleads-guilty/ (Caused by NewConnectionError('<urllib3.connection.HTTPSConnection object at 0x10a021760>: Failed to establish a new connection: [Errno 8] nodename nor servname provided, or not known')) on URL https://www.washingtonpost.com/dc-md-va/2022/05/19/far-right-ucla-student-who-sat-vps-chair-jan-6-pleads-guilty/
=== エラー内容 ===
type:<class 'newspaper.article.ArticleException'>
args:("Article `download()` failed with HTTPSConnectionPool(host='www.washingtonpost.com', port=443): Max retries exceeded with url: /politics/2022/05/20/trump-lawyer-eastman-fraud-evidence/ (Caused by NewConnectionError('<urllib3.connection.HTTPSConnection object at 0x10a021c40>: Failed to establish a new connection: [Errno 8] nodename nor servname provided, or not known')) on URL https://www.washingtonpost.com/politics/2022/05/20/trump-lawyer-eastman-fraud-evidence/",)
e自身:Article `download()` failed with HTTPSConnectionPool(host='www.washingtonpost.com', port=443): Max retries exceeded with url: /politics/2022/05/20/trump-lawyer-eastman-fraud-evidence/ (Caused by NewConnectionError('<urllib3.connection.HTTPSConnection object at 0x10a021c40>: Failed to establish a new connection: [Errno 8] nodename nor servname provided, or not known')) on URL https://www.washingtonpost.com/politics/2022/05/20/trump-lawyer-eastman-fraud-evidence/
=== エラー内容 ===
type:<class 'newspaper.article.ArticleException'>
args:("Article `download()` failed with HTTPSConnectionPool(host='www.washingtonpost.com', port=443): Max retries exceeded with url: /weather/2022/05/20/heat-wave-east-coast/ (Caused by NewConnectionError('<urllib3.connection.HTTPSConnection object at 0x10a021c70>: Failed to establish a new connection: [Errno 8] nodename nor servname provided, or not known')) on URL https://www.washingtonpost.com/weather/2022/05/20/heat-wave-east-coast/",)
e自身:Article `download()` failed with HTTPSConnectionPool(host='www.washingtonpost.com', port=443): Max retries exceeded with url: /weather/2022/05/20/heat-wave-east-coast/ (Caused by NewConnectionError('<urllib3.connection.HTTPSConnection object at 0x10a021c70>: Failed to establish a new connection: [Errno 8] nodename nor servname provided, or not known')) on URL https://www.washingtonpost.com/weather/2022/05/20/heat-wave-east-coast/
=== エラー内容 ===
type:<class 'newspaper.article.ArticleException'>
args:("Article `download()` failed with HTTPSConnectionPool(host='www.washingtonpost.com', port=443): Max retries exceeded with url: /investigations/2022/05/20/ginni-thomas-arizona-election-emails/ (Caused by NewConnectionError('<urllib3.connection.HTTPSConnection object at 0x10a021be0>: Failed to establish a new connection: [Errno 8] nodename nor servname provided, or not known')) on URL https://www.washingtonpost.com/investigations/2022/05/20/ginni-thomas-arizona-election-emails/",)
e自身:Article `download()` failed with HTTPSConnectionPool(host='www.washingtonpost.com', port=443): Max retries exceeded with url: /investigations/2022/05/20/ginni-thomas-arizona-election-emails/ (Caused by NewConnectionError('<urllib3.connection.HTTPSConnection object at 0x10a021be0>: Failed to establish a new connection: [Errno 8] nodename nor servname provided, or not known')) on URL https://www.washingtonpost.com/investigations/2022/05/20/ginni-thomas-arizona-election-emails/
=== エラー内容 ===
type:<class 'newspaper.article.ArticleException'>
args:("Article `download()` failed with HTTPSConnectionPool(host='www.washingtonpost.com', port=443): Max retries exceeded with url: /politics/2022/05/19/trump-uses-pa-primary-continue-effort-undermine-electoral-system/ (Caused by NewConnectionError('<urllib3.connection.HTTPSConnection object at 0x10a021d00>: Failed to establish a new connection: [Errno 8] nodename nor servname provided, or not known')) on URL https://www.washingtonpost.com/politics/2022/05/19/trump-uses-pa-primary-continue-effort-undermine-electoral-system/",)
e自身:Article `download()` failed with HTTPSConnectionPool(host='www.washingtonpost.com', port=443): Max retries exceeded with url: /politics/2022/05/19/trump-uses-pa-primary-continue-effort-undermine-electoral-system/ (Caused by NewConnectionError('<urllib3.connection.HTTPSConnection object at 0x10a021d00>: Failed to establish a new connection: [Errno 8] nodename nor servname provided, or not known')) on URL https://www.washingtonpost.com/politics/2022/05/19/trump-uses-pa-primary-continue-effort-undermine-electoral-system/
=== エラー内容 ===
type:<class 'newspaper.article.ArticleException'>
args:("Article `download()` failed with HTTPSConnectionPool(host='www.washingtonpost.com', port=443): Max retries exceeded with url: /business/2022/05/20/stock-markets-wall-street-inflation-fed-recession-economy/ (Caused by NewConnectionError('<urllib3.connection.HTTPSConnection object at 0x10a021d30>: Failed to establish a new connection: [Errno 8] nodename nor servname provided, or not known')) on URL https://www.washingtonpost.com/business/2022/05/20/stock-markets-wall-street-inflation-fed-recession-economy/",)
e自身:Article `download()` failed with HTTPSConnectionPool(host='www.washingtonpost.com', port=443): Max retries exceeded with url: /business/2022/05/20/stock-markets-wall-street-inflation-fed-recession-economy/ (Caused by NewConnectionError('<urllib3.connection.HTTPSConnection object at 0x10a021d30>: Failed to establish a new connection: [Errno 8] nodename nor servname provided, or not known')) on URL https://www.washingtonpost.com/business/2022/05/20/stock-markets-wall-street-inflation-fed-recession-economy/
=== エラー内容 ===
type:<class 'newspaper.article.ArticleException'>
args:("Article `download()` failed with HTTPSConnectionPool(host='www.washingtonpost.com', port=443): Max retries exceeded with url: /food/2022/05/20/don-gorske-big-mac-every-day/ (Caused by NewConnectionError('<urllib3.connection.HTTPSConnection object at 0x10a021700>: Failed to establish a new connection: [Errno 8] nodename nor servname provided, or not known')) on URL https://www.washingtonpost.com/food/2022/05/20/don-gorske-big-mac-every-day/",)
e自身:Article `download()` failed with HTTPSConnectionPool(host='www.washingtonpost.com', port=443): Max retries exceeded with url: /food/2022/05/20/don-gorske-big-mac-every-day/ (Caused by NewConnectionError('<urllib3.connection.HTTPSConnection object at 0x10a021700>: Failed to establish a new connection: [Errno 8] nodename nor servname provided, or not known')) on URL https://www.washingtonpost.com/food/2022/05/20/don-gorske-big-mac-every-day/
=== エラー内容 ===
type:<class 'urllib.error.URLError'>
args:(gaierror(8, 'nodename nor servname provided, or not known'),)
e自身:<urlopen error [Errno 8] nodename nor servname provided, or not known>
url:https://news.google.com/rss/search?q=+after:2022-5-19+inurl:reuters.com&hl=en-US&gl=US&ceid=US:en
=== エラー内容 ===
type:<class 'newspaper.article.ArticleException'>
args:("Article `download()` failed with HTTPSConnectionPool(host='www.cnbc.com', port=443): Max retries exceeded with url: /2022/05/21/breaking-down-the-markets-tumble-into-a-bear-market-and-what-comes-next.html (Caused by NewConnectionError('<urllib3.connection.HTTPSConnection object at 0x10759af70>: Failed to establish a new connection: [Errno 8] nodename nor servname provided, or not known')) on URL https://www.cnbc.com/2022/05/21/breaking-down-the-markets-tumble-into-a-bear-market-and-what-comes-next.html",)
e自身:Article `download()` failed with HTTPSConnectionPool(host='www.cnbc.com', port=443): Max retries exceeded with url: /2022/05/21/breaking-down-the-markets-tumble-into-a-bear-market-and-what-comes-next.html (Caused by NewConnectionError('<urllib3.connection.HTTPSConnection object at 0x10759af70>: Failed to establish a new connection: [Errno 8] nodename nor servname provided, or not known')) on URL https://www.cnbc.com/2022/05/21/breaking-down-the-markets-tumble-into-a-bear-market-and-what-comes-next.html
=== エラー内容 ===
type:<class 'newspaper.article.ArticleException'>
args:("Article `download()` failed with HTTPSConnectionPool(host='www.cnbc.com', port=443): Max retries exceeded with url: /2022/05/20/europe-markets-open-to-close-to-end-turbulent-week.html (Caused by NewConnectionError('<urllib3.connection.HTTPSConnection object at 0x10759acd0>: Failed to establish a new connection: [Errno 8] nodename nor servname provided, or not known')) on URL https://www.cnbc.com/2022/05/20/europe-markets-open-to-close-to-end-turbulent-week.html",)
e自身:Article `download()` failed with HTTPSConnectionPool(host='www.cnbc.com', port=443): Max retries exceeded with url: /2022/05/20/europe-markets-open-to-close-to-end-turbulent-week.html (Caused by NewConnectionError('<urllib3.connection.HTTPSConnection object at 0x10759acd0>: Failed to establish a new connection: [Errno 8] nodename nor servname provided, or not known')) on URL https://www.cnbc.com/2022/05/20/europe-markets-open-to-close-to-end-turbulent-week.html
=== エラー内容 ===
type:<class 'newspaper.article.ArticleException'>
args:("Article `download()` failed with HTTPSConnectionPool(host='www.cnbc.com', port=443): Max retries exceeded with url: /2022/05/20/nasdaq-records-first-seven-week-losing-streak-since-2002.html (Caused by NewConnectionError('<urllib3.connection.HTTPSConnection object at 0x10759a280>: Failed to establish a new connection: [Errno 8] nodename nor servname provided, or not known')) on URL https://www.cnbc.com/2022/05/20/nasdaq-records-first-seven-week-losing-streak-since-2002.html",)
e自身:Article `download()` failed with HTTPSConnectionPool(host='www.cnbc.com', port=443): Max retries exceeded with url: /2022/05/20/nasdaq-records-first-seven-week-losing-streak-since-2002.html (Caused by NewConnectionError('<urllib3.connection.HTTPSConnection object at 0x10759a280>: Failed to establish a new connection: [Errno 8] nodename nor servname provided, or not known')) on URL https://www.cnbc.com/2022/05/20/nasdaq-records-first-seven-week-losing-streak-since-2002.html
=== エラー内容 ===
type:<class 'urllib.error.URLError'>
args:(gaierror(8, 'nodename nor servname provided, or not known'),)
e自身:<urlopen error [Errno 8] nodename nor servname provided, or not known>
url:https://news.google.com/rss/search?q=+after:2022-5-19+inurl:thestreet.com&hl=en-US&gl=US&ceid=US:en
=== エラー内容 ===
type:<class 'urllib.error.URLError'>
args:(gaierror(8, 'nodename nor servname provided, or not known'),)
e自身:<urlopen error [Errno 8] nodename nor servname provided, or not known>
url:https://news.google.com/rss/search?q=+after:2022-5-19+inurl:foxbusiness.com&hl=en-US&gl=US&ceid=US:en
=== エラー内容 ===
type:<class 'urllib.error.URLError'>
args:(gaierror(8, 'nodename nor servname provided, or not known'),)
e自身:<urlopen error [Errno 8] nodename nor servname provided, or not known>
url:https://news.google.com/rss/search?q=+after:2022-5-19+inurl:washingtonpost.com&hl=en-US&gl=US&ceid=US:en
=== エラー内容 ===
type:<class 'OSError'>
args:(23, 'Too many open files in system')
e自身:[Errno 23] Too many open files in system: '/Users/takumiinui/.pyenv/versions/3.9.1/lib/python3.9/site-packages/newspaper/resources/text'
=== エラー内容 ===
type:<class 'newspaper.article.ArticleException'>
args:("Article `download()` failed with HTTPSConnectionPool(host='www.reuters.com', port=443): Max retries exceeded with url: /markets/europe/exclusive-general-atlantic-plans-2-billion-investment-india-southeast-asia-2022-05-22/ (Caused by NewConnectionError('<urllib3.connection.HTTPSConnection object at 0x10c6e1910>: Failed to establish a new connection: [Errno 8] nodename nor servname provided, or not known')) on URL https://www.reuters.com/markets/europe/exclusive-general-atlantic-plans-2-billion-investment-india-southeast-asia-2022-05-22/",)
e自身:Article `download()` failed with HTTPSConnectionPool(host='www.reuters.com', port=443): Max retries exceeded with url: /markets/europe/exclusive-general-atlantic-plans-2-billion-investment-india-southeast-asia-2022-05-22/ (Caused by NewConnectionError('<urllib3.connection.HTTPSConnection object at 0x10c6e1910>: Failed to establish a new connection: [Errno 8] nodename nor servname provided, or not known')) on URL https://www.reuters.com/markets/europe/exclusive-general-atlantic-plans-2-billion-investment-india-southeast-asia-2022-05-22/
=== エラー内容 ===
type:<class 'urllib.error.URLError'>
args:(gaierror(8, 'nodename nor servname provided, or not known'),)
e自身:<urlopen error [Errno 8] nodename nor servname provided, or not known>
url:https://news.google.com/rss/search?q=+after:2022-5-21+inurl:cnbc.com&hl=en-US&gl=US&ceid=US:en
=== エラー内容 ===
type:<class 'newspaper.article.ArticleException'>
args:("Article `download()` failed with HTTPSConnectionPool(host='www.cnbc.com', port=443): Max retries exceeded with url: /2022/05/22/the-4-things-this-mindfulness-coach-does-every-morning-to-be-more-productive.html (Caused by NewConnectionError('<urllib3.connection.HTTPSConnection object at 0x10b65a250>: Failed to establish a new connection: [Errno 8] nodename nor servname provided, or not known')) on URL https://www.cnbc.com/2022/05/22/the-4-things-this-mindfulness-coach-does-every-morning-to-be-more-productive.html",)
e自身:Article `download()` failed with HTTPSConnectionPool(host='www.cnbc.com', port=443): Max retries exceeded with url: /2022/05/22/the-4-things-this-mindfulness-coach-does-every-morning-to-be-more-productive.html (Caused by NewConnectionError('<urllib3.connection.HTTPSConnection object at 0x10b65a250>: Failed to establish a new connection: [Errno 8] nodename nor servname provided, or not known')) on URL https://www.cnbc.com/2022/05/22/the-4-things-this-mindfulness-coach-does-every-morning-to-be-more-productive.html
=== エラー内容 ===
type:<class 'newspaper.article.ArticleException'>
args:("Article `download()` failed with HTTPSConnectionPool(host='www.cnbc.com', port=443): Max retries exceeded with url: /2022/05/22/inflation-is-rising-but-fans-are-paying-for-nba-nfl-other-sports-tickets.html (Caused by NewConnectionError('<urllib3.connection.HTTPSConnection object at 0x10b73a6a0>: Failed to establish a new connection: [Errno 8] nodename nor servname provided, or not known')) on URL https://www.cnbc.com/2022/05/22/inflation-is-rising-but-fans-are-paying-for-nba-nfl-other-sports-tickets.html",)
e自身:Article `download()` failed with HTTPSConnectionPool(host='www.cnbc.com', port=443): Max retries exceeded with url: /2022/05/22/inflation-is-rising-but-fans-are-paying-for-nba-nfl-other-sports-tickets.html (Caused by NewConnectionError('<urllib3.connection.HTTPSConnection object at 0x10b73a6a0>: Failed to establish a new connection: [Errno 8] nodename nor servname provided, or not known')) on URL https://www.cnbc.com/2022/05/22/inflation-is-rising-but-fans-are-paying-for-nba-nfl-other-sports-tickets.html
=== エラー内容 ===
type:<class 'newspaper.article.ArticleException'>
args:("Article `download()` failed with HTTPSConnectionPool(host='www.cnbc.com', port=443): Max retries exceeded with url: /2022/05/22/oxfam-slams-billionaire-pandemic-bonanza-as-millions-face-poverty.html (Caused by NewConnectionError('<urllib3.connection.HTTPSConnection object at 0x10b73a7c0>: Failed to establish a new connection: [Errno 8] nodename nor servname provided, or not known')) on URL https://www.cnbc.com/2022/05/22/oxfam-slams-billionaire-pandemic-bonanza-as-millions-face-poverty.html",)
e自身:Article `download()` failed with HTTPSConnectionPool(host='www.cnbc.com', port=443): Max retries exceeded with url: /2022/05/22/oxfam-slams-billionaire-pandemic-bonanza-as-millions-face-poverty.html (Caused by NewConnectionError('<urllib3.connection.HTTPSConnection object at 0x10b73a7c0>: Failed to establish a new connection: [Errno 8] nodename nor servname provided, or not known')) on URL https://www.cnbc.com/2022/05/22/oxfam-slams-billionaire-pandemic-bonanza-as-millions-face-poverty.html
=== エラー内容 ===
type:<class 'urllib.error.URLError'>
args:(gaierror(8, 'nodename nor servname provided, or not known'),)
e自身:<urlopen error [Errno 8] nodename nor servname provided, or not known>
url:https://news.google.com/rss/search?q=+after:2022-5-21+inurl:thestreet.com&hl=en-US&gl=US&ceid=US:en
=== エラー内容 ===
type:<class 'urllib.error.URLError'>
args:(gaierror(8, 'nodename nor servname provided, or not known'),)
e自身:<urlopen error [Errno 8] nodename nor servname provided, or not known>
url:https://news.google.com/rss/search?q=+after:2022-5-21+inurl:foxbusiness.com&hl=en-US&gl=US&ceid=US:en
=== エラー内容 ===
type:<class 'newspaper.article.ArticleException'>
args:("Article `download()` failed with HTTPSConnectionPool(host='www.foxbusiness.com', port=443): Read timed out. (read timeout=7) on URL https://www.foxbusiness.com/economy/recession-signs-inflation-rate-hikes",)
e自身:Article `download()` failed with HTTPSConnectionPool(host='www.foxbusiness.com', port=443): Read timed out. (read timeout=7) on URL https://www.foxbusiness.com/economy/recession-signs-inflation-rate-hikes
=== エラー内容 ===
type:<class 'IndexError'>
args:('list index out of range',)
e自身:list index out of range
タイトル:The sell-off could be headed for another leg down as too bullish analysts are forced to cut numbers
Hong Kong's Hang Seng falls as tech stocks slide; Xpeng shares plunge ahead of earnings
5 things to know before the stock market opens Monday
European markets close higher despite fears for global growth; Stoxx 600 up 1.3%
Tech sector: Analysts name technology stocks to buy after the sell-off
Eli Lilly's 'game-changing' diabetes drug could boost the stock, SVB Securities says
Google, Meta and Amazon will benefit from the Ukraine war, ad guru Martin Sorrell says
Citi CEO Jane Fraser is convinced Europe will fall into a recession
Motorola is a defensive growth story that has plenty of upside potential, Morgan Stanley says
EBay is entering the NFT business, with an assist from hockey legend Wayne Gretzky
DC AG sues Meta CEO Zuckerberg over Cambridge Analytica privacy scandal
Stocks making the biggest moves in the premarket: Electronic Arts, VMWare, GameStop and more
Russia dominates nuclear power supply chains — and the West needs to prepare now to be independent in the future
Belgium becomes first country to introduce mandatory monkeypox quarantine as global cases rise
Jim Cramer says he likes these three smaller plays in battered retail sector

日本語タイトル:['強気すぎるアナリストが数字削減を余儀なくされ、売りがもう一段の下げに向かう可能性がある', 'ハイテク株の下落で香港ハンセンも下落、決算を控えたXpeng株が急落', '月曜日の株式市場が開く前に知っておくべき5つのこと', '世界的な成長への懸念にもかかわらず、欧州市場は高値で引け ストックス600は1.3%上昇', 'ハイテクセクター アナリストは、売られた後に買うべき技術系銘柄を挙げる', 'イーライリリーの糖尿病治療薬「game-changing」が株価を押し上げる可能性、SVB証券が指摘', 'グーグル、メタ、アマゾンはウクライナ戦争から利益を得るだろう、と広告の第一人者マーティン・ソレルが語る。', 'シティCEOのJane Fraserは、ヨーロッパが不況に陥ることを確信している', 'モトローラはディフェンシブな成長株であり、アップサイドの可能性も十分あるとモルガンスタンレーが指摘', 'EBayがNFTビジネスに参入、ホッケーの伝説的選手Wayne Gretzkyのアシストで', 'DC州司法省、ケンブリッジ・アナリティカのプライバシースキャンダルでメタCEOのザッカーバーグを提訴', 'プレマーケットで最も大きく動いた銘柄。エレクトロニック・アーツ、VMWare、GameStop、その他。', 'ロシアは原子力発電のサプライチェーンを支配しており、西側諸国は将来的に独立するために今から準備する必要がある。', '日本経済新聞によると、「日本では、日本が世界的な景気後退の影響を受けている。']
=== エラー内容 ===
type:<class 'newspaper.article.ArticleException'>
args:("Article `download()` failed with HTTPSConnectionPool(host='www.foxbusiness.com', port=443): Read timed out. (read timeout=7) on URL https://www.foxbusiness.com/economy/recession-signs-inflation-rate-hikes",)
e自身:Article `download()` failed with HTTPSConnectionPool(host='www.foxbusiness.com', port=443): Read timed out. (read timeout=7) on URL https://www.foxbusiness.com/economy/recession-signs-inflation-rate-hikes
=== エラー内容 ===
type:<class 'newspaper.article.ArticleException'>
args:("Article `download()` failed with HTTPSConnectionPool(host='www.businessinsider.com', port=443): Read timed out. (read timeout=7) on URL https://www.businessinsider.com/elon-musk-lost-10-billion-after-sexual-misconduct-claim-2022-5",)
e自身:Article `download()` failed with HTTPSConnectionPool(host='www.businessinsider.com', port=443): Read timed out. (read timeout=7) on URL https://www.businessinsider.com/elon-musk-lost-10-billion-after-sexual-misconduct-claim-2022-5
=== エラー内容 ===
type:<class 'newspaper.article.ArticleException'>
args:("Article `download()` failed with HTTPSConnectionPool(host='www.businessinsider.com', port=443): Read timed out. (read timeout=7) on URL https://www.businessinsider.com/surfside-condo-site-sold-to-trump-business-partner-120-million-2022-5",)
e自身:Article `download()` failed with HTTPSConnectionPool(host='www.businessinsider.com', port=443): Read timed out. (read timeout=7) on URL https://www.businessinsider.com/surfside-condo-site-sold-to-trump-business-partner-120-million-2022-5
=== エラー内容 ===
type:<class 'newspaper.article.ArticleException'>
args:("Article `download()` failed with HTTPSConnectionPool(host='www.businessinsider.com', port=443): Read timed out. (read timeout=7) on URL https://www.businessinsider.com/elon-musk-lost-10-billion-after-sexual-misconduct-claim-2022-5",)
e自身:Article `download()` failed with HTTPSConnectionPool(host='www.businessinsider.com', port=443): Read timed out. (read timeout=7) on URL https://www.businessinsider.com/elon-musk-lost-10-billion-after-sexual-misconduct-claim-2022-5
=== エラー内容 ===
type:<class 'newspaper.article.ArticleException'>
args:("Article `download()` failed with HTTPSConnectionPool(host='www.businessinsider.com', port=443): Read timed out. (read timeout=7) on URL https://www.businessinsider.com/elon-musk-lost-10-billion-after-sexual-misconduct-claim-2022-5",)
e自身:Article `download()` failed with HTTPSConnectionPool(host='www.businessinsider.com', port=443): Read timed out. (read timeout=7) on URL https://www.businessinsider.com/elon-musk-lost-10-billion-after-sexual-misconduct-claim-2022-5
=== エラー内容 ===
type:<class 'newspaper.article.ArticleException'>
args:("Article `download()` failed with HTTPSConnectionPool(host='www.businessinsider.com', port=443): Read timed out. (read timeout=7) on URL https://www.businessinsider.com/elon-musks-twitter-70-percent-followers-fake-accounts-audit-says-2022-5",)
e自身:Article `download()` failed with HTTPSConnectionPool(host='www.businessinsider.com', port=443): Read timed out. (read timeout=7) on URL https://www.businessinsider.com/elon-musks-twitter-70-percent-followers-fake-accounts-audit-says-2022-5
=== エラー内容 ===
type:<class 'newspaper.article.ArticleException'>
args:("Article `download()` failed with HTTPSConnectionPool(host='www.businessinsider.com', port=443): Read timed out. (read timeout=7) on URL https://www.businessinsider.com/elon-musk-lost-10-billion-after-sexual-misconduct-claim-2022-5",)
e自身:Article `download()` failed with HTTPSConnectionPool(host='www.businessinsider.com', port=443): Read timed out. (read timeout=7) on URL https://www.businessinsider.com/elon-musk-lost-10-billion-after-sexual-misconduct-claim-2022-5
=== エラー内容 ===
type:<class 'newspaper.article.ArticleException'>
args:("Article `download()` failed with HTTPSConnectionPool(host='www.businessinsider.com', port=443): Read timed out. (read timeout=7) on URL https://www.businessinsider.com/elon-musk-lost-10-billion-after-sexual-misconduct-claim-2022-5",)
e自身:Article `download()` failed with HTTPSConnectionPool(host='www.businessinsider.com', port=443): Read timed out. (read timeout=7) on URL https://www.businessinsider.com/elon-musk-lost-10-billion-after-sexual-misconduct-claim-2022-5
=== エラー内容 ===
type:<class 'newspaper.article.ArticleException'>
args:("Article `download()` failed with HTTPSConnectionPool(host='www.businessinsider.com', port=443): Read timed out. (read timeout=7) on URL https://www.businessinsider.com/elon-musk-lost-10-billion-after-sexual-misconduct-claim-2022-5",)
e自身:Article `download()` failed with HTTPSConnectionPool(host='www.businessinsider.com', port=443): Read timed out. (read timeout=7) on URL https://www.businessinsider.com/elon-musk-lost-10-billion-after-sexual-misconduct-claim-2022-5
=== エラー内容 ===
type:<class 'newspaper.article.ArticleException'>
args:("Article `download()` failed with HTTPSConnectionPool(host='www.foxbusiness.com', port=443): Read timed out. (read timeout=7) on URL https://www.foxbusiness.com/economy/recession-signs-inflation-rate-hikes",)
e自身:Article `download()` failed with HTTPSConnectionPool(host='www.foxbusiness.com', port=443): Read timed out. (read timeout=7) on URL https://www.foxbusiness.com/economy/recession-signs-inflation-rate-hikes
=== エラー内容 ===
type:<class 'newspaper.article.ArticleException'>
args:("Article `download()` failed with HTTPSConnectionPool(host='www.businessinsider.com', port=443): Read timed out. (read timeout=7) on URL https://www.businessinsider.com/elon-musk-lost-10-billion-after-sexual-misconduct-claim-2022-5",)
e自身:Article `download()` failed with HTTPSConnectionPool(host='www.businessinsider.com', port=443): Read timed out. (read timeout=7) on URL https://www.businessinsider.com/elon-musk-lost-10-billion-after-sexual-misconduct-claim-2022-5
=== エラー内容 ===
type:<class 'newspaper.article.ArticleException'>
args:("Article `download()` failed with HTTPSConnectionPool(host='www.businessinsider.com', port=443): Read timed out. (read timeout=7) on URL https://www.businessinsider.com/kellyanne-conway-slams-shrewd-and-calculating-jared-kushner-in-book-2022-5",)
e自身:Article `download()` failed with HTTPSConnectionPool(host='www.businessinsider.com', port=443): Read timed out. (read timeout=7) on URL https://www.businessinsider.com/kellyanne-conway-slams-shrewd-and-calculating-jared-kushner-in-book-2022-5
=== エラー内容 ===
type:<class 'newspaper.article.ArticleException'>
args:("Article `download()` failed with HTTPSConnectionPool(host='www.businessinsider.com', port=443): Read timed out. (read timeout=7) on URL https://www.businessinsider.com/elon-musk-lost-10-billion-after-sexual-misconduct-claim-2022-5",)
e自身:Article `download()` failed with HTTPSConnectionPool(host='www.businessinsider.com', port=443): Read timed out. (read timeout=7) on URL https://www.businessinsider.com/elon-musk-lost-10-billion-after-sexual-misconduct-claim-2022-5
=== エラー内容 ===
type:<class 'newspaper.article.ArticleException'>
args:("Article `download()` failed with HTTPSConnectionPool(host='www.businessinsider.com', port=443): Read timed out. (read timeout=7) on URL https://www.businessinsider.com/elon-musk-lost-10-billion-after-sexual-misconduct-claim-2022-5",)
e自身:Article `download()` failed with HTTPSConnectionPool(host='www.businessinsider.com', port=443): Read timed out. (read timeout=7) on URL https://www.businessinsider.com/elon-musk-lost-10-billion-after-sexual-misconduct-claim-2022-5
=== エラー内容 ===
type:<class 'newspaper.article.ArticleException'>
args:("Article `download()` failed with HTTPSConnectionPool(host='www.businessinsider.com', port=443): Read timed out. (read timeout=7) on URL https://www.businessinsider.com/kellyanne-conway-slams-shrewd-and-calculating-jared-kushner-in-book-2022-5",)
e自身:Article `download()` failed with HTTPSConnectionPool(host='www.businessinsider.com', port=443): Read timed out. (read timeout=7) on URL https://www.businessinsider.com/kellyanne-conway-slams-shrewd-and-calculating-jared-kushner-in-book-2022-5
=== エラー内容 ===
type:<class 'newspaper.article.ArticleException'>
args:("Article `download()` failed with HTTPSConnectionPool(host='www.businessinsider.com', port=443): Read timed out. (read timeout=7) on URL https://www.businessinsider.com/elon-musk-lost-10-billion-after-sexual-misconduct-claim-2022-5",)
e自身:Article `download()` failed with HTTPSConnectionPool(host='www.businessinsider.com', port=443): Read timed out. (read timeout=7) on URL https://www.businessinsider.com/elon-musk-lost-10-billion-after-sexual-misconduct-claim-2022-5
=== エラー内容 ===
type:<class 'newspaper.article.ArticleException'>
args:("Article `download()` failed with HTTPSConnectionPool(host='www.businessinsider.com', port=443): Read timed out. (read timeout=7) on URL https://www.businessinsider.com/elon-musk-lost-10-billion-after-sexual-misconduct-claim-2022-5",)
e自身:Article `download()` failed with HTTPSConnectionPool(host='www.businessinsider.com', port=443): Read timed out. (read timeout=7) on URL https://www.businessinsider.com/elon-musk-lost-10-billion-after-sexual-misconduct-claim-2022-5
=== エラー内容 ===
type:<class 'newspaper.article.ArticleException'>
args:("Article `download()` failed with HTTPSConnectionPool(host='www.businessinsider.com', port=443): Read timed out. (read timeout=7) on URL https://www.businessinsider.com/kellyanne-conway-slams-shrewd-and-calculating-jared-kushner-in-book-2022-5",)
e自身:Article `download()` failed with HTTPSConnectionPool(host='www.businessinsider.com', port=443): Read timed out. (read timeout=7) on URL https://www.businessinsider.com/kellyanne-conway-slams-shrewd-and-calculating-jared-kushner-in-book-2022-5
=== エラー内容 ===
type:<class 'newspaper.article.ArticleException'>
args:("Article `download()` failed with HTTPSConnectionPool(host='www.businessinsider.com', port=443): Read timed out. (read timeout=7) on URL https://www.businessinsider.com/banker-shot-dead-nyc-subway-banker-goldman-sachs-2022-5",)
e自身:Article `download()` failed with HTTPSConnectionPool(host='www.businessinsider.com', port=443): Read timed out. (read timeout=7) on URL https://www.businessinsider.com/banker-shot-dead-nyc-subway-banker-goldman-sachs-2022-5
=== エラー内容 ===
type:<class 'newspaper.article.ArticleException'>
args:("Article `download()` failed with HTTPSConnectionPool(host='www.businessinsider.com', port=443): Read timed out. (read timeout=7) on URL https://www.businessinsider.com/banker-shot-dead-nyc-subway-banker-goldman-sachs-2022-5",)
e自身:Article `download()` failed with HTTPSConnectionPool(host='www.businessinsider.com', port=443): Read timed out. (read timeout=7) on URL https://www.businessinsider.com/banker-shot-dead-nyc-subway-banker-goldman-sachs-2022-5
=== エラー内容 ===
type:<class 'newspaper.article.ArticleException'>
args:("Article `download()` failed with HTTPSConnectionPool(host='www.foxbusiness.com', port=443): Read timed out. (read timeout=7) on URL https://www.foxbusiness.com/economy/recession-signs-inflation-rate-hikes",)
e自身:Article `download()` failed with HTTPSConnectionPool(host='www.foxbusiness.com', port=443): Read timed out. (read timeout=7) on URL https://www.foxbusiness.com/economy/recession-signs-inflation-rate-hikes
=== エラー内容 ===
type:<class 'newspaper.article.ArticleException'>
args:("Article `download()` failed with HTTPSConnectionPool(host='www.foxbusiness.com', port=443): Read timed out. (read timeout=7) on URL https://www.foxbusiness.com/economy/recession-signs-inflation-rate-hikes",)
e自身:Article `download()` failed with HTTPSConnectionPool(host='www.foxbusiness.com', port=443): Read timed out. (read timeout=7) on URL https://www.foxbusiness.com/economy/recession-signs-inflation-rate-hikes
=== エラー内容 ===
type:<class 'IndexError'>
args:('list index out of range',)
e自身:list index out of range
タイトル:European markets close higher despite fears for global growth; Stoxx 600 up 1.3%
Chinese stocks plummet as tech stocks drop; investors weigh possible U.S. tariff cut on China's goods
The sell-off could be headed for another leg down as too bullish analysts are forced to cut numbers
Hong Kong's Hang Seng falls as tech stocks slide; Xpeng shares plunge ahead of earnings
5 things to know before the stock market opens Monday
Stock futures indicate the sell-off resuming on Wall Street after Monday's brief rebound
The case for being completely debt free and how it can positively impact your mindset
Google, Meta and Amazon will benefit from the Ukraine war, ad guru Martin Sorrell says
Tech sector: Analysts name technology stocks to buy after the sell-off
Volkswagen chief says German car giant will overtake Tesla on electric vehicle sales by 2025
Citi CEO Jane Fraser is convinced Europe will fall into a recession
Snap plunges 30% after CEO warns company will miss revenue and earnings estimates, slow hiring
ECB rate hikes in July and September are likely a done deal, France's Villeroy says
Returning to the office can be costly. Here are 3 ways to beat rising costs
Jim Cramer says he likes these three smaller plays in battered retail sector

日本語タイトル:['世界的な成長への懸念にもかかわらず欧州市場は高値で終了、ストックス600は1.3%上昇', 'ハイテク株の下落で中国株も急落、米国の中国製品への関税引き下げの可能性を投資家が検討', '強気すぎるアナリストが数字削減を余儀なくされ、売りがもう一段の下げに向かう可能性がある', 'ハイテク株の下落で香港ハンセンも下落、決算を控えたXpeng株が急落', '月曜日の株式市場が開く前に知っておくべき5つのこと', '株式先物は、月曜日の短いリバウンドの後、ウォール街で再開される売り物を示しています。', '完全無借金のケースと、それがあなたの考え方にどのようなプラスの影響を与えるか', 'ウクライナ戦争で利益を得るのはグーグル、メタ、アマゾン、広告の第一人者マーティン・ソレルが語る', 'テックセクター アナリストは、売り浴びせの後に買うべきテクノロジー銘柄を挙げる', 'フォルクスワーゲンCEO、2025年までに電気自動車販売台数でテスラを追い抜くと発言', 'シティCEOのジェーン・フレイザーは、欧州が景気後退に陥ることを確信している。', 'スナップ、CEOの警告で30％急落 収益・利益予想を下回り、採用活動も鈍化', '7月と9月のECB利上げが決定的になりそうだと、フランスのビレロイ氏が指摘', 'オフィスへの復帰はコストがかかる。コスト上昇を抑える3つの方法']
=== エラー内容 ===
type:<class 'IndexError'>
args:('list index out of range',)
e自身:list index out of range
タイトル:Bitcoin Price May Crash to $8,000
SpaceX Seeks Funding Following Boeing's Successful Weekend
Man Trapped Inside Tesla Breaks Window to Escape Fire
Mark Zuckerberg Could Pay for 2016 Election Scandal Personally
Markets: The Correction Is Not Over Yet
Cisco Facing Headwinds, TheStreet.com's AAP Team Says
Elon Musk Promises a Big Surprise for the Midterm Elections
Disney, Universal Studios Theme Parks Offer VIP Experience (If You Can Afford It)
Elon Musk and Twitter: Now It's Personal and Ugly
I'm 100% Annoyed By the Supposed 20% Bear Market Rule - RealMoney
Universal Studios Theme Park Finds New Home for Popular Attraction
Bitcoin Evangelists Remain Enthusiastic Despite Crypto Rout
Elon Musk Does Not Fear A Recession
Electronic Arts Stock Jumps On Report of Takeover Interest In FIFA Video Game Maker
Retail Stocks Are Moving Fast: Here's One That Might Be Worth Catching - RealMoney

日本語タイトル:['ビットコイン価格が8,000ドルまで暴落する可能性', 'ボーイングの成功した週末に続いて、SpaceXが資金調達を求める', 'テスラの車内に閉じ込められた男性、窓を割って火災から脱出', 'マーク・ザッカーバーグは、個人的に2016年の選挙スキャンダルのために支払うことができる', 'マーケット 日本経済新聞', 'シスコは逆風に直面している、とTheStreet.comのAAPチームは述べています。', 'イーロン・マスク、中間選挙にビッグサプライズを約束', 'ディズニーとユニバーサル・スタジオのテーマパークがVIP体験を提供（お金に余裕があれば）', 'イーロン・マスクとツイッター。イーロン・マスクとTwitter：個人的で醜い関係', 'イーロン・マスクとTwitter: 今、個人的な不満がある。', 'ユニバーサル・スタジオ・テーマパーク、人気アトラクションの新天地を発見', 'ビットコインエバンジェリストは、暗号通貨の暴落にもかかわらず、熱狂的な支持を維持しています。', 'イーロン・マスク氏は景気後退を恐れていない', 'FIFAビデオゲームメーカー買収の報道でElectronic Artsの株価が急上昇']
=== エラー内容 ===
type:<class 'IndexError'>
args:('list index out of range',)
e自身:list index out of range
タイトル:The Best Memorial Day 2022 Sales
John Oliver Just Described The Most Unsettling Thing About Subway Sandwich Shops
Marjorie Taylor Greene Can't Figure Out Why People Are Picking On Murderous White Supremacists
Tucker Carlson's Latest Accusation Should Be Aimed Right Into A Mirror
Noah Thompson Wins 'American Idol' After Battling Sore Throat From COVID
Oracle's Larry Ellison Took Part In 2020 Call About Contesting Trump's Election Loss: Report
The Lithium War Next Door
Kellyanne Conway Lets Loose On Jared Kushner In New Memoir
Isaiah Lee, Accused Dave Chappelle Attacker, Explains Why He Tackled Comedian
Local News Anchor Busts Lauren Boebert For Saying The Quiet Part Out Loud
Don’t ‘Enable The Liar’: Liz Cheney Wins Profile In Courage Award, Warns Of Trump
Pennsylvania GOP Sen. Candidate David McCormick Sues Over Mail Ballots
Pfizer Says 3 COVID Shots Protect Children Under 5
Texas Woman Wanted In Fatal Shooting Of Professional Cyclist
Andrew Wiggins' Bonkers Dunk Over Luka Doncic 'Took His Soul'

日本語タイトル:['2022年メモリアルデーのベストセール', 'John Oliver Just Described The Most Unsettling Thing About Subway Sandwich Shops（ジョン・オリバーがサブウェイのサンドイッチ店について最も不安なことを説明した。', 'マージョリー・テイラー・グリーンは、なぜ人々が殺人的な白人至上主義者をいじめるのか、理解できない。', 'タッカー・カールソンの最新の非難は、鏡に向かって右を目指すべきである', 'ノア・トンプソン、COVIDによる喉の痛みと闘った末に「アメリカン・アイドル」を制する', 'オラクルのラリー・エリソン、トランプ氏の選挙敗北を争うことについての2020年の呼びかけに参加。報告書', '隣のリチウム戦争', 'ケリーアン・コンウェイ、新回顧録でジャレッド・クシュナーについて放言', '某有名芸能人、Dave Chappelleを攻撃したIsaiah Leeがコメディアンを攻撃した理由を説明。', 'ローレン・ボーバートが「The Quiet Part」を大声で言ったことを地元ニュースキャスターがバストで指摘', '嘘つきを許さない」。リズ・チェイニー氏が「Profile In Courage」賞を受賞、トランプ氏に警鐘を鳴らす', 'ペンシルバニア州のGOP上院候補者デビッド・マコーミックが郵便投票をめぐり提訴', 'ファイザーは、3つのCOVIDショットが5歳未満の子供を保護すると述べています。', 'テキサス州の女性、プロのサイクリストの射殺で指名手配される']
=== エラー内容 ===
type:<class 'newspaper.article.ArticleException'>
args:("Article `download()` failed with HTTPSConnectionPool(host='www.businessinsider.com', port=443): Read timed out. (read timeout=7) on URL https://www.businessinsider.com/amazons-regretted-attrition-rate-more-than-doubled-in-the-past-year-2022-5",)
e自身:Article `download()` failed with HTTPSConnectionPool(host='www.businessinsider.com', port=443): Read timed out. (read timeout=7) on URL https://www.businessinsider.com/amazons-regretted-attrition-rate-more-than-doubled-in-the-past-year-2022-5
=== エラー内容 ===
type:<class 'newspaper.article.ArticleException'>
args:("Article `download()` failed with HTTPSConnectionPool(host='www.businessinsider.com', port=443): Read timed out. (read timeout=7) on URL https://www.businessinsider.com/elon-musk-lost-10-billion-after-sexual-misconduct-claim-2022-5",)
e自身:Article `download()` failed with HTTPSConnectionPool(host='www.businessinsider.com', port=443): Read timed out. (read timeout=7) on URL https://www.businessinsider.com/elon-musk-lost-10-billion-after-sexual-misconduct-claim-2022-5
=== エラー内容 ===
type:<class 'IndexError'>
args:('list index out of range',)
e自身:list index out of range
タイトル:5 things to know before the stock market opens Tuesday
Snap closes down 43%, its worst day ever, dragging other stocks with it
Best Buy says softer demand is sticking around, but company isn't planning for a recession
Bank of America CEO Brian Moynihan says nothing will slow U.S consumer from spending money
In a faceoff with Elon Musk, the SEC blinked
'That is not capitalism, that is abusing the market:' Sen. Ted Cruz blasts BlackRock's Larry Fink's 'woke' ESG policies
Hong Kong's Hang Seng falls as tech stocks slide; Xpeng shares plunge ahead of earnings
Why 2022 has been a dangerous time to retire — and what you can do about it
Chinese stocks plummet as tech stocks drop; investors weigh possible U.S. tariff cut on China's goods
Here's what the rich will be reading this summer: Books on leadership, Greek myths and Miyazaki
Abercrombie & Fitch shares fall 29% after retailer posts loss, offers weak outlook
If you hate budgeting, try the 8020 rule to save money without tracking every single expense
Nokia CEO says 6G will be here by 2030 — but you might not access it via your smartphone
Stocks making the biggest moves after hours: Nordstrom, Urban Outfitters and Intuit
The sell-off could be headed for another leg down as too bullish analysts are forced to cut numbers

日本語タイトル:['火曜日の株式市場が開く前に知っておくべき5つのこと', 'Snapは43%減、過去最悪の日、他の銘柄を引きずりながら閉じる', 'Best Buy は、軟調な需要が定着しつつあるが、同社は景気後退を計画していない、と述べています。', 'バンク・オブ・アメリカCEOのブライアン・モイニハンは、米消費者がお金を使うのを遅らせるものは何もないと語る。', 'イーロン・マスクとの対決で、SECはまばたきをした。', 'テッド・クルーズ上院議員、ブラックロックのラリー・フィンクのESG政策を非難「それは資本主義ではなく、市場の乱用だ」。', 'ハイテク株の下落で香港ハンセンが下落、決算を控えたXpeng株が急落', '2022年はなぜリタイアに危険な時期なのか - その対策は？', 'ハイテク株下落で中国株急落、米の中国製品への関税引き下げの可能性を投資家が重く見る', 'この夏、富裕層が読む本はこれだ。リーダーシップ、ギリシャ神話、宮崎駿の本', 'アバクロンビー＆フィッチ、赤字決算で株価29％下落。', '予算編成が苦手な人は、「8020の法則」を使って、いちいち出費を把握せずにお金を貯めよう', 'ノキアCEO、2030年までに6Gが登場すると発言 - しかし、あなたはスマートフォンからアクセスできないかもしれません。', 'このような状況下で、どのような行動を取るべきでしょうか。を?めている。']
=== エラー内容 ===
type:<class 'newspaper.article.ArticleException'>
args:("Article `download()` failed with HTTPSConnectionPool(host='www.cnbc.com', port=443): Read timed out. (read timeout=7) on URL https://www.cnbc.com/2022/05/24/stocks-making-the-biggest-moves-after-hours-nordstrom-urban-outfitters-and-intuit.html",)
e自身:Article `download()` failed with HTTPSConnectionPool(host='www.cnbc.com', port=443): Read timed out. (read timeout=7) on URL https://www.cnbc.com/2022/05/24/stocks-making-the-biggest-moves-after-hours-nordstrom-urban-outfitters-and-intuit.html
=== エラー内容 ===
type:<class 'IndexError'>
args:('list index out of range',)
e自身:list index out of range
タイトル:Lacking Leverage: Homebuyers Are Giving in On These Seller Concessions
Bitcoin Price May Crash to $8,000
Man Trapped Inside Tesla Breaks Window to Escape Fire
SpaceX Seeks Funding Following Boeing's Successful Weekend
Cisco Facing Headwinds, TheStreet.com's AAP Team Says
What Is a Large-Cap Stock? Definition, Valuation & Risk Level
Royal Caribbean, Carnival Cruises Might Have to Get Cheaper
Stocks Will Sink Further, Economist Rosenberg Says
Americans See $5 Trillion Disappear In Stock Market Crash
ARKK: Why Cathie Wood Won’t Buy Apple Stock
Apple's 2022 Pride Watch Bands Are Here, With a New Watch Face
Can Kim Kardashian Save Beyond Meat?
Elon Musk Wants to Go Beyond Democrats and Republicans
Elon Musk and Twitter: Now It's Personal and Ugly
I'm 100% Annoyed By the Supposed 20% Bear Market Rule - RealMoney

日本語タイトル:['']
=== エラー内容 ===
type:<class 'IndexError'>
args:('list index out of range',)
e自身:list index out of range
タイトル:Russia pounds Ukraine's east as town buries dead in mass grave.com
New group to tackle water security unveiled at Davos.com
Stocks tumble on growth concerns, bond yields slip.com
European stocks close higher as markets attempt to recover from sell-off
These are the cheapest tech stocks today following the severe drawdown in the sector
Nasdaq 100 futures fall slightly after chip giant Nvidia delivers light guidance
Elon Musk Sounds an Alarm on Italy, Hong Kong, South Korea
Burger King Menu Adds a Two-Meat Whopper (Add Bacon for Three)
Lacking Leverage: Homebuyers Are Giving in On These Seller Concessions
Mortgage applications fall further
Amazon hit with investor resolutions at shareholder meeting
Economic slowdown is a ‘6-month issue,' EY Global chairman and CEO says
Aclima study shows Bay Area minorities breathe dirtier air
Facebook says Texas gunman sent direct messages before the shooting
Analysis  New data shows how 'great replacement' overlaps with other racial fears
Trump doubles down on speaking at NRA convention after school shooting
Chase bank attracts half a million customers but predicts heavy losses
Housing bubble 2022: New-home sales plunge 17%, ease overheating fears
Uvalde school shooter was in school for up to an hour before law enforcement broke into room where he was barricaded and killed him
'Lunchflation' is real. Returning to the office is costing us a fortune
Big Oil, flush with cash, is failing on climate pledges
Trump Still Plans To Speak At NRA Convention Following Texas School Shooting
'Sick S**t': Texas Gov. Greg Abbott's Haunting Gun Tweet Resurfaces After Massacre
Beto O'Rourke Escorted Out Of Uvalde Press Conference After Confronting Gov. Greg Abbott
Zuckerberg's Metaverse to Lose 'Significant' Money in Near Term
Terra's Do Kwon Wins Backing For Luna Blockchain Rescue Proposal (UST)
Stock Market Today: Dow, S&P Live Updates for May 25, 2022
Why Shares of GameStop Are Surging Today - The Motley Fool
Nvidia Stock Sank in After-Hours Trading Today -- Here's Why the Stock Could Be a Solid Buy - The Motley Fool
How You Can Generate Lots of Passive Income in a Competitive Real Estate Market - The Motley Fool

日本語タイトル:['ロシアがウクライナ東部を攻撃、町は死者を集団墓地に埋葬.com', 'ダボス会議で水の安全保障に取り組む新グループが発表された．', '成長への懸念から株価は下落、債券利回りは低下。', '欧州の株式市場は、売りから回復しようとする中、高値で引けた。', 'このような状況下で、最も安価なハイテク株はどれでしょうか？', 'ナスダック100先物は、チップ大手のNvidiaが軽いガイダンスを発表した後、若干の下落', 'イーロン・マスク氏、イタリア、香港、韓国に警鐘を鳴らす', 'バーガーキングのメニューに肉2枚のワッパーが追加される（ベーコンを追加すると3枚に）。', 'レバレッジを欠く 住宅購入者は売主の譲歩に屈している', '住宅ローン申請件数、さらに減少', 'アマゾンが株主総会で投資家の決議を受ける', '経済減速は「6ヶ月の問題」、EYグローバル会長兼CEOが発言', 'ベイエリアのマイノリティはより汚い空気を吸っているというAclimaの調査結果', 'Facebookによると、テキサスのガンマンは銃撃の前にダイレクトメッセージを送ったという。', '分析 「偉大な代替わり」が他の人種的な恐怖と重なることを示す新しいデータ', 'トランプ氏、学校銃乱射事件後、NRA大会での講演を倍増させる', 'チェース銀行、50万人の顧客を獲得するも大赤字を予測', '住宅バブル2022年：新築住宅販売17％減、過熱懸念和らぐ', 'ウバルデ校の銃乱射犯は、法執行機関がバリケードのある部屋に侵入して殺害するまで、最大で1時間学校にいた。', 'ランチフレーションは本当だ。オフィスへの帰還は、私たちに大きな犠牲を強いている', '現金に溢れたビッグ・オイルは気候変動に関する公約で失敗している', 'トランプはまだテキサス学校銃乱射事件を受けてNRAの大会で話すことを計画している', 'Sick S**t」。テキサス州知事グレッグ・アボットの呪われた銃のツイートが、大虐殺後に再浮上', 'テキサス州知事グレッグ・アボットと対立したベト・オルークがユバルデの記者会見から追い出される', 'ザッカーバーグのメタバースは近いうちに "相当 "な損失を被るだろう', 'テラのドゥ・クォン、ルナ・ブロックチェーン救済案で支持を獲得（UST）', '今日の株式市場。2022年5月25日のダウ、S&Pライブアップデート', 'GameStopの株価が今日急騰している理由 - The Motley Fool', 'Nvidiaの株価が時間外取引で下落 -- この株がソリッドバイになりうる理由はここにある - The Motley Fool']
=== エラー内容 ===
type:<class 'IndexError'>
args:('list index out of range',)
e自身:list index out of range
タイトル:Stocks tumble on growth concerns, bond yields slip.com
Musk pledges more equity to fund Twitter deal, scraps margin loan
Russia pounds Ukraine's east as town buries dead in mass grave.com
European stocks close higher as markets attempt to recover from sell-off
Kohl's stock surges on report bidders are still competing for company amid market volatility
Asia-Pacific stocks mixed as Bank of Korea announces second straight rate hike
Elon Musk Sounds an Alarm on Italy, Hong Kong, South Korea
Burger King Menu Adds a Two-Meat Whopper (Add Bacon for Three)
Lacking Leverage: Homebuyers Are Giving in On These Seller Concessions
Mortgage applications fall further
Economic slowdown is a ‘6-month issue,' EY Global chairman and CEO says
Baby formula crisis: Products from closed plant won't hit shelves until at least mid-July, Abbott says
Senate Democrats face a choice after Uvalde: Demonstrate or negotiate
Aclima study shows Bay Area minorities breathe dirtier air
Analysis  New data shows how 'great replacement' overlaps with other racial fears
Trump doubles down on speaking at NRA convention after school shooting
Housing bubble 2022: New-home sales plunge 17%, ease overheating fears
Chase bank attracts half a million customers but predicts heavy losses
'Lunchflation' is real. Returning to the office is costing us a fortune
First responder learned at the scene his daughter was among the dead in school shooting
Big Oil, flush with cash, is failing on climate pledges
Trump Still Plans To Speak At NRA Convention Following Texas School Shooting
Jury Finds 'How To Murder Your Husband' Author Guilty Of Murdering Husband
Brian Kemp Easily Wins GOP Nomination Despite Being Trump’s No. 1 Revenge Target
Zuckerberg's Metaverse to Lose 'Significant' Money in Near Term
Terra's Do Kwon Wins Backing For Luna Blockchain Rescue Proposal (UST)
Stock Market Today: Dow, S&P Live Updates for May 25, 2022
Why Shares of GameStop Are Surging Today - The Motley Fool
Nvidia Stock Sank in After-Hours Trading Today -- Here's Why the Stock Could Be a Solid Buy - The Motley Fool
How You Can Generate Lots of Passive Income in a Competitive Real Estate Market - The Motley Fool

日本語タイトル:['成長懸念で株価は暴落、債券利回りは低下.com', 'マスク氏、Twitter取引の資金調達にさらなる出資を約束、信用貸付を廃止', 'ロシアがウクライナ東部を攻撃、町は死者を集団墓地に埋葬.com', '欧州株は高値引け、市場は売りから回復を試みる', '米国では、「震災の影響から回復した」とする声も聞かれる。', 'アジア太平洋地域の株式は、韓国銀行が2年連続の利上げを発表したため、まちまちな展開に', 'イーロン・マスク氏、イタリア、香港、韓国に警鐘を鳴らす', 'バーガーキングのメニューに肉2枚のワッパーが追加される（ベーコンを追加すると3枚に）。', 'レバレッジの欠如。住宅購入者は売主の譲歩に屈している', '住宅ローン申請件数はさらに減少', '経済減速は「6ヶ月の問題」、EYグローバル会長兼CEOが発言', '粉ミルクの危機 閉鎖された工場の製品は少なくとも7月中旬まで棚に並ばない、とアボット社。', '上院民主党員は、ウバルデの後、選択に直面する。デモか交渉か', 'Aclimaの調査では、ベイエリアのマイノリティは、より汚い空気を呼吸する', '分析 新しいデータは、「偉大な代替」が他の人種的な恐怖とどのように重なるかを示しています。', 'トランプ氏、学校銃乱射事件後、NRA大会での講演を倍増させる', '住宅バブル2022年 新築住宅販売17％減、過熱懸念が和らぐ', 'チェース銀行、50万人の顧客を獲得するも大赤字を予測', 'ランチフレーション」は本当だ。オフィスへの帰還は、私たちに大きな負担を強いている', '学校での銃乱射事件の死者に娘が含まれていたことを現場で知ったファーストレスポンダー', '現金に溢れたビッグ・オイルは気候変動に関する公約で失敗している', 'トランプはまだテキサス学校銃乱射事件を受けてNRAの大会で話すことを計画している', '陪審員は「How To Murder Your Husband」著者を夫殺しの罪で有罪にする。', 'トランプ大統領のNo.1リベンジターゲットでありながら、ブライアン・ケンプが共和党の指名をあっさり勝ち取る', 'ザッカーバーグのメタバース、当面は「相当」な損失を被ることに', 'テラのドゥ・クォン氏、ルナ・ブロックチェーン救済案で支持を獲得（UST）', '今日の株式市場。2022年5月25日のダウ、S&Pライブアップデート', 'GameStopの株価が今日急騰している理由 - The Motley Fool', 'Nvidiaの株価が時間外取引で下落 -- この株がソリッドバイになりうる理由はここにある - The Motley Fool']
=== エラー内容 ===
type:<class 'newspaper.article.ArticleException'>
args:("Article `download()` failed with HTTPSConnectionPool(host='www.foxbusiness.com', port=443): Read timed out. (read timeout=7) on URL https://www.foxbusiness.com/economy/mortgage-applications-fall-further-rates",)
e自身:Article `download()` failed with HTTPSConnectionPool(host='www.foxbusiness.com', port=443): Read timed out. (read timeout=7) on URL https://www.foxbusiness.com/economy/mortgage-applications-fall-further-rates
=== エラー内容 ===
type:<class 'newspaper.article.ArticleException'>
args:("Article `download()` failed with HTTPSConnectionPool(host='www.foxbusiness.com', port=443): Read timed out. (read timeout=7) on URL https://www.foxbusiness.com/markets/when-will-stocks-bottom-goldman-says-watch-for-this-sign",)
e自身:Article `download()` failed with HTTPSConnectionPool(host='www.foxbusiness.com', port=443): Read timed out. (read timeout=7) on URL https://www.foxbusiness.com/markets/when-will-stocks-bottom-goldman-says-watch-for-this-sign
=== エラー内容 ===
type:<class 'newspaper.article.ArticleException'>
args:("Article `download()` failed with HTTPSConnectionPool(host='www.foxbusiness.com', port=443): Read timed out. (read timeout=7) on URL https://www.foxbusiness.com/economy/hedge-fund-billionaire-ackman-urges-fed-aggressive-inflation",)
e自身:Article `download()` failed with HTTPSConnectionPool(host='www.foxbusiness.com', port=443): Read timed out. (read timeout=7) on URL https://www.foxbusiness.com/economy/hedge-fund-billionaire-ackman-urges-fed-aggressive-inflation
=== エラー内容 ===
type:<class 'newspaper.article.ArticleException'>
args:("Article `download()` failed with HTTPSConnectionPool(host='www.foxbusiness.com', port=443): Read timed out. (read timeout=7) on URL https://www.foxbusiness.com/energy/energy-expert-warns-of-global-crisis",)
e自身:Article `download()` failed with HTTPSConnectionPool(host='www.foxbusiness.com', port=443): Read timed out. (read timeout=7) on URL https://www.foxbusiness.com/energy/energy-expert-warns-of-global-crisis
=== エラー内容 ===
type:<class 'newspaper.article.ArticleException'>
args:("Article `download()` failed with HTTPSConnectionPool(host='www.foxbusiness.com', port=443): Read timed out. (read timeout=7) on URL https://www.foxbusiness.com/politics/trump-musk-twitter-platform-dying-tiger",)
e自身:Article `download()` failed with HTTPSConnectionPool(host='www.foxbusiness.com', port=443): Read timed out. (read timeout=7) on URL https://www.foxbusiness.com/politics/trump-musk-twitter-platform-dying-tiger
=== エラー内容 ===
type:<class 'newspaper.article.ArticleException'>
args:("Article `download()` failed with HTTPSConnectionPool(host='www.foxbusiness.com', port=443): Read timed out. (read timeout=7) on URL https://www.foxbusiness.com/economy/amazon-investor-resolutions-shareholder-meeting",)
e自身:Article `download()` failed with HTTPSConnectionPool(host='www.foxbusiness.com', port=443): Read timed out. (read timeout=7) on URL https://www.foxbusiness.com/economy/amazon-investor-resolutions-shareholder-meeting
=== エラー内容 ===
type:<class 'urllib.error.URLError'>
args:(ConnectionResetError(54, 'Connection reset by peer'),)
e自身:<urlopen error [Errno 54] Connection reset by peer>
url:https://news.google.com/rss/search?q=+after:2022-5-24+inurl:bloomberg.com&hl=en-US&gl=US&ceid=US:en
=== エラー内容 ===
type:<class 'newspaper.article.ArticleException'>
args:("Article `download()` failed with HTTPSConnectionPool(host='www.fool.com', port=443): Read timed out. (read timeout=7) on URL https://www.fool.com/investing/2022/05/25/why-tesla-stock-raced-higher-today/",)
e自身:Article `download()` failed with HTTPSConnectionPool(host='www.fool.com', port=443): Read timed out. (read timeout=7) on URL https://www.fool.com/investing/2022/05/25/why-tesla-stock-raced-higher-today/
=== エラー内容 ===
type:<class 'newspaper.article.ArticleException'>
args:("Article `download()` failed with HTTPSConnectionPool(host='www.cnbc.com', port=443): Read timed out. (read timeout=7) on URL https://www.cnbc.com/2022/05/25/how-to-handle-a-difficult-boss.html",)
e自身:Article `download()` failed with HTTPSConnectionPool(host='www.cnbc.com', port=443): Read timed out. (read timeout=7) on URL https://www.cnbc.com/2022/05/25/how-to-handle-a-difficult-boss.html
=== エラー内容 ===
type:<class 'urllib.error.URLError'>
args:(ConnectionResetError(54, 'Connection reset by peer'),)
e自身:<urlopen error [Errno 54] Connection reset by peer>
url:https://news.google.com/rss/search?q=+after:2022-5-25+inurl:foxbusiness.com&hl=en-US&gl=US&ceid=US:en
=== エラー内容 ===
type:<class 'IndexError'>
args:('list index out of range',)
e自身:list index out of range
タイトル:Dow rises for a fifth straight day, S&P 500 and Nasdaq on pace to snap 7-week losing streaks
Hong Kong's Hang Seng rises nearly 3%; Alibaba shares soar after earnings report
We're buying more shares of this chipmaker and updating our price target
European stocks close higher as UK unveils fiscal stimulus package; Ocado up 12%
Stocks making the biggest moves after hours: Ulta, Gap, Dell and more
The 'un-retirement' trend could help increase the available pool of workers amid this hot job market, analyses find
Thousands of people are leaving Hong Kong — and now it's clear where they're going
Home prices have surged. Here's how to tap into that equity if you aren't ready to sell
India wants to be the 'pharmacy of the world.' But first, it must wean itself from China
Top financiers and millionaires just met up in the Swiss Alps. And the mood was terrible
Treasury yields are flat as traders weigh Fed minutes
What the Club is watching Thursday — Macy's, Williams-Sonoma buck retail trend with strong reports
Stocks making the biggest moves after hours: Nordstrom, Urban Outfitters and Intuit
Kohl's stock surges on report bidders are still competing for company amid market volatility
The sell-off could be headed for another leg down as too bullish analysts are forced to cut numbers

日本語タイトル:['ダウは5日続伸、S&P500とナスダックは7週連続のマイナスを解消する勢い', '香港のハンセンは約3％上昇、決算発表後のアリババ株が急騰', 'このチップメーカーの株を買い増し、目標株価を更新します。', '英国が財政刺激策を発表し、欧州株は高値引け、オカドは12％上昇', '時間外で最も大きく動いた銘柄。Ulta、Gap、Dell、その他。', '退職しない」という傾向は、この熱い雇用市場の中で、労働者の利用可能なプールを増加させるのに役立つ可能性があることが、分析により明らかになった。', '香港では数千人の退職者が出ており、その行き先が明らかになっている。', '住宅価格が急騰しています。香港の住宅価格は急騰しており、まだ売却する準備ができていない人は、この価格を利用することができます。', 'インドが「世界の薬局」になることを望んでいる。しかし、その前に、中国から自らを切り離さなければならない', 'スイスのアルプス山脈で、一流の金融業者と大富豪が一堂に会した。そして、その雰囲気は最悪であった。', '国債利回りは横ばい、トレーダーはFRB議事録に注目', '木曜日のクラブは何を見ている - メイシーズ、ウィリアムズ-ソノマは、強力な報告書と小売りの傾向に逆らう', '時間外で最も大きく動いた銘柄は？ノードストローム、アーバンアウトフィッターズ、インテュイット', '米国では、「震災」「原発事故」「経済危機」「環境問題」「社会保障制度」「環境問題」の3つのテーマがあります。']
=== エラー内容 ===
type:<class 'IndexError'>
args:('list index out of range',)
e自身:list index out of range
タイトル:European stocks climb, on course for winning week as tech stocks jump
Stocks rise on slowing inflation report, Dow on pace to snap 8-week losing streak
Dow rises for a fifth straight day, S&P 500 and Nasdaq on pace to snap 7-week losing streaks
Hong Kong's Hang Seng rises nearly 3%; Alibaba shares soar after earnings report
Japan is finally seeing some inflation – but it may not be time to celebrate
'We're in a bear market. And I think that's good': Crypto firms hope market slump shakes out bad players
We're buying more shares of this chipmaker and updating our price target
Top financiers and millionaires just met up in the Swiss Alps. And the mood was terrible
U.S. may send long-range rocket systems to Ukraine; Russia captures more villages in Donbas. Follow our live updates
What the Club is watching Thursday — Macy's, Williams-Sonoma buck retail trend with strong reports
India wants to be the 'pharmacy of the world.' But first, it must wean itself from China
Treasury yields are flat as traders weigh Fed minutes
Hong Kong's Hang Seng falls as tech stocks slide; Xpeng shares plunge ahead of earnings
The sell-off could be headed for another leg down as too bullish analysts are forced to cut numbers
Kohl's stock surges on report bidders are still competing for company amid market volatility

日本語タイトル:['欧州株は上昇、ハイテク株の急伸で今週は勝ち越しへ', 'インフレ率鈍化の報道で株価上昇、ダウは8週連続の下落を止めるペースに', 'ダウは5日続伸、S&P500とナスダックは7週連続の下落を止める勢い', '香港のハンセンは3％近く上昇、決算発表後のアリババ株が急騰', '日本ではようやくインフレが見られるようになったが、喜ぶにはまだ早いかもしれない。', '私たちは弱気相場に入っている。とのこと。日本経済新聞によると、「日本が世界一の経済大国であることは間違いない。', 'このチップメーカーの株を買い増しし、目標株価を更新する。', 'スイスアルプスで一流の金融業者と大富豪が顔を合わせました。そして、その雰囲気は最悪だった', '米国はウクライナに長距離ロケットシステムを送る可能性があり、ロシアはドンバスでさらに多くの村を占領。ライブアップデートをフォローする', 'クラブが注目する木曜日 - メイシーズ、ウィリアムズソノマが好調な報告書で小売のトレンドに逆行', 'インドが「世界の薬局」になることを望んでいる。しかし、最初に、それは中国から自分自身を離陸しなければならない', '米国債の利回りは横ばい、FRB議事録に注目', '香港のハンセンはハイテク株の下落で下落、Xpeng株は決算を控えて急落', '香港のハイテク株下落でハンセンも下落。']
=== エラー内容 ===
type:<class 'newspaper.article.ArticleException'>
args:("Article `download()` failed with HTTPSConnectionPool(host='www.foxbusiness.com', port=443): Read timed out. (read timeout=7) on URL https://www.foxbusiness.com/politics/sec-proposed-esg-rule-leave-small-farms-lurch-lawmakers-both-parties",)
e自身:Article `download()` failed with HTTPSConnectionPool(host='www.foxbusiness.com', port=443): Read timed out. (read timeout=7) on URL https://www.foxbusiness.com/politics/sec-proposed-esg-rule-leave-small-farms-lurch-lawmakers-both-parties
=== エラー内容 ===
type:<class 'newspaper.article.ArticleException'>
args:("Article `download()` failed with HTTPSConnectionPool(host='www.foxbusiness.com', port=443): Read timed out. (read timeout=7) on URL https://www.foxbusiness.com/economy/us-economy-cusp-stagflation-bridgewater-warns",)
e自身:Article `download()` failed with HTTPSConnectionPool(host='www.foxbusiness.com', port=443): Read timed out. (read timeout=7) on URL https://www.foxbusiness.com/economy/us-economy-cusp-stagflation-bridgewater-warns
=== エラー内容 ===
type:<class 'newspaper.article.ArticleException'>
args:("Article `download()` failed with HTTPSConnectionPool(host='www.foxbusiness.com', port=443): Read timed out. (read timeout=7) on URL https://www.foxbusiness.com/politics/sec-proposed-esg-rule-leave-small-farms-lurch-lawmakers-both-parties",)
e自身:Article `download()` failed with HTTPSConnectionPool(host='www.foxbusiness.com', port=443): Read timed out. (read timeout=7) on URL https://www.foxbusiness.com/politics/sec-proposed-esg-rule-leave-small-farms-lurch-lawmakers-both-parties
=== エラー内容 ===
type:<class 'newspaper.article.ArticleException'>
args:("Article `download()` failed with HTTPSConnectionPool(host='www.foxbusiness.com', port=443): Read timed out. (read timeout=7) on URL https://www.foxbusiness.com/economy/economic-slowdown-issue-global-chairman-ceo",)
e自身:Article `download()` failed with HTTPSConnectionPool(host='www.foxbusiness.com', port=443): Read timed out. (read timeout=7) on URL https://www.foxbusiness.com/economy/economic-slowdown-issue-global-chairman-ceo
=== エラー内容 ===
type:<class 'IndexError'>
args:('list index out of range',)
e自身:list index out of range
タイトル:Investing Club: The week in review, the week ahead — May 27, 2022
Hong Kong's Hang Seng rises nearly 3%; Alibaba shares soar after earnings report
European markets close higher, led by tech shares; Stoxx 600 notches weekly gain
We're buying more shares of this chipmaker and updating our price target
These deeply oversold stocks could be due for a pop as market rebounds
Dow rises for a fifth straight day, S&P 500 and Nasdaq on pace to snap 7-week losing streaks
'We're in a bear market. And I think that's good': Crypto firms hope market slump shakes out bad players
Russian forces advance in the east of Ukraine; Zelenskyy says Donbas situation ‘very difficult.’ Follow our live updates
Asia-Pacific stocks mixed as Bank of Korea announces second straight rate hike
Stocks making the biggest moves after hours: Nordstrom, Urban Outfitters and Intuit
Hong Kong's Hang Seng falls as tech stocks slide; Xpeng shares plunge ahead of earnings
What the Club is watching Thursday — Macy's, Williams-Sonoma buck retail trend with strong reports
Japan is finally seeing some inflation – but it may not be time to celebrate
Treasury yields are flat as traders weigh Fed minutes
Snap closes down 43%, its worst day ever, dragging other stocks with it

日本語タイトル:['インベストメント・クラブ 今週の振り返り、これからの1週間～2022年5月27日', '香港のハンセンは約3％上昇、決算発表後のアリババ株が急騰', '欧州市場はハイテク株主導で高値引け、ストックス600は週足で上昇に転じる', 'このチップメーカーの株を買い増し、目標株価を更新します。', 'このような場合、「忖度」（そんたく）という言葉がぴったりです。', 'ダウは5日続伸、S&P500とナスダックは7週間の連敗を止める勢い', '「我々は弱気相場にいる。そして、それは良いことだと思う」。暗号解読会社は、市場の低迷が悪いプレーヤーを振り落とすことを期待している。', 'ロシア軍がウクライナ東部に進攻、ゼレンスキー氏はドンバス情勢「非常に困難」と語る。ライブアップデートをフォロー', 'アジア太平洋地域の株式は、韓国銀行が2年連続の利上げを発表したため、まちまちとなる', '時間外で最も大きく動いた銘柄。日本経済新聞', '香港のハンセンはハイテク株の下落で下落、Xpeng株は決算を控えて急落', '木曜日のクラブは何を見ている - メイシーズ、ウィリアムズ-ソノマは、強力な報告書と小売トレンドに逆らう', '日本ではようやくインフレが見られるようになったが、喜ぶにはまだ早いかもしれない。', '日本経済新聞によると、日本銀行は、日本銀行は、日本銀行の子会社である。']
=== エラー内容 ===
type:<class 'IndexError'>
args:('list index out of range',)
e自身:list index out of range
タイトル:Investing Club: The week in review, the week ahead — May 27, 2022
Hong Kong's Hang Seng rises nearly 3%; Alibaba shares soar after earnings report
European markets close higher, led by tech shares; Stoxx 600 notches weekly gain
We're buying more shares of this chipmaker and updating our price target
These deeply oversold stocks could be due for a pop as market rebounds
S&P 500, Dow snap losing streaks for best week since November 2020
'We're in a bear market. And I think that's good': Crypto firms hope market slump shakes out bad players
Asia-Pacific stocks mixed as Bank of Korea announces second straight rate hike
Russian forces advance in the east of Ukraine; Zelenskyy says Donbas situation ‘very difficult.’ Follow our live updates
Stocks making the biggest moves after hours: Nordstrom, Urban Outfitters and Intuit
Hong Kong's Hang Seng falls as tech stocks slide; Xpeng shares plunge ahead of earnings
Japan is finally seeing some inflation – but it may not be time to celebrate
What the Club is watching Thursday — Macy's, Williams-Sonoma buck retail trend with strong reports
Treasury yields are flat as traders weigh Fed minutes
Snap closes down 43%, its worst day ever, dragging other stocks with it

日本語タイトル:['インベストメント・クラブ 今週の振り返り、これからの1週間～2022年5月27日', '香港のハンセンは約3％上昇、決算発表後のアリババ株が急騰', '欧州市場はハイテク株主導で高値引け、ストックス600は週足で上昇に転じる', 'このチップメーカーの株を買い増し、目標株価を更新します。', 'このような株は、市場の回復に伴い、売られすぎの可能性があります。', 'S&P500とダウは連敗を止め、2020年11月以来最高の週となった。', '「我々は弱気相場にいる。そして、それは良いことだと思う」。このような状況下でも、「震災復興支援」「被災地支援」「復興支援」の3つの柱で、被災地支援に取り組んでいます。', 'アジア太平洋地域の株価はまちまち、韓国銀行が2年連続の利上げを発表したため', 'ロシア軍がウクライナ東部に進攻、ゼレンスキー氏はドンバス情勢「非常に困難」と指摘 ライブアップデートをフォロー', '時間外で最も大きく動いた銘柄。ノードストローム、アーバンアウトフィッターズ、インテュイット', '香港のハンセンはハイテク株の下落で下落、Xpengの株価は決算を控えて急落。', '日本ではようやくインフレが見られるようになったが、喜ぶのはまだ早いかもしれない。', '日本では、ようやくインフレが実現しそうですが、まだその時期ではないのかもしれません。', '日本経済新聞によると、米国債の利回りは、FRB議事録の内容を見極めながら、横ばいで推移している。']
=== エラー内容 ===
type:<class 'newspaper.article.ArticleException'>
args:("Article `download()` failed with HTTPSConnectionPool(host='www.foxbusiness.com', port=443): Read timed out. (read timeout=7) on URL https://www.foxbusiness.com/markets/when-will-stocks-bottom-goldman-says-watch-for-this-sign",)
e自身:Article `download()` failed with HTTPSConnectionPool(host='www.foxbusiness.com', port=443): Read timed out. (read timeout=7) on URL https://www.foxbusiness.com/markets/when-will-stocks-bottom-goldman-says-watch-for-this-sign
=== エラー内容 ===
type:<class 'IndexError'>
args:('list index out of range',)
e自身:list index out of range
タイトル:Senator tweets 'second guessing' police after Uvalde shooting is 'unfair'
GOP Rep. supports assault weapons ban after Uvalde, Buffalo shootings
A Millennial Learned How to Make Passive Income From YouTube
Rare 'meteor storm' may light up skies over Memorial Day weekend
McDonald's may become 'Fun and Tasty' in Russia after 'McDuck' fails
Conway: Chris Wallace 'ratings-hungry anchor' for asking about husband
Kremlin thinks Ukraine allies may stop helping, let Russia win: Meduza
3 Home-Buying Tips That No Longer Applied When I Bought a House
GOP Sen. Kevin Cramer: 'Most' would vote him out if he backed gun control
Investing Advice for Volatile Markets: Terri Spath, Zuma Wealth

日本語タイトル:['']
=== エラー内容 ===
type:<class 'urllib.error.URLError'>
args:(ConnectionResetError(54, 'Connection reset by peer'),)
e自身:<urlopen error [Errno 54] Connection reset by peer>
url:https://news.google.com/rss/search?q=+after:2022-5-27+inurl:cnbc.com&hl=en-US&gl=US&ceid=US:en
=== エラー内容 ===
type:<class 'newspaper.article.ArticleException'>
args:("Article `download()` failed with HTTPSConnectionPool(host='www.foxbusiness.com', port=443): Read timed out. (read timeout=7) on URL https://www.foxbusiness.com/retail/amazon-deliveries-independent-contractors-personal-vehicles",)
e自身:Article `download()` failed with HTTPSConnectionPool(host='www.foxbusiness.com', port=443): Read timed out. (read timeout=7) on URL https://www.foxbusiness.com/retail/amazon-deliveries-independent-contractors-personal-vehicles
=== エラー内容 ===
type:<class 'newspaper.article.ArticleException'>
args:("Article `download()` failed with HTTPSConnectionPool(host='www.foxbusiness.com', port=443): Read timed out. (read timeout=7) on URL https://www.foxbusiness.com/entertainment/tom-cruise-top-gun-maverick",)
e自身:Article `download()` failed with HTTPSConnectionPool(host='www.foxbusiness.com', port=443): Read timed out. (read timeout=7) on URL https://www.foxbusiness.com/entertainment/tom-cruise-top-gun-maverick
=== エラー内容 ===
type:<class 'newspaper.article.ArticleException'>
args:("Article `download()` failed with HTTPSConnectionPool(host='www.foxbusiness.com', port=443): Read timed out. (read timeout=7) on URL https://www.foxbusiness.com/business-leaders/bank-of-america-ceo-us-consumer-in-very-good-shape-makes-feds-job-tougher",)
e自身:Article `download()` failed with HTTPSConnectionPool(host='www.foxbusiness.com', port=443): Read timed out. (read timeout=7) on URL https://www.foxbusiness.com/business-leaders/bank-of-america-ceo-us-consumer-in-very-good-shape-makes-feds-job-tougher
=== エラー内容 ===
type:<class 'newspaper.article.ArticleException'>
args:("Article `download()` failed with HTTPSConnectionPool(host='www.foxbusiness.com', port=443): Read timed out. (read timeout=7) on URL https://www.foxbusiness.com/economy/us-gdp-contracts-further-in-1q",)
e自身:Article `download()` failed with HTTPSConnectionPool(host='www.foxbusiness.com', port=443): Read timed out. (read timeout=7) on URL https://www.foxbusiness.com/economy/us-gdp-contracts-further-in-1q
=== エラー内容 ===
type:<class 'IndexError'>
args:('list index out of range',)
e自身:list index out of range
タイトル:Use this rule to quickly find out when your investments will double in value
Japan's Nikkei 225 jumps 2% as Asia stocks rise ahead of major economic data this week
Op-ed: After Davos, going 'long' on optimism in an anxious world
Recession-fearing investors keep slashing the fastest-growing cloud stocks
Investing Club: The week in review, the week ahead — May 27, 2022
European stocks close higher as UK unveils fiscal stimulus package; Ocado up 12%
Dow rises for a fifth straight day, S&P 500 and Nasdaq on pace to snap 7-week losing streaks
The 'secret' to getting better at small talk, according to a veteran TV journalist who's made a career of talking to strangers
Asia-Pacific stocks mixed as Bank of Korea announces second straight rate hike
Zelenskyy visits frontlines; Lithuania raises money to buy combat drone for Ukraine
Hong Kong's Hang Seng rises nearly 3%; Alibaba shares soar after earnings report
Jim Cramer: My take on Apple, Amazon, Facebook and Google after Nvidia's rise
The first act of the streaming wars saga is over — Netflix's fall from grace has ushered in the pivotal second act
'Buy this dip': Wall Street banks name global stocks and sectors that could be near a bottom
Stocks rise after Fed signals further rate hikes, Dow jumps nearly 200 points

日本語タイトル:['投資額が2倍になるタイミングは、この法則を使えばすぐにわかる', '日本の日経平均株価は2％上昇、今週の主要経済指標を前にアジア株式が上昇', '論説 ダボス会議の後、不安な世界で楽観主義に「ロング」すること', '', '投資クラブ 今週の振り返り、これからの1週間 - 2022年5月27日', '英国が財政刺激策を発表し欧州株は高値引け、オカドは12％上昇', 'ダウは5日続伸、S&P500とナスダックは7週連続の負け越しペース', '知らない人と話すのが得意なベテランTVジャーナリストが語る、雑談がうまくなる「秘訣」とは？', 'アジア太平洋地域の株式は、韓国銀行が2年連続の利上げを発表したため、まちまちな展開に', 'ゼレンスキー氏が前線訪問、リトアニアがウクライナ向け戦闘用ドローン購入のため資金調達', '香港のハンセンは約3％上昇、決算発表後のアリババ株が急騰', 'ジム・クレイマー Nvidiaの上昇を受け、Apple、Amazon、Facebook、Googleをどう見るか。', 'ストリーミング戦争の第一幕は終わった - Netflixの凋落が極めて重要な第二幕をもたらした', 'このディップを買え」。ウォール街の銀行が、底値圏にある可能性のある世界の株式とセクターを挙げる']
=== エラー内容 ===
type:<class 'IndexError'>
args:('list index out of range',)
e自身:list index out of range
タイトル:Use this rule to quickly find out when your investments will double in value
Japan's Nikkei 225 jumps 2% as Asia stocks rise ahead of major economic data this week
Recession-fearing investors keep slashing the fastest-growing cloud stocks
Investing Club: The week in review, the week ahead — May 27, 2022
European stocks close higher as UK unveils fiscal stimulus package; Ocado up 12%
Op-ed: After Davos, going 'long' on optimism in an anxious world
Dow rises for a fifth straight day, S&P 500 and Nasdaq on pace to snap 7-week losing streaks
The 'secret' to getting better at small talk, according to a veteran TV journalist who's made a career of talking to strangers
Jim Cramer: My take on Apple, Amazon, Facebook and Google after Nvidia's rise
Asia-Pacific stocks mixed as Bank of Korea announces second straight rate hike
Zelenskyy visits frontlines; Lithuania raises money to buy combat drone for Ukraine
Hong Kong's Hang Seng rises nearly 3%; Alibaba shares soar after earnings report
The first act of the streaming wars saga is over — Netflix's fall from grace has ushered in the pivotal second act
'Buy this dip': Wall Street banks name global stocks and sectors that could be near a bottom
Stocks rise after Fed signals further rate hikes, Dow jumps nearly 200 points

日本語タイトル:['投資額が2倍になるタイミングは、この法則を使えばすぐにわかる', '日本の日経平均株価は2％上昇、今週の主要経済指標を控えてアジア株が上昇', '不況を恐れる投資家は、急成長するクラウド銘柄を切り捨て続ける', '投資クラブ 今週の振り返り、これからの1週間～2022年5月27日', '英国が財政刺激策を発表し欧州株が高値引け、オカドは12％上昇', 'オピニオン ダボス会議後、不安な世界で楽観主義に「ロング」してみる', 'ダウは5日続伸、S&P500とナスダックは7週連続のマイナスを解消する勢い', '見知らぬ人と話すことを仕事にしてきたベテランTVジャーナリストが語る、世間話がうまくなる「秘訣」とは？', 'ジム・クレイマー Nvidiaの上昇を受け、Apple、Amazon、Facebook、Googleについて私が考えること', '韓国銀行が2年連続の利上げを発表し、アジア太平洋地域の株価はまちまち', 'ゼレンスキー氏が前線訪問、リトアニアがウクライナ向け戦闘用ドローン購入のため資金調達', '香港ハンセン、3％近く上昇、決算発表後のアリババ株が急騰', 'ストリーミング戦争の第一幕は終わった - Netflixの凋落が極めて重要な第二幕をもたらした', 'このディップを買え」。ウォール街の銀行が、底値圏にある可能性のある世界の株式とセクターを挙げる']
=== エラー内容 ===
type:<class 'newspaper.article.ArticleException'>
args:("Article `download()` failed with HTTPSConnectionPool(host='www.foxbusiness.com', port=443): Read timed out. (read timeout=7) on URL https://www.foxbusiness.com/economy/biggest-takeaways-from-davos-world-economic-forum",)
e自身:Article `download()` failed with HTTPSConnectionPool(host='www.foxbusiness.com', port=443): Read timed out. (read timeout=7) on URL https://www.foxbusiness.com/economy/biggest-takeaways-from-davos-world-economic-forum
=== エラー内容 ===
type:<class 'IndexError'>
args:('list index out of range',)
e自身:list index out of range
タイトル:Musk, Bezos, Zuckerberg Lose More Than $150 Billion Combined
Twitter Torches Taco Bell on Mexican Pizza's Second Demise
Costco Stock: Here's Why You Should Own Shares
Will Buy Now, Pay Later Dominate Future Retail Sales?
Move Over Target and Walmart, Costco Gets the Gold Star - RealMoney
Elon Musk Names Tesla's Real Rival
3 Reasons Why Amazon Stock’s Selloff Is Far From Over
Top 5 Most Anticipated Earnings This Week: CRM, GME, CHWY, CRWD, And LULU
Elon Musk Asks Jeff Bezos to Make an Important Choice
Elon Musk Shares His Feelings, Emotions, Opinions

日本語タイトル:['']
=== エラー内容 ===
type:<class 'newspaper.article.ArticleException'>
args:("Article `download()` failed with HTTPSConnectionPool(host='www.cnbc.com', port=443): Max retries exceeded with url: /2022/05/30/asia-markets-china-economy-currencies-oil.html (Caused by SSLError(SSLError(1, '[SSL: TLSV1_ALERT_INTERNAL_ERROR] tlsv1 alert internal error (_ssl.c:1123)'))) on URL https://www.cnbc.com/2022/05/30/asia-markets-china-economy-currencies-oil.html",)
e自身:Article `download()` failed with HTTPSConnectionPool(host='www.cnbc.com', port=443): Max retries exceeded with url: /2022/05/30/asia-markets-china-economy-currencies-oil.html (Caused by SSLError(SSLError(1, '[SSL: TLSV1_ALERT_INTERNAL_ERROR] tlsv1 alert internal error (_ssl.c:1123)'))) on URL https://www.cnbc.com/2022/05/30/asia-markets-china-economy-currencies-oil.html
=== エラー内容 ===
type:<class 'newspaper.article.ArticleException'>
args:("Article `download()` failed with HTTPSConnectionPool(host='www.cnbc.com', port=443): Max retries exceeded with url: /2022/05/30/europe-markets-open-to-close-tracking-global-sentiment-as-dollar-weakens.html (Caused by SSLError(SSLError(1, '[SSL: TLSV1_ALERT_INTERNAL_ERROR] tlsv1 alert internal error (_ssl.c:1123)'))) on URL https://www.cnbc.com/2022/05/30/europe-markets-open-to-close-tracking-global-sentiment-as-dollar-weakens.html",)
e自身:Article `download()` failed with HTTPSConnectionPool(host='www.cnbc.com', port=443): Max retries exceeded with url: /2022/05/30/europe-markets-open-to-close-tracking-global-sentiment-as-dollar-weakens.html (Caused by SSLError(SSLError(1, '[SSL: TLSV1_ALERT_INTERNAL_ERROR] tlsv1 alert internal error (_ssl.c:1123)'))) on URL https://www.cnbc.com/2022/05/30/europe-markets-open-to-close-tracking-global-sentiment-as-dollar-weakens.html
=== エラー内容 ===
type:<class 'IndexError'>
args:('list index out of range',)
e自身:list index out of range
タイトル:Google backs India's ShareChat in $300 mln funding round at $5 bln valuation
Russian forces regrouping to resume attack in Sloviansk direction -defmin
Oil climbs above $121 a barrel as China eases restrictions, EU meets
Japan's Nikkei 225 and Hong Kong's Hang Seng index jump 2% each as Asia stocks rise
European stocks close higher as China relaxes Covid restrictions
The 10 U.S. cities where women are most likely to earn $100,000 or more
Twitter Torches Taco Bell on Mexican Pizza's Second Demise
Musk, Bezos, Zuckerberg Lose More Than $150 Billion Combined
Elon Musk Names Tesla's Real Rival
Democratic lawmakers demand Google and Apple delete apps that could track 'individuals seeking abortion'
Corporate earnings, economic data this week, US markets closed, crypto, gas higher
Is the stock market open on Memorial Day?
Texas's romance with guns tested by Uvalde school shooting
Opinion  I'm from Uvalde. I'm not surprised this happened.
As Biden visits Uvalde, a town reels from the school shooting deaths of 21 people, including 19 children.
JPMorgan summer reading list 2022: NFTs, climate change
A 12-Week Money Course Helped Me Raise My Net Worth
FDA probing multi-state Hepatitis A outbreak linked to strawberries
A 9-year-old describes escaping through a window during the Uvalde school massacre as anger mounts over police response
'Stranger Things' season 4 an '80s nostalgia vibe
The Mona Lisa has been caked in attempted vandalism stunt
Trump Reportedly 'Stunned' By Georgia Victory Of Defiant Secretary Of State Raffensperger
Justice Department Will Review Law Enforcement Response To Texas School Shooting
Nancy Pelosi's Husband, Paul Pelosi, Arrested For DUI In California
Euro-Area Confidence Inches Up as Inflation Worries Retreat
UK's Jubilee Bank Holiday May Nudge Economy Into a Contraction
SoftBank Executives' Pay Slashed After Historic Vision Fund Loss
This Fintech Stock is Winning Majorly in Latin America - The Motley Fool
Why UPS Is a Good Value Stock to Buy - The Motley Fool
This Is Why Zoom Stock Might Be a Buy Now - The Motley Fool

日本語タイトル:['GoogleがインドのShareChatを支援、評価額50億円で3億ドルの資金調達ラウンドを実施', 'ロシア軍、スロビアンスク方面への攻撃再開に向けて再編成中 -defmin', '原油が1バレル121ドル超に上昇、中国の規制緩和とEUの会合で', '日本の日経平均株価と香港のハンセン指数がそれぞれ2％上昇、アジア株の上昇を受け', '中国がコビド規制を緩和し、欧州株が高値引け', '女性が10万ドル以上稼ぐ可能性が最も高い米国10都市', 'メキシカンピザの二番煎じにツイッターでタコベルを焚きつける', 'マスク、ベゾス、ザッカーバーグは合わせて1,500億ドル以上の損失を出す', 'イーロン・マスク、テスラの真のライバルを名指しで語る', '民主党議員、GoogleとAppleに「中絶を求める個人」を追跡できるアプリの削除を要求', '今週の企業決算、経済データ、米国市場は休場、暗号、ガスは高値更新', 'メモリアルデーに株式市場は開いているのか？', 'テキサス州の銃とのロマンスは、ユバルデの学校での銃撃で試される', '意見 私はUvaldeの出身です。このような事態が起こっても不思議ではない。', 'バイデンがユバルデを訪問したとき、町は19人の子供を含む21人の学校銃撃の死から立ち直った。', 'JPモルガンの夏の読書リスト2022：NFT、気候変動', '12週間のマネーコースが私の純資産を引き上げるのに役立った', 'FDAは、イチゴに関連する複数州のA型肝炎の発生を調査している', '9歳は、警察の対応に怒りをマウントとしてバルデ学校虐殺時に窓から脱出を説明します。', 'ストレンジャー・シングス」シーズン4は80年代のノスタルジーな雰囲気', 'モナリザは破壊行為に遭い、その姿を消した', 'トランプは、反抗的なラフェンスペルガー国務長官のジョージア州の勝利によって "唖然 "と報告された。', '司法省はテキサス州の学校銃乱射事件への法執行機関の対応を見直すことになる', 'ナンシー・ペロシの夫、ポール・ペロシ、カリフォルニア州で飲酒運転で逮捕される', 'ユーロ圏の信頼感、インフレ懸念後退で上昇', '英国のジュビリーバンクホリデーは、経済を縮小に導く可能性があります。', 'ソフトバンク、ビジョンファンドの歴史的損失で役員報酬を減額', '日本経済新聞社', 'UPSはなぜ買うべき優良株なのか - The Motley Fool']
=== エラー内容 ===
type:<class 'IndexError'>
args:('list index out of range',)
e自身:list index out of range
タイトル:'Hard to believe it's actually happening': Shanghai to lift COVID lockdown
Japan's April factory output slumps in sign of pressure on economy
UK audit shake-up targets big firms after spate of corporate failures
European stocks close higher as China relaxes Covid restrictions
Japan's Nikkei 225 and Hong Kong's Hang Seng index jump 2% each as Asia stocks rise
Indian and Chinese stock markets could grow fourfold by 2050, Abrdn CEO says
Elon Musk Names Tesla's Real Rival
Twitter Torches Taco Bell on Mexican Pizza's Second Demise
Costco Stock: Here's Why You Should Own Shares
Corporate earnings, economic data this week, US markets closed, crypto, gas higher
Jobs report, GameStop earnings, home prices top week ahead
Is the stock market open on Memorial Day?
Opinion  It's time for Biden to strongly attack the White-grievance industry
Opinion  Trump's war on Liz Cheney shows 2024 will be nothing but spite
Opinion  I'm from Uvalde. I'm not surprised this happened.
Russia cuts gas supply to the Netherlands. Denmark could be next.
Twilight of Tech Gods: Era Ends With Recession, Stock Market Crash, Layoffs
Researcher says her avatar was raped on Meta's metaverse platform
'Stranger Things' season 4 an '80s nostalgia vibe
A 9-year-old describes escaping through a window during the Uvalde school massacre as anger mounts over police response
EU agrees on partial ban of Russian oil imports
Arizona Cardinals Cornerback Jeff Gladney Dies At 25
20-Year-Old Drowns In Notoriously Deadly Georgia Lake
Justice Department Will Review Law Enforcement Response To Texas School Shooting
Rosneft Plans to Pay Record-High Annual Dividend on Oil's Rally
What's Coming in Apple (AAPL) iOS 16? Is iPhone 14 Getting an Always-On Screen?
SoftBank Executives' Pay Slashed After Historic Vision Fund Loss
3 Stocks to Avoid This Week - The Motley Fool
This Fintech Stock is Winning Majorly in Latin America - The Motley Fool
Warren Buffett Is Tiptoeing His Way Into This Stock - The Motley Fool

日本語タイトル:['実際に起こっていることが信じがたい」。上海、COVIDのロックダウンを解除へ', '日本の4月工場生産高が低迷、経済への圧迫を示唆', '英国監査改革、相次ぐ企業破綻で大企業が対象に', '中国がコビド規制を緩和し、欧州株が高値引け', '日本の日経平均株価と香港のハンセン指数がそれぞれ2％上昇、アジア株の上昇を示す', 'インドと中国の株式市場は2050年までに4倍に成長する可能性があるとAbrdn CEOが発言', 'イーロン・マスク氏、テスラの真のライバルを挙げる', 'メキシカンピザが2度目の終焉を迎えるにあたり、Twitterがタコベルを非難', 'コストコ株。コストコの株を持つべき理由はここにある', '企業決算、今週の経済データ、米国市場休場、暗号、ガスが高い', 'ジョブズレポート、GameStopの収益、住宅価格は、今後の週のトップ', '株式市場はメモリアルデーに開いていますか？', 'オピニオン バイデンが白タク業界を強く攻撃する時だ', 'Opinion トランプのリズ・チェイニーへの戦争は、2024年が唾棄すべきものであることを示している。', 'Opinion 私はUvalde出身です。こんなことがあっても驚かない。', 'ロシアがオランダへのガス供給を削減。次はデンマークかもしれない。', '技術神々の黄昏：不況、株式市場の暴落、レイオフで時代は終焉を迎える', 'Metaのメタバースプラットフォームで自分のアバターがレイプされたと研究者が語る', 'ストレンジャー・シングス」シーズン4は80年代のノスタルジーな雰囲気', '9歳児が語る、ウバルデ校の虐殺事件での窓からの脱出、警察の対応に怒りがこみ上げる', 'EU、ロシアの石油輸入の一部禁止で合意', 'アリゾナ・カージナルスのコーナーバック、ジェフ・グラッドニー氏が25歳で死去', 'ジョージア州の湖で20歳が溺死', '司法省はテキサス州の学校での銃乱射事件に対する法執行機関の対応を検討する。', 'ロスネフチ、原油高騰で過去最高額の年間配当を予定', 'アップル（AAPL）のiOS 16で何が来るのか？iPhone 14は常時画面化される？', 'ソフトバンク、ビジョンファンドの歴史的損失で役員報酬を減額', '今週避けるべき3つの銘柄 - The Motley Fool', '日本経済新聞社、日本経済新聞社、日本経済新聞社、日本経済新聞社、日本経済新聞社、日本経済新聞社、日本経済新聞社、日本経済新聞社、日本経済新聞出版社']
=== エラー内容 ===
type:<class 'newspaper.article.ArticleException'>
args:("Article `download()` failed with HTTPSConnectionPool(host='www.reuters.com', port=443): Read timed out. (read timeout=7) on URL https://www.reuters.com/markets/europe/global-markets-wrapup-1-pix-2022-05-30/",)
e自身:Article `download()` failed with HTTPSConnectionPool(host='www.reuters.com', port=443): Read timed out. (read timeout=7) on URL https://www.reuters.com/markets/europe/global-markets-wrapup-1-pix-2022-05-30/
=== エラー内容 ===
type:<class 'newspaper.article.ArticleException'>
args:("Article `download()` failed with HTTPSConnectionPool(host='www.reuters.com', port=443): Read timed out. (read timeout=7) on URL https://www.reuters.com/markets/europe/unilever-buoys-ftse-100-amid-surging-inflation-worries-2022-05-31/",)
e自身:Article `download()` failed with HTTPSConnectionPool(host='www.reuters.com', port=443): Read timed out. (read timeout=7) on URL https://www.reuters.com/markets/europe/unilever-buoys-ftse-100-amid-surging-inflation-worries-2022-05-31/
=== エラー内容 ===
type:<class 'newspaper.article.ArticleException'>
args:("Article `download()` failed with HTTPSConnectionPool(host='www.bloomberg.com', port=443): Read timed out. (read timeout=7) on URL https://www.bloomberg.com/news/articles/2022-05-31/importers-warn-of-kenya-parallel-fx-market-amid-dollar-shortage",)
e自身:Article `download()` failed with HTTPSConnectionPool(host='www.bloomberg.com', port=443): Read timed out. (read timeout=7) on URL https://www.bloomberg.com/news/articles/2022-05-31/importers-warn-of-kenya-parallel-fx-market-amid-dollar-shortage
=== エラー内容 ===
type:<class 'newspaper.article.ArticleException'>
args:("Article `download()` failed with HTTPSConnectionPool(host='www.bloomberg.com', port=443): Read timed out. (read timeout=7) on URL https://www.bloomberg.com/news/articles/2022-05-30/rosneft-plans-to-pay-record-high-annual-dividend-on-oil-s-rally",)
e自身:Article `download()` failed with HTTPSConnectionPool(host='www.bloomberg.com', port=443): Read timed out. (read timeout=7) on URL https://www.bloomberg.com/news/articles/2022-05-30/rosneft-plans-to-pay-record-high-annual-dividend-on-oil-s-rally
=== エラー内容 ===
type:<class 'newspaper.article.ArticleException'>
args:("Article `download()` failed with HTTPSConnectionPool(host='www.bloomberg.com', port=443): Read timed out. (read timeout=7) on URL https://www.bloomberg.com/news/articles/2022-05-30/bitcoin-may-still-be-primed-for-a-further-drop-from-range",)
e自身:Article `download()` failed with HTTPSConnectionPool(host='www.bloomberg.com', port=443): Read timed out. (read timeout=7) on URL https://www.bloomberg.com/news/articles/2022-05-30/bitcoin-may-still-be-primed-for-a-further-drop-from-range
=== エラー内容 ===
type:<class 'newspaper.article.ArticleException'>
args:("Article `download()` failed with HTTPSConnectionPool(host='www.cnbc.com', port=443): Read timed out. (read timeout=7) on URL https://www.cnbc.com/2022/05/23/asia-markets-stocks-economic-growth-earnings.html",)
e自身:Article `download()` failed with HTTPSConnectionPool(host='www.cnbc.com', port=443): Read timed out. (read timeout=7) on URL https://www.cnbc.com/2022/05/23/asia-markets-stocks-economic-growth-earnings.html
=== エラー内容 ===
type:<class 'newspaper.article.ArticleException'>
args:("Article `download()` failed with HTTPSConnectionPool(host='www.foxbusiness.com', port=443): Read timed out. (read timeout=7) on URL https://www.foxbusiness.com/economy/larry-kudlow-biden-inflation-plan-will-not-work",)
e自身:Article `download()` failed with HTTPSConnectionPool(host='www.foxbusiness.com', port=443): Read timed out. (read timeout=7) on URL https://www.foxbusiness.com/economy/larry-kudlow-biden-inflation-plan-will-not-work
=== エラー内容 ===
type:<class 'newspaper.article.ArticleException'>
args:("Article `download()` failed with HTTPSConnectionPool(host='www.foxbusiness.com', port=443): Read timed out. (read timeout=7) on URL https://www.foxbusiness.com/economy/larry-kudlow-biden-inflation-plan-will-not-work",)
e自身:Article `download()` failed with HTTPSConnectionPool(host='www.foxbusiness.com', port=443): Read timed out. (read timeout=7) on URL https://www.foxbusiness.com/economy/larry-kudlow-biden-inflation-plan-will-not-work
=== エラー内容 ===
type:<class 'newspaper.article.ArticleException'>
args:("Article `download()` failed with HTTPSConnectionPool(host='www.reuters.com', port=443): Read timed out. (read timeout=7) on URL https://www.reuters.com/markets/us/bidens-june-agenda-convince-americans-economy-is-healthy-2022-05-31/",)
e自身:Article `download()` failed with HTTPSConnectionPool(host='www.reuters.com', port=443): Read timed out. (read timeout=7) on URL https://www.reuters.com/markets/us/bidens-june-agenda-convince-americans-economy-is-healthy-2022-05-31/
=== エラー内容 ===
type:<class 'newspaper.article.ArticleException'>
args:("Article `download()` failed with HTTPSConnectionPool(host='www.bloomberg.com', port=443): Read timed out. (read timeout=7) on URL https://www.bloomberg.com/news/articles/2022-05-31/importers-warn-of-kenya-parallel-fx-market-amid-dollar-shortage",)
e自身:Article `download()` failed with HTTPSConnectionPool(host='www.bloomberg.com', port=443): Read timed out. (read timeout=7) on URL https://www.bloomberg.com/news/articles/2022-05-31/importers-warn-of-kenya-parallel-fx-market-amid-dollar-shortage
=== エラー内容 ===
type:<class 'newspaper.article.ArticleException'>
args:("Article `download()` failed with HTTPSConnectionPool(host='www.foxbusiness.com', port=443): Read timed out. (read timeout=7) on URL https://www.foxbusiness.com/politics/sanctioned-russian-oligarchs-megayacht-found-uae-creek",)
e自身:Article `download()` failed with HTTPSConnectionPool(host='www.foxbusiness.com', port=443): Read timed out. (read timeout=7) on URL https://www.foxbusiness.com/politics/sanctioned-russian-oligarchs-megayacht-found-uae-creek
=== エラー内容 ===
type:<class 'newspaper.article.ArticleException'>
args:("Article `download()` failed with HTTPSConnectionPool(host='www.bloomberg.com', port=443): Read timed out. (read timeout=7) on URL https://www.bloomberg.com/news/articles/2022-05-30/mitsubishi-ufj-itochu-to-join-backers-of-japan-smart-ring-maker",)
e自身:Article `download()` failed with HTTPSConnectionPool(host='www.bloomberg.com', port=443): Read timed out. (read timeout=7) on URL https://www.bloomberg.com/news/articles/2022-05-30/mitsubishi-ufj-itochu-to-join-backers-of-japan-smart-ring-maker
=== エラー内容 ===
type:<class 'newspaper.article.ArticleException'>
args:("Article `download()` failed with HTTPSConnectionPool(host='www.bloomberg.com', port=443): Read timed out. (read timeout=7) on URL https://www.bloomberg.com/news/articles/2022-05-31/ibm-must-pay-1-6-billion-in-bmc-case-federal-judge-orders",)
e自身:Article `download()` failed with HTTPSConnectionPool(host='www.bloomberg.com', port=443): Read timed out. (read timeout=7) on URL https://www.bloomberg.com/news/articles/2022-05-31/ibm-must-pay-1-6-billion-in-bmc-case-federal-judge-orders
=== エラー内容 ===
type:<class 'newspaper.article.ArticleException'>
args:("Article `download()` failed with HTTPSConnectionPool(host='www.bloomberg.com', port=443): Read timed out. (read timeout=7) on URL https://www.bloomberg.com/news/articles/2022-05-31/bank-of-canada-set-to-deliver-another-jumbo-hike-decision-guide",)
e自身:Article `download()` failed with HTTPSConnectionPool(host='www.bloomberg.com', port=443): Read timed out. (read timeout=7) on URL https://www.bloomberg.com/news/articles/2022-05-31/bank-of-canada-set-to-deliver-another-jumbo-hike-decision-guide
=== エラー内容 ===
type:<class 'newspaper.article.ArticleException'>
args:("Article `download()` failed with HTTPSConnectionPool(host='www.bloomberg.com', port=443): Read timed out. (read timeout=7) on URL https://www.bloomberg.com/news/features/2022-06-01/has-sanctioning-russia-worked-oil-gas-sales-put-285b-in-putin-s-pocket",)
e自身:Article `download()` failed with HTTPSConnectionPool(host='www.bloomberg.com', port=443): Read timed out. (read timeout=7) on URL https://www.bloomberg.com/news/features/2022-06-01/has-sanctioning-russia-worked-oil-gas-sales-put-285b-in-putin-s-pocket
=== エラー内容 ===
type:<class 'newspaper.article.ArticleException'>
args:("Article `download()` failed with HTTPSConnectionPool(host='www.bloomberg.com', port=443): Read timed out. (read timeout=7) on URL https://www.bloomberg.com/news/newsletters/2022-05-31/five-things-you-need-to-know-to-start-your-day-l3usfjy4",)
e自身:Article `download()` failed with HTTPSConnectionPool(host='www.bloomberg.com', port=443): Read timed out. (read timeout=7) on URL https://www.bloomberg.com/news/newsletters/2022-05-31/five-things-you-need-to-know-to-start-your-day-l3usfjy4
=== エラー内容 ===
type:<class 'newspaper.article.ArticleException'>
args:("Article `download()` failed with HTTPSConnectionPool(host='www.foxbusiness.com', port=443): Read timed out. (read timeout=7) on URL https://www.foxbusiness.com/politics/yellen-inflation-biden-fed",)
e自身:Article `download()` failed with HTTPSConnectionPool(host='www.foxbusiness.com', port=443): Read timed out. (read timeout=7) on URL https://www.foxbusiness.com/politics/yellen-inflation-biden-fed
=== エラー内容 ===
type:<class 'newspaper.article.ArticleException'>
args:("Article `download()` failed with HTTPSConnectionPool(host='www.businessinsider.com', port=443): Read timed out. (read timeout=7) on URL https://www.businessinsider.com/elon-musk-tesla-remote-work-return-office-or-quit-report-2022-6",)
e自身:Article `download()` failed with HTTPSConnectionPool(host='www.businessinsider.com', port=443): Read timed out. (read timeout=7) on URL https://www.businessinsider.com/elon-musk-tesla-remote-work-return-office-or-quit-report-2022-6
=== エラー内容 ===
type:<class 'newspaper.article.ArticleException'>
args:("Article `download()` failed with HTTPSConnectionPool(host='www.bloomberg.com', port=443): Read timed out. (read timeout=7) on URL https://www.bloomberg.com/news/articles/2022-06-01/meta-says-eu-was-like-fishing-trawler-in-antitrust-data-hunt",)
e自身:Article `download()` failed with HTTPSConnectionPool(host='www.bloomberg.com', port=443): Read timed out. (read timeout=7) on URL https://www.bloomberg.com/news/articles/2022-06-01/meta-says-eu-was-like-fishing-trawler-in-antitrust-data-hunt
=== エラー内容 ===
type:<class 'newspaper.article.ArticleException'>
args:("Article `download()` failed with HTTPSConnectionPool(host='www.bloomberg.com', port=443): Read timed out. (read timeout=7) on URL https://www.bloomberg.com/news/articles/2022-05-31/bank-of-canada-set-to-deliver-another-jumbo-hike-decision-guide",)
e自身:Article `download()` failed with HTTPSConnectionPool(host='www.bloomberg.com', port=443): Read timed out. (read timeout=7) on URL https://www.bloomberg.com/news/articles/2022-05-31/bank-of-canada-set-to-deliver-another-jumbo-hike-decision-guide
=== エラー内容 ===
type:<class 'newspaper.article.ArticleException'>
args:("Article `download()` failed with ('Connection aborted.', RemoteDisconnected('Remote end closed connection without response')) on URL https://www.foxbusiness.com/technology/tesla-chief-elon-musk-workers-remote-work-no-longer-acceptable-report",)
e自身:Article `download()` failed with ('Connection aborted.', RemoteDisconnected('Remote end closed connection without response')) on URL https://www.foxbusiness.com/technology/tesla-chief-elon-musk-workers-remote-work-no-longer-acceptable-report
=== エラー内容 ===
type:<class 'newspaper.article.ArticleException'>
args:("Article `download()` failed with ('Connection aborted.', RemoteDisconnected('Remote end closed connection without response')) on URL https://www.foxbusiness.com/markets/morgan-stanley-warns-stock-market-rally-will-likely-be-short-lived",)
e自身:Article `download()` failed with ('Connection aborted.', RemoteDisconnected('Remote end closed connection without response')) on URL https://www.foxbusiness.com/markets/morgan-stanley-warns-stock-market-rally-will-likely-be-short-lived
=== エラー内容 ===
type:<class 'newspaper.article.ArticleException'>
args:("Article `download()` failed with ('Connection aborted.', RemoteDisconnected('Remote end closed connection without response')) on URL https://www.foxbusiness.com/markets/5-things-to-know-6-1-2022",)
e自身:Article `download()` failed with ('Connection aborted.', RemoteDisconnected('Remote end closed connection without response')) on URL https://www.foxbusiness.com/markets/5-things-to-know-6-1-2022
=== エラー内容 ===
type:<class 'newspaper.article.ArticleException'>
args:("Article `download()` failed with ('Connection aborted.', RemoteDisconnected('Remote end closed connection without response')) on URL https://www.foxbusiness.com/technology/chick-fil-a-testing-robot-delivery-vehicles",)
e自身:Article `download()` failed with ('Connection aborted.', RemoteDisconnected('Remote end closed connection without response')) on URL https://www.foxbusiness.com/technology/chick-fil-a-testing-robot-delivery-vehicles
=== エラー内容 ===
type:<class 'newspaper.article.ArticleException'>
args:("Article `download()` failed with HTTPSConnectionPool(host='www.washingtonpost.com', port=443): Read timed out. (read timeout=7) on URL https://www.washingtonpost.com/politics/2022/06/01/adm-linda-fagan-becomes-first-woman-lead-us-coast-guard/",)
e自身:Article `download()` failed with HTTPSConnectionPool(host='www.washingtonpost.com', port=443): Read timed out. (read timeout=7) on URL https://www.washingtonpost.com/politics/2022/06/01/adm-linda-fagan-becomes-first-woman-lead-us-coast-guard/
=== エラー内容 ===
type:<class 'newspaper.article.ArticleException'>
args:("Article `download()` failed with HTTPSConnectionPool(host='www.foxbusiness.com', port=443): Read timed out. (read timeout=7) on URL https://www.foxbusiness.com/economy/economist-warns-us-backdrop-a-whipsaw",)
e自身:Article `download()` failed with HTTPSConnectionPool(host='www.foxbusiness.com', port=443): Read timed out. (read timeout=7) on URL https://www.foxbusiness.com/economy/economist-warns-us-backdrop-a-whipsaw
=== エラー内容 ===
type:<class 'newspaper.article.ArticleException'>
args:("Article `download()` failed with HTTPSConnectionPool(host='www.cnbc.com', port=443): Max retries exceeded with url: /2022/05/31/stock-market-news-futures-open-to-close.html (Caused by SSLError(SSLError(1, '[SSL: TLSV1_ALERT_INTERNAL_ERROR] tlsv1 alert internal error (_ssl.c:1123)'))) on URL https://www.cnbc.com/2022/05/31/stock-market-news-futures-open-to-close.html",)
e自身:Article `download()` failed with HTTPSConnectionPool(host='www.cnbc.com', port=443): Max retries exceeded with url: /2022/05/31/stock-market-news-futures-open-to-close.html (Caused by SSLError(SSLError(1, '[SSL: TLSV1_ALERT_INTERNAL_ERROR] tlsv1 alert internal error (_ssl.c:1123)'))) on URL https://www.cnbc.com/2022/05/31/stock-market-news-futures-open-to-close.html
=== エラー内容 ===
type:<class 'newspaper.article.ArticleException'>
args:("Article `download()` failed with HTTPSConnectionPool(host='www.foxbusiness.com', port=443): Read timed out. (read timeout=7) on URL https://www.foxbusiness.com/markets/5-things-to-know-6-2-2022",)
e自身:Article `download()` failed with HTTPSConnectionPool(host='www.foxbusiness.com', port=443): Read timed out. (read timeout=7) on URL https://www.foxbusiness.com/markets/5-things-to-know-6-2-2022
=== エラー内容 ===
type:<class 'newspaper.article.ArticleException'>
args:("Article `download()` failed with HTTPSConnectionPool(host='www.washingtonpost.com', port=443): Read timed out. on URL https://www.washingtonpost.com/politics/2022/06/02/biden-guns-prime-time-address/",)
e自身:Article `download()` failed with HTTPSConnectionPool(host='www.washingtonpost.com', port=443): Read timed out. on URL https://www.washingtonpost.com/politics/2022/06/02/biden-guns-prime-time-address/
=== エラー内容 ===
type:<class 'newspaper.article.ArticleException'>
args:("Article `download()` failed with HTTPSConnectionPool(host='www.businessinsider.com', port=443): Read timed out. (read timeout=7) on URL https://www.businessinsider.com/see-inside-deltas-brand-new-4-billion-terminal-laguardia-airport-2022-6",)
e自身:Article `download()` failed with HTTPSConnectionPool(host='www.businessinsider.com', port=443): Read timed out. (read timeout=7) on URL https://www.businessinsider.com/see-inside-deltas-brand-new-4-billion-terminal-laguardia-airport-2022-6
=== エラー内容 ===
type:<class 'newspaper.article.ArticleException'>
args:("Article `download()` failed with HTTPSConnectionPool(host='www.cnn.com', port=443): Read timed out. (read timeout=7) on URL https://www.cnn.com/2022/06/02/politics/key-moments-from-biden-gun-speech/index.html",)
e自身:Article `download()` failed with HTTPSConnectionPool(host='www.cnn.com', port=443): Read timed out. (read timeout=7) on URL https://www.cnn.com/2022/06/02/politics/key-moments-from-biden-gun-speech/index.html
=== エラー内容 ===
type:<class 'newspaper.article.ArticleException'>
args:("Article `download()` failed with HTTPSConnectionPool(host='www.businessinsider.com', port=443): Read timed out. (read timeout=7) on URL https://www.businessinsider.com/donald-trump-appeals-ny-probe-letitia-james-2022-6",)
e自身:Article `download()` failed with HTTPSConnectionPool(host='www.businessinsider.com', port=443): Read timed out. (read timeout=7) on URL https://www.businessinsider.com/donald-trump-appeals-ny-probe-letitia-james-2022-6
=== エラー内容 ===
type:<class 'newspaper.article.ArticleException'>
args:("Article `download()` failed with HTTPSConnectionPool(host='www.businessinsider.com', port=443): Read timed out. on URL https://www.businessinsider.com/apple-moving-some-ipad-production-from-china-vietnam-report-2022-6",)
e自身:Article `download()` failed with HTTPSConnectionPool(host='www.businessinsider.com', port=443): Read timed out. on URL https://www.businessinsider.com/apple-moving-some-ipad-production-from-china-vietnam-report-2022-6
=== エラー内容 ===
type:<class 'newspaper.article.ArticleException'>
args:("Article `download()` failed with HTTPSConnectionPool(host='www.washingtonpost.com', port=443): Read timed out. (read timeout=7) on URL https://www.washingtonpost.com/politics/2022/06/02/biden-guns-prime-time-address/",)
e自身:Article `download()` failed with HTTPSConnectionPool(host='www.washingtonpost.com', port=443): Read timed out. (read timeout=7) on URL https://www.washingtonpost.com/politics/2022/06/02/biden-guns-prime-time-address/
=== エラー内容 ===
type:<class 'newspaper.article.ArticleException'>
args:("Article `download()` failed with HTTPSConnectionPool(host='www.washingtonpost.com', port=443): Read timed out. (read timeout=7) on URL https://www.washingtonpost.com/politics/2022/06/02/orourke-texas-guns/",)
e自身:Article `download()` failed with HTTPSConnectionPool(host='www.washingtonpost.com', port=443): Read timed out. (read timeout=7) on URL https://www.washingtonpost.com/politics/2022/06/02/orourke-texas-guns/
=== エラー内容 ===
type:<class 'newspaper.article.ArticleException'>
args:("Article `download()` failed with HTTPSConnectionPool(host='www.huffpost.com', port=443): Read timed out. (read timeout=7) on URL https://www.huffpost.com/entry/amber-heard-johnny-depp-case-will-silence-survivors_n_6298e9eee4b016c4eef6f68d",)
e自身:Article `download()` failed with HTTPSConnectionPool(host='www.huffpost.com', port=443): Read timed out. (read timeout=7) on URL https://www.huffpost.com/entry/amber-heard-johnny-depp-case-will-silence-survivors_n_6298e9eee4b016c4eef6f68d
=== エラー内容 ===
type:<class 'newspaper.article.ArticleException'>
args:("Article `download()` failed with HTTPSConnectionPool(host='www.washingtonpost.com', port=443): Read timed out. (read timeout=7) on URL https://www.washingtonpost.com/politics/2022/06/03/guns-senate-biden-jobs-inflation/",)
e自身:Article `download()` failed with HTTPSConnectionPool(host='www.washingtonpost.com', port=443): Read timed out. (read timeout=7) on URL https://www.washingtonpost.com/politics/2022/06/03/guns-senate-biden-jobs-inflation/
=== エラー内容 ===
type:<class 'newspaper.article.ArticleException'>
args:("Article `download()` failed with HTTPSConnectionPool(host='www.foxbusiness.com', port=443): Read timed out. (read timeout=7) on URL https://www.foxbusiness.com/lifestyle/los-angeles-lifeguard-pay-tops-500000",)
e自身:Article `download()` failed with HTTPSConnectionPool(host='www.foxbusiness.com', port=443): Read timed out. (read timeout=7) on URL https://www.foxbusiness.com/lifestyle/los-angeles-lifeguard-pay-tops-500000
=== エラー内容 ===
type:<class 'newspaper.article.ArticleException'>
args:("Article `download()` failed with HTTPSConnectionPool(host='www.foxbusiness.com', port=443): Read timed out. (read timeout=7) on URL https://www.foxbusiness.com/economy/us-companies-added-jobs-may-lowest-two-years-adp",)
e自身:Article `download()` failed with HTTPSConnectionPool(host='www.foxbusiness.com', port=443): Read timed out. (read timeout=7) on URL https://www.foxbusiness.com/economy/us-companies-added-jobs-may-lowest-two-years-adp
=== エラー内容 ===
type:<class 'newspaper.article.ArticleException'>
args:("Article `download()` failed with HTTPSConnectionPool(host='www.foxbusiness.com', port=443): Read timed out. (read timeout=7) on URL https://www.foxbusiness.com/economy/gas-prices-pump-brakes-return-work-efforts",)
e自身:Article `download()` failed with HTTPSConnectionPool(host='www.foxbusiness.com', port=443): Read timed out. (read timeout=7) on URL https://www.foxbusiness.com/economy/gas-prices-pump-brakes-return-work-efforts
=== エラー内容 ===
type:<class 'newspaper.article.ArticleException'>
args:("Article `download()` failed with HTTPSConnectionPool(host='www.foxbusiness.com', port=443): Read timed out. (read timeout=7) on URL https://www.foxbusiness.com/politics/sec-leaders-50-years-experience-quit-gary-gensler",)
e自身:Article `download()` failed with HTTPSConnectionPool(host='www.foxbusiness.com', port=443): Read timed out. (read timeout=7) on URL https://www.foxbusiness.com/politics/sec-leaders-50-years-experience-quit-gary-gensler
=== エラー内容 ===
type:<class 'newspaper.article.ArticleException'>
args:("Article `download()` failed with HTTPSConnectionPool(host='www.reuters.com', port=443): Read timed out. (read timeout=7) on URL https://www.reuters.com/technology/trolling-safety-fears-plague-many-young-women-online-uk-study-finds-2022-06-01/",)
e自身:Article `download()` failed with HTTPSConnectionPool(host='www.reuters.com', port=443): Read timed out. (read timeout=7) on URL https://www.reuters.com/technology/trolling-safety-fears-plague-many-young-women-online-uk-study-finds-2022-06-01/
=== エラー内容 ===
type:<class 'newspaper.article.ArticleException'>
args:("Article `download()` failed with ('Connection aborted.', RemoteDisconnected('Remote end closed connection without response')) on URL https://www.foxbusiness.com/sports/lakers-lebron-james-first-active-nba-billionaire",)
e自身:Article `download()` failed with ('Connection aborted.', RemoteDisconnected('Remote end closed connection without response')) on URL https://www.foxbusiness.com/sports/lakers-lebron-james-first-active-nba-billionaire
=== エラー内容 ===
type:<class 'newspaper.article.ArticleException'>
args:("Article `download()` failed with HTTPSConnectionPool(host='www.foxbusiness.com', port=443): Read timed out. (read timeout=7) on URL https://www.foxbusiness.com/economy/abbott-michigan-baby-formula-plant-reopens-supply",)
e自身:Article `download()` failed with HTTPSConnectionPool(host='www.foxbusiness.com', port=443): Read timed out. (read timeout=7) on URL https://www.foxbusiness.com/economy/abbott-michigan-baby-formula-plant-reopens-supply
=== エラー内容 ===
type:<class 'newspaper.article.ArticleException'>
args:("Article `download()` failed with HTTPSConnectionPool(host='www.cnbc.com', port=443): Max retries exceeded with url: /2022/06/05/morgan-stanleys-pick-says-a-paradigm-shift-has-begun-in-markets-what-to-expect.html (Caused by ConnectTimeoutError(<urllib3.connection.HTTPSConnection object at 0x105d036a0>, 'Connection to www.cnbc.com timed out. (connect timeout=7)')) on URL https://www.cnbc.com/2022/06/05/morgan-stanleys-pick-says-a-paradigm-shift-has-begun-in-markets-what-to-expect.html",)
e自身:Article `download()` failed with HTTPSConnectionPool(host='www.cnbc.com', port=443): Max retries exceeded with url: /2022/06/05/morgan-stanleys-pick-says-a-paradigm-shift-has-begun-in-markets-what-to-expect.html (Caused by ConnectTimeoutError(<urllib3.connection.HTTPSConnection object at 0x105d036a0>, 'Connection to www.cnbc.com timed out. (connect timeout=7)')) on URL https://www.cnbc.com/2022/06/05/morgan-stanleys-pick-says-a-paradigm-shift-has-begun-in-markets-what-to-expect.html
=== エラー内容 ===
type:<class 'newspaper.article.ArticleException'>
args:("Article `download()` failed with HTTPSConnectionPool(host='www.foxbusiness.com', port=443): Read timed out. on URL https://www.foxbusiness.com/economy/gas-prices-pump-brakes-return-work-efforts",)
e自身:Article `download()` failed with HTTPSConnectionPool(host='www.foxbusiness.com', port=443): Read timed out. on URL https://www.foxbusiness.com/economy/gas-prices-pump-brakes-return-work-efforts
=== エラー内容 ===
type:<class 'newspaper.article.ArticleException'>
args:("Article `download()` failed with HTTPSConnectionPool(host='www.cnbc.com', port=443): Max retries exceeded with url: /2022/06/05/behind-on-retirement-saving-a-bad-market-can-be-a-good-time-to-invest.html (Caused by ConnectTimeoutError(<urllib3.connection.HTTPSConnection object at 0x105d090a0>, 'Connection to www.cnbc.com timed out. (connect timeout=7)')) on URL https://www.cnbc.com/2022/06/05/behind-on-retirement-saving-a-bad-market-can-be-a-good-time-to-invest.html",)
e自身:Article `download()` failed with HTTPSConnectionPool(host='www.cnbc.com', port=443): Max retries exceeded with url: /2022/06/05/behind-on-retirement-saving-a-bad-market-can-be-a-good-time-to-invest.html (Caused by ConnectTimeoutError(<urllib3.connection.HTTPSConnection object at 0x105d090a0>, 'Connection to www.cnbc.com timed out. (connect timeout=7)')) on URL https://www.cnbc.com/2022/06/05/behind-on-retirement-saving-a-bad-market-can-be-a-good-time-to-invest.html
=== エラー内容 ===
type:<class 'newspaper.article.ArticleException'>
args:("Article `download()` failed with HTTPSConnectionPool(host='www.thestreet.com', port=443): Read timed out. (read timeout=7) on URL https://www.thestreet.com/technology/elon-musk-has-an-original-idea-to-end-manager-worker-divisions",)
e自身:Article `download()` failed with HTTPSConnectionPool(host='www.thestreet.com', port=443): Read timed out. (read timeout=7) on URL https://www.thestreet.com/technology/elon-musk-has-an-original-idea-to-end-manager-worker-divisions
=== エラー内容 ===
type:<class 'newspaper.article.ArticleException'>
args:("Article `download()` failed with HTTPSConnectionPool(host='www.washingtonpost.com', port=443): Read timed out. on URL https://www.washingtonpost.com/food/2022/06/05/vegan-burger-sliders-recipe/",)
e自身:Article `download()` failed with HTTPSConnectionPool(host='www.washingtonpost.com', port=443): Read timed out. on URL https://www.washingtonpost.com/food/2022/06/05/vegan-burger-sliders-recipe/
=== エラー内容 ===
type:<class 'newspaper.article.ArticleException'>
args:("Article `download()` failed with HTTPSConnectionPool(host='www.foxbusiness.com', port=443): Read timed out. (read timeout=7) on URL https://www.foxbusiness.com/economy/gas-prices-pump-brakes-return-work-efforts",)
e自身:Article `download()` failed with HTTPSConnectionPool(host='www.foxbusiness.com', port=443): Read timed out. (read timeout=7) on URL https://www.foxbusiness.com/economy/gas-prices-pump-brakes-return-work-efforts
=== エラー内容 ===
type:<class 'newspaper.article.ArticleException'>
args:("Article `download()` failed with HTTPSConnectionPool(host='www.foxbusiness.com', port=443): Read timed out. (read timeout=7) on URL https://www.foxbusiness.com/politics/sec-leaders-50-years-experience-quit-gary-gensler",)
e自身:Article `download()` failed with HTTPSConnectionPool(host='www.foxbusiness.com', port=443): Read timed out. (read timeout=7) on URL https://www.foxbusiness.com/politics/sec-leaders-50-years-experience-quit-gary-gensler
=== エラー内容 ===
type:<class 'IndexError'>
args:('list index out of range',)
e自身:list index out of range
タイトル:6 dead after shootings in Philadelphia and Chattanooga
Perspective  Woodward and Bernstein thought Nixon defined corruption. Then came Trump.
Perspective  Beware partisan 'pink slime' sites that pose as local news
Analysis  'Fake' Aluminum Stocks Put Perils of China's Commodities Funding in Spotlight
This vegan slider recipe satisfies with plant-based meat and cheese
Analysis  The Barbarians Are At the Gate. Don't Resist Them
Greg Norman, aligned with Saudi-backed LIV Golf, takes on PGA Tour
Siberia's tundra could fall to climate change, scientists warn
Rafael Nadal's French Open title pushes him higher in tennis pantheon
Black voters support of Biden softens after bruising year

日本語タイトル:['フィラデルフィアとチャタヌーガで銃乱射事件、6人死亡。', '展望 ウッドワードとバーンスタインは、ニクソンが腐敗を定義したと考えていた。そして、トランプが登場した。', '視点 地方ニュースを装う党派的な「ピンクスライム」サイトに注意', '分析 「偽の」アルミニウム株は、中国の商品ファンドの危険性にスポットライトを当てる', '植物性の肉とチーズで満足できるヴィーガンスライダーのレシピ', '分析 バーバリアンはゲートにいる。抵抗してはいけない', 'サウジの支援を受けたLIVゴルフと提携したグレッグ・ノーマン、PGAツアーに挑む', 'シベリアのツンドラ地帯が気候変動で陥落の可能性、科学者が警告', 'ラファエル・ナダル、全仏オープン優勝でテニス界の頂点へ']
=== エラー内容 ===
type:<class 'newspaper.article.ArticleException'>
args:("Article `download()` failed with HTTPSConnectionPool(host='www.thestreet.com', port=443): Read timed out. (read timeout=7) on URL https://www.thestreet.com/investing/trading-amazon-stock-ahead-of-20-for-1-split-technical-analysis-june-2022",)
e自身:Article `download()` failed with HTTPSConnectionPool(host='www.thestreet.com', port=443): Read timed out. (read timeout=7) on URL https://www.thestreet.com/investing/trading-amazon-stock-ahead-of-20-for-1-split-technical-analysis-june-2022
=== エラー内容 ===
type:<class 'newspaper.article.ArticleException'>
args:("Article `download()` failed with HTTPSConnectionPool(host='www.reuters.com', port=443): Read timed out. (read timeout=7) on URL https://www.reuters.com/world/africa/detained-ugandan-opposition-figure-released-after-paying-bail-2022-06-06/",)
e自身:Article `download()` failed with HTTPSConnectionPool(host='www.reuters.com', port=443): Read timed out. (read timeout=7) on URL https://www.reuters.com/world/africa/detained-ugandan-opposition-figure-released-after-paying-bail-2022-06-06/
=== エラー内容 ===
type:<class 'newspaper.article.ArticleException'>
args:("Article `download()` failed with HTTPSConnectionPool(host='www.foxbusiness.com', port=443): Read timed out. (read timeout=7) on URL https://www.foxbusiness.com/markets/amazon-stock-split-consumer-price-index-yellen-testimony-week-ahead",)
e自身:Article `download()` failed with HTTPSConnectionPool(host='www.foxbusiness.com', port=443): Read timed out. (read timeout=7) on URL https://www.foxbusiness.com/markets/amazon-stock-split-consumer-price-index-yellen-testimony-week-ahead
=== エラー内容 ===
type:<class 'newspaper.article.ArticleException'>
args:("Article `download()` failed with HTTPSConnectionPool(host='www.washingtonpost.com', port=443): Read timed out. (read timeout=7) on URL https://www.washingtonpost.com/politics/2022/06/06/january-6-committee-hearing-schedule-how-to-watch/",)
e自身:Article `download()` failed with HTTPSConnectionPool(host='www.washingtonpost.com', port=443): Read timed out. (read timeout=7) on URL https://www.washingtonpost.com/politics/2022/06/06/january-6-committee-hearing-schedule-how-to-watch/
=== エラー内容 ===
type:<class 'IndexError'>
args:('list index out of range',)
e自身:list index out of range
タイトル:How Many NFTs Will Be Winners? - The Motley Fool
HealthEquity (HQY) Q1 2023 Earnings Call Transcript - The Motley Fool
If These 3 Stocks Drop More, You Should Jump Aboard - The Motley Fool
Why Alibaba, JD.com, and Pinduoduo Shares Surged Higher Today - The Motley Fool
Coupa Software (COUP) Q1 2023 Earnings Call Transcript - The Motley Fool
This Stock Is the Quiet Giant in Web3 - The Motley Fool
Futu Holdings Ltd (FUTU) Q1 2022 Earnings Call Transcript - The Motley Fool
Why I'm not Counting on Social Security, and Neither Should You - The Motley Fool
Here's the Next Stock-Split Stock to Buy After Amazon - The Motley Fool
Why Wayfair Lost 23% in May - The Motley Fool
4 Ways to Sleep Easy in a Market Crash - The Motley Fool
Why Solar Energy Stocks Jumped Today - The Motley Fool
2 Bruised Dividend Stocks to Buy While They're Cheap - The Motley Fool
Why CrowdStrike Stock Went Wild Today - The Motley Fool
Investors Aren't Impressed With ChargePoint's Latest Results -- Here's Why - The Motley Fool

日本語タイトル:['NFTの勝者は何人になるのか？- ザ・モトレーフール', 'ヘルスエクィティ（HQY）2023年第1四半期決算電話会議録 - The Motley Fool', 'この3銘柄がもっと下がったら、飛び乗るべき - The Motley Fool', 'アリババ、JD.com、Pinduoduoの株価が今日急騰した理由 - The Motley Fool', '日本経済新聞に掲載されました。', 'この株はWeb3の静かなる巨人 - The Motley Fool', 'フツウ・ホールディングス・リミテッド(FUTU) Q1 2022 Earnings Call Transcript - The Motley Fool', '日本経済新聞社、日本経済新聞社、日本経済新聞社、日本経済新聞社、日本経済新聞社、日本経済新聞社、日本経済新聞社、日本経済新聞社、日本経済新聞社、日本経済新聞社', 'アマゾンの次に買うべき株式分割銘柄はこれだ - The Motley Fool', 'ウェイフェアが5月に23%損失した理由 - The Motley Fool', '市場暴落でも安心して眠れる4つの方法 - The Motley Fool（ザ・モトレー・フール', '太陽エネルギー株が今日急騰した理由 - The Motley Fool', '安いうちに買っておきたい、傷ついた配当株2選 - The Motley Fool', 'クラウドストライクの株価が本日急上昇した理由 - The Motley Fool']
=== エラー内容 ===
type:<class 'IndexError'>
args:('list index out of range',)
e自身:list index out of range
タイトル:Oil prices stable as market juggles risk sentiment with tight supplies.com
Euro zone investor morale improves but economy still in downturn.com
Spare 'documented Dreamers' from deportation, tech giants tell Biden official.com
Ukrainian officials' phones targeted by hackers -cyber watchdog.com
EXCLUSIVE Citigroup to hire 3000 in Asia institutional banking business in growth push -Asia CEO.com
Stocks slip as Australia rate hike heightens policy worries.com
Column: China stimulus ramps up optimism in industrial metals: Russell.com
Cryptoverse: The early birds betting bitcoin's bottoming out.com
Saudi GDP grows 9.9% in Q1, beating flash estimate.com
UK businesses feel the strain from surging inflation, survey says.com

日本語タイトル:['']
=== エラー内容 ===
type:<class 'IndexError'>
args:('list index out of range',)
e自身:list index out of range
タイトル:Oil prices stable as market juggles risk sentiment with tight supplies.com
Euro zone investor morale improves but economy still in downturn.com
Spare 'documented Dreamers' from deportation, tech giants tell Biden official.com
5 things to know before the stock market opens Monday
Cheap valuations, strong growth: Fund manager says it's time to buy Vietnam stocks
European stocks pull back as inflation nerves grip markets
Is AMZN Primed to Become the Largest Single-Stock Option Trade?
The Roblox Gaming Platform No Longer Sees Clearly
Bearish Bets: 3 Stocks You Should Consider Shorting This Week - RealMoney
Larry Kudlow: Regulations from the executive branch are an important cause of higher inflation
Wholesale retailer warns beverage shortage, price hikes to happen this summer
Inflation will be ‘higher’ and last ‘longer’, warns Arthur Laffer Jr.
January 6 committee hearing schedule, how to watch and what to watch for
Analysis  The Jan. 6 committee has its work cut out for it
Ship pollution is rising as the U.S. waits for world leaders to act
Proud Boys' Enrique Tarrio charged in Jan. 6 seditious conspiracy
Jan 6 panel Trump evidence shows 'a lot more than incitement': Raskin
JetBlue boosts offer for Spirit Airlines by $150M amid bidding war
Proud Boys leader and top members charged with seditious conspiracy over January 6
Apple unveils iOS 16 with revamped lock screen and big changes to iMessage
California is about to experience a political earthquake. Here's why
David Hogg Politely Declines To Be Marjorie Taylor Greene's Fundraising Puppet
3 Dead After 17 People Shot Or Struck By Vehicles In Chattanooga
Memphis Politicians Object To Police Escort At Trump Rally, Citing Unpaid Bills
WWDC: Apple (AAPL) Unveils Redesigned MacBook Air
Amazon's Stock Split Delivers More Than Bargained For
China to Wrap Probe Into Didi as Soon as This Week, WSJ Says
7 Surefire Stocks I Plan to Hold for at Least 20 Years - The Motley Fool
2 Warren Buffett Stocks to Buy and Hold for Decades - The Motley Fool
Nasdaq Bear Market: 3 of the Safest Stocks on the Planet to Buy Right Now - The Motley Fool

日本語タイトル:['']
=== エラー内容 ===
type:<class 'newspaper.article.ArticleException'>
args:("Article `download()` failed with HTTPSConnectionPool(host='www.reuters.com', port=443): Read timed out. (read timeout=7) on URL https://www.reuters.com/markets/us/exclusive-citigroup-hire-3000-asia-institutional-banking-business-growth-push-2022-06-07/",)
e自身:Article `download()` failed with HTTPSConnectionPool(host='www.reuters.com', port=443): Read timed out. (read timeout=7) on URL https://www.reuters.com/markets/us/exclusive-citigroup-hire-3000-asia-institutional-banking-business-growth-push-2022-06-07/
=== エラー内容 ===
type:<class 'IndexError'>
args:('list index out of range',)
e自身:list index out of range
タイトル:January 6 committee hearing schedule, how to watch and what to watch for
Ship pollution is rising as the U.S. waits for world leaders to act
Pete Buttigieg says blaming doorways for school shootings is 'insanity'
Proud Boys leader Tarrio, 4 lieutenants charged with seditious conspiracy
Photos show Lilibet, Prince Harry and Meghan's daughter, turning 1 in Britain
Amid high-profile shootings, those affected by routine gun crime feel ignored
Perspective  Beware partisan 'pink slime' sites that pose as local news
6 dead after shootings in Philadelphia and Chattanooga
Tuesday primaries test Democrats on crime, GOP on electability, Trump
Dustin Johnson quits PGA, joins Phil Mickelson on Saudi-backed tour
Popeye is getting a makeover at age 93
Opinion  Republican trauma expert
Fake Trump electors in Ga. told to shroud plans in 'secrecy,' email shows
Perspective  Carolyn Hax: Bring boyfriend on a girls' trip because he has no plans?
Perspective  Woodward and Bernstein thought Nixon defined corruption. Then came Trump.

日本語タイトル:['']
=== エラー内容 ===
type:<class 'IndexError'>
args:('list index out of range',)
e自身:list index out of range
タイトル:Proud Boys leader and top members charged with seditious conspiracy over January 6
Apple unveils iOS 16 with revamped lock screen and big changes to iMessage
California is about to experience a political earthquake. Here's why
Historical emissions caused the climate crisis. But it's what we do today that will make or break it, study shows
The world's biggest four-day work week pilot begins
Elon Musk pulls back on Tesla's job cuts plan — sort of
A striking number from a new poll on guns
Russia's war in Ukraine: Live updates International
Fetterman's wife says Democratic Senate candidate may be away from campaign trail until July as he recovers from a stroke
Email reveals Trump campaign told fake electors in Georgia to use 'complete secrecy'
How 'lab-grown' meat could help the planet and our health
Rare inlaid Stradivari violin could fetch $11 million at auction
Stocks are itching for a turnaround. This won't help
Teacher shot in Uvalde massacre recalls horror inside classroom where 11 of 19 slain students were killed
Three killed, 14 injured in Chattanooga, Tennessee, shooting that left several victims hit by fleeing cars

日本語タイトル:['']
=== エラー内容 ===
type:<class 'IndexError'>
args:('list index out of range',)
e自身:list index out of range
タイトル:European markets open to close, stocks, data, US inflation
5 things to know before the stock market opens Monday
Cheap valuations, strong growth: Fund manager says it's time to buy Vietnam stocks
Stocks making the biggest moves in the premarket: Spirit Airlines, Didi Global, Keurig Dr Pepper and more
Signs are growing of a top in both inflation and job gains
Ukraine retakes parts of Severodonetsk amid brutal street fighting; Zelenskyy mourns 'dead cities'
Here's why we're fans of Amazon's 20-for-1 stock split
Nasdaq rises slightly to start week, shaking off jump in bond yields
Here's everything Apple just announced: New MacBook Air, MacBook Pro, M2 chip, iPhone software and more
Peloton hires Amazon cloud exec to be new CFO in latest shake-up in top ranks

日本語タイトル:['']
=== エラー内容 ===
type:<class 'IndexError'>
args:('list index out of range',)
e自身:list index out of range
タイトル:Oil prices stable as market juggles risk sentiment with tight supplies.com
Spare 'documented Dreamers' from deportation, tech giants tell Biden official.com
Euro zone investor morale improves but economy still in downturn.com
European markets open to close, stocks, data, US inflation
5 things to know before the stock market opens Monday
Cheap valuations, strong growth: Fund manager says it's time to buy Vietnam stocks
Is AMZN Primed to Become the Largest Single-Stock Option Trade?
Generac, Once a Star Amid the Pandemic, Fell. Can It Keep Shining? - RealMoney
The Roblox Gaming Platform No Longer Sees Clearly
Kohl's, Franchise Group enter exclusive negotiations over sale
Wholesale retailer warns beverage shortage, price hikes to happen this summer
Inflation will be ‘higher’ and last ‘longer’, warns Arthur Laffer Jr.
January 6 committee hearing schedule, how to watch and what to watch for
Ship pollution is rising as the U.S. waits for world leaders to act
Pete Buttigieg says blaming doorways for school shootings is 'insanity'
Proud Boys' Enrique Tarrio charged in Jan. 6 seditious conspiracy
Jan 6 panel Trump evidence shows 'a lot more than incitement': Raskin
Apple 13-inch MacBook Pro 2022 with M2: price, release date, and specs
Proud Boys leader and top members charged with seditious conspiracy over January 6
Apple unveils iOS 16 with revamped lock screen and big changes to iMessage
California is about to experience a political earthquake. Here's why
David Hogg Politely Declines To Be Marjorie Taylor Greene's Fundraising Puppet
3 Dead After 17 People Shot Or Struck By Vehicles In Chattanooga
EMILY's List Backs Erin Maye Quade In Minnesota
WWDC: Apple (AAPL) Unveils Redesigned MacBook Air
Amazon's Stock Split Delivers More Than Bargained For
Bitcoin Tumbles as Much as 7.1% to Drop Back Below $30000
Apple Stock: Why Now Is the Time to Buy - The Motley Fool
Is It Time to Cut Losses in PayPal? - The Motley Fool
2 Warren Buffett Stocks to Buy and Hold for Decades - The Motley Fool

日本語タイトル:['']
=== エラー内容 ===
type:<class 'IndexError'>
args:('list index out of range',)
e自身:list index out of range
タイトル:January 6 committee hearing schedule, how to watch and what to watch for
Ship pollution is rising as the U.S. waits for world leaders to act
Pete Buttigieg says blaming doorways for school shootings is 'insanity'
Proud Boys leader Tarrio, 4 lieutenants charged with seditious conspiracy
Photos show Lilibet, Prince Harry and Meghan's daughter, turning 1 in Britain
Amid high-profile shootings, those affected by routine gun crime feel ignored
Tuesday primaries test Democrats on crime, GOP on electability, Trump
Perspective  Beware partisan 'pink slime' sites that pose as local news
6 dead after shootings in Philadelphia and Chattanooga
Popeye is getting a makeover at age 93
Dustin Johnson quits PGA, joins Phil Mickelson on Saudi-backed tour
Opinion  Republican trauma expert
How Draymond Green bends the rules in the NBA Finals
Fake Trump electors in Ga. told to shroud plans in 'secrecy,' email shows
Perspective  Carolyn Hax: Bring boyfriend on a girls' trip because he has no plans?

日本語タイトル:['']
=== エラー内容 ===
type:<class 'newspaper.article.ArticleException'>
args:("Article `download()` failed with HTTPSConnectionPool(host='www.cnbc.com', port=443): Read timed out. (read timeout=7) on URL https://www.cnbc.com/2022/06/07/onlyfans-not-seeing-netflix-like-slowdown-in-subscriptions-cfo-says.html",)
e自身:Article `download()` failed with HTTPSConnectionPool(host='www.cnbc.com', port=443): Read timed out. (read timeout=7) on URL https://www.cnbc.com/2022/06/07/onlyfans-not-seeing-netflix-like-slowdown-in-subscriptions-cfo-says.html
=== エラー内容 ===
type:<class 'newspaper.article.ArticleException'>
args:("Article `download()` failed with HTTPSConnectionPool(host='www.foxbusiness.com', port=443): Read timed out. (read timeout=7) on URL https://www.foxbusiness.com/business-leaders/starbucks-howard-schultz-ceo-transition",)
e自身:Article `download()` failed with HTTPSConnectionPool(host='www.foxbusiness.com', port=443): Read timed out. (read timeout=7) on URL https://www.foxbusiness.com/business-leaders/starbucks-howard-schultz-ceo-transition
=== エラー内容 ===
type:<class 'newspaper.article.ArticleException'>
args:('Article `download()` failed with 404 Client Error: Not Found for url: https://www.thestreet.com/investing/gamestop-has-a-major-problem on URL https://www.thestreet.com/investing/gamestop-has-a-major-problem',)
e自身:Article `download()` failed with 404 Client Error: Not Found for url: https://www.thestreet.com/investing/gamestop-has-a-major-problem on URL https://www.thestreet.com/investing/gamestop-has-a-major-problem
=== エラー内容 ===
type:<class 'newspaper.article.ArticleException'>
args:('Article `download()` failed with 404 Client Error: Not Found for url: https://www.thestreet.com/investing/gamestop-has-a-major-problem on URL https://www.thestreet.com/investing/gamestop-has-a-major-problem',)
e自身:Article `download()` failed with 404 Client Error: Not Found for url: https://www.thestreet.com/investing/gamestop-has-a-major-problem on URL https://www.thestreet.com/investing/gamestop-has-a-major-problem
=== エラー内容 ===
type:<class 'IndexError'>
args:('list index out of range',)
e自身:list index out of range
タイトル:Best trades on CNBC Tuesday: Target's profit warning and some cheap stocks to buy. The pros weigh in
5 things to know before the stock market opens Tuesday
Hong Kong leads gains in Asia markets as Alibaba soars 10%
European stocks close slightly lower as inflation nerves grip markets
Cheap valuations, strong growth: Fund manager says it's time to buy Vietnam stocks
Why plant-based protein can be good for food security, according to Singapore's Temasek
Ukraine's Zelenskyy set to address CEOs at Yale summit; 1,000 Mariupol fighters reportedly sent to Russia
Wall Street banks name their top global stocks to play soaring energy prices and the hydrogen boom
Cramer greenlights beaten-down tech stocks, says Target’s inventory woes suggest inflation is peaking
'Summer of chop' could bring a retest of market lows and less love for energy, chart analysts say

日本語タイトル:['']
=== エラー内容 ===
type:<class 'newspaper.article.ArticleException'>
args:("Article `download()` failed with HTTPSConnectionPool(host='www.bloomberg.com', port=443): Read timed out. (read timeout=7) on URL https://www.bloomberg.com/news/articles/2022-06-06/goldman-says-us-economy-remains-on-narrow-path-to-soft-landing",)
e自身:Article `download()` failed with HTTPSConnectionPool(host='www.bloomberg.com', port=443): Read timed out. (read timeout=7) on URL https://www.bloomberg.com/news/articles/2022-06-06/goldman-says-us-economy-remains-on-narrow-path-to-soft-landing
=== エラー内容 ===
type:<class 'urllib.error.URLError'>
args:(gaierror(8, 'nodename nor servname provided, or not known'),)
e自身:<urlopen error [Errno 8] nodename nor servname provided, or not known>
url:https://news.google.com/rss/search?q=+after:2022-6-6+inurl:foxbusiness.com&hl=en-US&gl=US&ceid=US:en
=== エラー内容 ===
type:<class 'urllib.error.URLError'>
args:(gaierror(8, 'nodename nor servname provided, or not known'),)
e自身:<urlopen error [Errno 8] nodename nor servname provided, or not known>
url:https://news.google.com/rss/search?q=+after:2022-6-6+inurl:reuters.com&hl=en-US&gl=US&ceid=US:en
=== エラー内容 ===
type:<class 'urllib.error.URLError'>
args:(gaierror(8, 'nodename nor servname provided, or not known'),)
e自身:<urlopen error [Errno 8] nodename nor servname provided, or not known>
url:https://news.google.com/rss/search?q=+after:2022-6-6+inurl:cnbc.com&hl=en-US&gl=US&ceid=US:en
=== エラー内容 ===
type:<class 'urllib.error.URLError'>
args:(gaierror(8, 'nodename nor servname provided, or not known'),)
e自身:<urlopen error [Errno 8] nodename nor servname provided, or not known>
url:https://news.google.com/rss/search?q=+after:2022-6-6+inurl:thestreet.com&hl=en-US&gl=US&ceid=US:en
=== エラー内容 ===
type:<class 'urllib.error.URLError'>
args:(gaierror(8, 'nodename nor servname provided, or not known'),)
e自身:<urlopen error [Errno 8] nodename nor servname provided, or not known>
url:https://news.google.com/rss/search?q=+after:2022-6-6+inurl:foxbusiness.com&hl=en-US&gl=US&ceid=US:en
=== エラー内容 ===
type:<class 'urllib.error.URLError'>
args:(gaierror(8, 'nodename nor servname provided, or not known'),)
e自身:<urlopen error [Errno 8] nodename nor servname provided, or not known>
url:https://news.google.com/rss/search?q=+after:2022-6-6+inurl:washingtonpost.com&hl=en-US&gl=US&ceid=US:en
=== エラー内容 ===
type:<class 'urllib.error.URLError'>
args:(gaierror(8, 'nodename nor servname provided, or not known'),)
e自身:<urlopen error [Errno 8] nodename nor servname provided, or not known>
url:https://news.google.com/rss/search?q=+after:2022-6-6+inurl:businessinsider.com&hl=en-US&gl=US&ceid=US:en
=== エラー内容 ===
type:<class 'urllib.error.URLError'>
args:(gaierror(8, 'nodename nor servname provided, or not known'),)
e自身:<urlopen error [Errno 8] nodename nor servname provided, or not known>
url:https://news.google.com/rss/search?q=+after:2022-6-6+inurl:cnn.com&hl=en-US&gl=US&ceid=US:en
=== エラー内容 ===
type:<class 'urllib.error.URLError'>
args:(gaierror(8, 'nodename nor servname provided, or not known'),)
e自身:<urlopen error [Errno 8] nodename nor servname provided, or not known>
url:https://news.google.com/rss/search?q=+after:2022-6-6+inurl:huffpost.com&hl=en-US&gl=US&ceid=US:en
=== エラー内容 ===
type:<class 'urllib.error.URLError'>
args:(gaierror(8, 'nodename nor servname provided, or not known'),)
e自身:<urlopen error [Errno 8] nodename nor servname provided, or not known>
url:https://news.google.com/rss/search?q=+after:2022-6-6+inurl:bloomberg.com&hl=en-US&gl=US&ceid=US:en
=== エラー内容 ===
type:<class 'urllib.error.URLError'>
args:(gaierror(8, 'nodename nor servname provided, or not known'),)
e自身:<urlopen error [Errno 8] nodename nor servname provided, or not known>
url:https://news.google.com/rss/search?q=+after:2022-6-6+inurl:fool.com&hl=en-US&gl=US&ceid=US:en
=== エラー内容 ===
type:<class 'IndexError'>
args:('list index out of range',)
e自身:list index out of range
タイトル:Opinion  The best China strategy? Defeat Russia.
NAACP calls for Jack Del Rio's job after Jan. 6 'dust-up' comment
New 911 tapes show how man accused in Kavanaugh murder plot abandoned plan
Facebook gives gun sellers 10 strikes before ban
Opinion  Fox News's blackout of Jan. 6 points to a hidden crisis for Democrats
Opinion  Rick Scott raised the age requirement to buy a gun in Florida. Senators should follow his example.
Opinion  Has the Jan. 6 committee finally found its John Dean?
NASA joins hunt for UFOs
Analysis  Tip for political candidates: You should not praise Adolf Hitler
Twitter to provide spam data to Elon Musk as part of deal
House passes tough new gun measures hours after wrenching testimony
Microplastics found in fresh Antarctic snow for first time
Grand Rapids officer who killed Patrick Lyoya charged with second-degree murder
Felicia Sonmez terminated by The Washington Post after Twitter dispute
Moderna seeking FDA authorization of omicron-specific booster shot

日本語タイトル:['Opinion 最良の中国戦略？ロシアを倒せ', 'NAACP、1月6日の「ほこりまみれ」発言を受け、ジャック・デル・リオの解任を要求', '米国では、「諜報機関」とも呼ばれるほど、諜報活動は盛んである。', 'フェイスブックは銃の販売者に禁止前の10回のストライキを与える', 'オピニオン Fox Newsの1月6日の黒塗り発言は、民主党の隠れた危機を指し示している。', 'Opinion Rick Scottがフロリダ州で銃を購入する際の年齢制限を引き上げた。上院議員は彼を見習うべき', 'オピニオン 1月6日委員会はついにジョン・ディーン氏を見つけたか？', 'UFO捜索にNASAが参加', '分析 政治家候補のためのヒント。アドルフ・ヒトラーを褒めるべきではない', 'Twitter、イーロン・マスクにスパムデータを提供する契約を締結', '米国で銃乱射事件が発生し、米下院が公聴会を開催', '南極の新雪にマイクロプラスチックが初めて発見される', 'パトリック・リョーヤを殺害したグランドラピッズの警官を第2級殺人で起訴', 'フェリシア・ソンメス氏、Twitterでの論争後、ワシントン・ポストから解雇される']
=== エラー内容 ===
type:<class 'newspaper.article.ArticleException'>
args:("Article `download()` failed with HTTPSConnectionPool(host='www.foxbusiness.com', port=443): Read timed out. (read timeout=7) on URL https://www.foxbusiness.com/markets/target-warns-profits-will-take-short-term-hit-cuts-back-excess-inventory",)
e自身:Article `download()` failed with HTTPSConnectionPool(host='www.foxbusiness.com', port=443): Read timed out. (read timeout=7) on URL https://www.foxbusiness.com/markets/target-warns-profits-will-take-short-term-hit-cuts-back-excess-inventory
=== エラー内容 ===
type:<class 'urllib.error.URLError'>
args:(ConnectionResetError(54, 'Connection reset by peer'),)
e自身:<urlopen error [Errno 54] Connection reset by peer>
url:https://news.google.com/rss/search?q=+after:2022-6-9+inurl:washingtonpost.com&hl=en-US&gl=US&ceid=US:en
=== エラー内容 ===
type:<class 'newspaper.article.ArticleException'>
args:("Article `download()` failed with HTTPSConnectionPool(host='www.cnbc.com', port=443): Read timed out. (read timeout=7) on URL https://www.cnbc.com/2022/06/10/cramer-friday-white-hot-inflation-amd-gains-devon-makes-a-buy.html",)
e自身:Article `download()` failed with HTTPSConnectionPool(host='www.cnbc.com', port=443): Read timed out. (read timeout=7) on URL https://www.cnbc.com/2022/06/10/cramer-friday-white-hot-inflation-amd-gains-devon-makes-a-buy.html
=== エラー内容 ===
type:<class 'IndexError'>
args:('list index out of range',)
e自身:list index out of range
タイトル:China Alarms US With Private Warnings to Avoid Taiwan Strait
Goldman, Citigroup, Nasdaq Leaders Imagine Markets in 2052
Heat Wave: Record Temperatures Sears Texas, Central US
Biggest Ether Staking Service Has a Centralization Problem
Trump's Air Force One Deal Pains the Pentagon, Not Just Boeing
US Consumer Sentiment Slumps to Record Low on Rapid Inflation
Nigerian Bourse to Adopt Blockchain for Settling Trades by 2023
Thousands of Sheep Drown in Red Sea as Sudan Ship Founders
Alibaba (BABA) Shares Jump as China Considers Reviving Ant Group IPO
Why Bitcoin Sees Most Of Its Gains While US Traders are Asleep
Stock Market Today: Dow, S&P Live Updates for June 13, 2022
The US Stock Market Is in a Rut (SPX, INDU, NDX)
How Much Do Wall Street Banks (NYSE:GS, SIX:CSGN) Pay in China? Communists Ask
Axie Infinity (AXS) Crypto Game Promised NFT Riches, Gave Ruin
It's Warren Buffett Versus Google, Facebook in Latest Wind-Farm Debate

日本語タイトル:['中国、台湾海峡を避けるよう米国に内々に警告', 'ゴールドマン、シティグループ、ナスダックのリーダーたちが2052年の市場を想像する', '熱波。記録的な気温がテキサス州、米国中央部を襲う', '最大手イーサ張り付きサービス、中央集権化で問題発生', 'トランプ大統領のエアフォースワン案件、ボーイングだけでなく国防総省も痛手', '米消費者センチメント、急激なインフレで過去最低に低迷', 'ナイジェリア取引所、2023年までに取引決済にブロックチェーン採用へ', '紅海で数千頭の羊が溺死 スーダン船の創設者が登場', 'アリババ（BABA）の株価は、中国がアントグループのIPO復活を検討する中で急上昇', '米国トレーダーが眠っている間に、ビットコインがその利益のほとんどを得る理由', '今日の株式市場。2022年6月13日のダウ、S&Pライブアップデート', '米国株式市場はマンネリ化している (SPX, INDU, NDX)', 'ウォール街の銀行 (NYSE:GS, SIX:CSGN) は、中国でいくら支払うのか？共産主義者が聞く', 'アクシーインフィニティ（AXS）暗号ゲームは、NFTの富を約束し、破滅を与えた']
=== エラー内容 ===
type:<class 'newspaper.article.ArticleException'>
args:("Article `download()` failed with HTTPSConnectionPool(host='www.foxbusiness.com', port=443): Read timed out. (read timeout=7) on URL https://www.foxbusiness.com/economy/tough-times-ahead-former-chase-chief-economist-warns",)
e自身:Article `download()` failed with HTTPSConnectionPool(host='www.foxbusiness.com', port=443): Read timed out. (read timeout=7) on URL https://www.foxbusiness.com/economy/tough-times-ahead-former-chase-chief-economist-warns
=== エラー内容 ===
type:<class 'IndexError'>
args:('list index out of range',)
e自身:list index out of range
タイトル:Dozens of companies, small business groups back U.S. bill to rein in Big Tech
Oil rises on tight supplies; trade choppy on demand worries.com
Geely founder's venture buys majority stake in Chinese smartphone maker Meizu
Goldman's advice to clients during sell-off: Buy stocks with 'margin of safety'
Dow slumps 600 points to start the week, S&P 500 falls back into bear market territory
Buffett disciple Mohnish Pabrai: How to identify stock market winners
Lightyear Debuts With Features Other Electric Vehicles Don't Have
Netflix Games: Are Your Favorites Becoming Video Games?
Why GameStop Stock Is On A Verge Of A Short Squeeze
Why ETFs are a wise choice in a bear market
Walmart struggles to solve consumer needs in China
FDA says Pfizer COVID-19 vaccine appears effective for children under 5
Jan. 6 hearings: Live coverage and latest updates
Takeaways from the second Jan. 6 committee hearing
Having cancer during covid
Trump's former campaign manager skips testifying due to child's birth
William Shatner says couldn't stop crying after Blue Origin flight
Crypto.com says it will lay off 260 employees, joining the downsizing wave hitting crypto exchanges Africa
Live updates: Jan 6 hearings day 2
From fringe to frontline: How Alex Jones stoked many of the conspiracy theories taking hold in today's Republican party
7 takeaways from Monday's January 6 hearing
Russian-Owned Successor Of McDonald's Opens In Moscow
Google Engineer On Leave After He Claims AI Program Has Gone Sentient
Trump Listened To A Drunk Rudy Giuliani Before Declaring Victory On Election Night
MicroStrategy Leads Selloff in Crypto Stocks as Bitcoin Unravels
Johnson Drags UK Into Brexit Groundhog Day Over Northern Ireland
Crypto Lender Celsius's Coin (CEL) Falls 53% as the Company Freezes Withdrawal
Does Mastercard Have A Global Edge on Visa? - The Motley Fool
2 Stocks That Could Turn $10,000 Into $100,000 by 2030 - The Motley Fool
At This Rate, Social Security's 2023 COLA Could Be Far Bigger Than 2022's - The Motley Fool

日本語タイトル:['数十の企業や中小企業団体がビッグ・テック抑制のための米法案を支持', '原油は需給逼迫で上昇、貿易は需要不安で不安定.com', '中国スマートフォンメーカー「Meizu」の過半数株式を吉利創業者のベンチャー企業が取得', 'ゴールドマン、売り浴びせ時に顧客へ助言：「安全マージン」のある銘柄を買え', 'ダウは週明けに600ポイント下落、S&P500は弱気相場圏に逆戻り', 'バフェットの弟子、モニッシュ・パブライ氏：株式市場の勝者の見分け方', 'ライトイヤーがデビュー 他の電気自動車にはない機能を搭載', 'Netflixのゲーム。を?めている。', 'を?めている。', 'ETFが弱気市場で賢い選択である理由', 'ウォルマート、中国での消費者ニーズ解決に苦戦', 'FDAは、ファイザーCOVID - 19ワクチンは5歳未満の子供のために有効に見えると言う', '1月6日の公聴会。ライブ中継と最新情報', '1月6日の第2回委員会公聴会から得られた成果', 'コビド中に癌になること', 'トランプ氏の元選挙管理者が子供の出産のため証言を省略', 'ブルーオリジンの飛行後、涙が止まらなかったというウィリアム・シャトナー氏', 'Crypto.comは、それがアフリカの暗号交換を打つダウンサイジングの波に参加し、260人の従業員をレイオフすると言う', 'ライブアップデート。1月6日公聴会2日目', 'フリンジから最前線へ。アレックス・ジョーンズが今日の共和党で定着している陰謀論の多くをどのように煽ったか', '1月6日（月）の公聴会から7つのポイント', 'マクドナルドのロシア系後継店がモスクワにオープン', 'Googleのエンジニアが、AIプログラムが感覚を取り戻したと主張し、休暇に入った。', 'トランプは選挙の夜に勝利を宣言する前に、酔ったルディ・ジュリアーニに耳を傾けていた', 'マイクロストラテジーは、ビットコインの崩壊に伴い、暗号化された株式のセロオフをリードする', 'ジョンソン、北アイルランドをめぐるブレグジット・グラウンドホッグ・デイに英国を引きずり込む', 'Crypto Lender Celsiusのコイン（CEL）が53％下落、同社が引き出しを凍結したため', 'マスターカードはビザにグローバルエッジを持つか？- ザ・モトリー・フール', '2030年までに1万ドルを10万ドルにする可能性のある2つの株 - The Motley Fool']
=== エラー内容 ===
type:<class 'newspaper.article.ArticleException'>
args:("Article `download()` failed with HTTPSConnectionPool(host='www.foxbusiness.com', port=443): Read timed out. (read timeout=7) on URL https://www.foxbusiness.com/live-news/stock-market-today-6-7-22",)
e自身:Article `download()` failed with HTTPSConnectionPool(host='www.foxbusiness.com', port=443): Read timed out. (read timeout=7) on URL https://www.foxbusiness.com/live-news/stock-market-today-6-7-22
=== エラー内容 ===
type:<class 'newspaper.article.ArticleException'>
args:("Article `download()` failed with HTTPSConnectionPool(host='www.washingtonpost.com', port=443): Read timed out. (read timeout=7) on URL https://www.washingtonpost.com/politics/2022/06/13/barr-kneecaps-trump-never-an-indication-interest-facts/",)
e自身:Article `download()` failed with HTTPSConnectionPool(host='www.washingtonpost.com', port=443): Read timed out. (read timeout=7) on URL https://www.washingtonpost.com/politics/2022/06/13/barr-kneecaps-trump-never-an-indication-interest-facts/
=== エラー内容 ===
type:<class 'newspaper.article.ArticleException'>
args:('Article `download()` failed with 503 Server Error: Service Unavailable for url: https://www.cnbc.com/2022/06/08/european-markets-data-earnings-us-fed.html on URL https://www.cnbc.com/2022/06/08/european-markets-data-earnings-us-fed.html',)
e自身:Article `download()` failed with 503 Server Error: Service Unavailable for url: https://www.cnbc.com/2022/06/08/european-markets-data-earnings-us-fed.html on URL https://www.cnbc.com/2022/06/08/european-markets-data-earnings-us-fed.html
=== エラー内容 ===
type:<class 'IndexError'>
args:('list index out of range',)
e自身:list index out of range
タイトル:Perspective  Chris Stirewalt lost his job at Fox News. But he knows he was right.
Analysis  Barr kneecaps Trump: 'Never an indication of interest' in facts
Opinion  The Jan. 6 committee exposed Trump's lies — and indicted the GOP in the process
Takeaways from the second Jan. 6 committee hearing
Having cancer during covid
John Allen leaves Brookings amid federal probe about his activities with Qatar
Opinion  Why today's Jan. 6 revelations will be dangerous for Trump
The Google engineer who thinks the company's AI has come to life
Opinion  History will accept only one Jan. 6 narrative. This committee has it.
Ketanji Brown Jackson delivers commencement speech to DC high-schoolers
Ginni Thomas pressed 29 Ariz. lawmakers to help overturn Trump's defeat, emails show
Perspective  Parents who fear transgender kids in youth sports have lost the plot
Celsius crypto bank freezes withdrawals; bitcoin, etherium plunge
Analysis  An Indianapolis homicide fuels criticisms of digital tracking devices
Intense storm complex could sweep into D.C. area Tuesday morning

日本語タイトル:['Perspective Chris StirewaltはFox Newsでの仕事を失った。しかし、彼は自分が正しかったと知っている。', '分析 バーはトランプを膝枕する：事実に対する「関心の兆候は決してない', '意見 1月6日の委員会は、トランプの嘘を暴き、その過程でGOPを起訴した。', '1月6日の第2回委員会公聴会からの収穫', '子宮頸がんを患っていること', 'ジョン・アレン、ブルッキングスを退社 カタールとの活動に関する連邦調査の最中', 'オピニオン 本日の1月6日の暴露がトランプにとって危険な理由', 'GoogleのAIに命が吹き込まれたと考える技術者', 'Opinion 歴史は1月6日の物語を1つだけ受け入れるだろう。この委員会にはそれがある', 'ケタンジ・ブラウン・ジャクソン、DCの高校生に卒業式スピーチを行う', 'ジニ・トマス、アリゾナ州議員29人にトランプ大統領の敗北を覆す手助けをするよう迫った、電子メールで判明', '視点 少年スポーツでトランスジェンダーの子供を恐れる親は、筋が通らない', 'セルシオ暗号銀行が引き出しを凍結、ビットコインとイーサリアムが急落', '分析 インディアナポリスの殺人事件が、デジタル追跡装置への批判を加速させる']
=== エラー内容 ===
type:<class 'newspaper.article.ArticleException'>
args:("Article `download()` failed with HTTPSConnectionPool(host='www.foxbusiness.com', port=443): Read timed out. (read timeout=7) on URL https://www.foxbusiness.com/lifestyle/pittsburgh-california-us-metros-homebuyers",)
e自身:Article `download()` failed with HTTPSConnectionPool(host='www.foxbusiness.com', port=443): Read timed out. (read timeout=7) on URL https://www.foxbusiness.com/lifestyle/pittsburgh-california-us-metros-homebuyers
=== エラー内容 ===
type:<class 'newspaper.article.ArticleException'>
args:("Article `download()` failed with HTTPSConnectionPool(host='www.foxbusiness.com', port=443): Read timed out. (read timeout=7) on URL https://www.foxbusiness.com/economy/stuart-varney-biden-inflation-problem-absence-effective-policy-president-turns-nasty",)
e自身:Article `download()` failed with HTTPSConnectionPool(host='www.foxbusiness.com', port=443): Read timed out. (read timeout=7) on URL https://www.foxbusiness.com/economy/stuart-varney-biden-inflation-problem-absence-effective-policy-president-turns-nasty
=== エラー内容 ===
type:<class 'IndexError'>
args:('list index out of range',)
e自身:list index out of range
タイトル:Primary elections live updates: Latest on South Carolina, Maine, Nevada races
FDA advisers to review coronavirus vaccines for the youngest children
DOJ's Jeffrey Clark met with Trump days before Jan. 6 with plan to potentially overturn election
Beyer introduces bill to tax assault-style weapons at 1000 percent
Perspective  Carolyn Hax: She wants daughter-in-law to nix job offer in 'crime-ridden' part of town
Opinion  I thought the Jan. 6 committee wouldn't matter. I was wrong.
Why is there a tampon shortage?
Getting closer to a vaccine for cancer
Perspective  Chris Stirewalt lost his job at Fox News. But he knows he was right.
For Ukrainian troops, a need arises: Javelin customer service
Opinion  How prosecutors can sidestep the question of Trump's intent
In run for D.C. mayorship, Robert White aims to win over skeptics
House passes Supreme Court security bill, ending monthlong partisan tiff
This strawberry pretzel salad recipe is a retro, crowd-pleasing dessert
Covid is making flu and other common viruses act in unfamiliar ways

日本語タイトル:['予備選挙のライブアップデート。サウスカロライナ州、メイン州、ネバダ州のレースに関する最新情報', 'FDAのアドバイザーが幼児向けコロナウイルスワクチンを検討へ', '司法省のジェフリー・クラーク、選挙を覆す可能性のある計画で1月6日の数日前にトランプと面会', 'Beyer氏、アサルトスタイル武器に1000％の課税をする法案を提出', '視点 Carolyn Hax: 娘婿に「犯罪が多発する」地域での仕事の依頼を断らせたい。', '意見 1月6日の委員会は重要でないと思っていた。私は間違っていた。', 'タンポン不足の理由', '癌のワクチンに近づく', 'Perspective クリス・スティールウォルトはフォックス・ニュースの職を失った。しかし、彼は自分が正しかったと知っている。', 'ウクライナ軍のために、ニーズが生まれる。ジャベリンの顧客サービス', 'オピニオン 検察官がトランプの意図の問題を回避する方法', 'D.C.市長選に出馬したロバート・ホワイトは、懐疑派を味方につけることを目指す', '米国連邦議会下院、最高裁判所警備法案を可決、1ヶ月に及ぶ党派間の争いに終止符', 'イチゴのプレッツェルサラダのレシピは、レトロで大勢が喜ぶデザートです']
=== エラー内容 ===
type:<class 'newspaper.article.ArticleException'>
args:("Article `download()` failed with HTTPSConnectionPool(host='markets.businessinsider.com', port=443): Read timed out. (read timeout=7) on URL https://markets.businessinsider.com/news/commodities/gas-prices-record-gallon-oil-biden-orders-companies-cut-production-2022-6",)
e自身:Article `download()` failed with HTTPSConnectionPool(host='markets.businessinsider.com', port=443): Read timed out. (read timeout=7) on URL https://markets.businessinsider.com/news/commodities/gas-prices-record-gallon-oil-biden-orders-companies-cut-production-2022-6
=== エラー内容 ===
type:<class 'newspaper.article.ArticleException'>
args:("Article `download()` failed with ('Connection aborted.', OSError(22, 'Invalid argument')) on URL https://www.reuters.com/markets/europe/shockwaves-say-no-more-2022-06-14/",)
e自身:Article `download()` failed with ('Connection aborted.', OSError(22, 'Invalid argument')) on URL https://www.reuters.com/markets/europe/shockwaves-say-no-more-2022-06-14/
=== エラー内容 ===
type:<class 'newspaper.article.ArticleException'>
args:("Article `download()` failed with HTTPSConnectionPool(host='www.bloomberg.com', port=443): Read timed out. (read timeout=7) on URL https://www.bloomberg.com/news/articles/2022-06-13/jpmorgan-s-marko-kolanovic-says-us-recession-will-be-avoided",)
e自身:Article `download()` failed with HTTPSConnectionPool(host='www.bloomberg.com', port=443): Read timed out. (read timeout=7) on URL https://www.bloomberg.com/news/articles/2022-06-13/jpmorgan-s-marko-kolanovic-says-us-recession-will-be-avoided
=== エラー内容 ===
type:<class 'newspaper.article.ArticleException'>
args:("Article `download()` failed with HTTPSConnectionPool(host='www.foxbusiness.com', port=443): Read timed out. (read timeout=7) on URL https://www.foxbusiness.com/markets/5-things-to-know-6-14-22",)
e自身:Article `download()` failed with HTTPSConnectionPool(host='www.foxbusiness.com', port=443): Read timed out. (read timeout=7) on URL https://www.foxbusiness.com/markets/5-things-to-know-6-14-22
=== エラー内容 ===
type:<class 'newspaper.article.ArticleException'>
args:("Article `download()` failed with HTTPSConnectionPool(host='www.businessinsider.com', port=443): Read timed out. (read timeout=7) on URL https://www.businessinsider.com/china-says-giant-telescope-maybe-found-signal-from-alien-civilization-2022-6",)
e自身:Article `download()` failed with HTTPSConnectionPool(host='www.businessinsider.com', port=443): Read timed out. (read timeout=7) on URL https://www.businessinsider.com/china-says-giant-telescope-maybe-found-signal-from-alien-civilization-2022-6
=== エラー内容 ===
type:<class 'newspaper.article.ArticleException'>
args:("Article `download()` failed with HTTPSConnectionPool(host='www.foxbusiness.com', port=443): Read timed out. (read timeout=7) on URL https://www.foxbusiness.com/markets/5-things-to-know-6-14-22",)
e自身:Article `download()` failed with HTTPSConnectionPool(host='www.foxbusiness.com', port=443): Read timed out. (read timeout=7) on URL https://www.foxbusiness.com/markets/5-things-to-know-6-14-22
=== エラー内容 ===
type:<class 'newspaper.article.ArticleException'>
args:("Article `download()` failed with HTTPSConnectionPool(host='www.thestreet.com', port=443): Read timed out. (read timeout=7) on URL https://www.thestreet.com/investing/day-one-bio-tovorafenib-brain-cancer",)
e自身:Article `download()` failed with HTTPSConnectionPool(host='www.thestreet.com', port=443): Read timed out. (read timeout=7) on URL https://www.thestreet.com/investing/day-one-bio-tovorafenib-brain-cancer
=== エラー内容 ===
type:<class 'newspaper.article.ArticleException'>
args:("Article `download()` failed with HTTPSConnectionPool(host='www.foxbusiness.com', port=443): Read timed out. (read timeout=7) on URL https://www.foxbusiness.com/live-news/stocks-today-6-16-2022",)
e自身:Article `download()` failed with HTTPSConnectionPool(host='www.foxbusiness.com', port=443): Read timed out. (read timeout=7) on URL https://www.foxbusiness.com/live-news/stocks-today-6-16-2022
=== エラー内容 ===
type:<class 'newspaper.article.ArticleException'>
args:("Article `download()` failed with HTTPSConnectionPool(host='www.foxbusiness.com', port=443): Read timed out. (read timeout=7) on URL https://www.foxbusiness.com/economy/oil-analyst-warns-recession-foregone-conclusion-americans-see-egregious-spikes-costs",)
e自身:Article `download()` failed with HTTPSConnectionPool(host='www.foxbusiness.com', port=443): Read timed out. (read timeout=7) on URL https://www.foxbusiness.com/economy/oil-analyst-warns-recession-foregone-conclusion-americans-see-egregious-spikes-costs
=== エラー内容 ===
type:<class 'IndexError'>
args:('list index out of range',)
e自身:list index out of range
タイトル:Trump pressed, threatened Pence to overturn election, panel hears
Lead Democrat hopeful on U.S. gun legislation despite Republican walk-out
Morning Bid: Bank of England in a bind
European stocks close 2.5% lower as central banks hike interest rates
Buy Dollar General shares as the likelihood of a recession grows, Morgan Stanley says
Thursday, June 16, 2022: Cramer lays out his post-Fed meeting buy list of recession-resistant stocks
June FOMC Meeting Results: Fed Hikes Rates 75 Basis Points
Mortgage Rates Surge The Most In 35 Years As Fed Hikes Hammer Home Buyers
Is This the Dawn of a New Era in Brain Cancer Treatment?
Thursday's trading: 5 things to know
Dow falls 740 points below 30K, housing hits skids, Musk's Twitter meeting: LIVE UPDATES
Oil analyst warns recession is 'foregone conclusion' as Americans see ‘egregious spikes’ in energy, food costs
Analysis  New email reinforces Trump team saw 'wild' Jan. 6 unrest as leverage
Mortgage rates for June 16
Date Lab: She dressed like an 'insurance agent' (because she is one)
Trump is scheming to rig the 2024 election: Pence advisor
John Eastman asked for a 'minor violation' of election law post-riot
Putin Is Winning the War Over Ukraine, Both on and Off the Battlefield
Opinion: The Fed's latest rate hike will be a disaster for the economy
Fed hikes interest rates by three-quarters of a percentage point in boldest move since 1994
8 takeaways from the January 6 hearings day 3
My Dad Is Suffering From Parkinson’s And Dementia. I Wish I Could Give Him The Gift Of Death.
Kelly Clarkson Responds to Britney Spears’ Criticism By Covering ‘Womanizer’
Stephen Colbert Has A Message For The Proud Boy Who Name-Dropped Him In Court
We're Seeing in Real Time Why We Don't Build Enough Homes
Crypto Rally Reverses as Post-Fed Mood in Global Markets Sours
Transcript: Jim Chanos on Why Some of the Worst Hit Parts of the Market Still Have More Pain Ahead
The Dow Got Crushed -- Here Are 4 Stocks That Survived the Bloodbath - The Motley Fool
3 Surefire Ways to Add Value to Your Home - The Motley Fool
Why I Just Bought This Market-Crushing Stock No One's Talking About - The Motley Fool

日本語タイトル:['']
=== エラー内容 ===
type:<class 'newspaper.article.ArticleException'>
args:("Article `download()` failed with HTTPSConnectionPool(host='www.thestreet.com', port=443): Read timed out. (read timeout=7) on URL https://www.thestreet.com/markets/mortgage-rates-surge-the-most-in-35-years-as-fed-hits-home-buyers",)
e自身:Article `download()` failed with HTTPSConnectionPool(host='www.thestreet.com', port=443): Read timed out. (read timeout=7) on URL https://www.thestreet.com/markets/mortgage-rates-surge-the-most-in-35-years-as-fed-hits-home-buyers
=== エラー内容 ===
type:<class 'newspaper.article.ArticleException'>
args:("Article `download()` failed with HTTPSConnectionPool(host='www.reuters.com', port=443): Read timed out. (read timeout=7) on URL https://www.reuters.com/world/us/top-republican-negotiator-walks-out-us-senate-gun-talks-2022-06-16/",)
e自身:Article `download()` failed with HTTPSConnectionPool(host='www.reuters.com', port=443): Read timed out. (read timeout=7) on URL https://www.reuters.com/world/us/top-republican-negotiator-walks-out-us-senate-gun-talks-2022-06-16/
=== エラー内容 ===
type:<class 'newspaper.article.ArticleException'>
args:("Article `download()` failed with HTTPSConnectionPool(host='www.cnbc.com', port=443): Read timed out. on URL https://www.cnbc.com/2022/06/16/buy-dollar-general-shares-as-the-likelihood-of-a-recession-grows-morgan-stanley-says.html",)
e自身:Article `download()` failed with HTTPSConnectionPool(host='www.cnbc.com', port=443): Read timed out. on URL https://www.cnbc.com/2022/06/16/buy-dollar-general-shares-as-the-likelihood-of-a-recession-grows-morgan-stanley-says.html
=== エラー内容 ===
type:<class 'newspaper.article.ArticleException'>
args:("Article `download()` failed with HTTPSConnectionPool(host='www.thestreet.com', port=443): Read timed out. on URL https://www.thestreet.com/markets/boeing-stock-soars-on-china-737-max-test-flight-plane-demand-bets",)
e自身:Article `download()` failed with HTTPSConnectionPool(host='www.thestreet.com', port=443): Read timed out. on URL https://www.thestreet.com/markets/boeing-stock-soars-on-china-737-max-test-flight-plane-demand-bets
=== エラー内容 ===
type:<class 'newspaper.article.ArticleException'>
args:("Article `download()` failed with HTTPSConnectionPool(host='www.cnbc.com', port=443): Read timed out. on URL https://www.cnbc.com/video/2022/06/16/thursday-june-16-2022-cramer-lays-out-his-post-fed-meeting-buy-list.html",)
e自身:Article `download()` failed with HTTPSConnectionPool(host='www.cnbc.com', port=443): Read timed out. on URL https://www.cnbc.com/video/2022/06/16/thursday-june-16-2022-cramer-lays-out-his-post-fed-meeting-buy-list.html
=== エラー内容 ===
type:<class 'IndexError'>
args:('list index out of range',)
e自身:list index out of range
タイトル:June FOMC Meeting Results: Fed Hikes Rates 75 Basis Points
Mortgage Rates Surge The Most In 35 Years As Fed Hikes Hammer Home Buyers
Is This the Dawn of a New Era in Brain Cancer Treatment?
Amid Crypto Downtown, Fewer College Students Are Looking to Go Into Crypto
3 Stocks Outperforming Amid Market Carnage. Here Are the Charts.
The Cities With the Best and Worst Used Cars Deals in America
SEC Looks at Insider Trading on Crypto Exchanges
Elon Musk Sued for Promoting a 'Dogecoin Crypto Pyramid Scheme'
Boeing Stock Soars On Southern Airlines 737 Max Test Flight, Aircraft Demand Bets
Iconic Vegas Casino Getting Huge Makeover

日本語タイトル:['']
=== エラー内容 ===
type:<class 'newspaper.article.ArticleException'>
args:("Article `download()` failed with HTTPSConnectionPool(host='www.foxbusiness.com', port=443): Max retries exceeded with url: /markets/5-things-to-know-6-16-2022 (Caused by NewConnectionError('<urllib3.connection.HTTPSConnection object at 0x111773ac0>: Failed to establish a new connection: [Errno 8] nodename nor servname provided, or not known')) on URL https://www.foxbusiness.com/markets/5-things-to-know-6-16-2022",)
e自身:Article `download()` failed with HTTPSConnectionPool(host='www.foxbusiness.com', port=443): Max retries exceeded with url: /markets/5-things-to-know-6-16-2022 (Caused by NewConnectionError('<urllib3.connection.HTTPSConnection object at 0x111773ac0>: Failed to establish a new connection: [Errno 8] nodename nor servname provided, or not known')) on URL https://www.foxbusiness.com/markets/5-things-to-know-6-16-2022
=== エラー内容 ===
type:<class 'newspaper.article.ArticleException'>
args:("Article `download()` failed with HTTPSConnectionPool(host='www.cnbc.com', port=443): Read timed out. on URL https://www.cnbc.com/2022/06/16/boeing-is-a-high-risk-buying-opportunity-that-could-soar-56percent-from-here-citi-says.html",)
e自身:Article `download()` failed with HTTPSConnectionPool(host='www.cnbc.com', port=443): Read timed out. on URL https://www.cnbc.com/2022/06/16/boeing-is-a-high-risk-buying-opportunity-that-could-soar-56percent-from-here-citi-says.html
=== エラー内容 ===
type:<class 'newspaper.article.ArticleException'>
args:("Article `download()` failed with HTTPSConnectionPool(host='www.cnbc.com', port=443): Read timed out. on URL https://www.cnbc.com/2022/06/16/buy-dollar-general-shares-as-the-likelihood-of-a-recession-grows-morgan-stanley-says.html",)
e自身:Article `download()` failed with HTTPSConnectionPool(host='www.cnbc.com', port=443): Read timed out. on URL https://www.cnbc.com/2022/06/16/buy-dollar-general-shares-as-the-likelihood-of-a-recession-grows-morgan-stanley-says.html
=== エラー内容 ===
type:<class 'newspaper.article.ArticleException'>
args:("Article `download()` failed with HTTPSConnectionPool(host='www.cnbc.com', port=443): Read timed out. (read timeout=7) on URL https://www.cnbc.com/2022/06/16/what-to-own-in-a-recession-these-stocks-have-good-record-in-downturns.html",)
e自身:Article `download()` failed with HTTPSConnectionPool(host='www.cnbc.com', port=443): Read timed out. (read timeout=7) on URL https://www.cnbc.com/2022/06/16/what-to-own-in-a-recession-these-stocks-have-good-record-in-downturns.html
=== エラー内容 ===
type:<class 'IndexError'>
args:('list index out of range',)
e自身:list index out of range
タイトル:Dow sinks 700 points, dropping back below 30,000 to the lowest level in more than a year
Stocks making the biggest moves premarket: Jabil, Commercial Metals, Tesla and more
European stocks close 2.5% lower as central banks hike interest rates
Thursday, June 16, 2022: Cramer lays out his post-Fed meeting buy list of recession-resistant stocks
Buy Dollar General shares as the likelihood of a recession grows, Morgan Stanley says
Japan's Nikkei 225 slides close to 2% in mixed Asia-Pacific trading as investors weigh recession concerns
Spot gold falls, set for biggest weekly drop in a month
Bitcoin falls as sell-off in risk assets resumes, trades at levels not seen since 2020
Stocks making the biggest moves premarket: JD.com, Roku, Alibaba and more
Ukraine moves closer to joining the EU; Zelenskky says historic decision will help to defeat Russia

日本語タイトル:['']
=== エラー内容 ===
type:<class 'IndexError'>
args:('list index out of range',)
e自身:list index out of range
タイトル:Euro zone inflation confirmed at record high 8.1% in May
Once feted for pandemic heroics, world's central banks now face an uneasy crowd
EXCLUSIVE State securities regulators investigating Celsius accounts freeze
Dow sinks 700 points, dropping back below 30,000 to the lowest level in more than a year
Stocks making the biggest moves premarket: Jabil, Commercial Metals, Tesla and more
European stocks close 2.5% lower as central banks hike interest rates
June FOMC Meeting Results: Fed Hikes Rates 75 Basis Points
McDonald's Gets More Bad News About a Key Menu Item
Mortgage Rates Surge The Most In 35 Years As Fed Hikes Hammer Home Buyers
Dow falls 740 points below 30K, housing hits skids, Musk's Twitter meeting: LIVE UPDATES
Best, worst states for working dads in 2022: Report
Thursday's trading: 5 things to know
A string of climate disasters strike before summer even starts
Opinion  How a conservative judge's attack on the GOP could shift the debate
Analysis  New email reinforces Trump team saw 'wild' Jan. 6 unrest as leverage
Trump is scheming to rig the 2024 election: Pence advisor
John Eastman asked for a 'minor violation' of election law post-riot
Putin Is Winning the War Over Ukraine, Both on and Off the Battlefield
China launches third, most advanced aircraft carrier named 'Fujian'
June 16, 2022 Russia-Ukraine news
Russia's war in Ukraine: Live updates
My Dad Is Suffering From Parkinson’s And Dementia. I Wish I Could Give Him The Gift Of Death.
Headstone With Hidden Profanity Annoys The F Out Of Cemetery
Seth Meyers Has A Field Day With Rudy Giuliani's 'Diet Pepsi' Claim
Eni Says Gazprom to Supply 50% of Gas Requested for June 17
We're Seeing in Real Time Why We Don't Build Enough Homes
Stock Market Today: Dow, S&P Live Updates for Jun. 17, 2022
The Dow Got Crushed -- Here Are 4 Stocks That Survived the Bloodbath - The Motley Fool
4 Compelling Reasons Nvidia Is My Newest Stock Buy - The Motley Fool
Here's Why I'm Still Bullish on Semiconductors - The Motley Fool

日本語タイトル:['']
=== エラー内容 ===
type:<class 'IndexError'>
args:('list index out of range',)
e自身:list index out of range
タイトル:Euro zone inflation confirmed at record high 8.1% in May
EXCLUSIVE State securities regulators investigating Celsius accounts freeze
Morning Bid: Bank of England in a bind
EU backs Ukraine's membership bid to 'live the European dream'
Online Czech grocery Rohlik raises 220 million euros in further financing round
U.S., partners dismantle Russian hacking 'botnet,' Justice Dept says
Tesco says Britons buying less and trading down to navigate inflation
Trump pressed, threatened Pence to overturn election, panel hears
Republican walks out on U.S. gun legislation talks, Democrat remains hopeful
Targa to boost Permian natgas footprint with $3.55 bln Lucid Energy deal
Stocks eye steepest slide since 2020 as central bankers roil markets
Why can't co-ops cooperate when disaster hits?
Exclusive: China firms in advanced talks with Qatar for gas field stakes, LNG offtake
Exclusive: U.S. targets Russia with tech to evade censorship of Ukraine news
VP Harris launches task force on online harassment after shootings

日本語タイトル:['']
=== エラー内容 ===
type:<class 'IndexError'>
args:('list index out of range',)
e自身:list index out of range
タイトル:Dow falls 740 points below 30K, housing hits skids, Musk's Twitter meeting: LIVE UPDATES
Best, worst states for working dads in 2022: Report
Thursday's trading: 5 things to know
Crypto selling platforms fear financial 'implosion' from persistent 'selling pressure,' says expert
Tuesday's trading: 5 things to know
Oil analyst warns recession is 'foregone conclusion' as Americans see ‘egregious spikes’ in energy, food costs
Biden gets testy, falsely claims inflation in ‘every other major industrialized country' higher than US
Larry Kudlow: Here's the worst economic news today
Mortgage rates surge to 5.78%, highest level since 2008
Wednesday's trading: 5 Things to know
Manufacturers' outlook dims as recession fears grow
Housing market goes from bad to worse
Fed raises interest rate by 75-basis points in historic move to fight inflation
Bernie Sanders bristles when FDA commissioner says he was not aware of Moderna CEO 'golden parachute'
Rough waters ahead for cruise industry as it grapples with staffing slump amid travel heating up

日本語タイトル:['']
=== エラー内容 ===
type:<class 'IndexError'>
args:('list index out of range',)
e自身:list index out of range
タイトル:European stocks close 2.5% lower as central banks hike interest rates
Dow sinks 700 points, dropping back below 30,000 to the lowest level in more than a year
Thursday, June 16, 2022: Cramer lays out his post-Fed meeting buy list of recession-resistant stocks
Buy Dollar General shares as the likelihood of a recession grows, Morgan Stanley says
Japan's Nikkei 225 slides close to 2% in mixed Asia-Pacific trading as investors weigh recession concerns
Position your portfolio for a Fed win and avoid these three market mindsets, Jim Cramer says
Stocks making the biggest moves premarket: JD.com, Roku, Alibaba and more
Bitcoin falls as sell-off in risk assets resumes, trades at levels not seen since 2020
Spot gold falls, set for biggest weekly drop in a month
Ukraine moves closer to joining the EU; Zelenskky says historic decision will help to defeat Russia

日本語タイトル:['']
=== エラー内容 ===
type:<class 'IndexError'>
args:('list index out of range',)
e自身:list index out of range
タイトル:Euro zone inflation confirmed at record high 8.1% in May
Once feted for pandemic heroics, world's central banks now face an uneasy crowd
EXCLUSIVE State securities regulators investigating Celsius accounts freeze
European stocks close 2.5% lower as central banks hike interest rates
Dow sinks 700 points, dropping back below 30,000 to the lowest level in more than a year
Thursday, June 16, 2022: Cramer lays out his post-Fed meeting buy list of recession-resistant stocks
June FOMC Meeting Results: Fed Hikes Rates 75 Basis Points
McDonald's Gets More Bad News About a Key Menu Item
Mortgage Rates Surge The Most In 35 Years As Fed Hikes Hammer Home Buyers
Dow falls 740 points below 30K, housing hits skids, Musk's Twitter meeting: LIVE UPDATES
Best, worst states for working dads in 2022: Report
Thursday's trading: 5 things to know
Opinion  How a conservative judge's attack on the GOP could shift the debate
Analysis  New email reinforces Trump team saw 'wild' Jan. 6 unrest as leverage
Herschel Walker's Senate campaign has been dominated by controversy
UK approves Julian Assange extradition to the US, faces spying charges
Trump is scheming to rig the 2024 election: Pence advisor
John Eastman asked for a 'minor violation' of election law post-riot
June 16, 2022 Russia-Ukraine news
Opinion: When will the West lose its appetite for a war with no end?
Opinion: The Fed's latest rate hike will be a disaster for the economy
My Dad Is Suffering From Parkinson’s And Dementia. I Wish I Could Give Him The Gift Of Death.
Seth Meyers Has A Field Day With Rudy Giuliani's 'Diet Pepsi' Claim
Headstone With Hidden Profanity Annoys The F Out Of Cemetery
Eni Says Gazprom to Supply 50% of Gas Requested for June 17
We're Seeing in Real Time Why We Don't Build Enough Homes
Bets on Yen Rally Suggest Dovish BOJ May Finally Capitulate
The Dow Got Crushed -- Here Are 4 Stocks That Survived the Bloodbath - The Motley Fool
4 Compelling Reasons Nvidia Is My Newest Stock Buy - The Motley Fool
Here's Why I'm Still Bullish on Semiconductors - The Motley Fool

日本語タイトル:['']
=== エラー内容 ===
type:<class 'IndexError'>
args:('list index out of range',)
e自身:list index out of range
タイトル:European stocks close 2.5% lower as central banks hike interest rates
Dow sinks 700 points, dropping back below 30,000 to the lowest level in more than a year
Buy Dollar General shares as the likelihood of a recession grows, Morgan Stanley says
China stocks lead gains in Asia-Pacific following release of better-than-expected Chinese economic data
Position your portfolio for a Fed win and avoid these three market mindsets, Jim Cramer says
Stocks making the biggest moves premarket: JD.com, Roku, Alibaba and more
Bitcoin falls as sell-off in risk assets resumes, trades at levels not seen since 2020
This inflation indicator shook the Fed and caused it to get more aggressive
What to own during a recession: These stocks have a good track record during downturns
China's property troubles have pushed one debt indicator above levels seen in the financial crisis
Boeing is a high-risk buying opportunity that could surge more than 50% from here, Citi says
Treasury yields pull back from highs
Swiss central bank surprises markets with first rate hike since 2007
President Biden says a recession is ‘not inevitable’
FIFA picks 2026 World Cup cities, including Atlanta, Miami, Philadelphia, and Seattle

日本語タイトル:['']
=== エラー内容 ===
type:<class 'IndexError'>
args:('list index out of range',)
e自身:list index out of range
タイトル:Best, worst states for working dads in 2022: Report
Dow falls 740 points below 30K, housing hits skids, Musk's Twitter meeting: LIVE UPDATES
Thursday's trading: 5 things to know
Tuesday's trading: 5 things to know
Biden gets testy, falsely claims inflation in ‘every other major industrialized country' higher than US
Oil analyst warns recession is 'foregone conclusion' as Americans see ‘egregious spikes’ in energy, food costs
Housing market goes from bad to worse
Mortgage rates surge to 5.78%, highest level since 2008
Wednesday's trading: 5 Things to know
Manufacturers' outlook dims as recession fears grow
Fed raises interest rate by 75-basis points in historic move to fight inflation
Bernie Sanders bristles when FDA commissioner says he was not aware of Moderna CEO 'golden parachute'
Stuart Varney: Biden's 'jig' is up after his 'dishonest' speech
Rough waters ahead for cruise industry as it grapples with staffing slump amid travel heating up
In Louisville, Kentucky, the real estate market may be changing

日本語タイトル:['']
=== エラー内容 ===
type:<class 'IndexError'>
args:('list index out of range',)
e自身:list index out of range
タイトル:June 16, 2022 Russia-Ukraine news
War in Ukraine reaches pivotal moment that could determine long-term outcome, intelligence officials say
Opinion: The Fed's latest rate hike will be a disaster for the economy
New York, Mexico City, Toronto among 16 sites chosen to host 2026 World Cup matches
Fed hikes interest rates by three-quarters of a percentage point in boldest move since 1994
Suspect admits killing missing pair in Brazilian Amazon, authorities say
What to watch for at Thursday's January 6 hearing focused on Mike Pence
A suspect is in custody after 2 people were fatally shot at a church near Birmingham, Alabama, police say
CNN Original Series Ventures to South America In “Patagonia: Life on the Edge of the World” Narrated by Pedro Pascal Press Room
The West just experienced an aspect of the climate crisis that scientists have warned of for years
CNN Business Debuts New Digital Show with Premiere of “Nightcap” Press Room
Michael Avenatti pleads guilty to stealing millions of dollars from clients
South Carolina congressman who voted for impeachment will fall to Trump-backed challenger, while another incumbent who defied Trump will survive primary, CNN projects
Manufacturing CEOs are worried about a recession
Golden State Warriors win NBA championship with Game 6 victory over Boston Celtics

日本語タイトル:['']
=== エラー内容 ===
type:<class 'IndexError'>
args:('list index out of range',)
e自身:list index out of range
タイトル:June FOMC Meeting Results: Fed Hikes Rates 75 Basis Points
McDonald's Gets More Bad News About a Key Menu Item
Mortgage Rates Surge The Most In 35 Years As Fed Hikes Hammer Home Buyers
Is This the Dawn of a New Era in Brain Cancer Treatment?
What Does The Bitcoin Crash Mean For Crypto Gaming?
3 Stocks Outperforming Amid Market Carnage. Here Are the Charts.
The Cities With the Best and Worst Used Cars Deals in America
Amid Crypto Downtown, Fewer College Students Are Looking to Go Into Crypto
Apple's 13-inch MacBook Pro With the Speedy M2 Chip is Now on Sale
Do Costco's $4.99 Chickens Come With Too Heavy a Price?

日本語タイトル:['']
=== エラー内容 ===
type:<class 'IndexError'>
args:('list index out of range',)
e自身:list index out of range
タイトル:Euro zone inflation confirmed at record high 8.1% in May
Oil drops on recession concerns, heading for weekly fall
EXCLUSIVE State securities regulators investigating Celsius accounts freeze
European stocks close 2.5% lower as central banks hike interest rates
Dow sinks 700 points, dropping back below 30,000 to the lowest level in more than a year
Stocks making the biggest moves premarket: Jabil, Commercial Metals, Tesla and more
June FOMC Meeting Results: Fed Hikes Rates 75 Basis Points
McDonald's Gets More Bad News About a Key Menu Item
Mortgage Rates Surge The Most In 35 Years As Fed Hikes Hammer Home Buyers
Dow falls 740 points below 30K, housing hits skids, Musk's Twitter meeting: LIVE UPDATES
Thursday's trading: 5 things to know
Biden gets testy, falsely claims inflation in ‘every other major industrialized country' higher than US
Opinion  How a conservative judge's attack on the GOP could shift the debate
Analysis  New email reinforces Trump team saw 'wild' Jan. 6 unrest as leverage
A string of climate disasters strike before summer even starts
UK approves Julian Assange extradition to the US, faces spying charges
Trump is scheming to rig the 2024 election: Pence advisor
John Eastman asked for a 'minor violation' of election law post-riot
China launches third, most advanced aircraft carrier named 'Fujian'
Putin lambasts the West and declares the end of 'the era of the unipolar world'
Opinion: The Fed's latest rate hike will be a disaster for the economy
Inside The ACLU’s Post-Trump Reckoning
My Dad Is Suffering From Parkinson’s And Dementia. I Wish I Could Give Him The Gift Of Death.
Headstone With Hidden Profanity Annoys The F Out Of Cemetery
Eni Says Gazprom to Supply 50% of Gas Requested for June 17
We're Seeing in Real Time Why We Don't Build Enough Homes
Bets on Yen Rally Suggest Dovish BOJ May Finally Capitulate
4 Compelling Reasons Nvidia Is My Newest Stock Buy - The Motley Fool
This Beaten-Down Warehouse REIT Could Be a Takeover Target - The Motley Fool
The Dow Got Crushed -- Here Are 4 Stocks That Survived the Bloodbath - The Motley Fool

日本語タイトル:['']
=== エラー内容 ===
type:<class 'IndexError'>
args:('list index out of range',)
e自身:list index out of range
タイトル:June FOMC Meeting Results: Fed Hikes Rates 75 Basis Points
McDonald's Gets More Bad News About a Key Menu Item
Mortgage Rates Surge The Most In 35 Years As Fed Hikes Hammer Home Buyers
Revlon Stock Collapses Amid Reports Of Imminent Chapter 11 Bankruptcy Filing
What Does The Bitcoin Crash Mean For Crypto Gaming?
3 Beaten Down Stocks to Buy Now
3 Stocks Outperforming Amid Market Carnage. Here Are the Charts.
The Cities With the Best and Worst Used Cars Deals in America
Top 10 Stocks by Searches; One Guess Which is No. 1
Wharton's Siegel: Now's a Good Time to Buy Stocks
Apple's 13-inch MacBook Pro With the Speedy M2 Chip is Now on Sale
Netflix Stock Slides As Goldman Lowers Rating To 'Sell', Slashes Price Target
Carvana, 'The Amazon of Car Dealers', Fights its Biggest Battle
Do Costco's $4.99 Chickens Come With Too Heavy a Price?
Amazon's Secret Father's Day Sale Offers 30% Off Sony Speakers

日本語タイトル:['']
=== エラー内容 ===
type:<class 'IndexError'>
args:('list index out of range',)
e自身:list index out of range
タイトル:Dow falls 740 points below 30K, housing hits skids, Musk's Twitter meeting: LIVE UPDATES
Thursday's trading: 5 things to know
Tuesday's trading: 5 things to know
Oil analyst warns recession is 'foregone conclusion' as Americans see ‘egregious spikes’ in energy, food costs
Biden gets testy, falsely claims inflation in ‘every other major industrialized country' higher than US
Housing market goes from bad to worse
Mortgage rates surge to 5.78%, highest level since 2008
Wednesday's trading: 5 Things to know
Manufacturers' outlook dims as recession fears grow
Fed raises interest rate by 75-basis points in historic move to fight inflation
Bernie Sanders bristles when FDA commissioner says he was not aware of Moderna CEO 'golden parachute'
Rough waters ahead for cruise industry as it grapples with staffing slump amid travel heating up
Stuart Varney: Biden's 'jig' is up after his 'dishonest' speech
In Louisville, Kentucky, the real estate market may be changing
Jean-Pierre on drilling more in the US: 'We don't need to do that'

日本語タイトル:['']
=== エラー内容 ===
type:<class 'IndexError'>
args:('list index out of range',)
e自身:list index out of range
タイトル:Inside The ACLU’s Post-Trump Reckoning
My Dad Is Suffering From Parkinson’s And Dementia. I Wish I Could Give Him The Gift Of Death.
Headstone With Hidden Profanity Annoys The F Out Of Cemetery
Mike Lindell Fumes Over Cancel Culture After Walmart Drops MyPillow
'Diary Of A Wimpy Kid' Actor Who Killed Mother Also Targeted Justin Trudeau: Court
Police Stopped Active Shooter In Texas Sports Complex Hosting 250 Children And Staff
Rep. Bennie Thompson Says It's Time For Ginni Thomas To Talk To Jan. 6 Committee
Fox News Analyst: Republicans Will Secretly Be 'Glad' If Jan. 6 Panel Damages Trump
Michigan Police Officer Who Fatally Shot Patrick Lyoya Is Fired
Kelly Clarkson Responds to Britney Spears’ Criticism By Covering ‘Womanizer’
Bipartisan Gun Talks Hung Up Over ‘Boyfriend Loophole’
Tom Hanks Tells Fans Who Bump Rita Wilson To 'Back The F**k Off!'
Critics In Stitches After GOP Lawmaker Deletes Mortifying Take On Jan. 6 Hearings
'Elvis' Star Austin Butler Channels The 'King Of Rock & Roll' On 'The Tonight Show'
William Barr Says Trump Grew 'Detached From Reality' After Losing Election

日本語タイトル:['']
=== エラー内容 ===
type:<class 'IndexError'>
args:('list index out of range',)
e自身:list index out of range
タイトル:Bets on Yen Rally Suggest Dovish BOJ May Finally Capitulate
Crypto Rally Reverses as Post-Fed Mood in Global Markets Sours
JPMorgan Strategists Say Stocks Imply 85% Chance of US Recession
Jim Chanos On Why Some of the Worst-Hit Stocks Still Have a Long Way Down
Stock Market Today: Dow, S&P Live Updates for Jun. 17, 2022
We're Seeing in Real Time Why We Don't Build Enough Homes
Goldman Buyback Desk Was Flooded With Orders During Stock Rout
Musk, Tesla, SpaceX Are Sued for Alleged Dogecoin Pyramid Scheme
FOMC: Jerome Powell Says 75 or 50 BPs Interest Rate Hike Likely in July
Crypto Traders Turn Against Each Other in a Collapsing Market
Apple Named World's Most Valuable Brand in New Survey
Stagflation Fears Surge and 'Sentiment Is Dire' in BofA Survey
US Recession Risk Hits 72% by 2024, Threatening Biden's Second Term
JD.com Mulls Taking on Meituan and Alibaba in Food Delivery
What Did Elon Musk Say to Twitter Employees About Job Cuts, Remote Work?

日本語タイトル:['']
=== エラー内容 ===
type:<class 'IndexError'>
args:('list index out of range',)
e自身:list index out of range
タイトル:4 Compelling Reasons Nvidia Is My Newest Stock Buy - The Motley Fool
This Beaten-Down Warehouse REIT Could Be a Takeover Target - The Motley Fool
The Dow Got Crushed -- Here Are 4 Stocks That Survived the Bloodbath - The Motley Fool
Why AMD and Nvidia Were Down Big on Thursday - The Motley Fool
Here's Why I'm Still Bullish on Semiconductors - The Motley Fool
This Market-Dominating Software Stock Has Strong Long-Term Potential - The Motley Fool
2 Cheap Tech Stocks to Buy Right Now - The Motley Fool
Better Buy: Amazon vs. Shopify - The Motley Fool
Worried a Recession Will Hit? Here's How to Gear Up - The Motley Fool
3 Warren Buffett Stocks to Buy That Are Practically Inflation-Proof - The Motley Fool
3 Beaten-Down S&P 500 Stocks Ready to Bounce Back - The Motley Fool
4 Essential Tips for Becoming a Savvy Long-Term Investor - The Motley Fool
Energy Today: Relentless Demand, Uncertain Supply - The Motley Fool
Why Cruise Stocks Sank Again on Thursday - The Motley Fool
Amazon and Walmart Are Capitalizing on This Incremental Revenue Stream - The Motley Fool

日本語タイトル:['']
=== エラー内容 ===
type:<class 'IndexError'>
args:('list index out of range',)
e自身:list index out of range
タイトル:June FOMC Meeting Results: Fed Hikes Rates 75 Basis Points
Elon Musk's Las Vegas Strip Vision Gets Even Bigger
McDonald's Gets More Bad News About a Key Menu Item
Mortgage Rates Surge The Most In 35 Years As Fed Hikes Hammer Home Buyers
Is This the Dawn of a New Era in Brain Cancer Treatment?
GM Pulls Out a Surprise that Tesla, Mercedes And Lucid Won't Like
3 Stocks Outperforming Amid Market Carnage. Here Are the Charts.
What Does The Bitcoin Crash Mean For Crypto Gaming?
The Cities With the Best and Worst Used Cars Deals in America
Amid Crypto Downtown, Fewer College Students Are Looking to Go Into Crypto

日本語タイトル:['']
=== エラー内容 ===
type:<class 'IndexError'>
args:('list index out of range',)
e自身:list index out of range
タイトル:Euro zone inflation confirmed at record high 8.1% in May
Oil drops on recession concerns, heading for weekly fall
Once feted for pandemic heroics, world's central banks now face an uneasy crowd
European stocks close 2.5% lower as central banks hike interest rates
Dow sinks 700 points, dropping back below 30,000 to the lowest level in more than a year
Buy Dollar General shares as the likelihood of a recession grows, Morgan Stanley says
June FOMC Meeting Results: Fed Hikes Rates 75 Basis Points
Elon Musk's Las Vegas Strip Vision Gets Even Bigger
McDonald's Gets More Bad News About a Key Menu Item
Dow falls 740 points below 30K, housing hits skids, Musk's Twitter meeting: LIVE UPDATES
Best, worst states for working dads in 2022: Report
Thursday's trading: 5 things to know
Opinion  How a conservative judge's attack on the GOP could shift the debate
Analysis  New email reinforces Trump team saw 'wild' Jan. 6 unrest as leverage
These polar bears have found a way to survive without sea ice
UK approves Julian Assange extradition to the US, faces spying charges
Trump is scheming to rig the 2024 election: Pence advisor
SpaceX fires staff who wrote letter critical of Elon Musk, reports say
June 16, 2022 Russia-Ukraine news
January 6 committee wrestles with the same unsolvable question about Trump -- how to hold him to account
Opinion: The Fed's latest rate hike will be a disaster for the economy
Inside The ACLU’s Post-Trump Reckoning
My Dad Is Suffering From Parkinson’s And Dementia. I Wish I Could Give Him The Gift Of Death.
Headstone With Hidden Profanity Annoys The F Out Of Cemetery
Eni Says Gazprom to Supply 50% of Gas Requested for June 17
We're Seeing in Real Time Why We Don't Build Enough Homes
Bets on Yen Rally Suggest Dovish BOJ May Finally Capitulate
The Dow Got Crushed -- Here Are 4 Stocks That Survived the Bloodbath - The Motley Fool
This Beaten-Down Warehouse REIT Could Be a Takeover Target - The Motley Fool
Why AMD and Nvidia Were Down Big on Thursday - The Motley Fool

日本語タイトル:['']
=== エラー内容 ===
type:<class 'IndexError'>
args:('list index out of range',)
e自身:list index out of range
タイトル:Euro zone inflation confirmed at record high 8.1% in May
Oil drops on recession concerns, heading for weekly fall
EXCLUSIVE State securities regulators investigating Celsius accounts freeze
Morning Bid: Bank of England in a bind
Trump pressed, threatened Pence to overturn election, panel hears
Stocks eye steepest slide since 2020 as central bankers roil markets
ABN Amro shares surge 17% after BNP Paribas bid interest report
Republican walks out on U.S. gun legislation talks, Democrat remains hopeful
Targa to boost Permian natgas footprint with $3.55 bln Lucid Energy deal
EU backs Ukraine's membership bid to 'live the European dream'
Tesco says Britons buying less and trading down to navigate inflation
Exclusive: China firms in advanced talks with Qatar for gas field stakes, LNG offtake
WikiLeaks' founder Assange vows to fight extradition from UK to United States UK
Exclusive: U.S. targets Russia with tech to evade censorship of Ukraine news
Google's Russian subsidiary submits bankruptcy declaration, Interfax reports

日本語タイトル:['']
=== エラー内容 ===
type:<class 'IndexError'>
args:('list index out of range',)
e自身:list index out of range
タイトル:European stocks close 2.5% lower as central banks hike interest rates
Dow sinks 700 points, dropping back below 30,000 to the lowest level in more than a year
China stocks lead gains in Asia-Pacific following release of better-than-expected Chinese economic data
Buy Dollar General shares as the likelihood of a recession grows, Morgan Stanley says
Japan's Nikkei 225 slides close to 2% in mixed Asia-Pacific trading as investors weigh recession concerns
Stocks making the biggest moves premarket: JD.com, Roku, Alibaba and more
Position your portfolio for a Fed win and avoid these three market mindsets, Jim Cramer says
Bitcoin falls as sell-off in risk assets resumes, trades at levels not seen since 2020
Spot gold falls, set for biggest weekly drop in a month
The stock market tends to lose a third of its value heading into recessions, RBC says
China's property troubles have pushed one debt indicator above levels seen in the financial crisis
This inflation indicator shook the Fed and caused it to get more aggressive
U.S. Treasury yields fall after tumultuous week
S&P 500 falls 1% as investors gauge chances of economic slowdown
Boeing is a high-risk buying opportunity that could surge more than 50% from here, Citi says

日本語タイトル:['']
=== エラー内容 ===
type:<class 'IndexError'>
args:('list index out of range',)
e自身:list index out of range
タイトル:Opinion  How a conservative judge's attack on the GOP could shift the debate
A string of climate disasters strike before summer even starts
Opinion  Jan. 6 hearings point up critical role of the 25th Amendment
Ginni Thomas's emails with Trump lawyer add to tumult at Supreme Court
Date Lab: She dressed like an 'insurance agent' (because she is one)
Trump aides told him that using Pence to overturn election was illegal
A first look at plans for the new Union Station in D.C.
Keisha Lance Bottoms to join White House as senior Biden adviser
Ginni Thomas corresponded with John Eastman, sources in Jan. 6 House investigation say
Opinion  Cheney and other GOP truth-tellers have a critical role in the midterms
Mortgage rates for June 16
Perspective  Miss Manners: Is it rude to eat away from your guests?
Opinion  The U.S. must oppose India's rising Islamophobia
FDA advisers recommend Moderna shot for older children, adolescents
The Google engineer who thinks the company's AI has come to life

日本語タイトル:['']
=== エラー内容 ===
type:<class 'IndexError'>
args:('list index out of range',)
e自身:list index out of range
タイトル:The Dow Got Crushed -- Here Are 4 Stocks That Survived the Bloodbath - The Motley Fool
This Beaten-Down Warehouse REIT Could Be a Takeover Target - The Motley Fool
Why AMD and Nvidia Were Down Big on Thursday - The Motley Fool
Here's Why I'm Still Bullish on Semiconductors - The Motley Fool
This Market-Dominating Software Stock Has Strong Long-Term Potential - The Motley Fool
2 Cheap Tech Stocks to Buy Right Now - The Motley Fool
Better Buy: Amazon vs. Shopify - The Motley Fool
Worried a Recession Will Hit? Here's How to Gear Up - The Motley Fool
3 Warren Buffett Stocks to Buy That Are Practically Inflation-Proof - The Motley Fool
3 Beaten-Down S&P 500 Stocks Ready to Bounce Back - The Motley Fool
4 Essential Tips for Becoming a Savvy Long-Term Investor - The Motley Fool
Energy Today: Relentless Demand, Uncertain Supply - The Motley Fool
5 Stocks the World's Top Investors Are Loading Up on Right Now - The Motley Fool
Why Cruise Stocks Sank Again on Thursday - The Motley Fool
Amazon and Walmart Are Capitalizing on This Incremental Revenue Stream - The Motley Fool

日本語タイトル:['']
=== エラー内容 ===
type:<class 'IndexError'>
args:('list index out of range',)
e自身:list index out of range
タイトル:Glencore forecasts more than $3.2 billion in interim trading division profit
Exclusive: China firms in advanced talks with Qatar for gas field stakes, LNG offtake
Oil drops on recession concerns, heading for weekly fall
European stocks close 2.5% lower as central banks hike interest rates
Dow sinks 700 points, dropping back below 30,000 to the lowest level in more than a year
U.S. Treasury yields fall after tumultuous week
June FOMC Meeting Results: Fed Hikes Rates 75 Basis Points
Elon Musk's Las Vegas Strip Vision Gets Even Bigger
McDonald's Gets More Bad News About a Key Menu Item
Dow falls 740 points below 30K, housing hits skids, Musk's Twitter meeting: LIVE UPDATES
Best, worst states for working dads in 2022: Report
Thursday's trading: 5 things to know
Opinion  How a conservative judge's attack on the GOP could shift the debate
Analysis  New email reinforces Trump team saw 'wild' Jan. 6 unrest as leverage
A string of climate disasters strike before summer even starts
UK approves Julian Assange extradition to the US, faces spying charges
Trump is scheming to rig the 2024 election: Pence advisor
SpaceX fires staff who wrote letter critical of Elon Musk, reports say
June 16, 2022 Russia-Ukraine news
January 6 committee wrestles with the same unsolvable question about Trump -- how to hold him to account
Putin lambasts the West and declares the end of 'the era of the unipolar world' International
Inside The ACLU’s Post-Trump Reckoning
Girlfriend Of Capitol Officer Who Died Sends Icy Message To Jared Kushner And Ivanka Trump
My Dad Is Suffering From Parkinson’s And Dementia. I Wish I Could Give Him The Gift Of Death.
Eni Says Gazprom to Supply 50% of Gas Requested for June 17
We're Seeing in Real Time Why We Don't Build Enough Homes
Stock Market Today: Dow, S&P Live Updates for Jun. 17, 2022
The Dow Got Crushed -- Here Are 4 Stocks That Survived the Bloodbath - The Motley Fool
4 Essential Tips for Becoming a Savvy Long-Term Investor - The Motley Fool
Here's Why I'm Still Bullish on Semiconductors - The Motley Fool

日本語タイトル:['']
=== エラー内容 ===
type:<class 'IndexError'>
args:('list index out of range',)
e自身:list index out of range
タイトル:European stocks close 2.5% lower as central banks hike interest rates
Dow sinks 700 points, dropping back below 30,000 to the lowest level in more than a year
U.S. Treasury yields fall after tumultuous week
Stocks making the biggest moves premarket: Jabil, Commercial Metals, Tesla and more
China stocks lead gains in Asia-Pacific following release of better-than-expected Chinese economic data
Buy Dollar General shares as the likelihood of a recession grows, Morgan Stanley says
Japan's Nikkei 225 slides close to 2% in mixed Asia-Pacific trading as investors weigh recession concerns
Bitcoin falls as sell-off in risk assets resumes, trades at levels not seen since 2020
Stocks making the biggest moves premarket: JD.com, Roku, Alibaba and more
Gold set for weekly decline after Fed rate hike, dollar gains
Position your portfolio for a Fed win and avoid these three market mindsets, Jim Cramer says
The stock market tends to lose a third of its value heading into recessions, RBC says
China's property troubles have pushed one debt indicator above levels seen in the financial crisis
This inflation indicator shook the Fed and caused it to get more aggressive
S&P 500 falls 1% as investors gauge chances of economic slowdown

日本語タイトル:['']
=== エラー内容 ===
type:<class 'IndexError'>
args:('list index out of range',)
e自身:list index out of range
タイトル:Best, worst states for working dads in 2022: Report
Dow falls 740 points below 30K, housing hits skids, Musk's Twitter meeting: LIVE UPDATES
Thursday's trading: 5 things to know
Tuesday's trading: 5 things to know
Biden gets testy, falsely claims inflation in ‘every other major industrialized country' higher than US
Oil analyst warns recession is 'foregone conclusion' as Americans see ‘egregious spikes’ in energy, food costs
Housing market goes from bad to worse
Wednesday's trading: 5 Things to know
Mortgage rates surge to 5.78%, highest level since 2008
Manufacturers' outlook dims as recession fears grow
Fed raises interest rate by 75-basis points in historic move to fight inflation
Bernie Sanders bristles when FDA commissioner says he was not aware of Moderna CEO 'golden parachute'
Rough waters ahead for cruise industry as it grapples with staffing slump amid travel heating up
In Louisville, Kentucky, the real estate market may be changing
Jean-Pierre on drilling more in the US: 'We don't need to do that'

日本語タイトル:['']
=== エラー内容 ===
type:<class 'IndexError'>
args:('list index out of range',)
e自身:list index out of range
タイトル:UK approves Julian Assange extradition to the US, faces spying charges
SpaceX fires staff who wrote letter critical of Elon Musk, reports say
Video: Cruz wanted judge testifying against Trump as SCOTUS justice
Putin Is Winning the War Over Ukraine, Both on and Off the Battlefield
John Eastman asked for a 'minor violation' of election law post-riot
Pence hasn't spoken to Trump in a year, refuses to visit: report
China says telescope maybe picked up signals from alien civilization
2 Online Hustles Making $89,000 a Month: Investing Influencer
Musk says SpaceX's Starship to fly in July after FAA requires 75 terms
Elon Musk says would likely vote for Ron DeSantis for president
Google engineer thinks artificial intelligence bot has become sentient
American Airlines to hike pay for 14,000 pilots amid labor shortage
Coinbase laid off employees by locking them out of work email
Video: GOP Rep. claims Capitol rioter he led on tour was taking photo of a light fixture
Macron visits Ukraine, has awkward photo-op with Zelenskyy

日本語タイトル:['']
=== エラー内容 ===
type:<class 'IndexError'>
args:('list index out of range',)
e自身:list index out of range
タイトル:The Dow Got Crushed -- Here Are 4 Stocks That Survived the Bloodbath - The Motley Fool
4 Essential Tips for Becoming a Savvy Long-Term Investor - The Motley Fool
Here's Why I'm Still Bullish on Semiconductors - The Motley Fool
1 Growth Stock Down 77% to Buy Right Now - The Motley Fool
Down 32%, Is It Safe to Invest in the Nasdaq Right Now? - The Motley Fool
3 Reasons to Buy This Blue Chip Retail Stock - The Motley Fool
What Investors Need to Know About the Cardano Update - The Motley Fool
1 Key Reason Lemonade Can Make a Comeback - The Motley Fool
This Market-Dominating Software Stock Has Strong Long-Term Potential - The Motley Fool
65% of Warren Buffett's Portfolio Is Invested in These 4 Stocks - The Motley Fool
Should You Buy Shopify Now or Wait Until After Its Stock Split? - The Motley Fool
Crypto Collapse: 2 Reasons to Sell Dogecoin - The Motley Fool
This Beaten-Down Warehouse REIT Could Be a Takeover Target - The Motley Fool
Worried a Recession Will Hit? Here's How to Gear Up - The Motley Fool
You Don't Have to Lose Money in This Market -- These 2 REITs Haven't - The Motley Fool

日本語タイトル:['']
=== エラー内容 ===
type:<class 'IndexError'>
args:('list index out of range',)
e自身:list index out of range
タイトル:Glencore forecasts more than $3.2 billion in interim trading division profit
Exclusive: China firms in advanced talks with Qatar for gas field stakes, LNG offtake
EU backs Ukraine's membership bid to 'live the European dream'
European stocks close 2.5% lower as central banks hike interest rates
Dow sinks 700 points, dropping back below 30,000 to the lowest level in more than a year
Stocks making the biggest moves premarket: JD.com, Roku, Alibaba and more
June FOMC Meeting Results: Fed Hikes Rates 75 Basis Points
McDonald's Gets More Bad News About a Key Menu Item
Mortgage Rates Surge The Most In 35 Years As Fed Hikes Hammer Home Buyers
Dow falls 740 points below 30K, housing hits skids, Musk's Twitter meeting: LIVE UPDATES
Best, worst states for working dads in 2022: Report
Thursday's trading: 5 things to know
Here's how the 2022 Top Workplaces were selected
Opinion  How a conservative judge's attack on the GOP could shift the debate
White House plan to send gas rebates complicated by chip shortages
SpaceX fires staff who wrote letter critical of Elon Musk, reports say
UK approves Julian Assange extradition to the US, faces spying charges
Video: Cruz wanted judge testifying against Trump as SCOTUS justice
China launches third, most advanced aircraft carrier named 'Fujian'
January 6 committee wrestles with the same unsolvable question about Trump -- how to hold him to account
Opinion: The Fed's latest rate hike will be a disaster for the economy
Inside The ACLU’s Post-Trump Reckoning
Rep. Bennie Thompson Says It's Time For Ginni Thomas To Talk To Jan. 6 Committee
Girlfriend Of Capitol Officer Who Died Sends Icy Message To Jared Kushner And Ivanka Trump
Eni Says Gazprom to Supply 50% of Gas Requested for June 17
Stock Market Today: Dow, S&P Live Updates for Jun. 17, 2022
Bets on Yen Rally Suggest Dovish BOJ May Finally Capitulate
The Dow Got Crushed -- Here Are 4 Stocks That Survived the Bloodbath - The Motley Fool
4 Essential Tips for Becoming a Savvy Long-Term Investor - The Motley Fool
Here's Why I'm Still Bullish on Semiconductors - The Motley Fool

日本語タイトル:['']
=== エラー内容 ===
type:<class 'IndexError'>
args:('list index out of range',)
e自身:list index out of range
タイトル:European stocks close 2.5% lower as central banks hike interest rates
Dow sinks 700 points, dropping back below 30,000 to the lowest level in more than a year
Stocks making the biggest moves premarket: JD.com, Roku, Alibaba and more
U.S. Treasury yields fall after tumultuous week
Stocks making the biggest moves premarket: Jabil, Commercial Metals, Tesla and more
Buy Dollar General shares as the likelihood of a recession grows, Morgan Stanley says
Japan's Nikkei 225 slides close to 2% in mixed Asia-Pacific trading as investors weigh recession concerns
Bitcoin falls as sell-off in risk assets resumes, trades at levels not seen since 2020
Gold set for weekly decline after Fed rate hike, dollar gains
Position your portfolio for a Fed win and avoid these three market mindsets, Jim Cramer says
The stock market tends to lose a third of its value heading into recessions, RBC says
This inflation indicator shook the Fed and caused it to get more aggressive
China's property troubles have pushed one debt indicator above levels seen in the financial crisis
S&P 500 falls 1% as investors gauge chances of economic slowdown
Jim Cramer: Why we're buying stocks heading into Wednesday's big Fed decision

日本語タイトル:['']
=== エラー内容 ===
type:<class 'IndexError'>
args:('list index out of range',)
e自身:list index out of range
タイトル:Dow falls 740 points below 30K, housing hits skids, Musk's Twitter meeting: LIVE UPDATES
Best, worst states for working dads in 2022: Report
Vince McMahon steps back from WWE role as board investigates alleged misconduct
Tuesday's trading: 5 things to know
Thursday's trading: 5 things to know
Oil analyst warns recession is 'foregone conclusion' as Americans see ‘egregious spikes’ in energy, food costs
Biden gets testy, falsely claims inflation in ‘every other major industrialized country' higher than US
Larry Kudlow: Here's the worst economic news today
Wednesday's trading: 5 Things to know
Mortgage rates surge to 5.78%, highest level since 2008
Manufacturers' outlook dims as recession fears grow
Larry Kudlow: Record oil and gas prices are killing the economy
Fed raises interest rate by 75-basis points in historic move to fight inflation
Bernie Sanders bristles when FDA commissioner says he was not aware of Moderna CEO 'golden parachute'
Rough waters ahead for cruise industry as it grapples with staffing slump amid travel heating up

日本語タイトル:['']
=== エラー内容 ===
type:<class 'IndexError'>
args:('list index out of range',)
e自身:list index out of range
タイトル:China launches third, most advanced aircraft carrier named 'Fujian'
Opinion: The Fed's latest rate hike will be a disaster for the economy
June 16, 2022 Russia-Ukraine news
Putin lambasts the West and declares the end of 'the era of the unipolar world' International
8 takeaways from the January 6 hearings day 3
New York, Mexico City, Toronto among 16 sites chosen to host 2026 World Cup matches
Fed hikes interest rates by three-quarters of a percentage point in boldest move since 1994
Julian Assange's extradition to US approved by UK government
Vince McMahon steps down as WWE CEO following hush money allegations
Suspect admits killing missing pair in Brazilian Amazon, authorities say
5 takeaways from Tuesday's elections in South Carolina, Nevada, Texas, Maine and North Dakota
Leaders of Europe's biggest countries on Kyiv mission to smooth tensions
The West just experienced an aspect of the climate crisis that scientists have warned of for years
CNN Business Debuts New Digital Show with Premiere of “Nightcap” Press Room
Michael Avenatti pleads guilty to stealing millions of dollars from clients

日本語タイトル:['']
=== エラー内容 ===
type:<class 'IndexError'>
args:('list index out of range',)
e自身:list index out of range
タイトル:Inside The ACLU’s Post-Trump Reckoning
Rep. Bennie Thompson Says It's Time For Ginni Thomas To Talk To Jan. 6 Committee
Girlfriend Of Capitol Officer Who Died Sends Icy Message To Jared Kushner And Ivanka Trump
My Dad Is Suffering From Parkinson’s And Dementia. I Wish I Could Give Him The Gift Of Death.
Stephen Colbert Has A Message For The Proud Boy Who Name-Dropped Him In Court
Tom Hanks Tells Fans Who Bump Rita Wilson To 'Back The F**k Off!'
Headstone With Hidden Profanity Annoys The F Out Of Cemetery
Mike Lindell Fumes Over Cancel Culture After Walmart Drops MyPillow
Kelly Clarkson Responds to Britney Spears’ Criticism By Covering ‘Womanizer’
'Diary Of A Wimpy Kid' Actor Who Killed Mother Also Targeted Justin Trudeau: Court
Police Stopped Active Shooter In Texas Sports Complex Hosting 250 Children And Staff
Ana De Armas Channels Iconic Marilyn Monroe Moments In First Trailer For 'Blonde'
Fox News Analyst: Republicans Will Secretly Be 'Glad' If Jan. 6 Panel Damages Trump
Bipartisan Gun Talks Hung Up Over ‘Boyfriend Loophole’
Michigan Police Officer Who Fatally Shot Patrick Lyoya Is Fired

日本語タイトル:['']
=== エラー内容 ===
type:<class 'IndexError'>
args:('list index out of range',)
e自身:list index out of range
タイトル:Glencore forecasts more than $3.2 billion in interim trading division profit
Exclusive: China firms in advanced talks with Qatar for gas field stakes, LNG offtake
EU backs Ukraine's membership bid to 'live the European dream'
Russian gas to Europe falls short as heatwave drives demand
Once feted for pandemic heroics, world's central banks now face an uneasy crowd
EXCLUSIVE State securities regulators investigating Celsius accounts freeze
WTO strikes global trade deals after 'roller coaster' talks
Trump pressed, threatened Pence to overturn election, panel hears
Morning Bid: Bank of England in a bind
Republican walks out on U.S. gun legislation talks, Democrat remains hopeful
Targa to boost Permian natgas footprint with $3.55 bln Lucid Energy deal
U.S., partners dismantle Russian hacking 'botnet,' Justice Dept says
Investors dump shares on growth fears as Swiss, UK hike rates
Exclusive: U.S. targets Russia with tech to evade censorship of Ukraine news
Google's Russian subsidiary submits bankruptcy declaration, Interfax reports

日本語タイトル:['']
=== エラー内容 ===
type:<class 'IndexError'>
args:('list index out of range',)
e自身:list index out of range
タイトル:Opinion  How a conservative judge's attack on the GOP could shift the debate
White House plan to send gas rebates complicated by chip shortages
Analysis  New email reinforces Trump team saw 'wild' Jan. 6 unrest as leverage
Perspective  Miss Manners: Is it rude to eat away from your guests?
Opinion  Jan. 6 committee has startling new revelations about Pence
A string of climate disasters strike before summer even starts
Keisha Lance Bottoms to join White House as senior Biden adviser
John Eastman says Ginni Thomas invited him to speak on 'election litigation'
Date Lab: She dressed like an 'insurance agent' (because she is one)
Opinion  Cheney and other GOP truth-tellers have a critical role in the midterms
Opinion  Even the 'good' lawyers didn't blow the whistle on Trump. That was wrong.
Here's how the 2022 Top Workplaces were selected
Travis Ford pleads guilty to threatening elections official on Instagram
A first look at plans for the new Union Station in D.C.
Analysis  American democracy hinges on the simplest of issues: Truth

日本語タイトル:['']
=== エラー内容 ===
type:<class 'IndexError'>
args:('list index out of range',)
e自身:list index out of range
タイトル:SpaceX fires staff who wrote letter critical of Elon Musk, reports say
UK approves Julian Assange extradition to the US, faces spying charges
Video: Cruz wanted judge testifying against Trump as SCOTUS justice
John Eastman asked for a 'minor violation' of election law post-riot
Crypto giant Kraken will give employees 4 months pay to leave
Pence hasn't spoken to Trump in a year, refuses to visit: report
China says telescope maybe picked up signals from alien civilization
2 Online Hustles Making $89,000 a Month: Investing Influencer
Elon Musk says would likely vote for Ron DeSantis for president
American Airlines to hike pay for 14,000 pilots amid labor shortage
Coinbase laid off employees by locking them out of work email
Google engineer thinks artificial intelligence bot has become sentient
Video: GOP Rep. claims Capitol rioter he led on tour was taking photo of a light fixture
Macron visits Ukraine, has awkward photo-op with Zelenskyy
Trump: Liz Cheney is going to lose reelection just like Tom Rice

日本語タイトル:['']
=== エラー内容 ===
type:<class 'IndexError'>
args:('list index out of range',)
e自身:list index out of range
タイトル:China launches third, most advanced aircraft carrier named 'Fujian'
Putin lambasts the West and declares the end of 'the era of the unipolar world' International
Opinion: The Fed's latest rate hike will be a disaster for the economy
June 16, 2022 Russia-Ukraine news
New York, Mexico City, Toronto among 16 sites chosen to host 2026 World Cup matches
Fed hikes interest rates by three-quarters of a percentage point in boldest move since 1994
Julian Assange's extradition to US approved by UK government
Vince McMahon steps down as WWE CEO following hush money allegations
5 takeaways from Tuesday's elections in South Carolina, Nevada, Texas, Maine and North Dakota
Suspect admits killing missing pair in Brazilian Amazon, authorities say
8 takeaways from the January 6 hearings day 3
Leaders of Europe's biggest countries on Kyiv mission to smooth tensions
CNN Original Series Ventures to South America In “Patagonia: Life on the Edge of the World” Narrated by Pedro Pascal Press Room
The West just experienced an aspect of the climate crisis that scientists have warned of for years
CNN Business Debuts New Digital Show with Premiere of “Nightcap” Press Room

日本語タイトル:['']
=== エラー内容 ===
type:<class 'IndexError'>
args:('list index out of range',)
e自身:list index out of range
タイトル:EXCLUSIVE TikTok moves U.S. user data to Oracle servers - company
Glencore forecasts more than $3.2 billion in interim trading division profit
Exclusive: China firms in advanced talks with Qatar for gas field stakes, LNG offtake
European stocks close 2.5% lower as central banks hike interest rates
U.S. Treasury yields fall after tumultuous week
Dow sinks 700 points, dropping back below 30,000 to the lowest level in more than a year
Vince McMahon Steps Down As WWE CEO Amid 'Hush Money' Probe; Stephanie McMahon To Serve As Interim Boss
June FOMC Meeting Results: Fed Hikes Rates 75 Basis Points
Elon Musk's Las Vegas Strip Vision Gets Even Bigger
Thursday's trading: 5 things to know
Dow falls 740 points below 30K, housing hits skids, Musk's Twitter meeting: LIVE UPDATES
Best, worst states for working dads in 2022: Report
Opinion  How a conservative judge's attack on the GOP could shift the debate
Analysis  New email reinforces Trump team saw 'wild' Jan. 6 unrest as leverage
Perspective  Miss Manners: Is it rude to eat away from your guests?
SpaceX fires staff who wrote letter critical of Elon Musk, reports say
UK approves Julian Assange extradition to the US, faces spying charges
Video: Aides say Trump called Pence 'P-word' and 'wimp' on Jan. 6 call
Analysis: January 6 committee wrestles with the same unsolvable question about Trump -- how to hold him to account
Putin lambasts the West and declares the end of 'the era of the unipolar world' International
June 16, 2022 Russia-Ukraine news
Inside The ACLU’s Post-Trump Reckoning
My Dad Is Suffering From Parkinson’s And Dementia. I Wish I Could Give Him The Gift Of Death.
Mike Lindell Fumes Over Cancel Culture After Walmart Drops MyPillow
WWE Says CEO Vince McMahon to Step Back During Misconduct Probe
Eni Says Gazprom to Supply 50% of Gas Requested for June 17
Bets on Yen Rally Suggest Dovish BOJ May Finally Capitulate
The Dow Got Crushed -- Here Are 4 Stocks That Survived the Bloodbath - The Motley Fool
5 Stocks Warren Buffett Has Aggressively Sold Since 2022 Began - The Motley Fool
Here's Why I'm Still Bullish on Semiconductors - The Motley Fool

日本語タイトル:['']
=== エラー内容 ===
type:<class 'IndexError'>
args:('list index out of range',)
e自身:list index out of range
タイトル:EXCLUSIVE TikTok moves U.S. user data to Oracle servers - company
Glencore forecasts more than $3.2 billion in interim trading division profit
Exclusive: China firms in advanced talks with Qatar for gas field stakes, LNG offtake
EXCLUSIVE State securities regulators investigating Celsius accounts freeze
EU backs Ukraine's membership bid to 'live the European dream'
Russian gas to Europe falls short as heatwave drives demand
WTO strikes global trade deals after 'roller coaster' talks
Morning Bid: Bank of England in a bind
Trump pressed, threatened Pence to overturn election, panel hears
Oil slumps 5% on recession concerns, U.S. gasoline price drop
ABN Amro shares surge 17% after BNP Paribas bid interest report
Republican walks out on U.S. gun legislation talks, Democrat remains hopeful
U.S., partners dismantle Russian hacking 'botnet,' Justice Dept says
Targa to boost Permian natgas footprint with $3.55 bln Lucid Energy deal
Exclusive: U.S. targets Russia with tech to evade censorship of Ukraine news

日本語タイトル:['']
=== エラー内容 ===
type:<class 'IndexError'>
args:('list index out of range',)
e自身:list index out of range
タイトル:June FOMC Meeting Results: Fed Hikes Rates 75 Basis Points
Elon Musk's Las Vegas Strip Vision Gets Even Bigger
Mortgage Rates Surge The Most In 35 Years As Fed Hikes Hammer Home Buyers
Vince McMahon Steps Down As WWE CEO Amid 'Hush Money' Probe; Stephanie McMahon To Serve As Interim Boss
Revlon Stock Collapses Amid Reports Of Imminent Chapter 11 Bankruptcy Filing
Wharton's Siegel: Now's a Good Time to Buy Stocks
New Data Shows Something Tesla Owners Are Not Going To Like
3 Beaten Down Stocks to Buy Now
3 Stocks Outperforming Amid Market Carnage. Here Are the Charts.
What Does The Bitcoin Crash Mean For Crypto Gaming?
Top 10 Stocks by Searches; One Guess Which is No. 1
The Cities With the Best and Worst Used Cars Deals in America
Apple's 13-inch MacBook Pro With the Speedy M2 Chip is Now on Sale
Netflix Stock Slides As Goldman Lowers Rating To 'Sell', Slashes Price Target
McDonald's Gets More Bad News About a Key Menu Item

日本語タイトル:['']
=== エラー内容 ===
type:<class 'IndexError'>
args:('list index out of range',)
e自身:list index out of range
タイトル:Putin lambasts the West and declares the end of 'the era of the unipolar world' International
Opinion: The Fed's latest rate hike will be a disaster for the economy
Analysis: January 6 committee wrestles with the same unsolvable question about Trump -- how to hold him to account
New York, Mexico City, Toronto among 16 sites chosen to host 2026 World Cup matches
Fed hikes interest rates by three-quarters of a percentage point in boldest move since 1994
Suspect admits killing missing pair in Brazilian Amazon, authorities say
Vince McMahon steps down as WWE CEO following hush money allegations
Julian Assange's extradition to US approved by UK government
5 takeaways from Tuesday's elections in South Carolina, Nevada, Texas, Maine and North Dakota
Leaders of Europe's biggest countries on Kyiv mission to smooth tensions
A suspect is in custody after 2 people were fatally shot at a church near Birmingham, Alabama, police say
The West just experienced an aspect of the climate crisis that scientists have warned of for years
CNN Original Series Ventures to South America In “Patagonia: Life on the Edge of the World” Narrated by Pedro Pascal Press Room
CNN Business Debuts New Digital Show with Premiere of “Nightcap” Press Room
Manufacturing CEOs are worried about a recession

日本語タイトル:['']
=== エラー内容 ===
type:<class 'IndexError'>
args:('list index out of range',)
e自身:list index out of range
タイトル:Inside The ACLU’s Post-Trump Reckoning
Rep. Bennie Thompson Says It's Time For Ginni Thomas To Talk To Jan. 6 Committee
Girlfriend Of Capitol Officer Who Died Sends Icy Message To Jared Kushner And Ivanka Trump
My Dad Is Suffering From Parkinson’s And Dementia. I Wish I Could Give Him The Gift Of Death.
Mike Lindell Fumes Over Cancel Culture After Walmart Drops MyPillow
Stephen Colbert Has A Message For The Proud Boy Who Name-Dropped Him In Court
Headstone With Hidden Profanity Annoys The F Out Of Cemetery
Police Stopped Active Shooter In Texas Sports Complex Hosting 250 Children And Staff
After Defying Trump, GOP Rep. Tom Rice Loses Reelection In South Carolina
Fox News Analyst: Republicans Will Secretly Be 'Glad' If Jan. 6 Panel Damages Trump
Ana De Armas Channels Iconic Marilyn Monroe Moments In First Trailer For 'Blonde'
Kelly Clarkson Responds to Britney Spears’ Criticism By Covering ‘Womanizer’
'Elvis' Star Austin Butler Channels The 'King Of Rock & Roll' On 'The Tonight Show'
Tom Hanks Tells Fans Who Bump Rita Wilson To 'Back The F**k Off!'
William Barr Says Trump Grew 'Detached From Reality' After Losing Election

日本語タイトル:['']
=== エラー内容 ===
type:<class 'IndexError'>
args:('list index out of range',)
e自身:list index out of range
タイトル:EXCLUSIVE TikTok moves U.S. user data to Oracle servers - company
Exclusive: China firms in advanced talks with Qatar for gas field stakes, LNG offtake
EXCLUSIVE State securities regulators investigating Celsius accounts freeze
European stocks close 2.5% lower as central banks hike interest rates
U.S. Treasury yields fall after tumultuous week
Stocks making the biggest moves premarket: JD.com, Roku, Alibaba and more
June FOMC Meeting Results: Fed Hikes Rates 75 Basis Points
Elon Musk's Las Vegas Strip Vision Gets Even Bigger
Mortgage Rates Surge The Most In 35 Years As Fed Hikes Hammer Home Buyers
Thursday's trading: 5 things to know
Dow falls 740 points below 30K, housing hits skids, Musk's Twitter meeting: LIVE UPDATES
Best, worst states for working dads in 2022: Report
Opinion  How a conservative judge's attack on the GOP could shift the debate
Here's how the 2022 Top Workplaces were selected
White House plan to send gas rebates complicated by chip shortages
SpaceX fires staff who wrote letter critical of Elon Musk, reports say
UK approves Julian Assange extradition to the US, faces spying charges
Video: Aides say Trump called Pence 'P-word' and 'wimp' on Jan. 6 call
Analysis: January 6 committee wrestles with the same unsolvable question about Trump -- how to hold him to account
Opinion: The Fed's latest rate hike will be a disaster for the economy
New York, Mexico City, Toronto among 16 sites chosen to host 2026 World Cup matches
Inside The ACLU’s Post-Trump Reckoning
Rep. Bennie Thompson Says It's Time For Ginni Thomas To Talk To Jan. 6 Committee
Girlfriend Of Capitol Officer Who Died Sends Icy Message To Jared Kushner And Ivanka Trump
WWE Says CEO Vince McMahon to Step Back During Misconduct Probe
Eni Says Gazprom to Supply 50% of Gas Requested for June 17
Bets on Yen Rally Suggest Dovish BOJ May Finally Capitulate
The Dow Got Crushed -- Here Are 4 Stocks That Survived the Bloodbath - The Motley Fool
4 Essential Tips for Becoming a Savvy Long-Term Investor - The Motley Fool
65% of Warren Buffett's Portfolio Is Invested in These 4 Stocks - The Motley Fool

日本語タイトル:['']
=== エラー内容 ===
type:<class 'IndexError'>
args:('list index out of range',)
e自身:list index out of range
タイトル:EXCLUSIVE TikTok moves U.S. user data to Oracle servers - company
Exclusive: China firms in advanced talks with Qatar for gas field stakes, LNG offtake
EXCLUSIVE State securities regulators investigating Celsius accounts freeze
EU backs Ukraine's membership bid to 'live the European dream'
EXCLUSIVE China's central bank accepts Ant's application for financial holding company - sources
Once feted for pandemic heroics, world's central banks now face an uneasy crowd
Russian gas to Europe falls short as heatwave drives demand
Glencore forecasts more than $3.2 billion in interim trading division profit
WTO strikes global trade deals after 'roller coaster' talks
Exclusive: Pioneering Russian journalist sells Nobel Peace medal for Ukraine
Internet Explorer gravestone goes viral in South Korea
Morning Bid: Bank of England in a bind
Trump pressed, threatened Pence to overturn election, panel hears
Investors dump shares on growth fears as Swiss, UK hike rates
ABN Amro shares surge 17% after BNP Paribas bid interest report

日本語タイトル:['']
=== エラー内容 ===
type:<class 'IndexError'>
args:('list index out of range',)
e自身:list index out of range
タイトル:European stocks close 2.5% lower as central banks hike interest rates
U.S. Treasury yields fall after tumultuous week
Stocks making the biggest moves premarket: JD.com, Roku, Alibaba and more
Stocks making the biggest moves premarket: Jabil, Commercial Metals, Tesla and more
Buy Dollar General shares as the likelihood of a recession grows, Morgan Stanley says
Japan's Nikkei 225 slides close to 2% in mixed Asia-Pacific trading as investors weigh recession concerns
Dow sinks 700 points, dropping back below 30,000 to the lowest level in more than a year
Position your portfolio for a Fed win and avoid these three market mindsets, Jim Cramer says
Mainland Chinese stocks bounce back even as most Asia markets continue to slide
Bitcoin falls as sell-off in risk assets resumes, trades at levels not seen since 2020
Stocks slip on Friday as the S&P heads for its worst week since March 2020
China's property troubles have pushed one debt indicator above levels seen in the financial crisis
The stock market tends to lose a third of its value heading into recessions, RBC says
This inflation indicator shook the Fed and caused it to get more aggressive
S&P 500 falls 1% as investors gauge chances of economic slowdown

日本語タイトル:['']
=== エラー内容 ===
type:<class 'IndexError'>
args:('list index out of range',)
e自身:list index out of range
タイトル:Vince McMahon Steps Down As WWE CEO Amid 'Hush Money' Probe; Stephanie McMahon To Serve As Interim Boss
June FOMC Meeting Results: Fed Hikes Rates 75 Basis Points
Elon Musk's Las Vegas Strip Vision Gets Even Bigger
McDonald's Gets More Bad News About a Key Menu Item
Mortgage Rates Surge The Most In 35 Years As Fed Hikes Hammer Home Buyers
Revlon Stock Collapses Amid Reports Of Imminent Chapter 11 Bankruptcy Filing
Wharton's Siegel: Now's a Good Time to Buy Stocks
Caterpillar Follows Boeing In Chicago Exit, Moving Global Headquarters To Dallas-Fort Worth
New Data Shows Something Tesla Owners Are Not Going To Like
3 Beaten Down Stocks to Buy Now
3 Stocks Outperforming Amid Market Carnage. Here Are the Charts.
Apple's 13-inch MacBook Pro With the Speedy M2 Chip is Now on Sale
Coinbase and Billionaire Saylor Swept Up in Bitcoin Crash
The Cities With the Best and Worst Used Cars Deals in America
What Does The Bitcoin Crash Mean For Crypto Gaming?

日本語タイトル:['']
=== エラー内容 ===
type:<class 'IndexError'>
args:('list index out of range',)
e自身:list index out of range
タイトル:Michael Avenatti pleads guilty to stealing millions of dollars from clients
Opinion: The Fed's latest rate hike will be a disaster for the economy
Analysis: January 6 committee wrestles with the same unsolvable question about Trump -- how to hold him to account
New York, Mexico City, Toronto among 16 sites chosen to host 2026 World Cup matches
Fed hikes interest rates by three-quarters of a percentage point in boldest move since 1994
Leaders of Europe's biggest countries on Kyiv mission to smooth tensions
Putin lambasts the West and declares the end of 'the era of the unipolar world'
5 takeaways from Tuesday's elections in South Carolina, Nevada, Texas, Maine and North Dakota
Suspect admits killing missing pair in Brazilian Amazon, authorities say
Peter Navarro, former Trump adviser, pleads not guilty to contempt of Congress charges
Vince McMahon steps down as WWE CEO following hush money allegations
Russia's war in Ukraine: Live updates
The West just experienced an aspect of the climate crisis that scientists have warned of for years
CNN Business Debuts New Digital Show with Premiere of “Nightcap” Press Room
January 6 committee has emails between Ginni Thomas and John Eastman

日本語タイトル:['']
=== エラー内容 ===
type:<class 'newspaper.article.ArticleException'>
args:("Article `download()` failed with HTTPSConnectionPool(host='www.bloomberg.com', port=443): Read timed out. (read timeout=7) on URL https://www.bloomberg.com/news/articles/2022-06-15/crypto-altcoins-pop-in-post-fed-rally-that-swept-up-risk-assets",)
e自身:Article `download()` failed with HTTPSConnectionPool(host='www.bloomberg.com', port=443): Read timed out. (read timeout=7) on URL https://www.bloomberg.com/news/articles/2022-06-15/crypto-altcoins-pop-in-post-fed-rally-that-swept-up-risk-assets
=== エラー内容 ===
type:<class 'IndexError'>
args:('list index out of range',)
e自身:list index out of range
タイトル:This Beaten-Down Warehouse REIT Could Be a Takeover Target - The Motley Fool
The Dow Got Crushed -- Here Are 4 Stocks That Survived the Bloodbath - The Motley Fool
65% of Warren Buffett's Portfolio Is Invested in These 4 Stocks - The Motley Fool
4 Essential Tips for Becoming a Savvy Long-Term Investor - The Motley Fool
Worried a Recession Will Hit? Here's How to Gear Up - The Motley Fool
Should You Buy Stocks When the Market Crashes? - The Motley Fool
2 Cheap Tech Stocks to Buy Right Now - The Motley Fool
Will Inflation Stunt This Growth Industry? - The Motley Fool
1 Growth Stock Down 77% to Buy Right Now - The Motley Fool
3 Reasons to Buy This Blue Chip Retail Stock - The Motley Fool
What Investors Need to Know About the Cardano Update - The Motley Fool
1 Key Reason Lemonade Can Make a Comeback - The Motley Fool
Buying REITs? Why You Shouldn't Look at Dividends Alone - The Motley Fool
This Market-Dominating Software Stock Has Strong Long-Term Potential - The Motley Fool
Amazon Stock Split: Why It Matters - The Motley Fool

日本語タイトル:['']
=== エラー内容 ===
type:<class 'IndexError'>
args:('list index out of range',)
e自身:list index out of range
タイトル:EXCLUSIVE TikTok moves U.S. user data to Oracle servers - company
Exclusive: China firms in advanced talks with Qatar for gas field stakes, LNG offtake
Exclusive: Pioneering Russian journalist sells Nobel Peace medal for Ukraine
EXCLUSIVE State securities regulators investigating Celsius accounts freeze
EU backs Ukraine's membership bid to 'live the European dream'
Russian gas to Europe falls short as heatwave drives demand
Glencore forecasts more than $3.2 billion in interim trading division profit
EXCLUSIVE China's central bank accepts Ant's application for financial holding company - sources
Internet Explorer gravestone goes viral in South Korea
Morning Bid: Bank of England in a bind
Trump pressed, threatened Pence to overturn election, panel hears
Our top photos of the week  Pictures
ABN Amro shares surge 17% after BNP Paribas bid interest report
Stocks eye steepest slide since 2020 as central bankers roil markets
WikiLeaks' founder Assange vows to fight extradition from UK to United States UK

日本語タイトル:['']
=== エラー内容 ===
type:<class 'IndexError'>
args:('list index out of range',)
e自身:list index out of range
タイトル:Vince McMahon Steps Down As WWE CEO Amid 'Hush Money' Probe; Stephanie McMahon To Serve As Interim Boss
June FOMC Meeting Results: Fed Hikes Rates 75 Basis Points
Elon Musk's Las Vegas Strip Vision Gets Even Bigger
Mortgage Rates Surge The Most In 35 Years As Fed Hikes Hammer Home Buyers
Revlon Stock Collapses Amid Reports Of Imminent Chapter 11 Bankruptcy Filing
Wharton's Siegel: Now's a Good Time to Buy Stocks
3 Beaten Down Stocks to Buy Now
3 Stocks Outperforming Amid Market Carnage. Here Are the Charts.
Coinbase and Billionaire Saylor Swept Up in Bitcoin Crash
Apple's 13-inch MacBook Pro With the Speedy M2 Chip is Now on Sale
Top 10 Stocks by Searches; One Guess Which is No. 1
What Does The Bitcoin Crash Mean For Crypto Gaming?
The Cities With the Best and Worst Used Cars Deals in America
Tesla Rival Rivian Delivers Bad News
Netflix Stock Slides As Goldman Lowers Rating To 'Sell', Slashes Price Target

日本語タイトル:['']
=== エラー内容 ===
type:<class 'IndexError'>
args:('list index out of range',)
e自身:list index out of range
タイトル:SpaceX fires staff who wrote letter critical of Elon Musk, reports say
UK approves Julian Assange extradition to the US, faces spying charges
Pence advisor says if Pence tossed valid electoral votes it would have been 'a revolution'
John Eastman asked for a 'minor violation' of election law post-riot
Putin Is Winning the War Over Ukraine, Both on and Off the Battlefield
Opening Bell: Tesla Tanks
Pence hasn't spoken to Trump in a year, refuses to visit: report
Macron visits Ukraine, has awkward photo-op with Zelenskyy
Crypto giant Kraken will give employees 4 months pay to leave
China says telescope maybe picked up signals from alien civilization
Warren Buffett, Berkshire buy back $1.3 billion of stock in 6 weeks - Markets Insider
2 Online Hustles Making $89,000 a Month: Investing Influencer
Elon Musk says would likely vote for Ron DeSantis for president
American Airlines to hike pay for 14,000 pilots amid labor shortage
Billionaire Ross says people will return to offices in a recession: BBG

日本語タイトル:['']
=== エラー内容 ===
type:<class 'IndexError'>
args:('list index out of range',)
e自身:list index out of range
タイトル:Opinion: The Fed's latest rate hike will be a disaster for the economy
Analysis: January 6 committee wrestles with the same unsolvable question about Trump -- how to hold him to account
New York, Mexico City, Toronto among 16 sites chosen to host 2026 World Cup matches
Fed hikes interest rates by three-quarters of a percentage point in boldest move since 1994
Putin lambasts the West and declares the end of 'the era of the unipolar world'
5 takeaways from Tuesday's elections in South Carolina, Nevada, Texas, Maine and North Dakota
Vince McMahon steps down as WWE CEO following hush money allegations
Suspect admits killing missing pair in Brazilian Amazon, authorities say
Peter Navarro, former Trump adviser, pleads not guilty to contempt of Congress charges
The West just experienced an aspect of the climate crisis that scientists have warned of for years
CNN Original Series Ventures to South America In “Patagonia: Life on the Edge of the World” Narrated by Pedro Pascal Press Room
CNN Business Debuts New Digital Show with Premiere of “Nightcap” Press Room
Manufacturing CEOs are worried about a recession
One more sign the housing market is cooling off
Michael Avenatti pleads guilty to stealing millions of dollars from clients

日本語タイトル:['']
=== エラー内容 ===
type:<class 'newspaper.article.ArticleException'>
args:("Article `download()` failed with HTTPSConnectionPool(host='www.foxbusiness.com', port=443): Read timed out. (read timeout=7) on URL https://www.foxbusiness.com/markets/5-things-to-know-6-14-22",)
e自身:Article `download()` failed with HTTPSConnectionPool(host='www.foxbusiness.com', port=443): Read timed out. (read timeout=7) on URL https://www.foxbusiness.com/markets/5-things-to-know-6-14-22
=== エラー内容 ===
type:<class 'newspaper.article.ArticleException'>
args:("Article `download()` failed with HTTPSConnectionPool(host='www.foxbusiness.com', port=443): Read timed out. (read timeout=7) on URL https://www.foxbusiness.com/lifestyle/ferrari-killing-gas-powered-engines",)
e自身:Article `download()` failed with HTTPSConnectionPool(host='www.foxbusiness.com', port=443): Read timed out. (read timeout=7) on URL https://www.foxbusiness.com/lifestyle/ferrari-killing-gas-powered-engines
=== エラー内容 ===
type:<class 'newspaper.article.ArticleException'>
args:("Article `download()` failed with HTTPSConnectionPool(host='www.foxbusiness.com', port=443): Read timed out. (read timeout=7) on URL https://www.foxbusiness.com/politics/jean-pierre-drilling-more-us-we-dont-need-that",)
e自身:Article `download()` failed with HTTPSConnectionPool(host='www.foxbusiness.com', port=443): Read timed out. (read timeout=7) on URL https://www.foxbusiness.com/politics/jean-pierre-drilling-more-us-we-dont-need-that
=== エラー内容 ===
type:<class 'newspaper.article.ArticleException'>
args:("Article `download()` failed with HTTPSConnectionPool(host='www.foxbusiness.com', port=443): Read timed out. (read timeout=7) on URL https://www.foxbusiness.com/markets/5-things-to-know-6-14-22",)
e自身:Article `download()` failed with HTTPSConnectionPool(host='www.foxbusiness.com', port=443): Read timed out. (read timeout=7) on URL https://www.foxbusiness.com/markets/5-things-to-know-6-14-22
=== エラー内容 ===
type:<class 'newspaper.article.ArticleException'>
args:("Article `download()` failed with HTTPSConnectionPool(host='www.foxbusiness.com', port=443): Read timed out. (read timeout=7) on URL https://www.foxbusiness.com/markets/5-things-to-know-6-14-22",)
e自身:Article `download()` failed with HTTPSConnectionPool(host='www.foxbusiness.com', port=443): Read timed out. (read timeout=7) on URL https://www.foxbusiness.com/markets/5-things-to-know-6-14-22
=== エラー内容 ===
type:<class 'newspaper.article.ArticleException'>
args:("Article `download()` failed with HTTPSConnectionPool(host='www.foxbusiness.com', port=443): Read timed out. (read timeout=7) on URL https://www.foxbusiness.com/economy/stuart-varney-recession-seems-inevitable",)
e自身:Article `download()` failed with HTTPSConnectionPool(host='www.foxbusiness.com', port=443): Read timed out. (read timeout=7) on URL https://www.foxbusiness.com/economy/stuart-varney-recession-seems-inevitable
=== エラー内容 ===
type:<class 'newspaper.article.ArticleException'>
args:("Article `download()` failed with HTTPSConnectionPool(host='www.foxbusiness.com', port=443): Read timed out. (read timeout=7) on URL https://www.foxbusiness.com/markets/5-things-to-know-6-14-22",)
e自身:Article `download()` failed with HTTPSConnectionPool(host='www.foxbusiness.com', port=443): Read timed out. (read timeout=7) on URL https://www.foxbusiness.com/markets/5-things-to-know-6-14-22
=== エラー内容 ===
type:<class 'FileNotFoundError'>
args:(2, 'No such file or directory')
e自身:[Errno 2] No such file or directory: '/tmp/.newspaper_scraper/article_resources'
=== エラー内容 ===
type:<class 'FileNotFoundError'>
args:(2, 'No such file or directory')
e自身:[Errno 2] No such file or directory: '/tmp/.newspaper_scraper/article_resources'
=== エラー内容 ===
type:<class 'FileNotFoundError'>
args:(2, 'No such file or directory')
e自身:[Errno 2] No such file or directory: '/tmp/.newspaper_scraper/article_resources'
=== エラー内容 ===
type:<class 'FileNotFoundError'>
args:(2, 'No such file or directory')
e自身:[Errno 2] No such file or directory: '/tmp/.newspaper_scraper/article_resources'
=== エラー内容 ===
type:<class 'FileNotFoundError'>
args:(2, 'No such file or directory')
e自身:[Errno 2] No such file or directory: '/tmp/.newspaper_scraper/article_resources'
=== エラー内容 ===
type:<class 'FileNotFoundError'>
args:(2, 'No such file or directory')
e自身:[Errno 2] No such file or directory: '/tmp/.newspaper_scraper/article_resources'
=== エラー内容 ===
type:<class 'FileNotFoundError'>
args:(2, 'No such file or directory')
e自身:[Errno 2] No such file or directory: '/tmp/.newspaper_scraper/article_resources'
=== エラー内容 ===
type:<class 'FileNotFoundError'>
args:(2, 'No such file or directory')
e自身:[Errno 2] No such file or directory: '/tmp/.newspaper_scraper/article_resources'
=== エラー内容 ===
type:<class 'FileNotFoundError'>
args:(2, 'No such file or directory')
e自身:[Errno 2] No such file or directory: '/tmp/.newspaper_scraper/article_resources'
=== エラー内容 ===
type:<class 'FileNotFoundError'>
args:(2, 'No such file or directory')
e自身:[Errno 2] No such file or directory: '/tmp/.newspaper_scraper/article_resources'
=== エラー内容 ===
type:<class 'FileNotFoundError'>
args:(2, 'No such file or directory')
e自身:[Errno 2] No such file or directory: '/tmp/.newspaper_scraper/article_resources'
=== エラー内容 ===
type:<class 'FileNotFoundError'>
args:(2, 'No such file or directory')
e自身:[Errno 2] No such file or directory: '/tmp/.newspaper_scraper/article_resources'
=== エラー内容 ===
type:<class 'FileNotFoundError'>
args:(2, 'No such file or directory')
e自身:[Errno 2] No such file or directory: '/tmp/.newspaper_scraper/article_resources'
=== エラー内容 ===
type:<class 'FileNotFoundError'>
args:(2, 'No such file or directory')
e自身:[Errno 2] No such file or directory: '/tmp/.newspaper_scraper/article_resources'
=== エラー内容 ===
type:<class 'FileNotFoundError'>
args:(2, 'No such file or directory')
e自身:[Errno 2] No such file or directory: '/tmp/.newspaper_scraper/article_resources'
=== エラー内容 ===
type:<class 'FileNotFoundError'>
args:(2, 'No such file or directory')
e自身:[Errno 2] No such file or directory: '/tmp/.newspaper_scraper/article_resources'
=== エラー内容 ===
type:<class 'FileNotFoundError'>
args:(2, 'No such file or directory')
e自身:[Errno 2] No such file or directory: '/tmp/.newspaper_scraper/article_resources'
=== エラー内容 ===
type:<class 'FileNotFoundError'>
args:(2, 'No such file or directory')
e自身:[Errno 2] No such file or directory: '/tmp/.newspaper_scraper/article_resources'
=== エラー内容 ===
type:<class 'FileNotFoundError'>
args:(2, 'No such file or directory')
e自身:[Errno 2] No such file or directory: '/tmp/.newspaper_scraper/article_resources'
=== エラー内容 ===
type:<class 'FileNotFoundError'>
args:(2, 'No such file or directory')
e自身:[Errno 2] No such file or directory: '/tmp/.newspaper_scraper/article_resources'
=== エラー内容 ===
type:<class 'FileNotFoundError'>
args:(2, 'No such file or directory')
e自身:[Errno 2] No such file or directory: '/tmp/.newspaper_scraper/article_resources'
=== エラー内容 ===
type:<class 'FileNotFoundError'>
args:(2, 'No such file or directory')
e自身:[Errno 2] No such file or directory: '/tmp/.newspaper_scraper/article_resources'
=== エラー内容 ===
type:<class 'FileNotFoundError'>
args:(2, 'No such file or directory')
e自身:[Errno 2] No such file or directory: '/tmp/.newspaper_scraper/article_resources'
=== エラー内容 ===
type:<class 'FileNotFoundError'>
args:(2, 'No such file or directory')
e自身:[Errno 2] No such file or directory: '/tmp/.newspaper_scraper/article_resources'
=== エラー内容 ===
type:<class 'FileNotFoundError'>
args:(2, 'No such file or directory')
e自身:[Errno 2] No such file or directory: '/tmp/.newspaper_scraper/article_resources'
=== エラー内容 ===
type:<class 'FileNotFoundError'>
args:(2, 'No such file or directory')
e自身:[Errno 2] No such file or directory: '/tmp/.newspaper_scraper/article_resources'
=== エラー内容 ===
type:<class 'FileNotFoundError'>
args:(2, 'No such file or directory')
e自身:[Errno 2] No such file or directory: '/tmp/.newspaper_scraper/article_resources'
=== エラー内容 ===
type:<class 'FileNotFoundError'>
args:(2, 'No such file or directory')
e自身:[Errno 2] No such file or directory: '/tmp/.newspaper_scraper/article_resources'
=== エラー内容 ===
type:<class 'FileNotFoundError'>
args:(2, 'No such file or directory')
e自身:[Errno 2] No such file or directory: '/tmp/.newspaper_scraper/article_resources'
=== エラー内容 ===
type:<class 'FileNotFoundError'>
args:(2, 'No such file or directory')
e自身:[Errno 2] No such file or directory: '/tmp/.newspaper_scraper/article_resources'
=== エラー内容 ===
type:<class 'FileNotFoundError'>
args:(2, 'No such file or directory')
e自身:[Errno 2] No such file or directory: '/tmp/.newspaper_scraper/article_resources'
=== エラー内容 ===
type:<class 'FileNotFoundError'>
args:(2, 'No such file or directory')
e自身:[Errno 2] No such file or directory: '/tmp/.newspaper_scraper/article_resources'
=== エラー内容 ===
type:<class 'FileNotFoundError'>
args:(2, 'No such file or directory')
e自身:[Errno 2] No such file or directory: '/tmp/.newspaper_scraper/article_resources'
=== エラー内容 ===
type:<class 'FileNotFoundError'>
args:(2, 'No such file or directory')
e自身:[Errno 2] No such file or directory: '/tmp/.newspaper_scraper/article_resources'
=== エラー内容 ===
type:<class 'FileNotFoundError'>
args:(2, 'No such file or directory')
e自身:[Errno 2] No such file or directory: '/tmp/.newspaper_scraper/article_resources'
=== エラー内容 ===
type:<class 'FileNotFoundError'>
args:(2, 'No such file or directory')
e自身:[Errno 2] No such file or directory: '/tmp/.newspaper_scraper/article_resources'
=== エラー内容 ===
type:<class 'FileNotFoundError'>
args:(2, 'No such file or directory')
e自身:[Errno 2] No such file or directory: '/tmp/.newspaper_scraper/article_resources'
=== エラー内容 ===
type:<class 'FileNotFoundError'>
args:(2, 'No such file or directory')
e自身:[Errno 2] No such file or directory: '/tmp/.newspaper_scraper/article_resources'
=== エラー内容 ===
type:<class 'FileNotFoundError'>
args:(2, 'No such file or directory')
e自身:[Errno 2] No such file or directory: '/tmp/.newspaper_scraper/article_resources'
=== エラー内容 ===
type:<class 'FileNotFoundError'>
args:(2, 'No such file or directory')
e自身:[Errno 2] No such file or directory: '/tmp/.newspaper_scraper/article_resources'
=== エラー内容 ===
type:<class 'FileNotFoundError'>
args:(2, 'No such file or directory')
e自身:[Errno 2] No such file or directory: '/tmp/.newspaper_scraper/article_resources'
=== エラー内容 ===
type:<class 'FileNotFoundError'>
args:(2, 'No such file or directory')
e自身:[Errno 2] No such file or directory: '/tmp/.newspaper_scraper/article_resources'
=== エラー内容 ===
type:<class 'FileNotFoundError'>
args:(2, 'No such file or directory')
e自身:[Errno 2] No such file or directory: '/tmp/.newspaper_scraper/article_resources'
=== エラー内容 ===
type:<class 'FileNotFoundError'>
args:(2, 'No such file or directory')
e自身:[Errno 2] No such file or directory: '/tmp/.newspaper_scraper/article_resources'
=== エラー内容 ===
type:<class 'FileNotFoundError'>
args:(2, 'No such file or directory')
e自身:[Errno 2] No such file or directory: '/tmp/.newspaper_scraper/article_resources'
=== エラー内容 ===
type:<class 'FileNotFoundError'>
args:(2, 'No such file or directory')
e自身:[Errno 2] No such file or directory: '/tmp/.newspaper_scraper/article_resources'
=== エラー内容 ===
type:<class 'FileNotFoundError'>
args:(2, 'No such file or directory')
e自身:[Errno 2] No such file or directory: '/tmp/.newspaper_scraper/article_resources'
=== エラー内容 ===
type:<class 'FileNotFoundError'>
args:(2, 'No such file or directory')
e自身:[Errno 2] No such file or directory: '/tmp/.newspaper_scraper/article_resources'
=== エラー内容 ===
type:<class 'FileNotFoundError'>
args:(2, 'No such file or directory')
e自身:[Errno 2] No such file or directory: '/tmp/.newspaper_scraper/article_resources'
=== エラー内容 ===
type:<class 'FileNotFoundError'>
args:(2, 'No such file or directory')
e自身:[Errno 2] No such file or directory: '/tmp/.newspaper_scraper/article_resources'
=== エラー内容 ===
type:<class 'FileNotFoundError'>
args:(2, 'No such file or directory')
e自身:[Errno 2] No such file or directory: '/tmp/.newspaper_scraper/article_resources'
=== エラー内容 ===
type:<class 'FileNotFoundError'>
args:(2, 'No such file or directory')
e自身:[Errno 2] No such file or directory: '/tmp/.newspaper_scraper/article_resources'
=== エラー内容 ===
type:<class 'FileNotFoundError'>
args:(2, 'No such file or directory')
e自身:[Errno 2] No such file or directory: '/tmp/.newspaper_scraper/article_resources'
=== エラー内容 ===
type:<class 'FileNotFoundError'>
args:(2, 'No such file or directory')
e自身:[Errno 2] No such file or directory: '/tmp/.newspaper_scraper/article_resources'
=== エラー内容 ===
type:<class 'FileNotFoundError'>
args:(2, 'No such file or directory')
e自身:[Errno 2] No such file or directory: '/tmp/.newspaper_scraper/article_resources'
=== エラー内容 ===
type:<class 'FileNotFoundError'>
args:(2, 'No such file or directory')
e自身:[Errno 2] No such file or directory: '/tmp/.newspaper_scraper/article_resources'
=== エラー内容 ===
type:<class 'FileNotFoundError'>
args:(2, 'No such file or directory')
e自身:[Errno 2] No such file or directory: '/tmp/.newspaper_scraper/article_resources'
=== エラー内容 ===
type:<class 'FileNotFoundError'>
args:(2, 'No such file or directory')
e自身:[Errno 2] No such file or directory: '/tmp/.newspaper_scraper/article_resources'
=== エラー内容 ===
type:<class 'FileNotFoundError'>
args:(2, 'No such file or directory')
e自身:[Errno 2] No such file or directory: '/tmp/.newspaper_scraper/article_resources'
=== エラー内容 ===
type:<class 'FileNotFoundError'>
args:(2, 'No such file or directory')
e自身:[Errno 2] No such file or directory: '/tmp/.newspaper_scraper/article_resources'
=== エラー内容 ===
type:<class 'FileNotFoundError'>
args:(2, 'No such file or directory')
e自身:[Errno 2] No such file or directory: '/tmp/.newspaper_scraper/article_resources'
=== エラー内容 ===
type:<class 'FileNotFoundError'>
args:(2, 'No such file or directory')
e自身:[Errno 2] No such file or directory: '/tmp/.newspaper_scraper/article_resources'
=== エラー内容 ===
type:<class 'FileNotFoundError'>
args:(2, 'No such file or directory')
e自身:[Errno 2] No such file or directory: '/tmp/.newspaper_scraper/article_resources'
=== エラー内容 ===
type:<class 'FileNotFoundError'>
args:(2, 'No such file or directory')
e自身:[Errno 2] No such file or directory: '/tmp/.newspaper_scraper/article_resources'
=== エラー内容 ===
type:<class 'FileNotFoundError'>
args:(2, 'No such file or directory')
e自身:[Errno 2] No such file or directory: '/tmp/.newspaper_scraper/article_resources'
=== エラー内容 ===
type:<class 'FileNotFoundError'>
args:(2, 'No such file or directory')
e自身:[Errno 2] No such file or directory: '/tmp/.newspaper_scraper/article_resources'
=== エラー内容 ===
type:<class 'FileNotFoundError'>
args:(2, 'No such file or directory')
e自身:[Errno 2] No such file or directory: '/tmp/.newspaper_scraper/article_resources'
=== エラー内容 ===
type:<class 'FileNotFoundError'>
args:(2, 'No such file or directory')
e自身:[Errno 2] No such file or directory: '/tmp/.newspaper_scraper/article_resources'
=== エラー内容 ===
type:<class 'FileNotFoundError'>
args:(2, 'No such file or directory')
e自身:[Errno 2] No such file or directory: '/tmp/.newspaper_scraper/article_resources'
=== エラー内容 ===
type:<class 'FileNotFoundError'>
args:(2, 'No such file or directory')
e自身:[Errno 2] No such file or directory: '/tmp/.newspaper_scraper/article_resources'
=== エラー内容 ===
type:<class 'FileNotFoundError'>
args:(2, 'No such file or directory')
e自身:[Errno 2] No such file or directory: '/tmp/.newspaper_scraper/article_resources'
=== エラー内容 ===
type:<class 'FileNotFoundError'>
args:(2, 'No such file or directory')
e自身:[Errno 2] No such file or directory: '/tmp/.newspaper_scraper/article_resources'
=== エラー内容 ===
type:<class 'FileNotFoundError'>
args:(2, 'No such file or directory')
e自身:[Errno 2] No such file or directory: '/tmp/.newspaper_scraper/article_resources'
=== エラー内容 ===
type:<class 'FileNotFoundError'>
args:(2, 'No such file or directory')
e自身:[Errno 2] No such file or directory: '/tmp/.newspaper_scraper/article_resources'
=== エラー内容 ===
type:<class 'FileNotFoundError'>
args:(2, 'No such file or directory')
e自身:[Errno 2] No such file or directory: '/tmp/.newspaper_scraper/article_resources'
=== エラー内容 ===
type:<class 'FileNotFoundError'>
args:(2, 'No such file or directory')
e自身:[Errno 2] No such file or directory: '/tmp/.newspaper_scraper/article_resources'
=== エラー内容 ===
type:<class 'FileNotFoundError'>
args:(2, 'No such file or directory')
e自身:[Errno 2] No such file or directory: '/tmp/.newspaper_scraper/article_resources'
=== エラー内容 ===
type:<class 'FileNotFoundError'>
args:(2, 'No such file or directory')
e自身:[Errno 2] No such file or directory: '/tmp/.newspaper_scraper/article_resources'
=== エラー内容 ===
type:<class 'FileNotFoundError'>
args:(2, 'No such file or directory')
e自身:[Errno 2] No such file or directory: '/tmp/.newspaper_scraper/article_resources'
=== エラー内容 ===
type:<class 'FileNotFoundError'>
args:(2, 'No such file or directory')
e自身:[Errno 2] No such file or directory: '/tmp/.newspaper_scraper/article_resources'
=== エラー内容 ===
type:<class 'FileNotFoundError'>
args:(2, 'No such file or directory')
e自身:[Errno 2] No such file or directory: '/tmp/.newspaper_scraper/article_resources'
=== エラー内容 ===
type:<class 'FileNotFoundError'>
args:(2, 'No such file or directory')
e自身:[Errno 2] No such file or directory: '/tmp/.newspaper_scraper/article_resources'
=== エラー内容 ===
type:<class 'FileNotFoundError'>
args:(2, 'No such file or directory')
e自身:[Errno 2] No such file or directory: '/tmp/.newspaper_scraper/article_resources'
=== エラー内容 ===
type:<class 'FileNotFoundError'>
args:(2, 'No such file or directory')
e自身:[Errno 2] No such file or directory: '/tmp/.newspaper_scraper/article_resources'
=== エラー内容 ===
type:<class 'FileNotFoundError'>
args:(2, 'No such file or directory')
e自身:[Errno 2] No such file or directory: '/tmp/.newspaper_scraper/article_resources'
=== エラー内容 ===
type:<class 'FileNotFoundError'>
args:(2, 'No such file or directory')
e自身:[Errno 2] No such file or directory: '/tmp/.newspaper_scraper/article_resources'
=== エラー内容 ===
type:<class 'FileNotFoundError'>
args:(2, 'No such file or directory')
e自身:[Errno 2] No such file or directory: '/tmp/.newspaper_scraper/article_resources'
=== エラー内容 ===
type:<class 'FileNotFoundError'>
args:(2, 'No such file or directory')
e自身:[Errno 2] No such file or directory: '/tmp/.newspaper_scraper/article_resources'
=== エラー内容 ===
type:<class 'FileNotFoundError'>
args:(2, 'No such file or directory')
e自身:[Errno 2] No such file or directory: '/tmp/.newspaper_scraper/article_resources'
=== エラー内容 ===
type:<class 'FileNotFoundError'>
args:(2, 'No such file or directory')
e自身:[Errno 2] No such file or directory: '/tmp/.newspaper_scraper/article_resources'
=== エラー内容 ===
type:<class 'FileNotFoundError'>
args:(2, 'No such file or directory')
e自身:[Errno 2] No such file or directory: '/tmp/.newspaper_scraper/article_resources'
=== エラー内容 ===
type:<class 'FileNotFoundError'>
args:(2, 'No such file or directory')
e自身:[Errno 2] No such file or directory: '/tmp/.newspaper_scraper/article_resources'
=== エラー内容 ===
type:<class 'FileNotFoundError'>
args:(2, 'No such file or directory')
e自身:[Errno 2] No such file or directory: '/tmp/.newspaper_scraper/article_resources'
=== エラー内容 ===
type:<class 'FileNotFoundError'>
args:(2, 'No such file or directory')
e自身:[Errno 2] No such file or directory: '/tmp/.newspaper_scraper/article_resources'
=== エラー内容 ===
type:<class 'FileNotFoundError'>
args:(2, 'No such file or directory')
e自身:[Errno 2] No such file or directory: '/tmp/.newspaper_scraper/article_resources'
=== エラー内容 ===
type:<class 'FileNotFoundError'>
args:(2, 'No such file or directory')
e自身:[Errno 2] No such file or directory: '/tmp/.newspaper_scraper/article_resources'
=== エラー内容 ===
type:<class 'FileNotFoundError'>
args:(2, 'No such file or directory')
e自身:[Errno 2] No such file or directory: '/tmp/.newspaper_scraper/article_resources'
=== エラー内容 ===
type:<class 'FileNotFoundError'>
args:(2, 'No such file or directory')
e自身:[Errno 2] No such file or directory: '/tmp/.newspaper_scraper/article_resources'
=== エラー内容 ===
type:<class 'FileNotFoundError'>
args:(2, 'No such file or directory')
e自身:[Errno 2] No such file or directory: '/tmp/.newspaper_scraper/article_resources'
=== エラー内容 ===
type:<class 'FileNotFoundError'>
args:(2, 'No such file or directory')
e自身:[Errno 2] No such file or directory: '/tmp/.newspaper_scraper/article_resources'
=== エラー内容 ===
type:<class 'FileNotFoundError'>
args:(2, 'No such file or directory')
e自身:[Errno 2] No such file or directory: '/tmp/.newspaper_scraper/article_resources'
=== エラー内容 ===
type:<class 'FileNotFoundError'>
args:(2, 'No such file or directory')
e自身:[Errno 2] No such file or directory: '/tmp/.newspaper_scraper/article_resources'
=== エラー内容 ===
type:<class 'FileNotFoundError'>
args:(2, 'No such file or directory')
e自身:[Errno 2] No such file or directory: '/tmp/.newspaper_scraper/article_resources'
=== エラー内容 ===
type:<class 'FileNotFoundError'>
args:(2, 'No such file or directory')
e自身:[Errno 2] No such file or directory: '/tmp/.newspaper_scraper/article_resources'
=== エラー内容 ===
type:<class 'FileNotFoundError'>
args:(2, 'No such file or directory')
e自身:[Errno 2] No such file or directory: '/tmp/.newspaper_scraper/article_resources'
=== エラー内容 ===
type:<class 'FileNotFoundError'>
args:(2, 'No such file or directory')
e自身:[Errno 2] No such file or directory: '/tmp/.newspaper_scraper/article_resources'
=== エラー内容 ===
type:<class 'FileNotFoundError'>
args:(2, 'No such file or directory')
e自身:[Errno 2] No such file or directory: '/tmp/.newspaper_scraper/article_resources'
=== エラー内容 ===
type:<class 'FileNotFoundError'>
args:(2, 'No such file or directory')
e自身:[Errno 2] No such file or directory: '/tmp/.newspaper_scraper/article_resources'
=== エラー内容 ===
type:<class 'FileNotFoundError'>
args:(2, 'No such file or directory')
e自身:[Errno 2] No such file or directory: '/tmp/.newspaper_scraper/article_resources'
=== エラー内容 ===
type:<class 'FileNotFoundError'>
args:(2, 'No such file or directory')
e自身:[Errno 2] No such file or directory: '/tmp/.newspaper_scraper/article_resources'
=== エラー内容 ===
type:<class 'FileNotFoundError'>
args:(2, 'No such file or directory')
e自身:[Errno 2] No such file or directory: '/tmp/.newspaper_scraper/article_resources'
=== エラー内容 ===
type:<class 'FileNotFoundError'>
args:(2, 'No such file or directory')
e自身:[Errno 2] No such file or directory: '/tmp/.newspaper_scraper/article_resources'
=== エラー内容 ===
type:<class 'FileNotFoundError'>
args:(2, 'No such file or directory')
e自身:[Errno 2] No such file or directory: '/tmp/.newspaper_scraper/article_resources'
=== エラー内容 ===
type:<class 'FileNotFoundError'>
args:(2, 'No such file or directory')
e自身:[Errno 2] No such file or directory: '/tmp/.newspaper_scraper/article_resources'
=== エラー内容 ===
type:<class 'FileNotFoundError'>
args:(2, 'No such file or directory')
e自身:[Errno 2] No such file or directory: '/tmp/.newspaper_scraper/article_resources'
=== エラー内容 ===
type:<class 'FileNotFoundError'>
args:(2, 'No such file or directory')
e自身:[Errno 2] No such file or directory: '/tmp/.newspaper_scraper/article_resources'
=== エラー内容 ===
type:<class 'FileNotFoundError'>
args:(2, 'No such file or directory')
e自身:[Errno 2] No such file or directory: '/tmp/.newspaper_scraper/article_resources'
=== エラー内容 ===
type:<class 'FileNotFoundError'>
args:(2, 'No such file or directory')
e自身:[Errno 2] No such file or directory: '/tmp/.newspaper_scraper/article_resources'
=== エラー内容 ===
type:<class 'FileNotFoundError'>
args:(2, 'No such file or directory')
e自身:[Errno 2] No such file or directory: '/tmp/.newspaper_scraper/article_resources'
=== エラー内容 ===
type:<class 'FileNotFoundError'>
args:(2, 'No such file or directory')
e自身:[Errno 2] No such file or directory: '/tmp/.newspaper_scraper/article_resources'
=== エラー内容 ===
type:<class 'FileNotFoundError'>
args:(2, 'No such file or directory')
e自身:[Errno 2] No such file or directory: '/tmp/.newspaper_scraper/article_resources'
=== エラー内容 ===
type:<class 'FileNotFoundError'>
args:(2, 'No such file or directory')
e自身:[Errno 2] No such file or directory: '/tmp/.newspaper_scraper/article_resources'
=== エラー内容 ===
type:<class 'FileNotFoundError'>
args:(2, 'No such file or directory')
e自身:[Errno 2] No such file or directory: '/tmp/.newspaper_scraper/article_resources'
=== エラー内容 ===
type:<class 'FileNotFoundError'>
args:(2, 'No such file or directory')
e自身:[Errno 2] No such file or directory: '/tmp/.newspaper_scraper/article_resources'
=== エラー内容 ===
type:<class 'FileNotFoundError'>
args:(2, 'No such file or directory')
e自身:[Errno 2] No such file or directory: '/tmp/.newspaper_scraper/article_resources'
=== エラー内容 ===
type:<class 'FileNotFoundError'>
args:(2, 'No such file or directory')
e自身:[Errno 2] No such file or directory: '/tmp/.newspaper_scraper/article_resources'
=== エラー内容 ===
type:<class 'FileNotFoundError'>
args:(2, 'No such file or directory')
e自身:[Errno 2] No such file or directory: '/tmp/.newspaper_scraper/article_resources'
=== エラー内容 ===
type:<class 'FileNotFoundError'>
args:(2, 'No such file or directory')
e自身:[Errno 2] No such file or directory: '/tmp/.newspaper_scraper/article_resources'
=== エラー内容 ===
type:<class 'FileNotFoundError'>
args:(2, 'No such file or directory')
e自身:[Errno 2] No such file or directory: '/tmp/.newspaper_scraper/article_resources'
=== エラー内容 ===
type:<class 'FileNotFoundError'>
args:(2, 'No such file or directory')
e自身:[Errno 2] No such file or directory: '/tmp/.newspaper_scraper/article_resources'
=== エラー内容 ===
type:<class 'FileNotFoundError'>
args:(2, 'No such file or directory')
e自身:[Errno 2] No such file or directory: '/tmp/.newspaper_scraper/article_resources'
=== エラー内容 ===
type:<class 'FileNotFoundError'>
args:(2, 'No such file or directory')
e自身:[Errno 2] No such file or directory: '/tmp/.newspaper_scraper/article_resources'
=== エラー内容 ===
type:<class 'FileNotFoundError'>
args:(2, 'No such file or directory')
e自身:[Errno 2] No such file or directory: '/tmp/.newspaper_scraper/article_resources'
=== エラー内容 ===
type:<class 'FileNotFoundError'>
args:(2, 'No such file or directory')
e自身:[Errno 2] No such file or directory: '/tmp/.newspaper_scraper/article_resources'
=== エラー内容 ===
type:<class 'FileNotFoundError'>
args:(2, 'No such file or directory')
e自身:[Errno 2] No such file or directory: '/tmp/.newspaper_scraper/article_resources'
=== エラー内容 ===
type:<class 'FileNotFoundError'>
args:(2, 'No such file or directory')
e自身:[Errno 2] No such file or directory: '/tmp/.newspaper_scraper/article_resources'
=== エラー内容 ===
type:<class 'FileNotFoundError'>
args:(2, 'No such file or directory')
e自身:[Errno 2] No such file or directory: '/tmp/.newspaper_scraper/article_resources'
=== エラー内容 ===
type:<class 'FileNotFoundError'>
args:(2, 'No such file or directory')
e自身:[Errno 2] No such file or directory: '/tmp/.newspaper_scraper/article_resources'
=== エラー内容 ===
type:<class 'FileNotFoundError'>
args:(2, 'No such file or directory')
e自身:[Errno 2] No such file or directory: '/tmp/.newspaper_scraper/article_resources'
=== エラー内容 ===
type:<class 'FileNotFoundError'>
args:(2, 'No such file or directory')
e自身:[Errno 2] No such file or directory: '/tmp/.newspaper_scraper/article_resources'
=== エラー内容 ===
type:<class 'FileNotFoundError'>
args:(2, 'No such file or directory')
e自身:[Errno 2] No such file or directory: '/tmp/.newspaper_scraper/article_resources'
=== エラー内容 ===
type:<class 'FileNotFoundError'>
args:(2, 'No such file or directory')
e自身:[Errno 2] No such file or directory: '/tmp/.newspaper_scraper/article_resources'
=== エラー内容 ===
type:<class 'FileNotFoundError'>
args:(2, 'No such file or directory')
e自身:[Errno 2] No such file or directory: '/tmp/.newspaper_scraper/article_resources'
=== エラー内容 ===
type:<class 'FileNotFoundError'>
args:(2, 'No such file or directory')
e自身:[Errno 2] No such file or directory: '/tmp/.newspaper_scraper/article_resources'
=== エラー内容 ===
type:<class 'FileNotFoundError'>
args:(2, 'No such file or directory')
e自身:[Errno 2] No such file or directory: '/tmp/.newspaper_scraper/article_resources'
=== エラー内容 ===
type:<class 'FileNotFoundError'>
args:(2, 'No such file or directory')
e自身:[Errno 2] No such file or directory: '/tmp/.newspaper_scraper/article_resources'
=== エラー内容 ===
type:<class 'FileNotFoundError'>
args:(2, 'No such file or directory')
e自身:[Errno 2] No such file or directory: '/tmp/.newspaper_scraper/article_resources'
=== エラー内容 ===
type:<class 'FileNotFoundError'>
args:(2, 'No such file or directory')
e自身:[Errno 2] No such file or directory: '/tmp/.newspaper_scraper/article_resources'
=== エラー内容 ===
type:<class 'FileNotFoundError'>
args:(2, 'No such file or directory')
e自身:[Errno 2] No such file or directory: '/tmp/.newspaper_scraper/article_resources'
=== エラー内容 ===
type:<class 'FileNotFoundError'>
args:(2, 'No such file or directory')
e自身:[Errno 2] No such file or directory: '/tmp/.newspaper_scraper/article_resources'
=== エラー内容 ===
type:<class 'FileNotFoundError'>
args:(2, 'No such file or directory')
e自身:[Errno 2] No such file or directory: '/tmp/.newspaper_scraper/article_resources'
=== エラー内容 ===
type:<class 'FileNotFoundError'>
args:(2, 'No such file or directory')
e自身:[Errno 2] No such file or directory: '/tmp/.newspaper_scraper/article_resources'
=== エラー内容 ===
type:<class 'FileNotFoundError'>
args:(2, 'No such file or directory')
e自身:[Errno 2] No such file or directory: '/tmp/.newspaper_scraper/article_resources'
=== エラー内容 ===
type:<class 'FileNotFoundError'>
args:(2, 'No such file or directory')
e自身:[Errno 2] No such file or directory: '/tmp/.newspaper_scraper/article_resources'
=== エラー内容 ===
type:<class 'FileNotFoundError'>
args:(2, 'No such file or directory')
e自身:[Errno 2] No such file or directory: '/tmp/.newspaper_scraper/article_resources'
=== エラー内容 ===
type:<class 'FileNotFoundError'>
args:(2, 'No such file or directory')
e自身:[Errno 2] No such file or directory: '/tmp/.newspaper_scraper/article_resources'
=== エラー内容 ===
type:<class 'FileNotFoundError'>
args:(2, 'No such file or directory')
e自身:[Errno 2] No such file or directory: '/tmp/.newspaper_scraper/article_resources'
=== エラー内容 ===
type:<class 'FileNotFoundError'>
args:(2, 'No such file or directory')
e自身:[Errno 2] No such file or directory: '/tmp/.newspaper_scraper/article_resources'
=== エラー内容 ===
type:<class 'FileNotFoundError'>
args:(2, 'No such file or directory')
e自身:[Errno 2] No such file or directory: '/tmp/.newspaper_scraper/article_resources'
=== エラー内容 ===
type:<class 'FileNotFoundError'>
args:(2, 'No such file or directory')
e自身:[Errno 2] No such file or directory: '/tmp/.newspaper_scraper/article_resources'
=== エラー内容 ===
type:<class 'FileNotFoundError'>
args:(2, 'No such file or directory')
e自身:[Errno 2] No such file or directory: '/tmp/.newspaper_scraper/article_resources'
=== エラー内容 ===
type:<class 'FileNotFoundError'>
args:(2, 'No such file or directory')
e自身:[Errno 2] No such file or directory: '/tmp/.newspaper_scraper/article_resources'
=== エラー内容 ===
type:<class 'FileNotFoundError'>
args:(2, 'No such file or directory')
e自身:[Errno 2] No such file or directory: '/tmp/.newspaper_scraper/article_resources'
=== エラー内容 ===
type:<class 'FileNotFoundError'>
args:(2, 'No such file or directory')
e自身:[Errno 2] No such file or directory: '/tmp/.newspaper_scraper/article_resources'
=== エラー内容 ===
type:<class 'FileNotFoundError'>
args:(2, 'No such file or directory')
e自身:[Errno 2] No such file or directory: '/tmp/.newspaper_scraper/article_resources'
=== エラー内容 ===
type:<class 'FileNotFoundError'>
args:(2, 'No such file or directory')
e自身:[Errno 2] No such file or directory: '/tmp/.newspaper_scraper/article_resources'
=== エラー内容 ===
type:<class 'FileNotFoundError'>
args:(2, 'No such file or directory')
e自身:[Errno 2] No such file or directory: '/tmp/.newspaper_scraper/article_resources'
=== エラー内容 ===
type:<class 'FileNotFoundError'>
args:(2, 'No such file or directory')
e自身:[Errno 2] No such file or directory: '/tmp/.newspaper_scraper/article_resources'
=== エラー内容 ===
type:<class 'FileNotFoundError'>
args:(2, 'No such file or directory')
e自身:[Errno 2] No such file or directory: '/tmp/.newspaper_scraper/article_resources'
=== エラー内容 ===
type:<class 'FileNotFoundError'>
args:(2, 'No such file or directory')
e自身:[Errno 2] No such file or directory: '/tmp/.newspaper_scraper/article_resources'
=== エラー内容 ===
type:<class 'FileNotFoundError'>
args:(2, 'No such file or directory')
e自身:[Errno 2] No such file or directory: '/tmp/.newspaper_scraper/article_resources'
=== エラー内容 ===
type:<class 'FileNotFoundError'>
args:(2, 'No such file or directory')
e自身:[Errno 2] No such file or directory: '/tmp/.newspaper_scraper/article_resources'
=== エラー内容 ===
type:<class 'FileNotFoundError'>
args:(2, 'No such file or directory')
e自身:[Errno 2] No such file or directory: '/tmp/.newspaper_scraper/article_resources'
=== エラー内容 ===
type:<class 'FileNotFoundError'>
args:(2, 'No such file or directory')
e自身:[Errno 2] No such file or directory: '/tmp/.newspaper_scraper/article_resources'
=== エラー内容 ===
type:<class 'FileNotFoundError'>
args:(2, 'No such file or directory')
e自身:[Errno 2] No such file or directory: '/tmp/.newspaper_scraper/article_resources'
=== エラー内容 ===
type:<class 'FileNotFoundError'>
args:(2, 'No such file or directory')
e自身:[Errno 2] No such file or directory: '/tmp/.newspaper_scraper/article_resources'
=== エラー内容 ===
type:<class 'FileNotFoundError'>
args:(2, 'No such file or directory')
e自身:[Errno 2] No such file or directory: '/tmp/.newspaper_scraper/article_resources'
=== エラー内容 ===
type:<class 'FileNotFoundError'>
args:(2, 'No such file or directory')
e自身:[Errno 2] No such file or directory: '/tmp/.newspaper_scraper/article_resources'
=== エラー内容 ===
type:<class 'FileNotFoundError'>
args:(2, 'No such file or directory')
e自身:[Errno 2] No such file or directory: '/tmp/.newspaper_scraper/article_resources'
=== エラー内容 ===
type:<class 'FileNotFoundError'>
args:(2, 'No such file or directory')
e自身:[Errno 2] No such file or directory: '/tmp/.newspaper_scraper/article_resources'
=== エラー内容 ===
type:<class 'FileNotFoundError'>
args:(2, 'No such file or directory')
e自身:[Errno 2] No such file or directory: '/tmp/.newspaper_scraper/article_resources'
=== エラー内容 ===
type:<class 'FileNotFoundError'>
args:(2, 'No such file or directory')
e自身:[Errno 2] No such file or directory: '/tmp/.newspaper_scraper/article_resources'
=== エラー内容 ===
type:<class 'newspaper.article.ArticleException'>
args:("Article `download()` failed with HTTPSConnectionPool(host='www.foxbusiness.com', port=443): Read timed out. (read timeout=7) on URL https://www.foxbusiness.com/markets/5-things-to-know-6-14-22",)
e自身:Article `download()` failed with HTTPSConnectionPool(host='www.foxbusiness.com', port=443): Read timed out. (read timeout=7) on URL https://www.foxbusiness.com/markets/5-things-to-know-6-14-22
=== エラー内容 ===
type:<class 'newspaper.article.ArticleException'>
args:("Article `download()` failed with HTTPSConnectionPool(host='www.foxbusiness.com', port=443): Read timed out. (read timeout=7) on URL https://www.foxbusiness.com/markets/5-things-to-know-6-14-22",)
e自身:Article `download()` failed with HTTPSConnectionPool(host='www.foxbusiness.com', port=443): Read timed out. (read timeout=7) on URL https://www.foxbusiness.com/markets/5-things-to-know-6-14-22
=== エラー内容 ===
type:<class 'newspaper.article.ArticleException'>
args:("Article `download()` failed with HTTPSConnectionPool(host='www.foxbusiness.com', port=443): Read timed out. (read timeout=7) on URL https://www.foxbusiness.com/markets/5-things-to-know-6-14-22",)
e自身:Article `download()` failed with HTTPSConnectionPool(host='www.foxbusiness.com', port=443): Read timed out. (read timeout=7) on URL https://www.foxbusiness.com/markets/5-things-to-know-6-14-22
=== エラー内容 ===
type:<class 'newspaper.article.ArticleException'>
args:("Article `download()` failed with HTTPSConnectionPool(host='www.foxbusiness.com', port=443): Read timed out. (read timeout=7) on URL https://www.foxbusiness.com/markets/5-things-to-know-6-14-22",)
e自身:Article `download()` failed with HTTPSConnectionPool(host='www.foxbusiness.com', port=443): Read timed out. (read timeout=7) on URL https://www.foxbusiness.com/markets/5-things-to-know-6-14-22
=== エラー内容 ===
type:<class 'newspaper.article.ArticleException'>
args:("Article `download()` failed with HTTPSConnectionPool(host='www.foxbusiness.com', port=443): Read timed out. (read timeout=7) on URL https://www.foxbusiness.com/markets/5-things-to-know-6-14-22",)
e自身:Article `download()` failed with HTTPSConnectionPool(host='www.foxbusiness.com', port=443): Read timed out. (read timeout=7) on URL https://www.foxbusiness.com/markets/5-things-to-know-6-14-22
=== エラー内容 ===
type:<class 'newspaper.article.ArticleException'>
args:("Article `download()` failed with HTTPSConnectionPool(host='www.foxbusiness.com', port=443): Read timed out. (read timeout=7) on URL https://www.foxbusiness.com/markets/5-things-to-know-6-14-22",)
e自身:Article `download()` failed with HTTPSConnectionPool(host='www.foxbusiness.com', port=443): Read timed out. (read timeout=7) on URL https://www.foxbusiness.com/markets/5-things-to-know-6-14-22
=== エラー内容 ===
type:<class 'newspaper.article.ArticleException'>
args:("Article `download()` failed with HTTPSConnectionPool(host='www.reuters.com', port=443): Read timed out. (read timeout=7) on URL https://www.reuters.com/markets/commodities/germany-announces-fresh-measures-cut-gas-consumption-2022-06-19/",)
e自身:Article `download()` failed with HTTPSConnectionPool(host='www.reuters.com', port=443): Read timed out. (read timeout=7) on URL https://www.reuters.com/markets/commodities/germany-announces-fresh-measures-cut-gas-consumption-2022-06-19/
=== エラー内容 ===
type:<class 'newspaper.article.ArticleException'>
args:("Article `download()` failed with HTTPSConnectionPool(host='www.foxbusiness.com', port=443): Read timed out. (read timeout=7) on URL https://www.foxbusiness.com/markets/5-things-to-know-6-14-22",)
e自身:Article `download()` failed with HTTPSConnectionPool(host='www.foxbusiness.com', port=443): Read timed out. (read timeout=7) on URL https://www.foxbusiness.com/markets/5-things-to-know-6-14-22
=== エラー内容 ===
type:<class 'newspaper.article.ArticleException'>
args:("Article `download()` failed with HTTPSConnectionPool(host='www.foxbusiness.com', port=443): Read timed out. (read timeout=7) on URL https://www.foxbusiness.com/markets/5-things-to-know-6-14-22",)
e自身:Article `download()` failed with HTTPSConnectionPool(host='www.foxbusiness.com', port=443): Read timed out. (read timeout=7) on URL https://www.foxbusiness.com/markets/5-things-to-know-6-14-22
=== エラー内容 ===
type:<class 'newspaper.article.ArticleException'>
args:("Article `download()` failed with HTTPSConnectionPool(host='www.foxbusiness.com', port=443): Read timed out. (read timeout=7) on URL https://www.foxbusiness.com/markets/5-things-to-know-6-14-22",)
e自身:Article `download()` failed with HTTPSConnectionPool(host='www.foxbusiness.com', port=443): Read timed out. (read timeout=7) on URL https://www.foxbusiness.com/markets/5-things-to-know-6-14-22
=== エラー内容 ===
type:<class 'newspaper.article.ArticleException'>
args:("Article `download()` failed with HTTPSConnectionPool(host='www.cnbc.com', port=443): Read timed out. (read timeout=7) on URL https://www.cnbc.com/2022/06/20/stock-market-news-futures-open-to-close.html",)
e自身:Article `download()` failed with HTTPSConnectionPool(host='www.cnbc.com', port=443): Read timed out. (read timeout=7) on URL https://www.cnbc.com/2022/06/20/stock-market-news-futures-open-to-close.html
=== エラー内容 ===
type:<class 'newspaper.article.ArticleException'>
args:("Article `download()` failed with HTTPSConnectionPool(host='www.foxbusiness.com', port=443): Read timed out. (read timeout=7) on URL https://www.foxbusiness.com/markets/5-things-to-know-6-14-22",)
e自身:Article `download()` failed with HTTPSConnectionPool(host='www.foxbusiness.com', port=443): Read timed out. (read timeout=7) on URL https://www.foxbusiness.com/markets/5-things-to-know-6-14-22
=== エラー内容 ===
type:<class 'newspaper.article.ArticleException'>
args:("Article `download()` failed with HTTPSConnectionPool(host='www.foxbusiness.com', port=443): Read timed out. (read timeout=7) on URL https://www.foxbusiness.com/markets/5-things-to-know-6-14-22",)
e自身:Article `download()` failed with HTTPSConnectionPool(host='www.foxbusiness.com', port=443): Read timed out. (read timeout=7) on URL https://www.foxbusiness.com/markets/5-things-to-know-6-14-22
=== エラー内容 ===
type:<class 'newspaper.article.ArticleException'>
args:("Article `download()` failed with HTTPSConnectionPool(host='www.bloomberg.com', port=443): Read timed out. (read timeout=7) on URL https://www.bloomberg.com/news/articles/2022-06-21/germany-warns-of-difficulty-in-capping-the-price-of-russian-oil",)
e自身:Article `download()` failed with HTTPSConnectionPool(host='www.bloomberg.com', port=443): Read timed out. (read timeout=7) on URL https://www.bloomberg.com/news/articles/2022-06-21/germany-warns-of-difficulty-in-capping-the-price-of-russian-oil
=== エラー内容 ===
type:<class 'newspaper.article.ArticleException'>
args:("Article `download()` failed with HTTPSConnectionPool(host='www.bloomberg.com', port=443): Read timed out. (read timeout=7) on URL https://www.bloomberg.com/news/articles/2022-06-20/jpmorgan-strategists-see-equity-stress-easing-in-second-half",)
e自身:Article `download()` failed with HTTPSConnectionPool(host='www.bloomberg.com', port=443): Read timed out. (read timeout=7) on URL https://www.bloomberg.com/news/articles/2022-06-20/jpmorgan-strategists-see-equity-stress-easing-in-second-half
=== エラー内容 ===
type:<class 'newspaper.article.ArticleException'>
args:("Article `download()` failed with HTTPSConnectionPool(host='www.bloomberg.com', port=443): Read timed out. (read timeout=7) on URL https://www.bloomberg.com/news/articles/2022-06-20/textor-is-said-to-be-nearing-deal-for-french-football-club-lyon",)
e自身:Article `download()` failed with HTTPSConnectionPool(host='www.bloomberg.com', port=443): Read timed out. (read timeout=7) on URL https://www.bloomberg.com/news/articles/2022-06-20/textor-is-said-to-be-nearing-deal-for-french-football-club-lyon
=== エラー内容 ===
type:<class 'newspaper.article.ArticleException'>
args:("Article `download()` failed with HTTPSConnectionPool(host='www.fool.com', port=443): Read timed out. (read timeout=7) on URL https://www.fool.com/investing/2022/06/21/3-hard-hit-stocks-to-buy-now-before-a-market-rally/",)
e自身:Article `download()` failed with HTTPSConnectionPool(host='www.fool.com', port=443): Read timed out. (read timeout=7) on URL https://www.fool.com/investing/2022/06/21/3-hard-hit-stocks-to-buy-now-before-a-market-rally/
=== エラー内容 ===
type:<class 'newspaper.article.ArticleException'>
args:("Article `download()` failed with HTTPSConnectionPool(host='www.foxbusiness.com', port=443): Read timed out. (read timeout=7) on URL https://www.foxbusiness.com/markets/5-things-to-know-6-14-22",)
e自身:Article `download()` failed with HTTPSConnectionPool(host='www.foxbusiness.com', port=443): Read timed out. (read timeout=7) on URL https://www.foxbusiness.com/markets/5-things-to-know-6-14-22
=== エラー内容 ===
type:<class 'newspaper.article.ArticleException'>
args:("Article `download()` failed with HTTPSConnectionPool(host='www.foxbusiness.com', port=443): Read timed out. (read timeout=7) on URL https://www.foxbusiness.com/politics/obama-gas-tax-holiday-gimmick-biden-considering",)
e自身:Article `download()` failed with HTTPSConnectionPool(host='www.foxbusiness.com', port=443): Read timed out. (read timeout=7) on URL https://www.foxbusiness.com/politics/obama-gas-tax-holiday-gimmick-biden-considering
=== エラー内容 ===
type:<class 'newspaper.article.ArticleException'>
args:("Article `download()` failed with HTTPSConnectionPool(host='www.foxbusiness.com', port=443): Read timed out. (read timeout=7) on URL https://www.foxbusiness.com/politics/larry-summers-americans-lose-jobs-ease-inflation",)
e自身:Article `download()` failed with HTTPSConnectionPool(host='www.foxbusiness.com', port=443): Read timed out. (read timeout=7) on URL https://www.foxbusiness.com/politics/larry-summers-americans-lose-jobs-ease-inflation
=== エラー内容 ===
type:<class 'newspaper.article.ArticleException'>
args:("Article `download()` failed with HTTPSConnectionPool(host='www.fool.com', port=443): Read timed out. (read timeout=7) on URL https://www.fool.com/real-estate/2022/06/22/should-you-buy-a-rental-property-right-now/",)
e自身:Article `download()` failed with HTTPSConnectionPool(host='www.fool.com', port=443): Read timed out. (read timeout=7) on URL https://www.fool.com/real-estate/2022/06/22/should-you-buy-a-rental-property-right-now/
=== エラー内容 ===
type:<class 'newspaper.article.ArticleException'>
args:("Article `download()` failed with HTTPSConnectionPool(host='www.fool.com', port=443): Read timed out. (read timeout=7) on URL https://www.fool.com/investing/2022/06/22/3-stocks-that-could-create-lasting-generational-we/",)
e自身:Article `download()` failed with HTTPSConnectionPool(host='www.fool.com', port=443): Read timed out. (read timeout=7) on URL https://www.fool.com/investing/2022/06/22/3-stocks-that-could-create-lasting-generational-we/
=== エラー内容 ===
type:<class 'newspaper.article.ArticleException'>
args:("Article `download()` failed with HTTPSConnectionPool(host='www.fool.com', port=443): Read timed out. (read timeout=7) on URL https://www.fool.com/investing/2022/06/22/is-levi-stock-a-buy-levi-earnings/",)
e自身:Article `download()` failed with HTTPSConnectionPool(host='www.fool.com', port=443): Read timed out. (read timeout=7) on URL https://www.fool.com/investing/2022/06/22/is-levi-stock-a-buy-levi-earnings/
=== エラー内容 ===
type:<class 'newspaper.article.ArticleException'>
args:("Article `download()` failed with HTTPSConnectionPool(host='www.fool.com', port=443): Read timed out. (read timeout=7) on URL https://www.fool.com/investing/2022/06/22/how-long-will-bear-market-last-what-history-shows/",)
e自身:Article `download()` failed with HTTPSConnectionPool(host='www.fool.com', port=443): Read timed out. (read timeout=7) on URL https://www.fool.com/investing/2022/06/22/how-long-will-bear-market-last-what-history-shows/
=== エラー内容 ===
type:<class 'newspaper.article.ArticleException'>
args:("Article `download()` failed with HTTPSConnectionPool(host='www.fool.com', port=443): Read timed out. (read timeout=7) on URL https://www.fool.com/investing/2022/06/22/got-3000-these-stocks-could-double-money-by-2030/",)
e自身:Article `download()` failed with HTTPSConnectionPool(host='www.fool.com', port=443): Read timed out. (read timeout=7) on URL https://www.fool.com/investing/2022/06/22/got-3000-these-stocks-could-double-money-by-2030/
=== エラー内容 ===
type:<class 'newspaper.article.ArticleException'>
args:("Article `download()` failed with HTTPSConnectionPool(host='www.fool.com', port=443): Read timed out. (read timeout=7) on URL https://www.fool.com/investing/2022/06/22/bear-market-help-you-make-money-heres-how/",)
e自身:Article `download()` failed with HTTPSConnectionPool(host='www.fool.com', port=443): Read timed out. (read timeout=7) on URL https://www.fool.com/investing/2022/06/22/bear-market-help-you-make-money-heres-how/
=== エラー内容 ===
type:<class 'IndexError'>
args:('list index out of range',)
e自身:list index out of range
タイトル:Sandra Bullock Says She's 'So Burnt Out' From Work, Will Take A Break From Acting
South Dakota Attorney General Jason Ravnsborg Convicted On 2 Impeachment Charges
Supreme Court Rejects Bayer Appeal To Stop Roundup Weedkiller Lawsuits
Texas Public Safety Chief Calls Uvalde Police Response An 'Abject Failure'
Rob Kardashian And Blac Chyna Settle Before Trial's Sequel
New Texas GOP Platform Declares Homosexuality 'Abnormal Lifestyle Choice'
Newt Gingrich's Kamala Harris Insult Barrage Might Be Beneath Even Him
Partner Of Capitol Officer Who Died Says She Holds Trump Directly Responsible
Swimming's World Governing Body Adopts New Transgender Policy For Athletes
I Lost 50 Pounds During COVID. Everyone Has Something To Say About My ‘New’ Body.
Shiloh Jolie-Pitt Dances To Doja Cat In Viral Studio Clip
Wife Of WNBA's Brittney Griner Says Scheduled Call Never Happened
Adam Kinzinger Warns Next Presidential Election 'Is Going To Be A Mess'
Dog Seen Running From Gorilla At San Diego Zoo Safely Reunited With Owner
Janet Yellen Says Recession Isn't 'Inevitable' But Economy Likely To Slow

日本語タイトル:['サンドラ・ブロック、仕事に「燃え尽きた」と語り、女優業を休止へ', 'サウスダコタ州司法長官ジェイソン・ラヴンスボーグ、2件の弾劾訴追で有罪判決', '最高裁、除草剤ラウンドアップの訴訟停止を求めるバイエルの訴えを却下', 'テキサス州公安局長、ユバルデ警察の対応を「大失敗」と指摘', 'ロブ・カーダシアンとブラック・チャイナ、裁判の続編を前に和解', 'テキサス州共和党の新綱領、同性愛を「異常なライフスタイルの選択」と断じる', '震災で被災された方々のご冥福をお祈りいたします。', '死亡した国会議員のパートナーが、トランプに直接責任を問うと発言', '水泳の世界統括団体、選手のトランスジェンダーに関する新方針を採択', 'COVIDで50キロ痩せた。誰もが私の「新しい」体について何か言っている。', '某有名スタジオでシャイロ ジョリー ピットがDoja Catを踊っています。', 'WNBAのブリットニー・グライナーの妻、予定されていた電話がなかったと語る', '震災で被災された方々へのお見舞いの気持ちを込めて。', 'サンディエゴ動物園でゴリラから逃げ惑う犬、無事飼い主と再会を果たす']
=== エラー内容 ===
type:<class 'newspaper.article.ArticleException'>
args:("Article `download()` failed with HTTPSConnectionPool(host='www.cnbc.com', port=443): Max retries exceeded with url: /2022/06/22/asia-pacific-markets-wall-street-bank-of-japan-currencies-oil.html (Caused by SSLError(SSLError(1, '[SSL: TLSV1_ALERT_INTERNAL_ERROR] tlsv1 alert internal error (_ssl.c:1123)'))) on URL https://www.cnbc.com/2022/06/22/asia-pacific-markets-wall-street-bank-of-japan-currencies-oil.html",)
e自身:Article `download()` failed with HTTPSConnectionPool(host='www.cnbc.com', port=443): Max retries exceeded with url: /2022/06/22/asia-pacific-markets-wall-street-bank-of-japan-currencies-oil.html (Caused by SSLError(SSLError(1, '[SSL: TLSV1_ALERT_INTERNAL_ERROR] tlsv1 alert internal error (_ssl.c:1123)'))) on URL https://www.cnbc.com/2022/06/22/asia-pacific-markets-wall-street-bank-of-japan-currencies-oil.html
=== エラー内容 ===
type:<class 'newspaper.article.ArticleException'>
args:('Article `download()` failed with 404 Client Error: Not Found for url: https://www.foxbusiness.com/markets/wednesdays-trading-5-things-to-know on URL https://www.foxbusiness.com/markets/wednesdays-trading-5-things-to-know',)
e自身:Article `download()` failed with 404 Client Error: Not Found for url: https://www.foxbusiness.com/markets/wednesdays-trading-5-things-to-know on URL https://www.foxbusiness.com/markets/wednesdays-trading-5-things-to-know
=== エラー内容 ===
type:<class 'newspaper.article.ArticleException'>
args:('Article `download()` failed with 404 Client Error: Not Found for url: https://www.foxbusiness.com/markets/wednesdays-trading-5-things-to-know on URL https://www.foxbusiness.com/markets/wednesdays-trading-5-things-to-know',)
e自身:Article `download()` failed with 404 Client Error: Not Found for url: https://www.foxbusiness.com/markets/wednesdays-trading-5-things-to-know on URL https://www.foxbusiness.com/markets/wednesdays-trading-5-things-to-know
=== エラー内容 ===
type:<class 'newspaper.article.ArticleException'>
args:('Article `download()` failed with 404 Client Error: Not Found for url: https://www.foxbusiness.com/markets/wednesdays-trading-5-things-to-know on URL https://www.foxbusiness.com/markets/wednesdays-trading-5-things-to-know',)
e自身:Article `download()` failed with 404 Client Error: Not Found for url: https://www.foxbusiness.com/markets/wednesdays-trading-5-things-to-know on URL https://www.foxbusiness.com/markets/wednesdays-trading-5-things-to-know
=== エラー内容 ===
type:<class 'newspaper.article.ArticleException'>
args:('Article `download()` failed with 404 Client Error: Not Found for url: https://www.fool.com/investing/2022/06/22/why-the-ethereum-update-is-delayed-yet-again/ on URL https://www.fool.com/investing/2022/06/22/why-the-ethereum-update-is-delayed-yet-again/',)
e自身:Article `download()` failed with 404 Client Error: Not Found for url: https://www.fool.com/investing/2022/06/22/why-the-ethereum-update-is-delayed-yet-again/ on URL https://www.fool.com/investing/2022/06/22/why-the-ethereum-update-is-delayed-yet-again/
=== エラー内容 ===
type:<class 'newspaper.article.ArticleException'>
args:('Article `download()` failed with 404 Client Error: Not Found for url: https://www.foxbusiness.com/markets/wednesdays-trading-5-things-to-know on URL https://www.foxbusiness.com/markets/wednesdays-trading-5-things-to-know',)
e自身:Article `download()` failed with 404 Client Error: Not Found for url: https://www.foxbusiness.com/markets/wednesdays-trading-5-things-to-know on URL https://www.foxbusiness.com/markets/wednesdays-trading-5-things-to-know
=== エラー内容 ===
type:<class 'newspaper.article.ArticleException'>
args:("Article `download()` failed with HTTPSConnectionPool(host='www.foxbusiness.com', port=443): Read timed out. (read timeout=7) on URL https://www.foxbusiness.com/markets/5-things-to-know-6-16-2022",)
e自身:Article `download()` failed with HTTPSConnectionPool(host='www.foxbusiness.com', port=443): Read timed out. (read timeout=7) on URL https://www.foxbusiness.com/markets/5-things-to-know-6-16-2022
=== エラー内容 ===
type:<class 'newspaper.article.ArticleException'>
args:("Article `download()` failed with HTTPSConnectionPool(host='www.foxbusiness.com', port=443): Read timed out. (read timeout=7) on URL https://www.foxbusiness.com/money/higher-rates-bigger-fortunes-savers-compared-past-several-years-bankrate-analyst",)
e自身:Article `download()` failed with HTTPSConnectionPool(host='www.foxbusiness.com', port=443): Read timed out. (read timeout=7) on URL https://www.foxbusiness.com/money/higher-rates-bigger-fortunes-savers-compared-past-several-years-bankrate-analyst
=== エラー内容 ===
type:<class 'newspaper.article.ArticleException'>
args:("Article `download()` failed with HTTPSConnectionPool(host='www.foxbusiness.com', port=443): Read timed out. (read timeout=7) on URL https://www.foxbusiness.com/lifestyle/tesla-model-s-where-first-one",)
e自身:Article `download()` failed with HTTPSConnectionPool(host='www.foxbusiness.com', port=443): Read timed out. (read timeout=7) on URL https://www.foxbusiness.com/lifestyle/tesla-model-s-where-first-one
=== エラー内容 ===
type:<class 'newspaper.article.ArticleException'>
args:("Article `download()` failed with HTTPSConnectionPool(host='www.foxbusiness.com', port=443): Read timed out. (read timeout=7) on URL https://www.foxbusiness.com/markets/5-things-to-know-6-14-22",)
e自身:Article `download()` failed with HTTPSConnectionPool(host='www.foxbusiness.com', port=443): Read timed out. (read timeout=7) on URL https://www.foxbusiness.com/markets/5-things-to-know-6-14-22
=== エラー内容 ===
type:<class 'newspaper.article.ArticleException'>
args:("Article `download()` failed with HTTPSConnectionPool(host='www.foxbusiness.com', port=443): Read timed out. (read timeout=7) on URL https://www.foxbusiness.com/media/larry-kudlow-americans-pessimistic-high-inflation",)
e自身:Article `download()` failed with HTTPSConnectionPool(host='www.foxbusiness.com', port=443): Read timed out. (read timeout=7) on URL https://www.foxbusiness.com/media/larry-kudlow-americans-pessimistic-high-inflation
=== エラー内容 ===
type:<class 'newspaper.article.ArticleException'>
args:("Article `download()` failed with HTTPSConnectionPool(host='www.foxbusiness.com', port=443): Read timed out. (read timeout=7) on URL https://www.foxbusiness.com/technology/lowes-metaverse-tool-consumers-visualize-projects",)
e自身:Article `download()` failed with HTTPSConnectionPool(host='www.foxbusiness.com', port=443): Read timed out. (read timeout=7) on URL https://www.foxbusiness.com/technology/lowes-metaverse-tool-consumers-visualize-projects
=== エラー内容 ===
type:<class 'newspaper.article.ArticleException'>
args:('Article `download()` failed with 404 Client Error: Not Found for url: https://www.businessinsider.com/jill-kramer-from-accenture-talks-about-cannes-lions-creative-b2b-2022-6 on URL https://www.businessinsider.com/jill-kramer-from-accenture-talks-about-cannes-lions-creative-b2b-2022-6',)
e自身:Article `download()` failed with 404 Client Error: Not Found for url: https://www.businessinsider.com/jill-kramer-from-accenture-talks-about-cannes-lions-creative-b2b-2022-6 on URL https://www.businessinsider.com/jill-kramer-from-accenture-talks-about-cannes-lions-creative-b2b-2022-6
=== エラー内容 ===
type:<class 'newspaper.article.ArticleException'>
args:('Article `download()` failed with 404 Client Error: Not Found for url: https://www.businessinsider.com/jill-kramer-from-accenture-talks-about-cannes-lions-creative-b2b-2022-6 on URL https://www.businessinsider.com/jill-kramer-from-accenture-talks-about-cannes-lions-creative-b2b-2022-6',)
e自身:Article `download()` failed with 404 Client Error: Not Found for url: https://www.businessinsider.com/jill-kramer-from-accenture-talks-about-cannes-lions-creative-b2b-2022-6 on URL https://www.businessinsider.com/jill-kramer-from-accenture-talks-about-cannes-lions-creative-b2b-2022-6
=== エラー内容 ===
type:<class 'newspaper.article.ArticleException'>
args:('Article `download()` failed with 404 Client Error: Not Found for url: https://www.businessinsider.com/jill-kramer-from-accenture-talks-about-cannes-lions-creative-b2b-2022-6 on URL https://www.businessinsider.com/jill-kramer-from-accenture-talks-about-cannes-lions-creative-b2b-2022-6',)
e自身:Article `download()` failed with 404 Client Error: Not Found for url: https://www.businessinsider.com/jill-kramer-from-accenture-talks-about-cannes-lions-creative-b2b-2022-6 on URL https://www.businessinsider.com/jill-kramer-from-accenture-talks-about-cannes-lions-creative-b2b-2022-6
=== エラー内容 ===
type:<class 'newspaper.article.ArticleException'>
args:('Article `download()` failed with 404 Client Error: Not Found for url: https://www.businessinsider.com/jill-kramer-from-accenture-talks-about-cannes-lions-creative-b2b-2022-6 on URL https://www.businessinsider.com/jill-kramer-from-accenture-talks-about-cannes-lions-creative-b2b-2022-6',)
e自身:Article `download()` failed with 404 Client Error: Not Found for url: https://www.businessinsider.com/jill-kramer-from-accenture-talks-about-cannes-lions-creative-b2b-2022-6 on URL https://www.businessinsider.com/jill-kramer-from-accenture-talks-about-cannes-lions-creative-b2b-2022-6
=== エラー内容 ===
type:<class 'newspaper.article.ArticleException'>
args:('Article `download()` failed with 404 Client Error: Not Found for url: https://www.businessinsider.com/jill-kramer-from-accenture-talks-about-cannes-lions-creative-b2b-2022-6 on URL https://www.businessinsider.com/jill-kramer-from-accenture-talks-about-cannes-lions-creative-b2b-2022-6',)
e自身:Article `download()` failed with 404 Client Error: Not Found for url: https://www.businessinsider.com/jill-kramer-from-accenture-talks-about-cannes-lions-creative-b2b-2022-6 on URL https://www.businessinsider.com/jill-kramer-from-accenture-talks-about-cannes-lions-creative-b2b-2022-6
=== エラー内容 ===
type:<class 'newspaper.article.ArticleException'>
args:('Article `download()` failed with 404 Client Error: Not Found for url: https://www.businessinsider.com/jill-kramer-from-accenture-talks-about-cannes-lions-creative-b2b-2022-6 on URL https://www.businessinsider.com/jill-kramer-from-accenture-talks-about-cannes-lions-creative-b2b-2022-6',)
e自身:Article `download()` failed with 404 Client Error: Not Found for url: https://www.businessinsider.com/jill-kramer-from-accenture-talks-about-cannes-lions-creative-b2b-2022-6 on URL https://www.businessinsider.com/jill-kramer-from-accenture-talks-about-cannes-lions-creative-b2b-2022-6
=== エラー内容 ===
type:<class 'newspaper.article.ArticleException'>
args:('Article `download()` failed with 404 Client Error: Not Found for url: https://www.businessinsider.com/jill-kramer-from-accenture-talks-about-cannes-lions-creative-b2b-2022-6 on URL https://www.businessinsider.com/jill-kramer-from-accenture-talks-about-cannes-lions-creative-b2b-2022-6',)
e自身:Article `download()` failed with 404 Client Error: Not Found for url: https://www.businessinsider.com/jill-kramer-from-accenture-talks-about-cannes-lions-creative-b2b-2022-6 on URL https://www.businessinsider.com/jill-kramer-from-accenture-talks-about-cannes-lions-creative-b2b-2022-6
=== エラー内容 ===
type:<class 'newspaper.article.ArticleException'>
args:('Article `download()` failed with 404 Client Error: Not Found for url: https://www.businessinsider.com/jill-kramer-from-accenture-talks-about-cannes-lions-creative-b2b-2022-6 on URL https://www.businessinsider.com/jill-kramer-from-accenture-talks-about-cannes-lions-creative-b2b-2022-6',)
e自身:Article `download()` failed with 404 Client Error: Not Found for url: https://www.businessinsider.com/jill-kramer-from-accenture-talks-about-cannes-lions-creative-b2b-2022-6 on URL https://www.businessinsider.com/jill-kramer-from-accenture-talks-about-cannes-lions-creative-b2b-2022-6
=== エラー内容 ===
type:<class 'newspaper.article.ArticleException'>
args:('Article `download()` failed with 404 Client Error: Not Found for url: https://www.businessinsider.com/jill-kramer-from-accenture-talks-about-cannes-lions-creative-b2b-2022-6 on URL https://www.businessinsider.com/jill-kramer-from-accenture-talks-about-cannes-lions-creative-b2b-2022-6',)
e自身:Article `download()` failed with 404 Client Error: Not Found for url: https://www.businessinsider.com/jill-kramer-from-accenture-talks-about-cannes-lions-creative-b2b-2022-6 on URL https://www.businessinsider.com/jill-kramer-from-accenture-talks-about-cannes-lions-creative-b2b-2022-6
=== エラー内容 ===
type:<class 'newspaper.article.ArticleException'>
args:('Article `download()` failed with 404 Client Error: Not Found for url: https://www.businessinsider.com/jill-kramer-from-accenture-talks-about-cannes-lions-creative-b2b-2022-6 on URL https://www.businessinsider.com/jill-kramer-from-accenture-talks-about-cannes-lions-creative-b2b-2022-6',)
e自身:Article `download()` failed with 404 Client Error: Not Found for url: https://www.businessinsider.com/jill-kramer-from-accenture-talks-about-cannes-lions-creative-b2b-2022-6 on URL https://www.businessinsider.com/jill-kramer-from-accenture-talks-about-cannes-lions-creative-b2b-2022-6
=== エラー内容 ===
type:<class 'newspaper.article.ArticleException'>
args:('Article `download()` failed with 404 Client Error: Not Found for url: https://www.businessinsider.com/jill-kramer-from-accenture-talks-about-cannes-lions-creative-b2b-2022-6 on URL https://www.businessinsider.com/jill-kramer-from-accenture-talks-about-cannes-lions-creative-b2b-2022-6',)
e自身:Article `download()` failed with 404 Client Error: Not Found for url: https://www.businessinsider.com/jill-kramer-from-accenture-talks-about-cannes-lions-creative-b2b-2022-6 on URL https://www.businessinsider.com/jill-kramer-from-accenture-talks-about-cannes-lions-creative-b2b-2022-6
=== エラー内容 ===
type:<class 'newspaper.article.ArticleException'>
args:('Article `download()` failed with 404 Client Error: Not Found for url: https://www.businessinsider.com/jill-kramer-from-accenture-talks-about-cannes-lions-creative-b2b-2022-6 on URL https://www.businessinsider.com/jill-kramer-from-accenture-talks-about-cannes-lions-creative-b2b-2022-6',)
e自身:Article `download()` failed with 404 Client Error: Not Found for url: https://www.businessinsider.com/jill-kramer-from-accenture-talks-about-cannes-lions-creative-b2b-2022-6 on URL https://www.businessinsider.com/jill-kramer-from-accenture-talks-about-cannes-lions-creative-b2b-2022-6
=== エラー内容 ===
type:<class 'newspaper.article.ArticleException'>
args:('Article `download()` failed with 404 Client Error: Not Found for url: https://www.businessinsider.com/jill-kramer-from-accenture-talks-about-cannes-lions-creative-b2b-2022-6 on URL https://www.businessinsider.com/jill-kramer-from-accenture-talks-about-cannes-lions-creative-b2b-2022-6',)
e自身:Article `download()` failed with 404 Client Error: Not Found for url: https://www.businessinsider.com/jill-kramer-from-accenture-talks-about-cannes-lions-creative-b2b-2022-6 on URL https://www.businessinsider.com/jill-kramer-from-accenture-talks-about-cannes-lions-creative-b2b-2022-6
=== エラー内容 ===
type:<class 'newspaper.article.ArticleException'>
args:('Article `download()` failed with 404 Client Error: Not Found for url: https://www.businessinsider.com/jill-kramer-from-accenture-talks-about-cannes-lions-creative-b2b-2022-6 on URL https://www.businessinsider.com/jill-kramer-from-accenture-talks-about-cannes-lions-creative-b2b-2022-6',)
e自身:Article `download()` failed with 404 Client Error: Not Found for url: https://www.businessinsider.com/jill-kramer-from-accenture-talks-about-cannes-lions-creative-b2b-2022-6 on URL https://www.businessinsider.com/jill-kramer-from-accenture-talks-about-cannes-lions-creative-b2b-2022-6
=== エラー内容 ===
type:<class 'newspaper.article.ArticleException'>
args:('Article `download()` failed with 404 Client Error: Not Found for url: https://www.businessinsider.com/jill-kramer-from-accenture-talks-about-cannes-lions-creative-b2b-2022-6 on URL https://www.businessinsider.com/jill-kramer-from-accenture-talks-about-cannes-lions-creative-b2b-2022-6',)
e自身:Article `download()` failed with 404 Client Error: Not Found for url: https://www.businessinsider.com/jill-kramer-from-accenture-talks-about-cannes-lions-creative-b2b-2022-6 on URL https://www.businessinsider.com/jill-kramer-from-accenture-talks-about-cannes-lions-creative-b2b-2022-6
=== エラー内容 ===
type:<class 'FileNotFoundError'>
args:(2, 'No such file or directory')
e自身:[Errno 2] No such file or directory: '/tmp/.newspaper_scraper/article_resources'
=== エラー内容 ===
type:<class 'FileNotFoundError'>
args:(2, 'No such file or directory')
e自身:[Errno 2] No such file or directory: '/tmp/.newspaper_scraper/article_resources'
=== エラー内容 ===
type:<class 'FileNotFoundError'>
args:(2, 'No such file or directory')
e自身:[Errno 2] No such file or directory: '/tmp/.newspaper_scraper/article_resources'
=== エラー内容 ===
type:<class 'FileNotFoundError'>
args:(2, 'No such file or directory')
e自身:[Errno 2] No such file or directory: '/tmp/.newspaper_scraper/article_resources'
=== エラー内容 ===
type:<class 'FileNotFoundError'>
args:(2, 'No such file or directory')
e自身:[Errno 2] No such file or directory: '/tmp/.newspaper_scraper/article_resources'
=== エラー内容 ===
type:<class 'FileNotFoundError'>
args:(2, 'No such file or directory')
e自身:[Errno 2] No such file or directory: '/tmp/.newspaper_scraper/article_resources'
=== エラー内容 ===
type:<class 'FileNotFoundError'>
args:(2, 'No such file or directory')
e自身:[Errno 2] No such file or directory: '/tmp/.newspaper_scraper/article_resources'
=== エラー内容 ===
type:<class 'FileNotFoundError'>
args:(2, 'No such file or directory')
e自身:[Errno 2] No such file or directory: '/tmp/.newspaper_scraper/article_resources'
=== エラー内容 ===
type:<class 'FileNotFoundError'>
args:(2, 'No such file or directory')
e自身:[Errno 2] No such file or directory: '/tmp/.newspaper_scraper/article_resources'
=== エラー内容 ===
type:<class 'FileNotFoundError'>
args:(2, 'No such file or directory')
e自身:[Errno 2] No such file or directory: '/tmp/.newspaper_scraper/article_resources'
=== エラー内容 ===
type:<class 'FileNotFoundError'>
args:(2, 'No such file or directory')
e自身:[Errno 2] No such file or directory: '/tmp/.newspaper_scraper/article_resources'
=== エラー内容 ===
type:<class 'FileNotFoundError'>
args:(2, 'No such file or directory')
e自身:[Errno 2] No such file or directory: '/tmp/.newspaper_scraper/article_resources'
=== エラー内容 ===
type:<class 'FileNotFoundError'>
args:(2, 'No such file or directory')
e自身:[Errno 2] No such file or directory: '/tmp/.newspaper_scraper/article_resources'
=== エラー内容 ===
type:<class 'FileNotFoundError'>
args:(2, 'No such file or directory')
e自身:[Errno 2] No such file or directory: '/tmp/.newspaper_scraper/article_resources'
=== エラー内容 ===
type:<class 'FileNotFoundError'>
args:(2, 'No such file or directory')
e自身:[Errno 2] No such file or directory: '/tmp/.newspaper_scraper/article_resources'
=== エラー内容 ===
type:<class 'FileNotFoundError'>
args:(2, 'No such file or directory')
e自身:[Errno 2] No such file or directory: '/tmp/.newspaper_scraper/article_resources'
=== エラー内容 ===
type:<class 'FileNotFoundError'>
args:(2, 'No such file or directory')
e自身:[Errno 2] No such file or directory: '/tmp/.newspaper_scraper/article_resources'
=== エラー内容 ===
type:<class 'FileNotFoundError'>
args:(2, 'No such file or directory')
e自身:[Errno 2] No such file or directory: '/tmp/.newspaper_scraper/article_resources'
=== エラー内容 ===
type:<class 'FileNotFoundError'>
args:(2, 'No such file or directory')
e自身:[Errno 2] No such file or directory: '/tmp/.newspaper_scraper/article_resources'
=== エラー内容 ===
type:<class 'FileNotFoundError'>
args:(2, 'No such file or directory')
e自身:[Errno 2] No such file or directory: '/tmp/.newspaper_scraper/article_resources'
=== エラー内容 ===
type:<class 'FileNotFoundError'>
args:(2, 'No such file or directory')
e自身:[Errno 2] No such file or directory: '/tmp/.newspaper_scraper/article_resources'
=== エラー内容 ===
type:<class 'FileNotFoundError'>
args:(2, 'No such file or directory')
e自身:[Errno 2] No such file or directory: '/tmp/.newspaper_scraper/article_resources'
=== エラー内容 ===
type:<class 'FileNotFoundError'>
args:(2, 'No such file or directory')
e自身:[Errno 2] No such file or directory: '/tmp/.newspaper_scraper/article_resources'
=== エラー内容 ===
type:<class 'FileNotFoundError'>
args:(2, 'No such file or directory')
e自身:[Errno 2] No such file or directory: '/tmp/.newspaper_scraper/article_resources'
=== エラー内容 ===
type:<class 'FileNotFoundError'>
args:(2, 'No such file or directory')
e自身:[Errno 2] No such file or directory: '/tmp/.newspaper_scraper/article_resources'
=== エラー内容 ===
type:<class 'FileNotFoundError'>
args:(2, 'No such file or directory')
e自身:[Errno 2] No such file or directory: '/tmp/.newspaper_scraper/article_resources'
=== エラー内容 ===
type:<class 'FileNotFoundError'>
args:(2, 'No such file or directory')
e自身:[Errno 2] No such file or directory: '/tmp/.newspaper_scraper/article_resources'
=== エラー内容 ===
type:<class 'FileNotFoundError'>
args:(2, 'No such file or directory')
e自身:[Errno 2] No such file or directory: '/tmp/.newspaper_scraper/article_resources'
=== エラー内容 ===
type:<class 'FileNotFoundError'>
args:(2, 'No such file or directory')
e自身:[Errno 2] No such file or directory: '/tmp/.newspaper_scraper/article_resources'
=== エラー内容 ===
type:<class 'FileNotFoundError'>
args:(2, 'No such file or directory')
e自身:[Errno 2] No such file or directory: '/tmp/.newspaper_scraper/article_resources'
=== エラー内容 ===
type:<class 'FileNotFoundError'>
args:(2, 'No such file or directory')
e自身:[Errno 2] No such file or directory: '/tmp/.newspaper_scraper/article_resources'
=== エラー内容 ===
type:<class 'FileNotFoundError'>
args:(2, 'No such file or directory')
e自身:[Errno 2] No such file or directory: '/tmp/.newspaper_scraper/article_resources'
=== エラー内容 ===
type:<class 'FileNotFoundError'>
args:(2, 'No such file or directory')
e自身:[Errno 2] No such file or directory: '/tmp/.newspaper_scraper/article_resources'
=== エラー内容 ===
type:<class 'FileNotFoundError'>
args:(2, 'No such file or directory')
e自身:[Errno 2] No such file or directory: '/tmp/.newspaper_scraper/article_resources'
=== エラー内容 ===
type:<class 'FileNotFoundError'>
args:(2, 'No such file or directory')
e自身:[Errno 2] No such file or directory: '/tmp/.newspaper_scraper/article_resources'
=== エラー内容 ===
type:<class 'FileNotFoundError'>
args:(2, 'No such file or directory')
e自身:[Errno 2] No such file or directory: '/tmp/.newspaper_scraper/article_resources'
=== エラー内容 ===
type:<class 'FileNotFoundError'>
args:(2, 'No such file or directory')
e自身:[Errno 2] No such file or directory: '/tmp/.newspaper_scraper/article_resources'
=== エラー内容 ===
type:<class 'FileNotFoundError'>
args:(2, 'No such file or directory')
e自身:[Errno 2] No such file or directory: '/tmp/.newspaper_scraper/article_resources'
=== エラー内容 ===
type:<class 'FileNotFoundError'>
args:(2, 'No such file or directory')
e自身:[Errno 2] No such file or directory: '/tmp/.newspaper_scraper/article_resources'
=== エラー内容 ===
type:<class 'FileNotFoundError'>
args:(2, 'No such file or directory')
e自身:[Errno 2] No such file or directory: '/tmp/.newspaper_scraper/article_resources'
=== エラー内容 ===
type:<class 'FileNotFoundError'>
args:(2, 'No such file or directory')
e自身:[Errno 2] No such file or directory: '/tmp/.newspaper_scraper/article_resources'
=== エラー内容 ===
type:<class 'FileNotFoundError'>
args:(2, 'No such file or directory')
e自身:[Errno 2] No such file or directory: '/tmp/.newspaper_scraper/article_resources'
=== エラー内容 ===
type:<class 'FileNotFoundError'>
args:(2, 'No such file or directory')
e自身:[Errno 2] No such file or directory: '/tmp/.newspaper_scraper/article_resources'
=== エラー内容 ===
type:<class 'FileNotFoundError'>
args:(2, 'No such file or directory')
e自身:[Errno 2] No such file or directory: '/tmp/.newspaper_scraper/article_resources'
=== エラー内容 ===
type:<class 'FileNotFoundError'>
args:(2, 'No such file or directory')
e自身:[Errno 2] No such file or directory: '/tmp/.newspaper_scraper/article_resources'
=== エラー内容 ===
type:<class 'FileNotFoundError'>
args:(2, 'No such file or directory')
e自身:[Errno 2] No such file or directory: '/tmp/.newspaper_scraper/article_resources'
=== エラー内容 ===
type:<class 'FileNotFoundError'>
args:(2, 'No such file or directory')
e自身:[Errno 2] No such file or directory: '/tmp/.newspaper_scraper/article_resources'
=== エラー内容 ===
type:<class 'FileNotFoundError'>
args:(2, 'No such file or directory')
e自身:[Errno 2] No such file or directory: '/tmp/.newspaper_scraper/article_resources'
=== エラー内容 ===
type:<class 'FileNotFoundError'>
args:(2, 'No such file or directory')
e自身:[Errno 2] No such file or directory: '/tmp/.newspaper_scraper/article_resources'
=== エラー内容 ===
type:<class 'FileNotFoundError'>
args:(2, 'No such file or directory')
e自身:[Errno 2] No such file or directory: '/tmp/.newspaper_scraper/article_resources'
=== エラー内容 ===
type:<class 'FileNotFoundError'>
args:(2, 'No such file or directory')
e自身:[Errno 2] No such file or directory: '/tmp/.newspaper_scraper/article_resources'
=== エラー内容 ===
type:<class 'FileNotFoundError'>
args:(2, 'No such file or directory')
e自身:[Errno 2] No such file or directory: '/tmp/.newspaper_scraper/article_resources'
=== エラー内容 ===
type:<class 'FileNotFoundError'>
args:(2, 'No such file or directory')
e自身:[Errno 2] No such file or directory: '/tmp/.newspaper_scraper/article_resources'
=== エラー内容 ===
type:<class 'FileNotFoundError'>
args:(2, 'No such file or directory')
e自身:[Errno 2] No such file or directory: '/tmp/.newspaper_scraper/article_resources'
=== エラー内容 ===
type:<class 'FileNotFoundError'>
args:(2, 'No such file or directory')
e自身:[Errno 2] No such file or directory: '/tmp/.newspaper_scraper/article_resources'
=== エラー内容 ===
type:<class 'FileNotFoundError'>
args:(2, 'No such file or directory')
e自身:[Errno 2] No such file or directory: '/tmp/.newspaper_scraper/article_resources'
=== エラー内容 ===
type:<class 'FileNotFoundError'>
args:(2, 'No such file or directory')
e自身:[Errno 2] No such file or directory: '/tmp/.newspaper_scraper/article_resources'
=== エラー内容 ===
type:<class 'FileNotFoundError'>
args:(2, 'No such file or directory')
e自身:[Errno 2] No such file or directory: '/tmp/.newspaper_scraper/article_resources'
=== エラー内容 ===
type:<class 'FileNotFoundError'>
args:(2, 'No such file or directory')
e自身:[Errno 2] No such file or directory: '/tmp/.newspaper_scraper/article_resources'
=== エラー内容 ===
type:<class 'FileNotFoundError'>
args:(2, 'No such file or directory')
e自身:[Errno 2] No such file or directory: '/tmp/.newspaper_scraper/article_resources'
=== エラー内容 ===
type:<class 'FileNotFoundError'>
args:(2, 'No such file or directory')
e自身:[Errno 2] No such file or directory: '/tmp/.newspaper_scraper/article_resources'
=== エラー内容 ===
type:<class 'FileNotFoundError'>
args:(2, 'No such file or directory')
e自身:[Errno 2] No such file or directory: '/tmp/.newspaper_scraper/article_resources'
=== エラー内容 ===
type:<class 'FileNotFoundError'>
args:(2, 'No such file or directory')
e自身:[Errno 2] No such file or directory: '/tmp/.newspaper_scraper/article_resources'
=== エラー内容 ===
type:<class 'FileNotFoundError'>
args:(2, 'No such file or directory')
e自身:[Errno 2] No such file or directory: '/tmp/.newspaper_scraper/article_resources'
=== エラー内容 ===
type:<class 'FileNotFoundError'>
args:(2, 'No such file or directory')
e自身:[Errno 2] No such file or directory: '/tmp/.newspaper_scraper/article_resources'
=== エラー内容 ===
type:<class 'FileNotFoundError'>
args:(2, 'No such file or directory')
e自身:[Errno 2] No such file or directory: '/tmp/.newspaper_scraper/article_resources'
=== エラー内容 ===
type:<class 'FileNotFoundError'>
args:(2, 'No such file or directory')
e自身:[Errno 2] No such file or directory: '/tmp/.newspaper_scraper/article_resources'
=== エラー内容 ===
type:<class 'FileNotFoundError'>
args:(2, 'No such file or directory')
e自身:[Errno 2] No such file or directory: '/tmp/.newspaper_scraper/article_resources'
=== エラー内容 ===
type:<class 'FileNotFoundError'>
args:(2, 'No such file or directory')
e自身:[Errno 2] No such file or directory: '/tmp/.newspaper_scraper/article_resources'
=== エラー内容 ===
type:<class 'FileNotFoundError'>
args:(2, 'No such file or directory')
e自身:[Errno 2] No such file or directory: '/tmp/.newspaper_scraper/article_resources'
=== エラー内容 ===
type:<class 'FileNotFoundError'>
args:(2, 'No such file or directory')
e自身:[Errno 2] No such file or directory: '/tmp/.newspaper_scraper/article_resources'
=== エラー内容 ===
type:<class 'FileNotFoundError'>
args:(2, 'No such file or directory')
e自身:[Errno 2] No such file or directory: '/tmp/.newspaper_scraper/article_resources'
=== エラー内容 ===
type:<class 'FileNotFoundError'>
args:(2, 'No such file or directory')
e自身:[Errno 2] No such file or directory: '/tmp/.newspaper_scraper/article_resources'
=== エラー内容 ===
type:<class 'FileNotFoundError'>
args:(2, 'No such file or directory')
e自身:[Errno 2] No such file or directory: '/tmp/.newspaper_scraper/article_resources'
=== エラー内容 ===
type:<class 'FileNotFoundError'>
args:(2, 'No such file or directory')
e自身:[Errno 2] No such file or directory: '/tmp/.newspaper_scraper/article_resources'
=== エラー内容 ===
type:<class 'FileNotFoundError'>
args:(2, 'No such file or directory')
e自身:[Errno 2] No such file or directory: '/tmp/.newspaper_scraper/article_resources'
=== エラー内容 ===
type:<class 'FileNotFoundError'>
args:(2, 'No such file or directory')
e自身:[Errno 2] No such file or directory: '/tmp/.newspaper_scraper/article_resources'
=== エラー内容 ===
type:<class 'FileNotFoundError'>
args:(2, 'No such file or directory')
e自身:[Errno 2] No such file or directory: '/tmp/.newspaper_scraper/article_resources'
=== エラー内容 ===
type:<class 'FileNotFoundError'>
args:(2, 'No such file or directory')
e自身:[Errno 2] No such file or directory: '/tmp/.newspaper_scraper/article_resources'
=== エラー内容 ===
type:<class 'FileNotFoundError'>
args:(2, 'No such file or directory')
e自身:[Errno 2] No such file or directory: '/tmp/.newspaper_scraper/article_resources'
=== エラー内容 ===
type:<class 'FileNotFoundError'>
args:(2, 'No such file or directory')
e自身:[Errno 2] No such file or directory: '/tmp/.newspaper_scraper/article_resources'
=== エラー内容 ===
type:<class 'FileNotFoundError'>
args:(2, 'No such file or directory')
e自身:[Errno 2] No such file or directory: '/tmp/.newspaper_scraper/article_resources'
=== エラー内容 ===
type:<class 'FileNotFoundError'>
args:(2, 'No such file or directory')
e自身:[Errno 2] No such file or directory: '/tmp/.newspaper_scraper/article_resources'
=== エラー内容 ===
type:<class 'FileNotFoundError'>
args:(2, 'No such file or directory')
e自身:[Errno 2] No such file or directory: '/tmp/.newspaper_scraper/article_resources'
=== エラー内容 ===
type:<class 'FileNotFoundError'>
args:(2, 'No such file or directory')
e自身:[Errno 2] No such file or directory: '/tmp/.newspaper_scraper/article_resources'
=== エラー内容 ===
type:<class 'FileNotFoundError'>
args:(2, 'No such file or directory')
e自身:[Errno 2] No such file or directory: '/tmp/.newspaper_scraper/article_resources'
=== エラー内容 ===
type:<class 'FileNotFoundError'>
args:(2, 'No such file or directory')
e自身:[Errno 2] No such file or directory: '/tmp/.newspaper_scraper/article_resources'
=== エラー内容 ===
type:<class 'FileNotFoundError'>
args:(2, 'No such file or directory')
e自身:[Errno 2] No such file or directory: '/tmp/.newspaper_scraper/article_resources'
=== エラー内容 ===
type:<class 'FileNotFoundError'>
args:(2, 'No such file or directory')
e自身:[Errno 2] No such file or directory: '/tmp/.newspaper_scraper/article_resources'
=== エラー内容 ===
type:<class 'FileNotFoundError'>
args:(2, 'No such file or directory')
e自身:[Errno 2] No such file or directory: '/tmp/.newspaper_scraper/article_resources'
=== エラー内容 ===
type:<class 'FileNotFoundError'>
args:(2, 'No such file or directory')
e自身:[Errno 2] No such file or directory: '/tmp/.newspaper_scraper/article_resources'
=== エラー内容 ===
type:<class 'FileNotFoundError'>
args:(2, 'No such file or directory')
e自身:[Errno 2] No such file or directory: '/tmp/.newspaper_scraper/article_resources'
=== エラー内容 ===
type:<class 'FileNotFoundError'>
args:(2, 'No such file or directory')
e自身:[Errno 2] No such file or directory: '/tmp/.newspaper_scraper/article_resources'
=== エラー内容 ===
type:<class 'FileNotFoundError'>
args:(2, 'No such file or directory')
e自身:[Errno 2] No such file or directory: '/tmp/.newspaper_scraper/article_resources'
=== エラー内容 ===
type:<class 'FileNotFoundError'>
args:(2, 'No such file or directory')
e自身:[Errno 2] No such file or directory: '/tmp/.newspaper_scraper/article_resources'
=== エラー内容 ===
type:<class 'FileNotFoundError'>
args:(2, 'No such file or directory')
e自身:[Errno 2] No such file or directory: '/tmp/.newspaper_scraper/article_resources'
=== エラー内容 ===
type:<class 'FileNotFoundError'>
args:(2, 'No such file or directory')
e自身:[Errno 2] No such file or directory: '/tmp/.newspaper_scraper/article_resources'
=== エラー内容 ===
type:<class 'FileNotFoundError'>
args:(2, 'No such file or directory')
e自身:[Errno 2] No such file or directory: '/tmp/.newspaper_scraper/article_resources'
=== エラー内容 ===
type:<class 'FileNotFoundError'>
args:(2, 'No such file or directory')
e自身:[Errno 2] No such file or directory: '/tmp/.newspaper_scraper/article_resources'
=== エラー内容 ===
type:<class 'FileNotFoundError'>
args:(2, 'No such file or directory')
e自身:[Errno 2] No such file or directory: '/tmp/.newspaper_scraper/article_resources'
=== エラー内容 ===
type:<class 'FileNotFoundError'>
args:(2, 'No such file or directory')
e自身:[Errno 2] No such file or directory: '/tmp/.newspaper_scraper/article_resources'
=== エラー内容 ===
type:<class 'FileNotFoundError'>
args:(2, 'No such file or directory')
e自身:[Errno 2] No such file or directory: '/tmp/.newspaper_scraper/article_resources'
=== エラー内容 ===
type:<class 'FileNotFoundError'>
args:(2, 'No such file or directory')
e自身:[Errno 2] No such file or directory: '/tmp/.newspaper_scraper/article_resources'
=== エラー内容 ===
type:<class 'FileNotFoundError'>
args:(2, 'No such file or directory')
e自身:[Errno 2] No such file or directory: '/tmp/.newspaper_scraper/article_resources'
=== エラー内容 ===
type:<class 'FileNotFoundError'>
args:(2, 'No such file or directory')
e自身:[Errno 2] No such file or directory: '/tmp/.newspaper_scraper/article_resources'
=== エラー内容 ===
type:<class 'FileNotFoundError'>
args:(2, 'No such file or directory')
e自身:[Errno 2] No such file or directory: '/tmp/.newspaper_scraper/article_resources'
=== エラー内容 ===
type:<class 'FileNotFoundError'>
args:(2, 'No such file or directory')
e自身:[Errno 2] No such file or directory: '/tmp/.newspaper_scraper/article_resources'
=== エラー内容 ===
type:<class 'FileNotFoundError'>
args:(2, 'No such file or directory')
e自身:[Errno 2] No such file or directory: '/tmp/.newspaper_scraper/article_resources'
=== エラー内容 ===
type:<class 'FileNotFoundError'>
args:(2, 'No such file or directory')
e自身:[Errno 2] No such file or directory: '/tmp/.newspaper_scraper/article_resources'
=== エラー内容 ===
type:<class 'FileNotFoundError'>
args:(2, 'No such file or directory')
e自身:[Errno 2] No such file or directory: '/tmp/.newspaper_scraper/article_resources'
=== エラー内容 ===
type:<class 'FileNotFoundError'>
args:(2, 'No such file or directory')
e自身:[Errno 2] No such file or directory: '/tmp/.newspaper_scraper/article_resources'
=== エラー内容 ===
type:<class 'FileNotFoundError'>
args:(2, 'No such file or directory')
e自身:[Errno 2] No such file or directory: '/tmp/.newspaper_scraper/article_resources'
=== エラー内容 ===
type:<class 'FileNotFoundError'>
args:(2, 'No such file or directory')
e自身:[Errno 2] No such file or directory: '/tmp/.newspaper_scraper/article_resources'
=== エラー内容 ===
type:<class 'FileNotFoundError'>
args:(2, 'No such file or directory')
e自身:[Errno 2] No such file or directory: '/tmp/.newspaper_scraper/article_resources'
=== エラー内容 ===
type:<class 'FileNotFoundError'>
args:(2, 'No such file or directory')
e自身:[Errno 2] No such file or directory: '/tmp/.newspaper_scraper/article_resources'
=== エラー内容 ===
type:<class 'FileNotFoundError'>
args:(2, 'No such file or directory')
e自身:[Errno 2] No such file or directory: '/tmp/.newspaper_scraper/article_resources'
=== エラー内容 ===
type:<class 'FileNotFoundError'>
args:(2, 'No such file or directory')
e自身:[Errno 2] No such file or directory: '/tmp/.newspaper_scraper/article_resources'
=== エラー内容 ===
type:<class 'FileNotFoundError'>
args:(2, 'No such file or directory')
e自身:[Errno 2] No such file or directory: '/tmp/.newspaper_scraper/article_resources'
=== エラー内容 ===
type:<class 'FileNotFoundError'>
args:(2, 'No such file or directory')
e自身:[Errno 2] No such file or directory: '/tmp/.newspaper_scraper/article_resources'
=== エラー内容 ===
type:<class 'FileNotFoundError'>
args:(2, 'No such file or directory')
e自身:[Errno 2] No such file or directory: '/tmp/.newspaper_scraper/article_resources'
=== エラー内容 ===
type:<class 'FileNotFoundError'>
args:(2, 'No such file or directory')
e自身:[Errno 2] No such file or directory: '/tmp/.newspaper_scraper/article_resources'
=== エラー内容 ===
type:<class 'FileNotFoundError'>
args:(2, 'No such file or directory')
e自身:[Errno 2] No such file or directory: '/tmp/.newspaper_scraper/article_resources'
=== エラー内容 ===
type:<class 'FileNotFoundError'>
args:(2, 'No such file or directory')
e自身:[Errno 2] No such file or directory: '/tmp/.newspaper_scraper/article_resources'
=== エラー内容 ===
type:<class 'FileNotFoundError'>
args:(2, 'No such file or directory')
e自身:[Errno 2] No such file or directory: '/tmp/.newspaper_scraper/article_resources'
=== エラー内容 ===
type:<class 'FileNotFoundError'>
args:(2, 'No such file or directory')
e自身:[Errno 2] No such file or directory: '/tmp/.newspaper_scraper/article_resources'
=== エラー内容 ===
type:<class 'FileNotFoundError'>
args:(2, 'No such file or directory')
e自身:[Errno 2] No such file or directory: '/tmp/.newspaper_scraper/article_resources'
=== エラー内容 ===
type:<class 'FileNotFoundError'>
args:(2, 'No such file or directory')
e自身:[Errno 2] No such file or directory: '/tmp/.newspaper_scraper/article_resources'
=== エラー内容 ===
type:<class 'FileNotFoundError'>
args:(2, 'No such file or directory')
e自身:[Errno 2] No such file or directory: '/tmp/.newspaper_scraper/article_resources'
=== エラー内容 ===
type:<class 'FileNotFoundError'>
args:(2, 'No such file or directory')
e自身:[Errno 2] No such file or directory: '/tmp/.newspaper_scraper/article_resources'
=== エラー内容 ===
type:<class 'FileNotFoundError'>
args:(2, 'No such file or directory')
e自身:[Errno 2] No such file or directory: '/tmp/.newspaper_scraper/article_resources'
=== エラー内容 ===
type:<class 'FileNotFoundError'>
args:(2, 'No such file or directory')
e自身:[Errno 2] No such file or directory: '/tmp/.newspaper_scraper/article_resources'
=== エラー内容 ===
type:<class 'FileNotFoundError'>
args:(2, 'No such file or directory')
e自身:[Errno 2] No such file or directory: '/tmp/.newspaper_scraper/article_resources'
=== エラー内容 ===
type:<class 'FileNotFoundError'>
args:(2, 'No such file or directory')
e自身:[Errno 2] No such file or directory: '/tmp/.newspaper_scraper/article_resources'
=== エラー内容 ===
type:<class 'FileNotFoundError'>
args:(2, 'No such file or directory')
e自身:[Errno 2] No such file or directory: '/tmp/.newspaper_scraper/article_resources'
=== エラー内容 ===
type:<class 'FileNotFoundError'>
args:(2, 'No such file or directory')
e自身:[Errno 2] No such file or directory: '/tmp/.newspaper_scraper/article_resources'
=== エラー内容 ===
type:<class 'FileNotFoundError'>
args:(2, 'No such file or directory')
e自身:[Errno 2] No such file or directory: '/tmp/.newspaper_scraper/article_resources'
=== エラー内容 ===
type:<class 'FileNotFoundError'>
args:(2, 'No such file or directory')
e自身:[Errno 2] No such file or directory: '/tmp/.newspaper_scraper/article_resources'
=== エラー内容 ===
type:<class 'FileNotFoundError'>
args:(2, 'No such file or directory')
e自身:[Errno 2] No such file or directory: '/tmp/.newspaper_scraper/article_resources'
=== エラー内容 ===
type:<class 'FileNotFoundError'>
args:(2, 'No such file or directory')
e自身:[Errno 2] No such file or directory: '/tmp/.newspaper_scraper/article_resources'
=== エラー内容 ===
type:<class 'FileNotFoundError'>
args:(2, 'No such file or directory')
e自身:[Errno 2] No such file or directory: '/tmp/.newspaper_scraper/article_resources'
=== エラー内容 ===
type:<class 'FileNotFoundError'>
args:(2, 'No such file or directory')
e自身:[Errno 2] No such file or directory: '/tmp/.newspaper_scraper/article_resources'
=== エラー内容 ===
type:<class 'FileNotFoundError'>
args:(2, 'No such file or directory')
e自身:[Errno 2] No such file or directory: '/tmp/.newspaper_scraper/article_resources'
=== エラー内容 ===
type:<class 'FileNotFoundError'>
args:(2, 'No such file or directory')
e自身:[Errno 2] No such file or directory: '/tmp/.newspaper_scraper/article_resources'
=== エラー内容 ===
type:<class 'FileNotFoundError'>
args:(2, 'No such file or directory')
e自身:[Errno 2] No such file or directory: '/tmp/.newspaper_scraper/article_resources'
=== エラー内容 ===
type:<class 'FileNotFoundError'>
args:(2, 'No such file or directory')
e自身:[Errno 2] No such file or directory: '/tmp/.newspaper_scraper/article_resources'
=== エラー内容 ===
type:<class 'FileNotFoundError'>
args:(2, 'No such file or directory')
e自身:[Errno 2] No such file or directory: '/tmp/.newspaper_scraper/article_resources'
=== エラー内容 ===
type:<class 'FileNotFoundError'>
args:(2, 'No such file or directory')
e自身:[Errno 2] No such file or directory: '/tmp/.newspaper_scraper/article_resources'
=== エラー内容 ===
type:<class 'FileNotFoundError'>
args:(2, 'No such file or directory')
e自身:[Errno 2] No such file or directory: '/tmp/.newspaper_scraper/article_resources'
=== エラー内容 ===
type:<class 'FileNotFoundError'>
args:(2, 'No such file or directory')
e自身:[Errno 2] No such file or directory: '/tmp/.newspaper_scraper/article_resources'
=== エラー内容 ===
type:<class 'FileNotFoundError'>
args:(2, 'No such file or directory')
e自身:[Errno 2] No such file or directory: '/tmp/.newspaper_scraper/article_resources'
=== エラー内容 ===
type:<class 'newspaper.article.ArticleException'>
args:("Article `download()` failed with HTTPSConnectionPool(host='www.washingtonpost.com', port=443): Read timed out. (read timeout=7) on URL https://www.washingtonpost.com/sports/2022/06/23/dan-snyder-congressional-subpoena/",)
e自身:Article `download()` failed with HTTPSConnectionPool(host='www.washingtonpost.com', port=443): Read timed out. (read timeout=7) on URL https://www.washingtonpost.com/sports/2022/06/23/dan-snyder-congressional-subpoena/
=== エラー内容 ===
type:<class 'newspaper.article.ArticleException'>
args:("Article `download()` failed with HTTPSConnectionPool(host='www.foxbusiness.com', port=443): Read timed out. (read timeout=7) on URL https://www.foxbusiness.com/markets/5-things-to-know-6-14-22",)
e自身:Article `download()` failed with HTTPSConnectionPool(host='www.foxbusiness.com', port=443): Read timed out. (read timeout=7) on URL https://www.foxbusiness.com/markets/5-things-to-know-6-14-22
=== エラー内容 ===
type:<class 'newspaper.article.ArticleException'>
args:("Article `download()` failed with HTTPSConnectionPool(host='www.cnbc.com', port=443): Max retries exceeded with url: /2022/06/22/stock-futures-are-little-changed-after-major-averages-dip-investors-mull-slowdown.html (Caused by SSLError(SSLError(1, '[SSL: TLSV1_ALERT_INTERNAL_ERROR] tlsv1 alert internal error (_ssl.c:1123)'))) on URL https://www.cnbc.com/2022/06/22/stock-futures-are-little-changed-after-major-averages-dip-investors-mull-slowdown.html",)
e自身:Article `download()` failed with HTTPSConnectionPool(host='www.cnbc.com', port=443): Max retries exceeded with url: /2022/06/22/stock-futures-are-little-changed-after-major-averages-dip-investors-mull-slowdown.html (Caused by SSLError(SSLError(1, '[SSL: TLSV1_ALERT_INTERNAL_ERROR] tlsv1 alert internal error (_ssl.c:1123)'))) on URL https://www.cnbc.com/2022/06/22/stock-futures-are-little-changed-after-major-averages-dip-investors-mull-slowdown.html
=== エラー内容 ===
type:<class 'newspaper.article.ArticleException'>
args:("Article `download()` failed with ('Connection aborted.', OSError(22, 'Invalid argument')) on URL https://www.reuters.com/markets/asia/uae-bourses-end-mixed-extend-weekly-losses-2022-06-24/",)
e自身:Article `download()` failed with ('Connection aborted.', OSError(22, 'Invalid argument')) on URL https://www.reuters.com/markets/asia/uae-bourses-end-mixed-extend-weekly-losses-2022-06-24/
=== エラー内容 ===
type:<class 'newspaper.article.ArticleException'>
args:("Article `download()` failed with ('Connection aborted.', ConnectionResetError(54, 'Connection reset by peer')) on URL https://www.reuters.com/markets/europe/italys-de-nora-priced-bottom-ipo-range-bookrunner-2022-06-24/",)
e自身:Article `download()` failed with ('Connection aborted.', ConnectionResetError(54, 'Connection reset by peer')) on URL https://www.reuters.com/markets/europe/italys-de-nora-priced-bottom-ipo-range-bookrunner-2022-06-24/
=== エラー内容 ===
type:<class 'newspaper.article.ArticleException'>
args:("Article `download()` failed with HTTPSConnectionPool(host='www.washingtonpost.com', port=443): Read timed out. (read timeout=7) on URL https://www.washingtonpost.com/technology/2022/06/24/delete-yourself-online/",)
e自身:Article `download()` failed with HTTPSConnectionPool(host='www.washingtonpost.com', port=443): Read timed out. (read timeout=7) on URL https://www.washingtonpost.com/technology/2022/06/24/delete-yourself-online/
=== エラー内容 ===
type:<class 'newspaper.article.ArticleException'>
args:("Article `download()` failed with HTTPSConnectionPool(host='www.washingtonpost.com', port=443): Read timed out. (read timeout=7) on URL https://www.washingtonpost.com/politics/2022/06/23/jan-6-committee-connects-two-strands-trumps-effort-retain-power/",)
e自身:Article `download()` failed with HTTPSConnectionPool(host='www.washingtonpost.com', port=443): Read timed out. (read timeout=7) on URL https://www.washingtonpost.com/politics/2022/06/23/jan-6-committee-connects-two-strands-trumps-effort-retain-power/
=== エラー内容 ===
type:<class 'newspaper.article.ArticleException'>
args:("Article `download()` failed with HTTPSConnectionPool(host='www.washingtonpost.com', port=443): Read timed out. (read timeout=7) on URL https://www.washingtonpost.com/investigations/2022/06/24/roger-stone-footage-video-capitol/",)
e自身:Article `download()` failed with HTTPSConnectionPool(host='www.washingtonpost.com', port=443): Read timed out. (read timeout=7) on URL https://www.washingtonpost.com/investigations/2022/06/24/roger-stone-footage-video-capitol/
=== エラー内容 ===
type:<class 'newspaper.article.ArticleException'>
args:("Article `download()` failed with HTTPSConnectionPool(host='www.washingtonpost.com', port=443): Read timed out. (read timeout=7) on URL https://www.washingtonpost.com/technology/2022/06/24/delete-yourself-online/",)
e自身:Article `download()` failed with HTTPSConnectionPool(host='www.washingtonpost.com', port=443): Read timed out. (read timeout=7) on URL https://www.washingtonpost.com/technology/2022/06/24/delete-yourself-online/
=== エラー内容 ===
type:<class 'newspaper.article.ArticleException'>
args:("Article `download()` failed with HTTPSConnectionPool(host='www.washingtonpost.com', port=443): Read timed out. (read timeout=7) on URL https://www.washingtonpost.com/national-security/2022/06/23/jan6-doj-clark-rosen-donoghue-testimony/",)
e自身:Article `download()` failed with HTTPSConnectionPool(host='www.washingtonpost.com', port=443): Read timed out. (read timeout=7) on URL https://www.washingtonpost.com/national-security/2022/06/23/jan6-doj-clark-rosen-donoghue-testimony/
=== エラー内容 ===
type:<class 'newspaper.article.ArticleException'>
args:("Article `download()` failed with HTTPSConnectionPool(host='www.washingtonpost.com', port=443): Read timed out. (read timeout=7) on URL https://www.washingtonpost.com/dc-md-va/2022/06/24/hatchet-speed-jan6-arrest/",)
e自身:Article `download()` failed with HTTPSConnectionPool(host='www.washingtonpost.com', port=443): Read timed out. (read timeout=7) on URL https://www.washingtonpost.com/dc-md-va/2022/06/24/hatchet-speed-jan6-arrest/
=== エラー内容 ===
type:<class 'newspaper.article.ArticleException'>
args:("Article `download()` failed with HTTPSConnectionPool(host='www.washingtonpost.com', port=443): Read timed out. (read timeout=7) on URL https://www.washingtonpost.com/national-security/2022/06/23/jeffrey-clark-house-search/",)
e自身:Article `download()` failed with HTTPSConnectionPool(host='www.washingtonpost.com', port=443): Read timed out. (read timeout=7) on URL https://www.washingtonpost.com/national-security/2022/06/23/jeffrey-clark-house-search/
=== エラー内容 ===
type:<class 'newspaper.article.ArticleException'>
args:("Article `download()` failed with HTTPSConnectionPool(host='www.washingtonpost.com', port=443): Read timed out. (read timeout=7) on URL https://www.washingtonpost.com/national/john-williams-90-steps-away-from-film-but-not-music/2022/06/23/26b97ac2-f2f2-11ec-ac16-8fbf7194cd78_story.html",)
e自身:Article `download()` failed with HTTPSConnectionPool(host='www.washingtonpost.com', port=443): Read timed out. (read timeout=7) on URL https://www.washingtonpost.com/national/john-williams-90-steps-away-from-film-but-not-music/2022/06/23/26b97ac2-f2f2-11ec-ac16-8fbf7194cd78_story.html
=== エラー内容 ===
type:<class 'newspaper.article.ArticleException'>
args:("Article `download()` failed with HTTPSConnectionPool(host='www.washingtonpost.com', port=443): Read timed out. (read timeout=7) on URL https://www.washingtonpost.com/politics/2022/06/24/house-guns-bill-biden-jan6/",)
e自身:Article `download()` failed with HTTPSConnectionPool(host='www.washingtonpost.com', port=443): Read timed out. (read timeout=7) on URL https://www.washingtonpost.com/politics/2022/06/24/house-guns-bill-biden-jan6/
=== エラー内容 ===
type:<class 'newspaper.article.ArticleException'>
args:("Article `download()` failed with HTTPSConnectionPool(host='www.washingtonpost.com', port=443): Read timed out. (read timeout=7) on URL https://www.washingtonpost.com/politics/2022/06/23/5-takeaways-jan-6-hearing-trumps-doj-plot/",)
e自身:Article `download()` failed with HTTPSConnectionPool(host='www.washingtonpost.com', port=443): Read timed out. (read timeout=7) on URL https://www.washingtonpost.com/politics/2022/06/23/5-takeaways-jan-6-hearing-trumps-doj-plot/
=== エラー内容 ===
type:<class 'newspaper.article.ArticleException'>
args:("Article `download()` failed with HTTPSConnectionPool(host='www.washingtonpost.com', port=443): Read timed out. (read timeout=7) on URL https://www.washingtonpost.com/opinions/2022/06/23/judge-rejects-fox-dismissal-effort-dominion-lawsuit/",)
e自身:Article `download()` failed with HTTPSConnectionPool(host='www.washingtonpost.com', port=443): Read timed out. (read timeout=7) on URL https://www.washingtonpost.com/opinions/2022/06/23/judge-rejects-fox-dismissal-effort-dominion-lawsuit/
=== エラー内容 ===
type:<class 'newspaper.article.ArticleException'>
args:("Article `download()` failed with HTTPSConnectionPool(host='www.washingtonpost.com', port=443): Read timed out. (read timeout=7) on URL https://www.washingtonpost.com/dc-md-va/2022/06/23/oath-keepers-indictment-jan6/",)
e自身:Article `download()` failed with HTTPSConnectionPool(host='www.washingtonpost.com', port=443): Read timed out. (read timeout=7) on URL https://www.washingtonpost.com/dc-md-va/2022/06/23/oath-keepers-indictment-jan6/
=== エラー内容 ===
type:<class 'newspaper.article.ArticleException'>
args:("Article `download()` failed with HTTPSConnectionPool(host='www.washingtonpost.com', port=443): Read timed out. (read timeout=7) on URL https://www.washingtonpost.com/politics/2022/06/23/trump-documentary-jan-6/",)
e自身:Article `download()` failed with HTTPSConnectionPool(host='www.washingtonpost.com', port=443): Read timed out. (read timeout=7) on URL https://www.washingtonpost.com/politics/2022/06/23/trump-documentary-jan-6/
=== エラー内容 ===
type:<class 'newspaper.article.ArticleException'>
args:("Article `download()` failed with HTTPSConnectionPool(host='www.washingtonpost.com', port=443): Read timed out. (read timeout=7) on URL https://www.washingtonpost.com/national-security/2022/06/23/jan6-doj-clark-rosen-donoghue-testimony/",)
e自身:Article `download()` failed with HTTPSConnectionPool(host='www.washingtonpost.com', port=443): Read timed out. (read timeout=7) on URL https://www.washingtonpost.com/national-security/2022/06/23/jan6-doj-clark-rosen-donoghue-testimony/
=== エラー内容 ===
type:<class 'newspaper.article.ArticleException'>
args:("Article `download()` failed with HTTPSConnectionPool(host='www.washingtonpost.com', port=443): Read timed out. (read timeout=7) on URL https://www.washingtonpost.com/investigations/2022/06/24/roger-stone-footage-video-capitol/",)
e自身:Article `download()` failed with HTTPSConnectionPool(host='www.washingtonpost.com', port=443): Read timed out. (read timeout=7) on URL https://www.washingtonpost.com/investigations/2022/06/24/roger-stone-footage-video-capitol/
=== エラー内容 ===
type:<class 'newspaper.article.ArticleException'>
args:("Article `download()` failed with HTTPSConnectionPool(host='www.washingtonpost.com', port=443): Read timed out. (read timeout=7) on URL https://www.washingtonpost.com/national/john-williams-90-steps-away-from-film-but-not-music/2022/06/23/26b97ac2-f2f2-11ec-ac16-8fbf7194cd78_story.html",)
e自身:Article `download()` failed with HTTPSConnectionPool(host='www.washingtonpost.com', port=443): Read timed out. (read timeout=7) on URL https://www.washingtonpost.com/national/john-williams-90-steps-away-from-film-but-not-music/2022/06/23/26b97ac2-f2f2-11ec-ac16-8fbf7194cd78_story.html
=== エラー内容 ===
type:<class 'newspaper.article.ArticleException'>
args:("Article `download()` failed with HTTPSConnectionPool(host='www.washingtonpost.com', port=443): Read timed out. (read timeout=7) on URL https://www.washingtonpost.com/politics/2022/06/23/5-takeaways-jan-6-hearing-trumps-doj-plot/",)
e自身:Article `download()` failed with HTTPSConnectionPool(host='www.washingtonpost.com', port=443): Read timed out. (read timeout=7) on URL https://www.washingtonpost.com/politics/2022/06/23/5-takeaways-jan-6-hearing-trumps-doj-plot/
=== エラー内容 ===
type:<class 'newspaper.article.ArticleException'>
args:("Article `download()` failed with HTTPSConnectionPool(host='www.washingtonpost.com', port=443): Read timed out. (read timeout=7) on URL https://www.washingtonpost.com/politics/2022/06/23/cornyn-criticisms-nra-guns/",)
e自身:Article `download()` failed with HTTPSConnectionPool(host='www.washingtonpost.com', port=443): Read timed out. (read timeout=7) on URL https://www.washingtonpost.com/politics/2022/06/23/cornyn-criticisms-nra-guns/
=== エラー内容 ===
type:<class 'newspaper.article.ArticleException'>
args:("Article `download()` failed with HTTPSConnectionPool(host='www.washingtonpost.com', port=443): Read timed out. (read timeout=7) on URL https://www.washingtonpost.com/opinions/2022/06/23/judge-rejects-fox-dismissal-effort-dominion-lawsuit/",)
e自身:Article `download()` failed with HTTPSConnectionPool(host='www.washingtonpost.com', port=443): Read timed out. (read timeout=7) on URL https://www.washingtonpost.com/opinions/2022/06/23/judge-rejects-fox-dismissal-effort-dominion-lawsuit/
=== エラー内容 ===
type:<class 'newspaper.article.ArticleException'>
args:("Article `download()` failed with HTTPSConnectionPool(host='www.washingtonpost.com', port=443): Read timed out. (read timeout=7) on URL https://www.washingtonpost.com/education/2022/06/23/title-ix-biden-trans-sexual-assault-college/",)
e自身:Article `download()` failed with HTTPSConnectionPool(host='www.washingtonpost.com', port=443): Read timed out. (read timeout=7) on URL https://www.washingtonpost.com/education/2022/06/23/title-ix-biden-trans-sexual-assault-college/
=== エラー内容 ===
type:<class 'newspaper.article.ArticleException'>
args:("Article `download()` failed with HTTPSConnectionPool(host='www.washingtonpost.com', port=443): Read timed out. (read timeout=7) on URL https://www.washingtonpost.com/business/2022/06/24/abortion-supreme-court-corporate-reaction/?utm_source=rss&utm_medium=referral&utm_campaign=wp_business",)
e自身:Article `download()` failed with HTTPSConnectionPool(host='www.washingtonpost.com', port=443): Read timed out. (read timeout=7) on URL https://www.washingtonpost.com/business/2022/06/24/abortion-supreme-court-corporate-reaction/?utm_source=rss&utm_medium=referral&utm_campaign=wp_business
=== エラー内容 ===
type:<class 'newspaper.article.ArticleException'>
args:("Article `download()` failed with HTTPSConnectionPool(host='www.washingtonpost.com', port=443): Read timed out. (read timeout=7) on URL https://www.washingtonpost.com/politics/2022/06/23/greitens-hunting-ad-gop-opposition-senate/",)
e自身:Article `download()` failed with HTTPSConnectionPool(host='www.washingtonpost.com', port=443): Read timed out. (read timeout=7) on URL https://www.washingtonpost.com/politics/2022/06/23/greitens-hunting-ad-gop-opposition-senate/
=== エラー内容 ===
type:<class 'newspaper.article.ArticleException'>
args:("Article `download()` failed with HTTPSConnectionPool(host='www.washingtonpost.com', port=443): Read timed out. (read timeout=7) on URL https://www.washingtonpost.com/national-security/2022/06/23/jeffrey-clark-house-search/",)
e自身:Article `download()` failed with HTTPSConnectionPool(host='www.washingtonpost.com', port=443): Read timed out. (read timeout=7) on URL https://www.washingtonpost.com/national-security/2022/06/23/jeffrey-clark-house-search/
=== エラー内容 ===
type:<class 'newspaper.article.ArticleException'>
args:("Article `download()` failed with HTTPSConnectionPool(host='www.washingtonpost.com', port=443): Read timed out. (read timeout=7) on URL https://www.washingtonpost.com/politics/2022/06/24/supreme-court-ruling-abortion-dobbs/",)
e自身:Article `download()` failed with HTTPSConnectionPool(host='www.washingtonpost.com', port=443): Read timed out. (read timeout=7) on URL https://www.washingtonpost.com/politics/2022/06/24/supreme-court-ruling-abortion-dobbs/
=== エラー内容 ===
type:<class 'newspaper.article.ArticleException'>
args:("Article `download()` failed with HTTPSConnectionPool(host='www.washingtonpost.com', port=443): Read timed out. (read timeout=7) on URL https://www.washingtonpost.com/national-security/2022/06/23/jan6-doj-clark-rosen-donoghue-testimony/",)
e自身:Article `download()` failed with HTTPSConnectionPool(host='www.washingtonpost.com', port=443): Read timed out. (read timeout=7) on URL https://www.washingtonpost.com/national-security/2022/06/23/jan6-doj-clark-rosen-donoghue-testimony/
=== エラー内容 ===
type:<class 'newspaper.article.ArticleException'>
args:("Article `download()` failed with HTTPSConnectionPool(host='www.washingtonpost.com', port=443): Read timed out. (read timeout=7) on URL https://www.washingtonpost.com/nation/2022/06/24/supreme-court-abortion-ruling/",)
e自身:Article `download()` failed with HTTPSConnectionPool(host='www.washingtonpost.com', port=443): Read timed out. (read timeout=7) on URL https://www.washingtonpost.com/nation/2022/06/24/supreme-court-abortion-ruling/
=== エラー内容 ===
type:<class 'newspaper.article.ArticleException'>
args:("Article `download()` failed with HTTPSConnectionPool(host='www.washingtonpost.com', port=443): Read timed out. (read timeout=7) on URL https://www.washingtonpost.com/opinions/2022/06/23/activist-justice-all/",)
e自身:Article `download()` failed with HTTPSConnectionPool(host='www.washingtonpost.com', port=443): Read timed out. (read timeout=7) on URL https://www.washingtonpost.com/opinions/2022/06/23/activist-justice-all/
=== エラー内容 ===
type:<class 'newspaper.article.ArticleException'>
args:("Article `download()` failed with HTTPSConnectionPool(host='www.washingtonpost.com', port=443): Read timed out. (read timeout=7) on URL https://www.washingtonpost.com/politics/2022/06/23/5-takeaways-jan-6-hearing-trumps-doj-plot/",)
e自身:Article `download()` failed with HTTPSConnectionPool(host='www.washingtonpost.com', port=443): Read timed out. (read timeout=7) on URL https://www.washingtonpost.com/politics/2022/06/23/5-takeaways-jan-6-hearing-trumps-doj-plot/
=== エラー内容 ===
type:<class 'newspaper.article.ArticleException'>
args:("Article `download()` failed with HTTPSConnectionPool(host='www.washingtonpost.com', port=443): Read timed out. (read timeout=7) on URL https://www.washingtonpost.com/politics/2022/06/23/cornyn-criticisms-nra-guns/",)
e自身:Article `download()` failed with HTTPSConnectionPool(host='www.washingtonpost.com', port=443): Read timed out. (read timeout=7) on URL https://www.washingtonpost.com/politics/2022/06/23/cornyn-criticisms-nra-guns/
=== エラー内容 ===
type:<class 'newspaper.article.ArticleException'>
args:("Article `download()` failed with HTTPSConnectionPool(host='www.washingtonpost.com', port=443): Read timed out. (read timeout=7) on URL https://www.washingtonpost.com/education/2022/06/23/title-ix-biden-trans-sexual-assault-college/",)
e自身:Article `download()` failed with HTTPSConnectionPool(host='www.washingtonpost.com', port=443): Read timed out. (read timeout=7) on URL https://www.washingtonpost.com/education/2022/06/23/title-ix-biden-trans-sexual-assault-college/
=== エラー内容 ===
type:<class 'newspaper.article.ArticleException'>
args:("Article `download()` failed with HTTPSConnectionPool(host='www.washingtonpost.com', port=443): Read timed out. (read timeout=7) on URL https://www.washingtonpost.com/opinions/2022/06/23/judge-rejects-fox-dismissal-effort-dominion-lawsuit/",)
e自身:Article `download()` failed with HTTPSConnectionPool(host='www.washingtonpost.com', port=443): Read timed out. (read timeout=7) on URL https://www.washingtonpost.com/opinions/2022/06/23/judge-rejects-fox-dismissal-effort-dominion-lawsuit/
=== エラー内容 ===
type:<class 'newspaper.article.ArticleException'>
args:("Article `download()` failed with HTTPSConnectionPool(host='www.washingtonpost.com', port=443): Read timed out. (read timeout=7) on URL https://www.washingtonpost.com/politics/2022/06/23/trump-documentary-jan-6/",)
e自身:Article `download()` failed with HTTPSConnectionPool(host='www.washingtonpost.com', port=443): Read timed out. (read timeout=7) on URL https://www.washingtonpost.com/politics/2022/06/23/trump-documentary-jan-6/
=== エラー内容 ===
type:<class 'newspaper.article.ArticleException'>
args:("Article `download()` failed with HTTPSConnectionPool(host='www.washingtonpost.com', port=443): Read timed out. (read timeout=7) on URL https://www.washingtonpost.com/national-security/2022/06/23/jeffrey-clark-house-search/",)
e自身:Article `download()` failed with HTTPSConnectionPool(host='www.washingtonpost.com', port=443): Read timed out. (read timeout=7) on URL https://www.washingtonpost.com/national-security/2022/06/23/jeffrey-clark-house-search/
=== エラー内容 ===
type:<class 'newspaper.article.ArticleException'>
args:("Article `download()` failed with HTTPSConnectionPool(host='www.washingtonpost.com', port=443): Read timed out. (read timeout=7) on URL https://www.washingtonpost.com/nation/2022/06/24/supreme-court-abortion-ruling/",)
e自身:Article `download()` failed with HTTPSConnectionPool(host='www.washingtonpost.com', port=443): Read timed out. (read timeout=7) on URL https://www.washingtonpost.com/nation/2022/06/24/supreme-court-abortion-ruling/
=== エラー内容 ===
type:<class 'newspaper.article.ArticleException'>
args:("Article `download()` failed with HTTPSConnectionPool(host='www.washingtonpost.com', port=443): Read timed out. (read timeout=7) on URL https://www.washingtonpost.com/national-security/2022/06/23/jan6-doj-clark-rosen-donoghue-testimony/",)
e自身:Article `download()` failed with HTTPSConnectionPool(host='www.washingtonpost.com', port=443): Read timed out. (read timeout=7) on URL https://www.washingtonpost.com/national-security/2022/06/23/jan6-doj-clark-rosen-donoghue-testimony/
=== エラー内容 ===
type:<class 'newspaper.article.ArticleException'>
args:("Article `download()` failed with HTTPSConnectionPool(host='www.washingtonpost.com', port=443): Read timed out. (read timeout=7) on URL https://www.washingtonpost.com/technology/2022/06/24/delete-yourself-online/",)
e自身:Article `download()` failed with HTTPSConnectionPool(host='www.washingtonpost.com', port=443): Read timed out. (read timeout=7) on URL https://www.washingtonpost.com/technology/2022/06/24/delete-yourself-online/
=== エラー内容 ===
type:<class 'newspaper.article.ArticleException'>
args:("Article `download()` failed with HTTPSConnectionPool(host='www.washingtonpost.com', port=443): Read timed out. (read timeout=7) on URL https://www.washingtonpost.com/technology/2022/06/24/delete-yourself-online/",)
e自身:Article `download()` failed with HTTPSConnectionPool(host='www.washingtonpost.com', port=443): Read timed out. (read timeout=7) on URL https://www.washingtonpost.com/technology/2022/06/24/delete-yourself-online/
=== エラー内容 ===
type:<class 'newspaper.article.ArticleException'>
args:("Article `download()` failed with HTTPSConnectionPool(host='www.washingtonpost.com', port=443): Read timed out. (read timeout=7) on URL https://www.washingtonpost.com/politics/2022/06/23/jan-6-committee-connects-two-strands-trumps-effort-retain-power/",)
e自身:Article `download()` failed with HTTPSConnectionPool(host='www.washingtonpost.com', port=443): Read timed out. (read timeout=7) on URL https://www.washingtonpost.com/politics/2022/06/23/jan-6-committee-connects-two-strands-trumps-effort-retain-power/
=== エラー内容 ===
type:<class 'newspaper.article.ArticleException'>
args:("Article `download()` failed with HTTPSConnectionPool(host='www.washingtonpost.com', port=443): Read timed out. (read timeout=7) on URL https://www.washingtonpost.com/investigations/2022/06/24/roger-stone-footage-video-capitol/",)
e自身:Article `download()` failed with HTTPSConnectionPool(host='www.washingtonpost.com', port=443): Read timed out. (read timeout=7) on URL https://www.washingtonpost.com/investigations/2022/06/24/roger-stone-footage-video-capitol/
=== エラー内容 ===
type:<class 'newspaper.article.ArticleException'>
args:("Article `download()` failed with HTTPSConnectionPool(host='www.washingtonpost.com', port=443): Read timed out. (read timeout=7) on URL https://www.washingtonpost.com/national/john-williams-90-steps-away-from-film-but-not-music/2022/06/23/26b97ac2-f2f2-11ec-ac16-8fbf7194cd78_story.html",)
e自身:Article `download()` failed with HTTPSConnectionPool(host='www.washingtonpost.com', port=443): Read timed out. (read timeout=7) on URL https://www.washingtonpost.com/national/john-williams-90-steps-away-from-film-but-not-music/2022/06/23/26b97ac2-f2f2-11ec-ac16-8fbf7194cd78_story.html
=== エラー内容 ===
type:<class 'newspaper.article.ArticleException'>
args:("Article `download()` failed with HTTPSConnectionPool(host='www.washingtonpost.com', port=443): Read timed out. (read timeout=7) on URL https://www.washingtonpost.com/national-security/2022/06/23/united-states-havana-syndrome-payments/",)
e自身:Article `download()` failed with HTTPSConnectionPool(host='www.washingtonpost.com', port=443): Read timed out. (read timeout=7) on URL https://www.washingtonpost.com/national-security/2022/06/23/united-states-havana-syndrome-payments/
=== エラー内容 ===
type:<class 'newspaper.article.ArticleException'>
args:("Article `download()` failed with HTTPSConnectionPool(host='www.washingtonpost.com', port=443): Read timed out. (read timeout=7) on URL https://www.washingtonpost.com/dc-md-va/2022/06/24/hatchet-speed-jan6-arrest/",)
e自身:Article `download()` failed with HTTPSConnectionPool(host='www.washingtonpost.com', port=443): Read timed out. (read timeout=7) on URL https://www.washingtonpost.com/dc-md-va/2022/06/24/hatchet-speed-jan6-arrest/
=== エラー内容 ===
type:<class 'newspaper.article.ArticleException'>
args:("Article `download()` failed with HTTPSConnectionPool(host='www.washingtonpost.com', port=443): Read timed out. (read timeout=7) on URL https://www.washingtonpost.com/education/2022/06/23/title-ix-biden-trans-sexual-assault-college/",)
e自身:Article `download()` failed with HTTPSConnectionPool(host='www.washingtonpost.com', port=443): Read timed out. (read timeout=7) on URL https://www.washingtonpost.com/education/2022/06/23/title-ix-biden-trans-sexual-assault-college/
=== エラー内容 ===
type:<class 'newspaper.article.ArticleException'>
args:("Article `download()` failed with HTTPSConnectionPool(host='www.foxbusiness.com', port=443): Read timed out. (read timeout=7) on URL https://www.foxbusiness.com/media/larry-kudlow-biden-serious-stopping-record-gas-prices",)
e自身:Article `download()` failed with HTTPSConnectionPool(host='www.foxbusiness.com', port=443): Read timed out. (read timeout=7) on URL https://www.foxbusiness.com/media/larry-kudlow-biden-serious-stopping-record-gas-prices
=== エラー内容 ===
type:<class 'newspaper.article.ArticleException'>
args:("Article `download()` failed with HTTPSConnectionPool(host='www.foxbusiness.com', port=443): Read timed out. (read timeout=7) on URL https://www.foxbusiness.com/lifestyle/daily-harvest-pathogen-toxicology-results-negative-so-far-french-lentil-leek-crumbles-testing",)
e自身:Article `download()` failed with HTTPSConnectionPool(host='www.foxbusiness.com', port=443): Read timed out. (read timeout=7) on URL https://www.foxbusiness.com/lifestyle/daily-harvest-pathogen-toxicology-results-negative-so-far-french-lentil-leek-crumbles-testing
=== エラー内容 ===
type:<class 'newspaper.article.ArticleException'>
args:("Article `download()` failed with HTTPSConnectionPool(host='www.reuters.com', port=443): Read timed out. (read timeout=7) on URL https://www.reuters.com/business/aerospace-defense/airbus-ceo-supply-problems-may-improve-mid-2023-2022-06-23/",)
e自身:Article `download()` failed with HTTPSConnectionPool(host='www.reuters.com', port=443): Read timed out. (read timeout=7) on URL https://www.reuters.com/business/aerospace-defense/airbus-ceo-supply-problems-may-improve-mid-2023-2022-06-23/
=== エラー内容 ===
type:<class 'newspaper.article.ArticleException'>
args:("Article `download()` failed with HTTPSConnectionPool(host='www.reuters.com', port=443): Read timed out. (read timeout=7) on URL https://www.reuters.com/world/europe/ukraine-already-using-us-supplied-rocket-systems-conflict-top-general-2022-06-25/",)
e自身:Article `download()` failed with HTTPSConnectionPool(host='www.reuters.com', port=443): Read timed out. (read timeout=7) on URL https://www.reuters.com/world/europe/ukraine-already-using-us-supplied-rocket-systems-conflict-top-general-2022-06-25/
=== エラー内容 ===
type:<class 'newspaper.article.ArticleException'>
args:("Article `download()` failed with HTTPSConnectionPool(host='www.thestreet.com', port=443): Read timed out. (read timeout=7) on URL https://www.thestreet.com/investing/disneyland-beloved-nighttime-event",)
e自身:Article `download()` failed with HTTPSConnectionPool(host='www.thestreet.com', port=443): Read timed out. (read timeout=7) on URL https://www.thestreet.com/investing/disneyland-beloved-nighttime-event
=== エラー内容 ===
type:<class 'IndexError'>
args:('list index out of range',)
e自身:list index out of range
タイトル:Hong Kong's Hang Seng rises 2% led by Chinese tech stocks
Stock futures rise slightly following a major comeback week for stocks
Oversold global stocks that analysts think are ripe for a rebound
‘Apathetic’ investors will embrace banks: RBC top analyst predicts comeback in year’s second half
Cramer’s week ahead: Next week will be a bellwether for the upcoming earnings season
Meet the architect helping tech companies like Intuit redesign offices for hybrid work
Stay away from this company poised to go public next week, Jim Cramer warns
Chinese stocks tumble as tech shares in Hong Kong fall; oil drops more than 4%
5 things to know before the stock market opens Thursday
European markets close lower, reversing gains made earlier this week; Mining stocks fall 5%
Cramer's lightning round: Move on from DigitalBridge
Three easy ways to find hidden cameras in hotels and rental homes
Op-ed: The EU’s rewiring due to the war in Ukraine is game-changing, if it doesn’t short-circuit before the job is done
UBS: What the next recession may look like — if history is any guide
Dan Niles sees no bottom in sight for stocks as earnings could be 'absolutely horrible'

日本語タイトル:['香港のハンセン、中国ハイテク株に牽引され2％上昇', '株価の大逆転を受け、株式先物は小幅上昇', 'アナリストが考える売られすぎの世界株は反発の機が熟した', '無関心」な投資家は銀行を受け入れるだろう。RBCのトップアナリストは、今年後半のカムバックを予想。', 'クレーマーの1週間 来週は、今後の業績動向を占う上で重要な週になります。', 'ハイブリッドワークのためにオフィスを再設計するIntuitのようなハイテク企業を支援する建築家を紹介します。', '来週上場予定のこの会社には手を出すな、とJim Cramerは警告しています。', '香港のハイテク株下落で中国株は暴落、原油は4％以上下落', '木曜日の株式市場が開く前に知っておくべき5つのこと', '欧州市場、今週前半の上昇分を取り戻し下落で終了、鉱業株は5%下落', 'クレイマーのライトニングラウンド デジタルブリッジから移行する', 'ホテルや賃貸住宅にある隠しカメラの簡単な見つけ方3つ', 'オピニオン ウクライナ戦争によるEUの再配線は、仕事が終わる前に短絡しなければ、ゲームチェンジャーとなる。', 'UBS 日本経済新聞社：次の不況はどのようなものか - 歴史が導くものであるならば']
=== エラー内容 ===
type:<class 'IndexError'>
args:('list index out of range',)
e自身:list index out of range
タイトル:Walmart Has a New Way to Take Down Amazon
TheStreet.com's AAP Team: Bullish & Bearish
Elon Musk Goes Twitter Silent
Birth Control Stocks May Benefit From the Reversal of Roe v. Wade
Toyota Has More Bad News for Vehicle Owners
Stocks Edge Higher, Week Ahead, Russian Oil, Nike and Spirit Airlines - Five Things To Know
Unusual Option Activity in ZenDesk 1 Day Before Buyout
Crypto Company Banxa to Lay Off Around 30% of Employees
It's a Cannabis Buyers' Market
Will Las Vegas Strip Casinos Ban a Popular Bad Habit?
Get a $10 Credit for Using Your Amazon Prime Benefits
Barstool's Portnoy Comes Out Against Republicans
Disney Rolls Out Even Pricier Experience Than Its Star Wars Hotel
Why Your Next Flight Has a Higher Chance of Being Canceled
Wells Fargo Stock Leads Bank Gains As Fed Stress Tests Boost Dividend Bets

日本語タイトル:['ウォルマートはアマゾンを倒す新しい方法を手に入れた', 'TheStreet.comのAAPチーム。強気と弱気', 'イーロン・マスク、ツイッターを沈黙させる', '米連邦準備制度理事会（Roe v. Wade）崩壊で、避妊具関連銘柄が利益を得る可能性', 'トヨタ、車両所有者にさらなる悪いニュース', '株価は上昇、週明けはロシア石油、ナイキ、スピリット航空-知っておくべき5つのこと', 'バイアウトの1日前にZenDeskで異常なオプションの動き', '暗号会社Banxa、従業員の約30％をレイオフへ', '大麻のバイヤーズマーケットです', 'ラスベガス・ストリップのカジノは人気の悪習慣を禁止するか？', 'Amazonプライム特典の利用で10ドル分のクレジットをプレゼント', 'バースツールのポートノイ、共和党に反旗を翻す', 'ディズニーは、スターウォーズホテルよりもさらに高価な体験を展開する', '日本航空のフライトがキャンセルされる可能性が高い理由']
=== エラー内容 ===
type:<class 'newspaper.article.ArticleException'>
args:("Article `download()` failed with HTTPSConnectionPool(host='www.foxbusiness.com', port=443): Read timed out. (read timeout=7) on URL https://www.foxbusiness.com/business-leaders/corporate-america-fights-supreme-court-abortion-decision",)
e自身:Article `download()` failed with HTTPSConnectionPool(host='www.foxbusiness.com', port=443): Read timed out. (read timeout=7) on URL https://www.foxbusiness.com/business-leaders/corporate-america-fights-supreme-court-abortion-decision
=== エラー内容 ===
type:<class 'newspaper.article.ArticleException'>
args:("Article `download()` failed with HTTPSConnectionPool(host='www.thestreet.com', port=443): Read timed out. (read timeout=7) on URL https://www.thestreet.com/investing/inventory-is-the-issue-with-cannabis",)
e自身:Article `download()` failed with HTTPSConnectionPool(host='www.thestreet.com', port=443): Read timed out. (read timeout=7) on URL https://www.thestreet.com/investing/inventory-is-the-issue-with-cannabis
=== エラー内容 ===
type:<class 'IndexError'>
args:('list index out of range',)
e自身:list index out of range
タイトル:Ray-Ban's billionaire owner Leonardo Del Vecchio dies
Ukrainian tennis player Elina Svitolina on a 'mission' to help war-torn country
'I've never experienced pain like that': Influencers recount harrowing experiences with Daily Harvest crumbles, blast company's handling of recall
All the recession warning signs this week
America's chaotic new reality over abortion takes shape
Russian missiles hit Kyiv as G7 summit begins in Europe
Supreme Court rules school district cannot prohibit high school football coach's prayers on field
At least 4 dead, hundreds injured after collapse at stadium in Colombia
Russia's war in Ukraine: live updates
What to watch from Joe Biden's trip to the G7
West pushes Russia into its first foreign debt default since 1918
Cold War warning sirens are sounding across France. Here's why
Biden signs bipartisan gun safety bill into law: 'God willing, it's going to save a lot of lives'
Energy prices are causing chaos in Asia. Here's why the rest of the world should worry
Crypto is crashing but the tech behind it could save luxury brands billions

日本語タイトル:['レイバンの億万長者オーナー、レオナルド・デル・ベッキオ氏が死去', 'ウクライナのテニスプレーヤー、エリナ・スビトリーナが戦乱の国を救う "使命 "を担う', 'あんな痛みは経験したことがない」。旭化成の "旭化成ファクトリー "が、旭化成の "旭化成ファクトリー "を買収。', '今週の景気後退の警告', '中絶をめぐるアメリカの混沌とした新しい現実が姿を現す', '欧州でG7サミットが開催され、ロシアのミサイルがキエフを直撃', '最高裁、高校フットボール部のコーチがフィールドで祈ることを学区が禁止することはできないと判断', 'コロンビアのスタジアムで倒壊事故、少なくとも4人死亡、数百人が負傷', 'ロシアのウクライナ戦争：ライブアップデート', 'G7でのジョー・バイデン氏訪問の注目点', '西側諸国はロシアを1918年以来の債務不履行に追い込む', 'フランス全土で冷戦警告のサイレンが鳴り響く。その理由はここにある', 'バイデン氏が超党派の銃器安全法案に署名：「神の思し召しで、多くの命が救われることになる', 'エネルギー価格がアジアで混乱を引き起こしている。世界の他の国々が心配すべき理由はここにある。']
=== エラー内容 ===
type:<class 'newspaper.article.ArticleException'>
args:("Article `download()` failed with HTTPSConnectionPool(host='www.bloomberg.com', port=443): Read timed out. (read timeout=7) on URL https://www.bloomberg.com/news/articles/2022-06-26/-elvis-tops-box-office-as-lightyear-slides-to-fifth-place",)
e自身:Article `download()` failed with HTTPSConnectionPool(host='www.bloomberg.com', port=443): Read timed out. (read timeout=7) on URL https://www.bloomberg.com/news/articles/2022-06-26/-elvis-tops-box-office-as-lightyear-slides-to-fifth-place
=== エラー内容 ===
type:<class 'newspaper.article.ArticleException'>
args:("Article `download()` failed with HTTPSConnectionPool(host='www.foxbusiness.com', port=443): Read timed out. (read timeout=7) on URL https://www.foxbusiness.com/markets/5-things-to-know-6-24-2022",)
e自身:Article `download()` failed with HTTPSConnectionPool(host='www.foxbusiness.com', port=443): Read timed out. (read timeout=7) on URL https://www.foxbusiness.com/markets/5-things-to-know-6-24-2022
=== エラー内容 ===
type:<class 'newspaper.article.ArticleException'>
args:("Article `download()` failed with HTTPSConnectionPool(host='www.foxbusiness.com', port=443): Read timed out. (read timeout=7) on URL https://www.foxbusiness.com/markets/crypto-exchange-ftx-talks-acquire-stake-blockfi",)
e自身:Article `download()` failed with HTTPSConnectionPool(host='www.foxbusiness.com', port=443): Read timed out. (read timeout=7) on URL https://www.foxbusiness.com/markets/crypto-exchange-ftx-talks-acquire-stake-blockfi
=== エラー内容 ===
type:<class 'newspaper.article.ArticleException'>
args:("Article `download()` failed with HTTPSConnectionPool(host='www.foxbusiness.com', port=443): Read timed out. (read timeout=7) on URL https://www.foxbusiness.com/markets/markets-5-things-to-know-6-28-2022",)
e自身:Article `download()` failed with HTTPSConnectionPool(host='www.foxbusiness.com', port=443): Read timed out. (read timeout=7) on URL https://www.foxbusiness.com/markets/markets-5-things-to-know-6-28-2022
=== エラー内容 ===
type:<class 'newspaper.article.ArticleException'>
args:("Article `download()` failed with HTTPSConnectionPool(host='markets.businessinsider.com', port=443): Read timed out. (read timeout=7) on URL https://markets.businessinsider.com/news/commodities/russian-oil-fuel-tanker-new-orleans-us-embargo-ukraine-sanctions-2022-6",)
e自身:Article `download()` failed with HTTPSConnectionPool(host='markets.businessinsider.com', port=443): Read timed out. (read timeout=7) on URL https://markets.businessinsider.com/news/commodities/russian-oil-fuel-tanker-new-orleans-us-embargo-ukraine-sanctions-2022-6
=== エラー内容 ===
type:<class 'newspaper.article.ArticleException'>
args:("Article `download()` failed with HTTPSConnectionPool(host='www.cnbc.com', port=443): Max retries exceeded with url: /2022/06/29/european-markets-open-to-close-stocks-data-as-ecb-meets-in-sintra.html (Caused by SSLError(SSLError(1, '[SSL: TLSV1_ALERT_INTERNAL_ERROR] tlsv1 alert internal error (_ssl.c:1123)'))) on URL https://www.cnbc.com/2022/06/29/european-markets-open-to-close-stocks-data-as-ecb-meets-in-sintra.html",)
e自身:Article `download()` failed with HTTPSConnectionPool(host='www.cnbc.com', port=443): Max retries exceeded with url: /2022/06/29/european-markets-open-to-close-stocks-data-as-ecb-meets-in-sintra.html (Caused by SSLError(SSLError(1, '[SSL: TLSV1_ALERT_INTERNAL_ERROR] tlsv1 alert internal error (_ssl.c:1123)'))) on URL https://www.cnbc.com/2022/06/29/european-markets-open-to-close-stocks-data-as-ecb-meets-in-sintra.html
=== エラー内容 ===
type:<class 'IndexError'>
args:('list index out of range',)
e自身:list index out of range
タイトル:Carnival Traders Are Voting With Their Feet - RealMoney
'Are My Home Improvements Tax Deductible?' CPA Answers
TheStreet.com's AAP Team: Bullish & Bearish
General Electric Stock Gains As CEO Larry Culp Takes Over Aviation Division
Major Theme Park Coming to a Sad End
Cathie Wood: I Erred On Inflation, But Recession is Here
Airbnb Ends the Party With A Global Ban
Crypto.com Removes Dogecoin and Shiba Inu from Rewards Program
Birth Control Stocks May Benefit From the Reversal of Roe v. Wade
Walmart Has a New Way to Take Down Amazon
Elon Musk Has a Grudge Against GM
Articles by Mary Helen Gillespie - Retirement Daily on TheStreet: Finance and Retirement Advice, Analysis, and More
Mr. Big Short: Fed May do a 180 on Interest Rates
Crypto Warning From Within: Billionaire Says More Bad News Ahead
Spirit Airlines Stock Has 2% Downside and Almost 50% Upside

日本語タイトル:['カーニバル・トレーダーは自分の足で投票している - RealMoney', '私の家の改善は税金控除の対象になりますか？公認会計士の回答', 'TheStreet.comのAAPチーム。強気と弱気', 'ラリー・カルプCEOが航空部門を引き継ぎ、ゼネラル・エレクトリックの株価は上昇', '大手テーマパークが悲しい結末を迎える', 'キャセイ・ウッド：私はインフレを誤ったが、景気後退はここにある', 'Airbnbは、グローバルな禁止でパーティーを終了する', 'Crypto.com、Dogecoinと柴犬をリワードプログラムから削除', '米国では、「扶養家族」制度が導入される可能性がある。', 'ウォルマート、アマゾンを打ち負かす新たな方法を発見', 'イーロン・マスクはGMに恨みを持っている', 'メアリーヘレン・ギレスピーによる記事 - TheStreetで退職デイリー。金融と退職のアドバイス、分析、および多く', 'ミスター・ビッグ・ショート：FRBは金利を180度変えるかもしれない', 'をご覧ください。を "萌え "ます。']
=== エラー内容 ===
type:<class 'urllib.error.HTTPError'>
args:()
e自身:HTTP Error 404: Not Found
url:https://news.google.com/rss/search?q=+after:2022-6-27+inurl:businessinsider.com&hl=en-US&gl=US&ceid=US:en
=== エラー内容 ===
type:<class 'newspaper.article.ArticleException'>
args:("Article `download()` failed with HTTPSConnectionPool(host='www.cnbc.com', port=443): Max retries exceeded with url: /2022/06/30/pboc-chinese-plans-to-save-hit-a-record-high-in-q2-job-concerns-rise.html (Caused by SSLError(SSLError(1, '[SSL: TLSV1_ALERT_INTERNAL_ERROR] tlsv1 alert internal error (_ssl.c:1123)'))) on URL https://www.cnbc.com/2022/06/30/pboc-chinese-plans-to-save-hit-a-record-high-in-q2-job-concerns-rise.html",)
e自身:Article `download()` failed with HTTPSConnectionPool(host='www.cnbc.com', port=443): Max retries exceeded with url: /2022/06/30/pboc-chinese-plans-to-save-hit-a-record-high-in-q2-job-concerns-rise.html (Caused by SSLError(SSLError(1, '[SSL: TLSV1_ALERT_INTERNAL_ERROR] tlsv1 alert internal error (_ssl.c:1123)'))) on URL https://www.cnbc.com/2022/06/30/pboc-chinese-plans-to-save-hit-a-record-high-in-q2-job-concerns-rise.html
=== エラー内容 ===
type:<class 'newspaper.article.ArticleException'>
args:("Article `download()` failed with HTTPSConnectionPool(host='www.cnbc.com', port=443): Max retries exceeded with url: /2022/06/29/european-markets-open-to-close-stocks-data-as-ecb-meets-in-sintra.html (Caused by SSLError(SSLError(1, '[SSL: TLSV1_ALERT_INTERNAL_ERROR] tlsv1 alert internal error (_ssl.c:1123)'))) on URL https://www.cnbc.com/2022/06/29/european-markets-open-to-close-stocks-data-as-ecb-meets-in-sintra.html",)
e自身:Article `download()` failed with HTTPSConnectionPool(host='www.cnbc.com', port=443): Max retries exceeded with url: /2022/06/29/european-markets-open-to-close-stocks-data-as-ecb-meets-in-sintra.html (Caused by SSLError(SSLError(1, '[SSL: TLSV1_ALERT_INTERNAL_ERROR] tlsv1 alert internal error (_ssl.c:1123)'))) on URL https://www.cnbc.com/2022/06/29/european-markets-open-to-close-stocks-data-as-ecb-meets-in-sintra.html
=== エラー内容 ===
type:<class 'newspaper.article.ArticleException'>
args:("Article `download()` failed with HTTPSConnectionPool(host='www.cnbc.com', port=443): Max retries exceeded with url: /2022/06/29/5-things-to-know-before-the-stock-market-opens-wednesday-june-29.html (Caused by SSLError(SSLError(1, '[SSL: TLSV1_ALERT_INTERNAL_ERROR] tlsv1 alert internal error (_ssl.c:1123)'))) on URL https://www.cnbc.com/2022/06/29/5-things-to-know-before-the-stock-market-opens-wednesday-june-29.html",)
e自身:Article `download()` failed with HTTPSConnectionPool(host='www.cnbc.com', port=443): Max retries exceeded with url: /2022/06/29/5-things-to-know-before-the-stock-market-opens-wednesday-june-29.html (Caused by SSLError(SSLError(1, '[SSL: TLSV1_ALERT_INTERNAL_ERROR] tlsv1 alert internal error (_ssl.c:1123)'))) on URL https://www.cnbc.com/2022/06/29/5-things-to-know-before-the-stock-market-opens-wednesday-june-29.html
=== エラー内容 ===
type:<class 'newspaper.article.ArticleException'>
args:("Article `download()` failed with HTTPSConnectionPool(host='www.foxbusiness.com', port=443): Read timed out. (read timeout=7) on URL https://www.foxbusiness.com/economy/michelin-russian-operations-local-management",)
e自身:Article `download()` failed with HTTPSConnectionPool(host='www.foxbusiness.com', port=443): Read timed out. (read timeout=7) on URL https://www.foxbusiness.com/economy/michelin-russian-operations-local-management
=== エラー内容 ===
type:<class 'urllib.error.HTTPError'>
args:()
e自身:HTTP Error 503: Service Unavailable
url:https://news.google.com/rss/search?q=+after:2022-6-28+inurl:washingtonpost.com&hl=en-US&gl=US&ceid=US:en
=== エラー内容 ===
type:<class 'urllib.error.HTTPError'>
args:()
e自身:HTTP Error 503: Service Unavailable
url:https://news.google.com/rss/search?q=+after:2022-6-17+inurl:cnn.com&hl=en-US&gl=US&ceid=US:en
=== エラー内容 ===
type:<class 'urllib.error.HTTPError'>
args:()
e自身:HTTP Error 503: Service Unavailable
url:https://news.google.com/rss/search?q=+after:2022-6-29+inurl:huffpost.com&hl=en-US&gl=US&ceid=US:en
=== エラー内容 ===
type:<class 'urllib.error.HTTPError'>
args:()
e自身:HTTP Error 503: Service Unavailable
url:https://news.google.com/rss/search?q=+after:2022-6-29+inurl:bloomberg.com&hl=en-US&gl=US&ceid=US:en
=== エラー内容 ===
type:<class 'urllib.error.HTTPError'>
args:()
e自身:HTTP Error 503: Service Unavailable
url:https://news.google.com/rss/search?q=+after:2022-6-29+inurl:fool.com&hl=en-US&gl=US&ceid=US:en
=== エラー内容 ===
type:<class 'urllib.error.HTTPError'>
args:()
e自身:HTTP Error 503: Service Unavailable
url:https://news.google.com/rss/search?q=+after:2022-6-17+inurl:cnn.com&hl=en-US&gl=US&ceid=US:en
=== エラー内容 ===
type:<class 'urllib.error.HTTPError'>
args:()
e自身:HTTP Error 503: Service Unavailable
url:https://news.google.com/rss/search?q=+after:2022-6-29+inurl:bloomberg.com&hl=en-US&gl=US&ceid=US:en
=== エラー内容 ===
type:<class 'urllib.error.HTTPError'>
args:()
e自身:HTTP Error 503: Service Unavailable
url:https://news.google.com/rss/search?q=+after:2022-6-17+inurl:cnn.com&hl=en-US&gl=US&ceid=US:en
=== エラー内容 ===
type:<class 'urllib.error.HTTPError'>
args:()
e自身:HTTP Error 503: Service Unavailable
url:https://news.google.com/rss/search?q=+after:2022-6-29+inurl:reuters.com&hl=en-US&gl=US&ceid=US:en
=== エラー内容 ===
type:<class 'urllib.error.HTTPError'>
args:()
e自身:HTTP Error 503: Service Unavailable
url:https://news.google.com/rss/search?q=+after:2022-6-17+inurl:washingtonpost.com&hl=en-US&gl=US&ceid=US:en
=== エラー内容 ===
type:<class 'urllib.error.HTTPError'>
args:()
e自身:HTTP Error 503: Service Unavailable
url:https://news.google.com/rss/search?q=+after:2022-6-17+inurl:businessinsider.com&hl=en-US&gl=US&ceid=US:en
=== エラー内容 ===
type:<class 'urllib.error.HTTPError'>
args:()
e自身:HTTP Error 503: Service Unavailable
url:https://news.google.com/rss/search?q=+after:2022-6-17+inurl:washingtonpost.com&hl=en-US&gl=US&ceid=US:en
=== エラー内容 ===
type:<class 'urllib.error.HTTPError'>
args:()
e自身:HTTP Error 503: Service Unavailable
url:https://news.google.com/rss/search?q=+after:2022-6-29+inurl:cnn.com&hl=en-US&gl=US&ceid=US:en
=== エラー内容 ===
type:<class 'urllib.error.HTTPError'>
args:()
e自身:HTTP Error 503: Service Unavailable
url:https://news.google.com/rss/search?q=+after:2022-6-29+inurl:huffpost.com&hl=en-US&gl=US&ceid=US:en
=== エラー内容 ===
type:<class 'urllib.error.HTTPError'>
args:()
e自身:HTTP Error 503: Service Unavailable
url:https://news.google.com/rss/search?q=+after:2022-6-29+inurl:bloomberg.com&hl=en-US&gl=US&ceid=US:en
=== エラー内容 ===
type:<class 'urllib.error.HTTPError'>
args:()
e自身:HTTP Error 503: Service Unavailable
url:https://news.google.com/rss/search?q=+after:2022-6-17+inurl:bloomberg.com&hl=en-US&gl=US&ceid=US:en
=== エラー内容 ===
type:<class 'urllib.error.HTTPError'>
args:()
e自身:HTTP Error 503: Service Unavailable
url:https://news.google.com/rss/search?q=+after:2022-6-17+inurl:bloomberg.com&hl=en-US&gl=US&ceid=US:en
=== エラー内容 ===
type:<class 'urllib.error.HTTPError'>
args:()
e自身:HTTP Error 503: Service Unavailable
url:https://news.google.com/rss/search?q=+after:2022-6-17+inurl:fool.com&hl=en-US&gl=US&ceid=US:en
=== エラー内容 ===
type:<class 'urllib.error.HTTPError'>
args:()
e自身:HTTP Error 503: Service Unavailable
url:https://news.google.com/rss/search?q=+after:2022-6-29+inurl:cnn.com&hl=en-US&gl=US&ceid=US:en
=== エラー内容 ===
type:<class 'urllib.error.HTTPError'>
args:()
e自身:HTTP Error 503: Service Unavailable
url:https://news.google.com/rss/search?q=+after:2022-6-29+inurl:huffpost.com&hl=en-US&gl=US&ceid=US:en
=== エラー内容 ===
type:<class 'urllib.error.HTTPError'>
args:()
e自身:HTTP Error 503: Service Unavailable
url:https://news.google.com/rss/search?q=+after:2022-6-17+inurl:businessinsider.com&hl=en-US&gl=US&ceid=US:en
=== エラー内容 ===
type:<class 'urllib.error.HTTPError'>
args:()
e自身:HTTP Error 503: Service Unavailable
url:https://news.google.com/rss/search?q=+after:2022-6-17+inurl:cnn.com&hl=en-US&gl=US&ceid=US:en
=== エラー内容 ===
type:<class 'urllib.error.HTTPError'>
args:()
e自身:HTTP Error 503: Service Unavailable
url:https://news.google.com/rss/search?q=+after:2022-6-29+inurl:washingtonpost.com&hl=en-US&gl=US&ceid=US:en
=== エラー内容 ===
type:<class 'urllib.error.HTTPError'>
args:()
e自身:HTTP Error 503: Service Unavailable
url:https://news.google.com/rss/search?q=+after:2022-6-29+inurl:businessinsider.com&hl=en-US&gl=US&ceid=US:en
=== エラー内容 ===
type:<class 'urllib.error.HTTPError'>
args:()
e自身:HTTP Error 503: Service Unavailable
url:https://news.google.com/rss/search?q=+after:2022-6-29+inurl:huffpost.com&hl=en-US&gl=US&ceid=US:en
=== エラー内容 ===
type:<class 'urllib.error.HTTPError'>
args:()
e自身:HTTP Error 503: Service Unavailable
url:https://news.google.com/rss/search?q=+after:2022-6-17+inurl:businessinsider.com&hl=en-US&gl=US&ceid=US:en
=== エラー内容 ===
type:<class 'urllib.error.HTTPError'>
args:()
e自身:HTTP Error 503: Service Unavailable
url:https://news.google.com/rss/search?q=+after:2022-6-29+inurl:foxbusiness.com&hl=en-US&gl=US&ceid=US:en
=== エラー内容 ===
type:<class 'urllib.error.HTTPError'>
args:()
e自身:HTTP Error 503: Service Unavailable
url:https://news.google.com/rss/search?q=+after:2022-6-29+inurl:huffpost.com&hl=en-US&gl=US&ceid=US:en
=== エラー内容 ===
type:<class 'urllib.error.HTTPError'>
args:()
e自身:HTTP Error 503: Service Unavailable
url:https://news.google.com/rss/search?q=+after:2022-6-29+inurl:fool.com&hl=en-US&gl=US&ceid=US:en
=== エラー内容 ===
type:<class 'newspaper.article.ArticleException'>
args:("Article `download()` failed with HTTPSConnectionPool(host='www.fool.com', port=443): Read timed out. (read timeout=7) on URL https://www.fool.com/investing/2022/07/01/why-shopify-crashed-18-this-week/",)
e自身:Article `download()` failed with HTTPSConnectionPool(host='www.fool.com', port=443): Read timed out. (read timeout=7) on URL https://www.fool.com/investing/2022/07/01/why-shopify-crashed-18-this-week/
=== エラー内容 ===
type:<class 'newspaper.article.ArticleException'>
args:("Article `download()` failed with HTTPSConnectionPool(host='www.fool.com', port=443): Read timed out. (read timeout=7) on URL https://www.fool.com/investing/2022/07/01/3-reasons-to-buy-amazon-stock-after-the-stock-spli/",)
e自身:Article `download()` failed with HTTPSConnectionPool(host='www.fool.com', port=443): Read timed out. (read timeout=7) on URL https://www.fool.com/investing/2022/07/01/3-reasons-to-buy-amazon-stock-after-the-stock-spli/
=== エラー内容 ===
type:<class 'newspaper.article.ArticleException'>
args:("Article `download()` failed with HTTPSConnectionPool(host='www.fool.com', port=443): Read timed out. (read timeout=7) on URL https://www.fool.com/investing/2022/07/01/this-consumer-staples-stock-offers-more-than-passi/",)
e自身:Article `download()` failed with HTTPSConnectionPool(host='www.fool.com', port=443): Read timed out. (read timeout=7) on URL https://www.fool.com/investing/2022/07/01/this-consumer-staples-stock-offers-more-than-passi/
=== エラー内容 ===
type:<class 'newspaper.article.ArticleException'>
args:("Article `download()` failed with HTTPSConnectionPool(host='www.fool.com', port=443): Read timed out. (read timeout=7) on URL https://www.fool.com/investing/2022/07/01/why-etsy-stock-soared-by-more-than-8-today/",)
e自身:Article `download()` failed with HTTPSConnectionPool(host='www.fool.com', port=443): Read timed out. (read timeout=7) on URL https://www.fool.com/investing/2022/07/01/why-etsy-stock-soared-by-more-than-8-today/
=== エラー内容 ===
type:<class 'newspaper.article.ArticleException'>
args:("Article `download()` failed with HTTPSConnectionPool(host='www.fool.com', port=443): Read timed out. (read timeout=7) on URL https://www.fool.com/investing/2022/07/01/5-top-stocks-for-july/",)
e自身:Article `download()` failed with HTTPSConnectionPool(host='www.fool.com', port=443): Read timed out. (read timeout=7) on URL https://www.fool.com/investing/2022/07/01/5-top-stocks-for-july/
=== エラー内容 ===
type:<class 'newspaper.article.ArticleException'>
args:("Article `download()` failed with HTTPSConnectionPool(host='www.fool.com', port=443): Read timed out. (read timeout=7) on URL https://www.fool.com/investing/2022/07/01/should-investors-avoid-levi-stock-next-week/",)
e自身:Article `download()` failed with HTTPSConnectionPool(host='www.fool.com', port=443): Read timed out. (read timeout=7) on URL https://www.fool.com/investing/2022/07/01/should-investors-avoid-levi-stock-next-week/
=== エラー内容 ===
type:<class 'newspaper.article.ArticleException'>
args:("Article `download()` failed with HTTPSConnectionPool(host='www.fool.com', port=443): Read timed out. (read timeout=7) on URL https://www.fool.com/investing/2022/07/01/boost-your-retirement-with-this-powerful-etf/",)
e自身:Article `download()` failed with HTTPSConnectionPool(host='www.fool.com', port=443): Read timed out. (read timeout=7) on URL https://www.fool.com/investing/2022/07/01/boost-your-retirement-with-this-powerful-etf/
=== エラー内容 ===
type:<class 'newspaper.article.ArticleException'>
args:("Article `download()` failed with HTTPSConnectionPool(host='www.fool.com', port=443): Read timed out. (read timeout=7) on URL https://www.fool.com/investing/2022/07/01/appian-has-a-plan-to-win-the-recession/",)
e自身:Article `download()` failed with HTTPSConnectionPool(host='www.fool.com', port=443): Read timed out. (read timeout=7) on URL https://www.fool.com/investing/2022/07/01/appian-has-a-plan-to-win-the-recession/
=== エラー内容 ===
type:<class 'newspaper.article.ArticleException'>
args:("Article `download()` failed with HTTPSConnectionPool(host='www.fool.com', port=443): Read timed out. (read timeout=7) on URL https://www.fool.com/investing/2022/07/01/better-augmented-reality-stock-apple-vs-nvidia/",)
e自身:Article `download()` failed with HTTPSConnectionPool(host='www.fool.com', port=443): Read timed out. (read timeout=7) on URL https://www.fool.com/investing/2022/07/01/better-augmented-reality-stock-apple-vs-nvidia/
=== エラー内容 ===
type:<class 'newspaper.article.ArticleException'>
args:("Article `download()` failed with HTTPSConnectionPool(host='www.fool.com', port=443): Read timed out. (read timeout=7) on URL https://www.fool.com/investing/2022/07/01/are-netflix-and-roku-a-match-made-in-heaven/",)
e自身:Article `download()` failed with HTTPSConnectionPool(host='www.fool.com', port=443): Read timed out. (read timeout=7) on URL https://www.fool.com/investing/2022/07/01/are-netflix-and-roku-a-match-made-in-heaven/
=== エラー内容 ===
type:<class 'newspaper.article.ArticleException'>
args:("Article `download()` failed with HTTPSConnectionPool(host='www.fool.com', port=443): Read timed out. (read timeout=7) on URL https://www.fool.com/investing/2022/07/01/better-stock-split-stock-to-buy-amazon-or-alphabet/",)
e自身:Article `download()` failed with HTTPSConnectionPool(host='www.fool.com', port=443): Read timed out. (read timeout=7) on URL https://www.fool.com/investing/2022/07/01/better-stock-split-stock-to-buy-amazon-or-alphabet/
=== エラー内容 ===
type:<class 'newspaper.article.ArticleException'>
args:("Article `download()` failed with HTTPSConnectionPool(host='www.fool.com', port=443): Read timed out. (read timeout=7) on URL https://www.fool.com/investing/2022/06/30/3-things-about-moderna-that-smart-investors-know/",)
e自身:Article `download()` failed with HTTPSConnectionPool(host='www.fool.com', port=443): Read timed out. (read timeout=7) on URL https://www.fool.com/investing/2022/06/30/3-things-about-moderna-that-smart-investors-know/
=== エラー内容 ===
type:<class 'newspaper.article.ArticleException'>
args:("Article `download()` failed with HTTPSConnectionPool(host='www.fool.com', port=443): Read timed out. (read timeout=7) on URL https://www.fool.com/investing/2022/07/01/why-boston-beer-stock-fell-11-this-week/",)
e自身:Article `download()` failed with HTTPSConnectionPool(host='www.fool.com', port=443): Read timed out. (read timeout=7) on URL https://www.fool.com/investing/2022/07/01/why-boston-beer-stock-fell-11-this-week/
=== エラー内容 ===
type:<class 'newspaper.article.ArticleException'>
args:("Article `download()` failed with HTTPSConnectionPool(host='www.fool.com', port=443): Read timed out. (read timeout=7) on URL https://www.fool.com/investing/2022/07/01/why-cruise-line-stocks-were-sinking-this-week/",)
e自身:Article `download()` failed with HTTPSConnectionPool(host='www.fool.com', port=443): Read timed out. (read timeout=7) on URL https://www.fool.com/investing/2022/07/01/why-cruise-line-stocks-were-sinking-this-week/
=== エラー内容 ===
type:<class 'newspaper.article.ArticleException'>
args:("Article `download()` failed with HTTPSConnectionPool(host='www.foxbusiness.com', port=443): Read timed out. (read timeout=7) on URL https://www.foxbusiness.com/markets/5-things-to-know-7-1-2022",)
e自身:Article `download()` failed with HTTPSConnectionPool(host='www.foxbusiness.com', port=443): Read timed out. (read timeout=7) on URL https://www.foxbusiness.com/markets/5-things-to-know-7-1-2022
=== エラー内容 ===
type:<class 'newspaper.article.ArticleException'>
args:("Article `download()` failed with HTTPSConnectionPool(host='www.foxbusiness.com', port=443): Read timed out. (read timeout=7) on URL https://www.foxbusiness.com/economy/michelin-russian-operations-local-management",)
e自身:Article `download()` failed with HTTPSConnectionPool(host='www.foxbusiness.com', port=443): Read timed out. (read timeout=7) on URL https://www.foxbusiness.com/economy/michelin-russian-operations-local-management
=== エラー内容 ===
type:<class 'newspaper.article.ArticleException'>
args:("Article `download()` failed with HTTPSConnectionPool(host='www.foxbusiness.com', port=443): Read timed out. (read timeout=7) on URL https://www.foxbusiness.com/politics/democrats-environmentalists-catastrophic-supreme-court-ruling-federal-climate-powers",)
e自身:Article `download()` failed with HTTPSConnectionPool(host='www.foxbusiness.com', port=443): Read timed out. (read timeout=7) on URL https://www.foxbusiness.com/politics/democrats-environmentalists-catastrophic-supreme-court-ruling-federal-climate-powers
=== エラー内容 ===
type:<class 'newspaper.article.ArticleException'>
args:("Article `download()` failed with HTTPSConnectionPool(host='www.foxbusiness.com', port=443): Read timed out. (read timeout=7) on URL https://www.foxbusiness.com/economy/key-fed-gdp-tracker-turns-negative-signaling-recession-here",)
e自身:Article `download()` failed with HTTPSConnectionPool(host='www.foxbusiness.com', port=443): Read timed out. (read timeout=7) on URL https://www.foxbusiness.com/economy/key-fed-gdp-tracker-turns-negative-signaling-recession-here
=== エラー内容 ===
type:<class 'newspaper.article.ArticleException'>
args:("Article `download()` failed with HTTPSConnectionPool(host='www.fool.com', port=443): Read timed out. (read timeout=7) on URL https://www.fool.com/investing/2022/07/01/got-500-3-absurdly-cheap-healthcare-stocks-that-ar/",)
e自身:Article `download()` failed with HTTPSConnectionPool(host='www.fool.com', port=443): Read timed out. (read timeout=7) on URL https://www.fool.com/investing/2022/07/01/got-500-3-absurdly-cheap-healthcare-stocks-that-ar/
=== エラー内容 ===
type:<class 'newspaper.article.ArticleException'>
args:("Article `download()` failed with HTTPSConnectionPool(host='www.fool.com', port=443): Read timed out. (read timeout=7) on URL https://www.fool.com/investing/2022/07/01/appian-has-a-plan-to-win-the-recession/",)
e自身:Article `download()` failed with HTTPSConnectionPool(host='www.fool.com', port=443): Read timed out. (read timeout=7) on URL https://www.fool.com/investing/2022/07/01/appian-has-a-plan-to-win-the-recession/
=== エラー内容 ===
type:<class 'newspaper.article.ArticleException'>
args:("Article `download()` failed with HTTPSConnectionPool(host='www.fool.com', port=443): Read timed out. (read timeout=7) on URL https://www.fool.com/investing/2022/07/01/1-monster-growth-stock-down-80-to-buy-now-and-hold/",)
e自身:Article `download()` failed with HTTPSConnectionPool(host='www.fool.com', port=443): Read timed out. (read timeout=7) on URL https://www.fool.com/investing/2022/07/01/1-monster-growth-stock-down-80-to-buy-now-and-hold/
=== エラー内容 ===
type:<class 'newspaper.article.ArticleException'>
args:("Article `download()` failed with HTTPSConnectionPool(host='www.fool.com', port=443): Read timed out. (read timeout=7) on URL https://www.fool.com/investing/2022/07/01/social-securitys-future-is-shaky-so-heres-the-stra/",)
e自身:Article `download()` failed with HTTPSConnectionPool(host='www.fool.com', port=443): Read timed out. (read timeout=7) on URL https://www.fool.com/investing/2022/07/01/social-securitys-future-is-shaky-so-heres-the-stra/
=== エラー内容 ===
type:<class 'newspaper.article.ArticleException'>
args:("Article `download()` failed with HTTPSConnectionPool(host='www.fool.com', port=443): Read timed out. (read timeout=7) on URL https://www.fool.com/investing/2022/06/30/pinterest-is-down-78-is-it-time-to-buy/",)
e自身:Article `download()` failed with HTTPSConnectionPool(host='www.fool.com', port=443): Read timed out. (read timeout=7) on URL https://www.fool.com/investing/2022/06/30/pinterest-is-down-78-is-it-time-to-buy/
=== エラー内容 ===
type:<class 'newspaper.article.ArticleException'>
args:("Article `download()` failed with HTTPSConnectionPool(host='www.fool.com', port=443): Read timed out. (read timeout=7) on URL https://www.fool.com/investing/2022/07/01/is-shopify-a-buy-after-the-stock-split/",)
e自身:Article `download()` failed with HTTPSConnectionPool(host='www.fool.com', port=443): Read timed out. (read timeout=7) on URL https://www.fool.com/investing/2022/07/01/is-shopify-a-buy-after-the-stock-split/
=== エラー内容 ===
type:<class 'IndexError'>
args:('list index out of range',)
e自身:list index out of range
タイトル:Biden's recession deceptions get in the way of solutions
Friday's trading: 5 things to know
Amazon announces policy shift for off-duty workers that could impact union efforts
Manufacturing hits lowest level since June 2020
Why Amazon is a key recession indicator: Investment expert
Republican state attorneys general file petition for review in court, challenging fuel economy standards
US infrastructure: Buttigieg launches $1B pilot to reconnect disadvantaged communities
Democrats, environmentalists slam 'catastrophic' Supreme Court ruling curbing federal climate powers
House GOP re-election arm targeting Democrats over ‘Most Expensive 4th of July Ever: Part II’
Grocery store sticker shock shows ‘light at the end of the tunnel’: Stew Leonard
S&P 500 wraps worst first half since 1970
Kohl's shares sink after ending sale talks with Franchise Group, lowering outlook
Best, worst states for summer road trips in 2022: Report
Richard Branson urges West to send more weapons to Ukraine: 'Now is the time' to stop Russia
Key Fed GDP tracker turns negative, signaling recession is here

日本語タイトル:['バイデン氏の不況欺瞞が解決策を阻む', '金曜日の取引 知っておくべき5つのこと', 'アマゾンが非番の労働者の政策転換を発表、組合活動に影響か', '製造業が2020年6月以来の低水準を記録', 'アマゾンが不況の重要な指標となる理由 投資の専門家', '共和党の州検事総長が法廷に審査申し立て、燃費基準に異議申し立て', '米国のインフラ。バティギーグ氏、恵まれない地域の再接続のため10億ドルの試験運用を開始', '民主党と環境保護団体は、連邦政府の気候変動に関する権限を抑制する「破滅的」な最高裁判決を非難', '史上最も高価な7月4日」をめぐり、下院共和党の再選挙部門が民主党を標的に。パートII', '食料品店のステッカーショックが示す「トンネルの先の光 Stew Leonard', 'S&P500、1970年以来最悪の上半期を終了', 'コールズ、フランチャイズグループとの売却交渉終了と見通し下方修正で株価下落', '2022年、夏のドライブ旅行に最適な州とそうでない州：レポート', 'リチャード・ブランソン氏、欧米にウクライナへの兵器増派を要請：ロシアを止めるには「今がチャンス']
=== エラー内容 ===
type:<class 'IndexError'>
args:('list index out of range',)
e自身:list index out of range
タイトル:Biden's recession deceptions get in the way of solutions
Biden tweets demand for gas stations to 'bring down' prices, gets praised by Chinese state media
Richard Branson urges West to send more weapons to Ukraine: 'Now is the time' to stop Russia
Tesla's quarterly sales drop amid supply chain, pandemic problems
Republican state attorneys general file petition for review in court, challenging fuel economy standards
US infrastructure: Buttigieg launches $1B pilot to reconnect disadvantaged communities
Wednesday's trading: 5 things to know
Best, worst states for summer road trips in 2022: Report
What is Travis Barker's net worth?
House GOP re-election arm targeting Democrats over ‘Most Expensive 4th of July Ever: Part II’
Why Amazon is a key recession indicator: Investment expert
Michelin to move Russian operations to local management by year's end
Key Fed GDP tracker turns negative, signaling recession is here
S&P 500 wraps worst first half since 1970
Analysts say Bed Bath & Beyond stores turned down air conditioning to save money

日本語タイトル:['バイデン氏の不況欺瞞が解決策を阻む', 'バイデン氏、ガソリンスタンドの価格を「下げる」要求をツイート、中国国営メディアから賞賛を浴びる', 'リチャード・ブランソン、欧米にウクライナへの武器増派を要請：ロシアを止めるには「今がチャンス', 'テスラ、サプライチェーンとパンデミック問題で四半期売上高が減少', '共和党の州検事総長が法廷に審査申し立て、燃費基準に異議申し立て', '米国のインフラ Buttigiegは、不利なコミュニティを再接続するために10億ドルのパイロットを起動する', '水曜日の取引。知っておくべき5つのこと', '2022年、夏のドライブ旅行に最適な州と最悪の州：レポート', 'トラヴィス・バーカーの純資産は？', "史上最も高価な7月4日」をめぐり、民主党をターゲットにした下院GOPの再選挙軍。パートII'", 'アマゾンが不況の重要な指標となる理由。投資の専門家', 'ミシュラン、ロシア事業を年内に現地経営に移行へ', 'FRBの主要GDPトラッカーがマイナスに転じ、リセッションの到来を示唆', 'S&P500、1970年以来最悪の上半期を終了']
=== エラー内容 ===
type:<class 'newspaper.article.ArticleException'>
args:("Article `download()` failed with HTTPSConnectionPool(host='www.foxbusiness.com', port=443): Read timed out. (read timeout=7) on URL https://www.foxbusiness.com/politics/democrats-environmentalists-catastrophic-supreme-court-ruling-federal-climate-powers",)
e自身:Article `download()` failed with HTTPSConnectionPool(host='www.foxbusiness.com', port=443): Read timed out. (read timeout=7) on URL https://www.foxbusiness.com/politics/democrats-environmentalists-catastrophic-supreme-court-ruling-federal-climate-powers
=== エラー内容 ===
type:<class 'newspaper.article.ArticleException'>
args:("Article `download()` failed with HTTPSConnectionPool(host='www.foxbusiness.com', port=443): Read timed out. (read timeout=7) on URL https://www.foxbusiness.com/economy/analysts-bed-bath-beyond-stores-air-conditioning-save-money",)
e自身:Article `download()` failed with HTTPSConnectionPool(host='www.foxbusiness.com', port=443): Read timed out. (read timeout=7) on URL https://www.foxbusiness.com/economy/analysts-bed-bath-beyond-stores-air-conditioning-save-money
=== エラー内容 ===
type:<class 'IndexError'>
args:('list index out of range',)
e自身:list index out of range
タイトル:Akron, Ohio, police fired dozens of shots at Jayland Walker, video shows
Analysis  Solution to Evan Birnholz's July 3 crossword, “State of the Art”
Lysychansk captured, Moscow claims; Kyiv says Donbas fight 'not over'
Daniel Snyder was not 'hands off' as an NFL owner, witnesses told committee
Inflation and rent increases are making homelessness worse
UK fish and chip shops face bleak future because of Ukraine war
Police used texts, web searches for abortion to prosecute women
Opinion  We can no longer avoid a criminal investigation into Donald Trump
Supreme Court justices reveal a fractured culture in 50 years of abortion writings
Jan. 6 showed two identities of Secret Service: Gutsy heroes vs. Trump yes-men
Adele calls Las Vegas residency cancellation backlash brutal
Perspective  Carolyn Hax: Work-stress-dumping problem has become a marital problem
D.C.-area forecast: Slow to see the sun today; warm and dry for the Fourth of July
Uvalde schools police chief resigns from city council post
Debunking 5 common myths about vasectomies during post-Roe rush

日本語タイトル:['オハイオ州アクロン、警察がジェイランド・ウォーカーに数十発の発砲、映像で確認', 'エヴァン・バーンホルツの7月3日のクロスワードの分析解答 "State of the Art"', 'リシチャンスクを占領したとモスクワが主張、キエフはドンバスの戦いは「終わっていない」と発言', 'ダニエル・スナイダーはNFLのオーナーとして「ハンズオフ」ではなかったと目撃者が委員会で証言', 'ホームレスはインフレと家賃の上昇で悪化している', 'ウクライナ戦争でイギリスのフィッシュ＆チップスショップは暗い未来に直面する', '中絶のためのテキストやウェブ検索を利用して女性を起訴した警察', 'オピニオン ドナルド・トランプ氏への犯罪捜査を避けることはもはやできない', '最高裁判事は50年にわたる中絶の著作で文化の分断を明らかにした', '1月6日、シークレットサービスの2つの正体が見えた。ガッツのあるヒーロー vs. トランプのイエスマン', 'アデルは、ラスベガスのレジデントキャンセルのバックラッシュは残酷と呼ばれる', '視点キャロラインハックス：仕事のストレスを捨てる問題は、夫婦の問題にもなっている', 'D.C.エリアの予報。を?めています。', 'を?めています。']
=== エラー内容 ===
type:<class 'newspaper.article.ArticleException'>
args:("Article `download()` failed with HTTPSConnectionPool(host='www.foxbusiness.com', port=443): Max retries exceeded with url: /economy/white-house-fires-back-jeff-bezos-gas-prices-attack-karine-biden (Caused by SSLError(SSLError(1, '[SSL: TLSV1_ALERT_INTERNAL_ERROR] tlsv1 alert internal error (_ssl.c:1123)'))) on URL https://www.foxbusiness.com/economy/white-house-fires-back-jeff-bezos-gas-prices-attack-karine-biden",)
e自身:Article `download()` failed with HTTPSConnectionPool(host='www.foxbusiness.com', port=443): Max retries exceeded with url: /economy/white-house-fires-back-jeff-bezos-gas-prices-attack-karine-biden (Caused by SSLError(SSLError(1, '[SSL: TLSV1_ALERT_INTERNAL_ERROR] tlsv1 alert internal error (_ssl.c:1123)'))) on URL https://www.foxbusiness.com/economy/white-house-fires-back-jeff-bezos-gas-prices-attack-karine-biden
=== エラー内容 ===
type:<class 'IndexError'>
args:('list index out of range',)
e自身:list index out of range
タイトル:Cheney says January 6 committee could make multiple criminal referrals, including of Trump
Suspect in Copenhagen mall shooting that killed three was known to psychiatric professionals, police say
First on CNN: Cassidy Hutchinson stands by her testimony amid pushback
Gavin Newsom goes on the air against Ron DeSantis as political rivalry grows
China's real estate crisis deepens as big Shanghai developer defaults
Formula One driver Zhou Guanyu says halo device 'saved me' during high-speed crash
Ketanji Brown Jackson joins US Supreme Court as first Black woman on the bench
Hong Kong rescuers search for crew of vessel that broke in half after being caught in typhoon
Travis Barker and Kourtney Kardashian break silence about hospitalization
An FCC regulator wants TikTok removed from app stores. Here's how a company executive responded
Americans divided over what US stands for on this July Fourth
Last World War II Medal of Honor recipient to lie in honor at US Capitol
Ukrainian forces withdraw from Lysychansk, their last holdout in key region
American highways ripped apart city neighborhoods. A $1 billion plan wants to do better
Jayland Walker suffered at least 60 wounds in fatal police shooting, Akron police chief says, as authorities release bodycam footage

日本語タイトル:['チェイニー氏、1月6日の委員会ではトランプ氏を含む複数の犯罪者を紹介する可能性があると発言', '3人死亡のコペンハーゲン・モール銃撃事件の容疑者は精神医学の専門家に知られていた、と警察。', 'CNNの最初の記事。キャシディ・ハッチンソン氏、反発を受けながらも証言を貫く', 'ギャビン・ニューサム氏、ロン・デサンティス氏との政治的対立が深まる中、放送に臨む', '中国の不動産危機、上海の大手デベロッパーのデフォルトで深刻化', 'F1ドライバーの周 冠宇氏、高速クラッシュでハローデバイスに「救われた」と語る', 'ケータンジ・ブラウン・ジャクソン氏、黒人女性初の連邦最高裁判事として入閣', '香港の救助隊、台風に巻き込まれ真っ二つになった船の乗組員を捜索', 'Travis BarkerとKourtney Kardashian、入院生活について沈黙を破る', 'FCC規制当局がTikTokをアプリストアから削除することを希望。この件に関して、同社幹部は以下のように回答している。', '米国はこの7月4日に何のために立っているのかについて、アメリカ人の意見が分かれています。', '米国議会議事堂で最後の第二次世界大戦名誉勲章受章者が名誉のために横たわる', 'ウクライナ軍がリシチャンスクから撤退、重要地域の最後の砦に', 'アメリカの高速道路は、都市部の近隣を引き裂いている。10億ドルの計画では、より良いものにしたい']
=== エラー内容 ===
type:<class 'newspaper.article.ArticleException'>
args:("Article `download()` failed with HTTPSConnectionPool(host='www.foxbusiness.com', port=443): Read timed out. (read timeout=7) on URL https://www.foxbusiness.com/markets/5-things-to-know-7-1-2022",)
e自身:Article `download()` failed with HTTPSConnectionPool(host='www.foxbusiness.com', port=443): Read timed out. (read timeout=7) on URL https://www.foxbusiness.com/markets/5-things-to-know-7-1-2022
=== エラー内容 ===
type:<class 'newspaper.article.ArticleException'>
args:("Article `download()` failed with HTTPSConnectionPool(host='edition.cnn.com', port=443): Read timed out. (read timeout=7) on URL https://www.cnn.com/2022/06/29/politics/breyer-supreme-court/index.html",)
e自身:Article `download()` failed with HTTPSConnectionPool(host='edition.cnn.com', port=443): Read timed out. (read timeout=7) on URL https://www.cnn.com/2022/06/29/politics/breyer-supreme-court/index.html
=== エラー内容 ===
type:<class 'newspaper.article.ArticleException'>
args:("Article `download()` failed with HTTPSConnectionPool(host='edition.cnn.com', port=443): Read timed out. (read timeout=7) on URL https://www.cnn.com/2022/07/03/politics/gavin-newsom-ron-desantis-ad-2024/index.html",)
e自身:Article `download()` failed with HTTPSConnectionPool(host='edition.cnn.com', port=443): Read timed out. (read timeout=7) on URL https://www.cnn.com/2022/07/03/politics/gavin-newsom-ron-desantis-ad-2024/index.html
=== エラー内容 ===
type:<class 'newspaper.article.ArticleException'>
args:("Article `download()` failed with HTTPSConnectionPool(host='www.bloomberg.com', port=443): Read timed out. (read timeout=7) on URL https://www.bloomberg.com/news/articles/2022-07-04/russian-gas-threat-has-german-bankers-fearing-default-spike",)
e自身:Article `download()` failed with HTTPSConnectionPool(host='www.bloomberg.com', port=443): Read timed out. (read timeout=7) on URL https://www.bloomberg.com/news/articles/2022-07-04/russian-gas-threat-has-german-bankers-fearing-default-spike
=== エラー内容 ===
type:<class 'urllib.error.HTTPError'>
args:()
e自身:HTTP Error 503: Service Unavailable
url:https://news.google.com/rss/search?q=+after:2022-7-4+inurl:reuters.com&hl=en-US&gl=US&ceid=US:en
=== エラー内容 ===
type:<class 'newspaper.article.ArticleException'>
args:("Article `download()` failed with HTTPSConnectionPool(host='www.foxbusiness.com', port=443): Read timed out. (read timeout=7) on URL https://www.foxbusiness.com/politics/company-vows-support-employees-who-give-brith-response-employers-covering-abortion-costs",)
e自身:Article `download()` failed with HTTPSConnectionPool(host='www.foxbusiness.com', port=443): Read timed out. (read timeout=7) on URL https://www.foxbusiness.com/politics/company-vows-support-employees-who-give-brith-response-employers-covering-abortion-costs
=== エラー内容 ===
type:<class 'newspaper.article.ArticleException'>
args:("Article `download()` failed with HTTPSConnectionPool(host='www.foxbusiness.com', port=443): Read timed out. (read timeout=7) on URL https://www.foxbusiness.com/markets/linkedin-sees-hiring-rate-fall-11-9-annually-in-june",)
e自身:Article `download()` failed with HTTPSConnectionPool(host='www.foxbusiness.com', port=443): Read timed out. (read timeout=7) on URL https://www.foxbusiness.com/markets/linkedin-sees-hiring-rate-fall-11-9-annually-in-june
=== エラー内容 ===
type:<class 'newspaper.article.ArticleException'>
args:("Article `download()` failed with HTTPSConnectionPool(host='www.foxbusiness.com', port=443): Read timed out. (read timeout=7) on URL https://www.foxbusiness.com/markets/us-officials-hiring-freeze-impact",)
e自身:Article `download()` failed with HTTPSConnectionPool(host='www.foxbusiness.com', port=443): Read timed out. (read timeout=7) on URL https://www.foxbusiness.com/markets/us-officials-hiring-freeze-impact
=== エラー内容 ===
type:<class 'newspaper.article.ArticleException'>
args:("Article `download()` failed with HTTPSConnectionPool(host='www.foxbusiness.com', port=443): Read timed out. (read timeout=7) on URL https://www.foxbusiness.com/markets/costco-ends-gas-exception-new-jersey-drivers",)
e自身:Article `download()` failed with HTTPSConnectionPool(host='www.foxbusiness.com', port=443): Read timed out. (read timeout=7) on URL https://www.foxbusiness.com/markets/costco-ends-gas-exception-new-jersey-drivers
=== エラー内容 ===
type:<class 'newspaper.article.ArticleException'>
args:("Article `download()` failed with HTTPSConnectionPool(host='www.bloomberg.com', port=443): Read timed out. (read timeout=7) on URL https://www.bloomberg.com/news/articles/2022-07-04/oil-holds-above-110-as-tight-supply-balanced-by-recession-risk",)
e自身:Article `download()` failed with HTTPSConnectionPool(host='www.bloomberg.com', port=443): Read timed out. (read timeout=7) on URL https://www.bloomberg.com/news/articles/2022-07-04/oil-holds-above-110-as-tight-supply-balanced-by-recession-risk
=== エラー内容 ===
type:<class 'newspaper.article.ArticleException'>
args:("Article `download()` failed with HTTPSConnectionPool(host='www.foxbusiness.com', port=443): Max retries exceeded with url: /economy/amazon-agrees-investment-just-eats-grubhub-delivery-service (Caused by SSLError(SSLError(1, '[SSL: TLSV1_ALERT_INTERNAL_ERROR] tlsv1 alert internal error (_ssl.c:1123)'))) on URL https://www.foxbusiness.com/economy/amazon-agrees-investment-just-eats-grubhub-delivery-service",)
e自身:Article `download()` failed with HTTPSConnectionPool(host='www.foxbusiness.com', port=443): Max retries exceeded with url: /economy/amazon-agrees-investment-just-eats-grubhub-delivery-service (Caused by SSLError(SSLError(1, '[SSL: TLSV1_ALERT_INTERNAL_ERROR] tlsv1 alert internal error (_ssl.c:1123)'))) on URL https://www.foxbusiness.com/economy/amazon-agrees-investment-just-eats-grubhub-delivery-service
=== エラー内容 ===
type:<class 'newspaper.article.ArticleException'>
args:("Article `download()` failed with HTTPSConnectionPool(host='www.washingtonpost.com', port=443): Max retries exceeded with url: /national-security/2022/07/05/biden-medal-of-honor-vietnam/ (Caused by SSLError(SSLError(1, '[SSL: TLSV1_ALERT_INTERNAL_ERROR] tlsv1 alert internal error (_ssl.c:1123)'))) on URL https://www.washingtonpost.com/national-security/2022/07/05/biden-medal-of-honor-vietnam/",)
e自身:Article `download()` failed with HTTPSConnectionPool(host='www.washingtonpost.com', port=443): Max retries exceeded with url: /national-security/2022/07/05/biden-medal-of-honor-vietnam/ (Caused by SSLError(SSLError(1, '[SSL: TLSV1_ALERT_INTERNAL_ERROR] tlsv1 alert internal error (_ssl.c:1123)'))) on URL https://www.washingtonpost.com/national-security/2022/07/05/biden-medal-of-honor-vietnam/
=== エラー内容 ===
type:<class 'IndexError'>
args:('list index out of range',)
e自身:list index out of range
タイトル:Simulations Plus, Inc. (SLP) Q3 2022 Earnings Call Transcript - The Motley Fool
The Simply Good Foods Company (SMPL) Q3 2022 Earnings Call Transcript - The Motley Fool
3 Proven Ways to Double Your Money - The Motley Fool
2 Stocks I'm Buying in the Second Half of 2022 - The Motley Fool
2 Monster Growth Stocks That Could Lead a Market Rebound in the Second Half of 2022 - The Motley Fool
Why Atlassian Stock Fell 51% in the First Half of 2022 - The Motley Fool
UniFirst (UNF) Q3 2022 Earnings Call Transcript - The Motley Fool
Is "Solana Summer" (Finally) Upon Us? - The Motley Fool
Why Snowflake, Okta, and Atlassian Stocks All Beat the Market In June - The Motley Fool
Cathie Wood Goes Bargain Hunting: 3 Stocks She Just Bought - The Motley Fool
Why Block Stock Got Knocked Today - The Motley Fool
These 5 Top Stocks Are Set to Outperform in a Recession - The Motley Fool
What's Next for Pinterest and Bed Bath & Beyond? - The Motley Fool
Why Upstart Was Down Today - The Motley Fool
Why Wells Fargo's Stock Price Fell 14.4% in June - The Motley Fool

日本語タイトル:['Simulations Plus, Inc. (SLP) Q3 2022 Earnings Call Transcript - The Motley Fool（ザ・モトレー・フール', 'シンプリー・グッド・フーズ・カンパニー (SMPL) Q3 2022 Earnings Call Transcript - The Motley Fool', 'お金を2倍にする実証済みの3つの方法 - The Motley Fool（ザ・モトリーフール', '2022年後半に私が購入する2銘柄 - The Motley Fool', '2022年後半に市場回復を導く可能性のある2つのモンスター成長株 - The Motley Fool', '2022年前半にアトラシアン株が51%下落した理由 - The Motley Fool', 'ユニファースト(UNF) 2022年第3四半期決算電話会議録 - The Motley Fool', 'ソラナの夏」は（いよいよ）到来か？- モトリーフール', '日本経済新聞に掲載されました。', 'キャサリン・ウッド、バーゲンハンティングに出る。彼女が購入した3つの銘柄 - The Motley Fool', 'ブロック・ストックが今日叩かれた理由 - The Motley Fool', '不況に強い5大銘柄 - The Motley Fool', 'PinterestとBed Bath & Beyondの次は何？- モトリーフール', 'なぜアップスタートは今日下がったのか - The Motley Fool']
=== エラー内容 ===
type:<class 'urllib.error.HTTPError'>
args:()
e自身:HTTP Error 503: Service Unavailable
url:https://news.google.com/rss/search?q=+after:2022-7-5+inurl:reuters.com&hl=en-US&gl=US&ceid=US:en
=== エラー内容 ===
type:<class 'urllib.error.HTTPError'>
args:()
e自身:HTTP Error 503: Service Unavailable
url:https://news.google.com/rss/search?q=+after:2022-7-5+inurl:washingtonpost.com&hl=en-US&gl=US&ceid=US:en
=== エラー内容 ===
type:<class 'newspaper.article.ArticleException'>
args:("Article `download()` failed with HTTPSConnectionPool(host='www.thestreet.com', port=443): Read timed out. (read timeout=7) on URL https://www.thestreet.com/investing/disney-world-disneyland-invaded-by-zombies",)
e自身:Article `download()` failed with HTTPSConnectionPool(host='www.thestreet.com', port=443): Read timed out. (read timeout=7) on URL https://www.thestreet.com/investing/disney-world-disneyland-invaded-by-zombies
=== エラー内容 ===
type:<class 'newspaper.article.ArticleException'>
args:("Article `download()` failed with HTTPSConnectionPool(host='www.foxbusiness.com', port=443): Read timed out. (read timeout=7) on URL https://www.foxbusiness.com/politics/consumer-finance-bureau-out-control-under-bidens-director-critics-say",)
e自身:Article `download()` failed with HTTPSConnectionPool(host='www.foxbusiness.com', port=443): Read timed out. (read timeout=7) on URL https://www.foxbusiness.com/politics/consumer-finance-bureau-out-control-under-bidens-director-critics-say
=== エラー内容 ===
type:<class 'newspaper.article.ArticleException'>
args:("Article `download()` failed with HTTPSConnectionPool(host='www.foxbusiness.com', port=443): Read timed out. (read timeout=7) on URL https://www.foxbusiness.com/politics/congress-calling-gun-manufacturers-testify-mass-shootings",)
e自身:Article `download()` failed with HTTPSConnectionPool(host='www.foxbusiness.com', port=443): Read timed out. (read timeout=7) on URL https://www.foxbusiness.com/politics/congress-calling-gun-manufacturers-testify-mass-shootings
=== エラー内容 ===
type:<class 'newspaper.article.ArticleException'>
args:("Article `download()` failed with HTTPSConnectionPool(host='www.foxbusiness.com', port=443): Read timed out. (read timeout=7) on URL https://www.foxbusiness.com/politics/boris-johnson-resignation-revitalize-us-uk-economic-relationship-former-trump-trade-adviser",)
e自身:Article `download()` failed with HTTPSConnectionPool(host='www.foxbusiness.com', port=443): Read timed out. (read timeout=7) on URL https://www.foxbusiness.com/politics/boris-johnson-resignation-revitalize-us-uk-economic-relationship-former-trump-trade-adviser
=== エラー内容 ===
type:<class 'newspaper.article.ArticleException'>
args:("Article `download()` failed with HTTPSConnectionPool(host='www.foxbusiness.com', port=443): Read timed out. (read timeout=7) on URL https://www.foxbusiness.com/economy/ben-jerrys-sues-unilever-stop-sale-israeli-business",)
e自身:Article `download()` failed with HTTPSConnectionPool(host='www.foxbusiness.com', port=443): Read timed out. (read timeout=7) on URL https://www.foxbusiness.com/economy/ben-jerrys-sues-unilever-stop-sale-israeli-business
=== エラー内容 ===
type:<class 'IndexError'>
args:('list index out of range',)
e自身:list index out of range
タイトル:Musk and Tesla May Have a New Futuristic Vehicle
Goldman Sachs: Buy Puts on Intel Ahead of Earnings
Toyota Loses Big Advantage to Tesla and GM
Mark Zuckerberg Sets Facebook's Top Priorities
A Dynamic Duo of Young Billionaires to Prevent Crypto from Collapsing
Elon Musk Can't Wait to See Disney Lose an Iconic Character
Tesla Is No Longer The World's Largest Seller of EVs
Doug Kass: Why I'm Aggressively Buying Bank and Brokerage Stocks - RealMoney
The Street.com's AAP Team Has Mixed Views on Ford
Norwegian Drops Covid Testing. Will Royal Caribbean, Carnival?
5 Factors to Consider Before Buying Netflix Stock
You Can Now Order The Redesigned MacBook Air with M2
Crypto Price Check: Investors Are Desperate For A Positive Sign
GameStop Stock Slides As Retailer Fires CFO, Reportedly Planning Job Cuts
If You've Got Time, These Three Dividend Aristocrats Should Pay Off - RealMoney

日本語タイトル:['マスクとテスラ、新たな未来型自動車が誕生するかもしれない', 'ゴールドマン・サックス インテルの決算を前にプットを購入', 'トヨタ、TeslaとGMに大きなアドバンテージを奪われる', 'マーク・ザッカーバーグ、フェイスブックの最優先課題を設定', '暗号の崩壊を防ぐ、若き億万長者たちのダイナミックな二人組', 'イーロン・マスク、ディズニーが象徴的なキャラクターを失うのを待ちきれない', 'テスラはもはやEVの世界最大の販売者ではない', 'ダグ・カス 銀行株と証券会社の株を積極的に購入する理由 - RealMoney', 'The Street.com の AAP チームは、フォードに対して様々な見解を示している。', 'ノルウェージャン、Covidのテストを中止。ロイヤルカリビアン、カーニバルはどうなる？', 'Netflix株を購入する前に考慮すべき5つの要因', 'デザイン変更されたMacBook AirをM2で注文できるようになりました', 'Cryptoの価格チェック。投資家は肯定的な兆候のために絶望的である', 'ゲームストップの株価は、小売業者がCFOを解雇し、ジョブカットを計画していると報告されたようにスライドします。']
=== エラー内容 ===
type:<class 'IndexError'>
args:('list index out of range',)
e自身:list index out of range
タイトル:Musk and Tesla May Have a New Futuristic Vehicle
Goldman Sachs: Buy Puts on Intel Ahead of Earnings
Toyota Loses Big Advantage to Tesla and GM
Mark Zuckerberg Sets Facebook's Top Priorities
A Dynamic Duo of Young Billionaires to Prevent Crypto from Collapsing
Elon Musk Can't Wait to See Disney Lose an Iconic Character
Tesla Is No Longer The World's Largest Seller of EVs
You Can Now Order The Redesigned MacBook Air with M2
The Street.com's AAP Team Has Mixed Views on Ford
5 Factors to Consider Before Buying Netflix Stock
Doug Kass: Why I'm Aggressively Buying Bank and Brokerage Stocks - RealMoney
Norwegian Drops Covid Testing. Will Royal Caribbean, Carnival?
Crypto Price Check: Investors Are Desperate For A Positive Sign
GameStop Stock Slides As Retailer Fires CFO, Reportedly Planning Job Cuts
If You've Got Time, These Three Dividend Aristocrats Should Pay Off - RealMoney

日本語タイトル:['マスクとテスラ、新たな未来型自動車が誕生するかもしれない', 'ゴールドマン・サックス インテルの決算を前にプットを購入', 'トヨタ、TeslaとGMに大きなアドバンテージを奪われる', 'マーク・ザッカーバーグ、フェイスブックの最優先課題を設定', '暗号の崩壊を防ぐ、若き億万長者たちのダイナミックな二人組', 'イーロン・マスク、ディズニーが象徴的なキャラクターを失うのを待てない', 'テスラ、EVの世界最大の販売者ではなくなる', 'MacBook AirをM2で注文できるようになりました。', 'フォードに対するThe Street.comのAAPチームの意見は分かれている', 'Netflix株を購入する前に考慮すべき5つの要因', 'ダグ・カッス 銀行株と証券会社株を積極的に購入する理由 - RealMoney', 'ノルウェージャン、Covidのテストを中止。ロイヤルカリビアン、カーニバルはどうなる？', 'Crypto Price Check: 投資家はポジティブな兆候を必死に探している', 'ゲームストップの株価は、小売業者がCFOを解雇し、人員削減を計画していると報じられたため、下落した。']
=== エラー内容 ===
type:<class 'IndexError'>
args:('list index out of range',)
e自身:list index out of range
タイトル:Musk and Tesla May Have a New Futuristic Vehicle
Goldman Sachs: Buy Puts on Intel Ahead of Earnings
Toyota Loses Big Advantage to Tesla and GM
Mark Zuckerberg Sets Facebook's Top Priorities
A Dynamic Duo of Young Billionaires to Prevent Crypto from Collapsing
Elon Musk Can't Wait to See Disney Lose an Iconic Character
Tesla Is No Longer The World's Largest Seller of EVs
The Street.com's AAP Team Has Mixed Views on Ford
5 Factors to Consider Before Buying Netflix Stock
You Can Now Order The Redesigned MacBook Air with M2
Doug Kass: Why I'm Aggressively Buying Bank and Brokerage Stocks - RealMoney
Crypto Price Check: Investors Are Desperate For A Positive Sign
GameStop Stock Slides As Retailer Fires CFO, Reportedly Planning Job Cuts
Norwegian Drops Covid Testing. Will Royal Caribbean, Carnival?
If You've Got Time, These Three Dividend Aristocrats Should Pay Off - RealMoney

日本語タイトル:['マスクとテスラ、新たな未来型自動車が誕生するかもしれない', 'ゴールドマン・サックス インテルの決算を前にプットを購入', 'トヨタ、TeslaとGMに大きなアドバンテージを奪われる', 'マーク・ザッカーバーグ、フェイスブックの最優先課題を設定', '暗号の崩壊を防ぐ、若き億万長者たちのダイナミックな二人組', 'イーロン・マスク、ディズニーが象徴的なキャラクターを失うのを待てない', 'テスラはもはやEVの世界最大の販売者ではない', 'フォードに対するThe Street.comのAAPチームの見解は様々だ', 'Netflixの株を買う前に考慮すべき5つの要因', 'デザイン変更されたMacBook AirをM2で注文できるようになりました。', 'ダグ・カッス 銀行株と証券会社の株を積極的に購入する理由 - RealMoney', 'Crypto Price Check: 投資家はポジティブなサインを必死に探している', 'GameStopの株価は、小売業者がCFOを解雇し、人員削減を計画していると報告されたため、下落しました。', 'ノルウェージャンがCovidテストを中止。ロイヤルカリビアン、カーニバルはどうなる？']
=== エラー内容 ===
type:<class 'IndexError'>
args:('list index out of range',)
e自身:list index out of range
タイトル:Musk and Tesla May Have a New Futuristic Vehicle
Goldman Sachs: Buy Puts on Intel Ahead of Earnings
Toyota Loses Big Advantage to Tesla and GM
Mark Zuckerberg Sets Facebook's Top Priorities
A Dynamic Duo of Young Billionaires to Prevent Crypto from Collapsing
Elon Musk Can't Wait to See Disney Lose an Iconic Character
Tesla Is No Longer The World's Largest Seller of EVs
The Street.com's AAP Team Has Mixed Views on Ford
5 Factors to Consider Before Buying Netflix Stock
You Can Now Order The Redesigned MacBook Air with M2
Crypto Price Check: Investors Are Desperate For A Positive Sign
Doug Kass: Why I'm Aggressively Buying Bank and Brokerage Stocks - RealMoney
GameStop Stock Slides As Retailer Fires CFO, Reportedly Planning Job Cuts
Norwegian Drops Covid Testing. Will Royal Caribbean, Carnival?
If You've Got Time, These Three Dividend Aristocrats Should Pay Off - RealMoney

日本語タイトル:['マスクとテスラ、新たな未来型自動車が誕生するかもしれない', 'ゴールドマン・サックス インテルの決算を前にプットを購入', 'トヨタ、TeslaとGMに大きなアドバンテージを奪われる', 'マーク・ザッカーバーグ、フェイスブックの最優先課題を設定', '暗号の崩壊を防ぐ、若き億万長者たちのダイナミックな二人組', 'イーロン・マスク、ディズニーが象徴的なキャラクターを失うのを待てない', 'テスラはもはやEVの世界最大の販売者ではない', 'フォードに対するThe Street.comのAAPチームの見解は様々だ', 'Netflixの株を買う前に考慮すべき5つの要因', 'MacBook Airのデザイン変更、M2でも注文可能に', 'Crypto Price Check: 投資家は肯定的な兆候のために必死になっている', 'ダグ・カッス 某大手証券会社の株価が急上昇！ - RealMoney Japan', 'GameStopの株価は、小売業者がCFOを解雇し、人員削減を計画していると報じられたため、下落しました。', 'ノルウェージャン、Covidテストを中止。ロイヤルカリビアン、カーニバルはどうなる？']
=== エラー内容 ===
type:<class 'urllib.error.HTTPError'>
args:()
e自身:HTTP Error 503: Service Unavailable
url:https://news.google.com/rss/search?q=+after:2022-6-25+inurl:washingtonpost.com&hl=en-US&gl=US&ceid=US:en
=== エラー内容 ===
type:<class 'IndexError'>
args:('list index out of range',)
e自身:list index out of range
タイトル:Analysis: Twitter has legal edge in deal dispute with Musk.com
Children find lost families as Congo conflict rages.com
Germany's gas crisis in charts: Pipeline repair, and then what?.com
European stocks close 0.5% higher as investors digest strong U.S. payrolls report
Costco once again shows why it is the best-run retailer on the planet
Stocks making the biggest moves premarket: GameStop, Seagen, Virgin Galactic and more
Goldman Sachs: Buy Puts on Intel Ahead of Earnings
A Dynamic Duo of Young Billionaires to Prevent Crypto from Collapsing
Disney World, Disneyland Welcome a Zombie Invasion
Friday's trading: 5 things to know
Ford expands recall for potential engine fire, encourages owners to park outside
Elon Musk tells Twitter he's terminating deal to buy social media giant
Biden signs executive order to support abortion rights
Biden, Harris highlighting efforts to protect abortion rights
Stephen K. Bannon's house swarmed by police after false report
Live updates: Shinzo Abe, former Japan PM, shot dead on campaign trail
How to Use Your Credit Card to Raise the Credit Score of Your Family
Biden signs executive order protecting abortion access
Pat Cipollone concludes closed-door meeting with January 6 committee
Why Costco's $1.50 hot dog combo and 99-cent Arizona iced tea still cost the same
Hollywood won't budge for Chinese censors anymore. Here's what changed
The Funniest Tweets From Parents This Week (July 2-8)
Officer Who Shot And Killed 12-Year-Old Tamir Rice Leaves New Police Job
Trump Now Claims He Won Wisconsin Since State Court Has Restricted Ballot Drop Boxes
Rogers Apologizes as Network Collapse Paralyzes Canadian Business, Consumers
Elon Musk, Twitter Buyout Latest News
Pot Stock Rally Leaves Canopy Behind as Deal Uncertainty Rattles Investors
The Top Stocks to Buy With $2,500 Right Now - The Motley Fool
2 Top Value Stocks to Buy Right Now - The Motley Fool
Why SoFi and Affirm Holdings Both Flopped on Friday - The Motley Fool

日本語タイトル:['分析する。TwitterはMusk.comとの取引紛争で法的優位に立つ。', 'コンゴ紛争が激化する中、子供たちは失われた家族を見つける。', 'ドイツのガス危機をグラフで見る。パイプラインの修理、その後どうする？', '欧州株は0.5％高で引け、投資家は好調な米雇用統計報告を消化', 'コストコは再び、地球上で最も経営が順調な小売業者である理由を示す。', 'プレマーケットで最も大きく動いた銘柄。ゲームストップ、セーゲン、ヴァージン・ギャラクティック、その他。', 'ゴールドマン・サックス インテルのプットを購入する。', '日本経済新聞によると、日本経済新聞によると、日本経済新聞によると', 'ディズニーワールド、ディズニーランドはゾンビの侵入を歓迎する', '金曜日の取引。知っておくべき5つのこと', 'フォード、エンジン火災の可能性でリコールを拡大し、所有者に屋外駐車を奨励', 'イーロン・マスク氏、Twitterにソーシャルメディア大手買収の契約解除を通告', 'バイデン氏、人工妊娠中絶の権利を支援する大統領令に署名', 'バイデン、ハリスが中絶の権利保護に向けた取り組みを強調', 'スティーブン・K・バノンの自宅が虚偽の報告により警察に包囲される', 'ライブアップデート 安倍晋三元首相、選挙遊説中に射殺される', 'クレジットカードを利用して家族のクレジットスコアを上げる方法', 'バイデン氏、人工妊娠中絶へのアクセスを保護する大統領令に署名', 'パット・チポローン氏、1月6日の委員会で非公開の会議を終了', 'コストコの1.5ドルのホットドッグと99セントのアリゾナアイスティーが同じ値段な理由', 'ハリウッドは中国の検閲のためにもう動じない。何が変わったか', '今週の親たちのおもしろツイート（7月2日〜8日）', '12歳のタミール・ライスを射殺した警官が新しい警察の職を去る', 'トランプ氏、ウィスコンシン州の裁判所が投票箱の投函を制限したため、今度は自分が勝ったと言い張る', 'ロジャーズ、ネットワーク崩壊でカナダのビジネスと消費者を麻痺させ謝罪', 'イーロン・マスク、ツイッター買収 最新ニュース', 'ポットストックラリー、キャノピーを置き去り ディールの不確実性が投資家を混乱させるため', '今すぐ2,500ドルで買うべきトップ銘柄 - The Motley Fool', '今すぐ買うべき2大優良株 - The Motley Fool']
=== エラー内容 ===
type:<class 'newspaper.article.ArticleException'>
args:("Article `download()` failed with HTTPSConnectionPool(host='www.cnbc.com', port=443): Read timed out. (read timeout=7) on URL https://www.cnbc.com/2022/07/07/stocks-making-the-biggest-moves-premarket-gamestop-seagen-virgin-galactic-and-more.html",)
e自身:Article `download()` failed with HTTPSConnectionPool(host='www.cnbc.com', port=443): Read timed out. (read timeout=7) on URL https://www.cnbc.com/2022/07/07/stocks-making-the-biggest-moves-premarket-gamestop-seagen-virgin-galactic-and-more.html
=== エラー内容 ===
type:<class 'newspaper.article.ArticleException'>
args:("Article `download()` failed with HTTPSConnectionPool(host='www.foxbusiness.com', port=443): Read timed out. (read timeout=7) on URL https://www.foxbusiness.com/lifestyle/american-airlines-triple-pay-pilot-scheduling-fiasco",)
e自身:Article `download()` failed with HTTPSConnectionPool(host='www.foxbusiness.com', port=443): Read timed out. (read timeout=7) on URL https://www.foxbusiness.com/lifestyle/american-airlines-triple-pay-pilot-scheduling-fiasco
=== エラー内容 ===
type:<class 'newspaper.article.ArticleException'>
args:("Article `download()` failed with HTTPSConnectionPool(host='www.foxbusiness.com', port=443): Read timed out. (read timeout=7) on URL https://www.foxbusiness.com/retail/costco-raises-prices-food-court-soft-drinks-chicken-bake",)
e自身:Article `download()` failed with HTTPSConnectionPool(host='www.foxbusiness.com', port=443): Read timed out. (read timeout=7) on URL https://www.foxbusiness.com/retail/costco-raises-prices-food-court-soft-drinks-chicken-bake
=== エラー内容 ===
type:<class 'urllib.error.HTTPError'>
args:()
e自身:HTTP Error 503: Service Unavailable
url:https://news.google.com/rss/search?q=+after:2022-6-26+inurl:reuters.com&hl=en-US&gl=US&ceid=US:en
=== エラー内容 ===
type:<class 'urllib.error.HTTPError'>
args:()
e自身:HTTP Error 503: Service Unavailable
url:https://news.google.com/rss/search?q=+after:2022-7-8+inurl:washingtonpost.com&hl=en-US&gl=US&ceid=US:en
=== エラー内容 ===
type:<class 'urllib.error.HTTPError'>
args:()
e自身:HTTP Error 503: Service Unavailable
url:https://news.google.com/rss/search?q=+after:2022-7-8+inurl:washingtonpost.com&hl=en-US&gl=US&ceid=US:en
=== エラー内容 ===
type:<class 'urllib.error.HTTPError'>
args:()
e自身:HTTP Error 503: Service Unavailable
url:https://news.google.com/rss/search?q=+after:2022-7-8+inurl:huffpost.com&hl=en-US&gl=US&ceid=US:en
=== エラー内容 ===
type:<class 'urllib.error.HTTPError'>
args:()
e自身:HTTP Error 503: Service Unavailable
url:https://news.google.com/rss/search?q=+after:2022-7-8+inurl:fool.com&hl=en-US&gl=US&ceid=US:en
=== エラー内容 ===
type:<class 'newspaper.article.ArticleException'>
args:("Article `download()` failed with HTTPSConnectionPool(host='www.foxbusiness.com', port=443): Read timed out. (read timeout=7) on URL https://www.foxbusiness.com/politics/republicans-slam-google-alleged-email-filter-bias-company-pushes-pilot-program-fix",)
e自身:Article `download()` failed with HTTPSConnectionPool(host='www.foxbusiness.com', port=443): Read timed out. (read timeout=7) on URL https://www.foxbusiness.com/politics/republicans-slam-google-alleged-email-filter-bias-company-pushes-pilot-program-fix
=== エラー内容 ===
type:<class 'newspaper.article.ArticleException'>
args:("Article `download()` failed with HTTPSConnectionPool(host='www.foxbusiness.com', port=443): Read timed out. (read timeout=7) on URL https://www.foxbusiness.com/lifestyle/best-cities-recreation-2022-report",)
e自身:Article `download()` failed with HTTPSConnectionPool(host='www.foxbusiness.com', port=443): Read timed out. (read timeout=7) on URL https://www.foxbusiness.com/lifestyle/best-cities-recreation-2022-report
=== エラー内容 ===
type:<class 'urllib.error.HTTPError'>
args:()
e自身:HTTP Error 503: Service Unavailable
url:https://news.google.com/rss/search?q=+after:2022-7-8+inurl:reuters.com&hl=en-US&gl=US&ceid=US:en
=== エラー内容 ===
type:<class 'urllib.error.HTTPError'>
args:()
e自身:HTTP Error 503: Service Unavailable
url:https://news.google.com/rss/search?q=+after:2022-7-8+inurl:reuters.com&hl=en-US&gl=US&ceid=US:en
=== エラー内容 ===
type:<class 'urllib.error.HTTPError'>
args:()
e自身:HTTP Error 503: Service Unavailable
url:https://news.google.com/rss/search?q=+after:2022-7-8+inurl:cnbc.com&hl=en-US&gl=US&ceid=US:en
=== エラー内容 ===
type:<class 'urllib.error.HTTPError'>
args:()
e自身:HTTP Error 404: Not Found
url:https://news.google.com/rss/search?q=+after:2022-6-26+inurl:washingtonpost.com&hl=en-US&gl=US&ceid=US:en
=== エラー内容 ===
type:<class 'urllib.error.HTTPError'>
args:()
e自身:HTTP Error 404: Not Found
url:https://news.google.com/rss/search?q=+after:2022-6-26+inurl:huffpost.com&hl=en-US&gl=US&ceid=US:en
=== エラー内容 ===
type:<class 'urllib.error.HTTPError'>
args:()
e自身:HTTP Error 404: Not Found
url:https://news.google.com/rss/search?q=+after:2022-7-8+inurl:cnbc.com&hl=en-US&gl=US&ceid=US:en
=== エラー内容 ===
type:<class 'urllib.error.HTTPError'>
args:()
e自身:HTTP Error 503: Service Unavailable
url:https://news.google.com/rss/search?q=+after:2022-7-9+inurl:thestreet.com&hl=en-US&gl=US&ceid=US:en
=== エラー内容 ===
type:<class 'urllib.error.HTTPError'>
args:()
e自身:HTTP Error 503: Service Unavailable
url:https://news.google.com/rss/search?q=+after:2022-7-9+inurl:foxbusiness.com&hl=en-US&gl=US&ceid=US:en
=== エラー内容 ===
type:<class 'urllib.error.HTTPError'>
args:()
e自身:HTTP Error 503: Service Unavailable
url:https://news.google.com/rss/search?q=+after:2022-7-9+inurl:washingtonpost.com&hl=en-US&gl=US&ceid=US:en
=== エラー内容 ===
type:<class 'IndexError'>
args:('list index out of range',)
e自身:list index out of range
タイトル:Elon Musk responds to Trump calling him a ‘bulls--- artist’, says there should be maximum age for presidency
Nord Stream Russian gas pipeline enters shutdown, Europeans fear extended delay
Twitter rolls out new 'unmention' safety feature sitewide
House Republican introduces amendment to strike $6 billion of 'inflation' spending from military bill
'Thor: Love and Thunder' earns franchise-best $143M in opening weekend
Larry Kudlow: Biden and the radical progressives took this strong economy and damaged it
Elon Musk responds with laughing meme to Twitter lawsuit over broken buyout
Pepsi fan breaks world record with 12,402 can-collection
Auto repair owner warns cost of ‘everything is going up’
Kanye West files trademark application for physical 'YZYSPLY' retail stores
Electric car survey finds this as the biggest reason preventing people from buying them
Texas braces for heat wave, ERCOT appeals for power conservation
Euro, dollar a penny away from parity for first time in 20 years
Google offers concessions to fend off U.S. antitrust lawsuit
Buttigieg announces new investigations of airlines amid rising passenger dissatisfaction

日本語タイトル:['イーロン・マスク、トランプに「ブルズ---アーティスト」と呼ばれたことに反論、大統領職に最高年齢を設けるべきと発言', 'ロシアのガスパイプライン「ノルドストリーム」が停止状態に入り、欧州勢は遅延の長期化を懸念', 'Twitter、新安全機能「unmention」をサイト全体にロールアウト', '下院共和党、軍事法案から60億ドルの「インフレ」支出を抹消する修正案を提出', 'ソー：愛と哀しみのサンダー」、オープニング週末にフランチャイズ最高の$143Mを獲得', 'ラリー・クドロー バイデン氏と急進派は、この強力な経済を奪い、ダメージを与えた。', 'イーロン・マスク氏、買収失敗をめぐるTwitterの訴えに爆笑ミームで反論', 'ペプシファン、12,402缶のコレクションで世界記録更新', '自動車修理のオーナーは「すべてが値上がりしている」とコストを警告する', 'カニエ・ウェスト、「YZYSPLY」実店舗の商標を申請', '電気自動車に関する調査結果、購入を妨げる最大の理由はこれだ', 'テキサス州、猛暑に備え、ERCOTが節電呼びかけ', 'ユーロとドル、20年ぶりに平価まであと1円', 'Google、米反トラスト法提訴をかわすため譲歩を提示']
=== エラー内容 ===
type:<class 'IndexError'>
args:('list index out of range',)
e自身:list index out of range
タイトル:Euro on the brink of breaching parity, stocks slide again.com
Morning Bid: Goodbye Goldilocks.com
Norway's DNB Q2 beat forecasts on the back of rate hikes.com
European stocks fall as euro nears dollar parity; EDF shares up 6%
UBS cuts S&P 500 price target for 2022, says earnings estimates could go down even more
What Amazon's Grubhub stake means for investors and the future of delivery
Tesla Rival Rivian Considers a Major Move
'Restaurant Bargains' Are Plentiful, But Be Careful Before Coming to the Table - RealMoney
What’s the Most Important Tax Rate?
Euro, dollar a penny away from parity for first time in 20 years
Larry Kudlow: Biden and the radical progressives took this strong economy and damaged it
Twitter rolls out new 'unmention' safety feature sitewide
Jan. 6 hearings: Live coverage and latest updates, Day 7
Biden officials push to offer second booster shot to all adults
How a Navy Super Hornet jet was blown off the USS Harry S. Truman
Airlines can't keep Baby Boomers pilots flying 'indefinitely:' Buttigieg
Twitter Sees More Workers Leave Due to Musk Takeover, Starts Layoffs
Amazon Is Developing Cancer Vaccines With Fred Hutchinson
The January 6 committee is making history by making good TV
Tuesday's January 6 hearing is focusing on extremist groups. Here are some names you might hear.
Trump's SPAC surges after Elon Musk tries to get out of Twitter deal
Judge Refuses To Delay Trial For Trump's Ex-Adviser Steve Bannon
A Surprise Weigh-In At The Pediatrician’s Office Shattered Me. Here’s What I Learned.
Amazon Prime Day 2022: The Best Mattress Deals To Shop Now
Stock Market Today: Dow, S&P Live Updates for July 11, 2022
Bill Gross Favors T-Bills Over Stocks, Bonds as Recession Looms Large
S&P 500: US Stocks Likely to Rally on Corporate Earnings Strength, Citi Says
Are the Carvana Shorts in Danger of Being Crushed? - The Motley Fool
Got $5,000? 3 Stocks to Buy and Hold for the Next 20 Years - The Motley Fool
Exploit the War on Cash By Buying Shares of This Fintech Giant Today - The Motley Fool

日本語タイトル:['ユーロはパリティ突破の瀬戸際、株価は再び下落.com', 'モーニング・ビッド さよならゴルディロックス．', 'ノルウェーのDNB第2四半期は、利上げを背景に予想を上回る．', 'ユーロがドル・パリティに近づくと欧州株は下落、EDF株は6％上昇', 'UBS、2022年のS&P500の目標株価を引き下げ、業績予想はさらに下がる可能性があると指摘', 'アマゾンのグラブハブ株式取得が投資家とデリバリーの未来に意味するもの', 'テスラ・リビアンが大移動を検討', 'レストランのバーゲン」は豊富だが、テーブルに着く前に注意が必要 - RealMoney', '最も重要な税率は何なのか？', 'ユーロとドル、20年ぶりに平価まであと1円', 'ラリー・クドロー バイデンと急進派はこの強い経済を奪い、傷つけた', 'Twitter、新安全機能「アンメンション」をサイト全体にロールアウト', '1月6日の公聴会。ライブカバレッジと最新の更新、7日目', 'バイデン氏、すべての成人に2回目のブースター注射を提供するよう推進', '海軍のスーパーホーネットがUSSハリー・S・トルーマンから吹き飛ばされた理由', '航空会社はベビーブーマーのパイロットを "無期限 "で飛行させ続けることはできない：バティギーグ氏', 'Twitter、Musk買収で退職者が増加、レイオフを開始', 'アマゾンがフレッド・ハッチンソンとがんワクチンを開発中', '1月6日の委員会は、良いテレビを作ることで歴史を作っている', '火曜日の1月6日の公聴会は、過激派グループに焦点を当てています。以下、聞こえてきそうな名前です。', 'イーロン・マスクがTwitterの取引から抜け出そうとした後、トランプのSPACは急騰する', 'トランプ氏の元顧問スティーブ・バノン氏の公判延期を判事が拒否', '小児科医院での突然の体重測定が私を打ちのめした。これは私が学んだことです。', 'アマゾンプライムデー2022：今すぐ買いたいマットレスのお買い得品', '今日の株式市場。2022年7月11日のダウ、S&Pライブアップデート', 'ビル・グロス氏は、景気後退が大きく迫っているため、株式や債券よりもT-Billを支持する。', 'S&P500。米国株は企業業績の好調で上昇する可能性が高いと、シティは述べています。', 'カーバナ・ショートは潰される危険性があるのか？- The Motley Fool', '5,000ドルをお持ちですか？今後20年間買い持ち続けるべき3つの銘柄 - The Motley Fool']
=== エラー内容 ===
type:<class 'newspaper.article.ArticleException'>
args:("Article `download()` failed with HTTPSConnectionPool(host='www.fool.com', port=443): Read timed out. (read timeout=7) on URL https://www.fool.com/investing/2022/07/11/why-is-everyone-talking-about-gamestop-stock/",)
e自身:Article `download()` failed with HTTPSConnectionPool(host='www.fool.com', port=443): Read timed out. (read timeout=7) on URL https://www.fool.com/investing/2022/07/11/why-is-everyone-talking-about-gamestop-stock/
=== エラー内容 ===
type:<class 'newspaper.article.ArticleException'>
args:("Article `download()` failed with HTTPSConnectionPool(host='www.reuters.com', port=443): Read timed out. (read timeout=7) on URL https://www.reuters.com/business/finance/us-state-vermont-regulator-says-celsius-lacks-assets-repay-customers-creditors-2022-07-13/",)
e自身:Article `download()` failed with HTTPSConnectionPool(host='www.reuters.com', port=443): Read timed out. (read timeout=7) on URL https://www.reuters.com/business/finance/us-state-vermont-regulator-says-celsius-lacks-assets-repay-customers-creditors-2022-07-13/
=== エラー内容 ===
type:<class 'newspaper.article.ArticleException'>
args:("Article `download()` failed with HTTPSConnectionPool(host='www.foxbusiness.com', port=443): Read timed out. (read timeout=7) on URL https://www.foxbusiness.com/markets/stock-futures-7-13-2022",)
e自身:Article `download()` failed with HTTPSConnectionPool(host='www.foxbusiness.com', port=443): Read timed out. (read timeout=7) on URL https://www.foxbusiness.com/markets/stock-futures-7-13-2022
=== エラー内容 ===
type:<class 'newspaper.article.ArticleException'>
args:("Article `download()` failed with HTTPSConnectionPool(host='www.foxbusiness.com', port=443): Read timed out. (read timeout=7) on URL https://www.foxbusiness.com/media/larry-kudlow-biden-radical-progressives-strong-economy-damaged-it",)
e自身:Article `download()` failed with HTTPSConnectionPool(host='www.foxbusiness.com', port=443): Read timed out. (read timeout=7) on URL https://www.foxbusiness.com/media/larry-kudlow-biden-radical-progressives-strong-economy-damaged-it
=== エラー内容 ===
type:<class 'newspaper.article.ArticleException'>
args:("Article `download()` failed with HTTPSConnectionPool(host='www.foxbusiness.com', port=443): Read timed out. (read timeout=7) on URL https://www.foxbusiness.com/economy/feds-powell-met-lawmakers-capitol-hill-ahead-june-inflation-report",)
e自身:Article `download()` failed with HTTPSConnectionPool(host='www.foxbusiness.com', port=443): Read timed out. (read timeout=7) on URL https://www.foxbusiness.com/economy/feds-powell-met-lawmakers-capitol-hill-ahead-june-inflation-report
=== エラー内容 ===
type:<class 'newspaper.article.ArticleException'>
args:("Article `download()` failed with HTTPSConnectionPool(host='www.foxbusiness.com', port=443): Read timed out. (read timeout=7) on URL https://www.foxbusiness.com/economy/fed-bostic-july-interest-rate-hike-options",)
e自身:Article `download()` failed with HTTPSConnectionPool(host='www.foxbusiness.com', port=443): Read timed out. (read timeout=7) on URL https://www.foxbusiness.com/economy/fed-bostic-july-interest-rate-hike-options
=== エラー内容 ===
type:<class 'newspaper.article.ArticleException'>
args:("Article `download()` failed with HTTPSConnectionPool(host='www.foxbusiness.com', port=443): Read timed out. (read timeout=7) on URL https://www.foxbusiness.com/technology/japans-panasonic-build-tesla-batteries-kansas-report",)
e自身:Article `download()` failed with HTTPSConnectionPool(host='www.foxbusiness.com', port=443): Read timed out. (read timeout=7) on URL https://www.foxbusiness.com/technology/japans-panasonic-build-tesla-batteries-kansas-report
=== エラー内容 ===
type:<class 'newspaper.article.ArticleException'>
args:("Article `download()` failed with HTTPSConnectionPool(host='www.reuters.com', port=443): Max retries exceeded with url: /world/asia-pacific/japan-daily-covid-infections-exceed-110000-hit-record-jiji-2022-07-16/ (Caused by NewConnectionError('<urllib3.connection.HTTPSConnection object at 0x106e78310>: Failed to establish a new connection: [Errno 8] nodename nor servname provided, or not known')) on URL https://www.reuters.com/world/asia-pacific/japan-daily-covid-infections-exceed-110000-hit-record-jiji-2022-07-16/",)
e自身:Article `download()` failed with HTTPSConnectionPool(host='www.reuters.com', port=443): Max retries exceeded with url: /world/asia-pacific/japan-daily-covid-infections-exceed-110000-hit-record-jiji-2022-07-16/ (Caused by NewConnectionError('<urllib3.connection.HTTPSConnection object at 0x106e78310>: Failed to establish a new connection: [Errno 8] nodename nor servname provided, or not known')) on URL https://www.reuters.com/world/asia-pacific/japan-daily-covid-infections-exceed-110000-hit-record-jiji-2022-07-16/
=== エラー内容 ===
type:<class 'newspaper.article.ArticleException'>
args:("Article `download()` failed with HTTPSConnectionPool(host='www.thestreet.com', port=443): Max retries exceeded with url: /technology/elon-musk-warns-u-s-and-eu-of-new-energy-war (Caused by NewConnectionError('<urllib3.connection.HTTPSConnection object at 0x10f558eb0>: Failed to establish a new connection: [Errno 8] nodename nor servname provided, or not known')) on URL https://www.thestreet.com/technology/elon-musk-warns-u-s-and-eu-of-new-energy-war",)
e自身:Article `download()` failed with HTTPSConnectionPool(host='www.thestreet.com', port=443): Max retries exceeded with url: /technology/elon-musk-warns-u-s-and-eu-of-new-energy-war (Caused by NewConnectionError('<urllib3.connection.HTTPSConnection object at 0x10f558eb0>: Failed to establish a new connection: [Errno 8] nodename nor servname provided, or not known')) on URL https://www.thestreet.com/technology/elon-musk-warns-u-s-and-eu-of-new-energy-war
=== エラー内容 ===
type:<class 'newspaper.article.ArticleException'>
args:("Article `download()` failed with HTTPSConnectionPool(host='www.thestreet.com', port=443): Max retries exceeded with url: /technology/bmw-creates-a-big-problem-for-itself (Caused by NewConnectionError('<urllib3.connection.HTTPSConnection object at 0x10f558dc0>: Failed to establish a new connection: [Errno 8] nodename nor servname provided, or not known')) on URL https://www.thestreet.com/technology/bmw-creates-a-big-problem-for-itself",)
e自身:Article `download()` failed with HTTPSConnectionPool(host='www.thestreet.com', port=443): Max retries exceeded with url: /technology/bmw-creates-a-big-problem-for-itself (Caused by NewConnectionError('<urllib3.connection.HTTPSConnection object at 0x10f558dc0>: Failed to establish a new connection: [Errno 8] nodename nor servname provided, or not known')) on URL https://www.thestreet.com/technology/bmw-creates-a-big-problem-for-itself
=== エラー内容 ===
type:<class 'newspaper.article.ArticleException'>
args:("Article `download()` failed with HTTPSConnectionPool(host='www.thestreet.com', port=443): Max retries exceeded with url: /markets/-5-things-you-must-know-before-market-opens-friday-071522 (Caused by NewConnectionError('<urllib3.connection.HTTPSConnection object at 0x10f558a00>: Failed to establish a new connection: [Errno 8] nodename nor servname provided, or not known')) on URL https://www.thestreet.com/markets/-5-things-you-must-know-before-market-opens-friday-071522",)
e自身:Article `download()` failed with HTTPSConnectionPool(host='www.thestreet.com', port=443): Max retries exceeded with url: /markets/-5-things-you-must-know-before-market-opens-friday-071522 (Caused by NewConnectionError('<urllib3.connection.HTTPSConnection object at 0x10f558a00>: Failed to establish a new connection: [Errno 8] nodename nor servname provided, or not known')) on URL https://www.thestreet.com/markets/-5-things-you-must-know-before-market-opens-friday-071522
=== エラー内容 ===
type:<class 'urllib.error.URLError'>
args:(gaierror(8, 'nodename nor servname provided, or not known'),)
e自身:<urlopen error [Errno 8] nodename nor servname provided, or not known>
url:https://news.google.com/rss/search?q=+after:2022-7-15+inurl:foxbusiness.com&hl=en-US&gl=US&ceid=US:en
=== エラー内容 ===
type:<class 'urllib.error.URLError'>
args:(gaierror(8, 'nodename nor servname provided, or not known'),)
e自身:<urlopen error [Errno 8] nodename nor servname provided, or not known>
url:https://news.google.com/rss/search?q=+after:2022-7-15+inurl:washingtonpost.com&hl=en-US&gl=US&ceid=US:en
=== エラー内容 ===
type:<class 'urllib.error.URLError'>
args:(gaierror(8, 'nodename nor servname provided, or not known'),)
e自身:<urlopen error [Errno 8] nodename nor servname provided, or not known>
url:https://news.google.com/rss/search?q=+after:2022-7-15+inurl:businessinsider.com&hl=en-US&gl=US&ceid=US:en
=== エラー内容 ===
type:<class 'urllib.error.URLError'>
args:(gaierror(8, 'nodename nor servname provided, or not known'),)
e自身:<urlopen error [Errno 8] nodename nor servname provided, or not known>
url:https://news.google.com/rss/search?q=+after:2022-7-15+inurl:cnn.com&hl=en-US&gl=US&ceid=US:en
=== エラー内容 ===
type:<class 'urllib.error.URLError'>
args:(gaierror(8, 'nodename nor servname provided, or not known'),)
e自身:<urlopen error [Errno 8] nodename nor servname provided, or not known>
url:https://news.google.com/rss/search?q=+after:2022-7-15+inurl:huffpost.com&hl=en-US&gl=US&ceid=US:en
=== エラー内容 ===
type:<class 'urllib.error.URLError'>
args:(gaierror(8, 'nodename nor servname provided, or not known'),)
e自身:<urlopen error [Errno 8] nodename nor servname provided, or not known>
url:https://news.google.com/rss/search?q=+after:2022-7-15+inurl:bloomberg.com&hl=en-US&gl=US&ceid=US:en
=== エラー内容 ===
type:<class 'urllib.error.URLError'>
args:(gaierror(8, 'nodename nor servname provided, or not known'),)
e自身:<urlopen error [Errno 8] nodename nor servname provided, or not known>
url:https://news.google.com/rss/search?q=+after:2022-7-15+inurl:fool.com&hl=en-US&gl=US&ceid=US:en
=== エラー内容 ===
type:<class 'urllib.error.URLError'>
args:(gaierror(8, 'nodename nor servname provided, or not known'),)
e自身:<urlopen error [Errno 8] nodename nor servname provided, or not known>
url:https://news.google.com/rss/search?q=+after:2022-7-15+inurl:reuters.com&hl=en-US&gl=US&ceid=US:en
=== エラー内容 ===
type:<class 'urllib.error.URLError'>
args:(gaierror(8, 'nodename nor servname provided, or not known'),)
e自身:<urlopen error [Errno 8] nodename nor servname provided, or not known>
url:https://news.google.com/rss/search?q=+after:2022-7-15+inurl:cnbc.com&hl=en-US&gl=US&ceid=US:en
=== エラー内容 ===
type:<class 'urllib.error.URLError'>
args:(gaierror(8, 'nodename nor servname provided, or not known'),)
e自身:<urlopen error [Errno 8] nodename nor servname provided, or not known>
url:https://news.google.com/rss/search?q=+after:2022-7-15+inurl:thestreet.com&hl=en-US&gl=US&ceid=US:en
=== エラー内容 ===
type:<class 'urllib.error.URLError'>
args:(gaierror(8, 'nodename nor servname provided, or not known'),)
e自身:<urlopen error [Errno 8] nodename nor servname provided, or not known>
url:https://news.google.com/rss/search?q=+after:2022-7-15+inurl:foxbusiness.com&hl=en-US&gl=US&ceid=US:en
=== エラー内容 ===
type:<class 'urllib.error.URLError'>
args:(gaierror(8, 'nodename nor servname provided, or not known'),)
e自身:<urlopen error [Errno 8] nodename nor servname provided, or not known>
url:https://news.google.com/rss/search?q=+after:2022-7-15+inurl:washingtonpost.com&hl=en-US&gl=US&ceid=US:en
=== エラー内容 ===
type:<class 'urllib.error.URLError'>
args:(gaierror(8, 'nodename nor servname provided, or not known'),)
e自身:<urlopen error [Errno 8] nodename nor servname provided, or not known>
url:https://news.google.com/rss/search?q=+after:2022-7-15+inurl:businessinsider.com&hl=en-US&gl=US&ceid=US:en
=== エラー内容 ===
type:<class 'newspaper.article.ArticleException'>
args:("Article `download()` failed with HTTPSConnectionPool(host='www.foxbusiness.com', port=443): Read timed out. (read timeout=7) on URL https://www.foxbusiness.com/retail/amazon-prime-day-skirts-inflation",)
e自身:Article `download()` failed with HTTPSConnectionPool(host='www.foxbusiness.com', port=443): Read timed out. (read timeout=7) on URL https://www.foxbusiness.com/retail/amazon-prime-day-skirts-inflation
=== エラー内容 ===
type:<class 'newspaper.article.ArticleException'>
args:("Article `download()` failed with HTTPSConnectionPool(host='www.foxbusiness.com', port=443): Read timed out. (read timeout=7) on URL https://www.foxbusiness.com/economy/consumer-sentiment-rises-unexpectedly-from-record-low",)
e自身:Article `download()` failed with HTTPSConnectionPool(host='www.foxbusiness.com', port=443): Read timed out. (read timeout=7) on URL https://www.foxbusiness.com/economy/consumer-sentiment-rises-unexpectedly-from-record-low
=== エラー内容 ===
type:<class 'newspaper.article.ArticleException'>
args:("Article `download()` failed with HTTPSConnectionPool(host='www.washingtonpost.com', port=443): Read timed out. (read timeout=7) on URL https://www.washingtonpost.com/nation/2022/07/17/uvalde-school-shooting-report/",)
e自身:Article `download()` failed with HTTPSConnectionPool(host='www.washingtonpost.com', port=443): Read timed out. (read timeout=7) on URL https://www.washingtonpost.com/nation/2022/07/17/uvalde-school-shooting-report/
=== エラー内容 ===
type:<class 'newspaper.article.ArticleException'>
args:("Article `download()` failed with HTTPSConnectionPool(host='www.foxbusiness.com', port=443): Read timed out. (read timeout=7) on URL https://www.foxbusiness.com/media/joe-concha-rips-kamala-harris-word-salads-inability-meet-goals-abject-failure",)
e自身:Article `download()` failed with HTTPSConnectionPool(host='www.foxbusiness.com', port=443): Read timed out. (read timeout=7) on URL https://www.foxbusiness.com/media/joe-concha-rips-kamala-harris-word-salads-inability-meet-goals-abject-failure
=== エラー内容 ===
type:<class 'newspaper.article.ArticleException'>
args:("Article `download()` failed with HTTPSConnectionPool(host='www.foxbusiness.com', port=443): Read timed out. (read timeout=7) on URL https://www.foxbusiness.com/retail/amazon-prime-day-skirts-inflation",)
e自身:Article `download()` failed with HTTPSConnectionPool(host='www.foxbusiness.com', port=443): Read timed out. (read timeout=7) on URL https://www.foxbusiness.com/retail/amazon-prime-day-skirts-inflation
=== エラー内容 ===
type:<class 'newspaper.article.ArticleException'>
args:("Article `download()` failed with HTTPSConnectionPool(host='www.huffpost.com', port=443): Read timed out. (read timeout=7) on URL https://www.huffpost.com/entry/14th-amendment-constitution-insurrectionist-ban-trump-lawsuit-alan-morrison_n_62d49f2be4b0f6913031334b",)
e自身:Article `download()` failed with HTTPSConnectionPool(host='www.huffpost.com', port=443): Read timed out. (read timeout=7) on URL https://www.huffpost.com/entry/14th-amendment-constitution-insurrectionist-ban-trump-lawsuit-alan-morrison_n_62d49f2be4b0f6913031334b
=== エラー内容 ===
type:<class 'newspaper.article.ArticleException'>
args:("Article `download()` failed with HTTPSConnectionPool(host='www.reuters.com', port=443): Read timed out. (read timeout=7) on URL https://www.reuters.com/business/autos-transportation/volvo-cars-q2-operating-profit-rises-2022-07-20/",)
e自身:Article `download()` failed with HTTPSConnectionPool(host='www.reuters.com', port=443): Read timed out. (read timeout=7) on URL https://www.reuters.com/business/autos-transportation/volvo-cars-q2-operating-profit-rises-2022-07-20/
=== エラー内容 ===
type:<class 'IndexError'>
args:('list index out of range',)
e自身:list index out of range
タイトル:Acting U.S. FAA chief says air carrier performance improving
EU tells members to cut gas usage amid new Putin warning
Analysis: Debt-laden Italy looks no less vulnerable as rates shoot higher
UK inflation hits 9.4%, bolstering bets on big BoE rate hike UK
Zambia creditors to commit to debt relief needed for IMF funding - sources
Train maker Alstom's sales rise but inflation, supply chain woes linger
Wall Street closes sharply higher on strong corporate earnings
Volvo Cars sees flat or lower retail sales this year
Thailand admits to using phone spyware, cites national security
Stocks climb for fourth straight session, dollar edges higher as earnings, ECB eyed

日本語タイトル:['米連邦航空局長代行、航空会社の業績は改善中と発言', 'EU、プーチン大統領の新たな警告を受け、加盟国にガス使用量の削減を指示', '分析 イタリアは金利が上昇し、債務超過に陥っている。', '英国インフレ率9.4％、BOEの大幅利上げへの賭けを強化 英国', 'ザンビア債権者、IMFの資金調達に必要な債務救済を約束か-関係筋', '鉄道会社アルストムの売上高は増加したが、インフレとサプライチェーンの問題が残る', 'ウォール街、好調な企業決算で大幅高で終了', 'ボルボ・カーズ、今年の小売販売台数は横ばいか減少の見通し', 'タイ、電話スパイウェアの使用を認める、国家安全保障を理由とする']
=== エラー内容 ===
type:<class 'newspaper.article.ArticleException'>
args:("Article `download()` failed with HTTPSConnectionPool(host='www.foxbusiness.com', port=443): Read timed out. (read timeout=7) on URL https://www.foxbusiness.com/economy/vimeo-slashes-workforce",)
e自身:Article `download()` failed with HTTPSConnectionPool(host='www.foxbusiness.com', port=443): Read timed out. (read timeout=7) on URL https://www.foxbusiness.com/economy/vimeo-slashes-workforce
=== エラー内容 ===
type:<class 'newspaper.article.ArticleException'>
args:("Article `download()` failed with HTTPSConnectionPool(host='www.foxbusiness.com', port=443): Read timed out. (read timeout=7) on URL https://www.foxbusiness.com/markets/existing-home-sales-report-crude-stockpiles-expected-rise-5-things-know",)
e自身:Article `download()` failed with HTTPSConnectionPool(host='www.foxbusiness.com', port=443): Read timed out. (read timeout=7) on URL https://www.foxbusiness.com/markets/existing-home-sales-report-crude-stockpiles-expected-rise-5-things-know
=== エラー内容 ===
type:<class 'newspaper.article.ArticleException'>
args:('Article `download()` failed with 500 Server Error: Internal Server Error for url: https://www.fool.com/investing/2022/07/20/solana-foundation-slapped-with-class-action-lawsui/ on URL https://www.fool.com/investing/2022/07/20/solana-foundation-slapped-with-class-action-lawsui/',)
e自身:Article `download()` failed with 500 Server Error: Internal Server Error for url: https://www.fool.com/investing/2022/07/20/solana-foundation-slapped-with-class-action-lawsui/ on URL https://www.fool.com/investing/2022/07/20/solana-foundation-slapped-with-class-action-lawsui/
=== エラー内容 ===
type:<class 'newspaper.article.ArticleException'>
args:('Article `download()` failed with 500 Server Error: Internal Server Error for url: https://www.fool.com/earnings/call-transcripts/2022/07/21/nve-nvec-q1-2023-earnings-call-transcript/ on URL https://www.fool.com/earnings/call-transcripts/2022/07/21/nve-nvec-q1-2023-earnings-call-transcript/',)
e自身:Article `download()` failed with 500 Server Error: Internal Server Error for url: https://www.fool.com/earnings/call-transcripts/2022/07/21/nve-nvec-q1-2023-earnings-call-transcript/ on URL https://www.fool.com/earnings/call-transcripts/2022/07/21/nve-nvec-q1-2023-earnings-call-transcript/
=== エラー内容 ===
type:<class 'newspaper.article.ArticleException'>
args:('Article `download()` failed with 500 Server Error: Internal Server Error for url: https://www.fool.com/investing/2022/07/19/why-gamestop-is-jumping-higher-than-the-market-tod/ on URL https://www.fool.com/investing/2022/07/19/why-gamestop-is-jumping-higher-than-the-market-tod/',)
e自身:Article `download()` failed with 500 Server Error: Internal Server Error for url: https://www.fool.com/investing/2022/07/19/why-gamestop-is-jumping-higher-than-the-market-tod/ on URL https://www.fool.com/investing/2022/07/19/why-gamestop-is-jumping-higher-than-the-market-tod/
=== エラー内容 ===
type:<class 'newspaper.article.ArticleException'>
args:('Article `download()` failed with 500 Server Error: Internal Server Error for url: https://www.fool.com/investing/2022/07/21/3-times-youll-regret-claiming-social-security-earl/ on URL https://www.fool.com/investing/2022/07/21/3-times-youll-regret-claiming-social-security-earl/',)
e自身:Article `download()` failed with 500 Server Error: Internal Server Error for url: https://www.fool.com/investing/2022/07/21/3-times-youll-regret-claiming-social-security-earl/ on URL https://www.fool.com/investing/2022/07/21/3-times-youll-regret-claiming-social-security-earl/
=== エラー内容 ===
type:<class 'newspaper.article.ArticleException'>
args:('Article `download()` failed with 500 Server Error: Internal Server Error for url: https://www.fool.com/investing/2022/07/21/why-goldman-sachs-could-be-the-best-bank-stock-to/ on URL https://www.fool.com/investing/2022/07/21/why-goldman-sachs-could-be-the-best-bank-stock-to/',)
e自身:Article `download()` failed with 500 Server Error: Internal Server Error for url: https://www.fool.com/investing/2022/07/21/why-goldman-sachs-could-be-the-best-bank-stock-to/ on URL https://www.fool.com/investing/2022/07/21/why-goldman-sachs-could-be-the-best-bank-stock-to/
=== エラー内容 ===
type:<class 'newspaper.article.ArticleException'>
args:('Article `download()` failed with 500 Server Error: Internal Server Error for url: https://www.fool.com/investing/2022/07/21/2-perks-of-a-down-stock-market/ on URL https://www.fool.com/investing/2022/07/21/2-perks-of-a-down-stock-market/',)
e自身:Article `download()` failed with 500 Server Error: Internal Server Error for url: https://www.fool.com/investing/2022/07/21/2-perks-of-a-down-stock-market/ on URL https://www.fool.com/investing/2022/07/21/2-perks-of-a-down-stock-market/
=== エラー内容 ===
type:<class 'newspaper.article.ArticleException'>
args:('Article `download()` failed with 500 Server Error: Internal Server Error for url: https://www.fool.com/investing/2022/07/21/5-stocks-im-betting-the-farm-on/ on URL https://www.fool.com/investing/2022/07/21/5-stocks-im-betting-the-farm-on/',)
e自身:Article `download()` failed with 500 Server Error: Internal Server Error for url: https://www.fool.com/investing/2022/07/21/5-stocks-im-betting-the-farm-on/ on URL https://www.fool.com/investing/2022/07/21/5-stocks-im-betting-the-farm-on/
=== エラー内容 ===
type:<class 'newspaper.article.ArticleException'>
args:('Article `download()` failed with 500 Server Error: Internal Server Error for url: https://www.fool.com/investing/2022/07/21/3-times-youll-regret-claiming-social-security-earl/ on URL https://www.fool.com/investing/2022/07/21/3-times-youll-regret-claiming-social-security-earl/',)
e自身:Article `download()` failed with 500 Server Error: Internal Server Error for url: https://www.fool.com/investing/2022/07/21/3-times-youll-regret-claiming-social-security-earl/ on URL https://www.fool.com/investing/2022/07/21/3-times-youll-regret-claiming-social-security-earl/
=== エラー内容 ===
type:<class 'IndexError'>
args:('list index out of range',)
e自身:list index out of range
タイトル:Stocks making the biggest moves premarket: American Express, Verizon, Twitter and more
Goldman Sachs on why the bear market is not over
Amazon's deals don't instill the same fear in rivals as before
S&P 500 trims weekly gain, shedding 1% on Friday as Snap earnings hit tech stocks
Nasdaq surges more than 1% in third straight positive session as Tesla shares pop
Cash-strapped but still trying to keep up with the Kardashians: How social media drives bad spending habits
San Francisco businesses struggle to hang on as tech workers stay home
European stocks close lower as investors track earnings, monetary policy; Uniper up 14%
Britain faces a summer of strikes as historic inflation and falling real wages bite
Verizon shares fall after company cuts full-year forecast
Snap shares plunge 25% on disappointing second-quarter results and plans to slow hiring
Jim Cramer offers his favorite stock picks for 3 possible recession scenarios
What Tesla's bitcoin sale means for the crypto outlook
Wall Street analysts name top stock picks for the third quarter
Bulls finally have some momentum behind them, but don't sound the all-clear just yet

日本語タイトル:['プレマーケットで最も大きな動きを見せている銘柄。アメリカン・エキスプレス、ベライゾン、ツイッター、その他', 'ゴールドマン・サックス、弱気相場が終わらない理由を語る', 'アマゾンの取引は、ライバルに以前と同じ恐怖を与えない。', 'S&P500は週明けの上昇幅を縮小、1%下落 スナップ決算がハイテク株を直撃', 'テスラ株の急騰でナスダックは1％超の上昇、3連続プラスに', '現金に困っていても、カーダシアンにはついていこうとする。ソーシャルメディアは、どのように悪い消費習慣を推進するか', 'サンフランシスコの企業、技術系社員の自宅待機で苦戦', '欧州株、決算と金融政策の動向を見極め安値引け、ユニパーは14％高', '英国は歴史的なインフレと実質賃金の低下により、ストライキの夏に直面している。', 'ベライゾン、通期予想下方修正で株価下落', '震災の影響からか、株価は25％下落。', 'このような状況下でも、「崖っぷち」であることは間違いない。', 'Teslaのビットコイン売却は暗号の見通しに何を意味するのか？', 'ウォール街のアナリストが第3四半期の人気銘柄を発表']
=== エラー内容 ===
type:<class 'newspaper.article.ArticleException'>
args:("Article `download()` failed with HTTPSConnectionPool(host='www.cnbc.com', port=443): Read timed out. (read timeout=7) on URL https://www.cnbc.com/2022/07/22/amazons-deals-dont-instill-the-same-fear-in-rivals-as-before.html",)
e自身:Article `download()` failed with HTTPSConnectionPool(host='www.cnbc.com', port=443): Read timed out. (read timeout=7) on URL https://www.cnbc.com/2022/07/22/amazons-deals-dont-instill-the-same-fear-in-rivals-as-before.html
=== エラー内容 ===
type:<class 'newspaper.article.ArticleException'>
args:("Article `download()` failed with HTTPSConnectionPool(host='www.foxbusiness.com', port=443): Read timed out. (read timeout=7) on URL https://www.foxbusiness.com/economy/existing-home-sales-tumble-june-prices-hit-record-high",)
e自身:Article `download()` failed with HTTPSConnectionPool(host='www.foxbusiness.com', port=443): Read timed out. (read timeout=7) on URL https://www.foxbusiness.com/economy/existing-home-sales-tumble-june-prices-hit-record-high
=== エラー内容 ===
type:<class 'newspaper.article.ArticleException'>
args:("Article `download()` failed with HTTPSConnectionPool(host='www.foxbusiness.com', port=443): Read timed out. (read timeout=7) on URL https://www.foxbusiness.com/energy/biden-running-credit-cards-swipe-turn-us-energy-producers-industry-president",)
e自身:Article `download()` failed with HTTPSConnectionPool(host='www.foxbusiness.com', port=443): Read timed out. (read timeout=7) on URL https://www.foxbusiness.com/energy/biden-running-credit-cards-swipe-turn-us-energy-producers-industry-president
=== エラー内容 ===
type:<class 'newspaper.article.ArticleException'>
args:("Article `download()` failed with HTTPSConnectionPool(host='www.foxbusiness.com', port=443): Read timed out. (read timeout=7) on URL https://www.foxbusiness.com/business-leaders/musk-reacts-twitter-blame-q2-revenue-miss",)
e自身:Article `download()` failed with HTTPSConnectionPool(host='www.foxbusiness.com', port=443): Read timed out. (read timeout=7) on URL https://www.foxbusiness.com/business-leaders/musk-reacts-twitter-blame-q2-revenue-miss
=== エラー内容 ===
type:<class 'newspaper.article.ArticleException'>
args:("Article `download()` failed with HTTPSConnectionPool(host='www.reuters.com', port=443): Read timed out. (read timeout=7) on URL https://www.reuters.com/markets/deals/germanys-uniper-gets-15-bln-eur-state-bail-out-avert-collapse-2022-07-22/",)
e自身:Article `download()` failed with HTTPSConnectionPool(host='www.reuters.com', port=443): Read timed out. (read timeout=7) on URL https://www.reuters.com/markets/deals/germanys-uniper-gets-15-bln-eur-state-bail-out-avert-collapse-2022-07-22/
=== エラー内容 ===
type:<class 'newspaper.article.ArticleException'>
args:("Article `download()` failed with HTTPSConnectionPool(host='www.reuters.com', port=443): Read timed out. (read timeout=7) on URL https://www.reuters.com/world/europe/satellite-imagery-ship-data-indicates-path-russian-vessel-kyiv-says-shipped-2022-07-22/",)
e自身:Article `download()` failed with HTTPSConnectionPool(host='www.reuters.com', port=443): Read timed out. (read timeout=7) on URL https://www.reuters.com/world/europe/satellite-imagery-ship-data-indicates-path-russian-vessel-kyiv-says-shipped-2022-07-22/
=== エラー内容 ===
type:<class 'newspaper.article.ArticleException'>
args:("Article `download()` failed with HTTPSConnectionPool(host='www.reuters.com', port=443): Read timed out. (read timeout=7) on URL https://www.reuters.com/world/china/china-evergrande-ceo-cfo-step-down-after-probe-into-property-services-unit-2022-07-22/",)
e自身:Article `download()` failed with HTTPSConnectionPool(host='www.reuters.com', port=443): Read timed out. (read timeout=7) on URL https://www.reuters.com/world/china/china-evergrande-ceo-cfo-step-down-after-probe-into-property-services-unit-2022-07-22/
=== エラー内容 ===
type:<class 'newspaper.article.ArticleException'>
args:("Article `download()` failed with HTTPSConnectionPool(host='www.bloomberg.com', port=443): Max retries exceeded with url: /tosv2.html?vid=&uuid=ee2f62af-0a59-11ed-8b87-78684f527261&url=L25ld3MvYXJ0aWNsZXMvMjAyMi0wNy0yMC9ldXJvcGUtcy1jZW50cmFsLWJhbmstZmFjZXMtdGhlLWNsYXNzaWMtZW1lcmdpbmctbWFya2V0LWRpbGVtbWE= (Caused by ConnectTimeoutError(<urllib3.connection.HTTPSConnection object at 0x1138427c0>, 'Connection to www.bloomberg.com timed out. (connect timeout=7)')) on URL https://www.bloomberg.com/news/articles/2022-07-20/europe-s-central-bank-faces-the-classic-emerging-market-dilemma",)
e自身:Article `download()` failed with HTTPSConnectionPool(host='www.bloomberg.com', port=443): Max retries exceeded with url: /tosv2.html?vid=&uuid=ee2f62af-0a59-11ed-8b87-78684f527261&url=L25ld3MvYXJ0aWNsZXMvMjAyMi0wNy0yMC9ldXJvcGUtcy1jZW50cmFsLWJhbmstZmFjZXMtdGhlLWNsYXNzaWMtZW1lcmdpbmctbWFya2V0LWRpbGVtbWE= (Caused by ConnectTimeoutError(<urllib3.connection.HTTPSConnection object at 0x1138427c0>, 'Connection to www.bloomberg.com timed out. (connect timeout=7)')) on URL https://www.bloomberg.com/news/articles/2022-07-20/europe-s-central-bank-faces-the-classic-emerging-market-dilemma
=== エラー内容 ===
type:<class 'IndexError'>
args:('list index out of range',)
e自身:list index out of range
タイトル:Russian retail investors ask VTB to compensate them for foreign losses
China's Xinjiang warns of more floods, risk to cotton crop amid heatwaves
China says medical insurance fund in the black, responding to concerns
'High volatility' includes 'sharp' up days, too. Here's why it's smart to stay invested in the market
Investing Club: The week in review, the week ahead — July 22, 2022
S&P 500 sheds nearly 1% Friday on Snap-led tech sell-off, but finishes higher on week
More Americans Are Canceling Home Purchases. Here's Why.
Mr. 'Big Short' Makes a Serious Accusation
Ford Plans Big Changes to Take on GM, Tesla and Nio
Colorado, Utah, Idaho metros had the biggest share of sellers dropping home prices in June
Musk reacts to Twitter blame for second-quarter revenue miss
How housing is fueling searing-hot inflation
Analysis  The evidence against Trump came from Republicans and Trump staffers
Liz Cheney understood the assignment
Catholic Archdiocese of Washington to ban old Latin Mass in parishes
Ex-DA in NYC Donald Trump probe calls January 6 facts 'damning'
Tesla exec faces scrutiny over special glass purchase: Report
Marines pull new amphibious vehicles out of water after mishap
Volkswagen CEO to leave in surprise move
'Nope' hopes to be Jordan Peele's latest out-of-this-world hit
Kyiv and Moscow agree deal to resume Ukraine grain exports from Black Sea ports
New Warrant Issued For Election-Denying Colorado Clerk
Pat Benatar Won't Perform 'Hit Me With Your Best Shot' In Protest Of Gun Violence
Chelsea Handler On Ending Relationship With Jo Koy: 'I Have To Choose Myself'
Recession Now Looks Like the Price to Pay for Beating Inflation
More Hawkish Central Bank No Quick Fix for South Africa's Rand
Goldman Floats Case for Lower VIX Even in Event of Recession
Recession Fears, Earnings Results Sending Nasdaq Stocks Down: Why It's an Opportunity for Investors - The Motley Fool
Apple Outperforms Market, But Are Big Growth Days in the Past? - The Motley Fool
This Is Why Unity Stock Fell Big on Friday - The Motley Fool

日本語タイトル:['ロシアの個人投資家、VTBに海外損失の補填を求める', '中国新疆ウイグル自治区、熱波による洪水と綿作へのリスクを警告', '中国、医療保険基金が黒字に、懸念に応えたと発表', '高ボラティリティ」には「急騰」した日も含まれる。市場に投資し続けるのが賢い理由はこれだ', '投資倶楽部 今週の振り返り、これからの1週間 - 2022年7月22日号', 'スナップ主導のハイテク売りでS&P500は金曜日に1％近く下落するも、週明けは高値圏で終了', '住宅購入を取りやめるアメリカ人が増えている。その理由はここにある。', "ミスター'ビッグ・ショート'が重大な告発をする", 'フォードは、GM、テスラ、ニオに対抗するために大きな変化を計画している', 'コロラド州、ユタ州、アイダホ州の都市圏では、6月に住宅価格を下げた売り手の割合が最も多かった', 'マスクは、第2四半期の収益のミスでTwitterの非難に反応する', '住宅はどのように灼熱のインフレを煽っている', '分析 トランプに不利な証拠は、共和党とトランプのスタッフから来た', 'リズ・チェイニーは任務を理解していた', 'カトリックのワシントン大司教区は、教区で古いラテン語のミサを禁止するために', 'NYCのドナルド・トランプ調査の元DAは、1月6日の事実を「不利」だと言っている。', 'テスラ幹部、特殊ガラス購入で精査に直面。報告書', '海兵隊、新型水陸両用車を誤操作で水から引き上げ', 'フォルクスワーゲンCEO、サプライズで退任へ', 'Nope」、ジョーダン・ピールのこの世のものとは思えない最新ヒット作に期待', 'キエフとモスクワ、黒海の港からウクライナの穀物輸出を再開する取引に合意', '選挙を否定するコロラド州書記に新たな令状が発行される', 'パット・ベネター、銃乱射事件への抗議として「Hit Me With Your Best Shot」を演奏せず', 'チェルシー・ハンドラー、ジョー・コイとの関係終了について。を選択する必要があります', '景気後退はインフレに打ち勝つための代償のように見える', '日本経済新聞社より', 'ゴールドマン、景気後退局面でもVIXを下げるケースを浮き彫りに', '景気後退懸念と決算でナスダック銘柄が下落：投資家にとって好機となる理由 - The Motley Fool', 'アップル、市場をアウトパフォーム しかし、大きな成長の日は過去になったのか？- モトリーフール']
=== エラー内容 ===
type:<class 'newspaper.article.ArticleException'>
args:("Article `download()` failed with HTTPSConnectionPool(host='www.businessinsider.com', port=443): Max retries exceeded with url: /marines-pull-new-amphibious-vehicles-out-of-water-after-mishap-2022-7 (Caused by NewConnectionError('<urllib3.connection.HTTPSConnection object at 0x1058ed9d0>: Failed to establish a new connection: [Errno 8] nodename nor servname provided, or not known')) on URL https://www.businessinsider.com/marines-pull-new-amphibious-vehicles-out-of-water-after-mishap-2022-7",)
e自身:Article `download()` failed with HTTPSConnectionPool(host='www.businessinsider.com', port=443): Max retries exceeded with url: /marines-pull-new-amphibious-vehicles-out-of-water-after-mishap-2022-7 (Caused by NewConnectionError('<urllib3.connection.HTTPSConnection object at 0x1058ed9d0>: Failed to establish a new connection: [Errno 8] nodename nor servname provided, or not known')) on URL https://www.businessinsider.com/marines-pull-new-amphibious-vehicles-out-of-water-after-mishap-2022-7
=== エラー内容 ===
type:<class 'newspaper.article.ArticleException'>
args:("Article `download()` failed with HTTPSConnectionPool(host='www.businessinsider.com', port=443): Max retries exceeded with url: /trump-biden-bernie-sanders-age-geriatric-chicken-2024-2022-7 (Caused by NewConnectionError('<urllib3.connection.HTTPSConnection object at 0x1058ed640>: Failed to establish a new connection: [Errno 8] nodename nor servname provided, or not known')) on URL https://www.businessinsider.com/trump-biden-bernie-sanders-age-geriatric-chicken-2024-2022-7",)
e自身:Article `download()` failed with HTTPSConnectionPool(host='www.businessinsider.com', port=443): Max retries exceeded with url: /trump-biden-bernie-sanders-age-geriatric-chicken-2024-2022-7 (Caused by NewConnectionError('<urllib3.connection.HTTPSConnection object at 0x1058ed640>: Failed to establish a new connection: [Errno 8] nodename nor servname provided, or not known')) on URL https://www.businessinsider.com/trump-biden-bernie-sanders-age-geriatric-chicken-2024-2022-7
=== エラー内容 ===
type:<class 'newspaper.article.ArticleException'>
args:("Article `download()` failed with HTTPSConnectionPool(host='www.businessinsider.com', port=443): Max retries exceeded with url: /thousands-of-russian-officers-taken-out-in-ukraine-us-official-2022-7 (Caused by NewConnectionError('<urllib3.connection.HTTPSConnection object at 0x1058ed580>: Failed to establish a new connection: [Errno 8] nodename nor servname provided, or not known')) on URL https://www.businessinsider.com/thousands-of-russian-officers-taken-out-in-ukraine-us-official-2022-7",)
e自身:Article `download()` failed with HTTPSConnectionPool(host='www.businessinsider.com', port=443): Max retries exceeded with url: /thousands-of-russian-officers-taken-out-in-ukraine-us-official-2022-7 (Caused by NewConnectionError('<urllib3.connection.HTTPSConnection object at 0x1058ed580>: Failed to establish a new connection: [Errno 8] nodename nor servname provided, or not known')) on URL https://www.businessinsider.com/thousands-of-russian-officers-taken-out-in-ukraine-us-official-2022-7
=== エラー内容 ===
type:<class 'newspaper.article.ArticleException'>
args:("Article `download()` failed with HTTPSConnectionPool(host='www.businessinsider.com', port=443): Max retries exceeded with url: /delta-fighting-pilot-shortage-private-charter-company-partnership-2022-7 (Caused by NewConnectionError('<urllib3.connection.HTTPSConnection object at 0x1058ed550>: Failed to establish a new connection: [Errno 8] nodename nor servname provided, or not known')) on URL https://www.businessinsider.com/delta-fighting-pilot-shortage-private-charter-company-partnership-2022-7",)
e自身:Article `download()` failed with HTTPSConnectionPool(host='www.businessinsider.com', port=443): Max retries exceeded with url: /delta-fighting-pilot-shortage-private-charter-company-partnership-2022-7 (Caused by NewConnectionError('<urllib3.connection.HTTPSConnection object at 0x1058ed550>: Failed to establish a new connection: [Errno 8] nodename nor servname provided, or not known')) on URL https://www.businessinsider.com/delta-fighting-pilot-shortage-private-charter-company-partnership-2022-7
=== エラー内容 ===
type:<class 'newspaper.article.ArticleException'>
args:("Article `download()` failed with HTTPSConnectionPool(host='www.businessinsider.com', port=443): Max retries exceeded with url: /temperature-changes-shaped-penguins-evolution-study-suggests-2022-7 (Caused by NewConnectionError('<urllib3.connection.HTTPSConnection object at 0x1058ed9a0>: Failed to establish a new connection: [Errno 8] nodename nor servname provided, or not known')) on URL https://www.businessinsider.com/temperature-changes-shaped-penguins-evolution-study-suggests-2022-7",)
e自身:Article `download()` failed with HTTPSConnectionPool(host='www.businessinsider.com', port=443): Max retries exceeded with url: /temperature-changes-shaped-penguins-evolution-study-suggests-2022-7 (Caused by NewConnectionError('<urllib3.connection.HTTPSConnection object at 0x1058ed9a0>: Failed to establish a new connection: [Errno 8] nodename nor servname provided, or not known')) on URL https://www.businessinsider.com/temperature-changes-shaped-penguins-evolution-study-suggests-2022-7
=== エラー内容 ===
type:<class 'newspaper.article.ArticleException'>
args:("Article `download()` failed with HTTPSConnectionPool(host='www.businessinsider.com', port=443): Max retries exceeded with url: /justice-dept-must-prosecute-trump-january-6-coup-freedom-house-2022-7 (Caused by NewConnectionError('<urllib3.connection.HTTPSConnection object at 0x1058eda00>: Failed to establish a new connection: [Errno 8] nodename nor servname provided, or not known')) on URL https://www.businessinsider.com/justice-dept-must-prosecute-trump-january-6-coup-freedom-house-2022-7",)
e自身:Article `download()` failed with HTTPSConnectionPool(host='www.businessinsider.com', port=443): Max retries exceeded with url: /justice-dept-must-prosecute-trump-january-6-coup-freedom-house-2022-7 (Caused by NewConnectionError('<urllib3.connection.HTTPSConnection object at 0x1058eda00>: Failed to establish a new connection: [Errno 8] nodename nor servname provided, or not known')) on URL https://www.businessinsider.com/justice-dept-must-prosecute-trump-january-6-coup-freedom-house-2022-7
=== エラー内容 ===
type:<class 'newspaper.article.ArticleException'>
args:("Article `download()` failed with HTTPSConnectionPool(host='www.businessinsider.com', port=443): Max retries exceeded with url: /lowes-workers-scheduling-policy-weekends-2022-7 (Caused by NewConnectionError('<urllib3.connection.HTTPSConnection object at 0x1058ed8e0>: Failed to establish a new connection: [Errno 8] nodename nor servname provided, or not known')) on URL https://www.businessinsider.com/lowes-workers-scheduling-policy-weekends-2022-7",)
e自身:Article `download()` failed with HTTPSConnectionPool(host='www.businessinsider.com', port=443): Max retries exceeded with url: /lowes-workers-scheduling-policy-weekends-2022-7 (Caused by NewConnectionError('<urllib3.connection.HTTPSConnection object at 0x1058ed8e0>: Failed to establish a new connection: [Errno 8] nodename nor servname provided, or not known')) on URL https://www.businessinsider.com/lowes-workers-scheduling-policy-weekends-2022-7
=== エラー内容 ===
type:<class 'urllib.error.URLError'>
args:(gaierror(8, 'nodename nor servname provided, or not known'),)
e自身:<urlopen error [Errno 8] nodename nor servname provided, or not known>
url:https://news.google.com/rss/search?q=+after:2022-7-22+inurl:reuters.com&hl=en-US&gl=US&ceid=US:en
=== エラー内容 ===
type:<class 'urllib.error.URLError'>
args:(gaierror(8, 'nodename nor servname provided, or not known'),)
e自身:<urlopen error [Errno 8] nodename nor servname provided, or not known>
url:https://news.google.com/rss/search?q=+after:2022-7-22+inurl:cnbc.com&hl=en-US&gl=US&ceid=US:en
=== エラー内容 ===
type:<class 'urllib.error.URLError'>
args:(gaierror(8, 'nodename nor servname provided, or not known'),)
e自身:<urlopen error [Errno 8] nodename nor servname provided, or not known>
url:https://news.google.com/rss/search?q=+after:2022-7-22+inurl:thestreet.com&hl=en-US&gl=US&ceid=US:en
=== エラー内容 ===
type:<class 'urllib.error.URLError'>
args:(gaierror(8, 'nodename nor servname provided, or not known'),)
e自身:<urlopen error [Errno 8] nodename nor servname provided, or not known>
url:https://news.google.com/rss/search?q=+after:2022-7-22+inurl:foxbusiness.com&hl=en-US&gl=US&ceid=US:en
=== エラー内容 ===
type:<class 'urllib.error.URLError'>
args:(gaierror(8, 'nodename nor servname provided, or not known'),)
e自身:<urlopen error [Errno 8] nodename nor servname provided, or not known>
url:https://news.google.com/rss/search?q=+after:2022-7-22+inurl:washingtonpost.com&hl=en-US&gl=US&ceid=US:en
=== エラー内容 ===
type:<class 'newspaper.article.ArticleException'>
args:("Article `download()` failed with HTTPSConnectionPool(host='www.reuters.com', port=443): Max retries exceeded with url: /world/china/china-reports-982-new-covid-cases-july-23-vs-817-day-earlier-2022-07-24/ (Caused by NewConnectionError('<urllib3.connection.HTTPSConnection object at 0x106e467f0>: Failed to establish a new connection: [Errno 8] nodename nor servname provided, or not known')) on URL https://www.reuters.com/world/china/china-reports-982-new-covid-cases-july-23-vs-817-day-earlier-2022-07-24/",)
e自身:Article `download()` failed with HTTPSConnectionPool(host='www.reuters.com', port=443): Max retries exceeded with url: /world/china/china-reports-982-new-covid-cases-july-23-vs-817-day-earlier-2022-07-24/ (Caused by NewConnectionError('<urllib3.connection.HTTPSConnection object at 0x106e467f0>: Failed to establish a new connection: [Errno 8] nodename nor servname provided, or not known')) on URL https://www.reuters.com/world/china/china-reports-982-new-covid-cases-july-23-vs-817-day-earlier-2022-07-24/
=== エラー内容 ===
type:<class 'newspaper.article.ArticleException'>
args:("Article `download()` failed with HTTPSConnectionPool(host='www.reuters.com', port=443): Max retries exceeded with url: /lifestyle/sports/briton-hudson-smith-says-he-attempted-take-his-own-life-2022-07-23/ (Caused by NewConnectionError('<urllib3.connection.HTTPSConnection object at 0x106e46730>: Failed to establish a new connection: [Errno 8] nodename nor servname provided, or not known')) on URL https://www.reuters.com/lifestyle/sports/briton-hudson-smith-says-he-attempted-take-his-own-life-2022-07-23/",)
e自身:Article `download()` failed with HTTPSConnectionPool(host='www.reuters.com', port=443): Max retries exceeded with url: /lifestyle/sports/briton-hudson-smith-says-he-attempted-take-his-own-life-2022-07-23/ (Caused by NewConnectionError('<urllib3.connection.HTTPSConnection object at 0x106e46730>: Failed to establish a new connection: [Errno 8] nodename nor servname provided, or not known')) on URL https://www.reuters.com/lifestyle/sports/briton-hudson-smith-says-he-attempted-take-his-own-life-2022-07-23/
=== エラー内容 ===
type:<class 'newspaper.article.ArticleException'>
args:("Article `download()` failed with HTTPSConnectionPool(host='www.reuters.com', port=443): Max retries exceeded with url: /business/finance/china-probes-banking-inspector-henan-province-after-fraud-case-protests-2022-07-24/ (Caused by NewConnectionError('<urllib3.connection.HTTPSConnection object at 0x106e46af0>: Failed to establish a new connection: [Errno 8] nodename nor servname provided, or not known')) on URL https://www.reuters.com/business/finance/china-probes-banking-inspector-henan-province-after-fraud-case-protests-2022-07-24/",)
e自身:Article `download()` failed with HTTPSConnectionPool(host='www.reuters.com', port=443): Max retries exceeded with url: /business/finance/china-probes-banking-inspector-henan-province-after-fraud-case-protests-2022-07-24/ (Caused by NewConnectionError('<urllib3.connection.HTTPSConnection object at 0x106e46af0>: Failed to establish a new connection: [Errno 8] nodename nor servname provided, or not known')) on URL https://www.reuters.com/business/finance/china-probes-banking-inspector-henan-province-after-fraud-case-protests-2022-07-24/
=== エラー内容 ===
type:<class 'newspaper.article.ArticleException'>
args:("Article `download()` failed with HTTPSConnectionPool(host='www.reuters.com', port=443): Max retries exceeded with url: /markets/europe/russian-retail-investors-ask-vtb-compensate-them-foreign-losses-2022-07-22/ (Caused by NewConnectionError('<urllib3.connection.HTTPSConnection object at 0x106e46b50>: Failed to establish a new connection: [Errno 8] nodename nor servname provided, or not known')) on URL https://www.reuters.com/markets/europe/russian-retail-investors-ask-vtb-compensate-them-foreign-losses-2022-07-22/",)
e自身:Article `download()` failed with HTTPSConnectionPool(host='www.reuters.com', port=443): Max retries exceeded with url: /markets/europe/russian-retail-investors-ask-vtb-compensate-them-foreign-losses-2022-07-22/ (Caused by NewConnectionError('<urllib3.connection.HTTPSConnection object at 0x106e46b50>: Failed to establish a new connection: [Errno 8] nodename nor servname provided, or not known')) on URL https://www.reuters.com/markets/europe/russian-retail-investors-ask-vtb-compensate-them-foreign-losses-2022-07-22/
=== エラー内容 ===
type:<class 'newspaper.article.ArticleException'>
args:("Article `download()` failed with HTTPSConnectionPool(host='www.reuters.com', port=443): Max retries exceeded with url: /markets/europe/wall-st-week-ahead-strong-dollar-looms-over-us-earnings-season-2022-07-22/ (Caused by NewConnectionError('<urllib3.connection.HTTPSConnection object at 0x106e46b80>: Failed to establish a new connection: [Errno 8] nodename nor servname provided, or not known')) on URL https://www.reuters.com/markets/europe/wall-st-week-ahead-strong-dollar-looms-over-us-earnings-season-2022-07-22/",)
e自身:Article `download()` failed with HTTPSConnectionPool(host='www.reuters.com', port=443): Max retries exceeded with url: /markets/europe/wall-st-week-ahead-strong-dollar-looms-over-us-earnings-season-2022-07-22/ (Caused by NewConnectionError('<urllib3.connection.HTTPSConnection object at 0x106e46b80>: Failed to establish a new connection: [Errno 8] nodename nor servname provided, or not known')) on URL https://www.reuters.com/markets/europe/wall-st-week-ahead-strong-dollar-looms-over-us-earnings-season-2022-07-22/
=== エラー内容 ===
type:<class 'newspaper.article.ArticleException'>
args:("Article `download()` failed with HTTPSConnectionPool(host='www.reuters.com', port=443): Max retries exceeded with url: /lifestyle/game-thrones-prequel-meets-targaryens-height-power-2022-07-23/ (Caused by NewConnectionError('<urllib3.connection.HTTPSConnection object at 0x106e46790>: Failed to establish a new connection: [Errno 8] nodename nor servname provided, or not known')) on URL https://www.reuters.com/lifestyle/game-thrones-prequel-meets-targaryens-height-power-2022-07-23/",)
e自身:Article `download()` failed with HTTPSConnectionPool(host='www.reuters.com', port=443): Max retries exceeded with url: /lifestyle/game-thrones-prequel-meets-targaryens-height-power-2022-07-23/ (Caused by NewConnectionError('<urllib3.connection.HTTPSConnection object at 0x106e46790>: Failed to establish a new connection: [Errno 8] nodename nor servname provided, or not known')) on URL https://www.reuters.com/lifestyle/game-thrones-prequel-meets-targaryens-height-power-2022-07-23/
=== エラー内容 ===
type:<class 'newspaper.article.ArticleException'>
args:("Article `download()` failed with HTTPSConnectionPool(host='www.reuters.com', port=443): Max retries exceeded with url: /lifestyle/sports/tour-reaches-paris-women-pedal-into-spotlight-2022-07-23/ (Caused by NewConnectionError('<urllib3.connection.HTTPSConnection object at 0x106e46c10>: Failed to establish a new connection: [Errno 8] nodename nor servname provided, or not known')) on URL https://www.reuters.com/lifestyle/sports/tour-reaches-paris-women-pedal-into-spotlight-2022-07-23/",)
e自身:Article `download()` failed with HTTPSConnectionPool(host='www.reuters.com', port=443): Max retries exceeded with url: /lifestyle/sports/tour-reaches-paris-women-pedal-into-spotlight-2022-07-23/ (Caused by NewConnectionError('<urllib3.connection.HTTPSConnection object at 0x106e46c10>: Failed to establish a new connection: [Errno 8] nodename nor servname provided, or not known')) on URL https://www.reuters.com/lifestyle/sports/tour-reaches-paris-women-pedal-into-spotlight-2022-07-23/
=== エラー内容 ===
type:<class 'newspaper.article.ArticleException'>
args:("Article `download()` failed with HTTPSConnectionPool(host='www.reuters.com', port=443): Max retries exceeded with url: /world/us/bidens-physician-presidents-covid-conditions-continue-improve-2022-07-23/ (Caused by NewConnectionError('<urllib3.connection.HTTPSConnection object at 0x106e46c40>: Failed to establish a new connection: [Errno 8] nodename nor servname provided, or not known')) on URL https://www.reuters.com/world/us/bidens-physician-presidents-covid-conditions-continue-improve-2022-07-23/",)
e自身:Article `download()` failed with HTTPSConnectionPool(host='www.reuters.com', port=443): Max retries exceeded with url: /world/us/bidens-physician-presidents-covid-conditions-continue-improve-2022-07-23/ (Caused by NewConnectionError('<urllib3.connection.HTTPSConnection object at 0x106e46c40>: Failed to establish a new connection: [Errno 8] nodename nor servname provided, or not known')) on URL https://www.reuters.com/world/us/bidens-physician-presidents-covid-conditions-continue-improve-2022-07-23/
=== エラー内容 ===
type:<class 'newspaper.article.ArticleException'>
args:("Article `download()` failed with HTTPSConnectionPool(host='www.reuters.com', port=443): Max retries exceeded with url: /lifestyle/sports/fire-against-ice-pogacar-throws-down-gauntlet-vingegaard-2022-07-23/ (Caused by NewConnectionError('<urllib3.connection.HTTPSConnection object at 0x106e46c70>: Failed to establish a new connection: [Errno 8] nodename nor servname provided, or not known')) on URL https://www.reuters.com/lifestyle/sports/fire-against-ice-pogacar-throws-down-gauntlet-vingegaard-2022-07-23/",)
e自身:Article `download()` failed with HTTPSConnectionPool(host='www.reuters.com', port=443): Max retries exceeded with url: /lifestyle/sports/fire-against-ice-pogacar-throws-down-gauntlet-vingegaard-2022-07-23/ (Caused by NewConnectionError('<urllib3.connection.HTTPSConnection object at 0x106e46c70>: Failed to establish a new connection: [Errno 8] nodename nor servname provided, or not known')) on URL https://www.reuters.com/lifestyle/sports/fire-against-ice-pogacar-throws-down-gauntlet-vingegaard-2022-07-23/
=== エラー内容 ===
type:<class 'newspaper.article.ArticleException'>
args:("Article `download()` failed with HTTPSConnectionPool(host='www.reuters.com', port=443): Max retries exceeded with url: /world/china/chinas-leaders-communist-party-officials-vaccinated-against-covid-19-official-2022-07-23/ (Caused by NewConnectionError('<urllib3.connection.HTTPSConnection object at 0x106e46b20>: Failed to establish a new connection: [Errno 8] nodename nor servname provided, or not known')) on URL https://www.reuters.com/world/china/chinas-leaders-communist-party-officials-vaccinated-against-covid-19-official-2022-07-23/",)
e自身:Article `download()` failed with HTTPSConnectionPool(host='www.reuters.com', port=443): Max retries exceeded with url: /world/china/chinas-leaders-communist-party-officials-vaccinated-against-covid-19-official-2022-07-23/ (Caused by NewConnectionError('<urllib3.connection.HTTPSConnection object at 0x106e46b20>: Failed to establish a new connection: [Errno 8] nodename nor servname provided, or not known')) on URL https://www.reuters.com/world/china/chinas-leaders-communist-party-officials-vaccinated-against-covid-19-official-2022-07-23/
=== エラー内容 ===
type:<class 'newspaper.article.ArticleException'>
args:("Article `download()` failed with HTTPSConnectionPool(host='www.businessinsider.com', port=443): Max retries exceeded with url: /american-airlines-robert-isom-years-american-airlines-flights-in-sync-2022-7 (Caused by NewConnectionError('<urllib3.connection.HTTPSConnection object at 0x10f4f7fd0>: Failed to establish a new connection: [Errno 8] nodename nor servname provided, or not known')) on URL https://www.businessinsider.com/american-airlines-robert-isom-years-american-airlines-flights-in-sync-2022-7",)
e自身:Article `download()` failed with HTTPSConnectionPool(host='www.businessinsider.com', port=443): Max retries exceeded with url: /american-airlines-robert-isom-years-american-airlines-flights-in-sync-2022-7 (Caused by NewConnectionError('<urllib3.connection.HTTPSConnection object at 0x10f4f7fd0>: Failed to establish a new connection: [Errno 8] nodename nor servname provided, or not known')) on URL https://www.businessinsider.com/american-airlines-robert-isom-years-american-airlines-flights-in-sync-2022-7
=== エラー内容 ===
type:<class 'newspaper.article.ArticleException'>
args:("Article `download()` failed with HTTPSConnectionPool(host='www.businessinsider.com', port=443): Max retries exceeded with url: /american-airlines-cancels-thousands-more-flights-over-summer-2022-7 (Caused by NewConnectionError('<urllib3.connection.HTTPSConnection object at 0x10f4f7e50>: Failed to establish a new connection: [Errno 8] nodename nor servname provided, or not known')) on URL https://www.businessinsider.com/american-airlines-cancels-thousands-more-flights-over-summer-2022-7",)
e自身:Article `download()` failed with HTTPSConnectionPool(host='www.businessinsider.com', port=443): Max retries exceeded with url: /american-airlines-cancels-thousands-more-flights-over-summer-2022-7 (Caused by NewConnectionError('<urllib3.connection.HTTPSConnection object at 0x10f4f7e50>: Failed to establish a new connection: [Errno 8] nodename nor servname provided, or not known')) on URL https://www.businessinsider.com/american-airlines-cancels-thousands-more-flights-over-summer-2022-7
=== エラー内容 ===
type:<class 'newspaper.article.ArticleException'>
args:("Article `download()` failed with HTTPSConnectionPool(host='www.businessinsider.com', port=443): Max retries exceeded with url: /lowes-workers-scheduling-policy-weekends-2022-7 (Caused by NewConnectionError('<urllib3.connection.HTTPSConnection object at 0x10f513070>: Failed to establish a new connection: [Errno 8] nodename nor servname provided, or not known')) on URL https://www.businessinsider.com/lowes-workers-scheduling-policy-weekends-2022-7",)
e自身:Article `download()` failed with HTTPSConnectionPool(host='www.businessinsider.com', port=443): Max retries exceeded with url: /lowes-workers-scheduling-policy-weekends-2022-7 (Caused by NewConnectionError('<urllib3.connection.HTTPSConnection object at 0x10f513070>: Failed to establish a new connection: [Errno 8] nodename nor servname provided, or not known')) on URL https://www.businessinsider.com/lowes-workers-scheduling-policy-weekends-2022-7
=== エラー内容 ===
type:<class 'urllib.error.URLError'>
args:(gaierror(8, 'nodename nor servname provided, or not known'),)
e自身:<urlopen error [Errno 8] nodename nor servname provided, or not known>
url:https://news.google.com/rss/search?q=+after:2022-7-22+inurl:foxbusiness.com&hl=en-US&gl=US&ceid=US:en
=== エラー内容 ===
type:<class 'urllib.error.URLError'>
args:(gaierror(8, 'nodename nor servname provided, or not known'),)
e自身:<urlopen error [Errno 8] nodename nor servname provided, or not known>
url:https://news.google.com/rss/search?q=+after:2022-7-22+inurl:washingtonpost.com&hl=en-US&gl=US&ceid=US:en
=== エラー内容 ===
type:<class 'urllib.error.URLError'>
args:(gaierror(8, 'nodename nor servname provided, or not known'),)
e自身:<urlopen error [Errno 8] nodename nor servname provided, or not known>
url:https://news.google.com/rss/search?q=+after:2022-7-22+inurl:businessinsider.com&hl=en-US&gl=US&ceid=US:en
=== エラー内容 ===
type:<class 'urllib.error.URLError'>
args:(gaierror(8, 'nodename nor servname provided, or not known'),)
e自身:<urlopen error [Errno 8] nodename nor servname provided, or not known>
url:https://news.google.com/rss/search?q=+after:2022-7-22+inurl:cnn.com&hl=en-US&gl=US&ceid=US:en
=== エラー内容 ===
type:<class 'urllib.error.URLError'>
args:(gaierror(8, 'nodename nor servname provided, or not known'),)
e自身:<urlopen error [Errno 8] nodename nor servname provided, or not known>
url:https://news.google.com/rss/search?q=+after:2022-7-22+inurl:huffpost.com&hl=en-US&gl=US&ceid=US:en
=== エラー内容 ===
type:<class 'urllib.error.URLError'>
args:(gaierror(8, 'nodename nor servname provided, or not known'),)
e自身:<urlopen error [Errno 8] nodename nor servname provided, or not known>
url:https://news.google.com/rss/search?q=+after:2022-7-22+inurl:bloomberg.com&hl=en-US&gl=US&ceid=US:en
=== エラー内容 ===
type:<class 'urllib.error.URLError'>
args:(gaierror(8, 'nodename nor servname provided, or not known'),)
e自身:<urlopen error [Errno 8] nodename nor servname provided, or not known>
url:https://news.google.com/rss/search?q=+after:2022-7-22+inurl:fool.com&hl=en-US&gl=US&ceid=US:en
=== エラー内容 ===
type:<class 'newspaper.article.ArticleException'>
args:("Article `download()` failed with HTTPSConnectionPool(host='www.reuters.com', port=443): Max retries exceeded with url: /world/china/china-reports-982-new-covid-cases-july-23-vs-817-day-earlier-2022-07-24/ (Caused by NewConnectionError('<urllib3.connection.HTTPSConnection object at 0x1108ef2e0>: Failed to establish a new connection: [Errno 8] nodename nor servname provided, or not known')) on URL https://www.reuters.com/world/china/china-reports-982-new-covid-cases-july-23-vs-817-day-earlier-2022-07-24/",)
e自身:Article `download()` failed with HTTPSConnectionPool(host='www.reuters.com', port=443): Max retries exceeded with url: /world/china/china-reports-982-new-covid-cases-july-23-vs-817-day-earlier-2022-07-24/ (Caused by NewConnectionError('<urllib3.connection.HTTPSConnection object at 0x1108ef2e0>: Failed to establish a new connection: [Errno 8] nodename nor servname provided, or not known')) on URL https://www.reuters.com/world/china/china-reports-982-new-covid-cases-july-23-vs-817-day-earlier-2022-07-24/
=== エラー内容 ===
type:<class 'newspaper.article.ArticleException'>
args:("Article `download()` failed with HTTPSConnectionPool(host='www.reuters.com', port=443): Max retries exceeded with url: /business/finance/china-probes-banking-inspector-henan-province-after-fraud-case-protests-2022-07-24/ (Caused by NewConnectionError('<urllib3.connection.HTTPSConnection object at 0x1108ef490>: Failed to establish a new connection: [Errno 8] nodename nor servname provided, or not known')) on URL https://www.reuters.com/business/finance/china-probes-banking-inspector-henan-province-after-fraud-case-protests-2022-07-24/",)
e自身:Article `download()` failed with HTTPSConnectionPool(host='www.reuters.com', port=443): Max retries exceeded with url: /business/finance/china-probes-banking-inspector-henan-province-after-fraud-case-protests-2022-07-24/ (Caused by NewConnectionError('<urllib3.connection.HTTPSConnection object at 0x1108ef490>: Failed to establish a new connection: [Errno 8] nodename nor servname provided, or not known')) on URL https://www.reuters.com/business/finance/china-probes-banking-inspector-henan-province-after-fraud-case-protests-2022-07-24/
=== エラー内容 ===
type:<class 'newspaper.article.ArticleException'>
args:("Article `download()` failed with HTTPSConnectionPool(host='www.reuters.com', port=443): Max retries exceeded with url: /world/americas/pope-francis-leaves-rome-canada-apology-tour-2022-07-24/ (Caused by NewConnectionError('<urllib3.connection.HTTPSConnection object at 0x1108ef250>: Failed to establish a new connection: [Errno 8] nodename nor servname provided, or not known')) on URL https://www.reuters.com/world/americas/pope-francis-leaves-rome-canada-apology-tour-2022-07-24/",)
e自身:Article `download()` failed with HTTPSConnectionPool(host='www.reuters.com', port=443): Max retries exceeded with url: /world/americas/pope-francis-leaves-rome-canada-apology-tour-2022-07-24/ (Caused by NewConnectionError('<urllib3.connection.HTTPSConnection object at 0x1108ef250>: Failed to establish a new connection: [Errno 8] nodename nor servname provided, or not known')) on URL https://www.reuters.com/world/americas/pope-francis-leaves-rome-canada-apology-tour-2022-07-24/
=== エラー内容 ===
type:<class 'urllib.error.URLError'>
args:(gaierror(8, 'nodename nor servname provided, or not known'),)
e自身:<urlopen error [Errno 8] nodename nor servname provided, or not known>
url:https://news.google.com/rss/search?q=+after:2022-7-22+inurl:cnbc.com&hl=en-US&gl=US&ceid=US:en
=== エラー内容 ===
type:<class 'urllib.error.URLError'>
args:(gaierror(8, 'nodename nor servname provided, or not known'),)
e自身:<urlopen error [Errno 8] nodename nor servname provided, or not known>
url:https://news.google.com/rss/search?q=+after:2022-7-22+inurl:thestreet.com&hl=en-US&gl=US&ceid=US:en
=== エラー内容 ===
type:<class 'urllib.error.URLError'>
args:(gaierror(8, 'nodename nor servname provided, or not known'),)
e自身:<urlopen error [Errno 8] nodename nor servname provided, or not known>
url:https://news.google.com/rss/search?q=+after:2022-7-22+inurl:foxbusiness.com&hl=en-US&gl=US&ceid=US:en
=== エラー内容 ===
type:<class 'urllib.error.URLError'>
args:(gaierror(8, 'nodename nor servname provided, or not known'),)
e自身:<urlopen error [Errno 8] nodename nor servname provided, or not known>
url:https://news.google.com/rss/search?q=+after:2022-7-22+inurl:washingtonpost.com&hl=en-US&gl=US&ceid=US:en
=== エラー内容 ===
type:<class 'urllib.error.URLError'>
args:(gaierror(8, 'nodename nor servname provided, or not known'),)
e自身:<urlopen error [Errno 8] nodename nor servname provided, or not known>
url:https://news.google.com/rss/search?q=+after:2022-7-22+inurl:businessinsider.com&hl=en-US&gl=US&ceid=US:en
=== エラー内容 ===
type:<class 'urllib.error.URLError'>
args:(gaierror(8, 'nodename nor servname provided, or not known'),)
e自身:<urlopen error [Errno 8] nodename nor servname provided, or not known>
url:https://news.google.com/rss/search?q=+after:2022-7-22+inurl:cnn.com&hl=en-US&gl=US&ceid=US:en
=== エラー内容 ===
type:<class 'urllib.error.URLError'>
args:(gaierror(8, 'nodename nor servname provided, or not known'),)
e自身:<urlopen error [Errno 8] nodename nor servname provided, or not known>
url:https://news.google.com/rss/search?q=+after:2022-7-22+inurl:huffpost.com&hl=en-US&gl=US&ceid=US:en
=== エラー内容 ===
type:<class 'urllib.error.URLError'>
args:(gaierror(8, 'nodename nor servname provided, or not known'),)
e自身:<urlopen error [Errno 8] nodename nor servname provided, or not known>
url:https://news.google.com/rss/search?q=+after:2022-7-22+inurl:bloomberg.com&hl=en-US&gl=US&ceid=US:en
=== エラー内容 ===
type:<class 'urllib.error.URLError'>
args:(gaierror(8, 'nodename nor servname provided, or not known'),)
e自身:<urlopen error [Errno 8] nodename nor servname provided, or not known>
url:https://news.google.com/rss/search?q=+after:2022-7-22+inurl:fool.com&hl=en-US&gl=US&ceid=US:en
=== エラー内容 ===
type:<class 'urllib.error.URLError'>
args:(gaierror(8, 'nodename nor servname provided, or not known'),)
e自身:<urlopen error [Errno 8] nodename nor servname provided, or not known>
url:https://news.google.com/rss/search?q=+after:2022-7-22+inurl:foxbusiness.com&hl=en-US&gl=US&ceid=US:en
=== エラー内容 ===
type:<class 'newspaper.article.ArticleException'>
args:("Article `download()` failed with HTTPSConnectionPool(host='www.washingtonpost.com', port=443): Max retries exceeded with url: /politics/2022/07/23/adam-kizinger-politics-republicans/ (Caused by NewConnectionError('<urllib3.connection.HTTPSConnection object at 0x10df51790>: Failed to establish a new connection: [Errno 8] nodename nor servname provided, or not known')) on URL https://www.washingtonpost.com/politics/2022/07/23/adam-kizinger-politics-republicans/",)
e自身:Article `download()` failed with HTTPSConnectionPool(host='www.washingtonpost.com', port=443): Max retries exceeded with url: /politics/2022/07/23/adam-kizinger-politics-republicans/ (Caused by NewConnectionError('<urllib3.connection.HTTPSConnection object at 0x10df51790>: Failed to establish a new connection: [Errno 8] nodename nor servname provided, or not known')) on URL https://www.washingtonpost.com/politics/2022/07/23/adam-kizinger-politics-republicans/
=== エラー内容 ===
type:<class 'newspaper.article.ArticleException'>
args:("Article `download()` failed with HTTPSConnectionPool(host='www.washingtonpost.com', port=443): Max retries exceeded with url: /politics/2022/07/22/evidence-against-trump-came-republicans-trump-staffers/ (Caused by NewConnectionError('<urllib3.connection.HTTPSConnection object at 0x10df51910>: Failed to establish a new connection: [Errno 8] nodename nor servname provided, or not known')) on URL https://www.washingtonpost.com/politics/2022/07/22/evidence-against-trump-came-republicans-trump-staffers/",)
e自身:Article `download()` failed with HTTPSConnectionPool(host='www.washingtonpost.com', port=443): Max retries exceeded with url: /politics/2022/07/22/evidence-against-trump-came-republicans-trump-staffers/ (Caused by NewConnectionError('<urllib3.connection.HTTPSConnection object at 0x10df51910>: Failed to establish a new connection: [Errno 8] nodename nor servname provided, or not known')) on URL https://www.washingtonpost.com/politics/2022/07/22/evidence-against-trump-came-republicans-trump-staffers/
=== エラー内容 ===
type:<class 'newspaper.article.ArticleException'>
args:("Article `download()` failed with HTTPSConnectionPool(host='www.washingtonpost.com', port=443): Max retries exceeded with url: /travel/2022/07/23/carnival-verdict-rape-lawsuit/ (Caused by NewConnectionError('<urllib3.connection.HTTPSConnection object at 0x10df51970>: Failed to establish a new connection: [Errno 8] nodename nor servname provided, or not known')) on URL https://www.washingtonpost.com/travel/2022/07/23/carnival-verdict-rape-lawsuit/",)
e自身:Article `download()` failed with HTTPSConnectionPool(host='www.washingtonpost.com', port=443): Max retries exceeded with url: /travel/2022/07/23/carnival-verdict-rape-lawsuit/ (Caused by NewConnectionError('<urllib3.connection.HTTPSConnection object at 0x10df51970>: Failed to establish a new connection: [Errno 8] nodename nor servname provided, or not known')) on URL https://www.washingtonpost.com/travel/2022/07/23/carnival-verdict-rape-lawsuit/
=== エラー内容 ===
type:<class 'urllib.error.URLError'>
args:(gaierror(8, 'nodename nor servname provided, or not known'),)
e自身:<urlopen error [Errno 8] nodename nor servname provided, or not known>
url:https://news.google.com/rss/search?q=+after:2022-7-22+inurl:businessinsider.com&hl=en-US&gl=US&ceid=US:en
=== エラー内容 ===
type:<class 'urllib.error.URLError'>
args:(gaierror(8, 'nodename nor servname provided, or not known'),)
e自身:<urlopen error [Errno 8] nodename nor servname provided, or not known>
url:https://news.google.com/rss/search?q=+after:2022-7-22+inurl:cnn.com&hl=en-US&gl=US&ceid=US:en
=== エラー内容 ===
type:<class 'urllib.error.URLError'>
args:(gaierror(8, 'nodename nor servname provided, or not known'),)
e自身:<urlopen error [Errno 8] nodename nor servname provided, or not known>
url:https://news.google.com/rss/search?q=+after:2022-7-22+inurl:huffpost.com&hl=en-US&gl=US&ceid=US:en
=== エラー内容 ===
type:<class 'urllib.error.URLError'>
args:(gaierror(8, 'nodename nor servname provided, or not known'),)
e自身:<urlopen error [Errno 8] nodename nor servname provided, or not known>
url:https://news.google.com/rss/search?q=+after:2022-7-22+inurl:bloomberg.com&hl=en-US&gl=US&ceid=US:en
=== エラー内容 ===
type:<class 'urllib.error.URLError'>
args:(gaierror(8, 'nodename nor servname provided, or not known'),)
e自身:<urlopen error [Errno 8] nodename nor servname provided, or not known>
url:https://news.google.com/rss/search?q=+after:2022-7-22+inurl:washingtonpost.com&hl=en-US&gl=US&ceid=US:en
=== エラー内容 ===
type:<class 'urllib.error.URLError'>
args:(gaierror(8, 'nodename nor servname provided, or not known'),)
e自身:<urlopen error [Errno 8] nodename nor servname provided, or not known>
url:https://news.google.com/rss/search?q=+after:2022-7-22+inurl:washingtonpost.com&hl=en-US&gl=US&ceid=US:en
=== エラー内容 ===
type:<class 'newspaper.article.ArticleException'>
args:("Article `download()` failed with HTTPSConnectionPool(host='www.huffpost.com', port=443): Max retries exceeded with url: /entry/josh-hawley-national-laughingstock_n_62dc9f81e4b0aad58d1b7c9b (Caused by NewConnectionError('<urllib3.connection.HTTPSConnection object at 0x105582a60>: Failed to establish a new connection: [Errno 8] nodename nor servname provided, or not known')) on URL https://www.huffpost.com/entry/josh-hawley-national-laughingstock_n_62dc9f81e4b0aad58d1b7c9b",)
e自身:Article `download()` failed with HTTPSConnectionPool(host='www.huffpost.com', port=443): Max retries exceeded with url: /entry/josh-hawley-national-laughingstock_n_62dc9f81e4b0aad58d1b7c9b (Caused by NewConnectionError('<urllib3.connection.HTTPSConnection object at 0x105582a60>: Failed to establish a new connection: [Errno 8] nodename nor servname provided, or not known')) on URL https://www.huffpost.com/entry/josh-hawley-national-laughingstock_n_62dc9f81e4b0aad58d1b7c9b
=== エラー内容 ===
type:<class 'newspaper.article.ArticleException'>
args:("Article `download()` failed with HTTPSConnectionPool(host='www.huffpost.com', port=443): Max retries exceeded with url: /entry/brain-cancer-acoustic-neuroma-doctor_n_62d80f43e4b081f3a8f9f83a (Caused by NewConnectionError('<urllib3.connection.HTTPSConnection object at 0x105582be0>: Failed to establish a new connection: [Errno 8] nodename nor servname provided, or not known')) on URL https://www.huffpost.com/entry/brain-cancer-acoustic-neuroma-doctor_n_62d80f43e4b081f3a8f9f83a",)
e自身:Article `download()` failed with HTTPSConnectionPool(host='www.huffpost.com', port=443): Max retries exceeded with url: /entry/brain-cancer-acoustic-neuroma-doctor_n_62d80f43e4b081f3a8f9f83a (Caused by NewConnectionError('<urllib3.connection.HTTPSConnection object at 0x105582be0>: Failed to establish a new connection: [Errno 8] nodename nor servname provided, or not known')) on URL https://www.huffpost.com/entry/brain-cancer-acoustic-neuroma-doctor_n_62d80f43e4b081f3a8f9f83a
=== エラー内容 ===
type:<class 'newspaper.article.ArticleException'>
args:("Article `download()` failed with HTTPSConnectionPool(host='www.huffpost.com', port=443): Max retries exceeded with url: /entry/new-york-post-editorial-board-slams-trump-on-damning-jan-6-silence_n_62dc41fae4b03dbb991962c2 (Caused by NewConnectionError('<urllib3.connection.HTTPSConnection object at 0x105582c40>: Failed to establish a new connection: [Errno 8] nodename nor servname provided, or not known')) on URL https://www.huffpost.com/entry/new-york-post-editorial-board-slams-trump-on-damning-jan-6-silence_n_62dc41fae4b03dbb991962c2",)
e自身:Article `download()` failed with HTTPSConnectionPool(host='www.huffpost.com', port=443): Max retries exceeded with url: /entry/new-york-post-editorial-board-slams-trump-on-damning-jan-6-silence_n_62dc41fae4b03dbb991962c2 (Caused by NewConnectionError('<urllib3.connection.HTTPSConnection object at 0x105582c40>: Failed to establish a new connection: [Errno 8] nodename nor servname provided, or not known')) on URL https://www.huffpost.com/entry/new-york-post-editorial-board-slams-trump-on-damning-jan-6-silence_n_62dc41fae4b03dbb991962c2
=== エラー内容 ===
type:<class 'urllib.error.URLError'>
args:(gaierror(8, 'nodename nor servname provided, or not known'),)
e自身:<urlopen error [Errno 8] nodename nor servname provided, or not known>
url:https://news.google.com/rss/search?q=+after:2022-7-22+inurl:bloomberg.com&hl=en-US&gl=US&ceid=US:en
=== エラー内容 ===
type:<class 'urllib.error.URLError'>
args:(gaierror(8, 'nodename nor servname provided, or not known'),)
e自身:<urlopen error [Errno 8] nodename nor servname provided, or not known>
url:https://news.google.com/rss/search?q=+after:2022-7-22+inurl:fool.com&hl=en-US&gl=US&ceid=US:en
=== エラー内容 ===
type:<class 'urllib.error.URLError'>
args:(gaierror(8, 'nodename nor servname provided, or not known'),)
e自身:<urlopen error [Errno 8] nodename nor servname provided, or not known>
url:https://news.google.com/rss/search?q=+after:2022-7-22+inurl:cnbc.com&hl=en-US&gl=US&ceid=US:en
=== エラー内容 ===
type:<class 'urllib.error.URLError'>
args:(gaierror(8, 'nodename nor servname provided, or not known'),)
e自身:<urlopen error [Errno 8] nodename nor servname provided, or not known>
url:https://news.google.com/rss/search?q=+after:2022-7-22+inurl:foxbusiness.com&hl=en-US&gl=US&ceid=US:en
=== エラー内容 ===
type:<class 'newspaper.article.ArticleException'>
args:("Article `download()` failed with HTTPSConnectionPool(host='www.washingtonpost.com', port=443): Read timed out. (read timeout=7) on URL https://www.washingtonpost.com/dc-md-va/2022/07/23/eugene-bishop-100-birthday/",)
e自身:Article `download()` failed with HTTPSConnectionPool(host='www.washingtonpost.com', port=443): Read timed out. (read timeout=7) on URL https://www.washingtonpost.com/dc-md-va/2022/07/23/eugene-bishop-100-birthday/
=== エラー内容 ===
type:<class 'newspaper.article.ArticleException'>
args:("Article `download()` failed with HTTPSConnectionPool(host='www.washingtonpost.com', port=443): Read timed out. (read timeout=7) on URL https://www.washingtonpost.com/politics/2022/07/24/zeldin-attack-charges-governor-new-york/",)
e自身:Article `download()` failed with HTTPSConnectionPool(host='www.washingtonpost.com', port=443): Read timed out. (read timeout=7) on URL https://www.washingtonpost.com/politics/2022/07/24/zeldin-attack-charges-governor-new-york/
=== エラー内容 ===
type:<class 'newspaper.article.ArticleException'>
args:("Article `download()` failed with HTTPSConnectionPool(host='www.washingtonpost.com', port=443): Read timed out. (read timeout=7) on URL https://www.washingtonpost.com/politics/2022/07/22/evidence-against-trump-came-republicans-trump-staffers/",)
e自身:Article `download()` failed with HTTPSConnectionPool(host='www.washingtonpost.com', port=443): Read timed out. (read timeout=7) on URL https://www.washingtonpost.com/politics/2022/07/22/evidence-against-trump-came-republicans-trump-staffers/
=== エラー内容 ===
type:<class 'newspaper.article.ArticleException'>
args:("Article `download()` failed with HTTPSConnectionPool(host='www.foxbusiness.com', port=443): Read timed out. (read timeout=7) on URL https://www.foxbusiness.com/markets/existing-home-sales-report-crude-stockpiles-expected-rise-5-things-know",)
e自身:Article `download()` failed with HTTPSConnectionPool(host='www.foxbusiness.com', port=443): Read timed out. (read timeout=7) on URL https://www.foxbusiness.com/markets/existing-home-sales-report-crude-stockpiles-expected-rise-5-things-know
=== エラー内容 ===
type:<class 'newspaper.article.ArticleException'>
args:("Article `download()` failed with HTTPSConnectionPool(host='www.foxbusiness.com', port=443): Read timed out. (read timeout=7) on URL https://www.foxbusiness.com/politics/pelosi-says-husband-never-made-stock-purchased-based-info",)
e自身:Article `download()` failed with HTTPSConnectionPool(host='www.foxbusiness.com', port=443): Read timed out. (read timeout=7) on URL https://www.foxbusiness.com/politics/pelosi-says-husband-never-made-stock-purchased-based-info
=== エラー内容 ===
type:<class 'newspaper.article.ArticleException'>
args:("Article `download()` failed with HTTPSConnectionPool(host='www.cnbc.com', port=443): Read timed out. on URL https://www.cnbc.com/2022/07/23/high-volatility-means-sharp-up-days-says-analyst-stay-invested.html",)
e自身:Article `download()` failed with HTTPSConnectionPool(host='www.cnbc.com', port=443): Read timed out. on URL https://www.cnbc.com/2022/07/23/high-volatility-means-sharp-up-days-says-analyst-stay-invested.html
=== エラー内容 ===
type:<class 'newspaper.article.ArticleException'>
args:("Article `download()` failed with HTTPSConnectionPool(host='www.reuters.com', port=443): Read timed out. (read timeout=7) on URL https://www.reuters.com/business/environment/what-is-behind-heat-waves-affecting-united-states-2022-07-24/",)
e自身:Article `download()` failed with HTTPSConnectionPool(host='www.reuters.com', port=443): Read timed out. (read timeout=7) on URL https://www.reuters.com/business/environment/what-is-behind-heat-waves-affecting-united-states-2022-07-24/
=== エラー内容 ===
type:<class 'newspaper.article.ArticleException'>
args:("Article `download()` failed with HTTPSConnectionPool(host='www.cnbc.com', port=443): Read timed out. (read timeout=7) on URL https://www.cnbc.com/2022/07/24/earnings-playbook-the-investing-game-plan-as-apple-and-alphabet-lead-the-busiest-week-of-the-season.html",)
e自身:Article `download()` failed with HTTPSConnectionPool(host='www.cnbc.com', port=443): Read timed out. (read timeout=7) on URL https://www.cnbc.com/2022/07/24/earnings-playbook-the-investing-game-plan-as-apple-and-alphabet-lead-the-busiest-week-of-the-season.html
=== エラー内容 ===
type:<class 'newspaper.article.ArticleException'>
args:("Article `download()` failed with HTTPSConnectionPool(host='www.foxbusiness.com', port=443): Read timed out. (read timeout=7) on URL https://www.foxbusiness.com/economy/these-companies-paused-hiring-laid-off-employees",)
e自身:Article `download()` failed with HTTPSConnectionPool(host='www.foxbusiness.com', port=443): Read timed out. (read timeout=7) on URL https://www.foxbusiness.com/economy/these-companies-paused-hiring-laid-off-employees
=== エラー内容 ===
type:<class 'IndexError'>
args:('list index out of range',)
e自身:list index out of range
タイトル:Wells Fargo cuts Disney price target, says estimates 'need a reset' as a recession looms
European markets mixed in a big week for earnings and monetary policy; Philips down 11%
Barclays downgrades Lam Research, says comeback in chip stocks is a 'head fake'
Hong Kong's tech stocks drop as Asia markets mostly fall
Premature rally? It's too early to talk of central bank 'peak hawkishness,' strategist says
5 things to know before the stock market opens Monday
Stock futures gain ahead of a busy week of earnings, Fed meeting
'High volatility' includes 'sharp' up days, too. Here's why it's smart to stay invested in the market
Target chases bigger e-commerce profits with new delivery hubs, fleet of drivers
Stocks making the biggest moves premarket: Newmont, Squarespace, Philips and more
National Football League's new streaming service NFL+ launches at $4.99 per month
European stocks close higher as investors track monetary policy; Uniper down 30%
Bye bye, San Francisco: The top 7 U.S. cities homebuyers are seeking to leave
China’s securities regulator denies report of a delisting survival plan
These stocks are best for the long term, top Wall Street analysts say

日本語タイトル:['ウェルズ・ファーゴ、ディズニーの目標株価を引き下げ、リセッションが迫る中、見積もりは「リセットが必要」と指摘', '欧州市場、決算と金融政策の大きな週でまちまち、フィリップスは11％下落', 'バークレイズ、ラム・リサーチを格下げ、チップ株のカムバックは「頭でっかち」だと指摘', '香港のハイテク株は下落、アジア市場はほとんど下落', 'ラリーは時期尚早？中央銀行の「タカ派的ピーク」を語るのは時期尚早、ストラテジストが指摘', '月曜日、株式市場が開く前に知っておくべき5つのこと', '決算、FRB会議など多忙な週を前に、株式先物は上昇', '高ボラティリティ」には「急騰」する日も含まれる。市場に投資し続けることが賢明である理由はここにある。', 'ターゲット、新たな配送拠点と運転手でeコマースの利益拡大を目指す', 'プレマーケットで最も大きく動いた銘柄。ニューモント、スクウェアスペース、フィリップス、その他', 'ナショナルフットボールリーグの新ストリーミングサービス「NFL+」が月額4.99ドルでスタート', '欧州株は金融政策の動向を見極めながら高値引け、ユニパーは30％安', 'バイバイ、サンフランシスコ。米国で住宅購入者が離れることを希望する都市トップ7', '中国証券監督管理局、上場廃止サバイバル計画報道を否定']
=== エラー内容 ===
type:<class 'newspaper.article.ArticleException'>
args:("Article `download()` failed with HTTPSConnectionPool(host='www.businessinsider.com', port=443): Read timed out. (read timeout=7) on URL https://www.businessinsider.com/video-trump-says-the-most-persecuted-person-american-history-2022-7",)
e自身:Article `download()` failed with HTTPSConnectionPool(host='www.businessinsider.com', port=443): Read timed out. (read timeout=7) on URL https://www.businessinsider.com/video-trump-says-the-most-persecuted-person-american-history-2022-7
=== エラー内容 ===
type:<class 'IndexError'>
args:('list index out of range',)
e自身:list index out of range
タイトル:Yellen predicts Fed’s anti-inflation policies will be ‘successful,’ after wrongly calling it 'transitory'
Earnings bonanza, Yellen's new recession prediction and more: Monday's 5 things to know
White House says a second consecutive quarter of negative GDP 'unlikely' to be indicative of recession
Existing home sales report, crude stockpiles expected to rise and more: 5 things to know
Businesses are spending more to stay afloat while economic optimism drops: Q2 NABE survey
Energy group unveils six-figure ad buy ripping Biden for similarities to Carter: 'History is repeating itself'
Vimeo slashes workforce by 6%
Boeing union workers vote to strike at 3 St. Louis-area manufacturing facilities that make US military jets
Stuart Varney: Unpopular Biden under intense pressure
STOCK MARKET NEWS: Stocks mixed, Musk denies affair, gas, oil prices lower
Bad energy policy causes blackouts
These companies have paused hiring or laid off employees
NFL launches new streaming service aimed at fervent football fans
NFL team owner purchases rare Muhammad Ali belt for millions
Musk reacts to Twitter blame for second-quarter revenue miss

日本語タイトル:['イエレン議長、FRBの反インフレ政策は「成功する」と予測、「一過性」と誤った認識で', '決算の大当たり、イエレン議長の新たな景気後退予測など。月曜日に知っておくべき5つのこと', 'ホワイトハウス、2四半期連続のGDPマイナス「景気後退を示唆する可能性は低い」と発言', '中古住宅販売報告、原油在庫の増加予想など。知っておくべき5つのこと', '景気楽観論が低下する一方で、企業は浮揚のためにより多くの支出を行っている。第2四半期NABE調査', 'エネルギー団体、バイデンがカーターと似ていると非難する6桁の広告購入を発表：「歴史は繰り返される', 'Vimeo、従業員を6％削減', 'ボーイング社、米軍ジェット機製造のセントルイス地区3工場でストライキを決議', 'スチュアート・バーニー 不人気なバイデン氏、強烈なプレッシャーにさらされる', '株式市場のニュース。株式は混合、マスクは不倫を否定し、ガス、原油価格は低下する', 'エネルギー政策が悪いと停電になる', 'これらの企業は、雇用を一時停止したり、従業員を解雇している', 'NFL、熱狂的なアメフトファンをターゲットにした新ストリーミングサービスを開始', 'NFLのチームオーナーがモハメド・アリの希少なベルトを数百万ドルで購入']
=== エラー内容 ===
type:<class 'newspaper.article.ArticleException'>
args:("Article `download()` failed with HTTPSConnectionPool(host='www.foxbusiness.com', port=443): Read timed out. (read timeout=7) on URL https://www.foxbusiness.com/energy/biden-running-credit-cards-swipe-turn-us-energy-producers-industry-president",)
e自身:Article `download()` failed with HTTPSConnectionPool(host='www.foxbusiness.com', port=443): Read timed out. (read timeout=7) on URL https://www.foxbusiness.com/energy/biden-running-credit-cards-swipe-turn-us-energy-producers-industry-president
=== エラー内容 ===
type:<class 'newspaper.article.ArticleException'>
args:("Article `download()` failed with HTTPSConnectionPool(host='www.foxbusiness.com', port=443): Read timed out. (read timeout=7) on URL https://www.foxbusiness.com/economy/these-companies-paused-hiring-laid-off-employees",)
e自身:Article `download()` failed with HTTPSConnectionPool(host='www.foxbusiness.com', port=443): Read timed out. (read timeout=7) on URL https://www.foxbusiness.com/economy/these-companies-paused-hiring-laid-off-employees
=== エラー内容 ===
type:<class 'newspaper.article.ArticleException'>
args:("Article `download()` failed with HTTPSConnectionPool(host='edition.cnn.com', port=443): Read timed out. (read timeout=7) on URL https://www.cnn.com/2022/07/25/politics/white-house-recession-worries/index.html",)
e自身:Article `download()` failed with HTTPSConnectionPool(host='edition.cnn.com', port=443): Read timed out. (read timeout=7) on URL https://www.cnn.com/2022/07/25/politics/white-house-recession-worries/index.html
=== エラー内容 ===
type:<class 'newspaper.article.ArticleException'>
args:("Article `download()` failed with HTTPSConnectionPool(host='www.huffpost.com', port=443): Read timed out. (read timeout=7) on URL https://www.huffpost.com/entry/indiana-abortion-protests_n_62dec22be4b000da2402d9af",)
e自身:Article `download()` failed with HTTPSConnectionPool(host='www.huffpost.com', port=443): Read timed out. (read timeout=7) on URL https://www.huffpost.com/entry/indiana-abortion-protests_n_62dec22be4b000da2402d9af
=== エラー内容 ===
type:<class 'newspaper.article.ArticleException'>
args:("Article `download()` failed with HTTPSConnectionPool(host='www.foxbusiness.com', port=443): Read timed out. (read timeout=7) on URL https://www.foxbusiness.com/economy/imf-warns-global-economy-teetering-brink-recession-slashes-growth-outlook",)
e自身:Article `download()` failed with HTTPSConnectionPool(host='www.foxbusiness.com', port=443): Read timed out. (read timeout=7) on URL https://www.foxbusiness.com/economy/imf-warns-global-economy-teetering-brink-recession-slashes-growth-outlook
=== エラー内容 ===
type:<class 'IndexError'>
args:('list index out of range',)
e自身:list index out of range
タイトル:Group warns recession is here, energy prices, 2-day Fed meeting and more: Tuesday's 5 things to know
Larry Kudlow: Where's the domestic spending freeze we need?
High gas prices leading American drivers to shift lifestyle habits
STOCK MARKET NEWS: Walmart, GM shares tank, Fed kicks off meeting, home sales steady
White House announces sale of additional 20 million barrels of oil from Strategic Petroleum Reserve
Real estate investor finds earnings success in ‘early days of biology revolution’
IMF warns global economy teetering on brink of recession as it slashes growth outlook
US home price growth cooled in May for second straight month
US new home sales drop to lowest level in 2 years
Energy group unveils six-figure ad buy ripping Biden for similarities to Carter: 'History is repeating itself'

日本語タイトル:['グループがリセッション到来を警告、エネルギー価格、2日のFRB会議など。火曜日に知っておくべき5つのこと', 'ラリー・クドロー 必要な国内支出凍結はどこにあるのか？', 'ガソリン価格の高騰により、アメリカのドライバーは生活習慣を変えようとしている', '株式市場のニュース。ウォルマート、GMの株価は急落、FRBは会合を開始、住宅販売は堅調に推移', 'ホワイトハウス、戦略石油備蓄から2000万バレルの原油を追加売却すると発表', '不動産投資家、「生物学革命の黎明期」に収益の成功を見出す', 'IMFは世界経済が景気後退の瀬戸際にあると警告し、成長見通しを引き下げた。', '米5月の住宅価格上昇率、2カ月連続で冷え込む', '米新築住宅販売、2年ぶりの低水準に落ち込む']
=== エラー内容 ===
type:<class 'newspaper.article.ArticleException'>
args:("Article `download()` failed with HTTPSConnectionPool(host='www.foxbusiness.com', port=443): Read timed out. (read timeout=7) on URL https://www.foxbusiness.com/markets/group-warns-recession-here-energy-prices-2-day-fed-meeting-more-tuesdays-5-things-know",)
e自身:Article `download()` failed with HTTPSConnectionPool(host='www.foxbusiness.com', port=443): Read timed out. (read timeout=7) on URL https://www.foxbusiness.com/markets/group-warns-recession-here-energy-prices-2-day-fed-meeting-more-tuesdays-5-things-know
=== エラー内容 ===
type:<class 'IndexError'>
args:('list index out of range',)
e自身:list index out of range
タイトル:Saint-Gobain posts record operating income, confident can offset inflation
Spotify hums along
Stocks rally, dollar falls on bets for rate hike slowdown
Australia's Fortescue raises annual shipments forecast amid inflation pain
Breakingviews - Breakingviews: Russia is giving German industry a slow puncture
Oil settles higher on U.S. inventory drop, Russia gas cuts
U.S. gets warrant to search phone of Trump's election attorney John Eastman
U.S. basketball star Griner says her rights were not read to her when detained in Russia
From burgers to gadgets, stressed consumers buy cheap
EXCLUSIVE EU found evidence employee phones compromised with spyware -letter
Qualcomm warns of sales hit from cooling smartphone demand
Russia Today loses fight against EU ban, Moscow warns of retaliation
U.S. says Biden-Xi call expected to cover Taiwan tension, Ukraine
Europe needs faster renewables growth rate to reach climate goals
Indexes drop as Walmart profit warning spooks investors

日本語タイトル:['サンゴバン、過去最高の営業利益を計上、インフレを相殺できると確信', 'スポティファイは堅調に推移', '利上げペースが鈍化するとの見方から、株価は上昇、ドルは下落', 'オーストラリアのフォーテスキューは、インフレの影響を受けながらも年間出荷量見通しを上方修正', 'ブレイキングビューズ - ブレイキングビューズ ロシアはドイツの産業界にゆっくりとしたパンクを与えている', '米国の在庫減少、ロシアのガス削減で原油は高値で落ち着く', '米、トランプ氏の選挙弁護士ジョン・イーストマンの携帯電話捜索令状を取得', '米バスケットボールのスター選手グライナー、ロシアで拘束された際、権利を読み上げられなかったと証言', 'ハンバーガーからガジェットまで、ストレスの多い消費者は安物買いをする', 'EU、従業員の携帯がスパイウェアに感染している証拠を発見 - 手紙', 'クアルコム、スマートフォン需要の冷え込みによる売上への打撃を警告', 'ロシア・トゥデイ、EUの禁止措置に敗れる モスクワは報復を警告', '米国、バイデン-習近平電話会談で台湾の緊張とウクライナをカバーする見込みと発表', '欧州が気候変動目標を達成するためには、自然エネルギーの成長速度を速める必要がある']
=== エラー内容 ===
type:<class 'newspaper.article.ArticleException'>
args:("Article `download()` failed with HTTPSConnectionPool(host='www.foxbusiness.com', port=443): Read timed out. (read timeout=7) on URL https://www.foxbusiness.com/markets/inflation-has-finally-come-head-with-consumer-eddie-ghabour",)
e自身:Article `download()` failed with HTTPSConnectionPool(host='www.foxbusiness.com', port=443): Read timed out. (read timeout=7) on URL https://www.foxbusiness.com/markets/inflation-has-finally-come-head-with-consumer-eddie-ghabour
=== エラー内容 ===
type:<class 'newspaper.article.ArticleException'>
args:("Article `download()` failed with HTTPSConnectionPool(host='www.foxbusiness.com', port=443): Read timed out. (read timeout=7) on URL https://www.foxbusiness.com/economy/us-new-home-sales-drop-lowest-level-two-years",)
e自身:Article `download()` failed with HTTPSConnectionPool(host='www.foxbusiness.com', port=443): Read timed out. (read timeout=7) on URL https://www.foxbusiness.com/economy/us-new-home-sales-drop-lowest-level-two-years
=== エラー内容 ===
type:<class 'newspaper.article.ArticleException'>
args:("Article `download()` failed with HTTPSConnectionPool(host='www.foxbusiness.com', port=443): Read timed out. (read timeout=7) on URL https://www.foxbusiness.com/politics/gun-manufacter-ceos-testifying-hearing-examining-roles-mass-shootings",)
e自身:Article `download()` failed with HTTPSConnectionPool(host='www.foxbusiness.com', port=443): Read timed out. (read timeout=7) on URL https://www.foxbusiness.com/politics/gun-manufacter-ceos-testifying-hearing-examining-roles-mass-shootings
=== エラー内容 ===
type:<class 'newspaper.article.ArticleException'>
args:("Article `download()` failed with HTTPSConnectionPool(host='www.foxbusiness.com', port=443): Read timed out. (read timeout=7) on URL https://www.foxbusiness.com/lifestyle/flight-delayed-monday-industry-woes-persist",)
e自身:Article `download()` failed with HTTPSConnectionPool(host='www.foxbusiness.com', port=443): Read timed out. (read timeout=7) on URL https://www.foxbusiness.com/lifestyle/flight-delayed-monday-industry-woes-persist
=== エラー内容 ===
type:<class 'newspaper.article.ArticleException'>
args:("Article `download()` failed with HTTPSConnectionPool(host='www.foxbusiness.com', port=443): Read timed out. (read timeout=7) on URL https://www.foxbusiness.com/politics/nancy-pelosis-husband-stirred-scrutiny-years-over-stock-purchases",)
e自身:Article `download()` failed with HTTPSConnectionPool(host='www.foxbusiness.com', port=443): Read timed out. (read timeout=7) on URL https://www.foxbusiness.com/politics/nancy-pelosis-husband-stirred-scrutiny-years-over-stock-purchases
=== エラー内容 ===
type:<class 'newspaper.article.ArticleException'>
args:("Article `download()` failed with HTTPSConnectionPool(host='www.foxbusiness.com', port=443): Read timed out. (read timeout=7) on URL https://www.foxbusiness.com/media/miami-mayor-says-crypto-slingshot-silicon-valley-leaning-innovation",)
e自身:Article `download()` failed with HTTPSConnectionPool(host='www.foxbusiness.com', port=443): Read timed out. (read timeout=7) on URL https://www.foxbusiness.com/media/miami-mayor-says-crypto-slingshot-silicon-valley-leaning-innovation
=== エラー内容 ===
type:<class 'urllib.error.URLError'>
args:(ConnectionResetError(54, 'Connection reset by peer'),)
e自身:<urlopen error [Errno 54] Connection reset by peer>
url:https://news.google.com/rss/search?q=+after:2022-7-27+inurl:fool.com&hl=en-US&gl=US&ceid=US:en
=== エラー内容 ===
type:<class 'IndexError'>
args:('list index out of range',)
e自身:list index out of range
タイトル:Wall Street extends July rebound, led by tech and energy.com
Following Xi-Biden call, Taiwan to deepen close security partnership with U.S..com
Exclusive: Brazil federal police warned against Bolsonaro arms agenda.com
China's 'common prosperity' drive slashes pay and perks for investment bankers.com
Analysis: EU gas solidarity complicated by lack of fuel sharing deals.com
Intesa awaits clarity on economic outlook after profit tops forecast.com
Euro zone Q2 growth accelerates, defies expectations of slowdown.com
European shares climb on earnings cheer, GDP data; STOXX logs best month since Nov 2020.com
Indonesia, U.S. to hold military exercise amid heightened Indo-Pacific tensions.com
Japan urges regions to mount COVID fight as variant spreads.com
Wall St ends up sharply for 2nd day; Amazon, Apple jump after hours.com
Exxon posts record-breaking second-quarter profit.com
Some wounded Russian soldiers find compensation elusive, despite Putin's pledge.com
Morning bid: The consumer's deep pockets and short arms.com
Blinken says he spoke to Lavrov, pressed Kremlin to accept U.S. offer on prisoners.com

日本語タイトル:['ウォール街は7月の反発を拡大、ハイテクとエネルギーが牽引.com', '習近平氏との電話会談を受け、台湾は米国との緊密な安全保障パートナーシップを深化させる.com', '独占的に ブラジル連邦警察、ボルソナロ氏の武器アジェンダに警告.com', '中国、「共同繁栄」推進で投資銀行員の給与・役得を削減．', '分析 EUのガス連帯は、燃料共有取引の欠如によって複雑化する。', 'インテッサ、予想以上の利益達成後、経済見通しの明確化を待つ．', 'ユーロ圏の第2四半期成長率は加速、減速の予想を覆す．', '欧州株、決算の好感とGDPデータで上昇、STOXXは2020年11月以来の月間最高を記録.com', 'インドネシアと米国、インド太平洋の緊張が高まる中、軍事演習を実施へ．', '日本、COVID対策で地方に要請 変異体蔓延で.com', 'ウォール街は2日目の大幅高で終了、アマゾンやアップルが時間外で急伸.com', 'エクソン、第2四半期は記録的な利益。', 'ロシア人負傷兵、プーチン大統領の公約にもかかわらず補償を受けられず。', '朝の入札。消費者の深い懐と短い腕．']
=== エラー内容 ===
type:<class 'newspaper.article.ArticleException'>
args:("Article `download()` failed with HTTPSConnectionPool(host='www.foxbusiness.com', port=443): Read timed out. (read timeout=7) on URL https://www.foxbusiness.com/markets/inflation-has-finally-come-head-with-consumer-eddie-ghabour",)
e自身:Article `download()` failed with HTTPSConnectionPool(host='www.foxbusiness.com', port=443): Read timed out. (read timeout=7) on URL https://www.foxbusiness.com/markets/inflation-has-finally-come-head-with-consumer-eddie-ghabour
=== エラー内容 ===
type:<class 'newspaper.article.ArticleException'>
args:("Article `download()` failed with HTTPSConnectionPool(host='www.foxbusiness.com', port=443): Read timed out. (read timeout=7) on URL https://www.foxbusiness.com/politics/nancy-pelosis-husband-stirred-scrutiny-years-over-stock-purchases",)
e自身:Article `download()` failed with HTTPSConnectionPool(host='www.foxbusiness.com', port=443): Read timed out. (read timeout=7) on URL https://www.foxbusiness.com/politics/nancy-pelosis-husband-stirred-scrutiny-years-over-stock-purchases
=== エラー内容 ===
type:<class 'urllib.error.URLError'>
args:(gaierror(8, 'nodename nor servname provided, or not known'),)
e自身:<urlopen error [Errno 8] nodename nor servname provided, or not known>
url:https://news.google.com/rss/search?q=+after:2022-7-27+inurl:foxbusiness.com&hl=en-US&gl=US&ceid=US:en
=== エラー内容 ===
type:<class 'urllib.error.URLError'>
args:(gaierror(8, 'nodename nor servname provided, or not known'),)
e自身:<urlopen error [Errno 8] nodename nor servname provided, or not known>
url:https://news.google.com/rss/search?q=+after:2022-7-27+inurl:washingtonpost.com&hl=en-US&gl=US&ceid=US:en
=== エラー内容 ===
type:<class 'urllib.error.URLError'>
args:(gaierror(8, 'nodename nor servname provided, or not known'),)
e自身:<urlopen error [Errno 8] nodename nor servname provided, or not known>
url:https://news.google.com/rss/search?q=+after:2022-7-27+inurl:businessinsider.com&hl=en-US&gl=US&ceid=US:en
=== エラー内容 ===
type:<class 'newspaper.article.ArticleException'>
args:("Article `download()` failed with HTTPSConnectionPool(host='www.thestreet.com', port=443): Max retries exceeded with url: /markets/ford-stock-surges-on-crushing-q2-profit-forecast-lifting-dividend (Caused by NewConnectionError('<urllib3.connection.HTTPSConnection object at 0x10b95c1f0>: Failed to establish a new connection: [Errno 8] nodename nor servname provided, or not known')) on URL https://www.thestreet.com/markets/ford-stock-surges-on-crushing-q2-profit-forecast-lifting-dividend",)
e自身:Article `download()` failed with HTTPSConnectionPool(host='www.thestreet.com', port=443): Max retries exceeded with url: /markets/ford-stock-surges-on-crushing-q2-profit-forecast-lifting-dividend (Caused by NewConnectionError('<urllib3.connection.HTTPSConnection object at 0x10b95c1f0>: Failed to establish a new connection: [Errno 8] nodename nor servname provided, or not known')) on URL https://www.thestreet.com/markets/ford-stock-surges-on-crushing-q2-profit-forecast-lifting-dividend
=== エラー内容 ===
type:<class 'urllib.error.URLError'>
args:(gaierror(8, 'nodename nor servname provided, or not known'),)
e自身:<urlopen error [Errno 8] nodename nor servname provided, or not known>
url:https://news.google.com/rss/search?q=+after:2022-7-27+inurl:foxbusiness.com&hl=en-US&gl=US&ceid=US:en
=== エラー内容 ===
type:<class 'urllib.error.URLError'>
args:(gaierror(8, 'nodename nor servname provided, or not known'),)
e自身:<urlopen error [Errno 8] nodename nor servname provided, or not known>
url:https://news.google.com/rss/search?q=+after:2022-7-27+inurl:washingtonpost.com&hl=en-US&gl=US&ceid=US:en
=== エラー内容 ===
type:<class 'urllib.error.URLError'>
args:(gaierror(8, 'nodename nor servname provided, or not known'),)
e自身:<urlopen error [Errno 8] nodename nor servname provided, or not known>
url:https://news.google.com/rss/search?q=+after:2022-7-27+inurl:businessinsider.com&hl=en-US&gl=US&ceid=US:en
=== エラー内容 ===
type:<class 'urllib.error.URLError'>
args:(gaierror(8, 'nodename nor servname provided, or not known'),)
e自身:<urlopen error [Errno 8] nodename nor servname provided, or not known>
url:https://news.google.com/rss/search?q=+after:2022-7-27+inurl:cnn.com&hl=en-US&gl=US&ceid=US:en
=== エラー内容 ===
type:<class 'urllib.error.URLError'>
args:(gaierror(8, 'nodename nor servname provided, or not known'),)
e自身:<urlopen error [Errno 8] nodename nor servname provided, or not known>
url:https://news.google.com/rss/search?q=+after:2022-7-27+inurl:huffpost.com&hl=en-US&gl=US&ceid=US:en
=== エラー内容 ===
type:<class 'urllib.error.URLError'>
args:(gaierror(8, 'nodename nor servname provided, or not known'),)
e自身:<urlopen error [Errno 8] nodename nor servname provided, or not known>
url:https://news.google.com/rss/search?q=+after:2022-7-27+inurl:bloomberg.com&hl=en-US&gl=US&ceid=US:en
=== エラー内容 ===
type:<class 'urllib.error.URLError'>
args:(gaierror(8, 'nodename nor servname provided, or not known'),)
e自身:<urlopen error [Errno 8] nodename nor servname provided, or not known>
url:https://news.google.com/rss/search?q=+after:2022-7-27+inurl:fool.com&hl=en-US&gl=US&ceid=US:en
=== エラー内容 ===
type:<class 'newspaper.article.ArticleException'>
args:("Article `download()` failed with HTTPSConnectionPool(host='www.reuters.com', port=443): Max retries exceeded with url: /world/asia-pacific/following-xi-biden-call-taiwan-deepen-close-security-partnership-with-us-2022-07-29/ (Caused by NewConnectionError('<urllib3.connection.HTTPSConnection object at 0x10a5d8eb0>: Failed to establish a new connection: [Errno 8] nodename nor servname provided, or not known')) on URL https://www.reuters.com/world/asia-pacific/following-xi-biden-call-taiwan-deepen-close-security-partnership-with-us-2022-07-29/",)
e自身:Article `download()` failed with HTTPSConnectionPool(host='www.reuters.com', port=443): Max retries exceeded with url: /world/asia-pacific/following-xi-biden-call-taiwan-deepen-close-security-partnership-with-us-2022-07-29/ (Caused by NewConnectionError('<urllib3.connection.HTTPSConnection object at 0x10a5d8eb0>: Failed to establish a new connection: [Errno 8] nodename nor servname provided, or not known')) on URL https://www.reuters.com/world/asia-pacific/following-xi-biden-call-taiwan-deepen-close-security-partnership-with-us-2022-07-29/
=== エラー内容 ===
type:<class 'newspaper.article.ArticleException'>
args:("Article `download()` failed with HTTPSConnectionPool(host='www.reuters.com', port=443): Max retries exceeded with url: /world/blinken-travel-southeast-asia-africa-next-week-state-dept-2022-07-29/ (Caused by NewConnectionError('<urllib3.connection.HTTPSConnection object at 0x10a5d87c0>: Failed to establish a new connection: [Errno 8] nodename nor servname provided, or not known')) on URL https://www.reuters.com/world/blinken-travel-southeast-asia-africa-next-week-state-dept-2022-07-29/",)
e自身:Article `download()` failed with HTTPSConnectionPool(host='www.reuters.com', port=443): Max retries exceeded with url: /world/blinken-travel-southeast-asia-africa-next-week-state-dept-2022-07-29/ (Caused by NewConnectionError('<urllib3.connection.HTTPSConnection object at 0x10a5d87c0>: Failed to establish a new connection: [Errno 8] nodename nor servname provided, or not known')) on URL https://www.reuters.com/world/blinken-travel-southeast-asia-africa-next-week-state-dept-2022-07-29/
=== エラー内容 ===
type:<class 'newspaper.article.ArticleException'>
args:("Article `download()` failed with HTTPSConnectionPool(host='www.businessinsider.com', port=443): Max retries exceeded with url: /russia-economy-imploding-sweeping-sanctions-corporate-exodus-yale-study-2022-7 (Caused by NewConnectionError('<urllib3.connection.HTTPSConnection object at 0x10caabe80>: Failed to establish a new connection: [Errno 8] nodename nor servname provided, or not known')) on URL https://www.businessinsider.com/russia-economy-imploding-sweeping-sanctions-corporate-exodus-yale-study-2022-7",)
e自身:Article `download()` failed with HTTPSConnectionPool(host='www.businessinsider.com', port=443): Max retries exceeded with url: /russia-economy-imploding-sweeping-sanctions-corporate-exodus-yale-study-2022-7 (Caused by NewConnectionError('<urllib3.connection.HTTPSConnection object at 0x10caabe80>: Failed to establish a new connection: [Errno 8] nodename nor servname provided, or not known')) on URL https://www.businessinsider.com/russia-economy-imploding-sweeping-sanctions-corporate-exodus-yale-study-2022-7
=== エラー内容 ===
type:<class 'newspaper.article.ArticleException'>
args:("Article `download()` failed with HTTPSConnectionPool(host='www.businessinsider.com', port=443): Max retries exceeded with url: /kim-kardashian-kylie-jenner-smarter-than-mark-zuckerberg-instagram-changes-2022-7 (Caused by NewConnectionError('<urllib3.connection.HTTPSConnection object at 0x10cac6100>: Failed to establish a new connection: [Errno 8] nodename nor servname provided, or not known')) on URL https://www.businessinsider.com/kim-kardashian-kylie-jenner-smarter-than-mark-zuckerberg-instagram-changes-2022-7",)
e自身:Article `download()` failed with HTTPSConnectionPool(host='www.businessinsider.com', port=443): Max retries exceeded with url: /kim-kardashian-kylie-jenner-smarter-than-mark-zuckerberg-instagram-changes-2022-7 (Caused by NewConnectionError('<urllib3.connection.HTTPSConnection object at 0x10cac6100>: Failed to establish a new connection: [Errno 8] nodename nor servname provided, or not known')) on URL https://www.businessinsider.com/kim-kardashian-kylie-jenner-smarter-than-mark-zuckerberg-instagram-changes-2022-7
=== エラー内容 ===
type:<class 'newspaper.article.ArticleException'>
args:("Article `download()` failed with HTTPSConnectionPool(host='www.reuters.com', port=443): Max retries exceeded with url: /markets/europe/global-markets-wrapup-1-2022-07-29/ (Caused by NewConnectionError('<urllib3.connection.HTTPSConnection object at 0x1105b5190>: Failed to establish a new connection: [Errno 8] nodename nor servname provided, or not known')) on URL https://www.reuters.com/markets/europe/global-markets-wrapup-1-2022-07-29/",)
e自身:Article `download()` failed with HTTPSConnectionPool(host='www.reuters.com', port=443): Max retries exceeded with url: /markets/europe/global-markets-wrapup-1-2022-07-29/ (Caused by NewConnectionError('<urllib3.connection.HTTPSConnection object at 0x1105b5190>: Failed to establish a new connection: [Errno 8] nodename nor servname provided, or not known')) on URL https://www.reuters.com/markets/europe/global-markets-wrapup-1-2022-07-29/
=== エラー内容 ===
type:<class 'newspaper.article.ArticleException'>
args:("Article `download()` failed with HTTPSConnectionPool(host='www.reuters.com', port=443): Max retries exceeded with url: /world/blinken-travel-southeast-asia-africa-next-week-state-dept-2022-07-29/ (Caused by NewConnectionError('<urllib3.connection.HTTPSConnection object at 0x1105b5400>: Failed to establish a new connection: [Errno 8] nodename nor servname provided, or not known')) on URL https://www.reuters.com/world/blinken-travel-southeast-asia-africa-next-week-state-dept-2022-07-29/",)
e自身:Article `download()` failed with HTTPSConnectionPool(host='www.reuters.com', port=443): Max retries exceeded with url: /world/blinken-travel-southeast-asia-africa-next-week-state-dept-2022-07-29/ (Caused by NewConnectionError('<urllib3.connection.HTTPSConnection object at 0x1105b5400>: Failed to establish a new connection: [Errno 8] nodename nor servname provided, or not known')) on URL https://www.reuters.com/world/blinken-travel-southeast-asia-africa-next-week-state-dept-2022-07-29/
=== エラー内容 ===
type:<class 'urllib.error.URLError'>
args:(gaierror(8, 'nodename nor servname provided, or not known'),)
e自身:<urlopen error [Errno 8] nodename nor servname provided, or not known>
url:https://news.google.com/rss/search?q=+after:2022-7-28+inurl:reuters.com&hl=en-US&gl=US&ceid=US:en
=== エラー内容 ===
type:<class 'urllib.error.URLError'>
args:(gaierror(8, 'nodename nor servname provided, or not known'),)
e自身:<urlopen error [Errno 8] nodename nor servname provided, or not known>
url:https://news.google.com/rss/search?q=+after:2022-7-28+inurl:washingtonpost.com&hl=en-US&gl=US&ceid=US:en
=== エラー内容 ===
type:<class 'newspaper.article.ArticleException'>
args:("Article `download()` failed with HTTPSConnectionPool(host='www.reuters.com', port=443): Max retries exceeded with url: /markets/europe/global-markets-wrapup-1-2022-07-29/ (Caused by NewConnectionError('<urllib3.connection.HTTPSConnection object at 0x10ab15b50>: Failed to establish a new connection: [Errno 8] nodename nor servname provided, or not known')) on URL https://www.reuters.com/markets/europe/global-markets-wrapup-1-2022-07-29/",)
e自身:Article `download()` failed with HTTPSConnectionPool(host='www.reuters.com', port=443): Max retries exceeded with url: /markets/europe/global-markets-wrapup-1-2022-07-29/ (Caused by NewConnectionError('<urllib3.connection.HTTPSConnection object at 0x10ab15b50>: Failed to establish a new connection: [Errno 8] nodename nor servname provided, or not known')) on URL https://www.reuters.com/markets/europe/global-markets-wrapup-1-2022-07-29/
=== エラー内容 ===
type:<class 'newspaper.article.ArticleException'>
args:("Article `download()` failed with HTTPSConnectionPool(host='www.reuters.com', port=443): Max retries exceeded with url: /business/energy/big-oils-q2-profits-hit-record-50-bln-with-bp-yet-come-2022-07-29/ (Caused by NewConnectionError('<urllib3.connection.HTTPSConnection object at 0x10ab14dc0>: Failed to establish a new connection: [Errno 8] nodename nor servname provided, or not known')) on URL https://www.reuters.com/business/energy/big-oils-q2-profits-hit-record-50-bln-with-bp-yet-come-2022-07-29/",)
e自身:Article `download()` failed with HTTPSConnectionPool(host='www.reuters.com', port=443): Max retries exceeded with url: /business/energy/big-oils-q2-profits-hit-record-50-bln-with-bp-yet-come-2022-07-29/ (Caused by NewConnectionError('<urllib3.connection.HTTPSConnection object at 0x10ab14dc0>: Failed to establish a new connection: [Errno 8] nodename nor servname provided, or not known')) on URL https://www.reuters.com/business/energy/big-oils-q2-profits-hit-record-50-bln-with-bp-yet-come-2022-07-29/
=== エラー内容 ===
type:<class 'newspaper.article.ArticleException'>
args:("Article `download()` failed with HTTPSConnectionPool(host='www.reuters.com', port=443): Max retries exceeded with url: /world/asia-pacific/following-xi-biden-call-taiwan-deepen-close-security-partnership-with-us-2022-07-29/ (Caused by NewConnectionError('<urllib3.connection.HTTPSConnection object at 0x10ab14f40>: Failed to establish a new connection: [Errno 8] nodename nor servname provided, or not known')) on URL https://www.reuters.com/world/asia-pacific/following-xi-biden-call-taiwan-deepen-close-security-partnership-with-us-2022-07-29/",)
e自身:Article `download()` failed with HTTPSConnectionPool(host='www.reuters.com', port=443): Max retries exceeded with url: /world/asia-pacific/following-xi-biden-call-taiwan-deepen-close-security-partnership-with-us-2022-07-29/ (Caused by NewConnectionError('<urllib3.connection.HTTPSConnection object at 0x10ab14f40>: Failed to establish a new connection: [Errno 8] nodename nor servname provided, or not known')) on URL https://www.reuters.com/world/asia-pacific/following-xi-biden-call-taiwan-deepen-close-security-partnership-with-us-2022-07-29/
=== エラー内容 ===
type:<class 'newspaper.article.ArticleException'>
args:("Article `download()` failed with HTTPSConnectionPool(host='www.reuters.com', port=443): Max retries exceeded with url: /markets/currencies/no-intervention-needed-yen-it-stages-recovery-mr-yen-sakakibara-says-2022-07-29/ (Caused by NewConnectionError('<urllib3.connection.HTTPSConnection object at 0x10ab14d00>: Failed to establish a new connection: [Errno 8] nodename nor servname provided, or not known')) on URL https://www.reuters.com/markets/currencies/no-intervention-needed-yen-it-stages-recovery-mr-yen-sakakibara-says-2022-07-29/",)
e自身:Article `download()` failed with HTTPSConnectionPool(host='www.reuters.com', port=443): Max retries exceeded with url: /markets/currencies/no-intervention-needed-yen-it-stages-recovery-mr-yen-sakakibara-says-2022-07-29/ (Caused by NewConnectionError('<urllib3.connection.HTTPSConnection object at 0x10ab14d00>: Failed to establish a new connection: [Errno 8] nodename nor servname provided, or not known')) on URL https://www.reuters.com/markets/currencies/no-intervention-needed-yen-it-stages-recovery-mr-yen-sakakibara-says-2022-07-29/
=== エラー内容 ===
type:<class 'newspaper.article.ArticleException'>
args:("Article `download()` failed with HTTPSConnectionPool(host='www.reuters.com', port=443): Max retries exceeded with url: /markets/commodities/miners-profits-face-an-unusual-foe-extreme-weather-2022-07-29/ (Caused by NewConnectionError('<urllib3.connection.HTTPSConnection object at 0x10ab14fd0>: Failed to establish a new connection: [Errno 8] nodename nor servname provided, or not known')) on URL https://www.reuters.com/markets/commodities/miners-profits-face-an-unusual-foe-extreme-weather-2022-07-29/",)
e自身:Article `download()` failed with HTTPSConnectionPool(host='www.reuters.com', port=443): Max retries exceeded with url: /markets/commodities/miners-profits-face-an-unusual-foe-extreme-weather-2022-07-29/ (Caused by NewConnectionError('<urllib3.connection.HTTPSConnection object at 0x10ab14fd0>: Failed to establish a new connection: [Errno 8] nodename nor servname provided, or not known')) on URL https://www.reuters.com/markets/commodities/miners-profits-face-an-unusual-foe-extreme-weather-2022-07-29/
=== エラー内容 ===
type:<class 'newspaper.article.ArticleException'>
args:("Article `download()` failed with HTTPSConnectionPool(host='www.reuters.com', port=443): Max retries exceeded with url: /world/lavrov-tells-blinken-us-is-breaking-promises-about-food-sanctions-2022-07-29/ (Caused by NewConnectionError('<urllib3.connection.HTTPSConnection object at 0x10ab14a00>: Failed to establish a new connection: [Errno 8] nodename nor servname provided, or not known')) on URL https://www.reuters.com/world/lavrov-tells-blinken-us-is-breaking-promises-about-food-sanctions-2022-07-29/",)
e自身:Article `download()` failed with HTTPSConnectionPool(host='www.reuters.com', port=443): Max retries exceeded with url: /world/lavrov-tells-blinken-us-is-breaking-promises-about-food-sanctions-2022-07-29/ (Caused by NewConnectionError('<urllib3.connection.HTTPSConnection object at 0x10ab14a00>: Failed to establish a new connection: [Errno 8] nodename nor servname provided, or not known')) on URL https://www.reuters.com/world/lavrov-tells-blinken-us-is-breaking-promises-about-food-sanctions-2022-07-29/
=== エラー内容 ===
type:<class 'newspaper.article.ArticleException'>
args:("Article `download()` failed with HTTPSConnectionPool(host='www.reuters.com', port=443): Max retries exceeded with url: /breakingviews/dollar-snares-us-firms-4-trln-endurance-test-2022-07-29/ (Caused by NewConnectionError('<urllib3.connection.HTTPSConnection object at 0x10ab14cd0>: Failed to establish a new connection: [Errno 8] nodename nor servname provided, or not known')) on URL https://www.reuters.com/breakingviews/dollar-snares-us-firms-4-trln-endurance-test-2022-07-29/",)
e自身:Article `download()` failed with HTTPSConnectionPool(host='www.reuters.com', port=443): Max retries exceeded with url: /breakingviews/dollar-snares-us-firms-4-trln-endurance-test-2022-07-29/ (Caused by NewConnectionError('<urllib3.connection.HTTPSConnection object at 0x10ab14cd0>: Failed to establish a new connection: [Errno 8] nodename nor servname provided, or not known')) on URL https://www.reuters.com/breakingviews/dollar-snares-us-firms-4-trln-endurance-test-2022-07-29/
=== エラー内容 ===
type:<class 'newspaper.article.ArticleException'>
args:("Article `download()` failed with HTTPSConnectionPool(host='www.reuters.com', port=443): Max retries exceeded with url: /markets/europe/futures-fall-meta-qualcomm-forecasts-ahead-gdp-data-2022-07-28/ (Caused by NewConnectionError('<urllib3.connection.HTTPSConnection object at 0x10ab14940>: Failed to establish a new connection: [Errno 8] nodename nor servname provided, or not known')) on URL https://www.reuters.com/markets/europe/futures-fall-meta-qualcomm-forecasts-ahead-gdp-data-2022-07-28/",)
e自身:Article `download()` failed with HTTPSConnectionPool(host='www.reuters.com', port=443): Max retries exceeded with url: /markets/europe/futures-fall-meta-qualcomm-forecasts-ahead-gdp-data-2022-07-28/ (Caused by NewConnectionError('<urllib3.connection.HTTPSConnection object at 0x10ab14940>: Failed to establish a new connection: [Errno 8] nodename nor servname provided, or not known')) on URL https://www.reuters.com/markets/europe/futures-fall-meta-qualcomm-forecasts-ahead-gdp-data-2022-07-28/
=== エラー内容 ===
type:<class 'newspaper.article.ArticleException'>
args:("Article `download()` failed with HTTPSConnectionPool(host='www.reuters.com', port=443): Max retries exceeded with url: /world/us/top-house-republican-mccarthy-doesnt-recall-jan-6-talk-with-hutchinson-2022-07-29/ (Caused by NewConnectionError('<urllib3.connection.HTTPSConnection object at 0x10ab14f40>: Failed to establish a new connection: [Errno 8] nodename nor servname provided, or not known')) on URL https://www.reuters.com/world/us/top-house-republican-mccarthy-doesnt-recall-jan-6-talk-with-hutchinson-2022-07-29/",)
e自身:Article `download()` failed with HTTPSConnectionPool(host='www.reuters.com', port=443): Max retries exceeded with url: /world/us/top-house-republican-mccarthy-doesnt-recall-jan-6-talk-with-hutchinson-2022-07-29/ (Caused by NewConnectionError('<urllib3.connection.HTTPSConnection object at 0x10ab14f40>: Failed to establish a new connection: [Errno 8] nodename nor servname provided, or not known')) on URL https://www.reuters.com/world/us/top-house-republican-mccarthy-doesnt-recall-jan-6-talk-with-hutchinson-2022-07-29/
=== エラー内容 ===
type:<class 'newspaper.article.ArticleException'>
args:("Article `download()` failed with HTTPSConnectionPool(host='www.reuters.com', port=443): Max retries exceeded with url: /markets/asia/chinas-factory-activity-seen-expanding-fastest-pace-year-2022-07-29/ (Caused by NewConnectionError('<urllib3.connection.HTTPSConnection object at 0x10ab14820>: Failed to establish a new connection: [Errno 8] nodename nor servname provided, or not known')) on URL https://www.reuters.com/markets/asia/chinas-factory-activity-seen-expanding-fastest-pace-year-2022-07-29/",)
e自身:Article `download()` failed with HTTPSConnectionPool(host='www.reuters.com', port=443): Max retries exceeded with url: /markets/asia/chinas-factory-activity-seen-expanding-fastest-pace-year-2022-07-29/ (Caused by NewConnectionError('<urllib3.connection.HTTPSConnection object at 0x10ab14820>: Failed to establish a new connection: [Errno 8] nodename nor servname provided, or not known')) on URL https://www.reuters.com/markets/asia/chinas-factory-activity-seen-expanding-fastest-pace-year-2022-07-29/
=== エラー内容 ===
type:<class 'newspaper.article.ArticleException'>
args:("Article `download()` failed with HTTPSConnectionPool(host='www.foxbusiness.com', port=443): Max retries exceeded with url: /lifestyle/mega-millions-winning-ticket-sold-illinois-1-28-billion-jackpot (Caused by NewConnectionError('<urllib3.connection.HTTPSConnection object at 0x10a2ed160>: Failed to establish a new connection: [Errno 8] nodename nor servname provided, or not known')) on URL https://www.foxbusiness.com/lifestyle/mega-millions-winning-ticket-sold-illinois-1-28-billion-jackpot",)
e自身:Article `download()` failed with HTTPSConnectionPool(host='www.foxbusiness.com', port=443): Max retries exceeded with url: /lifestyle/mega-millions-winning-ticket-sold-illinois-1-28-billion-jackpot (Caused by NewConnectionError('<urllib3.connection.HTTPSConnection object at 0x10a2ed160>: Failed to establish a new connection: [Errno 8] nodename nor servname provided, or not known')) on URL https://www.foxbusiness.com/lifestyle/mega-millions-winning-ticket-sold-illinois-1-28-billion-jackpot
=== エラー内容 ===
type:<class 'urllib.error.URLError'>
args:(gaierror(8, 'nodename nor servname provided, or not known'),)
e自身:<urlopen error [Errno 8] nodename nor servname provided, or not known>
url:https://news.google.com/rss/search?q=+after:2022-7-28+inurl:washingtonpost.com&hl=en-US&gl=US&ceid=US:en
=== エラー内容 ===
type:<class 'urllib.error.URLError'>
args:(gaierror(8, 'nodename nor servname provided, or not known'),)
e自身:<urlopen error [Errno 8] nodename nor servname provided, or not known>
url:https://news.google.com/rss/search?q=+after:2022-7-28+inurl:businessinsider.com&hl=en-US&gl=US&ceid=US:en
=== エラー内容 ===
type:<class 'urllib.error.URLError'>
args:(gaierror(8, 'nodename nor servname provided, or not known'),)
e自身:<urlopen error [Errno 8] nodename nor servname provided, or not known>
url:https://news.google.com/rss/search?q=+after:2022-7-28+inurl:cnn.com&hl=en-US&gl=US&ceid=US:en
=== エラー内容 ===
type:<class 'newspaper.article.ArticleException'>
args:("Article `download()` failed with HTTPSConnectionPool(host='www.huffpost.com', port=443): Read timed out. (read timeout=7) on URL https://www.huffpost.com/entry/biden-positive-covid-19-again_n_62e57d7fe4b07f83766fcc36/amp",)
e自身:Article `download()` failed with HTTPSConnectionPool(host='www.huffpost.com', port=443): Read timed out. (read timeout=7) on URL https://www.huffpost.com/entry/biden-positive-covid-19-again_n_62e57d7fe4b07f83766fcc36/amp
=== エラー内容 ===
type:<class 'newspaper.article.ArticleException'>
args:("Article `download()` failed with HTTPSConnectionPool(host='www.foxbusiness.com', port=443): Read timed out. (read timeout=7) on URL https://www.foxbusiness.com/markets/manchins-reversal-fed-ups-federal-funds-rate-more-thursdays-5-things-know",)
e自身:Article `download()` failed with HTTPSConnectionPool(host='www.foxbusiness.com', port=443): Read timed out. (read timeout=7) on URL https://www.foxbusiness.com/markets/manchins-reversal-fed-ups-federal-funds-rate-more-thursdays-5-things-know
=== エラー内容 ===
type:<class 'newspaper.article.ArticleException'>
args:("Article `download()` failed with HTTPSConnectionPool(host='www.foxbusiness.com', port=443): Read timed out. (read timeout=7) on URL https://www.foxbusiness.com/markets/manchins-reversal-fed-ups-federal-funds-rate-more-thursdays-5-things-know",)
e自身:Article `download()` failed with HTTPSConnectionPool(host='www.foxbusiness.com', port=443): Read timed out. (read timeout=7) on URL https://www.foxbusiness.com/markets/manchins-reversal-fed-ups-federal-funds-rate-more-thursdays-5-things-know
=== エラー内容 ===
type:<class 'newspaper.article.ArticleException'>
args:("Article `download()` failed with HTTPSConnectionPool(host='www.foxbusiness.com', port=443): Read timed out. (read timeout=7) on URL https://www.foxbusiness.com/markets/manchins-reversal-fed-ups-federal-funds-rate-more-thursdays-5-things-know",)
e自身:Article `download()` failed with HTTPSConnectionPool(host='www.foxbusiness.com', port=443): Read timed out. (read timeout=7) on URL https://www.foxbusiness.com/markets/manchins-reversal-fed-ups-federal-funds-rate-more-thursdays-5-things-know
=== エラー内容 ===
type:<class 'newspaper.article.ArticleException'>
args:("Article `download()` failed with HTTPSConnectionPool(host='www.foxbusiness.com', port=443): Read timed out. (read timeout=7) on URL https://www.foxbusiness.com/markets/dow-sp-nasdaq-post-best-month-since-2020-pitfalls-remain",)
e自身:Article `download()` failed with HTTPSConnectionPool(host='www.foxbusiness.com', port=443): Read timed out. (read timeout=7) on URL https://www.foxbusiness.com/markets/dow-sp-nasdaq-post-best-month-since-2020-pitfalls-remain
=== エラー内容 ===
type:<class 'newspaper.article.ArticleException'>
args:("Article `download()` failed with HTTPSConnectionPool(host='www.foxbusiness.com', port=443): Read timed out. (read timeout=7) on URL https://www.foxbusiness.com/markets/inflation-has-finally-come-head-with-consumer-eddie-ghabour",)
e自身:Article `download()` failed with HTTPSConnectionPool(host='www.foxbusiness.com', port=443): Read timed out. (read timeout=7) on URL https://www.foxbusiness.com/markets/inflation-has-finally-come-head-with-consumer-eddie-ghabour
=== エラー内容 ===
type:<class 'newspaper.article.ArticleException'>
args:("Article `download()` failed with HTTPSConnectionPool(host='www.foxbusiness.com', port=443): Read timed out. (read timeout=7) on URL https://www.foxbusiness.com/economy/billionaire-investor-ray-dalio-warns-us-cant-keep-spending-bring-down-inflation",)
e自身:Article `download()` failed with HTTPSConnectionPool(host='www.foxbusiness.com', port=443): Read timed out. (read timeout=7) on URL https://www.foxbusiness.com/economy/billionaire-investor-ray-dalio-warns-us-cant-keep-spending-bring-down-inflation
=== エラー内容 ===
type:<class 'newspaper.article.ArticleException'>
args:("Article `download()` failed with HTTPSConnectionPool(host='www.foxbusiness.com', port=443): Read timed out. (read timeout=7) on URL https://www.foxbusiness.com/politics/vulnerable-dem-rep-houlahan-touts-ppp-helped-husbands-business-says-inflation-worse",)
e自身:Article `download()` failed with HTTPSConnectionPool(host='www.foxbusiness.com', port=443): Read timed out. (read timeout=7) on URL https://www.foxbusiness.com/politics/vulnerable-dem-rep-houlahan-touts-ppp-helped-husbands-business-says-inflation-worse
=== エラー内容 ===
type:<class 'newspaper.article.ArticleException'>
args:("Article `download()` failed with HTTPSConnectionPool(host='www.foxbusiness.com', port=443): Read timed out. (read timeout=7) on URL https://www.foxbusiness.com/markets/manchins-reversal-fed-ups-federal-funds-rate-more-thursdays-5-things-know",)
e自身:Article `download()` failed with HTTPSConnectionPool(host='www.foxbusiness.com', port=443): Read timed out. (read timeout=7) on URL https://www.foxbusiness.com/markets/manchins-reversal-fed-ups-federal-funds-rate-more-thursdays-5-things-know
=== エラー内容 ===
type:<class 'newspaper.article.ArticleException'>
args:("Article `download()` failed with HTTPSConnectionPool(host='www.foxbusiness.com', port=443): Read timed out. (read timeout=7) on URL https://www.foxbusiness.com/markets/manchins-reversal-fed-ups-federal-funds-rate-more-thursdays-5-things-know",)
e自身:Article `download()` failed with HTTPSConnectionPool(host='www.foxbusiness.com', port=443): Read timed out. (read timeout=7) on URL https://www.foxbusiness.com/markets/manchins-reversal-fed-ups-federal-funds-rate-more-thursdays-5-things-know
=== エラー内容 ===
type:<class 'newspaper.article.ArticleException'>
args:("Article `download()` failed with HTTPSConnectionPool(host='www.reuters.com', port=443): Read timed out. (read timeout=7) on URL https://www.reuters.com/business/finance/inflation-begins-strain-finances-young-low-income-americans-2022-08-01/",)
e自身:Article `download()` failed with HTTPSConnectionPool(host='www.reuters.com', port=443): Read timed out. (read timeout=7) on URL https://www.reuters.com/business/finance/inflation-begins-strain-finances-young-low-income-americans-2022-08-01/
=== エラー内容 ===
type:<class 'newspaper.article.ArticleException'>
args:("Article `download()` failed with HTTPSConnectionPool(host='www.foxbusiness.com', port=443): Read timed out. (read timeout=7) on URL https://www.foxbusiness.com/markets/manchins-reversal-fed-ups-federal-funds-rate-more-thursdays-5-things-know",)
e自身:Article `download()` failed with HTTPSConnectionPool(host='www.foxbusiness.com', port=443): Read timed out. (read timeout=7) on URL https://www.foxbusiness.com/markets/manchins-reversal-fed-ups-federal-funds-rate-more-thursdays-5-things-know
=== エラー内容 ===
type:<class 'IndexError'>
args:('list index out of range',)
e自身:list index out of range
タイトル:The quest to expand composting in New York City - Washington Post
How to know you're no longer contagious with covid, according to experts
Religious leaders sue over Florida abortion law signed by Ron DeSantis
Democrats' side deal with Manchin would speed up projects, West Virginia gas
It's been a slow start to hurricane season — but it's still early
U.S. kills al-Qaeda leader Ayman al-Zawahiri
An 18-year-old lifeguard helped deliver a baby on a YMCA pool deck
Guy Reffitt sentenced to more than 7 years in Jan. 6 Capitol attack
Advice  Carolyn Hax: Pro-public-school dad won't consider private for his son
This pickle pizza recipe, with Canadian bacon and dill, is a winning combo
House to take up assault weapons ban Friday, Pelosi tells colleagues
Government worker wages lag far behind private-sector gains, as inflation rages
Opinion  Hungarian Prime Minister Viktor Orban’s visit to CPAC shows how far conservatives have strayed from American values
Matt Gaetz assured Roger Stone of pardon on hot mic, discussed Mueller redactions
As deadline looms, Josh Bell waits to reflect too much on time with Nats

日本語タイトル:['ニューヨークのコンポスト普及のために - Washington Post', '専門家に聞く、コビドに感染しなくなったことを確認する方法', '宗教指導者がロン・デサンティスが署名したフロリダ州中絶法をめぐり提訴', '民主党のマンチン氏とのサイドディールは、プロジェクト、ウェストバージニア州のガスをスピードアップすることができます。', 'ハリケーンシーズンの始まりは遅い - しかし、それはまだ早いです。', '米国、アルカイダ指導者アイマン・アルザワヒリ氏を殺害', '18歳のライフガードがYMCAのプールデッキで出産をサポート', '1月6日の国会議事堂襲撃事件でガイ・レフィットに7年以上の刑を宣告', 'アドバイスキャロラインハックス：プロ公立学校のお父さんは彼の息子のために私立を検討しません。', 'カナダ産ベーコンとディルを使ったピクルスピザのレシピは必勝コンボ', 'ペロシ、下院は金曜日に攻撃兵器禁止令を採択すると同僚に伝える', '日本経済新聞によると、日本政府は、「日本が世界一の経済大国になるためには、日本が世界一の経済大国になる必要がある。', 'オピニオン ハンガリーのオルバン首相がCPACを訪問し、保守派がアメリカの価値観からどれだけ離れているかを示した。', 'を契機として、「震災」「原発」「原発事故」「環境問題」「経済問題」「社会問題」「環境問題」等、様々なテーマで議論が行われています。']
=== エラー内容 ===
type:<class 'newspaper.article.ArticleException'>
args:("Article `download()` failed with HTTPSConnectionPool(host='www.foxbusiness.com', port=443): Read timed out. (read timeout=7) on URL https://www.foxbusiness.com/markets/manchins-reversal-fed-ups-federal-funds-rate-more-thursdays-5-things-know",)
e自身:Article `download()` failed with HTTPSConnectionPool(host='www.foxbusiness.com', port=443): Read timed out. (read timeout=7) on URL https://www.foxbusiness.com/markets/manchins-reversal-fed-ups-federal-funds-rate-more-thursdays-5-things-know
=== エラー内容 ===
type:<class 'IndexError'>
args:('list index out of range',)
e自身:list index out of range
タイトル:Pelosi expected to visit Taiwan, Taiwanese and US officials say
US kills al Qaeda leader Ayman al-Zawahiri in drone strike in Afghanistan
Passenger fined $1,874 after two undeclared McMuffins found in luggage
Judge temporarily blocks enforcement of Michigan's pre-Roe abortion ban
Jan 6. rioter who carried gun to US Capitol and threatened Nancy Pelosi gets more than 7 years in prison
'The water is coming!': First responders scramble to pull woman from flooding car
Help wanted: $78,000 a year to taste candy while sitting on your couch
A Kentucky man rescued 5 children and 2 of his former teachers from their flooded homes after getting a message asking for help
It's been four weeks since the last named Atlantic tropical system, but peak season is just around the corner
Ukrainian grain tycoon killed in Mykolaiv shelling as Putin threatens 'lightning speed' response to interference
Want to get paid to go to the beach?
Exclusive: DHS inspector general knew of missing Secret Service texts months earlier than previously known
Kosovo starts issuing extra documents to Serbian citizens as protesters block roads
This nation is scorching in a heat wave and wildfires, yet it's returning to planet-baking coal
Cat lovers can try cat-food inspired dishes at Fancy Feast's Italian pop-up

日本語タイトル:['ペロシ氏が台湾訪問の見込み、台湾・米国当局が発表', '米国、アフガニスタンの無人機攻撃でアルカイダ指導者アイマン・アルザワヒリ氏を殺害', '米国では、「マックマフィン」2個が手荷物で発見され、乗客に1,874ドルの罰金が科せられました。', 'ミシガン州のロー以前の中絶禁止令の施行を一時的に封じる判事', '1月6日 米国議事堂に銃を持ち込んでナンシー・ペロシを脅した暴徒に7年以上の禁固刑を科す', '水が来るぞ！」。水没した車から女性を引きずり出すために、第一応答者が奔走する', 'お手伝い募集：ソファに座りながらお菓子を味わえる年額78,000ドル', 'ケンタッキー州の男性は、助けを求めるメッセージを受け取った後、浸水した家から5人の子供と2人の元教師を救出した', '大西洋の熱帯雨林の発生は4週間ぶり。', 'ウクライナの穀物王がミコライフ砲撃で死亡 プーチンが妨害への「電光石火の対応」を脅かす中', 'を?めています。', '独占 米国国防総省の監察官、シークレットサービスのメール紛失を以前より数カ月早く知っていた', '', 'この国は、熱波と山火事で灼熱です、まだそれは地球焼く石炭に戻ります。']
=== エラー内容 ===
type:<class 'newspaper.article.ArticleException'>
args:("Article `download()` failed with HTTPSConnectionPool(host='www.foxbusiness.com', port=443): Read timed out. (read timeout=7) on URL https://www.foxbusiness.com/markets/manchins-reversal-fed-ups-federal-funds-rate-more-thursdays-5-things-know",)
e自身:Article `download()` failed with HTTPSConnectionPool(host='www.foxbusiness.com', port=443): Read timed out. (read timeout=7) on URL https://www.foxbusiness.com/markets/manchins-reversal-fed-ups-federal-funds-rate-more-thursdays-5-things-know
=== エラー内容 ===
type:<class 'newspaper.article.ArticleException'>
args:("Article `download()` failed with HTTPSConnectionPool(host='www.foxbusiness.com', port=443): Read timed out. (read timeout=7) on URL https://www.foxbusiness.com/markets/manchins-reversal-fed-ups-federal-funds-rate-more-thursdays-5-things-know",)
e自身:Article `download()` failed with HTTPSConnectionPool(host='www.foxbusiness.com', port=443): Read timed out. (read timeout=7) on URL https://www.foxbusiness.com/markets/manchins-reversal-fed-ups-federal-funds-rate-more-thursdays-5-things-know
=== エラー内容 ===
type:<class 'newspaper.article.ArticleException'>
args:("Article `download()` failed with HTTPSConnectionPool(host='www.foxbusiness.com', port=443): Read timed out. (read timeout=7) on URL https://www.foxbusiness.com/politics/manchin-schumer-spending-bill-estimated-hurt-coal-workers",)
e自身:Article `download()` failed with HTTPSConnectionPool(host='www.foxbusiness.com', port=443): Read timed out. (read timeout=7) on URL https://www.foxbusiness.com/politics/manchin-schumer-spending-bill-estimated-hurt-coal-workers
=== エラー内容 ===
type:<class 'newspaper.article.ArticleException'>
args:("Article `download()` failed with HTTPSConnectionPool(host='www.foxbusiness.com', port=443): Read timed out. (read timeout=7) on URL https://www.foxbusiness.com/markets/jobs-report-2q-earnings-insurer-shuts-offices-california-more-tuesdays-5-things-know",)
e自身:Article `download()` failed with HTTPSConnectionPool(host='www.foxbusiness.com', port=443): Read timed out. (read timeout=7) on URL https://www.foxbusiness.com/markets/jobs-report-2q-earnings-insurer-shuts-offices-california-more-tuesdays-5-things-know
=== エラー内容 ===
type:<class 'newspaper.article.ArticleException'>
args:("Article `download()` failed with HTTPSConnectionPool(host='www.huffpost.com', port=443): Max retries exceeded with url: /entry/ayman-al-zawahri-biden-afghanistan_n_62e847b0e4b09d14dc4594e1 (Caused by ConnectTimeoutError(<urllib3.connection.HTTPSConnection object at 0x10af65f10>, 'Connection to www.huffpost.com timed out. (connect timeout=7)')) on URL https://www.huffpost.com/entry/ayman-al-zawahri-biden-afghanistan_n_62e847b0e4b09d14dc4594e1",)
e自身:Article `download()` failed with HTTPSConnectionPool(host='www.huffpost.com', port=443): Max retries exceeded with url: /entry/ayman-al-zawahri-biden-afghanistan_n_62e847b0e4b09d14dc4594e1 (Caused by ConnectTimeoutError(<urllib3.connection.HTTPSConnection object at 0x10af65f10>, 'Connection to www.huffpost.com timed out. (connect timeout=7)')) on URL https://www.huffpost.com/entry/ayman-al-zawahri-biden-afghanistan_n_62e847b0e4b09d14dc4594e1
=== エラー内容 ===
type:<class 'newspaper.article.ArticleException'>
args:("Article `download()` failed with HTTPSConnectionPool(host='www.reuters.com', port=443): Read timed out. (read timeout=7) on URL https://www.reuters.com/markets/europe/futures-rise-ahead-services-activity-data-paypal-shines-2022-08-03/",)
e自身:Article `download()` failed with HTTPSConnectionPool(host='www.reuters.com', port=443): Read timed out. (read timeout=7) on URL https://www.reuters.com/markets/europe/futures-rise-ahead-services-activity-data-paypal-shines-2022-08-03/
=== エラー内容 ===
type:<class 'newspaper.article.ArticleException'>
args:("Article `download()` failed with HTTPSConnectionPool(host='www.reuters.com', port=443): Read timed out. (read timeout=7) on URL https://www.reuters.com/markets/europe/global-markets-wrapup-1-2022-08-03/",)
e自身:Article `download()` failed with HTTPSConnectionPool(host='www.reuters.com', port=443): Read timed out. (read timeout=7) on URL https://www.reuters.com/markets/europe/global-markets-wrapup-1-2022-08-03/
=== エラー内容 ===
type:<class 'newspaper.article.ArticleException'>
args:("Article `download()` failed with HTTPSConnectionPool(host='www.reuters.com', port=443): Read timed out. (read timeout=7) on URL https://www.reuters.com/technology/us-crypto-firm-nomad-hit-by-190-million-theft-2022-08-02/",)
e自身:Article `download()` failed with HTTPSConnectionPool(host='www.reuters.com', port=443): Read timed out. (read timeout=7) on URL https://www.reuters.com/technology/us-crypto-firm-nomad-hit-by-190-million-theft-2022-08-02/
=== エラー内容 ===
type:<class 'newspaper.article.ArticleException'>
args:("Article `download()` failed with HTTPSConnectionPool(host='www.foxbusiness.com', port=443): Read timed out. (read timeout=7) on URL https://www.foxbusiness.com/markets/jobs-report-2q-earnings-insurer-shuts-offices-california-more-tuesdays-5-things-know",)
e自身:Article `download()` failed with HTTPSConnectionPool(host='www.foxbusiness.com', port=443): Read timed out. (read timeout=7) on URL https://www.foxbusiness.com/markets/jobs-report-2q-earnings-insurer-shuts-offices-california-more-tuesdays-5-things-know
=== エラー内容 ===
type:<class 'newspaper.article.ArticleException'>
args:("Article `download()` failed with HTTPSConnectionPool(host='www.washingtonpost.com', port=443): Read timed out. (read timeout=7) on URL https://www.washingtonpost.com/business/us-job-openings-slid-to-107-million-in-june/2022/08/02/8be54aa4-126c-11ed-8482-06c1c84ce8f2_story.html",)
e自身:Article `download()` failed with HTTPSConnectionPool(host='www.washingtonpost.com', port=443): Read timed out. (read timeout=7) on URL https://www.washingtonpost.com/business/us-job-openings-slid-to-107-million-in-june/2022/08/02/8be54aa4-126c-11ed-8482-06c1c84ce8f2_story.html
=== エラー内容 ===
type:<class 'newspaper.article.ArticleException'>
args:("Article `download()` failed with HTTPSConnectionPool(host='www.foxbusiness.com', port=443): Read timed out. (read timeout=7) on URL https://www.foxbusiness.com/economy/americas-biggest-warehouse-running-out-room-about-get-worse",)
e自身:Article `download()` failed with HTTPSConnectionPool(host='www.foxbusiness.com', port=443): Read timed out. (read timeout=7) on URL https://www.foxbusiness.com/economy/americas-biggest-warehouse-running-out-room-about-get-worse
=== エラー内容 ===
type:<class 'newspaper.article.ArticleException'>
args:("Article `download()` failed with HTTPSConnectionPool(host='www.foxbusiness.com', port=443): Read timed out. (read timeout=7) on URL https://www.foxbusiness.com/lifestyle/tjmaxx-marshalls-parent-fined-selling-recalled-products",)
e自身:Article `download()` failed with HTTPSConnectionPool(host='www.foxbusiness.com', port=443): Read timed out. (read timeout=7) on URL https://www.foxbusiness.com/lifestyle/tjmaxx-marshalls-parent-fined-selling-recalled-products
=== エラー内容 ===
type:<class 'newspaper.article.ArticleException'>
args:("Article `download()` failed with HTTPSConnectionPool(host='www.foxbusiness.com', port=443): Read timed out. (read timeout=7) on URL https://www.foxbusiness.com/media/larry-kudlow-tax-hikes-slam-everybody-board",)
e自身:Article `download()` failed with HTTPSConnectionPool(host='www.foxbusiness.com', port=443): Read timed out. (read timeout=7) on URL https://www.foxbusiness.com/media/larry-kudlow-tax-hikes-slam-everybody-board
=== エラー内容 ===
type:<class 'newspaper.article.ArticleException'>
args:("Article `download()` failed with HTTPSConnectionPool(host='www.foxbusiness.com', port=443): Read timed out. (read timeout=7) on URL https://www.foxbusiness.com/economy/americas-biggest-warehouse-running-out-room-about-get-worse",)
e自身:Article `download()` failed with HTTPSConnectionPool(host='www.foxbusiness.com', port=443): Read timed out. (read timeout=7) on URL https://www.foxbusiness.com/economy/americas-biggest-warehouse-running-out-room-about-get-worse
=== エラー内容 ===
type:<class 'newspaper.article.ArticleException'>
args:("Article `download()` failed with HTTPSConnectionPool(host='www.foxbusiness.com', port=443): Read timed out. (read timeout=7) on URL https://www.foxbusiness.com/sports/professional-fighters-league-global-expansion-international-leagues",)
e自身:Article `download()` failed with HTTPSConnectionPool(host='www.foxbusiness.com', port=443): Read timed out. (read timeout=7) on URL https://www.foxbusiness.com/sports/professional-fighters-league-global-expansion-international-leagues
=== エラー内容 ===
type:<class 'newspaper.article.ArticleException'>
args:('Article `download()` failed with 404 Client Error: Not Found for url: https://www.foxbusiness.com/economy/bank-of-england-makes-biggest-rate-rise-since-1995 on URL https://www.foxbusiness.com/economy/bank-of-england-makes-biggest-rate-rise-since-1995',)
e自身:Article `download()` failed with 404 Client Error: Not Found for url: https://www.foxbusiness.com/economy/bank-of-england-makes-biggest-rate-rise-since-1995 on URL https://www.foxbusiness.com/economy/bank-of-england-makes-biggest-rate-rise-since-1995
=== エラー内容 ===
type:<class 'newspaper.article.ArticleException'>
args:('Article `download()` failed with 404 Client Error: Not Found for url: https://www.foxbusiness.com/economy/bank-of-england-makes-biggest-rate-rise-since-1995 on URL https://www.foxbusiness.com/economy/bank-of-england-makes-biggest-rate-rise-since-1995',)
e自身:Article `download()` failed with 404 Client Error: Not Found for url: https://www.foxbusiness.com/economy/bank-of-england-makes-biggest-rate-rise-since-1995 on URL https://www.foxbusiness.com/economy/bank-of-england-makes-biggest-rate-rise-since-1995
=== エラー内容 ===
type:<class 'newspaper.article.ArticleException'>
args:('Article `download()` failed with 404 Client Error: Not Found for url: https://www.foxbusiness.com/economy/bank-of-england-makes-biggest-rate-rise-since-1995 on URL https://www.foxbusiness.com/economy/bank-of-england-makes-biggest-rate-rise-since-1995',)
e自身:Article `download()` failed with 404 Client Error: Not Found for url: https://www.foxbusiness.com/economy/bank-of-england-makes-biggest-rate-rise-since-1995 on URL https://www.foxbusiness.com/economy/bank-of-england-makes-biggest-rate-rise-since-1995
=== エラー内容 ===
type:<class 'newspaper.article.ArticleException'>
args:('Article `download()` failed with 404 Client Error: Not Found for url: https://www.foxbusiness.com/economy/bank-of-england-makes-biggest-rate-rise-since-1995 on URL https://www.foxbusiness.com/economy/bank-of-england-makes-biggest-rate-rise-since-1995',)
e自身:Article `download()` failed with 404 Client Error: Not Found for url: https://www.foxbusiness.com/economy/bank-of-england-makes-biggest-rate-rise-since-1995 on URL https://www.foxbusiness.com/economy/bank-of-england-makes-biggest-rate-rise-since-1995
=== エラー内容 ===
type:<class 'newspaper.article.ArticleException'>
args:('Article `download()` failed with 404 Client Error: Not Found for url: https://www.foxbusiness.com/economy/bank-of-england-makes-biggest-rate-rise-since-1995 on URL https://www.foxbusiness.com/economy/bank-of-england-makes-biggest-rate-rise-since-1995',)
e自身:Article `download()` failed with 404 Client Error: Not Found for url: https://www.foxbusiness.com/economy/bank-of-england-makes-biggest-rate-rise-since-1995 on URL https://www.foxbusiness.com/economy/bank-of-england-makes-biggest-rate-rise-since-1995
=== エラー内容 ===
type:<class 'newspaper.article.ArticleException'>
args:('Article `download()` failed with 404 Client Error: Not Found for url: https://www.foxbusiness.com/economy/bank-of-england-makes-biggest-rate-rise-since-1995 on URL https://www.foxbusiness.com/economy/bank-of-england-makes-biggest-rate-rise-since-1995',)
e自身:Article `download()` failed with 404 Client Error: Not Found for url: https://www.foxbusiness.com/economy/bank-of-england-makes-biggest-rate-rise-since-1995 on URL https://www.foxbusiness.com/economy/bank-of-england-makes-biggest-rate-rise-since-1995
=== エラー内容 ===
type:<class 'FileNotFoundError'>
args:(2, 'No such file or directory')
e自身:[Errno 2] No such file or directory: '/tmp/.newspaper_scraper/article_resources'
=== エラー内容 ===
type:<class 'FileNotFoundError'>
args:(2, 'No such file or directory')
e自身:[Errno 2] No such file or directory: '/tmp/.newspaper_scraper/article_resources'
=== エラー内容 ===
type:<class 'FileNotFoundError'>
args:(2, 'No such file or directory')
e自身:[Errno 2] No such file or directory: '/tmp/.newspaper_scraper/article_resources'
=== エラー内容 ===
type:<class 'FileNotFoundError'>
args:(2, 'No such file or directory')
e自身:[Errno 2] No such file or directory: '/tmp/.newspaper_scraper/article_resources'
=== エラー内容 ===
type:<class 'FileNotFoundError'>
args:(2, 'No such file or directory')
e自身:[Errno 2] No such file or directory: '/tmp/.newspaper_scraper/article_resources'
=== エラー内容 ===
type:<class 'FileNotFoundError'>
args:(2, 'No such file or directory')
e自身:[Errno 2] No such file or directory: '/tmp/.newspaper_scraper/article_resources'
=== エラー内容 ===
type:<class 'FileNotFoundError'>
args:(2, 'No such file or directory')
e自身:[Errno 2] No such file or directory: '/tmp/.newspaper_scraper/article_resources'
=== エラー内容 ===
type:<class 'FileNotFoundError'>
args:(2, 'No such file or directory')
e自身:[Errno 2] No such file or directory: '/tmp/.newspaper_scraper/article_resources'
=== エラー内容 ===
type:<class 'FileNotFoundError'>
args:(2, 'No such file or directory')
e自身:[Errno 2] No such file or directory: '/tmp/.newspaper_scraper/article_resources'
=== エラー内容 ===
type:<class 'FileNotFoundError'>
args:(2, 'No such file or directory')
e自身:[Errno 2] No such file or directory: '/tmp/.newspaper_scraper/article_resources'
=== エラー内容 ===
type:<class 'FileNotFoundError'>
args:(2, 'No such file or directory')
e自身:[Errno 2] No such file or directory: '/tmp/.newspaper_scraper/article_resources'
=== エラー内容 ===
type:<class 'FileNotFoundError'>
args:(2, 'No such file or directory')
e自身:[Errno 2] No such file or directory: '/tmp/.newspaper_scraper/article_resources'
=== エラー内容 ===
type:<class 'FileNotFoundError'>
args:(2, 'No such file or directory')
e自身:[Errno 2] No such file or directory: '/tmp/.newspaper_scraper/article_resources'
=== エラー内容 ===
type:<class 'FileNotFoundError'>
args:(2, 'No such file or directory')
e自身:[Errno 2] No such file or directory: '/tmp/.newspaper_scraper/article_resources'
=== エラー内容 ===
type:<class 'FileNotFoundError'>
args:(2, 'No such file or directory')
e自身:[Errno 2] No such file or directory: '/tmp/.newspaper_scraper/article_resources'
=== エラー内容 ===
type:<class 'FileNotFoundError'>
args:(2, 'No such file or directory')
e自身:[Errno 2] No such file or directory: '/tmp/.newspaper_scraper/article_resources'
=== エラー内容 ===
type:<class 'newspaper.article.ArticleException'>
args:('Article `download()` failed with 503 Server Error: Service Unavailable for url: https://www.cnbc.com/2022/08/04/asia-markets-wall-street-earnings-currencies-oil.html on URL https://www.cnbc.com/2022/08/04/asia-markets-wall-street-earnings-currencies-oil.html',)
e自身:Article `download()` failed with 503 Server Error: Service Unavailable for url: https://www.cnbc.com/2022/08/04/asia-markets-wall-street-earnings-currencies-oil.html on URL https://www.cnbc.com/2022/08/04/asia-markets-wall-street-earnings-currencies-oil.html
=== エラー内容 ===
type:<class 'FileNotFoundError'>
args:(2, 'No such file or directory')
e自身:[Errno 2] No such file or directory: '/tmp/.newspaper_scraper/article_resources'
=== エラー内容 ===
type:<class 'FileNotFoundError'>
args:(2, 'No such file or directory')
e自身:[Errno 2] No such file or directory: '/tmp/.newspaper_scraper/article_resources'
=== エラー内容 ===
type:<class 'FileNotFoundError'>
args:(2, 'No such file or directory')
e自身:[Errno 2] No such file or directory: '/tmp/.newspaper_scraper/article_resources'
=== エラー内容 ===
type:<class 'FileNotFoundError'>
args:(2, 'No such file or directory')
e自身:[Errno 2] No such file or directory: '/tmp/.newspaper_scraper/article_resources'
=== エラー内容 ===
type:<class 'FileNotFoundError'>
args:(2, 'No such file or directory')
e自身:[Errno 2] No such file or directory: '/tmp/.newspaper_scraper/article_resources'
=== エラー内容 ===
type:<class 'FileNotFoundError'>
args:(2, 'No such file or directory')
e自身:[Errno 2] No such file or directory: '/tmp/.newspaper_scraper/article_resources'
=== エラー内容 ===
type:<class 'FileNotFoundError'>
args:(2, 'No such file or directory')
e自身:[Errno 2] No such file or directory: '/tmp/.newspaper_scraper/article_resources'
=== エラー内容 ===
type:<class 'FileNotFoundError'>
args:(2, 'No such file or directory')
e自身:[Errno 2] No such file or directory: '/tmp/.newspaper_scraper/article_resources'
=== エラー内容 ===
type:<class 'FileNotFoundError'>
args:(2, 'No such file or directory')
e自身:[Errno 2] No such file or directory: '/tmp/.newspaper_scraper/article_resources'
=== エラー内容 ===
type:<class 'FileNotFoundError'>
args:(2, 'No such file or directory')
e自身:[Errno 2] No such file or directory: '/tmp/.newspaper_scraper/article_resources'
=== エラー内容 ===
type:<class 'FileNotFoundError'>
args:(2, 'No such file or directory')
e自身:[Errno 2] No such file or directory: '/tmp/.newspaper_scraper/article_resources'
=== エラー内容 ===
type:<class 'FileNotFoundError'>
args:(2, 'No such file or directory')
e自身:[Errno 2] No such file or directory: '/tmp/.newspaper_scraper/article_resources'
=== エラー内容 ===
type:<class 'FileNotFoundError'>
args:(2, 'No such file or directory')
e自身:[Errno 2] No such file or directory: '/tmp/.newspaper_scraper/article_resources'
=== エラー内容 ===
type:<class 'FileNotFoundError'>
args:(2, 'No such file or directory')
e自身:[Errno 2] No such file or directory: '/tmp/.newspaper_scraper/article_resources'
=== エラー内容 ===
type:<class 'FileNotFoundError'>
args:(2, 'No such file or directory')
e自身:[Errno 2] No such file or directory: '/tmp/.newspaper_scraper/article_resources'
=== エラー内容 ===
type:<class 'FileNotFoundError'>
args:(2, 'No such file or directory')
e自身:[Errno 2] No such file or directory: '/tmp/.newspaper_scraper/article_resources'
=== エラー内容 ===
type:<class 'FileNotFoundError'>
args:(2, 'No such file or directory')
e自身:[Errno 2] No such file or directory: '/tmp/.newspaper_scraper/article_resources'
=== エラー内容 ===
type:<class 'FileNotFoundError'>
args:(2, 'No such file or directory')
e自身:[Errno 2] No such file or directory: '/tmp/.newspaper_scraper/article_resources'
=== エラー内容 ===
type:<class 'FileNotFoundError'>
args:(2, 'No such file or directory')
e自身:[Errno 2] No such file or directory: '/tmp/.newspaper_scraper/article_resources'
=== エラー内容 ===
type:<class 'FileNotFoundError'>
args:(2, 'No such file or directory')
e自身:[Errno 2] No such file or directory: '/tmp/.newspaper_scraper/article_resources'
=== エラー内容 ===
type:<class 'FileNotFoundError'>
args:(2, 'No such file or directory')
e自身:[Errno 2] No such file or directory: '/tmp/.newspaper_scraper/article_resources'
=== エラー内容 ===
type:<class 'FileNotFoundError'>
args:(2, 'No such file or directory')
e自身:[Errno 2] No such file or directory: '/tmp/.newspaper_scraper/article_resources'
=== エラー内容 ===
type:<class 'FileNotFoundError'>
args:(2, 'No such file or directory')
e自身:[Errno 2] No such file or directory: '/tmp/.newspaper_scraper/article_resources'
=== エラー内容 ===
type:<class 'FileNotFoundError'>
args:(2, 'No such file or directory')
e自身:[Errno 2] No such file or directory: '/tmp/.newspaper_scraper/article_resources'
=== エラー内容 ===
type:<class 'FileNotFoundError'>
args:(2, 'No such file or directory')
e自身:[Errno 2] No such file or directory: '/tmp/.newspaper_scraper/article_resources'
=== エラー内容 ===
type:<class 'FileNotFoundError'>
args:(2, 'No such file or directory')
e自身:[Errno 2] No such file or directory: '/tmp/.newspaper_scraper/article_resources'
=== エラー内容 ===
type:<class 'FileNotFoundError'>
args:(2, 'No such file or directory')
e自身:[Errno 2] No such file or directory: '/tmp/.newspaper_scraper/article_resources'
=== エラー内容 ===
type:<class 'FileNotFoundError'>
args:(2, 'No such file or directory')
e自身:[Errno 2] No such file or directory: '/tmp/.newspaper_scraper/article_resources'
=== エラー内容 ===
type:<class 'FileNotFoundError'>
args:(2, 'No such file or directory')
e自身:[Errno 2] No such file or directory: '/tmp/.newspaper_scraper/article_resources'
=== エラー内容 ===
type:<class 'FileNotFoundError'>
args:(2, 'No such file or directory')
e自身:[Errno 2] No such file or directory: '/tmp/.newspaper_scraper/article_resources'
=== エラー内容 ===
type:<class 'FileNotFoundError'>
args:(2, 'No such file or directory')
e自身:[Errno 2] No such file or directory: '/tmp/.newspaper_scraper/article_resources'
=== エラー内容 ===
type:<class 'FileNotFoundError'>
args:(2, 'No such file or directory')
e自身:[Errno 2] No such file or directory: '/tmp/.newspaper_scraper/article_resources'
=== エラー内容 ===
type:<class 'FileNotFoundError'>
args:(2, 'No such file or directory')
e自身:[Errno 2] No such file or directory: '/tmp/.newspaper_scraper/article_resources'
=== エラー内容 ===
type:<class 'FileNotFoundError'>
args:(2, 'No such file or directory')
e自身:[Errno 2] No such file or directory: '/tmp/.newspaper_scraper/article_resources'
=== エラー内容 ===
type:<class 'FileNotFoundError'>
args:(2, 'No such file or directory')
e自身:[Errno 2] No such file or directory: '/tmp/.newspaper_scraper/article_resources'
=== エラー内容 ===
type:<class 'FileNotFoundError'>
args:(2, 'No such file or directory')
e自身:[Errno 2] No such file or directory: '/tmp/.newspaper_scraper/article_resources'
=== エラー内容 ===
type:<class 'FileNotFoundError'>
args:(2, 'No such file or directory')
e自身:[Errno 2] No such file or directory: '/tmp/.newspaper_scraper/article_resources'
=== エラー内容 ===
type:<class 'FileNotFoundError'>
args:(2, 'No such file or directory')
e自身:[Errno 2] No such file or directory: '/tmp/.newspaper_scraper/article_resources'
=== エラー内容 ===
type:<class 'FileNotFoundError'>
args:(2, 'No such file or directory')
e自身:[Errno 2] No such file or directory: '/tmp/.newspaper_scraper/article_resources'
=== エラー内容 ===
type:<class 'FileNotFoundError'>
args:(2, 'No such file or directory')
e自身:[Errno 2] No such file or directory: '/tmp/.newspaper_scraper/article_resources'
=== エラー内容 ===
type:<class 'FileNotFoundError'>
args:(2, 'No such file or directory')
e自身:[Errno 2] No such file or directory: '/tmp/.newspaper_scraper/article_resources'
=== エラー内容 ===
type:<class 'FileNotFoundError'>
args:(2, 'No such file or directory')
e自身:[Errno 2] No such file or directory: '/tmp/.newspaper_scraper/article_resources'
=== エラー内容 ===
type:<class 'FileNotFoundError'>
args:(2, 'No such file or directory')
e自身:[Errno 2] No such file or directory: '/tmp/.newspaper_scraper/article_resources'
=== エラー内容 ===
type:<class 'FileNotFoundError'>
args:(2, 'No such file or directory')
e自身:[Errno 2] No such file or directory: '/tmp/.newspaper_scraper/article_resources'
=== エラー内容 ===
type:<class 'FileNotFoundError'>
args:(2, 'No such file or directory')
e自身:[Errno 2] No such file or directory: '/tmp/.newspaper_scraper/article_resources'
=== エラー内容 ===
type:<class 'FileNotFoundError'>
args:(2, 'No such file or directory')
e自身:[Errno 2] No such file or directory: '/tmp/.newspaper_scraper/article_resources'
=== エラー内容 ===
type:<class 'FileNotFoundError'>
args:(2, 'No such file or directory')
e自身:[Errno 2] No such file or directory: '/tmp/.newspaper_scraper/article_resources'
=== エラー内容 ===
type:<class 'FileNotFoundError'>
args:(2, 'No such file or directory')
e自身:[Errno 2] No such file or directory: '/tmp/.newspaper_scraper/article_resources'
=== エラー内容 ===
type:<class 'FileNotFoundError'>
args:(2, 'No such file or directory')
e自身:[Errno 2] No such file or directory: '/tmp/.newspaper_scraper/article_resources'
=== エラー内容 ===
type:<class 'FileNotFoundError'>
args:(2, 'No such file or directory')
e自身:[Errno 2] No such file or directory: '/tmp/.newspaper_scraper/article_resources'
=== エラー内容 ===
type:<class 'FileNotFoundError'>
args:(2, 'No such file or directory')
e自身:[Errno 2] No such file or directory: '/tmp/.newspaper_scraper/article_resources'
=== エラー内容 ===
type:<class 'FileNotFoundError'>
args:(2, 'No such file or directory')
e自身:[Errno 2] No such file or directory: '/tmp/.newspaper_scraper/article_resources'
=== エラー内容 ===
type:<class 'FileNotFoundError'>
args:(2, 'No such file or directory')
e自身:[Errno 2] No such file or directory: '/tmp/.newspaper_scraper/article_resources'
=== エラー内容 ===
type:<class 'FileNotFoundError'>
args:(2, 'No such file or directory')
e自身:[Errno 2] No such file or directory: '/tmp/.newspaper_scraper/article_resources'
=== エラー内容 ===
type:<class 'FileNotFoundError'>
args:(2, 'No such file or directory')
e自身:[Errno 2] No such file or directory: '/tmp/.newspaper_scraper/article_resources'
=== エラー内容 ===
type:<class 'FileNotFoundError'>
args:(2, 'No such file or directory')
e自身:[Errno 2] No such file or directory: '/tmp/.newspaper_scraper/article_resources'
=== エラー内容 ===
type:<class 'FileNotFoundError'>
args:(2, 'No such file or directory')
e自身:[Errno 2] No such file or directory: '/tmp/.newspaper_scraper/article_resources'
=== エラー内容 ===
type:<class 'FileNotFoundError'>
args:(2, 'No such file or directory')
e自身:[Errno 2] No such file or directory: '/tmp/.newspaper_scraper/article_resources'
=== エラー内容 ===
type:<class 'FileNotFoundError'>
args:(2, 'No such file or directory')
e自身:[Errno 2] No such file or directory: '/tmp/.newspaper_scraper/article_resources'
=== エラー内容 ===
type:<class 'FileNotFoundError'>
args:(2, 'No such file or directory')
e自身:[Errno 2] No such file or directory: '/tmp/.newspaper_scraper/article_resources'
=== エラー内容 ===
type:<class 'FileNotFoundError'>
args:(2, 'No such file or directory')
e自身:[Errno 2] No such file or directory: '/tmp/.newspaper_scraper/article_resources'
=== エラー内容 ===
type:<class 'FileNotFoundError'>
args:(2, 'No such file or directory')
e自身:[Errno 2] No such file or directory: '/tmp/.newspaper_scraper/article_resources'
=== エラー内容 ===
type:<class 'FileNotFoundError'>
args:(2, 'No such file or directory')
e自身:[Errno 2] No such file or directory: '/tmp/.newspaper_scraper/article_resources'
=== エラー内容 ===
type:<class 'FileNotFoundError'>
args:(2, 'No such file or directory')
e自身:[Errno 2] No such file or directory: '/tmp/.newspaper_scraper/article_resources'
=== エラー内容 ===
type:<class 'FileNotFoundError'>
args:(2, 'No such file or directory')
e自身:[Errno 2] No such file or directory: '/tmp/.newspaper_scraper/article_resources'
=== エラー内容 ===
type:<class 'FileNotFoundError'>
args:(2, 'No such file or directory')
e自身:[Errno 2] No such file or directory: '/tmp/.newspaper_scraper/article_resources'
=== エラー内容 ===
type:<class 'FileNotFoundError'>
args:(2, 'No such file or directory')
e自身:[Errno 2] No such file or directory: '/tmp/.newspaper_scraper/article_resources'
=== エラー内容 ===
type:<class 'FileNotFoundError'>
args:(2, 'No such file or directory')
e自身:[Errno 2] No such file or directory: '/tmp/.newspaper_scraper/article_resources'
=== エラー内容 ===
type:<class 'FileNotFoundError'>
args:(2, 'No such file or directory')
e自身:[Errno 2] No such file or directory: '/tmp/.newspaper_scraper/article_resources'
=== エラー内容 ===
type:<class 'FileNotFoundError'>
args:(2, 'No such file or directory')
e自身:[Errno 2] No such file or directory: '/tmp/.newspaper_scraper/article_resources'
=== エラー内容 ===
type:<class 'FileNotFoundError'>
args:(2, 'No such file or directory')
e自身:[Errno 2] No such file or directory: '/tmp/.newspaper_scraper/article_resources'
=== エラー内容 ===
type:<class 'FileNotFoundError'>
args:(2, 'No such file or directory')
e自身:[Errno 2] No such file or directory: '/tmp/.newspaper_scraper/article_resources'
=== エラー内容 ===
type:<class 'FileNotFoundError'>
args:(2, 'No such file or directory')
e自身:[Errno 2] No such file or directory: '/tmp/.newspaper_scraper/article_resources'
=== エラー内容 ===
type:<class 'FileNotFoundError'>
args:(2, 'No such file or directory')
e自身:[Errno 2] No such file or directory: '/tmp/.newspaper_scraper/article_resources'
=== エラー内容 ===
type:<class 'FileNotFoundError'>
args:(2, 'No such file or directory')
e自身:[Errno 2] No such file or directory: '/tmp/.newspaper_scraper/article_resources'
=== エラー内容 ===
type:<class 'FileNotFoundError'>
args:(2, 'No such file or directory')
e自身:[Errno 2] No such file or directory: '/tmp/.newspaper_scraper/article_resources'
=== エラー内容 ===
type:<class 'FileNotFoundError'>
args:(2, 'No such file or directory')
e自身:[Errno 2] No such file or directory: '/tmp/.newspaper_scraper/article_resources'
=== エラー内容 ===
type:<class 'FileNotFoundError'>
args:(2, 'No such file or directory')
e自身:[Errno 2] No such file or directory: '/tmp/.newspaper_scraper/article_resources'
=== エラー内容 ===
type:<class 'FileNotFoundError'>
args:(2, 'No such file or directory')
e自身:[Errno 2] No such file or directory: '/tmp/.newspaper_scraper/article_resources'
=== エラー内容 ===
type:<class 'FileNotFoundError'>
args:(2, 'No such file or directory')
e自身:[Errno 2] No such file or directory: '/tmp/.newspaper_scraper/article_resources'
=== エラー内容 ===
type:<class 'FileNotFoundError'>
args:(2, 'No such file or directory')
e自身:[Errno 2] No such file or directory: '/tmp/.newspaper_scraper/article_resources'
=== エラー内容 ===
type:<class 'FileNotFoundError'>
args:(2, 'No such file or directory')
e自身:[Errno 2] No such file or directory: '/tmp/.newspaper_scraper/article_resources'
=== エラー内容 ===
type:<class 'FileNotFoundError'>
args:(2, 'No such file or directory')
e自身:[Errno 2] No such file or directory: '/tmp/.newspaper_scraper/article_resources'
=== エラー内容 ===
type:<class 'FileNotFoundError'>
args:(2, 'No such file or directory')
e自身:[Errno 2] No such file or directory: '/tmp/.newspaper_scraper/article_resources'
=== エラー内容 ===
type:<class 'FileNotFoundError'>
args:(2, 'No such file or directory')
e自身:[Errno 2] No such file or directory: '/tmp/.newspaper_scraper/article_resources'
=== エラー内容 ===
type:<class 'FileNotFoundError'>
args:(2, 'No such file or directory')
e自身:[Errno 2] No such file or directory: '/tmp/.newspaper_scraper/article_resources'
=== エラー内容 ===
type:<class 'FileNotFoundError'>
args:(2, 'No such file or directory')
e自身:[Errno 2] No such file or directory: '/tmp/.newspaper_scraper/article_resources'
=== エラー内容 ===
type:<class 'FileNotFoundError'>
args:(2, 'No such file or directory')
e自身:[Errno 2] No such file or directory: '/tmp/.newspaper_scraper/article_resources'
=== エラー内容 ===
type:<class 'FileNotFoundError'>
args:(2, 'No such file or directory')
e自身:[Errno 2] No such file or directory: '/tmp/.newspaper_scraper/article_resources'
=== エラー内容 ===
type:<class 'FileNotFoundError'>
args:(2, 'No such file or directory')
e自身:[Errno 2] No such file or directory: '/tmp/.newspaper_scraper/article_resources'
=== エラー内容 ===
type:<class 'FileNotFoundError'>
args:(2, 'No such file or directory')
e自身:[Errno 2] No such file or directory: '/tmp/.newspaper_scraper/article_resources'
=== エラー内容 ===
type:<class 'FileNotFoundError'>
args:(2, 'No such file or directory')
e自身:[Errno 2] No such file or directory: '/tmp/.newspaper_scraper/article_resources'
=== エラー内容 ===
type:<class 'FileNotFoundError'>
args:(2, 'No such file or directory')
e自身:[Errno 2] No such file or directory: '/tmp/.newspaper_scraper/article_resources'
=== エラー内容 ===
type:<class 'FileNotFoundError'>
args:(2, 'No such file or directory')
e自身:[Errno 2] No such file or directory: '/tmp/.newspaper_scraper/article_resources'
=== エラー内容 ===
type:<class 'FileNotFoundError'>
args:(2, 'No such file or directory')
e自身:[Errno 2] No such file or directory: '/tmp/.newspaper_scraper/article_resources'
=== エラー内容 ===
type:<class 'FileNotFoundError'>
args:(2, 'No such file or directory')
e自身:[Errno 2] No such file or directory: '/tmp/.newspaper_scraper/article_resources'
=== エラー内容 ===
type:<class 'FileNotFoundError'>
args:(2, 'No such file or directory')
e自身:[Errno 2] No such file or directory: '/tmp/.newspaper_scraper/article_resources'
=== エラー内容 ===
type:<class 'FileNotFoundError'>
args:(2, 'No such file or directory')
e自身:[Errno 2] No such file or directory: '/tmp/.newspaper_scraper/article_resources'
=== エラー内容 ===
type:<class 'FileNotFoundError'>
args:(2, 'No such file or directory')
e自身:[Errno 2] No such file or directory: '/tmp/.newspaper_scraper/article_resources'
=== エラー内容 ===
type:<class 'FileNotFoundError'>
args:(2, 'No such file or directory')
e自身:[Errno 2] No such file or directory: '/tmp/.newspaper_scraper/article_resources'
=== エラー内容 ===
type:<class 'FileNotFoundError'>
args:(2, 'No such file or directory')
e自身:[Errno 2] No such file or directory: '/tmp/.newspaper_scraper/article_resources'
=== エラー内容 ===
type:<class 'FileNotFoundError'>
args:(2, 'No such file or directory')
e自身:[Errno 2] No such file or directory: '/tmp/.newspaper_scraper/article_resources'
=== エラー内容 ===
type:<class 'FileNotFoundError'>
args:(2, 'No such file or directory')
e自身:[Errno 2] No such file or directory: '/tmp/.newspaper_scraper/article_resources'
=== エラー内容 ===
type:<class 'FileNotFoundError'>
args:(2, 'No such file or directory')
e自身:[Errno 2] No such file or directory: '/tmp/.newspaper_scraper/article_resources'
=== エラー内容 ===
type:<class 'FileNotFoundError'>
args:(2, 'No such file or directory')
e自身:[Errno 2] No such file or directory: '/tmp/.newspaper_scraper/article_resources'
=== エラー内容 ===
type:<class 'FileNotFoundError'>
args:(2, 'No such file or directory')
e自身:[Errno 2] No such file or directory: '/tmp/.newspaper_scraper/article_resources'
=== エラー内容 ===
type:<class 'FileNotFoundError'>
args:(2, 'No such file or directory')
e自身:[Errno 2] No such file or directory: '/tmp/.newspaper_scraper/article_resources'
=== エラー内容 ===
type:<class 'FileNotFoundError'>
args:(2, 'No such file or directory')
e自身:[Errno 2] No such file or directory: '/tmp/.newspaper_scraper/article_resources'
=== エラー内容 ===
type:<class 'FileNotFoundError'>
args:(2, 'No such file or directory')
e自身:[Errno 2] No such file or directory: '/tmp/.newspaper_scraper/article_resources'
=== エラー内容 ===
type:<class 'FileNotFoundError'>
args:(2, 'No such file or directory')
e自身:[Errno 2] No such file or directory: '/tmp/.newspaper_scraper/article_resources'
=== エラー内容 ===
type:<class 'FileNotFoundError'>
args:(2, 'No such file or directory')
e自身:[Errno 2] No such file or directory: '/tmp/.newspaper_scraper/article_resources'
=== エラー内容 ===
type:<class 'FileNotFoundError'>
args:(2, 'No such file or directory')
e自身:[Errno 2] No such file or directory: '/tmp/.newspaper_scraper/article_resources'
=== エラー内容 ===
type:<class 'FileNotFoundError'>
args:(2, 'No such file or directory')
e自身:[Errno 2] No such file or directory: '/tmp/.newspaper_scraper/article_resources'
=== エラー内容 ===
type:<class 'FileNotFoundError'>
args:(2, 'No such file or directory')
e自身:[Errno 2] No such file or directory: '/tmp/.newspaper_scraper/article_resources'
=== エラー内容 ===
type:<class 'FileNotFoundError'>
args:(2, 'No such file or directory')
e自身:[Errno 2] No such file or directory: '/tmp/.newspaper_scraper/article_resources'
=== エラー内容 ===
type:<class 'FileNotFoundError'>
args:(2, 'No such file or directory')
e自身:[Errno 2] No such file or directory: '/tmp/.newspaper_scraper/article_resources'
=== エラー内容 ===
type:<class 'FileNotFoundError'>
args:(2, 'No such file or directory')
e自身:[Errno 2] No such file or directory: '/tmp/.newspaper_scraper/article_resources'
=== エラー内容 ===
type:<class 'FileNotFoundError'>
args:(2, 'No such file or directory')
e自身:[Errno 2] No such file or directory: '/tmp/.newspaper_scraper/article_resources'
=== エラー内容 ===
type:<class 'FileNotFoundError'>
args:(2, 'No such file or directory')
e自身:[Errno 2] No such file or directory: '/tmp/.newspaper_scraper/article_resources'
=== エラー内容 ===
type:<class 'FileNotFoundError'>
args:(2, 'No such file or directory')
e自身:[Errno 2] No such file or directory: '/tmp/.newspaper_scraper/article_resources'
=== エラー内容 ===
type:<class 'FileNotFoundError'>
args:(2, 'No such file or directory')
e自身:[Errno 2] No such file or directory: '/tmp/.newspaper_scraper/article_resources'
=== エラー内容 ===
type:<class 'FileNotFoundError'>
args:(2, 'No such file or directory')
e自身:[Errno 2] No such file or directory: '/tmp/.newspaper_scraper/article_resources'
=== エラー内容 ===
type:<class 'FileNotFoundError'>
args:(2, 'No such file or directory')
e自身:[Errno 2] No such file or directory: '/tmp/.newspaper_scraper/article_resources'
=== エラー内容 ===
type:<class 'FileNotFoundError'>
args:(2, 'No such file or directory')
e自身:[Errno 2] No such file or directory: '/tmp/.newspaper_scraper/article_resources'
=== エラー内容 ===
type:<class 'FileNotFoundError'>
args:(2, 'No such file or directory')
e自身:[Errno 2] No such file or directory: '/tmp/.newspaper_scraper/article_resources'
=== エラー内容 ===
type:<class 'FileNotFoundError'>
args:(2, 'No such file or directory')
e自身:[Errno 2] No such file or directory: '/tmp/.newspaper_scraper/article_resources'
=== エラー内容 ===
type:<class 'FileNotFoundError'>
args:(2, 'No such file or directory')
e自身:[Errno 2] No such file or directory: '/tmp/.newspaper_scraper/article_resources'
=== エラー内容 ===
type:<class 'FileNotFoundError'>
args:(2, 'No such file or directory')
e自身:[Errno 2] No such file or directory: '/tmp/.newspaper_scraper/article_resources'
=== エラー内容 ===
type:<class 'FileNotFoundError'>
args:(2, 'No such file or directory')
e自身:[Errno 2] No such file or directory: '/tmp/.newspaper_scraper/article_resources'
=== エラー内容 ===
type:<class 'FileNotFoundError'>
args:(2, 'No such file or directory')
e自身:[Errno 2] No such file or directory: '/tmp/.newspaper_scraper/article_resources'
=== エラー内容 ===
type:<class 'FileNotFoundError'>
args:(2, 'No such file or directory')
e自身:[Errno 2] No such file or directory: '/tmp/.newspaper_scraper/article_resources'
=== エラー内容 ===
type:<class 'FileNotFoundError'>
args:(2, 'No such file or directory')
e自身:[Errno 2] No such file or directory: '/tmp/.newspaper_scraper/article_resources'
=== エラー内容 ===
type:<class 'FileNotFoundError'>
args:(2, 'No such file or directory')
e自身:[Errno 2] No such file or directory: '/tmp/.newspaper_scraper/article_resources'
=== エラー内容 ===
type:<class 'newspaper.article.ArticleException'>
args:("Article `download()` failed with HTTPSConnectionPool(host='www.cnbc.com', port=443): Read timed out. (read timeout=7) on URL https://www.cnbc.com/2022/08/03/stock-market-news-futures-open-to-close.html",)
e自身:Article `download()` failed with HTTPSConnectionPool(host='www.cnbc.com', port=443): Read timed out. (read timeout=7) on URL https://www.cnbc.com/2022/08/03/stock-market-news-futures-open-to-close.html
=== エラー内容 ===
type:<class 'newspaper.article.ArticleException'>
args:("Article `download()` failed with HTTPSConnectionPool(host='www.fool.com', port=443): Max retries exceeded with url: /investing/2022/08/04/these-3-tragically-obvious-mistakes-will-kill-your/ (Caused by NewConnectionError('<urllib3.connection.HTTPSConnection object at 0x115920a00>: Failed to establish a new connection: [Errno 61] Connection refused')) on URL https://www.fool.com/investing/2022/08/04/these-3-tragically-obvious-mistakes-will-kill-your/",)
e自身:Article `download()` failed with HTTPSConnectionPool(host='www.fool.com', port=443): Max retries exceeded with url: /investing/2022/08/04/these-3-tragically-obvious-mistakes-will-kill-your/ (Caused by NewConnectionError('<urllib3.connection.HTTPSConnection object at 0x115920a00>: Failed to establish a new connection: [Errno 61] Connection refused')) on URL https://www.fool.com/investing/2022/08/04/these-3-tragically-obvious-mistakes-will-kill-your/
=== エラー内容 ===
type:<class 'newspaper.article.ArticleException'>
args:("Article `download()` failed with HTTPSConnectionPool(host='www.foxbusiness.com', port=443): Read timed out. (read timeout=7) on URL https://www.foxbusiness.com/money/crypto-bankruptcies-threaten-customer-life-savings",)
e自身:Article `download()` failed with HTTPSConnectionPool(host='www.foxbusiness.com', port=443): Read timed out. (read timeout=7) on URL https://www.foxbusiness.com/money/crypto-bankruptcies-threaten-customer-life-savings
=== エラー内容 ===
type:<class 'newspaper.article.ArticleException'>
args:("Article `download()` failed with HTTPSConnectionPool(host='www.fool.com', port=443): Max retries exceeded with url: /earnings/call-transcripts/2022/08/05/lufax-holding-ltd-lu-q2-2022-earnings-call-transcr/ (Caused by ConnectTimeoutError(<urllib3.connection.HTTPSConnection object at 0x10dc5bdf0>, 'Connection to www.fool.com timed out. (connect timeout=7)')) on URL https://www.fool.com/earnings/call-transcripts/2022/08/05/lufax-holding-ltd-lu-q2-2022-earnings-call-transcr/",)
e自身:Article `download()` failed with HTTPSConnectionPool(host='www.fool.com', port=443): Max retries exceeded with url: /earnings/call-transcripts/2022/08/05/lufax-holding-ltd-lu-q2-2022-earnings-call-transcr/ (Caused by ConnectTimeoutError(<urllib3.connection.HTTPSConnection object at 0x10dc5bdf0>, 'Connection to www.fool.com timed out. (connect timeout=7)')) on URL https://www.fool.com/earnings/call-transcripts/2022/08/05/lufax-holding-ltd-lu-q2-2022-earnings-call-transcr/
=== エラー内容 ===
type:<class 'IndexError'>
args:('list index out of range',)
e自身:list index out of range
タイトル:Gasoline Prices Could Fall to $2.99 Next Week
We Expect a Healthy Prognosis for This Stock as It's Set to Report
Roomba Vacuum Maker, iRobot, to Be Bought by Amazon
Elon Musk Says He Won't Leave Tesla Unless This Happens (It's Unlikely)
Real Estate Titan Zillow Sees Tough Times Ahead in Housing
Coinbase Stock Has Jumped Since Cathie Wood Sold. Is It a Buy?
Downtown Las Vegas' Fremont St. Casino Brings a Big Name to the City
Elon Musk Wants Tesla Shareholders to Vote Against Eight Things
Megastar Likely Headed Back to the Las Vegas Strip
Stock Market Today – 85: Stocks Ease After Stronger-Than-Expected Job Data
HKD, AMTD, WTF? The stock you haven't heard of that's up 30,000% in 2 weeks
Robinhood Has a New and Powerful Rival
There's a Really Gruesome Crypto Scam Going Around
Downtown Las Vegas is Getting a Delicious New Addition
No, I'm Not Selling Exxon and Chevron Here - RealMoney

日本語タイトル:['来週にはガソリン価格が2.99ドルまで下がる可能性がある', 'この銘柄は決算を控えており、健全な予後が期待できる', '掃除機メーカー「ルンバ」のアイロボット社がアマゾンに買収へ', 'イーロン・マスク氏、「こうならない限りテスラを辞めない」と発言（ありえないけど）', '不動産業界の巨人Zillowは、住宅に厳しい時代が来ると見ている', 'コインベース株はキャッシー・ウッドが売却してから急騰した。これは買いか？', 'ラスベガスのダウンタウン、フリーモント・ストリート・カジノがビッグネームを呼び込む', 'テスラの株主が8つのことに反対票を投じることをイーロン・マスクが希望', 'メガスターは、ラスベガスのストリップに戻る可能性が高い', '今日の株式市場-85：予想以上に強い雇用統計を受けて株価は軟調に推移', 'hkd, amtd, wtf? 2週間で30,000％上昇した聞いたことのない株', 'を?めている。', '本当に恐ろしい暗号詐欺が出回っています。', 'ラスベガスのダウンタウンにおいしいお店が登場']
=== エラー内容 ===
type:<class 'newspaper.article.ArticleException'>
args:("Article `download()` failed with HTTPSConnectionPool(host='www.foxbusiness.com', port=443): Max retries exceeded with url: /politics/sen-kennedy-blasts-bidens-energy-policies-new-video-economy-doesnt-run-unicorn-urine (Caused by NewConnectionError('<urllib3.connection.HTTPSConnection object at 0x10f9015b0>: Failed to establish a new connection: [Errno 8] nodename nor servname provided, or not known')) on URL https://www.foxbusiness.com/politics/sen-kennedy-blasts-bidens-energy-policies-new-video-economy-doesnt-run-unicorn-urine",)
e自身:Article `download()` failed with HTTPSConnectionPool(host='www.foxbusiness.com', port=443): Max retries exceeded with url: /politics/sen-kennedy-blasts-bidens-energy-policies-new-video-economy-doesnt-run-unicorn-urine (Caused by NewConnectionError('<urllib3.connection.HTTPSConnection object at 0x10f9015b0>: Failed to establish a new connection: [Errno 8] nodename nor servname provided, or not known')) on URL https://www.foxbusiness.com/politics/sen-kennedy-blasts-bidens-energy-policies-new-video-economy-doesnt-run-unicorn-urine
=== エラー内容 ===
type:<class 'newspaper.article.ArticleException'>
args:("Article `download()` failed with HTTPSConnectionPool(host='www.cnbc.com', port=443): Max retries exceeded with url: /2022/08/04/stock-market-news-futures-open-to-close.html (Caused by NewConnectionError('<urllib3.connection.HTTPSConnection object at 0x1102875e0>: Failed to establish a new connection: [Errno 8] nodename nor servname provided, or not known')) on URL https://www.cnbc.com/2022/08/04/stock-market-news-futures-open-to-close.html",)
e自身:Article `download()` failed with HTTPSConnectionPool(host='www.cnbc.com', port=443): Max retries exceeded with url: /2022/08/04/stock-market-news-futures-open-to-close.html (Caused by NewConnectionError('<urllib3.connection.HTTPSConnection object at 0x1102875e0>: Failed to establish a new connection: [Errno 8] nodename nor servname provided, or not known')) on URL https://www.cnbc.com/2022/08/04/stock-market-news-futures-open-to-close.html
=== エラー内容 ===
type:<class 'newspaper.article.ArticleException'>
args:("Article `download()` failed with HTTPSConnectionPool(host='www.cnbc.com', port=443): Max retries exceeded with url: /2022/08/05/stocks-making-the-biggest-moves-midday-lyft-carvana-warner-bros-discovery-draftkings.html (Caused by NewConnectionError('<urllib3.connection.HTTPSConnection object at 0x110287430>: Failed to establish a new connection: [Errno 8] nodename nor servname provided, or not known')) on URL https://www.cnbc.com/2022/08/05/stocks-making-the-biggest-moves-midday-lyft-carvana-warner-bros-discovery-draftkings.html",)
e自身:Article `download()` failed with HTTPSConnectionPool(host='www.cnbc.com', port=443): Max retries exceeded with url: /2022/08/05/stocks-making-the-biggest-moves-midday-lyft-carvana-warner-bros-discovery-draftkings.html (Caused by NewConnectionError('<urllib3.connection.HTTPSConnection object at 0x110287430>: Failed to establish a new connection: [Errno 8] nodename nor servname provided, or not known')) on URL https://www.cnbc.com/2022/08/05/stocks-making-the-biggest-moves-midday-lyft-carvana-warner-bros-discovery-draftkings.html
=== エラー内容 ===
type:<class 'urllib.error.URLError'>
args:(gaierror(8, 'nodename nor servname provided, or not known'),)
e自身:<urlopen error [Errno 8] nodename nor servname provided, or not known>
url:https://news.google.com/rss/search?q=+after:2022-8-4+inurl:thestreet.com&hl=en-US&gl=US&ceid=US:en
=== エラー内容 ===
type:<class 'urllib.error.URLError'>
args:(gaierror(8, 'nodename nor servname provided, or not known'),)
e自身:<urlopen error [Errno 8] nodename nor servname provided, or not known>
url:https://news.google.com/rss/search?q=+after:2022-8-4+inurl:foxbusiness.com&hl=en-US&gl=US&ceid=US:en
=== エラー内容 ===
type:<class 'urllib.error.URLError'>
args:(gaierror(8, 'nodename nor servname provided, or not known'),)
e自身:<urlopen error [Errno 8] nodename nor servname provided, or not known>
url:https://news.google.com/rss/search?q=+after:2022-8-4+inurl:washingtonpost.com&hl=en-US&gl=US&ceid=US:en
=== エラー内容 ===
type:<class 'urllib.error.URLError'>
args:(gaierror(8, 'nodename nor servname provided, or not known'),)
e自身:<urlopen error [Errno 8] nodename nor servname provided, or not known>
url:https://news.google.com/rss/search?q=+after:2022-8-4+inurl:businessinsider.com&hl=en-US&gl=US&ceid=US:en
=== エラー内容 ===
type:<class 'urllib.error.URLError'>
args:(gaierror(8, 'nodename nor servname provided, or not known'),)
e自身:<urlopen error [Errno 8] nodename nor servname provided, or not known>
url:https://news.google.com/rss/search?q=+after:2022-8-4+inurl:cnn.com&hl=en-US&gl=US&ceid=US:en
=== エラー内容 ===
type:<class 'urllib.error.URLError'>
args:(gaierror(8, 'nodename nor servname provided, or not known'),)
e自身:<urlopen error [Errno 8] nodename nor servname provided, or not known>
url:https://news.google.com/rss/search?q=+after:2022-8-4+inurl:huffpost.com&hl=en-US&gl=US&ceid=US:en
=== エラー内容 ===
type:<class 'urllib.error.URLError'>
args:(gaierror(8, 'nodename nor servname provided, or not known'),)
e自身:<urlopen error [Errno 8] nodename nor servname provided, or not known>
url:https://news.google.com/rss/search?q=+after:2022-8-4+inurl:bloomberg.com&hl=en-US&gl=US&ceid=US:en
=== エラー内容 ===
type:<class 'newspaper.article.ArticleException'>
args:("Article `download()` failed with HTTPSConnectionPool(host='www.foxbusiness.com', port=443): Max retries exceeded with url: /business-leaders/elon-musk-sets-record-straight-private-airport (Caused by NewConnectionError('<urllib3.connection.HTTPSConnection object at 0x10f8fc760>: Failed to establish a new connection: [Errno 8] nodename nor servname provided, or not known')) on URL https://www.foxbusiness.com/business-leaders/elon-musk-sets-record-straight-private-airport",)
e自身:Article `download()` failed with HTTPSConnectionPool(host='www.foxbusiness.com', port=443): Max retries exceeded with url: /business-leaders/elon-musk-sets-record-straight-private-airport (Caused by NewConnectionError('<urllib3.connection.HTTPSConnection object at 0x10f8fc760>: Failed to establish a new connection: [Errno 8] nodename nor servname provided, or not known')) on URL https://www.foxbusiness.com/business-leaders/elon-musk-sets-record-straight-private-airport
=== エラー内容 ===
type:<class 'urllib.error.URLError'>
args:(gaierror(8, 'nodename nor servname provided, or not known'),)
e自身:<urlopen error [Errno 8] nodename nor servname provided, or not known>
url:https://news.google.com/rss/search?q=+after:2022-8-4+inurl:fool.com&hl=en-US&gl=US&ceid=US:en
=== エラー内容 ===
type:<class 'newspaper.article.ArticleException'>
args:("Article `download()` failed with HTTPSConnectionPool(host='www.reuters.com', port=443): Max retries exceeded with url: /markets/europe/russia-bans-western-investors-selling-stakes-banks-key-assets-including-sakhakin-2022-08-05/ (Caused by NewConnectionError('<urllib3.connection.HTTPSConnection object at 0x10aaf9520>: Failed to establish a new connection: [Errno 8] nodename nor servname provided, or not known')) on URL https://www.reuters.com/markets/europe/russia-bans-western-investors-selling-stakes-banks-key-assets-including-sakhakin-2022-08-05/",)
e自身:Article `download()` failed with HTTPSConnectionPool(host='www.reuters.com', port=443): Max retries exceeded with url: /markets/europe/russia-bans-western-investors-selling-stakes-banks-key-assets-including-sakhakin-2022-08-05/ (Caused by NewConnectionError('<urllib3.connection.HTTPSConnection object at 0x10aaf9520>: Failed to establish a new connection: [Errno 8] nodename nor servname provided, or not known')) on URL https://www.reuters.com/markets/europe/russia-bans-western-investors-selling-stakes-banks-key-assets-including-sakhakin-2022-08-05/
=== エラー内容 ===
type:<class 'newspaper.article.ArticleException'>
args:("Article `download()` failed with HTTPSConnectionPool(host='www.washingtonpost.com', port=443): Max retries exceeded with url: /politics/2022/08/05/newhouse-who-voted-impeach-trump-will-advance-general-election-washington-district-ap-projects/ (Caused by NewConnectionError('<urllib3.connection.HTTPSConnection object at 0x10a69f070>: Failed to establish a new connection: [Errno 8] nodename nor servname provided, or not known')) on URL https://www.washingtonpost.com/politics/2022/08/05/newhouse-who-voted-impeach-trump-will-advance-general-election-washington-district-ap-projects/",)
e自身:Article `download()` failed with HTTPSConnectionPool(host='www.washingtonpost.com', port=443): Max retries exceeded with url: /politics/2022/08/05/newhouse-who-voted-impeach-trump-will-advance-general-election-washington-district-ap-projects/ (Caused by NewConnectionError('<urllib3.connection.HTTPSConnection object at 0x10a69f070>: Failed to establish a new connection: [Errno 8] nodename nor servname provided, or not known')) on URL https://www.washingtonpost.com/politics/2022/08/05/newhouse-who-voted-impeach-trump-will-advance-general-election-washington-district-ap-projects/
=== エラー内容 ===
type:<class 'newspaper.article.ArticleException'>
args:("Article `download()` failed with HTTPSConnectionPool(host='www.washingtonpost.com', port=443): Max retries exceeded with url: /business/2022/08/05/jobs-report-july-2022/ (Caused by NewConnectionError('<urllib3.connection.HTTPSConnection object at 0x10a6b1040>: Failed to establish a new connection: [Errno 8] nodename nor servname provided, or not known')) on URL https://www.washingtonpost.com/business/2022/08/05/jobs-report-july-2022/",)
e自身:Article `download()` failed with HTTPSConnectionPool(host='www.washingtonpost.com', port=443): Max retries exceeded with url: /business/2022/08/05/jobs-report-july-2022/ (Caused by NewConnectionError('<urllib3.connection.HTTPSConnection object at 0x10a6b1040>: Failed to establish a new connection: [Errno 8] nodename nor servname provided, or not known')) on URL https://www.washingtonpost.com/business/2022/08/05/jobs-report-july-2022/
=== エラー内容 ===
type:<class 'newspaper.article.ArticleException'>
args:("Article `download()` failed with HTTPSConnectionPool(host='www.washingtonpost.com', port=443): Max retries exceeded with url: /music/2022/08/05/mofi-records-analog-digital-scandal/ (Caused by NewConnectionError('<urllib3.connection.HTTPSConnection object at 0x10a6b1100>: Failed to establish a new connection: [Errno 8] nodename nor servname provided, or not known')) on URL https://www.washingtonpost.com/music/2022/08/05/mofi-records-analog-digital-scandal/",)
e自身:Article `download()` failed with HTTPSConnectionPool(host='www.washingtonpost.com', port=443): Max retries exceeded with url: /music/2022/08/05/mofi-records-analog-digital-scandal/ (Caused by NewConnectionError('<urllib3.connection.HTTPSConnection object at 0x10a6b1100>: Failed to establish a new connection: [Errno 8] nodename nor servname provided, or not known')) on URL https://www.washingtonpost.com/music/2022/08/05/mofi-records-analog-digital-scandal/
=== エラー内容 ===
type:<class 'newspaper.article.ArticleException'>
args:("Article `download()` failed with HTTPSConnectionPool(host='www.washingtonpost.com', port=443): Max retries exceeded with url: /climate-environment/2022/08/05/lightning-thunder-thunderstorm-facts-safety/ (Caused by NewConnectionError('<urllib3.connection.HTTPSConnection object at 0x10a60fa30>: Failed to establish a new connection: [Errno 8] nodename nor servname provided, or not known')) on URL https://www.washingtonpost.com/climate-environment/2022/08/05/lightning-thunder-thunderstorm-facts-safety/",)
e自身:Article `download()` failed with HTTPSConnectionPool(host='www.washingtonpost.com', port=443): Max retries exceeded with url: /climate-environment/2022/08/05/lightning-thunder-thunderstorm-facts-safety/ (Caused by NewConnectionError('<urllib3.connection.HTTPSConnection object at 0x10a60fa30>: Failed to establish a new connection: [Errno 8] nodename nor servname provided, or not known')) on URL https://www.washingtonpost.com/climate-environment/2022/08/05/lightning-thunder-thunderstorm-facts-safety/
=== エラー内容 ===
type:<class 'newspaper.article.ArticleException'>
args:("Article `download()` failed with HTTPSConnectionPool(host='www.washingtonpost.com', port=443): Max retries exceeded with url: /nation/2022/08/05/greece-air-conditioning-russian-energy-ukraine/ (Caused by NewConnectionError('<urllib3.connection.HTTPSConnection object at 0x10a60f910>: Failed to establish a new connection: [Errno 8] nodename nor servname provided, or not known')) on URL https://www.washingtonpost.com/nation/2022/08/05/greece-air-conditioning-russian-energy-ukraine/",)
e自身:Article `download()` failed with HTTPSConnectionPool(host='www.washingtonpost.com', port=443): Max retries exceeded with url: /nation/2022/08/05/greece-air-conditioning-russian-energy-ukraine/ (Caused by NewConnectionError('<urllib3.connection.HTTPSConnection object at 0x10a60f910>: Failed to establish a new connection: [Errno 8] nodename nor servname provided, or not known')) on URL https://www.washingtonpost.com/nation/2022/08/05/greece-air-conditioning-russian-energy-ukraine/
=== エラー内容 ===
type:<class 'newspaper.article.ArticleException'>
args:("Article `download()` failed with HTTPSConnectionPool(host='www.washingtonpost.com', port=443): Max retries exceeded with url: /dc-md-va/2022/08/05/dc-migrants-texas-national-guard-bowser-denied/ (Caused by NewConnectionError('<urllib3.connection.HTTPSConnection object at 0x10a60f9d0>: Failed to establish a new connection: [Errno 8] nodename nor servname provided, or not known')) on URL https://www.washingtonpost.com/dc-md-va/2022/08/05/dc-migrants-texas-national-guard-bowser-denied/",)
e自身:Article `download()` failed with HTTPSConnectionPool(host='www.washingtonpost.com', port=443): Max retries exceeded with url: /dc-md-va/2022/08/05/dc-migrants-texas-national-guard-bowser-denied/ (Caused by NewConnectionError('<urllib3.connection.HTTPSConnection object at 0x10a60f9d0>: Failed to establish a new connection: [Errno 8] nodename nor servname provided, or not known')) on URL https://www.washingtonpost.com/dc-md-va/2022/08/05/dc-migrants-texas-national-guard-bowser-denied/
=== エラー内容 ===
type:<class 'newspaper.article.ArticleException'>
args:("Article `download()` failed with HTTPSConnectionPool(host='www.washingtonpost.com', port=443): Max retries exceeded with url: /world/police-kill-13-in-north-central-mexico-after-agent-slain/2022/08/05/5fd7c464-1505-11ed-8482-06c1c84ce8f2_story.html (Caused by NewConnectionError('<urllib3.connection.HTTPSConnection object at 0x10a60f910>: Failed to establish a new connection: [Errno 8] nodename nor servname provided, or not known')) on URL https://www.washingtonpost.com/world/police-kill-13-in-north-central-mexico-after-agent-slain/2022/08/05/5fd7c464-1505-11ed-8482-06c1c84ce8f2_story.html",)
e自身:Article `download()` failed with HTTPSConnectionPool(host='www.washingtonpost.com', port=443): Max retries exceeded with url: /world/police-kill-13-in-north-central-mexico-after-agent-slain/2022/08/05/5fd7c464-1505-11ed-8482-06c1c84ce8f2_story.html (Caused by NewConnectionError('<urllib3.connection.HTTPSConnection object at 0x10a60f910>: Failed to establish a new connection: [Errno 8] nodename nor servname provided, or not known')) on URL https://www.washingtonpost.com/world/police-kill-13-in-north-central-mexico-after-agent-slain/2022/08/05/5fd7c464-1505-11ed-8482-06c1c84ce8f2_story.html
=== エラー内容 ===
type:<class 'newspaper.article.ArticleException'>
args:("Article `download()` failed with HTTPSConnectionPool(host='www.washingtonpost.com', port=443): Max retries exceeded with url: /health/2022/08/05/monkeypox-illinois-daycare-center/ (Caused by NewConnectionError('<urllib3.connection.HTTPSConnection object at 0x10a60fe20>: Failed to establish a new connection: [Errno 8] nodename nor servname provided, or not known')) on URL https://www.washingtonpost.com/health/2022/08/05/monkeypox-illinois-daycare-center/",)
e自身:Article `download()` failed with HTTPSConnectionPool(host='www.washingtonpost.com', port=443): Max retries exceeded with url: /health/2022/08/05/monkeypox-illinois-daycare-center/ (Caused by NewConnectionError('<urllib3.connection.HTTPSConnection object at 0x10a60fe20>: Failed to establish a new connection: [Errno 8] nodename nor servname provided, or not known')) on URL https://www.washingtonpost.com/health/2022/08/05/monkeypox-illinois-daycare-center/
=== エラー内容 ===
type:<class 'newspaper.article.ArticleException'>
args:("Article `download()` failed with HTTPSConnectionPool(host='www.washingtonpost.com', port=443): Max retries exceeded with url: /religion/2022/08/05/catholics-kansas-abortion-vote/ (Caused by NewConnectionError('<urllib3.connection.HTTPSConnection object at 0x10a60fe50>: Failed to establish a new connection: [Errno 8] nodename nor servname provided, or not known')) on URL https://www.washingtonpost.com/religion/2022/08/05/catholics-kansas-abortion-vote/",)
e自身:Article `download()` failed with HTTPSConnectionPool(host='www.washingtonpost.com', port=443): Max retries exceeded with url: /religion/2022/08/05/catholics-kansas-abortion-vote/ (Caused by NewConnectionError('<urllib3.connection.HTTPSConnection object at 0x10a60fe50>: Failed to establish a new connection: [Errno 8] nodename nor servname provided, or not known')) on URL https://www.washingtonpost.com/religion/2022/08/05/catholics-kansas-abortion-vote/
=== エラー内容 ===
type:<class 'newspaper.article.ArticleException'>
args:("Article `download()` failed with HTTPSConnectionPool(host='www.washingtonpost.com', port=443): Max retries exceeded with url: /opinions/2022/08/05/josh-hawley-nato-finland-sweden-vote-disgrace/ (Caused by NewConnectionError('<urllib3.connection.HTTPSConnection object at 0x10a60fdc0>: Failed to establish a new connection: [Errno 8] nodename nor servname provided, or not known')) on URL https://www.washingtonpost.com/opinions/2022/08/05/josh-hawley-nato-finland-sweden-vote-disgrace/",)
e自身:Article `download()` failed with HTTPSConnectionPool(host='www.washingtonpost.com', port=443): Max retries exceeded with url: /opinions/2022/08/05/josh-hawley-nato-finland-sweden-vote-disgrace/ (Caused by NewConnectionError('<urllib3.connection.HTTPSConnection object at 0x10a60fdc0>: Failed to establish a new connection: [Errno 8] nodename nor servname provided, or not known')) on URL https://www.washingtonpost.com/opinions/2022/08/05/josh-hawley-nato-finland-sweden-vote-disgrace/
=== エラー内容 ===
type:<class 'newspaper.article.ArticleException'>
args:("Article `download()` failed with HTTPSConnectionPool(host='www.washingtonpost.com', port=443): Max retries exceeded with url: /politics/2022/08/05/newhouse-who-voted-impeach-trump-will-advance-general-election-washington-district-ap-projects/ (Caused by NewConnectionError('<urllib3.connection.HTTPSConnection object at 0x10a60fee0>: Failed to establish a new connection: [Errno 8] nodename nor servname provided, or not known')) on URL https://www.washingtonpost.com/politics/2022/08/05/newhouse-who-voted-impeach-trump-will-advance-general-election-washington-district-ap-projects/",)
e自身:Article `download()` failed with HTTPSConnectionPool(host='www.washingtonpost.com', port=443): Max retries exceeded with url: /politics/2022/08/05/newhouse-who-voted-impeach-trump-will-advance-general-election-washington-district-ap-projects/ (Caused by NewConnectionError('<urllib3.connection.HTTPSConnection object at 0x10a60fee0>: Failed to establish a new connection: [Errno 8] nodename nor servname provided, or not known')) on URL https://www.washingtonpost.com/politics/2022/08/05/newhouse-who-voted-impeach-trump-will-advance-general-election-washington-district-ap-projects/
=== エラー内容 ===
type:<class 'newspaper.article.ArticleException'>
args:("Article `download()` failed with HTTPSConnectionPool(host='www.washingtonpost.com', port=443): Max retries exceeded with url: /dc-md-va/2022/08/05/two-dead-white-house-lightning/ (Caused by NewConnectionError('<urllib3.connection.HTTPSConnection object at 0x10a60ff10>: Failed to establish a new connection: [Errno 8] nodename nor servname provided, or not known')) on URL https://www.washingtonpost.com/dc-md-va/2022/08/05/two-dead-white-house-lightning/",)
e自身:Article `download()` failed with HTTPSConnectionPool(host='www.washingtonpost.com', port=443): Max retries exceeded with url: /dc-md-va/2022/08/05/two-dead-white-house-lightning/ (Caused by NewConnectionError('<urllib3.connection.HTTPSConnection object at 0x10a60ff10>: Failed to establish a new connection: [Errno 8] nodename nor servname provided, or not known')) on URL https://www.washingtonpost.com/dc-md-va/2022/08/05/two-dead-white-house-lightning/
=== エラー内容 ===
type:<class 'newspaper.article.ArticleException'>
args:("Article `download()` failed with HTTPSConnectionPool(host='www.washingtonpost.com', port=443): Max retries exceeded with url: /music/2022/08/05/mofi-records-analog-digital-scandal/ (Caused by NewConnectionError('<urllib3.connection.HTTPSConnection object at 0x10a60fe20>: Failed to establish a new connection: [Errno 8] nodename nor servname provided, or not known')) on URL https://www.washingtonpost.com/music/2022/08/05/mofi-records-analog-digital-scandal/",)
e自身:Article `download()` failed with HTTPSConnectionPool(host='www.washingtonpost.com', port=443): Max retries exceeded with url: /music/2022/08/05/mofi-records-analog-digital-scandal/ (Caused by NewConnectionError('<urllib3.connection.HTTPSConnection object at 0x10a60fe20>: Failed to establish a new connection: [Errno 8] nodename nor servname provided, or not known')) on URL https://www.washingtonpost.com/music/2022/08/05/mofi-records-analog-digital-scandal/
=== エラー内容 ===
type:<class 'newspaper.article.ArticleException'>
args:("Article `download()` failed with HTTPSConnectionPool(host='www.reuters.com', port=443): Max retries exceeded with url: /markets/europe/russia-bans-western-investors-selling-stakes-banks-key-assets-including-sakhakin-2022-08-05/ (Caused by NewConnectionError('<urllib3.connection.HTTPSConnection object at 0x11081f550>: Failed to establish a new connection: [Errno 8] nodename nor servname provided, or not known')) on URL https://www.reuters.com/markets/europe/russia-bans-western-investors-selling-stakes-banks-key-assets-including-sakhakin-2022-08-05/",)
e自身:Article `download()` failed with HTTPSConnectionPool(host='www.reuters.com', port=443): Max retries exceeded with url: /markets/europe/russia-bans-western-investors-selling-stakes-banks-key-assets-including-sakhakin-2022-08-05/ (Caused by NewConnectionError('<urllib3.connection.HTTPSConnection object at 0x11081f550>: Failed to establish a new connection: [Errno 8] nodename nor servname provided, or not known')) on URL https://www.reuters.com/markets/europe/russia-bans-western-investors-selling-stakes-banks-key-assets-including-sakhakin-2022-08-05/
=== エラー内容 ===
type:<class 'newspaper.article.ArticleException'>
args:("Article `download()` failed with HTTPSConnectionPool(host='www.reuters.com', port=443): Max retries exceeded with url: /markets/us/view-us-july-payrolls-rise-more-than-expected-2022-08-05/ (Caused by NewConnectionError('<urllib3.connection.HTTPSConnection object at 0x11081f730>: Failed to establish a new connection: [Errno 8] nodename nor servname provided, or not known')) on URL https://www.reuters.com/markets/us/view-us-july-payrolls-rise-more-than-expected-2022-08-05/",)
e自身:Article `download()` failed with HTTPSConnectionPool(host='www.reuters.com', port=443): Max retries exceeded with url: /markets/us/view-us-july-payrolls-rise-more-than-expected-2022-08-05/ (Caused by NewConnectionError('<urllib3.connection.HTTPSConnection object at 0x11081f730>: Failed to establish a new connection: [Errno 8] nodename nor servname provided, or not known')) on URL https://www.reuters.com/markets/us/view-us-july-payrolls-rise-more-than-expected-2022-08-05/
=== エラー内容 ===
type:<class 'newspaper.article.ArticleException'>
args:("Article `download()` failed with HTTPSConnectionPool(host='www.reuters.com', port=443): Max retries exceeded with url: /world/us/chinas-suspension-bilateral-climate-talks-with-us-punishes-world-kerry-2022-08-05/ (Caused by NewConnectionError('<urllib3.connection.HTTPSConnection object at 0x11081f580>: Failed to establish a new connection: [Errno 8] nodename nor servname provided, or not known')) on URL https://www.reuters.com/world/us/chinas-suspension-bilateral-climate-talks-with-us-punishes-world-kerry-2022-08-05/",)
e自身:Article `download()` failed with HTTPSConnectionPool(host='www.reuters.com', port=443): Max retries exceeded with url: /world/us/chinas-suspension-bilateral-climate-talks-with-us-punishes-world-kerry-2022-08-05/ (Caused by NewConnectionError('<urllib3.connection.HTTPSConnection object at 0x11081f580>: Failed to establish a new connection: [Errno 8] nodename nor servname provided, or not known')) on URL https://www.reuters.com/world/us/chinas-suspension-bilateral-climate-talks-with-us-punishes-world-kerry-2022-08-05/
=== エラー内容 ===
type:<class 'newspaper.article.ArticleException'>
args:("Article `download()` failed with HTTPSConnectionPool(host='www.reuters.com', port=443): Max retries exceeded with url: /markets/europe/moodys-cuts-italys-outlook-negative-stable-2022-08-05/ (Caused by NewConnectionError('<urllib3.connection.HTTPSConnection object at 0x11081f4c0>: Failed to establish a new connection: [Errno 8] nodename nor servname provided, or not known')) on URL https://www.reuters.com/markets/europe/moodys-cuts-italys-outlook-negative-stable-2022-08-05/",)
e自身:Article `download()` failed with HTTPSConnectionPool(host='www.reuters.com', port=443): Max retries exceeded with url: /markets/europe/moodys-cuts-italys-outlook-negative-stable-2022-08-05/ (Caused by NewConnectionError('<urllib3.connection.HTTPSConnection object at 0x11081f4c0>: Failed to establish a new connection: [Errno 8] nodename nor servname provided, or not known')) on URL https://www.reuters.com/markets/europe/moodys-cuts-italys-outlook-negative-stable-2022-08-05/
=== エラー内容 ===
type:<class 'newspaper.article.ArticleException'>
args:("Article `download()` failed with HTTPSConnectionPool(host='www.reuters.com', port=443): Max retries exceeded with url: /world/us/big-us-chicken-company-mountaire-asks-contractors-oppose-transparency-rule-2022-08-05/ (Caused by NewConnectionError('<urllib3.connection.HTTPSConnection object at 0x11081f610>: Failed to establish a new connection: [Errno 8] nodename nor servname provided, or not known')) on URL https://www.reuters.com/world/us/big-us-chicken-company-mountaire-asks-contractors-oppose-transparency-rule-2022-08-05/",)
e自身:Article `download()` failed with HTTPSConnectionPool(host='www.reuters.com', port=443): Max retries exceeded with url: /world/us/big-us-chicken-company-mountaire-asks-contractors-oppose-transparency-rule-2022-08-05/ (Caused by NewConnectionError('<urllib3.connection.HTTPSConnection object at 0x11081f610>: Failed to establish a new connection: [Errno 8] nodename nor servname provided, or not known')) on URL https://www.reuters.com/world/us/big-us-chicken-company-mountaire-asks-contractors-oppose-transparency-rule-2022-08-05/
=== エラー内容 ===
type:<class 'newspaper.article.ArticleException'>
args:("Article `download()` failed with HTTPSConnectionPool(host='www.reuters.com', port=443): Max retries exceeded with url: /markets/europe/russia-bans-western-investors-selling-stakes-banks-key-assets-including-sakhakin-2022-08-05/ (Caused by NewConnectionError('<urllib3.connection.HTTPSConnection object at 0x1099d46a0>: Failed to establish a new connection: [Errno 8] nodename nor servname provided, or not known')) on URL https://www.reuters.com/markets/europe/russia-bans-western-investors-selling-stakes-banks-key-assets-including-sakhakin-2022-08-05/",)
e自身:Article `download()` failed with HTTPSConnectionPool(host='www.reuters.com', port=443): Max retries exceeded with url: /markets/europe/russia-bans-western-investors-selling-stakes-banks-key-assets-including-sakhakin-2022-08-05/ (Caused by NewConnectionError('<urllib3.connection.HTTPSConnection object at 0x1099d46a0>: Failed to establish a new connection: [Errno 8] nodename nor servname provided, or not known')) on URL https://www.reuters.com/markets/europe/russia-bans-western-investors-selling-stakes-banks-key-assets-including-sakhakin-2022-08-05/
=== エラー内容 ===
type:<class 'newspaper.article.ArticleException'>
args:("Article `download()` failed with HTTPSConnectionPool(host='www.reuters.com', port=443): Max retries exceeded with url: /business/energy/brazils-lula-advised-buy-back-petrobras-refineries-source-2022-08-05/ (Caused by NewConnectionError('<urllib3.connection.HTTPSConnection object at 0x11081f850>: Failed to establish a new connection: [Errno 8] nodename nor servname provided, or not known')) on URL https://www.reuters.com/business/energy/brazils-lula-advised-buy-back-petrobras-refineries-source-2022-08-05/",)
e自身:Article `download()` failed with HTTPSConnectionPool(host='www.reuters.com', port=443): Max retries exceeded with url: /business/energy/brazils-lula-advised-buy-back-petrobras-refineries-source-2022-08-05/ (Caused by NewConnectionError('<urllib3.connection.HTTPSConnection object at 0x11081f850>: Failed to establish a new connection: [Errno 8] nodename nor servname provided, or not known')) on URL https://www.reuters.com/business/energy/brazils-lula-advised-buy-back-petrobras-refineries-source-2022-08-05/
=== エラー内容 ===
type:<class 'newspaper.article.ArticleException'>
args:("Article `download()` failed with HTTPSConnectionPool(host='www.reuters.com', port=443): Max retries exceeded with url: /legal/litigation/veterans-seek-block-3ms-bankruptcy-gambit-2022-08-05/ (Caused by NewConnectionError('<urllib3.connection.HTTPSConnection object at 0x11081f6d0>: Failed to establish a new connection: [Errno 8] nodename nor servname provided, or not known')) on URL https://www.reuters.com/legal/litigation/veterans-seek-block-3ms-bankruptcy-gambit-2022-08-05/",)
e自身:Article `download()` failed with HTTPSConnectionPool(host='www.reuters.com', port=443): Max retries exceeded with url: /legal/litigation/veterans-seek-block-3ms-bankruptcy-gambit-2022-08-05/ (Caused by NewConnectionError('<urllib3.connection.HTTPSConnection object at 0x11081f6d0>: Failed to establish a new connection: [Errno 8] nodename nor servname provided, or not known')) on URL https://www.reuters.com/legal/litigation/veterans-seek-block-3ms-bankruptcy-gambit-2022-08-05/
=== エラー内容 ===
type:<class 'urllib.error.URLError'>
args:(gaierror(8, 'nodename nor servname provided, or not known'),)
e自身:<urlopen error [Errno 8] nodename nor servname provided, or not known>
url:https://news.google.com/rss/search?q=+after:2022-8-4+inurl:cnbc.com&hl=en-US&gl=US&ceid=US:en
=== エラー内容 ===
type:<class 'newspaper.article.ArticleException'>
args:("Article `download()` failed with HTTPSConnectionPool(host='www.reuters.com', port=443): Max retries exceeded with url: /breakingviews/amazon-ignores-ftcs-khan-by-vacuuming-up-firms-2022-08-05/ (Caused by NewConnectionError('<urllib3.connection.HTTPSConnection object at 0x11081f700>: Failed to establish a new connection: [Errno 8] nodename nor servname provided, or not known')) on URL https://www.reuters.com/breakingviews/amazon-ignores-ftcs-khan-by-vacuuming-up-firms-2022-08-05/",)
e自身:Article `download()` failed with HTTPSConnectionPool(host='www.reuters.com', port=443): Max retries exceeded with url: /breakingviews/amazon-ignores-ftcs-khan-by-vacuuming-up-firms-2022-08-05/ (Caused by NewConnectionError('<urllib3.connection.HTTPSConnection object at 0x11081f700>: Failed to establish a new connection: [Errno 8] nodename nor servname provided, or not known')) on URL https://www.reuters.com/breakingviews/amazon-ignores-ftcs-khan-by-vacuuming-up-firms-2022-08-05/
=== エラー内容 ===
type:<class 'urllib.error.URLError'>
args:(gaierror(8, 'nodename nor servname provided, or not known'),)
e自身:<urlopen error [Errno 8] nodename nor servname provided, or not known>
url:https://news.google.com/rss/search?q=+after:2022-8-4+inurl:thestreet.com&hl=en-US&gl=US&ceid=US:en
=== エラー内容 ===
type:<class 'urllib.error.URLError'>
args:(gaierror(8, 'nodename nor servname provided, or not known'),)
e自身:<urlopen error [Errno 8] nodename nor servname provided, or not known>
url:https://news.google.com/rss/search?q=+after:2022-8-4+inurl:foxbusiness.com&hl=en-US&gl=US&ceid=US:en
=== エラー内容 ===
type:<class 'urllib.error.URLError'>
args:(gaierror(8, 'nodename nor servname provided, or not known'),)
e自身:<urlopen error [Errno 8] nodename nor servname provided, or not known>
url:https://news.google.com/rss/search?q=+after:2022-8-4+inurl:washingtonpost.com&hl=en-US&gl=US&ceid=US:en
=== エラー内容 ===
type:<class 'urllib.error.URLError'>
args:(gaierror(8, 'nodename nor servname provided, or not known'),)
e自身:<urlopen error [Errno 8] nodename nor servname provided, or not known>
url:https://news.google.com/rss/search?q=+after:2022-8-4+inurl:cnn.com&hl=en-US&gl=US&ceid=US:en
=== エラー内容 ===
type:<class 'urllib.error.URLError'>
args:(gaierror(8, 'nodename nor servname provided, or not known'),)
e自身:<urlopen error [Errno 8] nodename nor servname provided, or not known>
url:https://news.google.com/rss/search?q=+after:2022-8-4+inurl:huffpost.com&hl=en-US&gl=US&ceid=US:en
=== エラー内容 ===
type:<class 'urllib.error.URLError'>
args:(gaierror(8, 'nodename nor servname provided, or not known'),)
e自身:<urlopen error [Errno 8] nodename nor servname provided, or not known>
url:https://news.google.com/rss/search?q=+after:2022-8-4+inurl:bloomberg.com&hl=en-US&gl=US&ceid=US:en
=== エラー内容 ===
type:<class 'urllib.error.URLError'>
args:(gaierror(8, 'nodename nor servname provided, or not known'),)
e自身:<urlopen error [Errno 8] nodename nor servname provided, or not known>
url:https://news.google.com/rss/search?q=+after:2022-8-4+inurl:fool.com&hl=en-US&gl=US&ceid=US:en
=== エラー内容 ===
type:<class 'newspaper.article.ArticleException'>
args:("Article `download()` failed with HTTPSConnectionPool(host='www.reuters.com', port=443): Max retries exceeded with url: /markets/europe/russia-bans-western-investors-selling-stakes-banks-key-assets-including-sakhakin-2022-08-05/ (Caused by SSLError(OSError(23, 'Too many open files in system'))) on URL https://www.reuters.com/markets/europe/russia-bans-western-investors-selling-stakes-banks-key-assets-including-sakhakin-2022-08-05/",)
e自身:Article `download()` failed with HTTPSConnectionPool(host='www.reuters.com', port=443): Max retries exceeded with url: /markets/europe/russia-bans-western-investors-selling-stakes-banks-key-assets-including-sakhakin-2022-08-05/ (Caused by SSLError(OSError(23, 'Too many open files in system'))) on URL https://www.reuters.com/markets/europe/russia-bans-western-investors-selling-stakes-banks-key-assets-including-sakhakin-2022-08-05/
=== エラー内容 ===
type:<class 'newspaper.article.ArticleException'>
args:("Article `download()` failed with HTTPSConnectionPool(host='www.cnbc.com', port=443): Max retries exceeded with url: /2022/08/05/uber-and-lyft-stocks-had-their-best-week-ever.html (Caused by NewConnectionError('<urllib3.connection.HTTPSConnection object at 0x1047c7a30>: Failed to establish a new connection: [Errno 8] nodename nor servname provided, or not known')) on URL https://www.cnbc.com/2022/08/05/uber-and-lyft-stocks-had-their-best-week-ever.html",)
e自身:Article `download()` failed with HTTPSConnectionPool(host='www.cnbc.com', port=443): Max retries exceeded with url: /2022/08/05/uber-and-lyft-stocks-had-their-best-week-ever.html (Caused by NewConnectionError('<urllib3.connection.HTTPSConnection object at 0x1047c7a30>: Failed to establish a new connection: [Errno 8] nodename nor servname provided, or not known')) on URL https://www.cnbc.com/2022/08/05/uber-and-lyft-stocks-had-their-best-week-ever.html
=== エラー内容 ===
type:<class 'newspaper.article.ArticleException'>
args:("Article `download()` failed with HTTPSConnectionPool(host='www.cnbc.com', port=443): Max retries exceeded with url: /2022/08/05/stocks-making-the-biggest-moves-midday-lyft-carvana-warner-bros-discovery-draftkings.html (Caused by NewConnectionError('<urllib3.connection.HTTPSConnection object at 0x1047c7b80>: Failed to establish a new connection: [Errno 8] nodename nor servname provided, or not known')) on URL https://www.cnbc.com/2022/08/05/stocks-making-the-biggest-moves-midday-lyft-carvana-warner-bros-discovery-draftkings.html",)
e自身:Article `download()` failed with HTTPSConnectionPool(host='www.cnbc.com', port=443): Max retries exceeded with url: /2022/08/05/stocks-making-the-biggest-moves-midday-lyft-carvana-warner-bros-discovery-draftkings.html (Caused by NewConnectionError('<urllib3.connection.HTTPSConnection object at 0x1047c7b80>: Failed to establish a new connection: [Errno 8] nodename nor servname provided, or not known')) on URL https://www.cnbc.com/2022/08/05/stocks-making-the-biggest-moves-midday-lyft-carvana-warner-bros-discovery-draftkings.html
=== エラー内容 ===
type:<class 'newspaper.article.ArticleException'>
args:("Article `download()` failed with HTTPSConnectionPool(host='www.cnbc.com', port=443): Max retries exceeded with url: /2022/08/05/morgan-stanley-on-market-bottom-and-tech-stocks-nasdaq.html (Caused by NewConnectionError('<urllib3.connection.HTTPSConnection object at 0x1047c7850>: Failed to establish a new connection: [Errno 8] nodename nor servname provided, or not known')) on URL https://www.cnbc.com/2022/08/05/morgan-stanley-on-market-bottom-and-tech-stocks-nasdaq.html",)
e自身:Article `download()` failed with HTTPSConnectionPool(host='www.cnbc.com', port=443): Max retries exceeded with url: /2022/08/05/morgan-stanley-on-market-bottom-and-tech-stocks-nasdaq.html (Caused by NewConnectionError('<urllib3.connection.HTTPSConnection object at 0x1047c7850>: Failed to establish a new connection: [Errno 8] nodename nor servname provided, or not known')) on URL https://www.cnbc.com/2022/08/05/morgan-stanley-on-market-bottom-and-tech-stocks-nasdaq.html
=== エラー内容 ===
type:<class 'urllib.error.URLError'>
args:(gaierror(8, 'nodename nor servname provided, or not known'),)
e自身:<urlopen error [Errno 8] nodename nor servname provided, or not known>
url:https://news.google.com/rss/search?q=+after:2022-8-4+inurl:thestreet.com&hl=en-US&gl=US&ceid=US:en
=== エラー内容 ===
type:<class 'urllib.error.URLError'>
args:(gaierror(8, 'nodename nor servname provided, or not known'),)
e自身:<urlopen error [Errno 8] nodename nor servname provided, or not known>
url:https://news.google.com/rss/search?q=+after:2022-8-4+inurl:foxbusiness.com&hl=en-US&gl=US&ceid=US:en
=== エラー内容 ===
type:<class 'urllib.error.URLError'>
args:(gaierror(8, 'nodename nor servname provided, or not known'),)
e自身:<urlopen error [Errno 8] nodename nor servname provided, or not known>
url:https://news.google.com/rss/search?q=+after:2022-8-4+inurl:cnbc.com&hl=en-US&gl=US&ceid=US:en
=== エラー内容 ===
type:<class 'newspaper.article.ArticleException'>
args:("Article `download()` failed with HTTPSConnectionPool(host='www.foxbusiness.com', port=443): Max retries exceeded with url: /live-news/stock-market-news-today-8-5-2022 (Caused by NewConnectionError('<urllib3.connection.HTTPSConnection object at 0x10ba2f130>: Failed to establish a new connection: [Errno 8] nodename nor servname provided, or not known')) on URL https://www.foxbusiness.com/live-news/stock-market-news-today-8-5-2022",)
e自身:Article `download()` failed with HTTPSConnectionPool(host='www.foxbusiness.com', port=443): Max retries exceeded with url: /live-news/stock-market-news-today-8-5-2022 (Caused by NewConnectionError('<urllib3.connection.HTTPSConnection object at 0x10ba2f130>: Failed to establish a new connection: [Errno 8] nodename nor servname provided, or not known')) on URL https://www.foxbusiness.com/live-news/stock-market-news-today-8-5-2022
=== エラー内容 ===
type:<class 'newspaper.article.ArticleException'>
args:("Article `download()` failed with HTTPSConnectionPool(host='www.foxbusiness.com', port=443): Max retries exceeded with url: /markets/musks-countersuit-against-twitter-says-he-wall-street-were-misled-report (Caused by NewConnectionError('<urllib3.connection.HTTPSConnection object at 0x10ba301c0>: Failed to establish a new connection: [Errno 8] nodename nor servname provided, or not known')) on URL https://www.foxbusiness.com/markets/musks-countersuit-against-twitter-says-he-wall-street-were-misled-report",)
e自身:Article `download()` failed with HTTPSConnectionPool(host='www.foxbusiness.com', port=443): Max retries exceeded with url: /markets/musks-countersuit-against-twitter-says-he-wall-street-were-misled-report (Caused by NewConnectionError('<urllib3.connection.HTTPSConnection object at 0x10ba301c0>: Failed to establish a new connection: [Errno 8] nodename nor servname provided, or not known')) on URL https://www.foxbusiness.com/markets/musks-countersuit-against-twitter-says-he-wall-street-were-misled-report
=== エラー内容 ===
type:<class 'newspaper.article.ArticleException'>
args:("Article `download()` failed with HTTPSConnectionPool(host='www.washingtonpost.com', port=443): Max retries exceeded with url: /world/2022/08/05/russia-turkey-war-sanctions-trade/ (Caused by NewConnectionError('<urllib3.connection.HTTPSConnection object at 0x1069aadc0>: Failed to establish a new connection: [Errno 8] nodename nor servname provided, or not known')) on URL https://www.washingtonpost.com/world/2022/08/05/russia-turkey-war-sanctions-trade/",)
e自身:Article `download()` failed with HTTPSConnectionPool(host='www.washingtonpost.com', port=443): Max retries exceeded with url: /world/2022/08/05/russia-turkey-war-sanctions-trade/ (Caused by NewConnectionError('<urllib3.connection.HTTPSConnection object at 0x1069aadc0>: Failed to establish a new connection: [Errno 8] nodename nor servname provided, or not known')) on URL https://www.washingtonpost.com/world/2022/08/05/russia-turkey-war-sanctions-trade/
=== エラー内容 ===
type:<class 'newspaper.article.ArticleException'>
args:("Article `download()` failed with HTTPSConnectionPool(host='www.washingtonpost.com', port=443): Max retries exceeded with url: /world/2022/08/06/israel-gaza-rockets-islamic-jihad/ (Caused by NewConnectionError('<urllib3.connection.HTTPSConnection object at 0x1069aaa60>: Failed to establish a new connection: [Errno 8] nodename nor servname provided, or not known')) on URL https://www.washingtonpost.com/world/2022/08/06/israel-gaza-rockets-islamic-jihad/",)
e自身:Article `download()` failed with HTTPSConnectionPool(host='www.washingtonpost.com', port=443): Max retries exceeded with url: /world/2022/08/06/israel-gaza-rockets-islamic-jihad/ (Caused by NewConnectionError('<urllib3.connection.HTTPSConnection object at 0x1069aaa60>: Failed to establish a new connection: [Errno 8] nodename nor servname provided, or not known')) on URL https://www.washingtonpost.com/world/2022/08/06/israel-gaza-rockets-islamic-jihad/
=== エラー内容 ===
type:<class 'newspaper.article.ArticleException'>
args:("Article `download()` failed with HTTPSConnectionPool(host='www.washingtonpost.com', port=443): Max retries exceeded with url: /business/2022/08/05/inflation-reduction-act-lobbyists/ (Caused by NewConnectionError('<urllib3.connection.HTTPSConnection object at 0x1069aafd0>: Failed to establish a new connection: [Errno 8] nodename nor servname provided, or not known')) on URL https://www.washingtonpost.com/business/2022/08/05/inflation-reduction-act-lobbyists/",)
e自身:Article `download()` failed with HTTPSConnectionPool(host='www.washingtonpost.com', port=443): Max retries exceeded with url: /business/2022/08/05/inflation-reduction-act-lobbyists/ (Caused by NewConnectionError('<urllib3.connection.HTTPSConnection object at 0x1069aafd0>: Failed to establish a new connection: [Errno 8] nodename nor servname provided, or not known')) on URL https://www.washingtonpost.com/business/2022/08/05/inflation-reduction-act-lobbyists/
=== エラー内容 ===
type:<class 'urllib.error.URLError'>
args:(gaierror(8, 'nodename nor servname provided, or not known'),)
e自身:<urlopen error [Errno 8] nodename nor servname provided, or not known>
url:https://news.google.com/rss/search?q=+after:2022-8-4+inurl:businessinsider.com&hl=en-US&gl=US&ceid=US:en
=== エラー内容 ===
type:<class 'urllib.error.URLError'>
args:(gaierror(8, 'nodename nor servname provided, or not known'),)
e自身:<urlopen error [Errno 8] nodename nor servname provided, or not known>
url:https://news.google.com/rss/search?q=+after:2022-8-4+inurl:cnn.com&hl=en-US&gl=US&ceid=US:en
=== エラー内容 ===
type:<class 'urllib.error.URLError'>
args:(gaierror(8, 'nodename nor servname provided, or not known'),)
e自身:<urlopen error [Errno 8] nodename nor servname provided, or not known>
url:https://news.google.com/rss/search?q=+after:2022-8-4+inurl:huffpost.com&hl=en-US&gl=US&ceid=US:en
=== エラー内容 ===
type:<class 'urllib.error.URLError'>
args:(gaierror(8, 'nodename nor servname provided, or not known'),)
e自身:<urlopen error [Errno 8] nodename nor servname provided, or not known>
url:https://news.google.com/rss/search?q=+after:2022-8-4+inurl:bloomberg.com&hl=en-US&gl=US&ceid=US:en
=== エラー内容 ===
type:<class 'urllib.error.URLError'>
args:(gaierror(8, 'nodename nor servname provided, or not known'),)
e自身:<urlopen error [Errno 8] nodename nor servname provided, or not known>
url:https://news.google.com/rss/search?q=+after:2022-8-4+inurl:fool.com&hl=en-US&gl=US&ceid=US:en
=== エラー内容 ===
type:<class 'newspaper.article.ArticleException'>
args:("Article `download()` failed with HTTPSConnectionPool(host='www.thestreet.com', port=443): Max retries exceeded with url: /investing/gasoline-prices-could-fall-to-2-99-next-week (Caused by NewConnectionError('<urllib3.connection.HTTPSConnection object at 0x108e714c0>: Failed to establish a new connection: [Errno 8] nodename nor servname provided, or not known')) on URL https://www.thestreet.com/investing/gasoline-prices-could-fall-to-2-99-next-week",)
e自身:Article `download()` failed with HTTPSConnectionPool(host='www.thestreet.com', port=443): Max retries exceeded with url: /investing/gasoline-prices-could-fall-to-2-99-next-week (Caused by NewConnectionError('<urllib3.connection.HTTPSConnection object at 0x108e714c0>: Failed to establish a new connection: [Errno 8] nodename nor servname provided, or not known')) on URL https://www.thestreet.com/investing/gasoline-prices-could-fall-to-2-99-next-week
=== エラー内容 ===
type:<class 'newspaper.article.ArticleException'>
args:("Article `download()` failed with HTTPSConnectionPool(host='aap.thestreet.com', port=443): Max retries exceeded with url: /story/16069949/1/we-still-see-a-healthy-prognosis-for-this-stock-as-it-s-set-to-report.html (Caused by NewConnectionError('<urllib3.connection.HTTPSConnection object at 0x108e715b0>: Failed to establish a new connection: [Errno 8] nodename nor servname provided, or not known')) on URL https://aap.thestreet.com/story/16069949/1/we-still-see-a-healthy-prognosis-for-this-stock-as-it-s-set-to-report.html",)
e自身:Article `download()` failed with HTTPSConnectionPool(host='aap.thestreet.com', port=443): Max retries exceeded with url: /story/16069949/1/we-still-see-a-healthy-prognosis-for-this-stock-as-it-s-set-to-report.html (Caused by NewConnectionError('<urllib3.connection.HTTPSConnection object at 0x108e715b0>: Failed to establish a new connection: [Errno 8] nodename nor servname provided, or not known')) on URL https://aap.thestreet.com/story/16069949/1/we-still-see-a-healthy-prognosis-for-this-stock-as-it-s-set-to-report.html
=== エラー内容 ===
type:<class 'newspaper.article.ArticleException'>
args:("Article `download()` failed with HTTPSConnectionPool(host='www.thestreet.com', port=443): Max retries exceeded with url: /investing/meta-wants-to-compete-with-this-streaming-service-next (Caused by NewConnectionError('<urllib3.connection.HTTPSConnection object at 0x108e71400>: Failed to establish a new connection: [Errno 8] nodename nor servname provided, or not known')) on URL https://www.thestreet.com/investing/meta-wants-to-compete-with-this-streaming-service-next",)
e自身:Article `download()` failed with HTTPSConnectionPool(host='www.thestreet.com', port=443): Max retries exceeded with url: /investing/meta-wants-to-compete-with-this-streaming-service-next (Caused by NewConnectionError('<urllib3.connection.HTTPSConnection object at 0x108e71400>: Failed to establish a new connection: [Errno 8] nodename nor servname provided, or not known')) on URL https://www.thestreet.com/investing/meta-wants-to-compete-with-this-streaming-service-next
=== エラー内容 ===
type:<class 'newspaper.article.ArticleException'>
args:("Article `download()` failed with HTTPSConnectionPool(host='www.thestreet.com', port=443): Max retries exceeded with url: /investing/mcdonalds-brings-back-a-beloved-breakfast-classic (Caused by NewConnectionError('<urllib3.connection.HTTPSConnection object at 0x108e71130>: Failed to establish a new connection: [Errno 8] nodename nor servname provided, or not known')) on URL https://www.thestreet.com/investing/mcdonalds-brings-back-a-beloved-breakfast-classic",)
e自身:Article `download()` failed with HTTPSConnectionPool(host='www.thestreet.com', port=443): Max retries exceeded with url: /investing/mcdonalds-brings-back-a-beloved-breakfast-classic (Caused by NewConnectionError('<urllib3.connection.HTTPSConnection object at 0x108e71130>: Failed to establish a new connection: [Errno 8] nodename nor servname provided, or not known')) on URL https://www.thestreet.com/investing/mcdonalds-brings-back-a-beloved-breakfast-classic
=== エラー内容 ===
type:<class 'newspaper.article.ArticleException'>
args:("Article `download()` failed with HTTPSConnectionPool(host='www.thestreet.com', port=443): Max retries exceeded with url: /investing/shareholders-only-booed-elon-musk-once-when-he-said-this (Caused by NewConnectionError('<urllib3.connection.HTTPSConnection object at 0x108e713a0>: Failed to establish a new connection: [Errno 8] nodename nor servname provided, or not known')) on URL https://www.thestreet.com/investing/shareholders-only-booed-elon-musk-once-when-he-said-this",)
e自身:Article `download()` failed with HTTPSConnectionPool(host='www.thestreet.com', port=443): Max retries exceeded with url: /investing/shareholders-only-booed-elon-musk-once-when-he-said-this (Caused by NewConnectionError('<urllib3.connection.HTTPSConnection object at 0x108e713a0>: Failed to establish a new connection: [Errno 8] nodename nor servname provided, or not known')) on URL https://www.thestreet.com/investing/shareholders-only-booed-elon-musk-once-when-he-said-this
=== エラー内容 ===
type:<class 'newspaper.article.ArticleException'>
args:("Article `download()` failed with HTTPSConnectionPool(host='www.thestreet.com', port=443): Max retries exceeded with url: /investing/seaworld-taking-on-disney-universal-theme-parkson (Caused by NewConnectionError('<urllib3.connection.HTTPSConnection object at 0x108e71040>: Failed to establish a new connection: [Errno 8] nodename nor servname provided, or not known')) on URL https://www.thestreet.com/investing/seaworld-taking-on-disney-universal-theme-parkson",)
e自身:Article `download()` failed with HTTPSConnectionPool(host='www.thestreet.com', port=443): Max retries exceeded with url: /investing/seaworld-taking-on-disney-universal-theme-parkson (Caused by NewConnectionError('<urllib3.connection.HTTPSConnection object at 0x108e71040>: Failed to establish a new connection: [Errno 8] nodename nor servname provided, or not known')) on URL https://www.thestreet.com/investing/seaworld-taking-on-disney-universal-theme-parkson
=== エラー内容 ===
type:<class 'newspaper.article.ArticleException'>
args:("Article `download()` failed with HTTPSConnectionPool(host='realmoney.thestreet.com', port=443): Max retries exceeded with url: /investing/stocks/cloudflare-keep-your-feet-on-the-ground-or-chase-the-breakout--16070366 (Caused by NewConnectionError('<urllib3.connection.HTTPSConnection object at 0x108e71580>: Failed to establish a new connection: [Errno 8] nodename nor servname provided, or not known')) on URL https://realmoney.thestreet.com/investing/stocks/cloudflare-keep-your-feet-on-the-ground-or-chase-the-breakout--16070366",)
e自身:Article `download()` failed with HTTPSConnectionPool(host='realmoney.thestreet.com', port=443): Max retries exceeded with url: /investing/stocks/cloudflare-keep-your-feet-on-the-ground-or-chase-the-breakout--16070366 (Caused by NewConnectionError('<urllib3.connection.HTTPSConnection object at 0x108e71580>: Failed to establish a new connection: [Errno 8] nodename nor servname provided, or not known')) on URL https://realmoney.thestreet.com/investing/stocks/cloudflare-keep-your-feet-on-the-ground-or-chase-the-breakout--16070366
=== エラー内容 ===
type:<class 'newspaper.article.ArticleException'>
args:("Article `download()` failed with HTTPSConnectionPool(host='www.thestreet.com', port=443): Max retries exceeded with url: /investing/downtown-las-vegas-fremont-st-casino-brings-a-big-name-to-the-city (Caused by NewConnectionError('<urllib3.connection.HTTPSConnection object at 0x108e71400>: Failed to establish a new connection: [Errno 8] nodename nor servname provided, or not known')) on URL https://www.thestreet.com/investing/downtown-las-vegas-fremont-st-casino-brings-a-big-name-to-the-city",)
e自身:Article `download()` failed with HTTPSConnectionPool(host='www.thestreet.com', port=443): Max retries exceeded with url: /investing/downtown-las-vegas-fremont-st-casino-brings-a-big-name-to-the-city (Caused by NewConnectionError('<urllib3.connection.HTTPSConnection object at 0x108e71400>: Failed to establish a new connection: [Errno 8] nodename nor servname provided, or not known')) on URL https://www.thestreet.com/investing/downtown-las-vegas-fremont-st-casino-brings-a-big-name-to-the-city
=== エラー内容 ===
type:<class 'urllib.error.URLError'>
args:(gaierror(8, 'nodename nor servname provided, or not known'),)
e自身:<urlopen error [Errno 8] nodename nor servname provided, or not known>
url:https://news.google.com/rss/search?q=+after:2022-8-4+inurl:cnbc.com&hl=en-US&gl=US&ceid=US:en
=== エラー内容 ===
type:<class 'urllib.error.URLError'>
args:(gaierror(8, 'nodename nor servname provided, or not known'),)
e自身:<urlopen error [Errno 8] nodename nor servname provided, or not known>
url:https://news.google.com/rss/search?q=+after:2022-8-4+inurl:thestreet.com&hl=en-US&gl=US&ceid=US:en
=== エラー内容 ===
type:<class 'urllib.error.URLError'>
args:(gaierror(8, 'nodename nor servname provided, or not known'),)
e自身:<urlopen error [Errno 8] nodename nor servname provided, or not known>
url:https://news.google.com/rss/search?q=+after:2022-8-4+inurl:foxbusiness.com&hl=en-US&gl=US&ceid=US:en
=== エラー内容 ===
type:<class 'urllib.error.URLError'>
args:(gaierror(8, 'nodename nor servname provided, or not known'),)
e自身:<urlopen error [Errno 8] nodename nor servname provided, or not known>
url:https://news.google.com/rss/search?q=+after:2022-8-4+inurl:washingtonpost.com&hl=en-US&gl=US&ceid=US:en
=== エラー内容 ===
type:<class 'urllib.error.URLError'>
args:(gaierror(8, 'nodename nor servname provided, or not known'),)
e自身:<urlopen error [Errno 8] nodename nor servname provided, or not known>
url:https://news.google.com/rss/search?q=+after:2022-8-4+inurl:businessinsider.com&hl=en-US&gl=US&ceid=US:en
=== エラー内容 ===
type:<class 'urllib.error.URLError'>
args:(gaierror(8, 'nodename nor servname provided, or not known'),)
e自身:<urlopen error [Errno 8] nodename nor servname provided, or not known>
url:https://news.google.com/rss/search?q=+after:2022-8-4+inurl:cnn.com&hl=en-US&gl=US&ceid=US:en
=== エラー内容 ===
type:<class 'urllib.error.URLError'>
args:(gaierror(8, 'nodename nor servname provided, or not known'),)
e自身:<urlopen error [Errno 8] nodename nor servname provided, or not known>
url:https://news.google.com/rss/search?q=+after:2022-8-4+inurl:huffpost.com&hl=en-US&gl=US&ceid=US:en
=== エラー内容 ===
type:<class 'urllib.error.URLError'>
args:(gaierror(8, 'nodename nor servname provided, or not known'),)
e自身:<urlopen error [Errno 8] nodename nor servname provided, or not known>
url:https://news.google.com/rss/search?q=+after:2022-8-4+inurl:bloomberg.com&hl=en-US&gl=US&ceid=US:en
=== エラー内容 ===
type:<class 'urllib.error.URLError'>
args:(gaierror(8, 'nodename nor servname provided, or not known'),)
e自身:<urlopen error [Errno 8] nodename nor servname provided, or not known>
url:https://news.google.com/rss/search?q=+after:2022-8-4+inurl:fool.com&hl=en-US&gl=US&ceid=US:en
=== エラー内容 ===
type:<class 'newspaper.article.ArticleException'>
args:("Article `download()` failed with HTTPSConnectionPool(host='www.foxbusiness.com', port=443): Max retries exceeded with url: /live-news/stock-market-news-today-8-5-2022 (Caused by NewConnectionError('<urllib3.connection.HTTPSConnection object at 0x10e1b1430>: Failed to establish a new connection: [Errno 8] nodename nor servname provided, or not known')) on URL https://www.foxbusiness.com/live-news/stock-market-news-today-8-5-2022",)
e自身:Article `download()` failed with HTTPSConnectionPool(host='www.foxbusiness.com', port=443): Max retries exceeded with url: /live-news/stock-market-news-today-8-5-2022 (Caused by NewConnectionError('<urllib3.connection.HTTPSConnection object at 0x10e1b1430>: Failed to establish a new connection: [Errno 8] nodename nor servname provided, or not known')) on URL https://www.foxbusiness.com/live-news/stock-market-news-today-8-5-2022
=== エラー内容 ===
type:<class 'newspaper.article.ArticleException'>
args:("Article `download()` failed with HTTPSConnectionPool(host='www.reuters.com', port=443): Max retries exceeded with url: /technology/musk-challenges-twitter-ceo-public-debate-bots-2022-08-06/ (Caused by NewConnectionError('<urllib3.connection.HTTPSConnection object at 0x110e8e6d0>: Failed to establish a new connection: [Errno 8] nodename nor servname provided, or not known')) on URL https://www.reuters.com/technology/musk-challenges-twitter-ceo-public-debate-bots-2022-08-06/",)
e自身:Article `download()` failed with HTTPSConnectionPool(host='www.reuters.com', port=443): Max retries exceeded with url: /technology/musk-challenges-twitter-ceo-public-debate-bots-2022-08-06/ (Caused by NewConnectionError('<urllib3.connection.HTTPSConnection object at 0x110e8e6d0>: Failed to establish a new connection: [Errno 8] nodename nor servname provided, or not known')) on URL https://www.reuters.com/technology/musk-challenges-twitter-ceo-public-debate-bots-2022-08-06/
=== エラー内容 ===
type:<class 'newspaper.article.ArticleException'>
args:("Article `download()` failed with HTTPSConnectionPool(host='www.reuters.com', port=443): Max retries exceeded with url: /world/tonga-not-china-must-decide-its-future-says-us-diplomat-2022-08-06/ (Caused by NewConnectionError('<urllib3.connection.HTTPSConnection object at 0x11080b610>: Failed to establish a new connection: [Errno 8] nodename nor servname provided, or not known')) on URL https://www.reuters.com/world/tonga-not-china-must-decide-its-future-says-us-diplomat-2022-08-06/",)
e自身:Article `download()` failed with HTTPSConnectionPool(host='www.reuters.com', port=443): Max retries exceeded with url: /world/tonga-not-china-must-decide-its-future-says-us-diplomat-2022-08-06/ (Caused by NewConnectionError('<urllib3.connection.HTTPSConnection object at 0x11080b610>: Failed to establish a new connection: [Errno 8] nodename nor servname provided, or not known')) on URL https://www.reuters.com/world/tonga-not-china-must-decide-its-future-says-us-diplomat-2022-08-06/
=== エラー内容 ===
type:<class 'newspaper.article.ArticleException'>
args:("Article `download()` failed with HTTPSConnectionPool(host='www.washingtonpost.com', port=443): Max retries exceeded with url: /transportation/2022/08/06/boeing-737-max-victims/ (Caused by NewConnectionError('<urllib3.connection.HTTPSConnection object at 0x110363fa0>: Failed to establish a new connection: [Errno 8] nodename nor servname provided, or not known')) on URL https://www.washingtonpost.com/transportation/2022/08/06/boeing-737-max-victims/",)
e自身:Article `download()` failed with HTTPSConnectionPool(host='www.washingtonpost.com', port=443): Max retries exceeded with url: /transportation/2022/08/06/boeing-737-max-victims/ (Caused by NewConnectionError('<urllib3.connection.HTTPSConnection object at 0x110363fa0>: Failed to establish a new connection: [Errno 8] nodename nor servname provided, or not known')) on URL https://www.washingtonpost.com/transportation/2022/08/06/boeing-737-max-victims/
=== エラー内容 ===
type:<class 'newspaper.article.ArticleException'>
args:("Article `download()` failed with HTTPSConnectionPool(host='www.washingtonpost.com', port=443): Max retries exceeded with url: /technology/2022/08/04/virtual-reality-fighter-pilot-helmet/ (Caused by NewConnectionError('<urllib3.connection.HTTPSConnection object at 0x11036e070>: Failed to establish a new connection: [Errno 8] nodename nor servname provided, or not known')) on URL https://www.washingtonpost.com/technology/2022/08/04/virtual-reality-fighter-pilot-helmet/",)
e自身:Article `download()` failed with HTTPSConnectionPool(host='www.washingtonpost.com', port=443): Max retries exceeded with url: /technology/2022/08/04/virtual-reality-fighter-pilot-helmet/ (Caused by NewConnectionError('<urllib3.connection.HTTPSConnection object at 0x11036e070>: Failed to establish a new connection: [Errno 8] nodename nor servname provided, or not known')) on URL https://www.washingtonpost.com/technology/2022/08/04/virtual-reality-fighter-pilot-helmet/
=== エラー内容 ===
type:<class 'newspaper.article.ArticleException'>
args:("Article `download()` failed with HTTPSConnectionPool(host='www.washingtonpost.com', port=443): Max retries exceeded with url: /climate-solutions/2022/08/05/nature-study-impact-hiking-outdoors/ (Caused by NewConnectionError('<urllib3.connection.HTTPSConnection object at 0x1103710a0>: Failed to establish a new connection: [Errno 8] nodename nor servname provided, or not known')) on URL https://www.washingtonpost.com/climate-solutions/2022/08/05/nature-study-impact-hiking-outdoors/",)
e自身:Article `download()` failed with HTTPSConnectionPool(host='www.washingtonpost.com', port=443): Max retries exceeded with url: /climate-solutions/2022/08/05/nature-study-impact-hiking-outdoors/ (Caused by NewConnectionError('<urllib3.connection.HTTPSConnection object at 0x1103710a0>: Failed to establish a new connection: [Errno 8] nodename nor servname provided, or not known')) on URL https://www.washingtonpost.com/climate-solutions/2022/08/05/nature-study-impact-hiking-outdoors/
=== エラー内容 ===
type:<class 'urllib.error.URLError'>
args:(gaierror(8, 'nodename nor servname provided, or not known'),)
e自身:<urlopen error [Errno 8] nodename nor servname provided, or not known>
url:https://news.google.com/rss/search?q=+after:2022-8-4+inurl:businessinsider.com&hl=en-US&gl=US&ceid=US:en
=== エラー内容 ===
type:<class 'urllib.error.URLError'>
args:(gaierror(8, 'nodename nor servname provided, or not known'),)
e自身:<urlopen error [Errno 8] nodename nor servname provided, or not known>
url:https://news.google.com/rss/search?q=+after:2022-8-4+inurl:cnn.com&hl=en-US&gl=US&ceid=US:en
=== エラー内容 ===
type:<class 'urllib.error.URLError'>
args:(gaierror(8, 'nodename nor servname provided, or not known'),)
e自身:<urlopen error [Errno 8] nodename nor servname provided, or not known>
url:https://news.google.com/rss/search?q=+after:2022-8-4+inurl:huffpost.com&hl=en-US&gl=US&ceid=US:en
=== エラー内容 ===
type:<class 'urllib.error.URLError'>
args:(gaierror(8, 'nodename nor servname provided, or not known'),)
e自身:<urlopen error [Errno 8] nodename nor servname provided, or not known>
url:https://news.google.com/rss/search?q=+after:2022-8-4+inurl:bloomberg.com&hl=en-US&gl=US&ceid=US:en
=== エラー内容 ===
type:<class 'urllib.error.URLError'>
args:(gaierror(8, 'nodename nor servname provided, or not known'),)
e自身:<urlopen error [Errno 8] nodename nor servname provided, or not known>
url:https://news.google.com/rss/search?q=+after:2022-8-4+inurl:fool.com&hl=en-US&gl=US&ceid=US:en
=== エラー内容 ===
type:<class 'newspaper.article.ArticleException'>
args:("Article `download()` failed with HTTPSConnectionPool(host='www.reuters.com', port=443): Max retries exceeded with url: /world/europe/ukraine-says-it-caught-two-spies-who-helped-destroy-infrastructure-mykolaiv-2022-08-06/ (Caused by NewConnectionError('<urllib3.connection.HTTPSConnection object at 0x1097663d0>: Failed to establish a new connection: [Errno 8] nodename nor servname provided, or not known')) on URL https://www.reuters.com/world/europe/ukraine-says-it-caught-two-spies-who-helped-destroy-infrastructure-mykolaiv-2022-08-06/",)
e自身:Article `download()` failed with HTTPSConnectionPool(host='www.reuters.com', port=443): Max retries exceeded with url: /world/europe/ukraine-says-it-caught-two-spies-who-helped-destroy-infrastructure-mykolaiv-2022-08-06/ (Caused by NewConnectionError('<urllib3.connection.HTTPSConnection object at 0x1097663d0>: Failed to establish a new connection: [Errno 8] nodename nor servname provided, or not known')) on URL https://www.reuters.com/world/europe/ukraine-says-it-caught-two-spies-who-helped-destroy-infrastructure-mykolaiv-2022-08-06/
=== エラー内容 ===
type:<class 'newspaper.article.ArticleException'>
args:("Article `download()` failed with HTTPSConnectionPool(host='www.reuters.com', port=443): Max retries exceeded with url: /world/tonga-not-china-must-decide-its-future-says-us-diplomat-2022-08-06/ (Caused by NewConnectionError('<urllib3.connection.HTTPSConnection object at 0x1097662b0>: Failed to establish a new connection: [Errno 8] nodename nor servname provided, or not known')) on URL https://www.reuters.com/world/tonga-not-china-must-decide-its-future-says-us-diplomat-2022-08-06/",)
e自身:Article `download()` failed with HTTPSConnectionPool(host='www.reuters.com', port=443): Max retries exceeded with url: /world/tonga-not-china-must-decide-its-future-says-us-diplomat-2022-08-06/ (Caused by NewConnectionError('<urllib3.connection.HTTPSConnection object at 0x1097662b0>: Failed to establish a new connection: [Errno 8] nodename nor servname provided, or not known')) on URL https://www.reuters.com/world/tonga-not-china-must-decide-its-future-says-us-diplomat-2022-08-06/
=== エラー内容 ===
type:<class 'newspaper.article.ArticleException'>
args:("Article `download()` failed with HTTPSConnectionPool(host='www.reuters.com', port=443): Max retries exceeded with url: /world/us/big-us-chicken-company-mountaire-asks-contractors-oppose-transparency-rule-2022-08-05/ (Caused by NewConnectionError('<urllib3.connection.HTTPSConnection object at 0x109766340>: Failed to establish a new connection: [Errno 8] nodename nor servname provided, or not known')) on URL https://www.reuters.com/world/us/big-us-chicken-company-mountaire-asks-contractors-oppose-transparency-rule-2022-08-05/",)
e自身:Article `download()` failed with HTTPSConnectionPool(host='www.reuters.com', port=443): Max retries exceeded with url: /world/us/big-us-chicken-company-mountaire-asks-contractors-oppose-transparency-rule-2022-08-05/ (Caused by NewConnectionError('<urllib3.connection.HTTPSConnection object at 0x109766340>: Failed to establish a new connection: [Errno 8] nodename nor servname provided, or not known')) on URL https://www.reuters.com/world/us/big-us-chicken-company-mountaire-asks-contractors-oppose-transparency-rule-2022-08-05/
=== エラー内容 ===
type:<class 'newspaper.article.ArticleException'>
args:("Article `download()` failed with HTTPSConnectionPool(host='www.reuters.com', port=443): Max retries exceeded with url: /markets/us/view-us-july-payrolls-rise-more-than-expected-2022-08-05/ (Caused by NewConnectionError('<urllib3.connection.HTTPSConnection object at 0x109766220>: Failed to establish a new connection: [Errno 8] nodename nor servname provided, or not known')) on URL https://www.reuters.com/markets/us/view-us-july-payrolls-rise-more-than-expected-2022-08-05/",)
e自身:Article `download()` failed with HTTPSConnectionPool(host='www.reuters.com', port=443): Max retries exceeded with url: /markets/us/view-us-july-payrolls-rise-more-than-expected-2022-08-05/ (Caused by NewConnectionError('<urllib3.connection.HTTPSConnection object at 0x109766220>: Failed to establish a new connection: [Errno 8] nodename nor servname provided, or not known')) on URL https://www.reuters.com/markets/us/view-us-july-payrolls-rise-more-than-expected-2022-08-05/
=== エラー内容 ===
type:<class 'newspaper.article.ArticleException'>
args:("Article `download()` failed with HTTPSConnectionPool(host='www.reuters.com', port=443): Max retries exceeded with url: /lifestyle/pompeii-discoveries-shed-light-middle-class-life-2022-08-06/ (Caused by NewConnectionError('<urllib3.connection.HTTPSConnection object at 0x109766610>: Failed to establish a new connection: [Errno 8] nodename nor servname provided, or not known')) on URL https://www.reuters.com/lifestyle/pompeii-discoveries-shed-light-middle-class-life-2022-08-06/",)
e自身:Article `download()` failed with HTTPSConnectionPool(host='www.reuters.com', port=443): Max retries exceeded with url: /lifestyle/pompeii-discoveries-shed-light-middle-class-life-2022-08-06/ (Caused by NewConnectionError('<urllib3.connection.HTTPSConnection object at 0x109766610>: Failed to establish a new connection: [Errno 8] nodename nor servname provided, or not known')) on URL https://www.reuters.com/lifestyle/pompeii-discoveries-shed-light-middle-class-life-2022-08-06/
=== エラー内容 ===
type:<class 'newspaper.article.ArticleException'>
args:("Article `download()` failed with HTTPSConnectionPool(host='www.reuters.com', port=443): Max retries exceeded with url: /world/europe/ukraine-says-it-caught-two-spies-who-helped-destroy-infrastructure-mykolaiv-2022-08-06/ (Caused by NewConnectionError('<urllib3.connection.HTTPSConnection object at 0x104660820>: Failed to establish a new connection: [Errno 8] nodename nor servname provided, or not known')) on URL https://www.reuters.com/world/europe/ukraine-says-it-caught-two-spies-who-helped-destroy-infrastructure-mykolaiv-2022-08-06/",)
e自身:Article `download()` failed with HTTPSConnectionPool(host='www.reuters.com', port=443): Max retries exceeded with url: /world/europe/ukraine-says-it-caught-two-spies-who-helped-destroy-infrastructure-mykolaiv-2022-08-06/ (Caused by NewConnectionError('<urllib3.connection.HTTPSConnection object at 0x104660820>: Failed to establish a new connection: [Errno 8] nodename nor servname provided, or not known')) on URL https://www.reuters.com/world/europe/ukraine-says-it-caught-two-spies-who-helped-destroy-infrastructure-mykolaiv-2022-08-06/
=== エラー内容 ===
type:<class 'newspaper.article.ArticleException'>
args:("Article `download()` failed with HTTPSConnectionPool(host='www.reuters.com', port=443): Max retries exceeded with url: /markets/us/view-us-july-payrolls-rise-more-than-expected-2022-08-05/ (Caused by NewConnectionError('<urllib3.connection.HTTPSConnection object at 0x104660520>: Failed to establish a new connection: [Errno 8] nodename nor servname provided, or not known')) on URL https://www.reuters.com/markets/us/view-us-july-payrolls-rise-more-than-expected-2022-08-05/",)
e自身:Article `download()` failed with HTTPSConnectionPool(host='www.reuters.com', port=443): Max retries exceeded with url: /markets/us/view-us-july-payrolls-rise-more-than-expected-2022-08-05/ (Caused by NewConnectionError('<urllib3.connection.HTTPSConnection object at 0x104660520>: Failed to establish a new connection: [Errno 8] nodename nor servname provided, or not known')) on URL https://www.reuters.com/markets/us/view-us-july-payrolls-rise-more-than-expected-2022-08-05/
=== エラー内容 ===
type:<class 'urllib.error.URLError'>
args:(gaierror(8, 'nodename nor servname provided, or not known'),)
e自身:<urlopen error [Errno 8] nodename nor servname provided, or not known>
url:https://news.google.com/rss/search?q=+after:2022-8-5+inurl:cnbc.com&hl=en-US&gl=US&ceid=US:en
=== エラー内容 ===
type:<class 'newspaper.article.ArticleException'>
args:("Article `download()` failed with HTTPSConnectionPool(host='realmoney.thestreet.com', port=443): Max retries exceeded with url: /investing/stocks/cloudflare-keep-your-feet-on-the-ground-or-chase-the-breakout--16070366 (Caused by NewConnectionError('<urllib3.connection.HTTPSConnection object at 0x104126130>: Failed to establish a new connection: [Errno 8] nodename nor servname provided, or not known')) on URL https://realmoney.thestreet.com/investing/stocks/cloudflare-keep-your-feet-on-the-ground-or-chase-the-breakout--16070366",)
e自身:Article `download()` failed with HTTPSConnectionPool(host='realmoney.thestreet.com', port=443): Max retries exceeded with url: /investing/stocks/cloudflare-keep-your-feet-on-the-ground-or-chase-the-breakout--16070366 (Caused by NewConnectionError('<urllib3.connection.HTTPSConnection object at 0x104126130>: Failed to establish a new connection: [Errno 8] nodename nor servname provided, or not known')) on URL https://realmoney.thestreet.com/investing/stocks/cloudflare-keep-your-feet-on-the-ground-or-chase-the-breakout--16070366
=== エラー内容 ===
type:<class 'newspaper.article.ArticleException'>
args:("Article `download()` failed with HTTPSConnectionPool(host='www.thestreet.com', port=443): Max retries exceeded with url: /personal-finance/zillow-housing-market-troubles-2022 (Caused by NewConnectionError('<urllib3.connection.HTTPSConnection object at 0x1041261f0>: Failed to establish a new connection: [Errno 8] nodename nor servname provided, or not known')) on URL https://www.thestreet.com/personal-finance/zillow-housing-market-troubles-2022",)
e自身:Article `download()` failed with HTTPSConnectionPool(host='www.thestreet.com', port=443): Max retries exceeded with url: /personal-finance/zillow-housing-market-troubles-2022 (Caused by NewConnectionError('<urllib3.connection.HTTPSConnection object at 0x1041261f0>: Failed to establish a new connection: [Errno 8] nodename nor servname provided, or not known')) on URL https://www.thestreet.com/personal-finance/zillow-housing-market-troubles-2022
=== エラー内容 ===
type:<class 'newspaper.article.ArticleException'>
args:("Article `download()` failed with HTTPSConnectionPool(host='www.thestreet.com', port=443): Max retries exceeded with url: /investing/downtown-las-vegas-fremont-st-casino-brings-a-big-name-to-the-city (Caused by NewConnectionError('<urllib3.connection.HTTPSConnection object at 0x104126340>: Failed to establish a new connection: [Errno 8] nodename nor servname provided, or not known')) on URL https://www.thestreet.com/investing/downtown-las-vegas-fremont-st-casino-brings-a-big-name-to-the-city",)
e自身:Article `download()` failed with HTTPSConnectionPool(host='www.thestreet.com', port=443): Max retries exceeded with url: /investing/downtown-las-vegas-fremont-st-casino-brings-a-big-name-to-the-city (Caused by NewConnectionError('<urllib3.connection.HTTPSConnection object at 0x104126340>: Failed to establish a new connection: [Errno 8] nodename nor servname provided, or not known')) on URL https://www.thestreet.com/investing/downtown-las-vegas-fremont-st-casino-brings-a-big-name-to-the-city
=== エラー内容 ===
type:<class 'newspaper.article.ArticleException'>
args:("Article `download()` failed with HTTPSConnectionPool(host='www.thestreet.com', port=443): Max retries exceeded with url: /retirement-daily/weekly-roundup/jul-31-aug-6-2022 (Caused by NewConnectionError('<urllib3.connection.HTTPSConnection object at 0x10411f2b0>: Failed to establish a new connection: [Errno 8] nodename nor servname provided, or not known')) on URL https://www.thestreet.com/retirement-daily/weekly-roundup/jul-31-aug-6-2022",)
e自身:Article `download()` failed with HTTPSConnectionPool(host='www.thestreet.com', port=443): Max retries exceeded with url: /retirement-daily/weekly-roundup/jul-31-aug-6-2022 (Caused by NewConnectionError('<urllib3.connection.HTTPSConnection object at 0x10411f2b0>: Failed to establish a new connection: [Errno 8] nodename nor servname provided, or not known')) on URL https://www.thestreet.com/retirement-daily/weekly-roundup/jul-31-aug-6-2022
=== エラー内容 ===
type:<class 'newspaper.article.ArticleException'>
args:("Article `download()` failed with HTTPSConnectionPool(host='www.thestreet.com', port=443): Max retries exceeded with url: /investing/theres-a-really-gruesome-crypto-scam-going-around (Caused by NewConnectionError('<urllib3.connection.HTTPSConnection object at 0x10411f400>: Failed to establish a new connection: [Errno 8] nodename nor servname provided, or not known')) on URL https://www.thestreet.com/investing/theres-a-really-gruesome-crypto-scam-going-around",)
e自身:Article `download()` failed with HTTPSConnectionPool(host='www.thestreet.com', port=443): Max retries exceeded with url: /investing/theres-a-really-gruesome-crypto-scam-going-around (Caused by NewConnectionError('<urllib3.connection.HTTPSConnection object at 0x10411f400>: Failed to establish a new connection: [Errno 8] nodename nor servname provided, or not known')) on URL https://www.thestreet.com/investing/theres-a-really-gruesome-crypto-scam-going-around
=== エラー内容 ===
type:<class 'newspaper.article.ArticleException'>
args:("Article `download()` failed with HTTPSConnectionPool(host='www.thestreet.com', port=443): Max retries exceeded with url: /investing/buy-or-sell-amazon-stock-after-41-pct-rally-technical-analysis-august-2022 (Caused by NewConnectionError('<urllib3.connection.HTTPSConnection object at 0x10411f160>: Failed to establish a new connection: [Errno 8] nodename nor servname provided, or not known')) on URL https://www.thestreet.com/investing/buy-or-sell-amazon-stock-after-41-pct-rally-technical-analysis-august-2022",)
e自身:Article `download()` failed with HTTPSConnectionPool(host='www.thestreet.com', port=443): Max retries exceeded with url: /investing/buy-or-sell-amazon-stock-after-41-pct-rally-technical-analysis-august-2022 (Caused by NewConnectionError('<urllib3.connection.HTTPSConnection object at 0x10411f160>: Failed to establish a new connection: [Errno 8] nodename nor servname provided, or not known')) on URL https://www.thestreet.com/investing/buy-or-sell-amazon-stock-after-41-pct-rally-technical-analysis-august-2022
=== エラー内容 ===
type:<class 'newspaper.article.ArticleException'>
args:("Article `download()` failed with HTTPSConnectionPool(host='www.reuters.com', port=443): Max retries exceeded with url: /world/europe/ft-says-western-governments-are-alarmed-over-turkeys-deepening-ties-with-russia-2022-08-06/ (Caused by NewConnectionError('<urllib3.connection.HTTPSConnection object at 0x10a5d9880>: Failed to establish a new connection: [Errno 8] nodename nor servname provided, or not known')) on URL https://www.reuters.com/world/europe/ft-says-western-governments-are-alarmed-over-turkeys-deepening-ties-with-russia-2022-08-06/",)
e自身:Article `download()` failed with HTTPSConnectionPool(host='www.reuters.com', port=443): Max retries exceeded with url: /world/europe/ft-says-western-governments-are-alarmed-over-turkeys-deepening-ties-with-russia-2022-08-06/ (Caused by NewConnectionError('<urllib3.connection.HTTPSConnection object at 0x10a5d9880>: Failed to establish a new connection: [Errno 8] nodename nor servname provided, or not known')) on URL https://www.reuters.com/world/europe/ft-says-western-governments-are-alarmed-over-turkeys-deepening-ties-with-russia-2022-08-06/
=== エラー内容 ===
type:<class 'newspaper.article.ArticleException'>
args:("Article `download()` failed with HTTPSConnectionPool(host='www.reuters.com', port=443): Max retries exceeded with url: /world/europe/ukraine-says-it-caught-two-spies-who-helped-destroy-infrastructure-mykolaiv-2022-08-06/ (Caused by NewConnectionError('<urllib3.connection.HTTPSConnection object at 0x10a5d9c10>: Failed to establish a new connection: [Errno 8] nodename nor servname provided, or not known')) on URL https://www.reuters.com/world/europe/ukraine-says-it-caught-two-spies-who-helped-destroy-infrastructure-mykolaiv-2022-08-06/",)
e自身:Article `download()` failed with HTTPSConnectionPool(host='www.reuters.com', port=443): Max retries exceeded with url: /world/europe/ukraine-says-it-caught-two-spies-who-helped-destroy-infrastructure-mykolaiv-2022-08-06/ (Caused by NewConnectionError('<urllib3.connection.HTTPSConnection object at 0x10a5d9c10>: Failed to establish a new connection: [Errno 8] nodename nor servname provided, or not known')) on URL https://www.reuters.com/world/europe/ukraine-says-it-caught-two-spies-who-helped-destroy-infrastructure-mykolaiv-2022-08-06/
=== エラー内容 ===
type:<class 'urllib.error.URLError'>
args:(gaierror(8, 'nodename nor servname provided, or not known'),)
e自身:<urlopen error [Errno 8] nodename nor servname provided, or not known>
url:https://news.google.com/rss/search?q=+after:2022-8-5+inurl:cnbc.com&hl=en-US&gl=US&ceid=US:en
=== エラー内容 ===
type:<class 'urllib.error.URLError'>
args:(gaierror(8, 'nodename nor servname provided, or not known'),)
e自身:<urlopen error [Errno 8] nodename nor servname provided, or not known>
url:https://news.google.com/rss/search?q=+after:2022-8-5+inurl:thestreet.com&hl=en-US&gl=US&ceid=US:en
=== エラー内容 ===
type:<class 'urllib.error.URLError'>
args:(gaierror(8, 'nodename nor servname provided, or not known'),)
e自身:<urlopen error [Errno 8] nodename nor servname provided, or not known>
url:https://news.google.com/rss/search?q=+after:2022-8-5+inurl:foxbusiness.com&hl=en-US&gl=US&ceid=US:en
=== エラー内容 ===
type:<class 'urllib.error.URLError'>
args:(gaierror(8, 'nodename nor servname provided, or not known'),)
e自身:<urlopen error [Errno 8] nodename nor servname provided, or not known>
url:https://news.google.com/rss/search?q=+after:2022-8-5+inurl:washingtonpost.com&hl=en-US&gl=US&ceid=US:en
=== エラー内容 ===
type:<class 'urllib.error.URLError'>
args:(gaierror(8, 'nodename nor servname provided, or not known'),)
e自身:<urlopen error [Errno 8] nodename nor servname provided, or not known>
url:https://news.google.com/rss/search?q=+after:2022-8-5+inurl:businessinsider.com&hl=en-US&gl=US&ceid=US:en
=== エラー内容 ===
type:<class 'urllib.error.URLError'>
args:(gaierror(8, 'nodename nor servname provided, or not known'),)
e自身:<urlopen error [Errno 8] nodename nor servname provided, or not known>
url:https://news.google.com/rss/search?q=+after:2022-8-5+inurl:cnn.com&hl=en-US&gl=US&ceid=US:en
=== エラー内容 ===
type:<class 'urllib.error.URLError'>
args:(gaierror(8, 'nodename nor servname provided, or not known'),)
e自身:<urlopen error [Errno 8] nodename nor servname provided, or not known>
url:https://news.google.com/rss/search?q=+after:2022-8-5+inurl:huffpost.com&hl=en-US&gl=US&ceid=US:en
=== エラー内容 ===
type:<class 'urllib.error.URLError'>
args:(gaierror(8, 'nodename nor servname provided, or not known'),)
e自身:<urlopen error [Errno 8] nodename nor servname provided, or not known>
url:https://news.google.com/rss/search?q=+after:2022-8-5+inurl:bloomberg.com&hl=en-US&gl=US&ceid=US:en
=== エラー内容 ===
type:<class 'urllib.error.URLError'>
args:(gaierror(8, 'nodename nor servname provided, or not known'),)
e自身:<urlopen error [Errno 8] nodename nor servname provided, or not known>
url:https://news.google.com/rss/search?q=+after:2022-8-5+inurl:fool.com&hl=en-US&gl=US&ceid=US:en
=== エラー内容 ===
type:<class 'urllib.error.URLError'>
args:(gaierror(8, 'nodename nor servname provided, or not known'),)
e自身:<urlopen error [Errno 8] nodename nor servname provided, or not known>
url:https://news.google.com/rss/search?q=+after:2022-8-5+inurl:thestreet.com&hl=en-US&gl=US&ceid=US:en
=== エラー内容 ===
type:<class 'OSError'>
args:(23, 'Too many open files in system')
e自身:[Errno 23] Too many open files in system: '/Users/takumiinui/.pyenv/versions/3.9.1/lib/python3.9/site-packages/newspaper/resources/text'
=== エラー内容 ===
type:<class 'newspaper.article.ArticleException'>
args:("Article `download()` failed with HTTPSConnectionPool(host='www.washingtonpost.com', port=443): Max retries exceeded with url: /politics/2022/08/05/federal-salaries-pay-gap-private-sector/ (Caused by NewConnectionError('<urllib3.connection.HTTPSConnection object at 0x106701040>: Failed to establish a new connection: [Errno 8] nodename nor servname provided, or not known')) on URL https://www.washingtonpost.com/politics/2022/08/05/federal-salaries-pay-gap-private-sector/",)
e自身:Article `download()` failed with HTTPSConnectionPool(host='www.washingtonpost.com', port=443): Max retries exceeded with url: /politics/2022/08/05/federal-salaries-pay-gap-private-sector/ (Caused by NewConnectionError('<urllib3.connection.HTTPSConnection object at 0x106701040>: Failed to establish a new connection: [Errno 8] nodename nor servname provided, or not known')) on URL https://www.washingtonpost.com/politics/2022/08/05/federal-salaries-pay-gap-private-sector/
=== エラー内容 ===
type:<class 'newspaper.article.ArticleException'>
args:("Article `download()` failed with HTTPSConnectionPool(host='www.foxbusiness.com', port=443): Read timed out. (read timeout=7) on URL https://www.foxbusiness.com/entertainment/disney-middle-east-aligns-censorship-policies-lightyear-wont-stream-platform",)
e自身:Article `download()` failed with HTTPSConnectionPool(host='www.foxbusiness.com', port=443): Read timed out. (read timeout=7) on URL https://www.foxbusiness.com/entertainment/disney-middle-east-aligns-censorship-policies-lightyear-wont-stream-platform
=== エラー内容 ===
type:<class 'newspaper.article.ArticleException'>
args:("Article `download()` failed with HTTPSConnectionPool(host='www.foxbusiness.com', port=443): Read timed out. (read timeout=7) on URL https://www.foxbusiness.com/technology/elon-musk-says-twitter-deal-could-go-forward-user-data-confirmed",)
e自身:Article `download()` failed with HTTPSConnectionPool(host='www.foxbusiness.com', port=443): Read timed out. (read timeout=7) on URL https://www.foxbusiness.com/technology/elon-musk-says-twitter-deal-could-go-forward-user-data-confirmed
=== エラー内容 ===
type:<class 'newspaper.article.ArticleException'>
args:("Article `download()` failed with HTTPSConnectionPool(host='www.foxbusiness.com', port=443): Read timed out. (read timeout=7) on URL https://www.foxbusiness.com/entertainment/disney-middle-east-aligns-censorship-policies-lightyear-wont-stream-platform",)
e自身:Article `download()` failed with HTTPSConnectionPool(host='www.foxbusiness.com', port=443): Read timed out. (read timeout=7) on URL https://www.foxbusiness.com/entertainment/disney-middle-east-aligns-censorship-policies-lightyear-wont-stream-platform
=== エラー内容 ===
type:<class 'newspaper.article.ArticleException'>
args:("Article `download()` failed with HTTPSConnectionPool(host='www.foxbusiness.com', port=443): Read timed out. (read timeout=7) on URL https://www.foxbusiness.com/economy/mortgage-rates-slide-below-5",)
e自身:Article `download()` failed with HTTPSConnectionPool(host='www.foxbusiness.com', port=443): Read timed out. (read timeout=7) on URL https://www.foxbusiness.com/economy/mortgage-rates-slide-below-5
=== エラー内容 ===
type:<class 'newspaper.article.ArticleException'>
args:("Article `download()` failed with HTTPSConnectionPool(host='www.foxbusiness.com', port=443): Read timed out. (read timeout=7) on URL https://www.foxbusiness.com/politics/desantis-fights-leftist-corporations-attempts-esg-control",)
e自身:Article `download()` failed with HTTPSConnectionPool(host='www.foxbusiness.com', port=443): Read timed out. (read timeout=7) on URL https://www.foxbusiness.com/politics/desantis-fights-leftist-corporations-attempts-esg-control
=== エラー内容 ===
type:<class 'newspaper.article.ArticleException'>
args:("Article `download()` failed with HTTPSConnectionPool(host='www.foxbusiness.com', port=443): Read timed out. (read timeout=7) on URL https://www.foxbusiness.com/markets/senate-dems-pass-social-spending-tax-bill-working-home-disparaged-more-mondays-5-things-know",)
e自身:Article `download()` failed with HTTPSConnectionPool(host='www.foxbusiness.com', port=443): Read timed out. (read timeout=7) on URL https://www.foxbusiness.com/markets/senate-dems-pass-social-spending-tax-bill-working-home-disparaged-more-mondays-5-things-know
=== エラー内容 ===
type:<class 'newspaper.article.ArticleException'>
args:("Article `download()` failed with HTTPSConnectionPool(host='www.washingtonpost.com', port=443): Max retries exceeded with url: /video-games/2022/08/10/riot-games-diversity-report-lawsuit/ (Caused by NewConnectionError('<urllib3.connection.HTTPSConnection object at 0x10657af70>: Failed to establish a new connection: [Errno 8] nodename nor servname provided, or not known')) on URL https://www.washingtonpost.com/video-games/2022/08/10/riot-games-diversity-report-lawsuit/",)
e自身:Article `download()` failed with HTTPSConnectionPool(host='www.washingtonpost.com', port=443): Max retries exceeded with url: /video-games/2022/08/10/riot-games-diversity-report-lawsuit/ (Caused by NewConnectionError('<urllib3.connection.HTTPSConnection object at 0x10657af70>: Failed to establish a new connection: [Errno 8] nodename nor servname provided, or not known')) on URL https://www.washingtonpost.com/video-games/2022/08/10/riot-games-diversity-report-lawsuit/
=== エラー内容 ===
type:<class 'newspaper.article.ArticleException'>
args:("Article `download()` failed with HTTPSConnectionPool(host='www.washingtonpost.com', port=443): Max retries exceeded with url: /nation/2022/08/10/indiana-police-arrest-political-candidate/ (Caused by NewConnectionError('<urllib3.connection.HTTPSConnection object at 0x10657a850>: Failed to establish a new connection: [Errno 8] nodename nor servname provided, or not known')) on URL https://www.washingtonpost.com/nation/2022/08/10/indiana-police-arrest-political-candidate/",)
e自身:Article `download()` failed with HTTPSConnectionPool(host='www.washingtonpost.com', port=443): Max retries exceeded with url: /nation/2022/08/10/indiana-police-arrest-political-candidate/ (Caused by NewConnectionError('<urllib3.connection.HTTPSConnection object at 0x10657a850>: Failed to establish a new connection: [Errno 8] nodename nor servname provided, or not known')) on URL https://www.washingtonpost.com/nation/2022/08/10/indiana-police-arrest-political-candidate/
=== エラー内容 ===
type:<class 'ConnectionResetError'>
args:(54, 'Connection reset by peer')
e自身:[Errno 54] Connection reset by peer
url:https://news.google.com/rss/search?q=+after:2022-8-9+inurl:reuters.com&hl=en-US&gl=US&ceid=US:en
=== エラー内容 ===
type:<class 'newspaper.article.ArticleException'>
args:("Article `download()` failed with HTTPSConnectionPool(host='www.thestreet.com', port=443): Read timed out. (read timeout=7) on URL https://www.thestreet.com/technology/elon-musk-shakes-up-us-russia-talks-over-brittney-griner",)
e自身:Article `download()` failed with HTTPSConnectionPool(host='www.thestreet.com', port=443): Read timed out. (read timeout=7) on URL https://www.thestreet.com/technology/elon-musk-shakes-up-us-russia-talks-over-brittney-griner
=== エラー内容 ===
type:<class 'urllib.error.URLError'>
args:(gaierror(8, 'nodename nor servname provided, or not known'),)
e自身:<urlopen error [Errno 8] nodename nor servname provided, or not known>
url:https://news.google.com/rss/search?q=+after:2022-8-10+inurl:foxbusiness.com&hl=en-US&gl=US&ceid=US:en
=== エラー内容 ===
type:<class 'http.client.RemoteDisconnected'>
args:('Remote end closed connection without response',)
e自身:Remote end closed connection without response
url:https://news.google.com/rss/search?q=+after:2022-8-11+inurl:cnbc.com&hl=en-US&gl=US&ceid=US:en
=== エラー内容 ===
type:<class 'urllib.error.URLError'>
args:(gaierror(8, 'nodename nor servname provided, or not known'),)
e自身:<urlopen error [Errno 8] nodename nor servname provided, or not known>
url:https://news.google.com/rss/search?q=+after:2022-8-12+inurl:reuters.com&hl=en-US&gl=US&ceid=US:en
=== エラー内容 ===
type:<class 'urllib.error.URLError'>
args:(gaierror(8, 'nodename nor servname provided, or not known'),)
e自身:<urlopen error [Errno 8] nodename nor servname provided, or not known>
url:https://news.google.com/rss/search?q=+after:2022-8-12+inurl:reuters.com&hl=en-US&gl=US&ceid=US:en
=== エラー内容 ===
type:<class 'urllib.error.URLError'>
args:(gaierror(8, 'nodename nor servname provided, or not known'),)
e自身:<urlopen error [Errno 8] nodename nor servname provided, or not known>
url:https://news.google.com/rss/search?q=+after:2022-8-12+inurl:cnbc.com&hl=en-US&gl=US&ceid=US:en
=== エラー内容 ===
type:<class 'urllib.error.URLError'>
args:(gaierror(8, 'nodename nor servname provided, or not known'),)
e自身:<urlopen error [Errno 8] nodename nor servname provided, or not known>
url:https://news.google.com/rss/search?q=+after:2022-8-12+inurl:thestreet.com&hl=en-US&gl=US&ceid=US:en
=== エラー内容 ===
type:<class 'urllib.error.URLError'>
args:(gaierror(8, 'nodename nor servname provided, or not known'),)
e自身:<urlopen error [Errno 8] nodename nor servname provided, or not known>
url:https://news.google.com/rss/search?q=+after:2022-8-12+inurl:foxbusiness.com&hl=en-US&gl=US&ceid=US:en
=== エラー内容 ===
type:<class 'urllib.error.URLError'>
args:(gaierror(8, 'nodename nor servname provided, or not known'),)
e自身:<urlopen error [Errno 8] nodename nor servname provided, or not known>
url:https://news.google.com/rss/search?q=+after:2022-8-12+inurl:washingtonpost.com&hl=en-US&gl=US&ceid=US:en
=== エラー内容 ===
type:<class 'urllib.error.URLError'>
args:(gaierror(8, 'nodename nor servname provided, or not known'),)
e自身:<urlopen error [Errno 8] nodename nor servname provided, or not known>
url:https://news.google.com/rss/search?q=+after:2022-8-12+inurl:businessinsider.com&hl=en-US&gl=US&ceid=US:en
=== エラー内容 ===
type:<class 'urllib.error.URLError'>
args:(gaierror(8, 'nodename nor servname provided, or not known'),)
e自身:<urlopen error [Errno 8] nodename nor servname provided, or not known>
url:https://news.google.com/rss/search?q=+after:2022-8-12+inurl:cnn.com&hl=en-US&gl=US&ceid=US:en
=== エラー内容 ===
type:<class 'urllib.error.URLError'>
args:(gaierror(8, 'nodename nor servname provided, or not known'),)
e自身:<urlopen error [Errno 8] nodename nor servname provided, or not known>
url:https://news.google.com/rss/search?q=+after:2022-8-12+inurl:huffpost.com&hl=en-US&gl=US&ceid=US:en
=== エラー内容 ===
type:<class 'urllib.error.URLError'>
args:(gaierror(8, 'nodename nor servname provided, or not known'),)
e自身:<urlopen error [Errno 8] nodename nor servname provided, or not known>
url:https://news.google.com/rss/search?q=+after:2022-8-12+inurl:bloomberg.com&hl=en-US&gl=US&ceid=US:en
=== エラー内容 ===
type:<class 'urllib.error.URLError'>
args:(gaierror(8, 'nodename nor servname provided, or not known'),)
e自身:<urlopen error [Errno 8] nodename nor servname provided, or not known>
url:https://news.google.com/rss/search?q=+after:2022-8-12+inurl:fool.com&hl=en-US&gl=US&ceid=US:en
=== エラー内容 ===
type:<class 'IndexError'>
args:('list index out of range',)
e自身:list index out of range
タイトル:Biden is set to sign the largest climate bill in history. These stocks could see the biggest boost
Where to find value in space stocks that were obliterated after the SPAC frenzy
Under the radar stocks like O'Reilly will boost your portfolio
5 things to know before the stock market opens Friday
Activist Meister eyes up another possible conglomerate break-up to unlock value
'Don't wait for the perfect moment': 7 bosses share their advice for young people on taking PTO
How to find a side hustle that could keep your skills 'sharp' and make you better at your job
Job unhappiness is at a staggering all-time high, according to Gallup
Elon Musk wants to cut this ‘terrible habit’ from his morning routine: ‘I suspect a lot of people do [this]'
What's next for bitcoin as the cryptocurrency wrestles with $24000

日本語タイトル:['']
=== エラー内容 ===
type:<class 'IndexError'>
args:('list index out of range',)
e自身:list index out of range
タイトル:Trump's Mar-a-Lago resort posed rare security challenges, experts say
North Korea criticises U.N. chief's support for the North's denuclearisation
EU's Borrell condemns attack on Salman Rushdie
Biden is set to sign the largest climate bill in history. These stocks could see the biggest boost
Where to find value in space stocks that were obliterated after the SPAC frenzy
Under the radar stocks like O'Reilly will boost your portfolio
You'll Almost Have to Buy an Electric Vehicle if Climate Bill Passes
BBBY Stock: Why It's Getting Harder to Short
Billionaire George Soros Bets on Musk's Tesla and Ford
Peloton cutting over 700 jobs, raising prices on Bike+, Tread
Mazda moves away from Chinese suppliers, attempts to bolster domestic production
Meditation app Calm lays off 20% of workforce
Mar-a-Lago search showed legal peril of Trump documents, national security probe
Gunman wounds 8 in late-night Jerusalem shooting
Officials asked for damage assessment of papers from Trump's Mar-a-Lago
Rainwater no longer safe to drink anywhere due to 'forever chemicals'
I'm a travel agent who specializes in cruises and my career has changed during the summer of chaos
Trump doesn't deny taking classified nuclear docs in new statement
CNN chief legal analyst Jeffrey Toobin will exit network after 20 years
Trump lawyer claimed no classified material was at Mar-a-Lago in signed letter to Justice Department
Judge denies Trump Org and former CFO's motion to dismiss tax fraud indictment
The Funniest Tweets From Women This Week (Aug. 6-12)
Trump Attorney Signed June Memo Falsely Declaring Classified Docs Were Returned: Report
MLB Player Shocks Fans As He Throws Up A Stream Of Liquid During A Game
Morgan Stanley's Shalett Warns of 'Head Fake' in Inflation Data
Germany Proposes Cooler Office Temperatures to Save Gas
Ukraine Cut to Default by S&P After Creditors OK Debt-Payment Delay
70% of Seniors Will Face This Giant Expense -- and Many Are Unprepared - The Motley Fool
Stock Market Sell-Off: 2 Stocks I'll Hold Forever - The Motley Fool
This Passive-Income Giant Has High-Powered Growth Ahead - The Motley Fool

日本語タイトル:['']
=== エラー内容 ===
type:<class 'IndexError'>
args:('list index out of range',)
e自身:list index out of range
タイトル:Trump's Mar-a-Lago resort posed rare security challenges, experts say
North Korea criticises U.N. chief's support for the North's denuclearisation
Ukraine targets Russian soldiers threatening Europe's largest nuclear power plant
EU's Borrell condemns attack on Salman Rushdie
U.S. and Switzerland working on facilitating pharma trade, U.S. ambassador says
U.S. tells India that Indian ship was used to reroute Russian-linked fuel to New York
Sunoco subsidiary sues insurer for refusing to cover climate-change litigation
U.S. to pause oil, gas leasing on 2.2 million acres in Colorado over climate impact
Former Deutsche Bank co-CEO Anshu Jain dies
Shanghai extends weekly COVID-19 testing requirement until end of September
Bankruptcy judge approves higher payments for InfoWars vendor
Judge reinstates Obama-era coal-leasing ban
Taiwan thanks U.S. for maintaining security in Taiwan Strait
New Zealand bounce back to beat Boks and ease pressure on Foster
Southampton fight back to draw with Leeds

日本語タイトル:['']
=== エラー内容 ===
type:<class 'IndexError'>
args:('list index out of range',)
e自身:list index out of range
タイトル:Biden is set to sign the largest climate bill in history. These stocks could see the biggest boost
Under the radar stocks like O'Reilly will boost your portfolio
S&P 500 closes flat, Nasdaq dips as market comeback rally takes a breather
These are the best-performing S&P 500 stocks this week. Here's where analysts see them going
Activist Meister eyes up another possible conglomerate break-up to unlock value
'Don't wait for the perfect moment': 7 bosses share their advice for young people on taking PTO
How to find a side hustle that could keep your skills 'sharp' and make you better at your job
Japan's Nikkei 225 rises around 2% on return to trade; Asia shares mixed
Tiger 21, an exclusive club of investors, says the ultra rich are doubling down on stocks
Job unhappiness is at a staggering all-time high, according to Gallup
Just how strong is the U.S. consumer? Here's what Wall Street has to say — and the stocks it likes
Elon Musk wants to cut this ‘terrible habit’ from his morning routine: ‘I suspect a lot of people do [this]'
There are several pockets of strength in the market right now — and not just in tech
Toast shares pop as revenue beats estimates and forecast shows more restaurants are going digital
Morgan Stanley downgrades Allbirds, says stock is stuck until 'path to profitability is more clear'

日本語タイトル:['']
=== エラー内容 ===
type:<class 'IndexError'>
args:('list index out of range',)
e自身:list index out of range
タイトル:You'll Almost Have to Buy an Electric Vehicle if Climate Bill Passes
Billionaire George Soros Bets on Musk's Tesla and Ford
BBBY Stock: Why It's Getting Harder to Short
Facebook Mired in a New Major Controversy
Cannabis Week: Michigan Sales Record; CEO Pay Surges; Musk Weighs in
3 Great Reasons Not to Bet Against GameStop Stock
July Inflation Slows to 8.5%, Paring Fed Rate Bets: Stocks Surge
Housing Market: For Once, a Positive Development for Buyers
Delisting of Chinese ADRs Is Part of the New Cold War - RealMoney
Here's How Amazon Decides What You're Going to Buy
Elon Musk Loves it When Tesla Competitors do This
Which Are the Most Popular Jobs in the Various States?
Universal Studios Changing How 'Harry Potter' Fans Make Magic
Where Carnival, Norwegian, Royal Caribbean Sit on Covid Vaccines
Gasoline At (or Under) $2.99 a Gallon: Here's Where

日本語タイトル:['']
=== エラー内容 ===
type:<class 'IndexError'>
args:('list index out of range',)
e自身:list index out of range
タイトル:Peloton cutting over 700 jobs, raising prices on Bike+, Tread
Johnson & Johnson to end sale of talc-based baby powder globally in 2023
Mazda moves away from Chinese suppliers, attempts to bolster domestic production
Meditation app Calm lays off 20% of workforce
Dem Rep. Kathy Manning scooped up thousands in chip company stock one day before voting to pass CHIPS Act
STOCK MARKET NEWS: Peloton cutting 700+ jobs, Dow, S&P, Nasdaq post winning week
Thrift shop business booms as inflation throttles American bank accounts
Salman Rushdie, attacked at New York book event, explored good vs. evil in his work
Best Buy cuts store jobs to help boost profits
Cantor executive, former Deutsche Bank Co-CEO Anshu Jain dies
Sen. Warren wants to expand IRS powers beyond the Inflation Reduction Act to prepare tax returns
Larry Kudlow on Trump search warrant: I find these charges utterly not believable
Monkeypox fears: San Francisco couple says they were nearly booted from Spirit Airlines flight over eczema
The Inflation Reduction Act is changing electric car tax credits
Here are the most pet-friendly cities in the US this year: report

日本語タイトル:['']
=== エラー内容 ===
type:<class 'IndexError'>
args:('list index out of range',)
e自身:list index out of range
タイトル:Mar-a-Lago search showed legal peril of Trump documents, national security probe
Officials asked for damage assessment of papers from Trump's Mar-a-Lago
FBI attacker was prolific poster on Trump's Truth Social
Historians privately warn Biden: America’s democracy is on the brink
Documents show how Trump landed Lincoln Memorial for Fox News event
Suspect charged after Salman Rushdie stabbed at New York event
Gunman wounds 8 in late-night Jerusalem shooting
Analysis  Event venues (like Trump's Mar-a-Lago) are not good places to store nuclear secrets
CDC loosens coronavirus guidance, signaling strategic shift
Padres star Fernando Tatis Jr. suspended 80 games for violating MLB's PED policy
How to trace your home's history
Analysis  Xi Jinping's Banker Crusade Is Too Much Stick, No Carrots
Opinion  DeSantis sacked me for doing my job as a prosecutor. Who's next?
14 injured, four critically, after car crashes into Arlington building
Opinion  Influencers are whitewashing Syria's regime, with help from sponsors

日本語タイトル:['']
=== エラー内容 ===
type:<class 'IndexError'>
args:('list index out of range',)
e自身:list index out of range
タイトル:Rainwater no longer safe to drink anywhere due to 'forever chemicals'
I'm a travel agent who specializes in cruises and my career has changed during the summer of chaos
DOJ investigating if Trump violated Espionage Act by taking records
Boebert's neighbors called 911 after her husband ran over their mailbox
Trump doesn't deny taking classified nuclear docs in new statement
SoulCycle to close 19 studios and layoff staffers. See the list.
Walmart sued after child killed in fire caused by parking lot camping
Read Peloton memo announcing job cuts, price hikes, store closures
Shelling at Ukraine's Zaporizhzhia nuclear plant sparks power shutdown
FBI office attack suspect was angry at Mar-a-Lago raid, posts suggest
Donald Trump's business, CFO, to stand trial October 24 in tax-dodge case
Musk says taxes audited every year, posts false GOP claim on IRS hires
Russia offering prisoners amnesty if they fight in Ukraine: report
Google blames Apple for lousy Android-to-iPhone messaging
Whole Foods CEO: Young people don't want to work

日本語タイトル:['']
=== エラー内容 ===
type:<class 'IndexError'>
args:('list index out of range',)
e自身:list index out of range
タイトル:CNN chief legal analyst Jeffrey Toobin will exit network after 20 years
Trump lawyer claimed no classified material was at Mar-a-Lago in signed letter to Justice Department
Judge denies Trump Org and former CFO's motion to dismiss tax fraud indictment
Responding to FBI search, Trump and allies return to his familiar strategy: flood the zone with nonsense
FBI took 11 sets of classified material from Trump's Mar-a-Lago home while investigating possible Espionage Act violations
'The Netflix effect': Why Western women are heading to South Korea in search of love
Beasts of the skies and bomb-ravaged city tours
'Totally untrue': Dale fact-checks Trump's claims after FBI search
11 killed, including 2 children, in Montenegro gun attack, report state media
Authorities identify suspect who attacked author Salman Rushdie at western New York event
Inside the Ukraine power plant raising the specter of nuclear disaster in Europe
Southern Baptist Convention says it faces a DOJ investigation after outside report finds leaders mishandled allegations of sexual abuse
Letter obtained by CNN shows FDA defended new monkeypox vaccine strategy to vaccine maker
Account bearing Ohio FBI standoff suspect's name encouraged violence against the agency in posts on Trump social media platform
Peloton is cutting jobs, closing stores and hiking prices

日本語タイトル:['']
=== エラー内容 ===
type:<class 'IndexError'>
args:('list index out of range',)
e自身:list index out of range
タイトル:The Funniest Tweets From Women This Week (Aug. 6-12)
Trump Attorney Signed June Memo Falsely Declaring Classified Docs Were Returned: Report
The Funniest Tweets From Parents This Week (Aug. 6-12)
MLB Player Shocks Fans As He Throws Up A Stream Of Liquid During A Game
Republicans Bashed For Attacks On IRS Agents After Targeting FBI
Suspect In Rushdie Stabbing Pleads Not Guilty As Author Remains Hospitalized
With Just 3 Words, A Boy At School Changed Everything I Thought I Knew About Myself
Legal Analyst Jeffrey Toobin Leaving CNN Two Years After Zoom Incident
Netflix's 'Uncoupled' Is The Diverse Queer Sitcom 'Will & Grace' Couldn't Be
California To Become 1st State To Give Free School Lunches To Students
Kate McKinnon Reveals The 2 Moments She Felt 'Most Connected' To 'SNL' Audiences
‘Kimmel’ Host David Alan Grier Mocks Right-Wing Dating App: ‘Tinder For Bigots’
Man Convicted Of Child Sexual Assault Drinks Mystery Liquid In Court, Dies
New MAGA — Mothers Against Greg Abbott — Gears Up For Texas Election
Listen To Rattled Neighbors Report Wild Clash With Lauren Boebert's Husband

日本語タイトル:['']
=== エラー内容 ===
type:<class 'IndexError'>
args:('list index out of range',)
e自身:list index out of range
タイトル:Tech Takes Wind Out of Stocks as Bond Yields Climb: Markets Wrap
JPMorgan's Kelly Sees Stocks Returning to All-Time Highs in Three Years
Stocks Roar to Cap Longest Weekly Rally This Year: Markets Wrap
Ukraine Cut to Default by S&P After Creditors OK Debt-Payment Delay
Tech Jitters Rattle Stocks With Key CPI in Focus: Markets Wrap
Amazon (AMZN) Joins Deal Revival Spurred by Cheap Valuations
Robinhood Must Face Market Manipulation Claims Over Meme Trading
China's Smartphone Golden Era Is Fading a Sales Sink
Hong Kong's Gaw Capital to Invest $4 Billion in Japan Property
Centurium-Backed Taibang Picks CICC, JPMorgan for HK IPO, Sources Say
Ethereum (ETH) Merge Planned for September After Successful Final Test
Investors Shunning Equities Set the Stage for Stocks' Big Bounce
Anshu Jain Dies After Battle With Cancer, Family Says
World's Oldest Glass Maker Riedel Braces for Shutdowns as Gas Crisis Deepens
Crypto Reddit Mobilizes After Being Pummeled by Bankruptcies

日本語タイトル:['']
=== エラー内容 ===
type:<class 'IndexError'>
args:('list index out of range',)
e自身:list index out of range
タイトル:70% of Seniors Will Face This Giant Expense -- and Many Are Unprepared - The Motley Fool
This Passive-Income Giant Has High-Powered Growth Ahead - The Motley Fool
2 Supercharged Stocks to Buy Without Any Hesitation - The Motley Fool
Your Investments vs. a Bear Market: How to Come Out on Top - The Motley Fool
This Could Be the Greatest Threat to Retirees' Financial Security - The Motley Fool
Should You Keep Investing in Your 401(k) Right Now, or Is That a Bad Idea? - The Motley Fool
This Strategy Could Give You a Higher Social Security Benefit -- Even if You've Already Filed - The Motley Fool
Is Target Stock a Buy Right Now? - The Motley Fool
Was Warren Buffett Buying or Selling Last Quarter? - The Motley Fool
Ethereum in 3 Figures: Is It a Buy? - The Motley Fool
Where Will NextEra Energy Be In 3 Years? - The Motley Fool
Why Roku Crushed the Market on Wednesday - The Motley Fool
Is Soaring Invitae Stock a Smart Buy Now? - The Motley Fool
Why Tesla, Nikola, and Lordstown All Rose Today - The Motley Fool
Dutch Bros Stock: 2 Green Flags and 1 Red Flag - The Motley Fool

日本語タイトル:['']
=== エラー内容 ===
type:<class 'IndexError'>
args:('list index out of range',)
e自身:list index out of range
タイトル:Biden is set to sign the largest climate bill in history. These stocks could see the biggest boost
Where to find value in space stocks that were obliterated after the SPAC frenzy
Under the radar stocks like O'Reilly will boost your portfolio
Activist Meister eyes up another possible conglomerate break-up to unlock value
5 things to know before the stock market opens Friday
How to find a side hustle that could keep your skills 'sharp' and make you better at your job
'Don't wait for the perfect moment': 7 bosses share their advice for young people on taking PTO
Job unhappiness is at a staggering all-time high, according to Gallup
Elon Musk wants to cut this ‘terrible habit’ from his morning routine: ‘I suspect a lot of people do [this]'
What's next for bitcoin as the cryptocurrency wrestles with $24000

日本語タイトル:['']
=== エラー内容 ===
type:<class 'IndexError'>
args:('list index out of range',)
e自身:list index out of range
タイトル:Trump's Mar-a-Lago resort posed rare security challenges, experts say
Ukraine targets Russian soldiers threatening Europe's largest nuclear power plant
EU's Borrell condemns attack on Salman Rushdie
Biden is set to sign the largest climate bill in history. These stocks could see the biggest boost
Where to find value in space stocks that were obliterated after the SPAC frenzy
Under the radar stocks like O'Reilly will boost your portfolio
You'll Almost Have to Buy an Electric Vehicle if Climate Bill Passes
BBBY Stock: Why It's Getting Harder to Short
Billionaire George Soros Bets on Musk's Tesla and Ford
Peloton cutting over 700 jobs, raising prices on Bike+, Tread
Meditation app Calm lays off 20% of workforce
STOCK MARKET NEWS: Peloton cutting 700+ jobs, Dow, S&P, Nasdaq post winning week
Mar-a-Lago search showed legal peril of Trump documents, national security probe
Gunman wounds 8 in late-night Jerusalem shooting
FBI attacker was prolific poster on Trump's Truth Social
Rainwater no longer safe to drink anywhere due to 'forever chemicals'
FBI got 11 sets of classified docs from Mar-a-Lago raid: WSJ
I'm a travel agent who specializes in cruises and my career has changed during the summer of chaos
CNN chief legal analyst Jeffrey Toobin will exit network after 20 years
Key lines from the search warrant and receipt for Trump's Florida home
Judge denies Trump Org and former CFO's motion to dismiss tax fraud indictment
The Funniest Tweets From Women This Week (Aug. 6-12)
Republicans Bashed For Attacks On IRS Agents After Targeting FBI
MLB Player Shocks Fans As He Throws Up A Stream Of Liquid During A Game
Morgan Stanley's Shalett Warns of 'Head Fake' in Inflation Data
Germany Proposes Cooler Office Temperatures to Save Gas
Ukraine Cut to Default by S&P After Creditors OK Debt-Payment Delay
70% of Seniors Will Face This Giant Expense -- and Many Are Unprepared - The Motley Fool
Stock Market Sell-Off: 2 Stocks I'll Hold Forever - The Motley Fool
This Passive-Income Giant Has High-Powered Growth Ahead - The Motley Fool

日本語タイトル:['']
=== エラー内容 ===
type:<class 'IndexError'>
args:('list index out of range',)
e自身:list index out of range
タイトル:Trump's Mar-a-Lago resort posed rare security challenges, experts say
North Korea criticises U.N. chief's support for the North's denuclearisation
EU's Borrell condemns attack on Salman Rushdie
Former Deutsche Bank co-CEO Anshu Jain dies
U.S. tells India that Indian ship was used to reroute Russian-linked fuel to New York
U.S. and Switzerland working on facilitating pharma trade, U.S. ambassador says
Sunoco subsidiary sues insurer for refusing to cover climate-change litigation
France halts spread of "monster" wildfire, reopens highway
U.S. to pause oil, gas leasing on 2.2 million acres in Colorado over climate impact
Bankruptcy judge approves higher payments for InfoWars vendor
Judge reinstates Obama-era coal-leasing ban
Taiwan thanks U.S. for maintaining security in Taiwan Strait
New Zealand bounce back to beat Boks and ease pressure on Foster
Southampton fight back to draw with Leeds
Shanghai extends weekly COVID-19 testing requirement until end of September

日本語タイトル:['']
=== エラー内容 ===
type:<class 'IndexError'>
args:('list index out of range',)
e自身:list index out of range
タイトル:Biden is set to sign the largest climate bill in history. These stocks could see the biggest boost
S&P 500 closes flat, Nasdaq dips as market comeback rally takes a breather
Under the radar stocks like O'Reilly will boost your portfolio
These are the best-performing S&P 500 stocks this week. Here's where analysts see them going
European stocks close mixed as investors assess inflation, earnings; Aegon up 9%
How to find a side hustle that could keep your skills 'sharp' and make you better at your job
Activist Meister eyes up another possible conglomerate break-up to unlock value
'Don't wait for the perfect moment': 7 bosses share their advice for young people on taking PTO
Japan's Nikkei 225 rises around 2% on return to trade; Asia shares mixed
Tiger 21, an exclusive club of investors, says the ultra rich are doubling down on stocks
Job unhappiness is at a staggering all-time high, according to Gallup
What's next for bitcoin as the cryptocurrency wrestles with $24000
Toast shares pop as revenue beats estimates and forecast shows more restaurants are going digital
Elon Musk wants to cut this ‘terrible habit’ from his morning routine: ‘I suspect a lot of people do [this]'
Morgan Stanley downgrades Allbirds, says stock is stuck until 'path to profitability is more clear'

日本語タイトル:['']
=== エラー内容 ===
type:<class 'IndexError'>
args:('list index out of range',)
e自身:list index out of range
タイトル:You'll Almost Have to Buy an Electric Vehicle if Climate Bill Passes
BBBY Stock: Why It's Getting Harder to Short
Billionaire George Soros Bets on Musk's Tesla and Ford
Facebook Mired in a New Major Controversy
Cannabis Week: Michigan Sales Record; CEO Pay Surges; Musk Weighs in
3 Great Reasons Not to Bet Against GameStop Stock
July Inflation Slows to 8.5%, Paring Fed Rate Bets: Stocks Surge
Housing Market: For Once, a Positive Development for Buyers
Here's How Amazon Decides What You're Going to Buy
Delisting of Chinese ADRs Is Part of the New Cold War - RealMoney
Elon Musk Loves it When Tesla Competitors do This
Which Are the Most Popular Jobs in the Various States?
Universal Studios Changing How 'Harry Potter' Fans Make Magic
Gasoline At (or Under) $2.99 a Gallon: Here's Where
Musk Is Selling Tesla Stock. Should You? Check the Chart.

日本語タイトル:['']
=== エラー内容 ===
type:<class 'IndexError'>
args:('list index out of range',)
e自身:list index out of range
タイトル:Johnson & Johnson to end sale of talc-based baby powder globally in 2023
Peloton cutting over 700 jobs, raising prices on Bike+, Tread
Salman Rushdie, attacked at New York book event, explored good vs. evil in his work
Meditation app Calm lays off 20% of workforce
STOCK MARKET NEWS: Peloton cutting 700+ jobs, Dow, S&P, Nasdaq post winning week
Dem Rep. Kathy Manning scooped up thousands in chip company stock one day before voting to pass CHIPS Act
Best Buy cuts store jobs to help boost profits
Thrift shop business booms as inflation throttles American bank accounts
Cantor executive, former Deutsche Bank Co-CEO Anshu Jain dies
Mazda moves away from Chinese suppliers, attempts to bolster domestic production
Larry Kudlow on Trump search warrant: I find these charges utterly not believable
Monkeypox fears: San Francisco couple says they were nearly booted from Spirit Airlines flight over eczema
The Inflation Reduction Act is changing electric car tax credits
Here are the most pet-friendly cities in the US this year: report
Sen. Warren wants to expand IRS powers beyond the Inflation Reduction Act to prepare tax returns

日本語タイトル:['']
=== エラー内容 ===
type:<class 'IndexError'>
args:('list index out of range',)
e自身:list index out of range
タイトル:Mar-a-Lago search showed legal peril of Trump documents, national security probe
FBI attacker was prolific poster on Trump's Truth Social
Oder River mass fish deaths on German-Polish border linked to mercury
Historians privately warn Biden: America’s democracy is on the brink
Documents show how Trump landed Lincoln Memorial for Fox News event
Officials asked for damage assessment of papers from Trump's Mar-a-Lago
Gunman wounds 8 in late-night Jerusalem shooting
Analysis  Biden gets a big victory and Democrats get some November talking points
Suspect charged after Salman Rushdie stabbed at New York event
Analysis  Event venues (like Trump's Mar-a-Lago) are not good places to store nuclear secrets
CDC loosens coronavirus guidance, signaling strategic shift
Padres star Fernando Tatis Jr. suspended 80 games for violating MLB's PED policy
How to trace your home's history
Analysis  Xi Jinping's Banker Crusade Is Too Much Stick, No Carrots
Opinion  DeSantis sacked me for doing my job as a prosecutor. Who's next?

日本語タイトル:['']
=== エラー内容 ===
type:<class 'IndexError'>
args:('list index out of range',)
e自身:list index out of range
タイトル:Rainwater no longer safe to drink anywhere due to 'forever chemicals'
FBI got 11 sets of classified docs from Mar-a-Lago raid: WSJ
I'm a travel agent who specializes in cruises and my career has changed during the summer of chaos
Boebert's neighbors called 911 after her husband ran over their mailbox
Trump doesn't deny taking classified nuclear docs in new statement
Trump avoided briefings and flushed notes, but asked officials for documents: 'Can I keep this?'
SoulCycle to close 19 studios and layoff staffers. See the list.
Hillary Clinton mocks Trump for pleading the Fifth in his deposition
'Crying CEO' says 'a lot of good' has come from his LinkedIn post
Top economists press Biden to release Afghan frozen funds to Taliban
Walmart sued after child killed in fire caused by parking lot camping
Read Peloton memo announcing job cuts, price hikes, store closures
FBI office attack suspect was angry at Mar-a-Lago raid, posts suggest
Donald Trump's business, CFO, to stand trial October 24 in tax-dodge case
Russia offering prisoners amnesty if they fight in Ukraine: report

日本語タイトル:['']
=== エラー内容 ===
type:<class 'IndexError'>
args:('list index out of range',)
e自身:list index out of range
タイトル:CNN chief legal analyst Jeffrey Toobin will exit network after 20 years
Key lines from the search warrant and receipt for Trump's Florida home
Trump lawyer claimed no classified material was at Mar-a-Lago in signed letter to Justice Department
Judge denies Trump Org and former CFO's motion to dismiss tax fraud indictment
Responding to FBI search, Trump and allies return to his familiar strategy: flood the zone with nonsense
'The Netflix effect': Why Western women are heading to South Korea in search of love
Beasts of the skies and bomb-ravaged city tours
11 killed, including 2 children, in Montenegro gun attack, report state media
Southern Baptist Convention says it faces a DOJ investigation after outside report finds leaders mishandled allegations of sexual abuse
Letter obtained by CNN shows FDA defended new monkeypox vaccine strategy to vaccine maker
Authorities identify suspect who attacked author Salman Rushdie at western New York event
'Totally untrue': Dale fact-checks Trump's claims after FBI search
Account bearing Ohio FBI standoff suspect's name encouraged violence against the agency in posts on Trump social media platform
Florida students return to schools reshaped by Gov. DeSantis' anti-'woke' education agenda
Argentina hikes interest rates to 69.5% as inflation hits 20-year high

日本語タイトル:['']
=== エラー内容 ===
type:<class 'IndexError'>
args:('list index out of range',)
e自身:list index out of range
タイトル:The Funniest Tweets From Women This Week (Aug. 6-12)
Republicans Bashed For Attacks On IRS Agents After Targeting FBI
The Funniest Tweets From Parents This Week (Aug. 6-12)
MLB Player Shocks Fans As He Throws Up A Stream Of Liquid During A Game
Suspect In Rushdie Stabbing Pleads Not Guilty As Author Remains Hospitalized
With Just 3 Words, A Boy At School Changed Everything I Thought I Knew About Myself
Legal Analyst Jeffrey Toobin Leaving CNN Two Years After Zoom Incident
Video Shows NFL Player Hopping Into Stands To Stop Fighting Fans
Trump Attorney Signed June Memo Falsely Declaring Classified Docs Were Returned: Report
Netflix's 'Uncoupled' Is The Diverse Queer Sitcom 'Will & Grace' Couldn't Be
California To Become 1st State To Give Free School Lunches To Students
Kate McKinnon Reveals The 2 Moments She Felt 'Most Connected' To 'SNL' Audiences
Man Convicted Of Child Sexual Assault Drinks Mystery Liquid In Court, Dies
‘Kimmel’ Host David Alan Grier Mocks Right-Wing Dating App: ‘Tinder For Bigots’
New MAGA — Mothers Against Greg Abbott — Gears Up For Texas Election

日本語タイトル:['']
=== エラー内容 ===
type:<class 'IndexError'>
args:('list index out of range',)
e自身:list index out of range
タイトル:Tech Takes Wind Out of Stocks as Bond Yields Climb: Markets Wrap
JPMorgan's Kelly Sees Stocks Returning to All-Time Highs in Three Years
Stocks Roar to Cap Longest Weekly Rally This Year: Markets Wrap
Ukraine Cut to Default by S&P After Creditors OK Debt-Payment Delay
Tech Jitters Rattle Stocks With Key CPI in Focus: Markets Wrap
Robinhood Must Face Market Manipulation Claims Over Meme Trading
Centurium-Backed Taibang Picks CICC, JPMorgan for HK IPO, Sources Say
China's Smartphone Golden Era Is Fading a Sales Sink
Ethereum (ETH) Merge Planned for September After Successful Final Test
Investors Shunning Equities Set the Stage for Stocks' Big Bounce
Anshu Jain Dies After Battle With Cancer, Family Says
World's Oldest Glass Maker Riedel Braces for Shutdowns as Gas Crisis Deepens
Crypto Reddit Mobilizes After Being Pummeled by Bankruptcies
Huawei Books First Sales Rise Since US Sanctions Hit Its Phones
Thyssenkrupp (ETR: TKA) Lowers Profit Outlook After Rising Rates Hit Steel

日本語タイトル:['']
=== エラー内容 ===
type:<class 'IndexError'>
args:('list index out of range',)
e自身:list index out of range
タイトル:70% of Seniors Will Face This Giant Expense -- and Many Are Unprepared - The Motley Fool
This Passive-Income Giant Has High-Powered Growth Ahead - The Motley Fool
2 Supercharged Stocks to Buy Without Any Hesitation - The Motley Fool
Your Investments vs. a Bear Market: How to Come Out on Top - The Motley Fool
This Could Be the Greatest Threat to Retirees' Financial Security - The Motley Fool
This Strategy Could Give You a Higher Social Security Benefit -- Even if You've Already Filed - The Motley Fool
Was Warren Buffett Buying or Selling Last Quarter? - The Motley Fool
Is Target Stock a Buy Right Now? - The Motley Fool
Ethereum in 3 Figures: Is It a Buy? - The Motley Fool
Why Roku Crushed the Market on Wednesday - The Motley Fool
Where Will NextEra Energy Be In 3 Years? - The Motley Fool
Is Soaring Invitae Stock a Smart Buy Now? - The Motley Fool
Why Tesla, Nikola, and Lordstown All Rose Today - The Motley Fool
Dutch Bros Stock: 2 Green Flags and 1 Red Flag - The Motley Fool
The One Savvy Investing Move I Always Make When the Market Goes Down - The Motley Fool

日本語タイトル:['']
=== エラー内容 ===
type:<class 'IndexError'>
args:('list index out of range',)
e自身:list index out of range
タイトル:You'll Almost Have to Buy an Electric Vehicle if Climate Bill Passes
BBBY Stock: Why It's Getting Harder to Short
Mr. Big Short Issues a Dire Warning About the Economy
Billionaire George Soros Bets on Musk's Tesla and Ford
Facebook Mired in a New Major Controversy
Cannabis Week: Michigan Sales Record; CEO Pay Surges; Musk Weighs in
Delisting of Chinese ADRs Is Part of the New Cold War - RealMoney
"Big Short" Trader Danny Moses: Is Tesla a Meme Stock?
Where Carnival, Norwegian, Royal Caribbean Sit on Covid Vaccines
There's a Big Shift Coming for Airline Passengers

日本語タイトル:['']
=== エラー内容 ===
type:<class 'IndexError'>
args:('list index out of range',)
e自身:list index out of range
タイトル:Rakesh Jhunjhunwala, 'India's Warren Buffet', dies at 62 India
Trump's Mar-a-Lago resort posed rare security challenges, experts say
Ukraine targets Russian soldiers threatening Europe's largest nuclear power plant
Biden is set to sign the largest climate bill in history. These stocks could see the biggest boost
Under the radar stocks like O'Reilly will boost your portfolio
These are the best-performing S&P 500 stocks this week. Here's where analysts see them going
You'll Almost Have to Buy an Electric Vehicle if Climate Bill Passes
BBBY Stock: Why It's Getting Harder to Short
Mr. Big Short Issues a Dire Warning About the Economy
Peloton cutting over 700 jobs, raising prices on Bike+, Tread
Salman Rushdie, attacked at New York book event, explored good vs. evil in his work
STOCK MARKET NEWS: Peloton cutting 700+ jobs, Dow, S&P, Nasdaq post winning week
Gunman wounds 8 in late-night Jerusalem shooting
Mar-a-Lago search showed legal peril of Trump documents, national security probe
FBI attacker was prolific poster on Trump's Truth Social
Rainwater no longer safe to drink anywhere due to 'forever chemicals'
FBI got 11 sets of classified docs from Mar-a-Lago raid: WSJ
I'm a travel agent who specializes in cruises and my career has changed during the summer of chaos
CNN chief legal analyst Jeffrey Toobin will exit network after 20 years
Key lines from the search warrant and receipt for Trump's Florida home
Responding to FBI search, Trump and allies return to his familiar strategy: flood the zone with nonsense
The Funniest Tweets From Women This Week (Aug. 6-12)
The Funniest Tweets From Parents This Week (Aug. 6-12)
Suspect In Rushdie Stabbing Pleads Not Guilty As Author Remains Hospitalized
Morgan Stanley's Shalett Warns of 'Head Fake' in Inflation Data
Germany Proposes Cooler Office Temperatures to Save Gas
Ukraine Cut to Default by S&P After Creditors OK Debt-Payment Delay
70% of Seniors Will Face This Giant Expense -- and Many Are Unprepared - The Motley Fool
This Passive-Income Giant Has High-Powered Growth Ahead - The Motley Fool
Stock Market Sell-Off: 2 Stocks I'll Hold Forever - The Motley Fool

日本語タイトル:['']
=== エラー内容 ===
type:<class 'IndexError'>
args:('list index out of range',)
e自身:list index out of range
タイトル:Rakesh Jhunjhunwala, 'India's Warren Buffet', dies at 62 India
Trump's Mar-a-Lago resort posed rare security challenges, experts say
North Korea criticises U.N. chief's support for the North's denuclearisation
EU's Borrell condemns attack on Salman Rushdie
Former Deutsche Bank co-CEO Anshu Jain dies
U.S. tells India that Indian ship was used to reroute Russian-linked fuel to New York
France halts spread of "monster" wildfire, reopens highway
U.S. and Switzerland working on facilitating pharma trade, U.S. ambassador says
Sunoco subsidiary sues insurer for refusing to cover climate-change litigation
Taiwan thanks U.S. for maintaining security in Taiwan Strait
Shanghai extends weekly COVID-19 testing requirement until end of September
Judge reinstates Obama-era coal-leasing ban
Bankruptcy judge approves higher payments for InfoWars vendor
Ukraine targets Russian soldiers threatening Europe's largest nuclear power plant
New Zealand bounce back to beat Boks and ease pressure on Foster

日本語タイトル:['']
=== エラー内容 ===
type:<class 'IndexError'>
args:('list index out of range',)
e自身:list index out of range
タイトル:Biden is set to sign the largest climate bill in history. These stocks could see the biggest boost
Under the radar stocks like O'Reilly will boost your portfolio
S&P 500 closes flat, Nasdaq dips as market comeback rally takes a breather
These are the best-performing S&P 500 stocks this week. Here's where analysts see them going
Activist Meister eyes up another possible conglomerate break-up to unlock value
How to find a side hustle that could keep your skills 'sharp' and make you better at your job
'Don't wait for the perfect moment': 7 bosses share their advice for young people on taking PTO
Japan's Nikkei 225 rises around 2% on return to trade; Asia shares mixed
Tiger 21, an exclusive club of investors, says the ultra rich are doubling down on stocks
Job unhappiness is at a staggering all-time high, according to Gallup
Just how strong is the U.S. consumer? Here's what Wall Street has to say — and the stocks it likes
Elon Musk wants to cut this ‘terrible habit’ from his morning routine: ‘I suspect a lot of people do [this]'
There are several pockets of strength in the market right now — and not just in tech
Toast shares pop as revenue beats estimates and forecast shows more restaurants are going digital
Morgan Stanley downgrades Allbirds, says stock is stuck until 'path to profitability is more clear'

日本語タイトル:['']
=== エラー内容 ===
type:<class 'IndexError'>
args:('list index out of range',)
e自身:list index out of range
タイトル:You'll Almost Have to Buy an Electric Vehicle if Climate Bill Passes
BBBY Stock: Why It's Getting Harder to Short
Mr. Big Short Issues a Dire Warning About the Economy
Billionaire George Soros Bets on Musk's Tesla and Ford
Facebook Mired in a New Major Controversy
Cannabis Week: Michigan Sales Record; CEO Pay Surges; Musk Weighs in
3 Great Reasons Not to Bet Against GameStop Stock
July Inflation Slows to 8.5%, Paring Fed Rate Bets: Stocks Surge
Housing Market: For Once, a Positive Development for Buyers
Delisting of Chinese ADRs Is Part of the New Cold War - RealMoney
Here's How Amazon Decides What You're Going to Buy
Elon Musk Loves it When Tesla Competitors do This
Which Are the Most Popular Jobs in the Various States?
Gasoline At (or Under) $2.99 a Gallon: Here's Where
Musk Is Selling Tesla Stock. Should You? Check the Chart.

日本語タイトル:['']
=== エラー内容 ===
type:<class 'IndexError'>
args:('list index out of range',)
e自身:list index out of range
タイトル:Johnson & Johnson to end sale of talc-based baby powder globally in 2023
Peloton cutting over 700 jobs, raising prices on Bike+, Tread
Salman Rushdie, attacked at New York book event, explored good vs. evil in his work
STOCK MARKET NEWS: Peloton cutting 700+ jobs, Dow, S&P, Nasdaq post winning week
Meditation app Calm lays off 20% of workforce
Dem Rep. Kathy Manning scooped up thousands in chip company stock one day before voting to pass CHIPS Act
Best Buy cuts store jobs to help boost profits
Thrift shop business booms as inflation throttles American bank accounts
Cantor executive, former Deutsche Bank Co-CEO Anshu Jain dies
At least 300 TikTok employees previously worked for Chinese state-aligned media: Report
Mazda moves away from Chinese suppliers, attempts to bolster domestic production
Monkeypox fears: San Francisco couple says they were nearly booted from Spirit Airlines flight over eczema
How inflation is hitting back-to-school essentials
Larry Kudlow on Trump search warrant: I find these charges utterly not believable
The Inflation Reduction Act is changing electric car tax credits

日本語タイトル:['']
=== エラー内容 ===
type:<class 'IndexError'>
args:('list index out of range',)
e自身:list index out of range
タイトル:Mar-a-Lago search showed legal peril of Trump documents, national security probe
FBI attacker was prolific poster on Trump's Truth Social
Documents show how Trump landed Lincoln Memorial for Fox News event
Oder River mass fish deaths on German-Polish border linked to mercury
Suspect charged after Salman Rushdie stabbed at New York event
Gunman wounds 8 in late-night Jerusalem shooting
Analysis  Biden gets a big victory and Democrats get some November talking points
Analysis  Event venues (like Trump's Mar-a-Lago) are not good places to store nuclear secrets
Historians privately warn Biden: America’s democracy is on the brink
CDC loosens coronavirus guidance, signaling strategic shift
Officials asked for damage assessment of papers from Trump's Mar-a-Lago
How to trace your home's history
Analysis  Xi Jinping's Banker Crusade Is Too Much Stick, No Carrots
Opinion  DeSantis sacked me for doing my job as a prosecutor. Who's next?
Opinion  Influencers are whitewashing Syria's regime, with help from sponsors

日本語タイトル:['']
=== エラー内容 ===
type:<class 'IndexError'>
args:('list index out of range',)
e自身:list index out of range
タイトル:Rainwater no longer safe to drink anywhere due to 'forever chemicals'
FBI got 11 sets of classified docs from Mar-a-Lago raid: WSJ
I'm a travel agent who specializes in cruises and my career has changed during the summer of chaos
Boebert's neighbors called 911 after her husband ran over their mailbox
Trump avoided briefings and flushed notes, but asked officials for documents: 'Can I keep this?'
Trump doesn't deny taking classified nuclear docs in new statement
SoulCycle to close 19 studios and layoff staffers. See the list.
Hillary Clinton mocks Trump for pleading the Fifth in his deposition
Top economists press Biden to release Afghan frozen funds to Taliban
Read Peloton memo announcing job cuts, price hikes, store closures
Walmart sued after child killed in fire caused by parking lot camping
FBI office attack suspect was angry at Mar-a-Lago raid, posts suggest
Donald Trump's business, CFO, to stand trial October 24 in tax-dodge case
Russia offering prisoners amnesty if they fight in Ukraine: report
Google blames Apple for lousy Android-to-iPhone messaging

日本語タイトル:['']
=== エラー内容 ===
type:<class 'IndexError'>
args:('list index out of range',)
e自身:list index out of range
タイトル:CNN chief legal analyst Jeffrey Toobin will exit network after 20 years
Key lines from the search warrant and receipt for Trump's Florida home
Responding to FBI search, Trump and allies return to his familiar strategy: flood the zone with nonsense
Judge denies Trump Org and former CFO's motion to dismiss tax fraud indictment
Trump lawyer claimed no classified material was at Mar-a-Lago in signed letter to Justice Department
'The Netflix effect': Why Western women are heading to South Korea in search of love
Beasts of the skies and bomb-ravaged city tours
11 killed, including 2 children, in Montenegro gun attack, report state media
Southern Baptist Convention says it faces a DOJ investigation after outside report finds leaders mishandled allegations of sexual abuse
'Totally untrue': Dale fact-checks Trump's claims after FBI search
Authorities identify suspect who attacked author Salman Rushdie at western New York event
Inside the Ukraine power plant raising the specter of nuclear disaster in Europe
Account bearing Ohio FBI standoff suspect's name encouraged violence against the agency in posts on Trump social media platform
Florida students return to schools reshaped by Gov. DeSantis' anti-'woke' education agenda
A disastrous megaflood is coming to California, experts say, and it could be the most expensive natural disaster in history

日本語タイトル:['']
=== エラー内容 ===
type:<class 'IndexError'>
args:('list index out of range',)
e自身:list index out of range
タイトル:The Funniest Tweets From Women This Week (Aug. 6-12)
The Funniest Tweets From Parents This Week (Aug. 6-12)
Suspect In Rushdie Stabbing Pleads Not Guilty As Author Remains Hospitalized
Republicans Bashed For Attacks On IRS Agents After Targeting FBI
With Just 3 Words, A Boy At School Changed Everything I Thought I Knew About Myself
MLB Player Shocks Fans As He Throws Up A Stream Of Liquid During A Game
Legal Analyst Jeffrey Toobin Leaving CNN Two Years After Zoom Incident
Video Shows NFL Player Hopping Into Stands To Stop Fighting Fans
Trump Attorney Signed June Memo Falsely Declaring Classified Docs Were Returned: Report
Netflix's 'Uncoupled' Is The Diverse Queer Sitcom 'Will & Grace' Couldn't Be
Kate McKinnon Reveals The 2 Moments She Felt 'Most Connected' To 'SNL' Audiences
California To Become 1st State To Give Free School Lunches To Students
‘Kimmel’ Host David Alan Grier Mocks Right-Wing Dating App: ‘Tinder For Bigots’
Man Convicted Of Child Sexual Assault Drinks Mystery Liquid In Court, Dies
New MAGA — Mothers Against Greg Abbott — Gears Up For Texas Election

日本語タイトル:['']
=== エラー内容 ===
type:<class 'IndexError'>
args:('list index out of range',)
e自身:list index out of range
タイトル:Tech Takes Wind Out of Stocks as Bond Yields Climb: Markets Wrap
JPMorgan's Kelly Sees Stocks Returning to All-Time Highs in Three Years
Stocks Roar to Cap Longest Weekly Rally This Year: Markets Wrap
Ukraine Cut to Default by S&P After Creditors OK Debt-Payment Delay
Tech Jitters Rattle Stocks With Key CPI in Focus: Markets Wrap
Robinhood Must Face Market Manipulation Claims Over Meme Trading
Centurium-Backed Taibang Picks CICC, JPMorgan for HK IPO, Sources Say
China's Smartphone Golden Era Is Fading a Sales Sink
Ethereum (ETH) Merge Planned for September After Successful Final Test
Investors Shunning Equities Set the Stage for Stocks' Big Bounce
World's Oldest Glass Maker Riedel Braces for Shutdowns as Gas Crisis Deepens
Crypto Reddit Mobilizes After Being Pummeled by Bankruptcies
Huawei Books First Sales Rise Since US Sanctions Hit Its Phones
Thyssenkrupp (ETR: TKA) Lowers Profit Outlook After Rising Rates Hit Steel
Anshu Jain Dies After Battle With Cancer, Family Says

日本語タイトル:['']
=== エラー内容 ===
type:<class 'IndexError'>
args:('list index out of range',)
e自身:list index out of range
タイトル:70% of Seniors Will Face This Giant Expense -- and Many Are Unprepared - The Motley Fool
This Passive-Income Giant Has High-Powered Growth Ahead - The Motley Fool
2 Supercharged Stocks to Buy Without Any Hesitation - The Motley Fool
Your Investments vs. a Bear Market: How to Come Out on Top - The Motley Fool
This Could Be the Greatest Threat to Retirees' Financial Security - The Motley Fool
This Strategy Could Give You a Higher Social Security Benefit -- Even if You've Already Filed - The Motley Fool
Was Warren Buffett Buying or Selling Last Quarter? - The Motley Fool
Is Target Stock a Buy Right Now? - The Motley Fool
Ethereum in 3 Figures: Is It a Buy? - The Motley Fool
Why Roku Crushed the Market on Wednesday - The Motley Fool
Where Will NextEra Energy Be In 3 Years? - The Motley Fool
3 Stocks Still Thriving Even as Oil Prices Cool Off - The Motley Fool
Is Soaring Invitae Stock a Smart Buy Now? - The Motley Fool
Why Tesla, Nikola, and Lordstown All Rose Today - The Motley Fool
Dutch Bros Stock: 2 Green Flags and 1 Red Flag - The Motley Fool

日本語タイトル:['']
=== エラー内容 ===
type:<class 'IndexError'>
args:('list index out of range',)
e自身:list index out of range
タイトル:You'll Almost Have to Buy an Electric Vehicle if Climate Bill Passes
BBBY Stock: Why It's Getting Harder to Short
Mr. Big Short Issues a Dire Warning About the Economy
Billionaire George Soros Bets on Musk's Tesla and Ford
Facebook Mired in a New Major Controversy
Cannabis Week: Michigan Sales Record; CEO Pay Surges; Musk Weighs in
Delisting of Chinese ADRs Is Part of the New Cold War - RealMoney
"Big Short" Trader Danny Moses: Is Tesla a Meme Stock?
Where Carnival, Norwegian, Royal Caribbean Sit on Covid Vaccines
There's a Big Shift Coming for Airline Passengers

日本語タイトル:['']
=== エラー内容 ===
type:<class 'IndexError'>
args:('list index out of range',)
e自身:list index out of range
タイトル:Rakesh Jhunjhunwala, 'India's Warren Buffet', dies at 62 India
Trump's Mar-a-Lago resort posed rare security challenges, experts say
North Korea criticises U.N. chief's support for the North's denuclearisation
Biden is set to sign the largest climate bill in history. These stocks could see the biggest boost
Salman Rushdie off ventilator and talking, day after attack
Activist Meister eyes up another possible conglomerate break-up to unlock value
You'll Almost Have to Buy an Electric Vehicle if Climate Bill Passes
BBBY Stock: Why It's Getting Harder to Short
Mr. Big Short Issues a Dire Warning About the Economy
Peloton cutting over 700 jobs, raising prices on Bike+, Tread
Salman Rushdie, attacked at New York book event, explored good vs. evil in his work
Meditation app Calm lays off 20% of workforce
Mar-a-Lago search showed legal peril of Trump documents, national security probe
Gunman wounds 8 in late-night Jerusalem shooting
FBI attacker was prolific poster on Trump's Truth Social
Rainwater no longer safe to drink anywhere due to 'forever chemicals'
I'm a travel agent who specializes in cruises and my career has changed during the summer of chaos
DOJ investigating if Trump violated Espionage Act by taking records
CNN chief legal analyst Jeffrey Toobin will exit network after 20 years
Key lines from the search warrant and receipt for Trump's Florida home
Trump lawyer claimed no classified material was at Mar-a-Lago in signed letter to Justice Department
The Funniest Tweets From Women This Week (Aug. 6-12)
Agent: Rushdie off ventilator and talking, day after attack
The Funniest Tweets From Parents This Week (Aug. 6-12)
Morgan Stanley's Shalett Warns of 'Head Fake' in Inflation Data
Indian Billionaire Investor Rakesh Jhunjhunwala Dies at 62
Germany Proposes Cooler Office Temperatures to Save Gas
70% of Seniors Will Face This Giant Expense -- and Many Are Unprepared - The Motley Fool
This Passive-Income Giant Has High-Powered Growth Ahead - The Motley Fool
2 Supercharged Stocks to Buy Without Any Hesitation - The Motley Fool

日本語タイトル:['']
=== エラー内容 ===
type:<class 'IndexError'>
args:('list index out of range',)
e自身:list index out of range
タイトル:Rakesh Jhunjhunwala, 'India's Warren Buffet', dies at 62 India
Trump's Mar-a-Lago resort posed rare security challenges, experts say
Ukraine targets Russian soldiers threatening Europe's largest nuclear power plant
North Korea criticises U.N. chief's support for the North's denuclearisation
U.S. tells India that Indian ship was used to reroute Russian-linked fuel to New York
EU's Borrell condemns attack on Salman Rushdie
Former Deutsche Bank co-CEO Anshu Jain dies
U.S. and Switzerland working on facilitating pharma trade, U.S. ambassador says
Sunoco subsidiary sues insurer for refusing to cover climate-change litigation
Shanghai extends weekly COVID-19 testing requirement until end of September
Judge reinstates Obama-era coal-leasing ban
Bankruptcy judge approves higher payments for InfoWars vendor
U.S. to pause oil, gas leasing on 2.2 million acres in Colorado over climate impact
Taiwan thanks U.S. for maintaining security in Taiwan Strait
New Zealand bounce back to beat Boks and ease pressure on Foster

日本語タイトル:['']
=== エラー内容 ===
type:<class 'IndexError'>
args:('list index out of range',)
e自身:list index out of range
タイトル:Biden is set to sign the largest climate bill in history. These stocks could see the biggest boost
Under the radar stocks like O'Reilly will boost your portfolio
S&P 500 closes flat, Nasdaq dips as market comeback rally takes a breather
Activist Meister eyes up another possible conglomerate break-up to unlock value
These are the best-performing S&P 500 stocks this week. Here's where analysts see them going
Tiger 21, an exclusive club of investors, says the ultra rich are doubling down on stocks
Japan's Nikkei 225 rises around 2% on return to trade; Asia shares mixed
'Don't wait for the perfect moment': 7 bosses share their advice for young people on taking PTO
How to find a side hustle that could keep your skills 'sharp' and make you better at your job
Job unhappiness is at a staggering all-time high, according to Gallup
Just how strong is the U.S. consumer? Here's what Wall Street has to say — and the stocks it likes
There are several pockets of strength in the market right now — and not just in tech
Elon Musk wants to cut this ‘terrible habit’ from his morning routine: ‘I suspect a lot of people do [this]'
Toast shares pop as revenue beats estimates and forecast shows more restaurants are going digital
Morgan Stanley downgrades Allbirds, says stock is stuck until 'path to profitability is more clear'

日本語タイトル:['']
=== エラー内容 ===
type:<class 'IndexError'>
args:('list index out of range',)
e自身:list index out of range
タイトル:You'll Almost Have to Buy an Electric Vehicle if Climate Bill Passes
BBBY Stock: Why It's Getting Harder to Short
Mr. Big Short Issues a Dire Warning About the Economy
Billionaire George Soros Bets on Musk's Tesla and Ford
Facebook Mired in a New Major Controversy
Cannabis Week: Michigan Sales Record; CEO Pay Surges; Musk Weighs in
3 Great Reasons Not to Bet Against GameStop Stock
Elon Musk Loves it When Tesla Competitors do This
July Inflation Slows to 8.5%, Paring Fed Rate Bets: Stocks Surge
Housing Market: For Once, a Positive Development for Buyers
Here's How Amazon Decides What You're Going to Buy
Delisting of Chinese ADRs Is Part of the New Cold War - RealMoney
Which Are the Most Popular Jobs in the Various States?
Gasoline At (or Under) $2.99 a Gallon: Here's Where
Musk Is Selling Tesla Stock. Should You? Check the Chart.

日本語タイトル:['']
=== エラー内容 ===
type:<class 'IndexError'>
args:('list index out of range',)
e自身:list index out of range
タイトル:Johnson & Johnson to end sale of talc-based baby powder globally in 2023
Peloton cutting over 700 jobs, raising prices on Bike+, Tread
Salman Rushdie, attacked at New York book event, explored good vs. evil in his work
STOCK MARKET NEWS: Peloton cutting 700+ jobs, Dow, S&P, Nasdaq post winning week
Meditation app Calm lays off 20% of workforce
Dem Rep. Kathy Manning scooped up thousands in chip company stock one day before voting to pass CHIPS Act
Best Buy cuts store jobs to help boost profits
Has inflation peaked? Maybe, but it could be 'painfully slow' to fall
Thrift shop business booms as inflation throttles American bank accounts
At least 300 TikTok employees previously worked for Chinese state-aligned media: Report
Dave Ramsey’s inflation survival tips
Cantor executive, former Deutsche Bank Co-CEO Anshu Jain dies
Mazda moves away from Chinese suppliers, attempts to bolster domestic production
Monkeypox fears: San Francisco couple says they were nearly booted from Spirit Airlines flight over eczema
How inflation is hitting back-to-school essentials

日本語タイトル:['']
=== エラー内容 ===
type:<class 'IndexError'>
args:('list index out of range',)
e自身:list index out of range
タイトル:Mar-a-Lago search showed legal peril of Trump documents, national security probe
FBI attacker was prolific poster on Trump's Truth Social
Documents show how Trump landed Lincoln Memorial for Fox News event
Gunman wounds 8 in late-night Jerusalem shooting
Oder River mass fish deaths on German-Polish border linked to mercury
Officials asked for damage assessment of papers from Trump's Mar-a-Lago
Suspect charged after Salman Rushdie stabbed at New York event
Analysis  Event venues (like Trump's Mar-a-Lago) are not good places to store nuclear secrets
Historians privately warn Biden: America’s democracy is on the brink
Padres star Fernando Tatis Jr. suspended 80 games for violating MLB's PED policy
How to trace your home's history
Analysis  Xi Jinping's Banker Crusade Is Too Much Stick, No Carrots
Opinion  DeSantis sacked me for doing my job as a prosecutor. Who's next?
Opinion  Influencers are whitewashing Syria's regime, with help from sponsors
14 injured, four critically, after car crashes into Arlington building

日本語タイトル:['']
=== エラー内容 ===
type:<class 'IndexError'>
args:('list index out of range',)
e自身:list index out of range
タイトル:Rainwater no longer safe to drink anywhere due to 'forever chemicals'
I'm a travel agent who specializes in cruises and my career has changed during the summer of chaos
FBI got 11 sets of classified docs from Mar-a-Lago raid: WSJ
Boebert's neighbors called 911 after her husband ran over their mailbox
Trump avoided briefings and flushed notes, but asked officials for documents: 'Can I keep this?'
Trump doesn't deny taking classified nuclear docs in new statement
Ex-Clinton aide implies Trump had 'kompromat' on Macron, useful to Putin
SoulCycle to close 19 studios and layoff staffers. See the list.
Hillary Clinton mocks Trump for pleading the Fifth in his deposition
Top economists press Biden to release Afghan frozen funds to Taliban
Read Peloton memo announcing job cuts, price hikes, store closures
FBI office attack suspect was angry at Mar-a-Lago raid, posts suggest
Shelling at Ukraine's Zaporizhzhia nuclear plant sparks power shutdown
Donald Trump's business, CFO, to stand trial October 24 in tax-dodge case
Walmart sued after child killed in fire caused by parking lot camping

日本語タイトル:['']
=== エラー内容 ===
type:<class 'IndexError'>
args:('list index out of range',)
e自身:list index out of range
タイトル:CNN chief legal analyst Jeffrey Toobin will exit network after 20 years
Key lines from the search warrant and receipt for Trump's Florida home
Trump lawyer claimed no classified material was at Mar-a-Lago in signed letter to Justice Department
Responding to FBI search, Trump and allies return to his familiar strategy: flood the zone with nonsense
Judge denies Trump Org and former CFO's motion to dismiss tax fraud indictment
'The Netflix effect': Why Western women are heading to South Korea in search of love
Beasts of the skies and bomb-ravaged city tours
11 killed, including 2 children, in Montenegro gun attack, report state media
Southern Baptist Convention says it faces a DOJ investigation after outside report finds leaders mishandled allegations of sexual abuse
Prosecutor provides more details in court of Salman Rushdie's wounds as stabbing suspect pleads not guilty
Inside the Ukraine power plant raising the specter of nuclear disaster in Europe
'Totally untrue': Dale fact-checks Trump's claims after FBI search
Account bearing Ohio FBI standoff suspect's name encouraged violence against the agency in posts on Trump social media platform
A disastrous megaflood is coming to California, experts say, and it could be the most expensive natural disaster in history
Florida students return to schools reshaped by Gov. DeSantis' anti-'woke' education agenda

日本語タイトル:['']
=== エラー内容 ===
type:<class 'IndexError'>
args:('list index out of range',)
e自身:list index out of range
タイトル:The Funniest Tweets From Women This Week (Aug. 6-12)
The Funniest Tweets From Parents This Week (Aug. 6-12)
Suspect In Rushdie Stabbing Pleads Not Guilty As Author Remains Hospitalized
Republicans Bashed For Attacks On IRS Agents After Targeting FBI
Trump Attorney Signed June Memo Falsely Declaring Classified Docs Were Returned: Report
MLB Player Shocks Fans As He Throws Up A Stream Of Liquid During A Game
With Just 3 Words, A Boy At School Changed Everything I Thought I Knew About Myself
Legal Analyst Jeffrey Toobin Leaving CNN Two Years After Zoom Incident
Video Shows NFL Player Hopping Into Stands To Stop Fighting Fans
Listen To Rattled Neighbors Report Wild Clash With Lauren Boebert's Husband
Trevor Noah Spots 1 Big Error Informant Made Before 'Betraying Trump's Trust'
Netflix's 'Uncoupled' Is The Diverse Queer Sitcom 'Will & Grace' Couldn't Be
Kate McKinnon Reveals The 2 Moments She Felt 'Most Connected' To 'SNL' Audiences
California To Become 1st State To Give Free School Lunches To Students
‘Kimmel’ Host David Alan Grier Mocks Right-Wing Dating App: ‘Tinder For Bigots’

日本語タイトル:['']
=== エラー内容 ===
type:<class 'IndexError'>
args:('list index out of range',)
e自身:list index out of range
タイトル:Tech Takes Wind Out of Stocks as Bond Yields Climb: Markets Wrap
Morgan Stanley's Shalett Warns of 'Head Fake' in Inflation Data
JPMorgan's Kelly Sees Stocks Returning to All-Time Highs in Three Years
Stocks Roar to Cap Longest Weekly Rally This Year: Markets Wrap
Tech Jitters Rattle Stocks With Key CPI in Focus: Markets Wrap
Ukraine Cut to Default by S&P After Creditors OK Debt-Payment Delay
Robinhood Must Face Market Manipulation Claims Over Meme Trading
Centurium-Backed Taibang Picks CICC, JPMorgan for HK IPO, Sources Say
China's Smartphone Golden Era Is Fading a Sales Sink
Investors Shunning Equities Set the Stage for Stocks' Big Bounce
Ethereum (ETH) Merge Planned for September After Successful Final Test
World's Oldest Glass Maker Riedel Braces for Shutdowns as Gas Crisis Deepens
Crypto Reddit Mobilizes After Being Pummeled by Bankruptcies
Huawei Books First Sales Rise Since US Sanctions Hit Its Phones
Anshu Jain Dies After Battle With Cancer, Family Says

日本語タイトル:['']
=== エラー内容 ===
type:<class 'IndexError'>
args:('list index out of range',)
e自身:list index out of range
タイトル:70% of Seniors Will Face This Giant Expense -- and Many Are Unprepared - The Motley Fool
This Passive-Income Giant Has High-Powered Growth Ahead - The Motley Fool
2 Supercharged Stocks to Buy Without Any Hesitation - The Motley Fool
Your Investments vs. a Bear Market: How to Come Out on Top - The Motley Fool
This Could Be the Greatest Threat to Retirees' Financial Security - The Motley Fool
This Strategy Could Give You a Higher Social Security Benefit -- Even if You've Already Filed - The Motley Fool
Was Warren Buffett Buying or Selling Last Quarter? - The Motley Fool
Is Target Stock a Buy Right Now? - The Motley Fool
Ethereum in 3 Figures: Is It a Buy? - The Motley Fool
Why Roku Crushed the Market on Wednesday - The Motley Fool
Where Will NextEra Energy Be In 3 Years? - The Motley Fool
3 Stocks Still Thriving Even as Oil Prices Cool Off - The Motley Fool
Is Soaring Invitae Stock a Smart Buy Now? - The Motley Fool
Why Tesla, Nikola, and Lordstown All Rose Today - The Motley Fool
Dutch Bros Stock: 2 Green Flags and 1 Red Flag - The Motley Fool

日本語タイトル:['']
=== エラー内容 ===
type:<class 'IndexError'>
args:('list index out of range',)
e自身:list index out of range
タイトル:Peloton cutting over 700 jobs, raising prices on Bike+, Tread
Salman Rushdie, attacked at New York book event, explored good vs. evil in his work
Mazda moves away from Chinese suppliers, attempts to bolster domestic production
STOCK MARKET NEWS: Peloton cutting 700+ jobs, Dow, S&P, Nasdaq post winning week
Meditation app Calm lays off 20% of workforce
Dem Rep. Kathy Manning scooped up thousands in chip company stock one day before voting to pass CHIPS Act
Best Buy cuts store jobs to help boost profits
Has inflation peaked? Maybe, but it could be 'painfully slow' to fall
Cantor executive, former Deutsche Bank Co-CEO Anshu Jain dies
At least 300 TikTok employees previously worked for Chinese state-aligned media: Report

日本語タイトル:['']
=== エラー内容 ===
type:<class 'IndexError'>
args:('list index out of range',)
e自身:list index out of range
タイトル:Rakesh Jhunjhunwala, 'India's Warren Buffet', dies at 62 India
Trump's Mar-a-Lago resort posed rare security challenges, experts say
Ukraine targets Russian soldiers threatening Europe's largest nuclear power plant
Biden is set to sign the largest climate bill in history. These stocks could see the biggest boost
Salman Rushdie off ventilator and talking, day after attack
Activist Meister eyes up another possible conglomerate break-up to unlock value
You'll Almost Have to Buy an Electric Vehicle if Climate Bill Passes
Billionaire George Soros Bets on Musk's Tesla and Ford
BBBY Stock: Why It's Getting Harder to Short
Peloton cutting over 700 jobs, raising prices on Bike+, Tread
Salman Rushdie, attacked at New York book event, explored good vs. evil in his work
Mazda moves away from Chinese suppliers, attempts to bolster domestic production
Mar-a-Lago search showed legal peril of Trump documents, national security probe
Palestinian gunman wounds 8 in late-night Jerusalem shooting
FBI attacker was prolific poster on Trump's Truth Social
Rainwater no longer safe to drink anywhere due to 'forever chemicals'
DOJ investigating if Trump violated Espionage Act by taking records
I'm a travel agent who specializes in cruises and my career has changed during the summer of chaos
Responding to FBI search, Trump and allies return to his familiar strategy: flood the zone with nonsense
CNN chief legal analyst Jeffrey Toobin will exit network after 20 years
Key lines from the search warrant and receipt for Trump's Florida home
The Funniest Tweets From Women This Week (Aug. 6-12)
The Funniest Tweets From Parents This Week (Aug. 6-12)
Suspect In Rushdie Stabbing Pleads Not Guilty As Author Remains Hospitalized
Morgan Stanley's Shalett Warns of 'Head Fake' in Inflation Data
Indian Billionaire Investor Rakesh Jhunjhunwala Dies at 62
Every Wall Street Trend Goes Haywire as Stock Bears Are Crushed
70% of Seniors Will Face This Giant Expense -- and Many Are Unprepared - The Motley Fool
This Passive-Income Giant Has High-Powered Growth Ahead - The Motley Fool
2 Supercharged Stocks to Buy Without Any Hesitation - The Motley Fool

日本語タイトル:['']
=== エラー内容 ===
type:<class 'IndexError'>
args:('list index out of range',)
e自身:list index out of range
タイトル:Rakesh Jhunjhunwala, 'India's Warren Buffet', dies at 62 India
Trump's Mar-a-Lago resort posed rare security challenges, experts say
Ukraine targets Russian soldiers threatening Europe's largest nuclear power plant
North Korea criticises U.N. chief's support for the North's denuclearisation
U.S. tells India that Indian ship was used to reroute Russian-linked fuel to New York
EU's Borrell condemns attack on Salman Rushdie
Former Deutsche Bank co-CEO Anshu Jain dies
Sunoco subsidiary sues insurer for refusing to cover climate-change litigation
U.S. and Switzerland working on facilitating pharma trade, U.S. ambassador says
Shanghai extends weekly COVID-19 testing requirement until end of September
Judge reinstates Obama-era coal-leasing ban
Bankruptcy judge approves higher payments for InfoWars vendor
Kenya election body: Ruto's party wins governorship of Kenya's capital
Taiwan thanks U.S. for maintaining security in Taiwan Strait
New Zealand bounce back to beat Boks and ease pressure on Foster

日本語タイトル:['']
=== エラー内容 ===
type:<class 'IndexError'>
args:('list index out of range',)
e自身:list index out of range
タイトル:Biden is set to sign the largest climate bill in history. These stocks could see the biggest boost
Under the radar stocks like O'Reilly will boost your portfolio
S&P 500 closes flat, Nasdaq dips as market comeback rally takes a breather
Activist Meister eyes up another possible conglomerate break-up to unlock value
These are the best-performing S&P 500 stocks this week. Here's where analysts see them going
Tiger 21, an exclusive club of investors, says the ultra rich are doubling down on stocks
Japan's Nikkei 225 rises around 2% on return to trade; Asia shares mixed
'Don't wait for the perfect moment': 7 bosses share their advice for young people on taking PTO
How to find a side hustle that could keep your skills 'sharp' and make you better at your job
Job unhappiness is at a staggering all-time high, according to Gallup
Just how strong is the U.S. consumer? Here's what Wall Street has to say — and the stocks it likes
There are several pockets of strength in the market right now — and not just in tech
Toast shares pop as revenue beats estimates and forecast shows more restaurants are going digital
Elon Musk wants to cut this ‘terrible habit’ from his morning routine: ‘I suspect a lot of people do [this]'
Morgan Stanley downgrades Allbirds, says stock is stuck until 'path to profitability is more clear'

日本語タイトル:['']
=== エラー内容 ===
type:<class 'IndexError'>
args:('list index out of range',)
e自身:list index out of range
タイトル:You'll Almost Have to Buy an Electric Vehicle if Climate Bill Passes
Billionaire George Soros Bets on Musk's Tesla and Ford
BBBY Stock: Why It's Getting Harder to Short
Facebook Mired in a New Major Controversy
Cannabis Week: Michigan Sales Record; CEO Pay Surges; Musk Weighs in
3 Great Reasons Not to Bet Against GameStop Stock
Elon Musk Loves it When Tesla Competitors do This
There's a Big Shift Coming for Airline Passengers
July Inflation Slows to 8.5%, Paring Fed Rate Bets: Stocks Surge
Housing Market: For Once, a Positive Development for Buyers
Here's How Amazon Decides What You're Going to Buy
Delisting of Chinese ADRs Is Part of the New Cold War - RealMoney
Which Are the Most Popular Jobs in the Various States?
Airlines Are Going to Hate it if Biden Gets This Through
Gasoline At (or Under) $2.99 a Gallon: Here's Where

日本語タイトル:['']
=== エラー内容 ===
type:<class 'IndexError'>
args:('list index out of range',)
e自身:list index out of range
タイトル:Peloton cutting over 700 jobs, raising prices on Bike+, Tread
Johnson & Johnson to end sale of talc-based baby powder globally in 2023
Salman Rushdie, attacked at New York book event, explored good vs. evil in his work
Mazda moves away from Chinese suppliers, attempts to bolster domestic production
STOCK MARKET NEWS: Peloton cutting 700+ jobs, Dow, S&P, Nasdaq post winning week
Meditation app Calm lays off 20% of workforce
Dem Rep. Kathy Manning scooped up thousands in chip company stock one day before voting to pass CHIPS Act
Best Buy cuts store jobs to help boost profits
Has inflation peaked? Maybe, but it could be 'painfully slow' to fall
Thrift shop business booms as inflation throttles American bank accounts
Cantor executive, former Deutsche Bank Co-CEO Anshu Jain dies
At least 300 TikTok employees previously worked for Chinese state-aligned media: Report
Monkeypox fears: San Francisco couple says they were nearly booted from Spirit Airlines flight over eczema
How inflation is hitting back-to-school essentials
STOCK MARKET NEWS: STOCK MARKET NEWS: S&P, Nasdaq slip, Disney lifts Dow, oil jumps to $94 level

日本語タイトル:['']
=== エラー内容 ===
type:<class 'IndexError'>
args:('list index out of range',)
e自身:list index out of range
タイトル:Mar-a-Lago search showed legal peril of Trump documents, national security probe
FBI attacker was prolific poster on Trump's Truth Social
Oder River mass fish deaths on German-Polish border linked to mercury
Historians privately warn Biden: America’s democracy is on the brink
Suspect charged after Salman Rushdie stabbed at New York event
Palestinian gunman wounds 8 in late-night Jerusalem shooting
Analysis  Biden gets a big victory and Democrats get some November talking points
Analysis  Event venues (like Trump's Mar-a-Lago) are not good places to store nuclear secrets
Documents show how Trump landed Lincoln Memorial for Fox News event
CDC loosens coronavirus guidance, signaling strategic shift
Officials asked for damage assessment of papers from Trump's Mar-a-Lago
How to trace your home's history
Analysis  Xi Jinping's Banker Crusade Is Too Much Stick, No Carrots
Opinion  DeSantis sacked me for doing my job as a prosecutor. Who's next?
Opinion  Influencers are whitewashing Syria's regime, with help from sponsors

日本語タイトル:['']
=== エラー内容 ===
type:<class 'IndexError'>
args:('list index out of range',)
e自身:list index out of range
タイトル:Rainwater no longer safe to drink anywhere due to 'forever chemicals'
I'm a travel agent who specializes in cruises and my career has changed during the summer of chaos
DOJ investigating if Trump violated Espionage Act by taking records
Boebert's neighbors called 911 after her husband ran over their mailbox
Trump avoided briefings and flushed notes, but asked officials for documents: 'Can I keep this?'
Trump doesn't deny taking classified nuclear docs in new statement
SoulCycle to close 19 studios and layoff staffers. See the list.
Hillary Clinton mocks Trump for pleading the Fifth in his deposition
Top economists press Biden to release Afghan frozen funds to Taliban
Read Peloton memo announcing job cuts, price hikes, store closures
Shelling at Ukraine's Zaporizhzhia nuclear plant sparks power shutdown
FBI office attack suspect was angry at Mar-a-Lago raid, posts suggest
Donald Trump's business, CFO, to stand trial October 24 in tax-dodge case
Walmart sued after child killed in fire caused by parking lot camping
Google blames Apple for lousy Android-to-iPhone messaging

日本語タイトル:['']
=== エラー内容 ===
type:<class 'IndexError'>
args:('list index out of range',)
e自身:list index out of range
タイトル:Responding to FBI search, Trump and allies return to his familiar strategy: flood the zone with nonsense
CNN chief legal analyst Jeffrey Toobin will exit network after 20 years
Key lines from the search warrant and receipt for Trump's Florida home
Judge denies Trump Org and former CFO's motion to dismiss tax fraud indictment
Trump lawyer claimed no classified material was at Mar-a-Lago in signed letter to Justice Department
Anne Heche's son mourns mother: 'We have lost a bright light'
'The Netflix effect': Why Western women are heading to South Korea in search of love
Beasts of the skies and bomb-ravaged city tours
11 killed, including 2 children, in Montenegro gun attack, report state media
'Totally untrue': Dale fact-checks Trump's claims after FBI search
Southern Baptist Convention says it faces a DOJ investigation after outside report finds leaders mishandled allegations of sexual abuse
Prosecutor provides more details in court of Salman Rushdie's wounds as stabbing suspect pleads not guilty
Inside the Ukraine power plant raising the specter of nuclear disaster in Europe
Account bearing Ohio FBI standoff suspect's name encouraged violence against the agency in posts on Trump social media platform
A disastrous megaflood is coming to California, experts say, and it could be the most expensive natural disaster in history

日本語タイトル:['']
=== エラー内容 ===
type:<class 'IndexError'>
args:('list index out of range',)
e自身:list index out of range
タイトル:The Funniest Tweets From Women This Week (Aug. 6-12)
Suspect In Rushdie Stabbing Pleads Not Guilty As Author Remains Hospitalized
The Funniest Tweets From Parents This Week (Aug. 6-12)
Republicans Bashed For Attacks On IRS Agents After Targeting FBI
Trump Attorney Signed June Memo Falsely Declaring Classified Docs Were Returned: Report
MLB Player Shocks Fans As He Throws Up A Stream Of Liquid During A Game
With Just 3 Words, A Boy At School Changed Everything I Thought I Knew About Myself
Listen To Rattled Neighbors Report Wild Clash With Lauren Boebert's Husband
Legal Analyst Jeffrey Toobin Leaving CNN Two Years After Zoom Incident
Video Shows NFL Player Hopping Into Stands To Stop Fighting Fans
Trevor Noah Spots 1 Big Error Informant Made Before 'Betraying Trump's Trust'
Netflix's 'Uncoupled' Is The Diverse Queer Sitcom 'Will & Grace' Couldn't Be
Kate McKinnon Reveals The 2 Moments She Felt 'Most Connected' To 'SNL' Audiences
California To Become 1st State To Give Free School Lunches To Students
‘Kimmel’ Host David Alan Grier Mocks Right-Wing Dating App: ‘Tinder For Bigots’

日本語タイトル:['']
=== エラー内容 ===
type:<class 'IndexError'>
args:('list index out of range',)
e自身:list index out of range
タイトル:Tech Takes Wind Out of Stocks as Bond Yields Climb: Markets Wrap
Morgan Stanley's Shalett Warns of 'Head Fake' in Inflation Data
JPMorgan's Kelly Sees Stocks Returning to All-Time Highs in Three Years
Tech Jitters Rattle Stocks With Key CPI in Focus: Markets Wrap
Ukraine Cut to Default by S&P After Creditors OK Debt-Payment Delay
Investors Shunning Equities Set the Stage for Stocks' Big Bounce
Robinhood Must Face Market Manipulation Claims Over Meme Trading
Centurium-Backed Taibang Picks CICC, JPMorgan for HK IPO, Sources Say
Ethereum (ETH) Merge Planned for September After Successful Final Test
Crypto Reddit Mobilizes After Being Pummeled by Bankruptcies
China's Smartphone Golden Era Is Fading a Sales Sink
Huawei Books First Sales Rise Since US Sanctions Hit Its Phones
Anshu Jain Dies After Battle With Cancer, Family Says
Thyssenkrupp (ETR: TKA) Lowers Profit Outlook After Rising Rates Hit Steel
Debt Issuers Wonder If ESG Label Is Worth It as Skepticism Spreads

日本語タイトル:['']
=== エラー内容 ===
type:<class 'IndexError'>
args:('list index out of range',)
e自身:list index out of range
タイトル:70% of Seniors Will Face This Giant Expense -- and Many Are Unprepared - The Motley Fool
This Passive-Income Giant Has High-Powered Growth Ahead - The Motley Fool
2 Supercharged Stocks to Buy Without Any Hesitation - The Motley Fool
This Could Be the Greatest Threat to Retirees' Financial Security - The Motley Fool
This Strategy Could Give You a Higher Social Security Benefit -- Even if You've Already Filed - The Motley Fool
Was Warren Buffett Buying or Selling Last Quarter? - The Motley Fool
Should Retirees Worry About AT&T's Dividend? - The Motley Fool
Is Target Stock a Buy Right Now? - The Motley Fool
Retire Wealthy: 3 Moves That Could Help You Become a Stock Market Millionaire - The Motley Fool
Why Roku Crushed the Market on Wednesday - The Motley Fool
Your Investments vs. a Bear Market: How to Come Out on Top - The Motley Fool
Where Will NextEra Energy Be In 3 Years? - The Motley Fool
Is Soaring Invitae Stock a Smart Buy Now? - The Motley Fool
Why Tesla, Nikola, and Lordstown All Rose Today - The Motley Fool
What You Need to Know Before the Ethereum Merge - The Motley Fool

日本語タイトル:['']
=== エラー内容 ===
type:<class 'IndexError'>
args:('list index out of range',)
e自身:list index out of range
タイトル:Peloton cutting over 700 jobs, raising prices on Bike+, Tread
Salman Rushdie, attacked at New York book event, explored good vs. evil in his work
Mazda moves away from Chinese suppliers, attempts to bolster domestic production
Meditation app Calm lays off 20% of workforce
Dem Rep. Kathy Manning scooped up thousands in chip company stock one day before voting to pass CHIPS Act
Best Buy cuts store jobs to help boost profits
Has inflation peaked? Maybe, but it could be 'painfully slow' to fall
Cantor executive, former Deutsche Bank Co-CEO Anshu Jain dies
At least 300 TikTok employees previously worked for Chinese state-aligned media: Report
Inflation Reduction Act will put burden on consumers, make unions happy: Billionaire CEO

日本語タイトル:['']
=== エラー内容 ===
type:<class 'IndexError'>
args:('list index out of range',)
e自身:list index out of range
タイトル:Rakesh Jhunjhunwala, 'India's Warren Buffet', dies at 62 India
Trump's Mar-a-Lago resort posed rare security challenges, experts say
U.N.-chartered ship in Ukraine readying for journey to Africa
Biden is set to sign the largest climate bill in history. These stocks could see the biggest boost
Salman Rushdie off ventilator and talking, day after attack
Under the radar stocks like O'Reilly will boost your portfolio
You'll Almost Have to Buy an Electric Vehicle if Climate Bill Passes
BBBY Stock: Why It's Getting Harder to Short
Mr. Big Short Issues a Dire Warning About the Economy
Peloton cutting over 700 jobs, raising prices on Bike+, Tread
Salman Rushdie, attacked at New York book event, explored good vs. evil in his work
Mazda moves away from Chinese suppliers, attempts to bolster domestic production
Mar-a-Lago search showed legal peril of Trump documents, national security probe
Palestinian gunman wounds 8 in late-night Jerusalem shooting
FBI attacker was prolific poster on Trump's Truth Social
Rainwater no longer safe to drink anywhere due to 'forever chemicals'
I'm a travel agent who specializes in cruises and my career has changed during the summer of chaos
Rep. Himes: Trump declassified Mar-a-Lago docs claim is 'utter baloney'
Responding to FBI search, Trump and allies return to his familiar strategy: flood the zone with nonsense
CNN chief legal analyst Jeffrey Toobin will exit network after 20 years
Key lines from the search warrant and receipt for Trump's Florida home
The Funniest Tweets From Women This Week (Aug. 6-12)
The Funniest Tweets From Parents This Week (Aug. 6-12)
Suspect In Rushdie Stabbing Pleads Not Guilty As Author Remains Hospitalized
Morgan Stanley's Shalett Warns of 'Head Fake' in Inflation Data
Germany Proposes Cooler Office Temperatures to Save Gas
Ukraine Cut to Default by S&P After Creditors OK Debt-Payment Delay
Stock Market Sell-Off: 2 Stocks I'll Hold Forever - The Motley Fool
This Could Be the Greatest Threat to Retirees' Financial Security - The Motley Fool
Mark Cuban Thinks Dogecoin Is a Better Investment Than Cardano. Why I Think He's Wrong - The Motley Fool

日本語タイトル:['']
=== エラー内容 ===
type:<class 'IndexError'>
args:('list index out of range',)
e自身:list index out of range
タイトル:Rakesh Jhunjhunwala, 'India's Warren Buffet', dies at 62 India
U.N.-chartered ship in Ukraine readying for journey to Africa
Trump's Mar-a-Lago resort posed rare security challenges, experts say
North Korea criticises U.N. chief's support for the North's denuclearisation
U.S. tells India that Indian ship was used to reroute Russian-linked fuel to New York
France halts spread of "monster" wildfire, reopens highway
EU's Borrell condemns attack on Salman Rushdie
Former Deutsche Bank co-CEO Anshu Jain dies
Sunoco subsidiary sues insurer for refusing to cover climate-change litigation
Taiwan thanks U.S. for maintaining security in Taiwan Strait
U.S. and Switzerland working on facilitating pharma trade, U.S. ambassador says
Shanghai extends weekly COVID-19 testing requirement until end of September
Judge reinstates Obama-era coal-leasing ban
Bankruptcy judge approves higher payments for InfoWars vendor
Ukraine targets Russian soldiers threatening Europe's largest nuclear power plant

日本語タイトル:['']
=== エラー内容 ===
type:<class 'IndexError'>
args:('list index out of range',)
e自身:list index out of range
タイトル:Biden is set to sign the largest climate bill in history. These stocks could see the biggest boost
S&P 500 closes flat, Nasdaq dips as market comeback rally takes a breather
These are the best-performing S&P 500 stocks this week. Here's where analysts see them going
Under the radar stocks like O'Reilly will boost your portfolio
European stocks close mixed as investors assess inflation, earnings; Aegon up 9%
Tiger 21, an exclusive club of investors, says the ultra rich are doubling down on stocks
Japan's Nikkei 225 rises around 2% on return to trade; Asia shares mixed
Job unhappiness is at a staggering all-time high, according to Gallup
How to find a side hustle that could keep your skills 'sharp' and make you better at your job
Activist Meister eyes up another possible conglomerate break-up to unlock value
What's next for bitcoin as the cryptocurrency wrestles with $24000
Toast shares pop as revenue beats estimates and forecast shows more restaurants are going digital
Elon Musk wants to cut this ‘terrible habit’ from his morning routine: ‘I suspect a lot of people do [this]'
Dow closes up 400 points, S&P 500 rises for fourth straight week as investors warm to cooler inflation
Morgan Stanley downgrades Allbirds, says stock is stuck until 'path to profitability is more clear'

日本語タイトル:['']
=== エラー内容 ===
type:<class 'IndexError'>
args:('list index out of range',)
e自身:list index out of range
タイトル:You'll Almost Have to Buy an Electric Vehicle if Climate Bill Passes
BBBY Stock: Why It's Getting Harder to Short
Mr. Big Short Issues a Dire Warning About the Economy
Facebook Mired in a New Major Controversy
Cannabis Week: Michigan Sales Record; CEO Pay Surges; Musk Weighs in
3 Great Reasons Not to Bet Against GameStop Stock
Billionaire George Soros Bets on Musk's Tesla and Ford
Elon Musk Loves it When Tesla Competitors do This
July Inflation Slows to 8.5%, Paring Fed Rate Bets: Stocks Surge
Housing Market: For Once, a Positive Development for Buyers
There's a Big Shift Coming for Airline Passengers
Here's How Amazon Decides What You're Going to Buy
Delisting of Chinese ADRs Is Part of the New Cold War - RealMoney
Which Are the Most Popular Jobs in the Various States?
Airlines Are Going to Hate it if Biden Gets This Through

日本語タイトル:['']
=== エラー内容 ===
type:<class 'IndexError'>
args:('list index out of range',)
e自身:list index out of range
タイトル:Peloton cutting over 700 jobs, raising prices on Bike+, Tread
Johnson & Johnson to end sale of talc-based baby powder globally in 2023
Salman Rushdie, attacked at New York book event, explored good vs. evil in his work
Mazda moves away from Chinese suppliers, attempts to bolster domestic production
STOCK MARKET NEWS: Peloton cutting 700+ jobs, Dow, S&P, Nasdaq post winning week
Meditation app Calm lays off 20% of workforce
Dem Rep. Kathy Manning scooped up thousands in chip company stock one day before voting to pass CHIPS Act
Best Buy cuts store jobs to help boost profits
Has inflation peaked? Maybe, but it could be 'painfully slow' to fall
Thrift shop business booms as inflation throttles American bank accounts
Cantor executive, former Deutsche Bank Co-CEO Anshu Jain dies
At least 300 TikTok employees previously worked for Chinese state-aligned media: Report
Monkeypox fears: San Francisco couple says they were nearly booted from Spirit Airlines flight over eczema
How inflation is hitting back-to-school essentials
STOCK MARKET NEWS: STOCK MARKET NEWS: S&P, Nasdaq slip, Disney lifts Dow, oil jumps to $94 level

日本語タイトル:['']
=== エラー内容 ===
type:<class 'IndexError'>
args:('list index out of range',)
e自身:list index out of range
タイトル:Mar-a-Lago search showed legal peril of Trump documents, national security probe
FBI attacker was prolific poster on Trump's Truth Social
Palestinian gunman wounds 8 in late-night Jerusalem shooting
Documents show how Trump landed Lincoln Memorial for Fox News event
Historians privately warn Biden: America’s democracy is on the brink
Officials asked for damage assessment of papers from Trump's Mar-a-Lago
Suspect charged after Salman Rushdie stabbed at New York event
Analysis  Event venues (like Trump's Mar-a-Lago) are not good places to store nuclear secrets
Padres star Fernando Tatis Jr. suspended 80 games for violating MLB's PED policy
How to trace your home's history
Analysis  Xi Jinping's Banker Crusade Is Too Much Stick, No Carrots
Opinion  DeSantis sacked me for doing my job as a prosecutor. Who's next?
Opinion  Influencers are whitewashing Syria's regime, with help from sponsors
14 injured, four critically, after car crashes into Arlington building
Trump taxes: House Ways and Means Committee can have records

日本語タイトル:['']
=== エラー内容 ===
type:<class 'IndexError'>
args:('list index out of range',)
e自身:list index out of range
タイトル:Rainwater no longer safe to drink anywhere due to 'forever chemicals'
I'm a travel agent who specializes in cruises and my career has changed during the summer of chaos
Rep. Himes: Trump declassified Mar-a-Lago docs claim is 'utter baloney'
DOJ investigating if Trump violated Espionage Act by taking records
Trump avoided briefings and flushed notes, but asked officials for documents: 'Can I keep this?'
SoulCycle to close 19 studios and layoff staffers. See the list.
Hillary Clinton mocks Trump for pleading the Fifth in his deposition
Top economists press Biden to release Afghan frozen funds to Taliban
FBI office attack suspect was angry at Mar-a-Lago raid, posts suggest
Shelling at Ukraine's Zaporizhzhia nuclear plant sparks power shutdown
Donald Trump's business, CFO, to stand trial October 24 in tax-dodge case
Walmart sued after child killed in fire caused by parking lot camping
Musk says taxes audited every year, posts false GOP claim on IRS hires
Google blames Apple for lousy Android-to-iPhone messaging
Whole Foods CEO: Young people don't want to work

日本語タイトル:['']
=== エラー内容 ===
type:<class 'IndexError'>
args:('list index out of range',)
e自身:list index out of range
タイトル:Responding to FBI search, Trump and allies return to his familiar strategy: flood the zone with nonsense
CNN chief legal analyst Jeffrey Toobin will exit network after 20 years
Key lines from the search warrant and receipt for Trump's Florida home
Judge denies Trump Org and former CFO's motion to dismiss tax fraud indictment
Trump lawyer claimed no classified material was at Mar-a-Lago in signed letter to Justice Department
'The Netflix effect': Why Western women are heading to South Korea in search of love
Beasts of the skies and bomb-ravaged city tours
11 killed, including 2 children, in Montenegro gun attack, report state media
Southern Baptist Convention says it faces a DOJ investigation after outside report finds leaders mishandled allegations of sexual abuse
Prosecutor provides more details in court of Salman Rushdie's wounds as stabbing suspect pleads not guilty
Letter obtained by CNN shows FDA defended new monkeypox vaccine strategy to vaccine maker
Inside the Ukraine power plant raising the specter of nuclear disaster in Europe
Account bearing Ohio FBI standoff suspect's name encouraged violence against the agency in posts on Trump social media platform
A disastrous megaflood is coming to California, experts say, and it could be the most expensive natural disaster in history
Florida students return to schools reshaped by Gov. DeSantis' anti-'woke' education agenda

日本語タイトル:['']
=== エラー内容 ===
type:<class 'IndexError'>
args:('list index out of range',)
e自身:list index out of range
タイトル:The Funniest Tweets From Parents This Week (Aug. 6-12)
Suspect In Rushdie Stabbing Pleads Not Guilty As Author Remains Hospitalized
Republicans Bashed For Attacks On IRS Agents After Targeting FBI
MLB Player Shocks Fans As He Throws Up A Stream Of Liquid During A Game
With Just 3 Words, A Boy At School Changed Everything I Thought I Knew About Myself
Legal Analyst Jeffrey Toobin Leaving CNN Two Years After Zoom Incident
Video Shows NFL Player Hopping Into Stands To Stop Fighting Fans
Listen To Rattled Neighbors Report Wild Clash With Lauren Boebert's Husband
Trevor Noah Spots 1 Big Error Informant Made Before 'Betraying Trump's Trust'
Netflix's 'Uncoupled' Is The Diverse Queer Sitcom 'Will & Grace' Couldn't Be
Kate McKinnon Reveals The 2 Moments She Felt 'Most Connected' To 'SNL' Audiences
California To Become 1st State To Give Free School Lunches To Students
‘Kimmel’ Host David Alan Grier Mocks Right-Wing Dating App: ‘Tinder For Bigots’
Stephen Colbert Taunts Fox News Host's 'Very Stupid Theory' About Trump
Trump Attorney Signed June Memo Falsely Declaring Classified Docs Were Returned: Report

日本語タイトル:['']
=== エラー内容 ===
type:<class 'IndexError'>
args:('list index out of range',)
e自身:list index out of range
タイトル:Tech Takes Wind Out of Stocks as Bond Yields Climb: Markets Wrap
Morgan Stanley's Shalett Warns of 'Head Fake' in Inflation Data
JPMorgan's Kelly Sees Stocks Returning to All-Time Highs in Three Years
Tech Jitters Rattle Stocks With Key CPI in Focus: Markets Wrap
Investors Shunning Equities Set the Stage for Stocks' Big Bounce
Robinhood Must Face Market Manipulation Claims Over Meme Trading
Centurium-Backed Taibang Picks CICC, JPMorgan for HK IPO, Sources Say
China's Smartphone Golden Era Is Fading a Sales Sink
Ethereum (ETH) Merge Planned for September After Successful Final Test
Tesla and Nikola Big Rigs Race for Up to $40000 US Incentives
Huawei Books First Sales Rise Since US Sanctions Hit Its Phones
Alibaba, Tencent Stocks Slide as US CPI, Earnings Worries Mount
Debt Issuers Wonder If ESG Label Is Worth It as Skepticism Spreads
Thyssenkrupp (ETR: TKA) Lowers Profit Outlook After Rising Rates Hit Steel
Stocks Roar to Cap Longest Weekly Rally This Year: Markets Wrap

日本語タイトル:['']
=== エラー内容 ===
type:<class 'IndexError'>
args:('list index out of range',)
e自身:list index out of range
タイトル:Better Buy: 3M or Stanley Black & Decker? - The Motley Fool
70% of Seniors Will Face This Giant Expense -- and Many Are Unprepared - The Motley Fool
This Passive-Income Giant Has High-Powered Growth Ahead - The Motley Fool
2 Supercharged Stocks to Buy Without Any Hesitation - The Motley Fool
Your Investments vs. a Bear Market: How to Come Out on Top - The Motley Fool
This Could Be the Greatest Threat to Retirees' Financial Security - The Motley Fool
Is Target Stock a Buy Right Now? - The Motley Fool
Was Warren Buffett Buying or Selling Last Quarter? - The Motley Fool
This Strategy Could Give You a Higher Social Security Benefit -- Even if You've Already Filed - The Motley Fool
Ethereum in 3 Figures: Is It a Buy? - The Motley Fool
Why Roku Crushed the Market on Wednesday - The Motley Fool
Where Will NextEra Energy Be In 3 Years? - The Motley Fool
3 Stocks Still Thriving Even as Oil Prices Cool Off - The Motley Fool
Is Soaring Invitae Stock a Smart Buy Now? - The Motley Fool
Why Tesla, Nikola, and Lordstown All Rose Today - The Motley Fool

日本語タイトル:['']
=== エラー内容 ===
type:<class 'IndexError'>
args:('list index out of range',)
e自身:list index out of range
タイトル:Mar-a-Lago search showed legal peril of Trump documents, national security probe
Palestinian gunman wounds 8 in late-night Jerusalem shooting
FBI attacker was prolific poster on Trump's Truth Social
Documents show how Trump landed Lincoln Memorial for Fox News event
Magnitude 5.7 earthquake shakes part of eastern Indonesia
Suspect charged after Salman Rushdie stabbed at New York event
Analysis  Event venues (like Trump's Mar-a-Lago) are not good places to store nuclear secrets
China’s Demographics Spell Decline Not Domination
For a few community health centers, serving the poor brings big surpluses
Opinion  DeSantis sacked me for doing my job as a prosecutor. Who's next?

日本語タイトル:['']
=== エラー内容 ===
type:<class 'IndexError'>
args:('list index out of range',)
e自身:list index out of range
タイトル:U.N.-chartered ship in Ukraine readying for journey to Africa
Trump's Mar-a-Lago resort posed rare security challenges, experts say
Former Deutsche Bank co-CEO Anshu Jain dies
Biden is set to sign the largest climate bill in history. These stocks could see the biggest boost
Where to find value in space stocks that were obliterated after the SPAC frenzy
Under the radar stocks like O'Reilly will boost your portfolio
You'll Almost Have to Buy an Electric Vehicle if Climate Bill Passes
BBBY Stock: Why It's Getting Harder to Short
Mr. Big Short Issues a Dire Warning About the Economy
Peloton cutting over 700 jobs, raising prices on Bike+, Tread
Salman Rushdie, attacked at New York book event, explored good vs. evil in his work
STOCK MARKET NEWS: Peloton cutting 700+ jobs, Dow, S&P, Nasdaq post winning week
Mar-a-Lago search showed legal peril of Trump documents, national security probe
Palestinian gunman wounds 8 in late-night Jerusalem shooting
FBI attacker was prolific poster on Trump's Truth Social
Rainwater no longer safe to drink anywhere due to 'forever chemicals'
I'm a travel agent who specializes in cruises and my career has changed during the summer of chaos
DOJ investigating if Trump violated Espionage Act by taking records
Responding to FBI search, Trump and allies return to his familiar strategy: flood the zone with nonsense
CNN chief legal analyst Jeffrey Toobin will exit network after 20 years
Key lines from the search warrant and receipt for Trump's Florida home
The Funniest Tweets From Women This Week (Aug. 6-12)
Trump Attorney Signed June Memo Falsely Declaring Classified Docs Were Returned: Report
Suspect In Rushdie Stabbing Pleads Not Guilty As Author Remains Hospitalized
Morgan Stanley's Shalett Warns of 'Head Fake' in Inflation Data
Every Wall Street Trend Goes Haywire as Stock Bears Are Crushed
Germany Proposes Cooler Office Temperatures to Save Gas
Better Buy: 3M or Stanley Black & Decker? - The Motley Fool
We're About 2 Months Away From a Major Social Security Announcement - The Motley Fool
Stock Market Sell-Off: How I'm Continuing to Make Passive Income - The Motley Fool

日本語タイトル:['']
=== エラー内容 ===
type:<class 'IndexError'>
args:('list index out of range',)
e自身:list index out of range
タイトル:U.N.-chartered ship in Ukraine readying for journey to Africa
Trump's Mar-a-Lago resort posed rare security challenges, experts say
Former Deutsche Bank co-CEO Anshu Jain dies
EU's Borrell condemns attack on Salman Rushdie
U.S. tells India that Indian ship was used to reroute Russian-linked fuel to New York
Sunoco subsidiary sues insurer for refusing to cover climate-change litigation
Shanghai extends weekly COVID-19 testing requirement until end of September
Bankruptcy judge approves higher payments for InfoWars vendor
U.S. to pause oil, gas leasing on 2.2 million acres in Colorado over climate impact
U.S. Vice President Harris to attend Abe's state funeral - Nikkei
Judge reinstates Obama-era coal-leasing ban
Ukraine targets Russian soldiers threatening Europe's largest nuclear power plant
Kenya election body: Ruto's party wins governorship of Kenya's capital
Taiwan thanks U.S. for maintaining security in Taiwan Strait
United players trashed tactical plan, says apologetic Ten Hag

日本語タイトル:['']
=== エラー内容 ===
type:<class 'IndexError'>
args:('list index out of range',)
e自身:list index out of range
タイトル:Biden is set to sign the largest climate bill in history. These stocks could see the biggest boost
S&P 500 closes flat, Nasdaq dips as market comeback rally takes a breather
These are the best-performing S&P 500 stocks this week. Here's where analysts see them going
Under the radar stocks like O'Reilly will boost your portfolio
European stocks close mixed as investors assess inflation, earnings; Aegon up 9%
Tiger 21, an exclusive club of investors, says the ultra rich are doubling down on stocks
Japan's Nikkei 225 rises around 2% on return to trade; Asia shares mixed
Job unhappiness is at a staggering all-time high, according to Gallup
How to find a side hustle that could keep your skills 'sharp' and make you better at your job
Activist Meister eyes up another possible conglomerate break-up to unlock value
What's next for bitcoin as the cryptocurrency wrestles with $24000
Toast shares pop as revenue beats estimates and forecast shows more restaurants are going digital
Morgan Stanley downgrades Allbirds, says stock is stuck until 'path to profitability is more clear'
Dow closes up 400 points, S&P 500 rises for fourth straight week as investors warm to cooler inflation
The jobs report doesn't support the stock market's bullish narrative

日本語タイトル:['']
=== エラー内容 ===
type:<class 'IndexError'>
args:('list index out of range',)
e自身:list index out of range
タイトル:You'll Almost Have to Buy an Electric Vehicle if Climate Bill Passes
BBBY Stock: Why It's Getting Harder to Short
Mr. Big Short Issues a Dire Warning About the Economy
Billionaire George Soros Bets on Musk's Tesla and Ford
Facebook Mired in a New Major Controversy
Cannabis Week: Michigan Sales Record; CEO Pay Surges; Musk Weighs in
3 Great Reasons Not to Bet Against GameStop Stock
Elon Musk Loves it When Tesla Competitors do This
July Inflation Slows to 8.5%, Paring Fed Rate Bets: Stocks Surge
Housing Market: For Once, a Positive Development for Buyers
There's a Big Shift Coming for Airline Passengers
Here's How Amazon Decides What You're Going to Buy
Delisting of Chinese ADRs Is Part of the New Cold War - RealMoney
Which Are the Most Popular Jobs in the Various States?
Gasoline At (or Under) $2.99 a Gallon: Here's Where

日本語タイトル:['']
=== エラー内容 ===
type:<class 'IndexError'>
args:('list index out of range',)
e自身:list index out of range
タイトル:Peloton cutting over 700 jobs, raising prices on Bike+, Tread
Johnson & Johnson to end sale of talc-based baby powder globally in 2023
Salman Rushdie, attacked at New York book event, explored good vs. evil in his work
Mazda moves away from Chinese suppliers, attempts to bolster domestic production
Meditation app Calm lays off 20% of workforce
Dem Rep. Kathy Manning scooped up thousands in chip company stock one day before voting to pass CHIPS Act
Best Buy cuts store jobs to help boost profits
Has inflation peaked? Maybe, but it could be 'painfully slow' to fall
Thrift shop business booms as inflation throttles American bank accounts
Cantor executive, former Deutsche Bank Co-CEO Anshu Jain dies
At least 300 TikTok employees previously worked for Chinese state-aligned media: Report
Monkeypox fears: San Francisco couple says they were nearly booted from Spirit Airlines flight over eczema
How inflation is hitting back-to-school essentials
Here are the most pet-friendly cities in the US this year: report
Teacher shortages continue as the 2022-2023 school year kicks off: 'We don't have a workforce'

日本語タイトル:['']
=== エラー内容 ===
type:<class 'IndexError'>
args:('list index out of range',)
e自身:list index out of range
タイトル:Mar-a-Lago search showed legal peril of Trump documents, national security probe
FBI attacker was prolific poster on Trump's Truth Social
Suspect charged after Salman Rushdie stabbed at New York event
Palestinian gunman wounds 8 in late-night Jerusalem shooting
Analysis  Biden gets a big victory and Democrats get some November talking points
Analysis  Event venues (like Trump's Mar-a-Lago) are not good places to store nuclear secrets
Documents show how Trump landed Lincoln Memorial for Fox News event
CDC loosens coronavirus guidance, signaling strategic shift
Officials asked for damage assessment of papers from Trump's Mar-a-Lago
How to trace your home's history
Analysis  Xi Jinping's Banker Crusade Is Too Much Stick, No Carrots
Opinion  DeSantis sacked me for doing my job as a prosecutor. Who's next?
Opinion  Influencers are whitewashing Syria's regime, with help from sponsors
Historians privately warn Biden: America’s democracy is on the brink
Tropical Storm Meari hammers Japan with heavy rainfall, wind

日本語タイトル:['']
=== エラー内容 ===
type:<class 'IndexError'>
args:('list index out of range',)
e自身:list index out of range
タイトル:Rainwater no longer safe to drink anywhere due to 'forever chemicals'
I'm a travel agent who specializes in cruises and my career has changed during the summer of chaos
FBI got 11 sets of classified docs from Mar-a-Lago raid: WSJ
Trump avoided briefings and flushed notes, but asked officials for documents: 'Can I keep this?'
Trump doesn't deny taking classified nuclear docs in new statement
SoulCycle to close 19 studios and layoff staffers. See the list.
Hillary Clinton mocks Trump for pleading the Fifth in his deposition
Top economists press Biden to release Afghan frozen funds to Taliban
Shelling at Ukraine's Zaporizhzhia nuclear plant sparks power shutdown
FBI office attack suspect was angry at Mar-a-Lago raid, posts suggest
Donald Trump's business, CFO, to stand trial October 24 in tax-dodge case
Walmart sued after child killed in fire caused by parking lot camping
Google blames Apple for lousy Android-to-iPhone messaging
Musk says taxes audited every year, posts false GOP claim on IRS hires
Whole Foods CEO: Young people don't want to work

日本語タイトル:['']
=== エラー内容 ===
type:<class 'IndexError'>
args:('list index out of range',)
e自身:list index out of range
タイトル:Responding to FBI search, Trump and allies return to his familiar strategy: flood the zone with nonsense
CNN chief legal analyst Jeffrey Toobin will exit network after 20 years
Key lines from the search warrant and receipt for Trump's Florida home
Anne Heche's son mourns mother: 'We have lost a bright light'
Judge denies Trump Org and former CFO's motion to dismiss tax fraud indictment
August 12, 2022 Russia-Ukraine news
'The Netflix effect': Why Western women are heading to South Korea in search of love
Beasts of the skies and bomb-ravaged city tours
Trump lawyer claimed no classified material was at Mar-a-Lago in signed letter to Justice Department
11 killed, including 2 children, in Montenegro gun attack, report state media
'Totally untrue': Dale fact-checks Trump's claims after FBI search
Southern Baptist Convention says it faces a DOJ investigation after outside report finds leaders mishandled allegations of sexual abuse
Prosecutor provides more details in court of Salman Rushdie's wounds as stabbing suspect pleads not guilty
Letter obtained by CNN shows FDA defended new monkeypox vaccine strategy to vaccine maker
A disastrous megaflood is coming to California, experts say, and it could be the most expensive natural disaster in history

日本語タイトル:['']
=== エラー内容 ===
type:<class 'IndexError'>
args:('list index out of range',)
e自身:list index out of range
タイトル:Republicans Bashed For Attacks On IRS Agents After Targeting FBI
Trump Attorney Signed June Memo Falsely Declaring Classified Docs Were Returned: Report
The Funniest Tweets From Parents This Week (Aug. 6-12)
Suspect In Rushdie Stabbing Pleads Not Guilty As Author Remains Hospitalized
MLB Player Shocks Fans As He Throws Up A Stream Of Liquid During A Game
With Just 3 Words, A Boy At School Changed Everything I Thought I Knew About Myself
Video Shows NFL Player Hopping Into Stands To Stop Fighting Fans
Legal Analyst Jeffrey Toobin Leaving CNN Two Years After Zoom Incident
Listen To Rattled Neighbors Report Wild Clash With Lauren Boebert's Husband
Netflix's 'Uncoupled' Is The Diverse Queer Sitcom 'Will & Grace' Couldn't Be
Kate McKinnon Reveals The 2 Moments She Felt 'Most Connected' To 'SNL' Audiences
California To Become 1st State To Give Free School Lunches To Students
‘Kimmel’ Host David Alan Grier Mocks Right-Wing Dating App: ‘Tinder For Bigots’
Stephen Colbert Taunts Fox News Host's 'Very Stupid Theory' About Trump
New MAGA — Mothers Against Greg Abbott — Gears Up For Texas Election

日本語タイトル:['']
=== エラー内容 ===
type:<class 'IndexError'>
args:('list index out of range',)
e自身:list index out of range
タイトル:Tech Takes Wind Out of Stocks as Bond Yields Climb: Markets Wrap
Morgan Stanley's Shalett Warns of 'Head Fake' in Inflation Data
JPMorgan's Kelly Sees Stocks Returning to All-Time Highs in Three Years
Every Wall Street Trend Goes Haywire as Stock Bears Are Crushed
Amazon (AMZN) Joins Deal Revival Spurred by Cheap Valuations
Robinhood Must Face Market Manipulation Claims Over Meme Trading
Strategists Under the Same Roof Clash on S&P 500 Before CPI Data
Ukraine Cut to Default by S&P After Creditors OK Debt-Payment Delay
Centurium-Backed Taibang Picks CICC, JPMorgan for HK IPO, Sources Say
Ethereum (ETH) Merge Planned for September After Successful Final Test
Huawei Books First Sales Rise Since US Sanctions Hit Its Phones
Alibaba, Tencent Stocks Slide as US CPI, Earnings Worries Mount
Debt Issuers Wonder If ESG Label Is Worth It as Skepticism Spreads
Thyssenkrupp (ETR: TKA) Lowers Profit Outlook After Rising Rates Hit Steel
China's Smartphone Golden Era Is Fading a Sales Sink

日本語タイトル:['']
=== エラー内容 ===
type:<class 'IndexError'>
args:('list index out of range',)
e自身:list index out of range
タイトル:Just How Safe Is the Stock Market Right Now? - The Motley Fool
70% of Seniors Will Face This Giant Expense -- and Many Are Unprepared - The Motley Fool
3 Warren Buffett Stocks to Buy Now - The Motley Fool
This Passive-Income Giant Has High-Powered Growth Ahead - The Motley Fool
2 Supercharged Stocks to Buy Without Any Hesitation - The Motley Fool
Your Investments vs. a Bear Market: How to Come Out on Top - The Motley Fool
This Could Be the Greatest Threat to Retirees' Financial Security - The Motley Fool
Is Target Stock a Buy Right Now? - The Motley Fool
Ethereum in 3 Figures: Is It a Buy? - The Motley Fool
This Strategy Could Give You a Higher Social Security Benefit -- Even if You've Already Filed - The Motley Fool
Why Roku Crushed the Market on Wednesday - The Motley Fool
Where Will NextEra Energy Be In 3 Years? - The Motley Fool
3 Stocks Still Thriving Even as Oil Prices Cool Off - The Motley Fool
Is Soaring Invitae Stock a Smart Buy Now? - The Motley Fool
Why Tesla, Nikola, and Lordstown All Rose Today - The Motley Fool

日本語タイトル:['']
=== エラー内容 ===
type:<class 'IndexError'>
args:('list index out of range',)
e自身:list index out of range
タイトル:Mar-a-Lago search showed legal peril of Trump documents, national security probe
Palestinian gunman wounds 8 in late-night Jerusalem shooting
FBI attacker was prolific poster on Trump's Truth Social
Magnitude 5.7 earthquake shakes part of eastern Indonesia
Documents show how Trump landed Lincoln Memorial for Fox News event
River torrent kills 7 in China amid widespread heavy rains
Oder River mass fish deaths on German-Polish border linked to mercury
Suspect charged after Salman Rushdie stabbed at New York event
Analysis  Event venues (like Trump's Mar-a-Lago) are not good places to store nuclear secrets
China’s Demographics Spell Decline Not Domination

日本語タイトル:['']
=== エラー内容 ===
type:<class 'IndexError'>
args:('list index out of range',)
e自身:list index out of range
タイトル:U.N.-chartered ship in Ukraine readying for journey to Africa
Trump's Mar-a-Lago resort posed rare security challenges, experts say
Former Deutsche Bank co-CEO Anshu Jain dies
Biden is set to sign the largest climate bill in history. These stocks could see the biggest boost
Where to find value in space stocks that were obliterated after the SPAC frenzy
Under the radar stocks like O'Reilly will boost your portfolio
You'll Almost Have to Buy an Electric Vehicle if Climate Bill Passes
Mr. Big Short Issues a Dire Warning About the Economy
BBBY Stock: Why It's Getting Harder to Short
Peloton cutting over 700 jobs, raising prices on Bike+, Tread
Salman Rushdie, attacked at New York book event, explored good vs. evil in his work
Meditation app Calm lays off 20% of workforce
Mar-a-Lago search showed legal peril of Trump documents, national security probe
Palestinian gunman wounds 8 in late-night Jerusalem shooting
FBI attacker was prolific poster on Trump's Truth Social
Rainwater no longer safe to drink anywhere due to 'forever chemicals'
I'm a travel agent who specializes in cruises and my career has changed during the summer of chaos
FBI got 11 sets of classified docs from Mar-a-Lago raid: WSJ
Responding to FBI search, Trump and allies return to his familiar strategy: flood the zone with nonsense
CNN chief legal analyst Jeffrey Toobin will exit network after 20 years
Key lines from the search warrant and receipt for Trump's Florida home
The Funniest Tweets From Women This Week (Aug. 6-12)
Republicans Bashed For Attacks On IRS Agents After Targeting FBI
Trump Attorney Signed June Memo Falsely Declaring Classified Docs Were Returned: Report
Indian Billionaire Investor Rakesh Jhunjhunwala Dies at 62
Morgan Stanley's Shalett Warns of 'Head Fake' in Inflation Data
Can't Find an Electric Car? One Startup Is Selling 'Subscriptions'
Better Buy: 3M or Stanley Black & Decker? - The Motley Fool
We're About 2 Months Away From a Major Social Security Announcement - The Motley Fool
5 Likely Changes to Social Security Over the Next 10 Years - The Motley Fool

日本語タイトル:['']
=== エラー内容 ===
type:<class 'IndexError'>
args:('list index out of range',)
e自身:list index out of range
タイトル:Trump's Mar-a-Lago resort posed rare security challenges, experts say
U.N.-chartered ship in Ukraine readying for journey to Africa
Former Deutsche Bank co-CEO Anshu Jain dies
EU's Borrell condemns attack on Salman Rushdie
U.S. tells India that Indian ship was used to reroute Russian-linked fuel to New York
Ukraine targets Russian soldiers threatening Europe's largest nuclear power plant
Sunoco subsidiary sues insurer for refusing to cover climate-change litigation
Shanghai extends weekly COVID-19 testing requirement until end of September
U.S. and Switzerland working on facilitating pharma trade, U.S. ambassador says
Bankruptcy judge approves higher payments for InfoWars vendor
Judge reinstates Obama-era coal-leasing ban
U.S. Vice President Harris to attend Abe's state funeral, Nikkei reports
U.S. to pause oil, gas leasing on 2.2 million acres in Colorado over climate impact
Taiwan thanks U.S. for maintaining security in Taiwan Strait
Kenya election body: Ruto's party wins governorship of Kenya's capital

日本語タイトル:['']
=== エラー内容 ===
type:<class 'IndexError'>
args:('list index out of range',)
e自身:list index out of range
タイトル:Biden is set to sign the largest climate bill in history. These stocks could see the biggest boost
S&P 500 closes flat, Nasdaq dips as market comeback rally takes a breather
These are the best-performing S&P 500 stocks this week. Here's where analysts see them going
Under the radar stocks like O'Reilly will boost your portfolio
European stocks close mixed as investors assess inflation, earnings; Aegon up 9%
Tiger 21, an exclusive club of investors, says the ultra rich are doubling down on stocks
Japan's Nikkei 225 rises around 2% on return to trade; Asia shares mixed
Job unhappiness is at a staggering all-time high, according to Gallup
How to find a side hustle that could keep your skills 'sharp' and make you better at your job
Activist Meister eyes up another possible conglomerate break-up to unlock value
Just how strong is the U.S. consumer? Here's what Wall Street has to say — and the stocks it likes
What's next for bitcoin as the cryptocurrency wrestles with $24000
'Don't wait for the perfect moment': 7 bosses share their advice for young people on taking PTO
Toast shares pop as revenue beats estimates and forecast shows more restaurants are going digital
Morgan Stanley downgrades Allbirds, says stock is stuck until 'path to profitability is more clear'

日本語タイトル:['']
=== エラー内容 ===
type:<class 'IndexError'>
args:('list index out of range',)
e自身:list index out of range
タイトル:You'll Almost Have to Buy an Electric Vehicle if Climate Bill Passes
Mr. Big Short Issues a Dire Warning About the Economy
Billionaire George Soros Bets on Musk's Tesla and Ford
BBBY Stock: Why It's Getting Harder to Short
Facebook Mired in a New Major Controversy
Cannabis Week: Michigan Sales Record; CEO Pay Surges; Musk Weighs in
3 Great Reasons Not to Bet Against GameStop Stock
Elon Musk Loves it When Tesla Competitors do This
July Inflation Slows to 8.5%, Paring Fed Rate Bets: Stocks Surge
Housing Market: For Once, a Positive Development for Buyers
Here's How Amazon Decides What You're Going to Buy
There's a Big Shift Coming for Airline Passengers
Delisting of Chinese ADRs Is Part of the New Cold War - RealMoney
Which Are the Most Popular Jobs in the Various States?
Gasoline At (or Under) $2.99 a Gallon: Here's Where

日本語タイトル:['']
=== エラー内容 ===
type:<class 'IndexError'>
args:('list index out of range',)
e自身:list index out of range
タイトル:Peloton cutting over 700 jobs, raising prices on Bike+, Tread
Johnson & Johnson to end sale of talc-based baby powder globally in 2023
Salman Rushdie, attacked at New York book event, explored good vs. evil in his work
Meditation app Calm lays off 20% of workforce
Dem Rep. Kathy Manning scooped up thousands in chip company stock one day before voting to pass CHIPS Act
Best Buy cuts store jobs to help boost profits
Has inflation peaked? Maybe, but it could be 'painfully slow' to fall
Thrift shop business booms as inflation throttles American bank accounts
Mazda moves away from Chinese suppliers, attempts to bolster domestic production
Cantor executive, former Deutsche Bank Co-CEO Anshu Jain dies
At least 300 TikTok employees previously worked for Chinese state-aligned media: Report
How inflation is hitting back-to-school essentials
The Inflation Reduction Act is changing electric car tax credits
Here are the most pet-friendly cities in the US this year: report
Monkeypox fears: San Francisco couple says they were nearly booted from Spirit Airlines flight over eczema

日本語タイトル:['']
=== エラー内容 ===
type:<class 'IndexError'>
args:('list index out of range',)
e自身:list index out of range
タイトル:Mar-a-Lago search showed legal peril of Trump documents, national security probe
FBI attacker was prolific poster on Trump's Truth Social
Documents show how Trump landed Lincoln Memorial for Fox News event
Palestinian gunman wounds 8 in late-night Jerusalem shooting
Magnitude 5.7 earthquake shakes part of eastern Indonesia
Oder River mass fish deaths on German-Polish border linked to mercury
Historians privately warn Biden: America’s democracy is on the brink
Analysis  Event venues (like Trump's Mar-a-Lago) are not good places to store nuclear secrets
Suspect charged after Salman Rushdie stabbed at New York event
How to trace your home's history
Padres star Fernando Tatis Jr. suspended 80 games for violating MLB's PED policy
Analysis  Xi Jinping's Banker Crusade Is Too Much Stick, No Carrots
How the climate package grew from idealism to necessity
CDC loosens coronavirus guidance, signaling strategic shift
Opinion  Influencers are whitewashing Syria's regime, with help from sponsors

日本語タイトル:['']
=== エラー内容 ===
type:<class 'IndexError'>
args:('list index out of range',)
e自身:list index out of range
タイトル:Rainwater no longer safe to drink anywhere due to 'forever chemicals'
I'm a travel agent who specializes in cruises and my career has changed during the summer of chaos
FBI got 11 sets of classified docs from Mar-a-Lago raid: WSJ
Trump doesn't deny taking classified nuclear docs in new statement
Trump avoided briefings and flushed notes, but asked officials for documents: 'Can I keep this?'
SoulCycle to close 19 studios and layoff staffers. See the list.
Hillary Clinton mocks Trump for pleading the Fifth in his deposition
Top economists press Biden to release Afghan frozen funds to Taliban
Shelling at Ukraine's Zaporizhzhia nuclear plant sparks power shutdown
FBI office attack suspect was angry at Mar-a-Lago raid, posts suggest
Donald Trump's business, CFO, to stand trial October 24 in tax-dodge case
Walmart sued after child killed in fire caused by parking lot camping
Google blames Apple for lousy Android-to-iPhone messaging
Whole Foods CEO: Young people don't want to work
Musk says taxes audited every year, posts false GOP claim on IRS hires

日本語タイトル:['']
=== エラー内容 ===
type:<class 'IndexError'>
args:('list index out of range',)
e自身:list index out of range
タイトル:Responding to FBI search, Trump and allies return to his familiar strategy: flood the zone with nonsense
CNN chief legal analyst Jeffrey Toobin will exit network after 20 years
Key lines from the search warrant and receipt for Trump's Florida home
Trump lawyer claimed no classified material was at Mar-a-Lago in signed letter to Justice Department
Anne Heche's son mourns mother: 'We have lost a bright light'
'The Netflix effect': Why Western women are heading to South Korea in search of love
Beasts of the skies and bomb-ravaged city tours
11 killed, including 2 children, in Montenegro gun attack, report state media
Inside the Ukraine power plant raising the specter of nuclear disaster in Europe
Authorities identify suspect who attacked author Salman Rushdie at western New York event
Southern Baptist Convention says it faces a DOJ investigation after outside report finds leaders mishandled allegations of sexual abuse
Letter obtained by CNN shows FDA defended new monkeypox vaccine strategy to vaccine maker
Account bearing Ohio FBI standoff suspect's name encouraged violence against the agency in posts on Trump social media platform
A disastrous megaflood is coming to California, experts say, and it could be the most expensive natural disaster in history
CDC ends recommendations for social distancing and quarantine for Covid-19 control, no longer recommends test-to-stay in schools

日本語タイトル:['']
=== エラー内容 ===
type:<class 'IndexError'>
args:('list index out of range',)
e自身:list index out of range
タイトル:The Funniest Tweets From Women This Week (Aug. 6-12)
Republicans Bashed For Attacks On IRS Agents After Targeting FBI
Trump Attorney Signed June Memo Falsely Declaring Classified Docs Were Returned: Report
The Funniest Tweets From Parents This Week (Aug. 6-12)
Suspect In Rushdie Stabbing Pleads Not Guilty As Author Remains Hospitalized
MLB Player Shocks Fans As He Throws Up A Stream Of Liquid During A Game
With Just 3 Words, A Boy At School Changed Everything I Thought I Knew About Myself
Video Shows NFL Player Hopping Into Stands To Stop Fighting Fans
Legal Analyst Jeffrey Toobin Leaving CNN Two Years After Zoom Incident
Listen To Rattled Neighbors Report Wild Clash With Lauren Boebert's Husband
Netflix's 'Uncoupled' Is The Diverse Queer Sitcom 'Will & Grace' Couldn't Be
Kate McKinnon Reveals The 2 Moments She Felt 'Most Connected' To 'SNL' Audiences
‘Kimmel’ Host David Alan Grier Mocks Right-Wing Dating App: ‘Tinder For Bigots’
Stephen Colbert Taunts Fox News Host's 'Very Stupid Theory' About Trump
California To Become 1st State To Give Free School Lunches To Students

日本語タイトル:['']
=== エラー内容 ===
type:<class 'IndexError'>
args:('list index out of range',)
e自身:list index out of range
タイトル:Indian Billionaire Investor Rakesh Jhunjhunwala Dies at 62
Tech Takes Wind Out of Stocks as Bond Yields Climb: Markets Wrap
Morgan Stanley's Shalett Warns of 'Head Fake' in Inflation Data
Tech Jitters Rattle Stocks With Key CPI in Focus: Markets Wrap
JPMorgan's Kelly Sees Stocks Returning to All-Time Highs in Three Years
Investors Shunning Equities Set the Stage for Stocks' Big Bounce
Ukraine Cut to Default by S&P After Creditors OK Debt-Payment Delay
Robinhood Must Face Market Manipulation Claims Over Meme Trading
Strategists Under the Same Roof Clash on S&P 500 Before CPI Data
Centurium-Backed Taibang Picks CICC, JPMorgan for HK IPO, Sources Say
Ethereum (ETH) Merge Planned for September After Successful Final Test
China's Smartphone Golden Era Is Fading a Sales Sink
Huawei Books First Sales Rise Since US Sanctions Hit Its Phones
Debt Issuers Wonder If ESG Label Is Worth It as Skepticism Spreads
Stocks Roar to Cap Longest Weekly Rally This Year: Markets Wrap

日本語タイトル:['']
=== エラー内容 ===
type:<class 'IndexError'>
args:('list index out of range',)
e自身:list index out of range
タイトル:We're About 2 Months Away From a Major Social Security Announcement - The Motley Fool
Just How Safe Is the Stock Market Right Now? - The Motley Fool
70% of Seniors Will Face This Giant Expense -- and Many Are Unprepared - The Motley Fool
3 Warren Buffett Stocks to Buy Now - The Motley Fool
This Passive-Income Giant Has High-Powered Growth Ahead - The Motley Fool
2 Supercharged Stocks to Buy Without Any Hesitation - The Motley Fool
Your Investments vs. a Bear Market: How to Come Out on Top - The Motley Fool
This Could Be the Greatest Threat to Retirees' Financial Security - The Motley Fool
Is Target Stock a Buy Right Now? - The Motley Fool
5 Likely Changes to Social Security Over the Next 10 Years - The Motley Fool
Ethereum in 3 Figures: Is It a Buy? - The Motley Fool
This Strategy Could Give You a Higher Social Security Benefit -- Even if You've Already Filed - The Motley Fool
Why Roku Crushed the Market on Wednesday - The Motley Fool
Where Will NextEra Energy Be In 3 Years? - The Motley Fool
3 Stocks Still Thriving Even as Oil Prices Cool Off - The Motley Fool

日本語タイトル:['']
=== エラー内容 ===
type:<class 'IndexError'>
args:('list index out of range',)
e自身:list index out of range
タイトル:I'm a travel agent who specializes in cruises and my career has changed during the summer of chaos
Rainwater no longer safe to drink anywhere due to 'forever chemicals'
Rep. Himes: Trump declassified Mar-a-Lago docs claim is 'utter baloney'
FBI got 11 sets of classified docs from Mar-a-Lago raid: WSJ
Trump avoided briefings and flushed notes, but asked officials for documents: 'Can I keep this?'
SoulCycle to close 19 studios and layoff staffers. See the list.
Ex-Clinton aide implies Trump had 'kompromat' on Macron, useful to Putin
Hillary Clinton mocks Trump for pleading the Fifth in his deposition
Top economists press Biden to release Afghan frozen funds to Taliban
Donald Trump's business, CFO, to stand trial October 24 in tax-dodge case

日本語タイトル:['']
=== エラー内容 ===
type:<class 'IndexError'>
args:('list index out of range',)
e自身:list index out of range
タイトル:U.N.-chartered ship in Ukraine readying for journey to Africa
Trump's Mar-a-Lago resort posed rare security challenges, experts say
Former Deutsche Bank co-CEO Anshu Jain dies
Biden is set to sign the largest climate bill in history. These stocks could see the biggest boost
Where to find value in space stocks that were obliterated after the SPAC frenzy
Under the radar stocks like O'Reilly will boost your portfolio
You'll Almost Have to Buy an Electric Vehicle if Climate Bill Passes
Mr. Big Short Issues a Dire Warning About the Economy
BBBY Stock: Why It's Getting Harder to Short
Peloton cutting over 700 jobs, raising prices on Bike+, Tread
Salman Rushdie, attacked at New York book event, explored good vs. evil in his work
Meditation app Calm lays off 20% of workforce
Mar-a-Lago search showed legal peril of Trump documents, national security probe
Palestinian gunman wounds 8 in late-night Jerusalem shooting
FBI attacker was prolific poster on Trump's Truth Social
I'm a travel agent who specializes in cruises and my career has changed during the summer of chaos
Rainwater no longer safe to drink anywhere due to 'forever chemicals'
Rep. Himes: Trump declassified Mar-a-Lago docs claim is 'utter baloney'
Responding to FBI search, Trump and allies return to his familiar strategy: flood the zone with nonsense
CNN chief legal analyst Jeffrey Toobin will exit network after 20 years
Key lines from the search warrant and receipt for Trump's Florida home
The Funniest Tweets From Women This Week (Aug. 6-12)
Trump Attorney Signed June Memo Falsely Declaring Classified Docs Were Returned: Report
The Funniest Tweets From Parents This Week (Aug. 6-12)
Indian Billionaire Investor Rakesh Jhunjhunwala Dies at 62
Aramco Profit Surges to Another Record on Bumper Oil Market
Morgan Stanley's Shalett Warns of 'Head Fake' in Inflation Data
Better Buy: 3M or Stanley Black & Decker? - The Motley Fool
3 Top Trends to Invest $5,000 in Right Now - The Motley Fool
Stock Market Sell-Off: How I'm Continuing to Make Passive Income - The Motley Fool

日本語タイトル:['']
=== エラー内容 ===
type:<class 'IndexError'>
args:('list index out of range',)
e自身:list index out of range
タイトル:U.N.-chartered ship in Ukraine readying for journey to Africa
Trump's Mar-a-Lago resort posed rare security challenges, experts say
Former Deutsche Bank co-CEO Anshu Jain dies
EU's Borrell condemns attack on Salman Rushdie
U.S. tells India that Indian ship was used to reroute Russian-linked fuel to New York
Rakesh Jhunjhunwala, 'India's Warren Buffett', dies at 62 India
Sunoco subsidiary sues insurer for refusing to cover climate-change litigation
Taiwan thanks U.S. for maintaining security in Taiwan Strait
Ukraine targets Russian soldiers threatening Europe's largest nuclear power plant
U.S. and Switzerland working on facilitating pharma trade, U.S. ambassador says
Bankruptcy judge approves higher payments for InfoWars vendor
U.S. Vice President Harris to attend Abe's state funeral, Nikkei reports
New Zealand bounce back to beat Boks and ease pressure on Foster
Southampton fight back to draw with Leeds
European shares rise as healthcare, leisure stocks gain

日本語タイトル:['']
=== エラー内容 ===
type:<class 'IndexError'>
args:('list index out of range',)
e自身:list index out of range
タイトル:Biden is set to sign the largest climate bill in history. These stocks could see the biggest boost
S&P 500 closes flat, Nasdaq dips as market comeback rally takes a breather
These are the best-performing S&P 500 stocks this week. Here's where analysts see them going
Under the radar stocks like O'Reilly will boost your portfolio
European stocks close mixed as investors assess inflation, earnings; Aegon up 9%
Tiger 21, an exclusive club of investors, says the ultra rich are doubling down on stocks
Japan's Nikkei 225 rises around 2% on return to trade; Asia shares mixed
Job unhappiness is at a staggering all-time high, according to Gallup
How to find a side hustle that could keep your skills 'sharp' and make you better at your job
Just how strong is the U.S. consumer? Here's what Wall Street has to say — and the stocks it likes
Activist Meister eyes up another possible conglomerate break-up to unlock value
Saudi Aramco profit surges 90% in second quarter amid energy price boom
What's next for bitcoin as the cryptocurrency wrestles with $24000
Toast shares pop as revenue beats estimates and forecast shows more restaurants are going digital
Morgan Stanley downgrades Allbirds, says stock is stuck until 'path to profitability is more clear'

日本語タイトル:['']
=== エラー内容 ===
type:<class 'IndexError'>
args:('list index out of range',)
e自身:list index out of range
タイトル:You'll Almost Have to Buy an Electric Vehicle if Climate Bill Passes
Mr. Big Short Issues a Dire Warning About the Economy
BBBY Stock: Why It's Getting Harder to Short
Billionaire George Soros Bets on Musk's Tesla and Ford
Billionaire Mark Cuban Takes Surprise Stance on Controversial New Tax
Facebook Mired in a New Major Controversy
Cannabis Week: Michigan Sales Record; CEO Pay Surges; Musk Weighs in
3 Great Reasons Not to Bet Against GameStop Stock
Elon Musk Loves it When Tesla Competitors do This
July Inflation Slows to 8.5%, Paring Fed Rate Bets: Stocks Surge
Housing Market: For Once, a Positive Development for Buyers
Here's How Amazon Decides What You're Going to Buy
Delisting of Chinese ADRs Is Part of the New Cold War - RealMoney
Which Are the Most Popular Jobs in the Various States?
Gasoline At (or Under) $2.99 a Gallon: Here's Where

日本語タイトル:['']
=== エラー内容 ===
type:<class 'IndexError'>
args:('list index out of range',)
e自身:list index out of range
タイトル:Peloton cutting over 700 jobs, raising prices on Bike+, Tread
Johnson & Johnson to end sale of talc-based baby powder globally in 2023
STOCK MARKET NEWS: Peloton cutting 700+ jobs, Dow, S&P, Nasdaq post winning week
Meditation app Calm lays off 20% of workforce
Dem Rep. Kathy Manning scooped up thousands in chip company stock one day before voting to pass CHIPS Act
Best Buy cuts store jobs to help boost profits
Has inflation peaked? Maybe, but it could be 'painfully slow' to fall
Thrift shop business booms as inflation throttles American bank accounts
Mazda moves away from Chinese suppliers, attempts to bolster domestic production
Cantor executive, former Deutsche Bank Co-CEO Anshu Jain dies
At least 300 TikTok employees previously worked for Chinese state-aligned media: Report
How inflation is hitting back-to-school essentials
STOCK MARKET NEWS: STOCK MARKET NEWS: S&P, Nasdaq slip, Disney lifts Dow, oil jumps to $94 level
Here are the most pet-friendly cities in the US this year: report
The Inflation Reduction Act is changing electric car tax credits

日本語タイトル:['']
=== エラー内容 ===
type:<class 'IndexError'>
args:('list index out of range',)
e自身:list index out of range
タイトル:Mar-a-Lago search showed legal peril of Trump documents, national security probe
Palestinian gunman wounds 8 in late-night Jerusalem shooting
Documents show how Trump landed Lincoln Memorial for Fox News event
Historians privately warn Biden: America’s democracy is on the brink
FBI attacker was prolific poster on Trump's Truth Social
Suspect charged after Salman Rushdie stabbed at New York event
Analysis  Event venues (like Trump's Mar-a-Lago) are not good places to store nuclear secrets
How to trace your home's history
Analysis  Xi Jinping's Banker Crusade Is Too Much Stick, No Carrots
How the climate package grew from idealism to necessity
Opinion  Influencers are whitewashing Syria's regime, with help from sponsors
Opinion  DeSantis sacked me for doing my job as a prosecutor. Who's next?
Officials asked for damage assessment of papers from Trump's Mar-a-Lago
Trump taxes: House Ways and Means Committee can have records
14 injured, four critically, after car crashes into Arlington building

日本語タイトル:['']
=== エラー内容 ===
type:<class 'IndexError'>
args:('list index out of range',)
e自身:list index out of range
タイトル:Rainwater no longer safe to drink anywhere due to 'forever chemicals'
I'm a travel agent who specializes in cruises and my career has changed during the summer of chaos
Rep. Himes: Trump declassified Mar-a-Lago docs claim is 'utter baloney'
DOJ investigating if Trump violated Espionage Act by taking records
Trump avoided briefings and flushed notes, but asked officials for documents: 'Can I keep this?'
SoulCycle to close 19 studios and layoff staffers. See the list.
Ex-Clinton aide implies Trump had 'kompromat' on Macron, useful to Putin
Hillary Clinton mocks Trump for pleading the Fifth in his deposition
Top economists press Biden to release Afghan frozen funds to Taliban
FBI office attack suspect was angry at Mar-a-Lago raid, posts suggest
Donald Trump's business, CFO, to stand trial October 24 in tax-dodge case
Musk says taxes audited every year, posts false GOP claim on IRS hires
Google blames Apple for lousy Android-to-iPhone messaging
Whole Foods CEO: Young people don't want to work
Russia offering prisoners amnesty if they fight in Ukraine: report

日本語タイトル:['']
=== エラー内容 ===
type:<class 'IndexError'>
args:('list index out of range',)
e自身:list index out of range
タイトル:CNN chief legal analyst Jeffrey Toobin will exit network after 20 years
Key lines from the search warrant and receipt for Trump's Florida home
Trump lawyer claimed no classified material was at Mar-a-Lago in signed letter to Justice Department
Responding to FBI search, Trump and allies return to his familiar strategy: flood the zone with nonsense
'The Netflix effect': Why Western women are heading to South Korea in search of love
Beasts of the skies and bomb-ravaged city tours
11 killed, including 2 children, in Montenegro gun attack, report state media
Authorities identify suspect who attacked author Salman Rushdie at western New York event
Southern Baptist Convention says it faces a DOJ investigation after outside report finds leaders mishandled allegations of sexual abuse
Account bearing Ohio FBI standoff suspect's name encouraged violence against the agency in posts on Trump social media platform
Letter obtained by CNN shows FDA defended new monkeypox vaccine strategy to vaccine maker
A disastrous megaflood is coming to California, experts say, and it could be the most expensive natural disaster in history
CDC ends recommendations for social distancing and quarantine for Covid-19 control, no longer recommends test-to-stay in schools
Inside the Ukraine power plant raising the specter of nuclear disaster in Europe
Analysis: We thought Murdoch's news outlets were abandoning Trump. Then the FBI searched Mar-a-Lago

日本語タイトル:['']
=== エラー内容 ===
type:<class 'IndexError'>
args:('list index out of range',)
e自身:list index out of range
タイトル:The Funniest Tweets From Women This Week (Aug. 6-12)
Trump Attorney Signed June Memo Falsely Declaring Classified Docs Were Returned: Report
The Funniest Tweets From Parents This Week (Aug. 6-12)
Suspect In Rushdie Stabbing Pleads Not Guilty As Author Remains Hospitalized
MLB Player Shocks Fans As He Throws Up A Stream Of Liquid During A Game
With Just 3 Words, A Boy At School Changed Everything I Thought I Knew About Myself
Republicans Bashed For Attacks On IRS Agents After Targeting FBI
Video Shows NFL Player Hopping Into Stands To Stop Fighting Fans
Legal Analyst Jeffrey Toobin Leaving CNN Two Years After Zoom Incident
Listen To Rattled Neighbors Report Wild Clash With Lauren Boebert's Husband
California To Become 1st State To Give Free School Lunches To Students
Netflix's 'Uncoupled' Is The Diverse Queer Sitcom 'Will & Grace' Couldn't Be
Stephen Colbert Taunts Fox News Host's 'Very Stupid Theory' About Trump
Kate McKinnon Reveals The 2 Moments She Felt 'Most Connected' To 'SNL' Audiences
‘Kimmel’ Host David Alan Grier Mocks Right-Wing Dating App: ‘Tinder For Bigots’

日本語タイトル:['']
=== エラー内容 ===
type:<class 'IndexError'>
args:('list index out of range',)
e自身:list index out of range
タイトル:Tech Takes Wind Out of Stocks as Bond Yields Climb: Markets Wrap
Indian Billionaire Investor Rakesh Jhunjhunwala Dies at 62
Aramco Profit Surges to Another Record on Bumper Oil Market
Morgan Stanley's Shalett Warns of 'Head Fake' in Inflation Data
JPMorgan's Kelly Sees Stocks Returning to All-Time Highs in Three Years
Every Wall Street Trend Goes Haywire as Stock Bears Are Crushed
Amazon (AMZN) Joins Deal Revival Spurred by Cheap Valuations
Ukraine Cut to Default by S&P After Creditors OK Debt-Payment Delay
Robinhood Must Face Market Manipulation Claims Over Meme Trading
Strategists Under the Same Roof Clash on S&P 500 Before CPI Data
Centurium-Backed Taibang Picks CICC, JPMorgan for HK IPO, Sources Say
Ethereum (ETH) Merge Planned for September After Successful Final Test
Alibaba, Tencent Stocks Slide as US CPI, Earnings Worries Mount
Huawei Books First Sales Rise Since US Sanctions Hit Its Phones
Thyssenkrupp (ETR: TKA) Lowers Profit Outlook After Rising Rates Hit Steel

日本語タイトル:['']
=== エラー内容 ===
type:<class 'IndexError'>
args:('list index out of range',)
e自身:list index out of range
タイトル:3 Semiconductor Stocks to Buy Now, Including Nvidia - The Motley Fool
3 Warren Buffett Stocks to Buy Now - The Motley Fool
We're About 2 Months Away From a Major Social Security Announcement - The Motley Fool
Should Retirees Worry About AT&T's Dividend? - The Motley Fool
5 Likely Changes to Social Security Over the Next 10 Years - The Motley Fool
Why Roku Crushed the Market on Wednesday - The Motley Fool
This Strategy Could Give You a Higher Social Security Benefit -- Even if You've Already Filed - The Motley Fool
Retire Wealthy: 3 Moves That Could Help You Become a Stock Market Millionaire - The Motley Fool
Is Target Stock a Buy Right Now? - The Motley Fool
Down 14%, Is This Dividend Stock a Buy Now? - The Motley Fool
Why Tesla, Nikola, and Lordstown All Rose Today - The Motley Fool
Your Investments vs. a Bear Market: How to Come Out on Top - The Motley Fool
Is Soaring Invitae Stock a Smart Buy Now? - The Motley Fool
How Tiffany Made $15 Million From Cryptopunk NFTs - The Motley Fool
2 Top Metaverse Stocks Ready for a Bull Run - The Motley Fool

日本語タイトル:['']
=== エラー内容 ===
type:<class 'IndexError'>
args:('list index out of range',)
e自身:list index out of range
タイトル:I'm a travel agent who specializes in cruises and my career has changed during the summer of chaos
DOJ investigating if Trump violated Espionage Act by taking records
Rep. Himes: Trump declassified Mar-a-Lago docs claim is 'utter baloney'
SoulCycle to close 19 studios and layoff staffers. See the list.
Hyundai Ioniq 5 photos: Tour the futuristic electric SUV
'Crying CEO' says 'a lot of good' has come from his LinkedIn post
Ex-Clinton aide implies Trump had 'kompromat' on Macron, useful to Putin
Hillary Clinton mocks Trump for pleading the Fifth in his deposition
Top economists press Biden to release Afghan frozen funds to Taliban
Donald Trump's business, CFO, to stand trial October 24 in tax-dodge case

日本語タイトル:['']
=== エラー内容 ===
type:<class 'IndexError'>
args:('list index out of range',)
e自身:list index out of range
タイトル:Trump's Mar-a-Lago resort posed rare security challenges, experts say
U.N.-chartered ship in Ukraine readying for journey to Africa
EU's Borrell condemns attack on Salman Rushdie
Biden is set to sign the largest climate bill in history. These stocks could see the biggest boost
These are the best-performing S&P 500 stocks this week. Here's where analysts see them going
Under the radar stocks like O'Reilly will boost your portfolio
You'll Almost Have to Buy an Electric Vehicle if Climate Bill Passes
BBBY Stock: Why It's Getting Harder to Short
Billionaire George Soros Bets on Musk's Tesla and Ford
Peloton cutting over 700 jobs, raising prices on Bike+, Tread
Salman Rushdie, attacked at New York book event, explored good vs. evil in his work
Meditation app Calm lays off 20% of workforce
Mar-a-Lago search showed legal peril of Trump documents, national security probe
Palestinian gunman wounds 8 in late-night Jerusalem shooting
Magnitude 5.7 earthquake shakes part of eastern Indonesia
I'm a travel agent who specializes in cruises and my career has changed during the summer of chaos
DOJ investigating if Trump violated Espionage Act by taking records
Rep. Himes: Trump declassified Mar-a-Lago docs claim is 'utter baloney'
CNN chief legal analyst Jeffrey Toobin will exit network after 20 years
Key lines from the search warrant and receipt for Trump's Florida home
Anne Heche's son mourns mother: 'We have lost a bright light'
The Funniest Tweets From Women This Week (Aug. 6-12)
Trump Attorney Signed June Memo Falsely Declaring Classified Docs Were Returned: Report
The Funniest Tweets From Parents This Week (Aug. 6-12)
Indian Billionaire Investor Rakesh Jhunjhunwala Dies at 62
Aramco Profit Surges to Another Record on Bumper Oil Market
Every Wall Street Trend Goes Haywire as Stock Bears Are Crushed
Better Buy: 3M or Stanley Black & Decker? - The Motley Fool
3 Top Trends to Invest $5,000 in Right Now - The Motley Fool
It Pays to Work in Retirement -- Despite the Drawbacks Involved - The Motley Fool

日本語タイトル:['']
=== エラー内容 ===
type:<class 'IndexError'>
args:('list index out of range',)
e自身:list index out of range
タイトル:Trump's Mar-a-Lago resort posed rare security challenges, experts say
U.N.-chartered ship in Ukraine readying for journey to Africa
EU's Borrell condemns attack on Salman Rushdie
U.S. tells India that Indian ship was used to reroute Russian-linked fuel to New York
Former Deutsche Bank co-CEO Anshu Jain dies
Sunoco subsidiary sues insurer for refusing to cover climate-change litigation
Ukraine targets Russian soldiers threatening Europe's largest nuclear power plant
Taiwan thanks U.S. for maintaining security in Taiwan Strait
Rakesh Jhunjhunwala, 'India's Warren Buffett', dies at 62 India
Shanghai extends weekly COVID-19 testing requirement until end of September
U.S. and Switzerland working on facilitating pharma trade, U.S. ambassador says
U.S. Vice President Harris to attend Abe's state funeral, Nikkei reports
Bankruptcy judge approves higher payments for InfoWars vendor
U.S. to pause oil, gas leasing on 2.2 million acres in Colorado over climate impact
Kenya election body: Ruto's party wins governorship of Kenya's capital

日本語タイトル:['']
=== エラー内容 ===
type:<class 'IndexError'>
args:('list index out of range',)
e自身:list index out of range
タイトル:Biden is set to sign the largest climate bill in history. These stocks could see the biggest boost
S&P 500 closes flat, Nasdaq dips as market comeback rally takes a breather
These are the best-performing S&P 500 stocks this week. Here's where analysts see them going
Under the radar stocks like O'Reilly will boost your portfolio
European stocks close mixed as investors assess inflation, earnings; Aegon up 9%
Tiger 21, an exclusive club of investors, says the ultra rich are doubling down on stocks
Just how strong is the U.S. consumer? Here's what Wall Street has to say — and the stocks it likes
Japan's Nikkei 225 rises around 2% on return to trade; Asia shares mixed
Job unhappiness is at a staggering all-time high, according to Gallup
How to find a side hustle that could keep your skills 'sharp' and make you better at your job
Activist Meister eyes up another possible conglomerate break-up to unlock value
What's next for bitcoin as the cryptocurrency wrestles with $24000
Dow closes up 400 points, S&P 500 rises for fourth straight week as investors warm to cooler inflation
Toast shares pop as revenue beats estimates and forecast shows more restaurants are going digital
Morgan Stanley downgrades Allbirds, says stock is stuck until 'path to profitability is more clear'

日本語タイトル:['']
=== エラー内容 ===
type:<class 'IndexError'>
args:('list index out of range',)
e自身:list index out of range
タイトル:You'll Almost Have to Buy an Electric Vehicle if Climate Bill Passes
Mr. Big Short Issues a Dire Warning About the Economy
BBBY Stock: Why It's Getting Harder to Short
Billionaire George Soros Bets on Musk's Tesla and Ford
Facebook Mired in a New Major Controversy
Cannabis Week: Michigan Sales Record; CEO Pay Surges; Musk Weighs in
3 Great Reasons Not to Bet Against GameStop Stock
July Inflation Slows to 8.5%, Paring Fed Rate Bets: Stocks Surge
Elon Musk Loves it When Tesla Competitors do This
Housing Market: For Once, a Positive Development for Buyers
Here's How Amazon Decides What You're Going to Buy
Delisting of Chinese ADRs Is Part of the New Cold War - RealMoney
Which Are the Most Popular Jobs in the Various States?
Gasoline At (or Under) $2.99 a Gallon: Here's Where
Airlines Are Going to Hate it if Biden Gets This Through

日本語タイトル:['']
=== エラー内容 ===
type:<class 'IndexError'>
args:('list index out of range',)
e自身:list index out of range
タイトル:Peloton cutting over 700 jobs, raising prices on Bike+, Tread
Johnson & Johnson to end sale of talc-based baby powder globally in 2023
Salman Rushdie, attacked at New York book event, explored good vs. evil in his work
Meditation app Calm lays off 20% of workforce
Dem Rep. Kathy Manning scooped up thousands in chip company stock one day before voting to pass CHIPS Act
Best Buy cuts store jobs to help boost profits
Has inflation peaked? Maybe, but it could be 'painfully slow' to fall
Thrift shop business booms as inflation throttles American bank accounts
Mazda moves away from Chinese suppliers, attempts to bolster domestic production
Cantor executive, former Deutsche Bank Co-CEO Anshu Jain dies
STOCK MARKET NEWS: Peloton cutting 700+ jobs, Dow, S&P, Nasdaq post winning week
At least 300 TikTok employees previously worked for Chinese state-aligned media: Report
How inflation is hitting back-to-school essentials
The Inflation Reduction Act is changing electric car tax credits
Here are the most pet-friendly cities in the US this year: report

日本語タイトル:['']
=== エラー内容 ===
type:<class 'IndexError'>
args:('list index out of range',)
e自身:list index out of range
タイトル:Mar-a-Lago search showed legal peril of Trump documents, national security probe
Palestinian gunman wounds 8 in late-night Jerusalem shooting
Historians privately warn Biden: America’s democracy is on the brink
FBI attacker was prolific poster on Trump's Truth Social
Oder River mass fish deaths on German-Polish border linked to mercury
Suspect charged after Salman Rushdie stabbed at New York event
Analysis  Event venues (like Trump's Mar-a-Lago) are not good places to store nuclear secrets
Documents show how Trump landed Lincoln Memorial for Fox News event
Opinion  Influencers are whitewashing Syria's regime, with help from sponsors
How to trace your home's history
Analysis  Xi Jinping's Banker Crusade Is Too Much Stick, No Carrots
How the climate package grew from idealism to necessity
CDC loosens coronavirus guidance, signaling strategic shift
Opinion  DeSantis sacked me for doing my job as a prosecutor. Who's next?
Officials asked for damage assessment of papers from Trump's Mar-a-Lago

日本語タイトル:['']
=== エラー内容 ===
type:<class 'IndexError'>
args:('list index out of range',)
e自身:list index out of range
タイトル:I'm a travel agent who specializes in cruises and my career has changed during the summer of chaos
Rep. Himes: Trump declassified Mar-a-Lago docs claim is 'utter baloney'
DOJ investigating if Trump violated Espionage Act by taking records
Trump avoided briefings and flushed notes, but asked officials for documents: 'Can I keep this?'
Hyundai Ioniq 5 photos: Tour the futuristic electric SUV
SoulCycle to close 19 studios and layoff staffers. See the list.
Ex-Clinton aide implies Trump had 'kompromat' on Macron, useful to Putin
Hillary Clinton mocks Trump for pleading the Fifth in his deposition
Top economists press Biden to release Afghan frozen funds to Taliban
FBI office attack suspect was angry at Mar-a-Lago raid, posts suggest
Donald Trump's business, CFO, to stand trial October 24 in tax-dodge case
Google blames Apple for lousy Android-to-iPhone messaging
Whole Foods CEO: Young people don't want to work
Russia offering prisoners amnesty if they fight in Ukraine: report
Musk says taxes audited every year, posts false GOP claim on IRS hires

日本語タイトル:['']
=== エラー内容 ===
type:<class 'IndexError'>
args:('list index out of range',)
e自身:list index out of range
タイトル:Responding to FBI search, Trump and allies return to his familiar strategy: flood the zone with nonsense
CNN chief legal analyst Jeffrey Toobin will exit network after 20 years
Key lines from the search warrant and receipt for Trump's Florida home
Trump lawyer claimed no classified material was at Mar-a-Lago in signed letter to Justice Department
August 12, 2022 Russia-Ukraine news
Judge denies Trump Org and former CFO's motion to dismiss tax fraud indictment
'The Netflix effect': Why Western women are heading to South Korea in search of love
Beasts of the skies and bomb-ravaged city tours
11 killed, including 2 children, in Montenegro gun attack, report state media
Authorities identify suspect who attacked author Salman Rushdie at western New York event
Southern Baptist Convention says it faces a DOJ investigation after outside report finds leaders mishandled allegations of sexual abuse
Account bearing Ohio FBI standoff suspect's name encouraged violence against the agency in posts on Trump social media platform
Letter obtained by CNN shows FDA defended new monkeypox vaccine strategy to vaccine maker
A disastrous megaflood is coming to California, experts say, and it could be the most expensive natural disaster in history
CDC ends recommendations for social distancing and quarantine for Covid-19 control, no longer recommends test-to-stay in schools

日本語タイトル:['']
=== エラー内容 ===
type:<class 'IndexError'>
args:('list index out of range',)
e自身:list index out of range
タイトル:The Funniest Tweets From Women This Week (Aug. 6-12)
Trump Attorney Signed June Memo Falsely Declaring Classified Docs Were Returned: Report
The Funniest Tweets From Parents This Week (Aug. 6-12)
Suspect In Rushdie Stabbing Pleads Not Guilty As Author Remains Hospitalized
With Just 3 Words, A Boy At School Changed Everything I Thought I Knew About Myself
MLB Player Shocks Fans As He Throws Up A Stream Of Liquid During A Game
Republicans Bashed For Attacks On IRS Agents After Targeting FBI
Legal Analyst Jeffrey Toobin Leaving CNN Two Years After Zoom Incident
Video Shows NFL Player Hopping Into Stands To Stop Fighting Fans
Listen To Rattled Neighbors Report Wild Clash With Lauren Boebert's Husband
Trevor Noah Spots 1 Big Error Informant Made Before 'Betraying Trump's Trust'
Stephen Colbert Taunts Fox News Host's 'Very Stupid Theory' About Trump
Netflix's 'Uncoupled' Is The Diverse Queer Sitcom 'Will & Grace' Couldn't Be
California To Become 1st State To Give Free School Lunches To Students
Kate McKinnon Reveals The 2 Moments She Felt 'Most Connected' To 'SNL' Audiences

日本語タイトル:['']
=== エラー内容 ===
type:<class 'IndexError'>
args:('list index out of range',)
e自身:list index out of range
タイトル:Indian Billionaire Investor Rakesh Jhunjhunwala Dies at 62
Tech Takes Wind Out of Stocks as Bond Yields Climb: Markets Wrap
Aramco Profit Surges to Another Record on Bumper Oil Market
JPMorgan's Kelly Sees Stocks Returning to All-Time Highs in Three Years
Every Wall Street Trend Goes Haywire as Stock Bears Are Crushed
Amazon (AMZN) Joins Deal Revival Spurred by Cheap Valuations
Ukraine Cut to Default by S&P After Creditors OK Debt-Payment Delay
Robinhood Must Face Market Manipulation Claims Over Meme Trading
Strategists Under the Same Roof Clash on S&P 500 Before CPI Data
Mocked by Everyone, Stock Rally Sits at Cusp of a Chart Landmark
Morgan Stanley's Shalett Warns of 'Head Fake' in Inflation Data
Centurium-Backed Taibang Picks CICC, JPMorgan for HK IPO, Sources Say
Alibaba, Tencent Stocks Slide as US CPI, Earnings Worries Mount
Huawei Books First Sales Rise Since US Sanctions Hit Its Phones
Thyssenkrupp (ETR: TKA) Lowers Profit Outlook After Rising Rates Hit Steel

日本語タイトル:['']
=== エラー内容 ===
type:<class 'IndexError'>
args:('list index out of range',)
e自身:list index out of range
タイトル:2 Big Reasons Social Security Is Failing Seniors - The Motley Fool
3 Semiconductor Stocks to Buy Now, Including Nvidia - The Motley Fool
3 Warren Buffett Stocks to Buy Now - The Motley Fool
2 Supercharged Stocks to Buy Without Any Hesitation - The Motley Fool
Mark Cuban Thinks Dogecoin Is a Better Investment Than Cardano. Why I Think He's Wrong - The Motley Fool
We're About 2 Months Away From a Major Social Security Announcement - The Motley Fool
This Could Be the Greatest Threat to Retirees' Financial Security - The Motley Fool
Should Retirees Worry About AT&T's Dividend? - The Motley Fool
5 Likely Changes to Social Security Over the Next 10 Years - The Motley Fool
Why Roku Crushed the Market on Wednesday - The Motley Fool
Retire Wealthy: 3 Moves That Could Help You Become a Stock Market Millionaire - The Motley Fool
Is Target Stock a Buy Right Now? - The Motley Fool
The Secret to Building Wealth in the Stock Market Without Lifting a Finger - The Motley Fool
Down 14%, Is This Dividend Stock a Buy Now? - The Motley Fool
Why Tesla, Nikola, and Lordstown All Rose Today - The Motley Fool

日本語タイトル:['']
=== エラー内容 ===
type:<class 'IndexError'>
args:('list index out of range',)
e自身:list index out of range
タイトル:Germany reaches 75% gas stocks target ahead of schedule
Trump's Mar-a-Lago resort posed rare security challenges, experts say
Taiwan says 11 Chinese military aircraft crossed Taiwan's median line
U.N.-chartered ship in Ukraine readying for journey to Africa
Rakesh Jhunjhunwala, 'India's Warren Buffett', dies at 62 India
Russia's war priority: reorient units to strengthen southern Ukraine, UK says
U.S. tells India that Indian ship was used to reroute Russian-linked fuel to New York
EU's Borrell condemns attack on Salman Rushdie
SAS secures $700 million financing to aid restructuring
Former Deutsche Bank co-CEO Anshu Jain dies

日本語タイトル:['']
=== エラー内容 ===
type:<class 'IndexError'>
args:('list index out of range',)
e自身:list index out of range
タイトル:Germany reaches 75% gas stocks target ahead of schedule
Trump's Mar-a-Lago resort posed rare security challenges, experts say
Taiwan says 11 Chinese military aircraft crossed Taiwan's median line
Biden is set to sign the largest climate bill in history. These stocks could see the biggest boost
Under the radar stocks like O'Reilly will boost your portfolio
These are the best-performing S&P 500 stocks this week. Here's where analysts see them going
You'll Almost Have to Buy an Electric Vehicle if Climate Bill Passes
BBBY Stock: Why It's Getting Harder to Short
Billionaire George Soros Bets on Musk's Tesla and Ford
Peloton cutting over 700 jobs, raising prices on Bike+, Tread
Salman Rushdie, attacked at New York book event, explored good vs. evil in his work
Meditation app Calm lays off 20% of workforce
Mar-a-Lago search showed legal peril of Trump documents, national security probe
Palestinian gunman wounds 8 in late-night Jerusalem shooting
Officials: Fire at Coptic church in Cairo kills 41, hurts 14
I'm a travel agent who specializes in cruises and my career has changed during the summer of chaos
DOJ investigating if Trump violated Espionage Act by taking records
Rep. Himes: Trump declassified Mar-a-Lago docs claim is 'utter baloney'
CNN chief legal analyst Jeffrey Toobin will exit network after 20 years
Responding to FBI search, Trump and allies return to his familiar strategy: flood the zone with nonsense
Key lines from the search warrant and receipt for Trump's Florida home
Listen To Rattled Neighbors Report Wild Clash With Lauren Boebert's Husband
The Funniest Tweets From Women This Week (Aug. 6-12)
Trump Attorney Signed June Memo Falsely Declaring Classified Docs Were Returned: Report
Indian Billionaire Investor Rakesh Jhunjhunwala Dies at 62
Morgan Stanley's Shalett Warns of 'Head Fake' in Inflation Data
Every Wall Street Trend Goes Haywire as Stock Bears Are Crushed
Better Buy: 3M or Stanley Black & Decker? - The Motley Fool
Should You Buy Instacart's IPO Hand Over Fist or Avoid At All Costs? - The Motley Fool
3 Top Trends to Invest $5,000 in Right Now - The Motley Fool

日本語タイトル:['']
=== エラー内容 ===
type:<class 'IndexError'>
args:('list index out of range',)
e自身:list index out of range
タイトル:Germany reaches 75% gas stocks target ahead of schedule
Trump's Mar-a-Lago resort posed rare security challenges, experts say
Taiwan says 11 Chinese military aircraft crossed Taiwan's median line
U.N.-chartered ship in Ukraine readying for journey to Africa
Russia's war priority: reorient units to strengthen southern Ukraine, UK says
EU's Borrell condemns attack on Salman Rushdie
Former Deutsche Bank co-CEO Anshu Jain dies
U.S. Vice President Harris to attend Abe's state funeral, Nikkei reports
Ukraine targets Russian soldiers threatening Europe's largest nuclear power plant
Judge reinstates Obama-era coal-leasing ban
Shanghai extends weekly COVID-19 testing requirement until end of September
U.S. and Switzerland working on facilitating pharma trade, U.S. ambassador says
Kenya election body: Ruto's party wins governorship of Kenya's capital
U.S. to pause oil, gas leasing on 2.2 million acres in Colorado over climate impact
Sunoco subsidiary sues insurer for refusing to cover climate-change litigation

日本語タイトル:['']
=== エラー内容 ===
type:<class 'IndexError'>
args:('list index out of range',)
e自身:list index out of range
タイトル:Biden is set to sign the largest climate bill in history. These stocks could see the biggest boost
S&P 500 closes flat, Nasdaq dips as market comeback rally takes a breather
These are the best-performing S&P 500 stocks this week. Here's where analysts see them going
Under the radar stocks like O'Reilly will boost your portfolio
European stocks close mixed as investors assess inflation, earnings; Aegon up 9%
Tiger 21, an exclusive club of investors, says the ultra rich are doubling down on stocks
Just how strong is the U.S. consumer? Here's what Wall Street has to say — and the stocks it likes
Japan's Nikkei 225 rises around 2% on return to trade; Asia shares mixed
Job unhappiness is at a staggering all-time high, according to Gallup
How to find a side hustle that could keep your skills 'sharp' and make you better at your job
Activist Meister eyes up another possible conglomerate break-up to unlock value
Dow closes up 400 points, S&P 500 rises for fourth straight week as investors warm to cooler inflation
What's next for bitcoin as the cryptocurrency wrestles with $24000
Toast shares pop as revenue beats estimates and forecast shows more restaurants are going digital
Morgan Stanley downgrades Allbirds, says stock is stuck until 'path to profitability is more clear'

日本語タイトル:['']
=== エラー内容 ===
type:<class 'IndexError'>
args:('list index out of range',)
e自身:list index out of range
タイトル:You'll Almost Have to Buy an Electric Vehicle if Climate Bill Passes
BBBY Stock: Why It's Getting Harder to Short
Billionaire George Soros Bets on Musk's Tesla and Ford
Facebook Mired in a New Major Controversy
Cannabis Week: Michigan Sales Record; CEO Pay Surges; Musk Weighs in
3 Great Reasons Not to Bet Against GameStop Stock
Elon Musk Loves it When Tesla Competitors do This
July Inflation Slows to 8.5%, Paring Fed Rate Bets: Stocks Surge
Housing Market: For Once, a Positive Development for Buyers
Here's How Amazon Decides What You're Going to Buy
Delisting of Chinese ADRs Is Part of the New Cold War - RealMoney
Which Are the Most Popular Jobs in the Various States?
Gasoline At (or Under) $2.99 a Gallon: Here's Where
Airlines Are Going to Hate it if Biden Gets This Through
Musk Is Selling Tesla Stock. Should You? Check the Chart.

日本語タイトル:['']
=== エラー内容 ===
type:<class 'IndexError'>
args:('list index out of range',)
e自身:list index out of range
タイトル:Peloton cutting over 700 jobs, raising prices on Bike+, Tread
STOCK MARKET NEWS: Peloton cutting 700+ jobs, Dow, S&P, Nasdaq post winning week
Meditation app Calm lays off 20% of workforce
Dem Rep. Kathy Manning scooped up thousands in chip company stock one day before voting to pass CHIPS Act
Best Buy cuts store jobs to help boost profits
Has inflation peaked? Maybe, but it could be 'painfully slow' to fall
Thrift shop business booms as inflation throttles American bank accounts
Mazda moves away from Chinese suppliers, attempts to bolster domestic production
Cantor executive, former Deutsche Bank Co-CEO Anshu Jain dies
At least 300 TikTok employees previously worked for Chinese state-aligned media: Report
How inflation is hitting back-to-school essentials
STOCK MARKET NEWS: STOCK MARKET NEWS: S&P, Nasdaq slip, Disney lifts Dow, oil jumps to $94 level
Here are the most pet-friendly cities in the US this year: report
Monkeypox fears: San Francisco couple says they were nearly booted from Spirit Airlines flight over eczema
Whole Foods founder says socialists are 'taking over' the US, threatening liberties

日本語タイトル:['']
=== エラー内容 ===
type:<class 'IndexError'>
args:('list index out of range',)
e自身:list index out of range
タイトル:Mar-a-Lago search showed legal peril of Trump documents, national security probe
Palestinian gunman wounds 8 in late-night Jerusalem shooting
Documents show how Trump landed Lincoln Memorial for Fox News event
Magnitude 5.7 earthquake shakes part of eastern Indonesia
Oder River mass fish deaths on German-Polish border linked to mercury
FBI attacker was prolific poster on Trump's Truth Social
Analysis  Event venues (like Trump's Mar-a-Lago) are not good places to store nuclear secrets
Suspect charged after Salman Rushdie stabbed at New York event
Historians privately warn Biden: America’s democracy is on the brink
Officials asked for damage assessment of papers from Trump's Mar-a-Lago
Opinion  Influencers are whitewashing Syria's regime, with help from sponsors
How to trace your home's history
Analysis  Xi Jinping's Banker Crusade Is Too Much Stick, No Carrots
CDC loosens coronavirus guidance, signaling strategic shift
How the climate package grew from idealism to necessity

日本語タイトル:['']
=== エラー内容 ===
type:<class 'IndexError'>
args:('list index out of range',)
e自身:list index out of range
タイトル:I'm a travel agent who specializes in cruises and my career has changed during the summer of chaos
FBI got 11 sets of classified docs from Mar-a-Lago raid: WSJ
Trump doesn't deny taking classified nuclear docs in new statement
Hyundai Ioniq 5 photos: Tour the futuristic electric SUV
SoulCycle to close 19 studios and layoff staffers. See the list.
Musk says taxes audited every year, posts false GOP claim on IRS hires
Hillary Clinton mocks Trump for pleading the Fifth in his deposition
Ex-Clinton aide implies Trump had 'kompromat' on Macron, useful to Putin
'Crying CEO' says 'a lot of good' has come from his LinkedIn post
Top economists press Biden to release Afghan frozen funds to Taliban
FBI office attack suspect was angry at Mar-a-Lago raid, posts suggest
Donald Trump's business, CFO, to stand trial October 24 in tax-dodge case
Google blames Apple for lousy Android-to-iPhone messaging
Trump avoided briefings and flushed notes, but asked officials for documents: 'Can I keep this?'
Whole Foods CEO: Young people don't want to work

日本語タイトル:['']
=== エラー内容 ===
type:<class 'IndexError'>
args:('list index out of range',)
e自身:list index out of range
タイトル:Responding to FBI search, Trump and allies return to his familiar strategy: flood the zone with nonsense
CNN chief legal analyst Jeffrey Toobin will exit network after 20 years
FBI took 11 sets of classified material from Trump's Mar-a-Lago home while investigating possible Espionage Act violations
Judge denies Trump Org and former CFO's motion to dismiss tax fraud indictment
'The Netflix effect': Why Western women are heading to South Korea in search of love
Anne Heche's son mourns mother: 'We have lost a bright light'
Family of Vanessa Guillén, Fort Hood soldier found dead, seeks $35 million in damages
11 killed, including 2 children, in Montenegro gun attack, report state media
Letter obtained by CNN shows FDA defended new monkeypox vaccine strategy to vaccine maker
Appalled, devastated and worried. How the world is reacting to the attack on Salman Rushdie
Southern Baptist Convention says it faces a DOJ investigation after outside report finds leaders mishandled allegations of sexual abuse
Corporate America needs to rethink its knee-jerk reaction to Democrats' tax plans
A disastrous megaflood is coming to California, experts say, and it could be the most expensive natural disaster in history
Florida students return to schools reshaped by Gov. DeSantis' anti-'woke' education agenda
Inside the Ukraine power plant raising the specter of nuclear disaster in Europe

日本語タイトル:['']
=== エラー内容 ===
type:<class 'IndexError'>
args:('list index out of range',)
e自身:list index out of range
タイトル:Listen To Rattled Neighbors Report Wild Clash With Lauren Boebert's Husband
The Funniest Tweets From Women This Week (Aug. 6-12)
Trump Attorney Signed June Memo Falsely Declaring Classified Docs Were Returned: Report
The Funniest Tweets From Parents This Week (Aug. 6-12)
Suspect In Rushdie Stabbing Pleads Not Guilty As Author Remains Hospitalized
With Just 3 Words, A Boy At School Changed Everything I Thought I Knew About Myself
Legal Analyst Jeffrey Toobin Leaving CNN Two Years After Zoom Incident
Video Shows NFL Player Hopping Into Stands To Stop Fighting Fans
MLB Player Shocks Fans As He Throws Up A Stream Of Liquid During A Game
Trevor Noah Spots 1 Big Error Informant Made Before 'Betraying Trump's Trust'
Respected Snake Researcher Dies From Rattlesnake Bite At 80
Stephen Colbert Taunts Fox News Host's 'Very Stupid Theory' About Trump
Netflix's 'Uncoupled' Is The Diverse Queer Sitcom 'Will & Grace' Couldn't Be
California To Become 1st State To Give Free School Lunches To Students
Kate McKinnon Reveals The 2 Moments She Felt 'Most Connected' To 'SNL' Audiences

日本語タイトル:['']
=== エラー内容 ===
type:<class 'IndexError'>
args:('list index out of range',)
e自身:list index out of range
タイトル:Tech Takes Wind Out of Stocks as Bond Yields Climb: Markets Wrap
Indian Billionaire Investor Rakesh Jhunjhunwala Dies at 62
Anshu Jain Dies After Battle With Cancer, Family Says
JPMorgan's Kelly Sees Stocks Returning to All-Time Highs in Three Years
Amazon (AMZN) Joins Deal Revival Spurred by Cheap Valuations
Robinhood Must Face Market Manipulation Claims Over Meme Trading
Strategists Under the Same Roof Clash on S&P 500 Before CPI Data
Ukraine Cut to Default by S&P After Creditors OK Debt-Payment Delay
Mocked by Everyone, Stock Rally Sits at Cusp of a Chart Landmark
Centurium-Backed Taibang Picks CICC, JPMorgan for HK IPO, Sources Say
Morgan Stanley's Shalett Warns of 'Head Fake' in Inflation Data
Alibaba, Tencent Stocks Slide as US CPI, Earnings Worries Mount
Author Salman Rushdie Attacked on Lecture Stage in New York
Huawei Books First Sales Rise Since US Sanctions Hit Its Phones
Thyssenkrupp (ETR: TKA) Lowers Profit Outlook After Rising Rates Hit Steel

日本語タイトル:['']
=== エラー内容 ===
type:<class 'IndexError'>
args:('list index out of range',)
e自身:list index out of range
タイトル:3 Semiconductor Stocks to Buy Now, Including Nvidia - The Motley Fool
3 Warren Buffett Stocks to Buy Now - The Motley Fool
Mark Cuban Thinks Dogecoin Is a Better Investment Than Cardano. Why I Think He's Wrong - The Motley Fool
2 Big Reasons Social Security Is Failing Seniors - The Motley Fool
We're About 2 Months Away From a Major Social Security Announcement - The Motley Fool
This Could Be the Greatest Threat to Retirees' Financial Security - The Motley Fool
Should Retirees Worry About AT&T's Dividend? - The Motley Fool
5 Likely Changes to Social Security Over the Next 10 Years - The Motley Fool
Why Roku Crushed the Market on Wednesday - The Motley Fool
Retire Wealthy: 3 Moves That Could Help You Become a Stock Market Millionaire - The Motley Fool
Ethereum in 3 Figures: Is It a Buy? - The Motley Fool
Is Target Stock a Buy Right Now? - The Motley Fool
The Secret to Building Wealth in the Stock Market Without Lifting a Finger - The Motley Fool
Down 14%, Is This Dividend Stock a Buy Now? - The Motley Fool
Why Tesla, Nikola, and Lordstown All Rose Today - The Motley Fool

日本語タイトル:['']
=== エラー内容 ===
type:<class 'IndexError'>
args:('list index out of range',)
e自身:list index out of range
タイトル:Germany reaches 75% gas stocks target ahead of schedule
U.N.-chartered ship in Ukraine readying for journey to Africa
Trump's Mar-a-Lago resort posed rare security challenges, experts say
Taiwan says 11 Chinese military aircraft crossed Taiwan's median line
Rakesh Jhunjhunwala, 'India's Warren Buffett', dies at 62 India
Russia's war priority: reorient units to strengthen southern Ukraine, UK says
Former Deutsche Bank co-CEO Anshu Jain dies
EU's Borrell condemns attack on Salman Rushdie
Bankruptcy judge approves higher payments for InfoWars vendor
Ukraine targets Russian soldiers accused of threatening nuclear plant

日本語タイトル:['']
=== エラー内容 ===
type:<class 'IndexError'>
args:('list index out of range',)
e自身:list index out of range
タイトル:Germany reaches 75% gas stocks target ahead of schedule
U.N.-chartered ship in Ukraine readying for journey to Africa
Trump's Mar-a-Lago resort posed rare security challenges, experts say
Biden is set to sign the largest climate bill in history. These stocks could see the biggest boost
These are the best-performing S&P 500 stocks this week. Here's where analysts see them going
Saudi Aramco profit surges 90% in second quarter amid energy price boom
You'll Almost Have to Buy an Electric Vehicle if Climate Bill Passes
Mr. Big Short Issues a Dire Warning About the Economy
BBBY Stock: Why It's Getting Harder to Short
Peloton cutting over 700 jobs, raising prices on Bike+, Tread
Salman Rushdie, attacked at New York book event, explored good vs. evil in his work
Dem Rep. Kathy Manning scooped up thousands in chip company stock one day before voting to pass CHIPS Act
Mar-a-Lago search showed legal peril of Trump documents, national security probe
Officials: Fire at Coptic church in Cairo kills 41, hurts 14
Palestinian gunman wounds 8 in late-night Jerusalem shooting
I'm a travel agent who specializes in cruises and my career has changed during the summer of chaos
Rep. Himes: Trump declassified Mar-a-Lago docs claim is 'utter baloney'
FBI got 11 sets of classified docs from Mar-a-Lago raid: WSJ
Responding to FBI search, Trump and allies return to his familiar strategy: flood the zone with nonsense
CNN chief legal analyst Jeffrey Toobin will exit network after 20 years
Key lines from the search warrant and receipt for Trump's Florida home
The Funniest Tweets From Women This Week (Aug. 6-12)
Trump Attorney Signed June Memo Falsely Declaring Classified Docs Were Returned: Report
The Funniest Tweets From Parents This Week (Aug. 6-12)
Indian Billionaire Investor Rakesh Jhunjhunwala Dies at 62
Aramco Profit Surges to Another Record on Bumper Oil Market
Rhine River at Key Waypoint Set to Steady at Low Water Level
Better Buy: 3M or Stanley Black & Decker? - The Motley Fool
Should You Buy Instacart's IPO Hand Over Fist or Avoid At All Costs? - The Motley Fool
3 Top Trends to Invest $5,000 in Right Now - The Motley Fool

日本語タイトル:['']
=== エラー内容 ===
type:<class 'IndexError'>
args:('list index out of range',)
e自身:list index out of range
タイトル:Germany reaches 75% gas stocks target ahead of schedule
U.N.-chartered ship in Ukraine readying for journey to Africa
Trump's Mar-a-Lago resort posed rare security challenges, experts say
Taiwan says 11 Chinese military aircraft crossed Taiwan's median line
Rakesh Jhunjhunwala, 'India's Warren Buffett', dies at 62 India
Russia's war priority: reorient units to strengthen southern Ukraine, UK says
Former Deutsche Bank co-CEO Anshu Jain dies
EU's Borrell condemns attack on Salman Rushdie
Ukraine targets Russian soldiers accused of threatening nuclear plant
Judge reinstates Obama-era coal-leasing ban
Shanghai extends weekly COVID-19 testing requirement until end of September
U.S. and Switzerland working on facilitating pharma trade, U.S. ambassador says
Scotland's police investigate threat made to JK Rowling after Rushdie tweet
Sunoco subsidiary sues insurer for refusing to cover climate-change litigation
Kenya election body: Ruto's party wins governorship of Kenya's capital

日本語タイトル:['']
=== エラー内容 ===
type:<class 'IndexError'>
args:('list index out of range',)
e自身:list index out of range
タイトル:Biden is set to sign the largest climate bill in history. These stocks could see the biggest boost
S&P 500 closes flat, Nasdaq dips as market comeback rally takes a breather
These are the best-performing S&P 500 stocks this week. Here's where analysts see them going
Saudi Aramco profit surges 90% in second quarter amid energy price boom
Under the radar stocks like O'Reilly will boost your portfolio
European stocks close mixed as investors assess inflation, earnings; Aegon up 9%
Tiger 21, an exclusive club of investors, says the ultra rich are doubling down on stocks
Japan's Nikkei 225 rises around 2% on return to trade; Asia shares mixed
Job unhappiness is at a staggering all-time high, according to Gallup
Just how strong is the U.S. consumer? Here's what Wall Street has to say — and the stocks it likes
How to find a side hustle that could keep your skills 'sharp' and make you better at your job
Activist Meister eyes up another possible conglomerate break-up to unlock value
Morgan Stanley downgrades Allbirds, says stock is stuck until 'path to profitability is more clear'
What's next for bitcoin as the cryptocurrency wrestles with $24000
Toast shares pop as revenue beats estimates and forecast shows more restaurants are going digital

日本語タイトル:['']
=== エラー内容 ===
type:<class 'IndexError'>
args:('list index out of range',)
e自身:list index out of range
タイトル:You'll Almost Have to Buy an Electric Vehicle if Climate Bill Passes
Mr. Big Short Issues a Dire Warning About the Economy
BBBY Stock: Why It's Getting Harder to Short
Billionaire George Soros Bets on Musk's Tesla and Ford
Facebook Mired in a New Major Controversy
Cannabis Week: Michigan Sales Record; CEO Pay Surges; Musk Weighs in
3 Great Reasons Not to Bet Against GameStop Stock
Elon Musk Loves it When Tesla Competitors do This
July Inflation Slows to 8.5%, Paring Fed Rate Bets: Stocks Surge
Housing Market: For Once, a Positive Development for Buyers
Here's How Amazon Decides What You're Going to Buy
Delisting of Chinese ADRs Is Part of the New Cold War - RealMoney
Which Are the Most Popular Jobs in the Various States?
Gasoline At (or Under) $2.99 a Gallon: Here's Where
Airlines Are Going to Hate it if Biden Gets This Through

日本語タイトル:['']
=== エラー内容 ===
type:<class 'IndexError'>
args:('list index out of range',)
e自身:list index out of range
タイトル:Peloton cutting over 700 jobs, raising prices on Bike+, Tread
Dem Rep. Kathy Manning scooped up thousands in chip company stock one day before voting to pass CHIPS Act
Best Buy cuts store jobs to help boost profits
Mazda moves away from Chinese suppliers, attempts to bolster domestic production
Thrift shop business booms as inflation throttles American bank accounts
STOCK MARKET NEWS: Peloton cutting 700+ jobs, Dow, S&P, Nasdaq post winning week
White-hot inflation seen cooling in July but remaining near record high
Cantor executive, former Deutsche Bank Co-CEO Anshu Jain dies
Teacher shortages continue as the 2022-2023 school year kicks off: 'We don't have a workforce'
Meditation app Calm lays off 20% of workforce
How inflation is hitting back-to-school essentials
At least 300 TikTok employees previously worked for Chinese state-aligned media: Report
Monkeypox fears: San Francisco couple says they were nearly booted from Spirit Airlines flight over eczema
The Inflation Reduction Act is changing electric car tax credits
Here are the most pet-friendly cities in the US this year: report

日本語タイトル:['']
=== エラー内容 ===
type:<class 'IndexError'>
args:('list index out of range',)
e自身:list index out of range
タイトル:Mar-a-Lago search showed legal peril of Trump documents, national security probe
Palestinian gunman wounds 8 in late-night Jerusalem shooting
Documents show how Trump landed Lincoln Memorial for Fox News event
FBI attacker was prolific poster on Trump's Truth Social
Oder River mass fish deaths on German-Polish border linked to mercury
Suspect charged after Salman Rushdie stabbed at New York event
How the climate package grew from idealism to necessity
Analysis  Event venues (like Trump's Mar-a-Lago) are not good places to store nuclear secrets
Historians privately warn Biden: America’s democracy is on the brink
Opinion  Influencers are whitewashing Syria's regime, with help from sponsors
How to trace your home's history
Analysis  Xi Jinping's Banker Crusade Is Too Much Stick, No Carrots
CDC loosens coronavirus guidance, signaling strategic shift
Opinion  DeSantis sacked me for doing my job as a prosecutor. Who's next?
Officials asked for damage assessment of papers from Trump's Mar-a-Lago

日本語タイトル:['']
=== エラー内容 ===
type:<class 'IndexError'>
args:('list index out of range',)
e自身:list index out of range
タイトル:I'm a travel agent who specializes in cruises and my career has changed during the summer of chaos
Rep. Himes: Trump declassified Mar-a-Lago docs claim is 'utter baloney'
DOJ investigating if Trump violated Espionage Act by taking records
Hyundai Ioniq 5 photos: Tour the futuristic electric SUV
Musk says taxes audited every year, posts false GOP claim on IRS hires
Hillary Clinton mocks Trump for pleading the Fifth in his deposition
'Crying CEO' says 'a lot of good' has come from his LinkedIn post
Ex-Clinton aide implies Trump had 'kompromat' on Macron, useful to Putin
Top economists press Biden to release Afghan frozen funds to Taliban
FBI office attack suspect was angry at Mar-a-Lago raid, posts suggest
Shelling at Ukraine's Zaporizhzhia nuclear plant sparks power shutdown
Donald Trump's business, CFO, to stand trial October 24 in tax-dodge case
Google blames Apple for lousy Android-to-iPhone messaging
Whole Foods CEO: Young people don't want to work
Russia offering prisoners amnesty if they fight in Ukraine: report

日本語タイトル:['']
=== エラー内容 ===
type:<class 'IndexError'>
args:('list index out of range',)
e自身:list index out of range
タイトル:Responding to FBI search, Trump and allies return to his familiar strategy: flood the zone with nonsense
CNN chief legal analyst Jeffrey Toobin will exit network after 20 years
Key lines from the search warrant and receipt for Trump's Florida home
'The Netflix effect': Why Western women are heading to South Korea in search of love
Anne Heche's son mourns mother: 'We have lost a bright light'
Appalled, devastated and worried. How the world is reacting to the attack on Salman Rushdie
11 killed, including 2 children, in Montenegro gun attack, report state media
Letter obtained by CNN shows FDA defended new monkeypox vaccine strategy to vaccine maker
Southern Baptist Convention says it faces a DOJ investigation after outside report finds leaders mishandled allegations of sexual abuse
Corporate America needs to rethink its knee-jerk reaction to Democrats' tax plans
'Totally untrue': Dale fact-checks Trump's claims after FBI search
Florida students return to schools reshaped by Gov. DeSantis' anti-'woke' education agenda
Trump lawyer claimed no classified material was at Mar-a-Lago in signed letter to Justice Department
CDC ends recommendations for social distancing and quarantine for Covid-19 control, no longer recommends test-to-stay in schools
Inside the Ukraine power plant raising the specter of nuclear disaster in Europe

日本語タイトル:['']
=== エラー内容 ===
type:<class 'IndexError'>
args:('list index out of range',)
e自身:list index out of range
タイトル:The Funniest Tweets From Women This Week (Aug. 6-12)
Trump Attorney Signed June Memo Falsely Declaring Classified Docs Were Returned: Report
The Funniest Tweets From Parents This Week (Aug. 6-12)
Suspect In Rushdie Stabbing Pleads Not Guilty As Author Remains Hospitalized
With Just 3 Words, A Boy At School Changed Everything I Thought I Knew About Myself
Legal Analyst Jeffrey Toobin Leaving CNN Two Years After Zoom Incident
Video Shows NFL Player Hopping Into Stands To Stop Fighting Fans
MLB Player Shocks Fans As He Throws Up A Stream Of Liquid During A Game
Respected Snake Researcher Dies From Rattlesnake Bite At 80
Listen To Rattled Neighbors Report Wild Clash With Lauren Boebert's Husband
Trevor Noah Spots 1 Big Error Informant Made Before 'Betraying Trump's Trust'
Stephen Colbert Taunts Fox News Host's 'Very Stupid Theory' About Trump
Netflix's 'Uncoupled' Is The Diverse Queer Sitcom 'Will & Grace' Couldn't Be
Kate McKinnon Reveals The 2 Moments She Felt 'Most Connected' To 'SNL' Audiences
California To Become 1st State To Give Free School Lunches To Students

日本語タイトル:['']
=== エラー内容 ===
type:<class 'IndexError'>
args:('list index out of range',)
e自身:list index out of range
タイトル:Tech Takes Wind Out of Stocks as Bond Yields Climb: Markets Wrap
Indian Billionaire Investor Rakesh Jhunjhunwala Dies at 62
Anshu Jain Dies After Battle With Cancer, Family Says
JPMorgan's Kelly Sees Stocks Returning to All-Time Highs in Three Years
Every Wall Street Trend Goes Haywire as Stock Bears Are Crushed
Amazon (AMZN) Joins Deal Revival Spurred by Cheap Valuations
Robinhood Must Face Market Manipulation Claims Over Meme Trading
Strategists Under the Same Roof Clash on S&P 500 Before CPI Data
Ukraine Cut to Default by S&P After Creditors OK Debt-Payment Delay
China's Smartphone Golden Era Is Fading a Sales Sink
Centurium-Backed Taibang Picks CICC, JPMorgan for HK IPO, Sources Say
Market Surge After CPI Data Has Skeptics Issuing a Warning
Mocked by Everyone, Stock Rally Sits at Cusp of a Chart Landmark
Morgan Stanley's Shalett Warns of 'Head Fake' in Inflation Data
Stocks Roar to Cap Longest Weekly Rally This Year: Markets Wrap

日本語タイトル:['']
=== エラー内容 ===
type:<class 'IndexError'>
args:('list index out of range',)
e自身:list index out of range
タイトル:3 Semiconductor Stocks to Buy Now, Including Nvidia - The Motley Fool
3 Warren Buffett Stocks to Buy Now - The Motley Fool
Mark Cuban Thinks Dogecoin Is a Better Investment Than Cardano. Why I Think He's Wrong - The Motley Fool
2 Big Reasons Social Security Is Failing Seniors - The Motley Fool
This Could Be the Greatest Threat to Retirees' Financial Security - The Motley Fool
We're About 2 Months Away From a Major Social Security Announcement - The Motley Fool
5 Likely Changes to Social Security Over the Next 10 Years - The Motley Fool
Should Retirees Worry About AT&T's Dividend? - The Motley Fool
Why Roku Crushed the Market on Wednesday - The Motley Fool
Retire Wealthy: 3 Moves That Could Help You Become a Stock Market Millionaire - The Motley Fool
Ethereum in 3 Figures: Is It a Buy? - The Motley Fool
Is Target Stock a Buy Right Now? - The Motley Fool
It Pays to Work in Retirement -- Despite the Drawbacks Involved - The Motley Fool
The Secret to Building Wealth in the Stock Market Without Lifting a Finger - The Motley Fool
Down 14%, Is This Dividend Stock a Buy Now? - The Motley Fool

日本語タイトル:['']
=== エラー内容 ===
type:<class 'IndexError'>
args:('list index out of range',)
e自身:list index out of range
タイトル:1 dead, 17 hurt in crash outside Pennsylvania bar
Biden is set to sign the largest climate bill in history. These stocks could see the biggest boost
These are the best-performing S&P 500 stocks this week. Here's where analysts see them going
Under the radar stocks like O'Reilly will boost your portfolio
Salman Rushdie off ventilator and talking, day after attack
5 things to know before the stock market opens Friday
Job unhappiness is at a staggering all-time high, according to Gallup
If you're facing bankruptcy, here's what experts say to do before, during and after you file
Saudi Aramco profit surges 90% in second quarter amid energy price boom
How to find a side hustle that could keep your skills 'sharp' and make you better at your job

日本語タイトル:['']
=== エラー内容 ===
type:<class 'IndexError'>
args:('list index out of range',)
e自身:list index out of range
タイトル:Rakesh Jhunjhunwala, 'India's Warren Buffett', dies at 62 India
Taiwan says 11 Chinese military aircraft crossed Taiwan's median line
U.N.-chartered ship in Ukraine readying for journey to Africa
1 dead, 17 hurt in crash outside Pennsylvania bar
Biden is set to sign the largest climate bill in history. These stocks could see the biggest boost
These are the best-performing S&P 500 stocks this week. Here's where analysts see them going
You'll Almost Have to Buy an Electric Vehicle if Climate Bill Passes
Billionaire George Soros Bets on Musk's Tesla and Ford
BBBY Stock: Why It's Getting Harder to Short
Peloton cutting over 700 jobs, raising prices on Bike+, Tread
Saudi Aramco profit jumps as oil prices soar
Salman Rushdie, attacked at New York book event, explored good vs. evil in his work
Mar-a-Lago search showed legal peril of Trump documents, national security probe
Officials: Fire at Coptic church in Cairo kills 41, hurts 14
Palestinian gunman wounds 8 in late-night Jerusalem shooting
I'm a travel agent who specializes in cruises and my career has changed during the summer of chaos
Rep. Himes: Trump declassified Mar-a-Lago docs claim is 'utter baloney'
DOJ investigating if Trump violated Espionage Act by taking records
CNN chief legal analyst Jeffrey Toobin will exit network after 20 years
Responding to FBI search, Trump and allies return to his familiar strategy: flood the zone with nonsense
Key lines from the search warrant and receipt for Trump's Florida home
The Funniest Tweets From Women This Week (Aug. 6-12)
Trump Attorney Signed June Memo Falsely Declaring Classified Docs Were Returned: Report
The Funniest Tweets From Parents This Week (Aug. 6-12)
Indian Billionaire Investor Rakesh Jhunjhunwala Dies at 62
Rhine River at Key Waypoint Set to Steady at Low Water Level
Anshu Jain Dies After Battle With Cancer, Family Says
Better Buy: 3M or Stanley Black & Decker? - The Motley Fool
Should You Buy Instacart's IPO Hand Over Fist or Avoid At All Costs? - The Motley Fool
3 Top Trends to Invest $5,000 in Right Now - The Motley Fool

日本語タイトル:['']
=== エラー内容 ===
type:<class 'IndexError'>
args:('list index out of range',)
e自身:list index out of range
タイトル:Rakesh Jhunjhunwala, 'India's Warren Buffett', dies at 62 India
Taiwan says 11 Chinese military aircraft crossed Taiwan's median line
U.N.-chartered ship in Ukraine readying for journey to Africa
Trump's Mar-a-Lago resort posed rare security challenges, experts say
U.S. tells India that Indian ship was used to reroute Russian-linked fuel to New York
Former Deutsche Bank co-CEO Anshu Jain dies
EU's Borrell condemns attack on Salman Rushdie
Ukraine targets Russian soldiers accused of threatening nuclear plant
Taiwan thanks U.S. for maintaining security in Taiwan Strait
Judge reinstates Obama-era coal-leasing ban
Shanghai extends weekly COVID-19 testing requirement until end of September
U.S. and Switzerland working on facilitating pharma trade, U.S. ambassador says
Sunoco subsidiary sues insurer for refusing to cover climate-change litigation
Kenya election body: Ruto's party wins governorship of Kenya's capital
Bankruptcy judge approves higher payments for InfoWars vendor

日本語タイトル:['']
=== エラー内容 ===
type:<class 'IndexError'>
args:('list index out of range',)
e自身:list index out of range
タイトル:Biden is set to sign the largest climate bill in history. These stocks could see the biggest boost
S&P 500 closes flat, Nasdaq dips as market comeback rally takes a breather
These are the best-performing S&P 500 stocks this week. Here's where analysts see them going
Under the radar stocks like O'Reilly will boost your portfolio
European stocks close mixed as investors assess inflation, earnings; Aegon up 9%
Tiger 21, an exclusive club of investors, says the ultra rich are doubling down on stocks
Just how strong is the U.S. consumer? Here's what Wall Street has to say — and the stocks it likes
Japan's Nikkei 225 rises around 2% on return to trade; Asia shares mixed
Job unhappiness is at a staggering all-time high, according to Gallup
Saudi Aramco profit surges 90% in second quarter amid energy price boom
How to find a side hustle that could keep your skills 'sharp' and make you better at your job
Activist Meister eyes up another possible conglomerate break-up to unlock value
Dow closes up 400 points, S&P 500 rises for fourth straight week as investors warm to cooler inflation
What's next for bitcoin as the cryptocurrency wrestles with $24000
Toast shares pop as revenue beats estimates and forecast shows more restaurants are going digital

日本語タイトル:['']
=== エラー内容 ===
type:<class 'IndexError'>
args:('list index out of range',)
e自身:list index out of range
タイトル:You'll Almost Have to Buy an Electric Vehicle if Climate Bill Passes
Billionaire George Soros Bets on Musk's Tesla and Ford
BBBY Stock: Why It's Getting Harder to Short
Facebook Mired in a New Major Controversy
Cannabis Week: Michigan Sales Record; CEO Pay Surges; Musk Weighs in
3 Great Reasons Not to Bet Against GameStop Stock
July Inflation Slows to 8.5%, Paring Fed Rate Bets: Stocks Surge
Elon Musk Loves it When Tesla Competitors do This
Housing Market: For Once, a Positive Development for Buyers
Here's How Amazon Decides What You're Going to Buy
Delisting of Chinese ADRs Is Part of the New Cold War - RealMoney
Which Are the Most Popular Jobs in the Various States?
Gasoline At (or Under) $2.99 a Gallon: Here's Where
Airlines Are Going to Hate it if Biden Gets This Through
Musk Is Selling Tesla Stock. Should You? Check the Chart.

日本語タイトル:['']
=== エラー内容 ===
type:<class 'IndexError'>
args:('list index out of range',)
e自身:list index out of range
タイトル:Peloton cutting over 700 jobs, raising prices on Bike+, Tread
Saudi Aramco profit jumps as oil prices soar
Salman Rushdie, attacked at New York book event, explored good vs. evil in his work
Dem Rep. Kathy Manning scooped up thousands in chip company stock one day before voting to pass CHIPS Act
Best Buy cuts store jobs to help boost profits
Thrift shop business booms as inflation throttles American bank accounts
STOCK MARKET NEWS: Peloton cutting 700+ jobs, Dow, S&P, Nasdaq post winning week
Teacher shortages continue as the 2022-2023 school year kicks off: 'We don't have a workforce'
Meditation app Calm lays off 20% of workforce
At least 300 TikTok employees previously worked for Chinese state-aligned media: Report
Mazda moves away from Chinese suppliers, attempts to bolster domestic production
Cantor executive, former Deutsche Bank Co-CEO Anshu Jain dies
The Inflation Reduction Act is changing electric car tax credits
Monkeypox fears: San Francisco couple says they were nearly booted from Spirit Airlines flight over eczema
Here are the most pet-friendly cities in the US this year: report

日本語タイトル:['']
=== エラー内容 ===
type:<class 'IndexError'>
args:('list index out of range',)
e自身:list index out of range
タイトル:Mar-a-Lago search showed legal peril of Trump documents, national security probe
Palestinian gunman wounds 8 in late-night Jerusalem shooting
Documents show how Trump landed Lincoln Memorial for Fox News event
Oder River mass fish deaths on German-Polish border linked to mercury
Historians privately warn Biden: America’s democracy is on the brink
Suspect charged after Salman Rushdie stabbed at New York event
How the climate package grew from idealism to necessity
Analysis  Event venues (like Trump's Mar-a-Lago) are not good places to store nuclear secrets
FBI attacker was prolific poster on Trump's Truth Social
Opinion  Influencers are whitewashing Syria's regime, with help from sponsors
How to trace your home's history
Analysis  Xi Jinping's Banker Crusade Is Too Much Stick, No Carrots
CDC loosens coronavirus guidance, signaling strategic shift
Opinion  DeSantis sacked me for doing my job as a prosecutor. Who's next?
Officials asked for damage assessment of papers from Trump's Mar-a-Lago

日本語タイトル:['']
=== エラー内容 ===
type:<class 'IndexError'>
args:('list index out of range',)
e自身:list index out of range
タイトル:I'm a travel agent who specializes in cruises and my career has changed during the summer of chaos
Rep. Himes: Trump declassified Mar-a-Lago docs claim is 'utter baloney'
DOJ investigating if Trump violated Espionage Act by taking records
Trump avoided briefings and flushed notes, but asked officials for documents: 'Can I keep this?'
Hyundai Ioniq 5 photos: Tour the futuristic electric SUV
Musk says taxes audited every year, posts false GOP claim on IRS hires
'Crying CEO' says 'a lot of good' has come from his LinkedIn post
Hillary Clinton mocks Trump for pleading the Fifth in his deposition
Ex-Clinton aide implies Trump had 'kompromat' on Macron, useful to Putin
Top economists press Biden to release Afghan frozen funds to Taliban
FBI office attack suspect was angry at Mar-a-Lago raid, posts suggest
Shelling at Ukraine's Zaporizhzhia nuclear plant sparks power shutdown
Donald Trump's business, CFO, to stand trial October 24 in tax-dodge case
Google blames Apple for lousy Android-to-iPhone messaging
Whole Foods CEO: Young people don't want to work

日本語タイトル:['']
=== エラー内容 ===
type:<class 'IndexError'>
args:('list index out of range',)
e自身:list index out of range
タイトル:CNN chief legal analyst Jeffrey Toobin will exit network after 20 years
Responding to FBI search, Trump and allies return to his familiar strategy: flood the zone with nonsense
Key lines from the search warrant and receipt for Trump's Florida home
'The Netflix effect': Why Western women are heading to South Korea in search of love
Anne Heche's son mourns mother: 'We have lost a bright light'
Southern Baptist Convention says it faces a DOJ investigation after outside report finds leaders mishandled allegations of sexual abuse
11 killed, including 2 children, in Montenegro gun attack, report state media
Trump lawyer claimed no classified material was at Mar-a-Lago in signed letter to Justice Department
Letter obtained by CNN shows FDA defended new monkeypox vaccine strategy to vaccine maker
Corporate America needs to rethink its knee-jerk reaction to Democrats' tax plans
Authorities identify suspect who attacked author Salman Rushdie at western New York event
'Totally untrue': Dale fact-checks Trump's claims after FBI search
CDC ends recommendations for social distancing and quarantine for Covid-19 control, no longer recommends test-to-stay in schools
Inside the Ukraine power plant raising the specter of nuclear disaster in Europe
Florida students return to schools reshaped by Gov. DeSantis' anti-'woke' education agenda

日本語タイトル:['']
=== エラー内容 ===
type:<class 'IndexError'>
args:('list index out of range',)
e自身:list index out of range
タイトル:The Funniest Tweets From Women This Week (Aug. 6-12)
Trump Attorney Signed June Memo Falsely Declaring Classified Docs Were Returned: Report
The Funniest Tweets From Parents This Week (Aug. 6-12)
Listen To Rattled Neighbors Report Wild Clash With Lauren Boebert's Husband
Republicans Bashed For Attacks On IRS Agents After Targeting FBI
Agent: Rushdie off ventilator and talking, day after attack
With Just 3 Words, A Boy At School Changed Everything I Thought I Knew About Myself
Legal Analyst Jeffrey Toobin Leaving CNN Two Years After Zoom Incident
Video Shows NFL Player Hopping Into Stands To Stop Fighting Fans
MLB Player Shocks Fans As He Throws Up A Stream Of Liquid During A Game
Respected Snake Researcher Dies From Rattlesnake Bite At 80
Trevor Noah Spots 1 Big Error Informant Made Before 'Betraying Trump's Trust'
Netflix's 'Uncoupled' Is The Diverse Queer Sitcom 'Will & Grace' Couldn't Be
Stephen Colbert Taunts Fox News Host's 'Very Stupid Theory' About Trump
Kate McKinnon Reveals The 2 Moments She Felt 'Most Connected' To 'SNL' Audiences

日本語タイトル:['']
=== エラー内容 ===
type:<class 'IndexError'>
args:('list index out of range',)
e自身:list index out of range
タイトル:Tech Takes Wind Out of Stocks as Bond Yields Climb: Markets Wrap
Indian Billionaire Investor Rakesh Jhunjhunwala Dies at 62
Anshu Jain Dies After Battle With Cancer, Family Says
JPMorgan's Kelly Sees Stocks Returning to All-Time Highs in Three Years
Every Wall Street Trend Goes Haywire as Stock Bears Are Crushed
Amazon (AMZN) Joins Deal Revival Spurred by Cheap Valuations
Ukraine Cut to Default by S&P After Creditors OK Debt-Payment Delay
Robinhood Must Face Market Manipulation Claims Over Meme Trading
Strategists Under the Same Roof Clash on S&P 500 Before CPI Data
Mocked by Everyone, Stock Rally Sits at Cusp of a Chart Landmark
China's Smartphone Golden Era Is Fading a Sales Sink
Centurium-Backed Taibang Picks CICC, JPMorgan for HK IPO, Sources Say
Market Surge After CPI Data Has Skeptics Issuing a Warning
Morgan Stanley's Shalett Warns of 'Head Fake' in Inflation Data
Stocks Roar to Cap Longest Weekly Rally This Year: Markets Wrap

日本語タイトル:['']
=== エラー内容 ===
type:<class 'IndexError'>
args:('list index out of range',)
e自身:list index out of range
タイトル:It's Time For This FAANG Stock to Flex its Muscle - The Motley Fool
3 Semiconductor Stocks to Buy Now, Including Nvidia - The Motley Fool
3 Warren Buffett Stocks to Buy Now - The Motley Fool
Mark Cuban Thinks Dogecoin Is a Better Investment Than Cardano. Why I Think He's Wrong - The Motley Fool
2 Big Reasons Social Security Is Failing Seniors - The Motley Fool
This Could Be the Greatest Threat to Retirees' Financial Security - The Motley Fool
We're About 2 Months Away From a Major Social Security Announcement - The Motley Fool
5 Likely Changes to Social Security Over the Next 10 Years - The Motley Fool
Should Retirees Worry About AT&T's Dividend? - The Motley Fool
Why Roku Crushed the Market on Wednesday - The Motley Fool
Retire Wealthy: 3 Moves That Could Help You Become a Stock Market Millionaire - The Motley Fool
Ethereum in 3 Figures: Is It a Buy? - The Motley Fool
Is Target Stock a Buy Right Now? - The Motley Fool
It Pays to Work in Retirement -- Despite the Drawbacks Involved - The Motley Fool
The Secret to Building Wealth in the Stock Market Without Lifting a Finger - The Motley Fool

日本語タイトル:['']
=== エラー内容 ===
type:<class 'IndexError'>
args:('list index out of range',)
e自身:list index out of range
タイトル:Biden is set to sign the largest climate bill in history. These stocks could see the biggest boost
1 dead, 17 hurt in crash outside Pennsylvania bar
These are the best-performing S&P 500 stocks this week. Here's where analysts see them going
Under the radar stocks like O'Reilly will boost your portfolio
Salman Rushdie off ventilator and talking, day after attack
5 things to know before the stock market opens Friday
Job unhappiness is at a staggering all-time high, according to Gallup
If you're facing bankruptcy, here's what experts say to do before, during and after you file
Saudi Aramco profit surges 90% in second quarter amid energy price boom
How to find a side hustle that could keep your skills 'sharp' and make you better at your job

日本語タイトル:['']
=== エラー内容 ===
type:<class 'IndexError'>
args:('list index out of range',)
e自身:list index out of range
タイトル:U.N.-chartered ship in Ukraine readying for journey to Africa
Trump's Mar-a-Lago resort posed rare security challenges, experts say
Taiwan says 11 Chinese military aircraft crossed Taiwan's median line
1 dead, 17 hurt in crash outside Pennsylvania bar
Biden is set to sign the largest climate bill in history. These stocks could see the biggest boost
These are the best-performing S&P 500 stocks this week. Here's where analysts see them going
You'll Almost Have to Buy an Electric Vehicle if Climate Bill Passes
Billionaire George Soros Bets on Musk's Tesla and Ford
BBBY Stock: Why It's Getting Harder to Short
Peloton cutting over 700 jobs, raising prices on Bike+, Tread
Salman Rushdie, attacked at New York book event, explored good vs. evil in his work
Saudi Aramco profit jumps as oil prices soar
Mar-a-Lago search showed legal peril of Trump documents, national security probe
Officials: Fire at Coptic church in Cairo kills 41, hurts 14
Palestinian gunman wounds 8 in late-night Jerusalem shooting
I'm a travel agent who specializes in cruises and my career has changed during the summer of chaos
DOJ investigating if Trump violated Espionage Act by taking records
Rep. Himes: Trump declassified Mar-a-Lago docs claim is 'utter baloney'
Responding to FBI search, Trump and allies return to his familiar strategy: flood the zone with nonsense
CNN chief legal analyst Jeffrey Toobin will exit network after 20 years
Key lines from the search warrant and receipt for Trump's Florida home
The Funniest Tweets From Women This Week (Aug. 6-12)
Trump Attorney Signed June Memo Falsely Declaring Classified Docs Were Returned: Report
The Funniest Tweets From Parents This Week (Aug. 6-12)
Indian Billionaire Investor Rakesh Jhunjhunwala Dies at 62
(BTC) Bitcoin Trades Above $25,000 for First Time Since Mid-June
Rhine River at Key Waypoint Set to Steady at Low Water Level
Better Buy: 3M or Stanley Black & Decker? - The Motley Fool
Should You Buy Instacart's IPO Hand Over Fist or Avoid At All Costs? - The Motley Fool
3 Top Trends to Invest $5,000 in Right Now - The Motley Fool

日本語タイトル:['']
=== エラー内容 ===
type:<class 'IndexError'>
args:('list index out of range',)
e自身:list index out of range
タイトル:U.N.-chartered ship in Ukraine readying for journey to Africa
Trump's Mar-a-Lago resort posed rare security challenges, experts say
Taiwan says 11 Chinese military aircraft crossed Taiwan's median line
Ukraine targets Russian soldiers accused of threatening nuclear plant
U.S. tells India that Indian ship was used to reroute Russian-linked fuel to New York
EU's Borrell condemns attack on Salman Rushdie
Former Deutsche Bank co-CEO Anshu Jain dies
Judge reinstates Obama-era coal-leasing ban
U.S. and Switzerland working on facilitating pharma trade, U.S. ambassador says
Sunoco subsidiary sues insurer for refusing to cover climate-change litigation
Bankruptcy judge approves higher payments for InfoWars vendor
Taiwan thanks U.S. for maintaining security in Taiwan Strait
European shares rise as healthcare, leisure stocks gain
Stocks lose ground, Treasury yields climb after inflation data
Russia's war priority: reorient units to strengthen southern Ukraine, UK says

日本語タイトル:['']
=== エラー内容 ===
type:<class 'IndexError'>
args:('list index out of range',)
e自身:list index out of range
タイトル:Biden is set to sign the largest climate bill in history. These stocks could see the biggest boost
S&P 500 closes flat, Nasdaq dips as market comeback rally takes a breather
These are the best-performing S&P 500 stocks this week. Here's where analysts see them going
Under the radar stocks like O'Reilly will boost your portfolio
European stocks close mixed as investors assess inflation, earnings; Aegon up 9%
Tiger 21, an exclusive club of investors, says the ultra rich are doubling down on stocks
Japan's Nikkei 225 rises around 2% on return to trade; Asia shares mixed
Job unhappiness is at a staggering all-time high, according to Gallup
Saudi Aramco profit surges 90% in second quarter amid energy price boom
Just how strong is the U.S. consumer? Here's what Wall Street has to say — and the stocks it likes
Morgan Stanley downgrades Allbirds, says stock is stuck until 'path to profitability is more clear'
Activist Meister eyes up another possible conglomerate break-up to unlock value
What's next for bitcoin as the cryptocurrency wrestles with $24,000
Toast shares pop as revenue beats estimates and forecast shows more restaurants are going digital
The jobs report doesn't support the stock market's bullish narrative

日本語タイトル:['']
=== エラー内容 ===
type:<class 'IndexError'>
args:('list index out of range',)
e自身:list index out of range
タイトル:You'll Almost Have to Buy an Electric Vehicle if Climate Bill Passes
Billionaire George Soros Bets on Musk's Tesla and Ford
BBBY Stock: Why It's Getting Harder to Short
Facebook Mired in a New Major Controversy
Cannabis Week: Michigan Sales Record; CEO Pay Surges; Musk Weighs in
3 Great Reasons Not to Bet Against GameStop Stock
Elon Musk Loves it When Tesla Competitors do This
July Inflation Slows to 8.5%, Paring Fed Rate Bets: Stocks Surge
Housing Market: For Once, a Positive Development for Buyers
Here's How Amazon Decides What You're Going to Buy
Delisting of Chinese ADRs Is Part of the New Cold War - RealMoney
Which Are the Most Popular Jobs in the Various States?
Gasoline At (or Under) $2.99 a Gallon: Here's Where
Airlines Are Going to Hate it if Biden Gets This Through
Micron and Nvidia: Buy or Sell After Bearish Updates?

日本語タイトル:['']
=== エラー内容 ===
type:<class 'IndexError'>
args:('list index out of range',)
e自身:list index out of range
タイトル:Peloton cutting over 700 jobs, raising prices on Bike+, Tread
Salman Rushdie, attacked at New York book event, explored good vs. evil in his work
Saudi Aramco profit jumps as oil prices soar
Best Buy cuts store jobs to help boost profits
Has inflation peaked? Maybe, but it could be 'painfully slow' to fall
Thrift shop business booms as inflation throttles American bank accounts
STOCK MARKET NEWS: Peloton cutting 700+ jobs, Dow, S&P, Nasdaq post winning week
Teacher shortages continue as the 2022-2023 school year kicks off: 'We don't have a workforce'
Meditation app Calm lays off 20% of workforce
STOCK MARKET NEWS: STOCK MARKET NEWS: S&P, Nasdaq slip, Disney lifts Dow, oil jumps to $94 level
At least 300 TikTok employees previously worked for Chinese state-aligned media: Report
Dave Ramsey’s inflation survival tips
Mazda moves away from Chinese suppliers, attempts to bolster domestic production
Cantor executive, former Deutsche Bank Co-CEO Anshu Jain dies
The Inflation Reduction Act is changing electric car tax credits

日本語タイトル:['']
=== エラー内容 ===
type:<class 'IndexError'>
args:('list index out of range',)
e自身:list index out of range
タイトル:Mar-a-Lago search showed legal peril of Trump documents, national security probe
Palestinian gunman wounds 8 in late-night Jerusalem shooting
Oder River mass fish deaths on German-Polish border linked to mercury
Historians privately warn Biden: America’s democracy is on the brink
Suspect charged after Salman Rushdie stabbed at New York event
Analysis  Event venues (like Trump's Mar-a-Lago) are not good places to store nuclear secrets
How the climate package grew from idealism to necessity
FBI attacker was prolific poster on Trump's Truth Social
Tinnitus afflicts nearly 750 million people worldwide
Documents show how Trump landed Lincoln Memorial for Fox News event
Opinion  Influencers are whitewashing Syria's regime, with help from sponsors
How to trace your home's history
Analysis  Xi Jinping's Banker Crusade Is Too Much Stick, No Carrots
CDC loosens coronavirus guidance, signaling strategic shift
Opinion  DeSantis sacked me for doing my job as a prosecutor. Who's next?

日本語タイトル:['']
=== エラー内容 ===
type:<class 'IndexError'>
args:('list index out of range',)
e自身:list index out of range
タイトル:I'm a travel agent who specializes in cruises and my career has changed during the summer of chaos
Rep. Himes: Trump declassified Mar-a-Lago docs claim is 'utter baloney'
FBI got 11 sets of classified docs from Mar-a-Lago raid: WSJ
Trump avoided briefings and flushed notes, but asked officials for documents: 'Can I keep this?'
Hyundai Ioniq 5 photos: Tour the futuristic electric SUV
Musk says taxes audited every year, posts false GOP claim on IRS hires
Hillary Clinton mocks Trump for pleading the Fifth in his deposition
'Crying CEO' says 'a lot of good' has come from his LinkedIn post
Ex-Clinton aide implies Trump had 'kompromat' on Macron, useful to Putin
Top economists press Biden to release Afghan frozen funds to Taliban
FBI office attack suspect was angry at Mar-a-Lago raid, posts suggest
Donald Trump's business, CFO, to stand trial October 24 in tax-dodge case
Google blames Apple for lousy Android-to-iPhone messaging
Whole Foods CEO: Young people don't want to work
If the US sees a civil war, it won't look like the last one: historians

日本語タイトル:['']
=== エラー内容 ===
type:<class 'IndexError'>
args:('list index out of range',)
e自身:list index out of range
タイトル:Responding to FBI search, Trump and allies return to his familiar strategy: flood the zone with nonsense
CNN chief legal analyst Jeffrey Toobin will exit network after 20 years
Key lines from the search warrant and receipt for Trump's Florida home
'The Netflix effect': Why Western women are heading to South Korea in search of love
Southern Baptist Convention says it faces a DOJ investigation after outside report finds leaders mishandled allegations of sexual abuse
11 killed, including 2 children, in Montenegro gun attack, report state media
Trump lawyer claimed no classified material was at Mar-a-Lago in signed letter to Justice Department
Letter obtained by CNN shows FDA defended new monkeypox vaccine strategy to vaccine maker
Corporate America needs to rethink its knee-jerk reaction to Democrats' tax plans
Appalled, devastated and worried. How the world is reacting to the attack on Salman Rushdie
Five Americans among injured in Jerusalem shooting attack
Florida students return to schools reshaped by Gov. DeSantis' anti-'woke' education agenda
CDC ends recommendations for social distancing and quarantine for Covid-19 control, no longer recommends test-to-stay in schools
A disastrous megaflood is coming to California, experts say, and it could be the most expensive natural disaster in history
Armed Trump supporters outside Phoenix FBI office

日本語タイトル:['']
=== エラー内容 ===
type:<class 'IndexError'>
args:('list index out of range',)
e自身:list index out of range
タイトル:The Funniest Tweets From Women This Week (Aug. 6-12)
Trump Attorney Signed June Memo Falsely Declaring Classified Docs Were Returned: Report
The Funniest Tweets From Parents This Week (Aug. 6-12)
Listen To Rattled Neighbors Report Wild Clash With Lauren Boebert's Husband
Agent: Rushdie Off Ventilator And Talking, Day After Attack
With Just 3 Words, A Boy At School Changed Everything I Thought I Knew About Myself
States Will Decide How Much Democrats’ Historic Climate Deal Actually Cuts Emissions
Legal Analyst Jeffrey Toobin Leaving CNN Two Years After Zoom Incident
Video Shows NFL Player Hopping Into Stands To Stop Fighting Fans
Respected Snake Researcher Dies From Rattlesnake Bite At 80
Trevor Noah Spots 1 Big Error Informant Made Before 'Betraying Trump's Trust'
Netflix's 'Uncoupled' Is The Diverse Queer Sitcom 'Will & Grace' Couldn't Be
Stephen Colbert Taunts Fox News Host's 'Very Stupid Theory' About Trump
Kate McKinnon Reveals The 2 Moments She Felt 'Most Connected' To 'SNL' Audiences
California To Become 1st State To Give Free School Lunches To Students

日本語タイトル:['']
=== エラー内容 ===
type:<class 'IndexError'>
args:('list index out of range',)
e自身:list index out of range
タイトル:Tech Takes Wind Out of Stocks as Bond Yields Climb: Markets Wrap
Indian Billionaire Investor Rakesh Jhunjhunwala Dies at 62
Aramco Profit Surges to Another Record on Bumper Oil Market
JPMorgan's Kelly Sees Stocks Returning to All-Time Highs in Three Years
Tech Jitters Rattle Stocks With Key CPI in Focus: Markets Wrap
Amazon (AMZN) Joins Deal Revival Spurred by Cheap Valuations
Ukraine Cut to Default by S&P After Creditors OK Debt-Payment Delay
Robinhood Must Face Market Manipulation Claims Over Meme Trading
Strategists Under the Same Roof Clash on S&P 500 Before CPI Data
China's Smartphone Golden Era Is Fading a Sales Sink
Centurium-Backed Taibang Picks CICC, JPMorgan for HK IPO, Sources Say
Mocked by Everyone, Stock Rally Sits at Cusp of a Chart Landmark
Investors Shunning Equities Set the Stage for Stocks' Big Bounce
Stocks Roar to Cap Longest Weekly Rally This Year: Markets Wrap
Anshu Jain Dies After Battle With Cancer, Family Says

日本語タイトル:['']
=== エラー内容 ===
type:<class 'IndexError'>
args:('list index out of range',)
e自身:list index out of range
タイトル:3 Top Trends to Invest $5,000 in Right Now - The Motley Fool
3 Warren Buffett Stocks to Buy Now - The Motley Fool
Mark Cuban Thinks Dogecoin Is a Better Investment Than Cardano. Why I Think He's Wrong - The Motley Fool
2 Big Reasons Social Security Is Failing Seniors - The Motley Fool
It's Time For This FAANG Stock to Flex its Muscle - The Motley Fool
This Could Be the Greatest Threat to Retirees' Financial Security - The Motley Fool
3 Semiconductor Stocks to Buy Now, Including Nvidia - The Motley Fool
We're About 2 Months Away From a Major Social Security Announcement - The Motley Fool
Should Retirees Worry About AT&T's Dividend? - The Motley Fool
5 Likely Changes to Social Security Over the Next 10 Years - The Motley Fool
Why Roku Crushed the Market on Wednesday - The Motley Fool
Retire Wealthy: 3 Moves That Could Help You Become a Stock Market Millionaire - The Motley Fool
Stock Market Sell-Off: How I'm Continuing to Make Passive Income - The Motley Fool
The Secret to Building Wealth in the Stock Market Without Lifting a Finger - The Motley Fool
Ethereum in 3 Figures: Is It a Buy? - The Motley Fool

日本語タイトル:['']
=== エラー内容 ===
type:<class 'IndexError'>
args:('list index out of range',)
e自身:list index out of range
タイトル:You'll Almost Have to Buy an Electric Vehicle if Climate Bill Passes
Billionaire George Soros Bets on Musk's Tesla and Ford
Mr. Big Short Issues a Dire Warning About the Economy
Facebook Mired in a New Major Controversy
BBBY Stock: Why It's Getting Harder to Short
Cannabis Week: Michigan Sales Record; CEO Pay Surges; Musk Weighs in
Delisting of Chinese ADRs Is Part of the New Cold War - RealMoney
"Big Short" Trader Danny Moses: Is Tesla a Meme Stock?
Where Carnival, Norwegian, Royal Caribbean Sit on Covid Vaccines
Universal Theme Parks Special Effects Patent Challenges Disney

日本語タイトル:['']
=== エラー内容 ===
type:<class 'IndexError'>
args:('list index out of range',)
e自身:list index out of range
タイトル:U.N.-chartered ship in Ukraine readying for journey to Africa
Trump's Mar-a-Lago resort posed rare security challenges, experts say
Ukraine targets Russian soldiers accused of threatening nuclear plant
If you're facing bankruptcy, here's what experts say to do before, during and after you file
Biden is set to sign the largest climate bill in history. These stocks could see the biggest boost
These are the best-performing S&P 500 stocks this week. Here's where analysts see them going
You'll Almost Have to Buy an Electric Vehicle if Climate Bill Passes
Billionaire George Soros Bets on Musk's Tesla and Ford
Mr. Big Short Issues a Dire Warning About the Economy
Peloton cutting over 700 jobs, raising prices on Bike+, Tread
Saudi Aramco profit jumps as oil prices soar
Salman Rushdie, attacked at New York book event, explored good vs. evil in his work
Mar-a-Lago search showed legal peril of Trump documents, national security probe
Falling global food and fuel costs offer poor countries little relief
Palestinian gunman wounds 8 in late-night Jerusalem shooting
I'm a travel agent who specializes in cruises and my career has changed during the summer of chaos
Rep. Himes: Trump declassified Mar-a-Lago docs claim is 'utter baloney'
FBI got 11 sets of classified docs from Mar-a-Lago raid: WSJ
CNN chief legal analyst Jeffrey Toobin will exit network after 20 years
August 12, 2022 Russia-Ukraine news
Anne Heche's son mourns mother: 'We have lost a bright light'
The Funniest Tweets From Women This Week (Aug. 6-12)
Trump Attorney Signed June Memo Falsely Declaring Classified Docs Were Returned: Report
The Funniest Tweets From Parents This Week (Aug. 6-12)
Indian Billionaire Investor Rakesh Jhunjhunwala Dies at 62
Rhine River at Key Waypoint Set to Steady at Low Water Level
Aramco Profit Surges to Another Record on Bumper Oil Market
Better Buy: 3M or Stanley Black & Decker? - The Motley Fool
Should You Buy Instacart's IPO Hand Over Fist or Avoid At All Costs? - The Motley Fool
3 Top Trends to Invest $5,000 in Right Now - The Motley Fool

日本語タイトル:['']
=== エラー内容 ===
type:<class 'IndexError'>
args:('list index out of range',)
e自身:list index out of range
タイトル:U.N.-chartered ship in Ukraine readying for journey to Africa
Trump's Mar-a-Lago resort posed rare security challenges, experts say
Ukraine targets Russian soldiers accused of threatening nuclear plant
Taiwan says 11 Chinese military aircraft crossed Taiwan's median line
EU's Borrell condemns attack on Salman Rushdie
Rakesh Jhunjhunwala, 'India's Warren Buffett', dies at 62 India
Former Deutsche Bank co-CEO Anshu Jain dies
Judge reinstates Obama-era coal-leasing ban
Sunoco subsidiary sues insurer for refusing to cover climate-change litigation
Shanghai extends weekly COVID-19 testing requirement until end of September
Taiwan thanks U.S. for maintaining security in Taiwan Strait
S&P 500, Nasdaq close up 4th straight week as optimism grows
U.S. and Switzerland working on facilitating pharma trade, U.S. ambassador says
Bankruptcy judge approves higher payments for InfoWars vendor
Stocks lose ground, Treasury yields climb after inflation data

日本語タイトル:['']
=== エラー内容 ===
type:<class 'IndexError'>
args:('list index out of range',)
e自身:list index out of range
タイトル:If you're facing bankruptcy, here's what experts say to do before, during and after you file
Biden is set to sign the largest climate bill in history. These stocks could see the biggest boost
S&P 500 closes flat, Nasdaq dips as market comeback rally takes a breather
These are the best-performing S&P 500 stocks this week. Here's where analysts see them going
Under the radar stocks like O'Reilly will boost your portfolio
European stocks close mixed as investors assess inflation, earnings; Aegon up 9%
Tiger 21, an exclusive club of investors, says the ultra rich are doubling down on stocks
Japan's Nikkei 225 rises around 2% on return to trade; Asia shares mixed
Job unhappiness is at a staggering all-time high, according to Gallup
Just how strong is the U.S. consumer? Here's what Wall Street has to say — and the stocks it likes
Saudi Aramco profit surges 90% in second quarter amid energy price boom
S&P 500 and Nasdaq slip to start the week as Nvidia warning puts brakes on market rally
Morgan Stanley downgrades Allbirds, says stock is stuck until 'path to profitability is more clear'
Activist Meister eyes up another possible conglomerate break-up to unlock value
Salman Rushdie off ventilator and talking, day after attack

日本語タイトル:['']
=== エラー内容 ===
type:<class 'IndexError'>
args:('list index out of range',)
e自身:list index out of range
タイトル:You'll Almost Have to Buy an Electric Vehicle if Climate Bill Passes
Mr. Big Short Issues a Dire Warning About the Economy
Facebook Mired in a New Major Controversy
Cannabis Week: Michigan Sales Record; CEO Pay Surges; Musk Weighs in
Billionaire George Soros Bets on Musk's Tesla and Ford
3 Great Reasons Not to Bet Against GameStop Stock
July Inflation Slows to 8.5%, Paring Fed Rate Bets: Stocks Surge
Elon Musk Loves it When Tesla Competitors do This
Housing Market: For Once, a Positive Development for Buyers
Here's How Amazon Decides What You're Going to Buy
Delisting of Chinese ADRs Is Part of the New Cold War - RealMoney
Which Are the Most Popular Jobs in the Various States?
Gasoline At (or Under) $2.99 a Gallon: Here's Where
Airlines Are Going to Hate it if Biden Gets This Through
Musk Is Selling Tesla Stock. Should You? Check the Chart.

日本語タイトル:['']
=== エラー内容 ===
type:<class 'IndexError'>
args:('list index out of range',)
e自身:list index out of range
タイトル:Peloton cutting over 700 jobs, raising prices on Bike+, Tread
Saudi Aramco profit jumps as oil prices soar
Salman Rushdie, attacked at New York book event, explored good vs. evil in his work
Best Buy cuts store jobs to help boost profits
Has inflation peaked? Maybe, but it could be 'painfully slow' to fall
Thrift shop business booms as inflation throttles American bank accounts
STOCK MARKET NEWS: Peloton cutting 700+ jobs, Dow, S&P, Nasdaq post winning week
How inflation is hitting back-to-school essentials
Teacher shortages continue as the 2022-2023 school year kicks off: 'We don't have a workforce'
Meditation app Calm lays off 20% of workforce
Dave Ramsey’s inflation survival tips
At least 300 TikTok employees previously worked for Chinese state-aligned media: Report
Here are the most pet-friendly cities in the US this year: report
Mazda moves away from Chinese suppliers, attempts to bolster domestic production
Cantor executive, former Deutsche Bank Co-CEO Anshu Jain dies

日本語タイトル:['']
=== エラー内容 ===
type:<class 'IndexError'>
args:('list index out of range',)
e自身:list index out of range
タイトル:Mar-a-Lago search showed legal peril of Trump documents, national security probe
Falling global food and fuel costs offer poor countries little relief
Palestinian gunman wounds 8 in late-night Jerusalem shooting
Documents show how Trump landed Lincoln Memorial for Fox News event
Oder River mass fish deaths on German-Polish border linked to mercury
Historians privately warn Biden: America’s democracy is on the brink
FBI attacker was prolific poster on Trump's Truth Social
Suspect charged after Salman Rushdie stabbed at New York event
Analysis  Event venues (like Trump's Mar-a-Lago) are not good places to store nuclear secrets
How the climate package grew from idealism to necessity
Tinnitus afflicts nearly 750 million people worldwide
Opinion  Influencers are whitewashing Syria's regime, with help from sponsors
How to trace your home's history
Analysis  Xi Jinping's Banker Crusade Is Too Much Stick, No Carrots
CDC loosens coronavirus guidance, signaling strategic shift

日本語タイトル:['']
=== エラー内容 ===
type:<class 'IndexError'>
args:('list index out of range',)
e自身:list index out of range
タイトル:I'm a travel agent who specializes in cruises and my career has changed during the summer of chaos
Rep. Himes: Trump declassified Mar-a-Lago docs claim is 'utter baloney'
FBI got 11 sets of classified docs from Mar-a-Lago raid: WSJ
Hyundai Ioniq 5 photos: Tour the futuristic electric SUV
Musk says taxes audited every year, posts false GOP claim on IRS hires
Hillary Clinton mocks Trump for pleading the Fifth in his deposition
'Crying CEO' says 'a lot of good' has come from his LinkedIn post
Top economists press Biden to release Afghan frozen funds to Taliban
Ex-Clinton aide implies Trump had 'kompromat' on Macron, useful to Putin
FBI office attack suspect was angry at Mar-a-Lago raid, posts suggest
Donald Trump's business, CFO, to stand trial October 24 in tax-dodge case
Google blames Apple for lousy Android-to-iPhone messaging
Trump avoided briefings and flushed notes, but asked officials for documents: 'Can I keep this?'
Whole Foods CEO: Young people don't want to work
Elon Musk's bid for $886M Starlink subsidy rejected by FCC

日本語タイトル:['']
=== エラー内容 ===
type:<class 'IndexError'>
args:('list index out of range',)
e自身:list index out of range
タイトル:CNN chief legal analyst Jeffrey Toobin will exit network after 20 years
Merrick Garland says DOJ filed motion to unseal Trump Mar-a-Lago warrant and property receipt
August 12, 2022 Russia-Ukraine news
'The Netflix effect': Why Western women are heading to South Korea in search of love
Southern Baptist Convention says it faces a DOJ investigation after outside report finds leaders mishandled allegations of sexual abuse
Trump lawyer claimed no classified material was at Mar-a-Lago in signed letter to Justice Department
11 killed, including 2 children, in Montenegro gun attack, report state media
Corporate America needs to rethink its knee-jerk reaction to Democrats' tax plans
Anne Heche's son mourns mother: 'We have lost a bright light'
Appalled, devastated and worried. How the world is reacting to the attack on Salman Rushdie
Peloton is cutting jobs, closing stores and hiking prices
Letter obtained by CNN shows FDA defended new monkeypox vaccine strategy to vaccine maker
CDC ends recommendations for social distancing and quarantine for Covid-19 control, no longer recommends test-to-stay in schools
Florida students return to schools reshaped by Gov. DeSantis' anti-'woke' education agenda
Armed Trump supporters outside Phoenix FBI office

日本語タイトル:['']
=== エラー内容 ===
type:<class 'IndexError'>
args:('list index out of range',)
e自身:list index out of range
タイトル:The Funniest Tweets From Women This Week (Aug. 6-12)
Trump Attorney Signed June Memo Falsely Declaring Classified Docs Were Returned: Report
Listen To Rattled Neighbors Report Wild Clash With Lauren Boebert's Husband
The Funniest Tweets From Parents This Week (Aug. 6-12)
Agent: Rushdie Off Ventilator And Talking, Day After Attack
Republicans Bashed For Attacks On IRS Agents After Targeting FBI
With Just 3 Words, A Boy At School Changed Everything I Thought I Knew About Myself
States Will Decide How Much Democrats’ Historic Climate Deal Actually Cuts Emissions
Legal Analyst Jeffrey Toobin Leaving CNN Two Years After Zoom Incident
Video Shows NFL Player Hopping Into Stands To Stop Fighting Fans
Respected Snake Researcher Dies From Rattlesnake Bite At 80
Netflix's 'Uncoupled' Is The Diverse Queer Sitcom 'Will & Grace' Couldn't Be
Stephen Colbert Taunts Fox News Host's 'Very Stupid Theory' About Trump
MLB Player Shocks Fans As He Throws Up A Stream Of Liquid During A Game
Kate McKinnon Reveals The 2 Moments She Felt 'Most Connected' To 'SNL' Audiences

日本語タイトル:['']
=== エラー内容 ===
type:<class 'IndexError'>
args:('list index out of range',)
e自身:list index out of range
タイトル:Tech Takes Wind Out of Stocks as Bond Yields Climb: Markets Wrap
Indian Billionaire Investor Rakesh Jhunjhunwala Dies at 62
Aramco Profit Surges to Another Record on Bumper Oil Market
JPMorgan's Kelly Sees Stocks Returning to All-Time Highs in Three Years
Amazon (AMZN) Joins Deal Revival Spurred by Cheap Valuations
Ukraine Cut to Default by S&P After Creditors OK Debt-Payment Delay
Robinhood Must Face Market Manipulation Claims Over Meme Trading
Strategists Under the Same Roof Clash on S&P 500 Before CPI Data
China's Smartphone Golden Era Is Fading a Sales Sink
Hong Kong's Gaw Capital to Invest $4 Billion in Japan Property
Centurium-Backed Taibang Picks CICC, JPMorgan for HK IPO, Sources Say
Mocked by Everyone, Stock Rally Sits at Cusp of a Chart Landmark
Investors Shunning Equities Set the Stage for Stocks' Big Bounce
Stocks Roar to Cap Longest Weekly Rally This Year: Markets Wrap
Alibaba, Tencent Stocks Slide as US CPI, Earnings Worries Mount

日本語タイトル:['']
=== エラー内容 ===
type:<class 'IndexError'>
args:('list index out of range',)
e自身:list index out of range
タイトル:Is Five9 Stock a Buy Now? - The Motley Fool
Dutch Bros Serves Up Piping Hot Growth. Is the Stock a Buy? - The Motley Fool
Warren Buffett Says This Type of Investor Benefits Most When Stock Prices Fall - The Motley Fool
Mark Cuban Thinks Dogecoin Is a Better Investment Than Cardano. Why I Think He's Wrong - The Motley Fool
2 Big Reasons Social Security Is Failing Seniors - The Motley Fool
This Could Be the Greatest Threat to Retirees' Financial Security - The Motley Fool
It's Time For This FAANG Stock to Flex its Muscle - The Motley Fool
We're About 2 Months Away From a Major Social Security Announcement - The Motley Fool
3 Semiconductor Stocks to Buy Now, Including Nvidia - The Motley Fool
Should Retirees Worry About AT&T's Dividend? - The Motley Fool
Why Roku Crushed the Market on Wednesday - The Motley Fool
5 Likely Changes to Social Security Over the Next 10 Years - The Motley Fool
Retire Wealthy: 3 Moves That Could Help You Become a Stock Market Millionaire - The Motley Fool
Ethereum in 3 Figures: Is It a Buy? - The Motley Fool
Is Target Stock a Buy Right Now? - The Motley Fool

日本語タイトル:['']
=== エラー内容 ===
type:<class 'IndexError'>
args:('list index out of range',)
e自身:list index out of range
タイトル:You'll Almost Have to Buy an Electric Vehicle if Climate Bill Passes
Billionaire George Soros Bets on Musk's Tesla and Ford
Mr. Big Short Issues a Dire Warning About the Economy
BBBY Stock: Why It's Getting Harder to Short
Facebook Mired in a New Major Controversy
Cannabis Week: Michigan Sales Record; CEO Pay Surges; Musk Weighs in
Delisting of Chinese ADRs Is Part of the New Cold War - RealMoney
Where Carnival, Norwegian, Royal Caribbean Sit on Covid Vaccines
"Big Short" Trader Danny Moses: Is Tesla a Meme Stock?
George Soros Deals a Big Blow to Tesla Rival Rivian

日本語タイトル:['']
=== エラー内容 ===
type:<class 'IndexError'>
args:('list index out of range',)
e自身:list index out of range
タイトル:Germany reaches 75% gas stocks target ahead of schedule
U.N.-chartered ship in Ukraine readying for journey to Africa
Trump's Mar-a-Lago resort posed rare security challenges, experts say
If you're facing bankruptcy, here's what experts say to do before, during and after you file
Biden is set to sign the largest climate bill in history. These stocks could see the biggest boost
These are the best-performing S&P 500 stocks this week. Here's where analysts see them going
You'll Almost Have to Buy an Electric Vehicle if Climate Bill Passes
Billionaire George Soros Bets on Musk's Tesla and Ford
Mr. Big Short Issues a Dire Warning About the Economy
Peloton cutting over 700 jobs, raising prices on Bike+, Tread
Dem Rep. Kathy Manning scooped up thousands in chip company stock one day before voting to pass CHIPS Act
Saudi Aramco profit jumps as oil prices soar
Mar-a-Lago search showed legal peril of Trump documents, national security probe
Major wildfire in Spain forces the evacuation of 1500
Falling global food and fuel costs offer poor countries little relief
I'm a travel agent who specializes in cruises and my career has changed during the summer of chaos
DOJ investigating if Trump violated Espionage Act by taking records
Rep. Himes: Trump declassified Mar-a-Lago docs claim is 'utter baloney'
CNN chief legal analyst Jeffrey Toobin will exit network after 20 years
Responding to FBI search, Trump and allies return to his familiar strategy: flood the zone with nonsense
Inside the Ukraine power plant raising the specter of nuclear disaster in Europe
The Funniest Tweets From Women This Week (Aug. 6-12)
Trump Attorney Signed June Memo Falsely Declaring Classified Docs Were Returned: Report
The Funniest Tweets From Parents This Week (Aug. 6-12)
Indian Billionaire Investor Rakesh Jhunjhunwala Dies at 62
Rhine River at Key Waypoint Set to Steady at Low Water Level
Aramco Profit Surges to Another Record on Bumper Oil Market
Better Buy: 3M or Stanley Black & Decker? - The Motley Fool
Is Five9 Stock a Buy Now? - The Motley Fool
Should You Buy Instacart's IPO Hand Over Fist or Avoid At All Costs? - The Motley Fool

日本語タイトル:['']
=== エラー内容 ===
type:<class 'IndexError'>
args:('list index out of range',)
e自身:list index out of range
タイトル:Germany reaches 75% gas stocks target ahead of schedule
U.N.-chartered ship in Ukraine readying for journey to Africa
Trump's Mar-a-Lago resort posed rare security challenges, experts say
Taiwan says 11 Chinese military aircraft crossed Taiwan's median line
Ukraine targets Russian soldiers accused of threatening nuclear plant
U.S. tells India that Indian ship was used to reroute Russian-linked fuel to New York
Rakesh Jhunjhunwala, 'India's Warren Buffett', dies at 62 India
Former Deutsche Bank co-CEO Anshu Jain dies
Salman Rushdie still hospitalized as attack suspect pleads not guilty
U.S. and Switzerland working on facilitating pharma trade, U.S. ambassador says
Bankruptcy judge approves higher payments for InfoWars vendor
Sunoco subsidiary sues insurer for refusing to cover climate-change litigation
Taiwan thanks U.S. for maintaining security in Taiwan Strait
S&P 500, Nasdaq close up 4th straight week as optimism grows
European shares rise as healthcare, leisure stocks gain

日本語タイトル:['']
=== エラー内容 ===
type:<class 'IndexError'>
args:('list index out of range',)
e自身:list index out of range
タイトル:If you're facing bankruptcy, here's what experts say to do before, during and after you file
Biden is set to sign the largest climate bill in history. These stocks could see the biggest boost
S&P 500 closes flat, Nasdaq dips as market comeback rally takes a breather
These are the best-performing S&P 500 stocks this week. Here's where analysts see them going
European stocks close mixed as investors assess inflation, earnings; Aegon up 9%
Don’t bet against short sellers in this market, Jim Cramer warns
Tiger 21, an exclusive club of investors, says the ultra rich are doubling down on stocks
Japan's Nikkei 225 rises around 2% on return to trade; Asia shares mixed
Job unhappiness is at a staggering all-time high, according to Gallup
There are several pockets of strength in the market right now — and not just in tech
Just how strong is the U.S. consumer? Here's what Wall Street has to say — and the stocks it likes
S&P 500 and Nasdaq slip to start the week as Nvidia warning puts brakes on market rally
Morgan Stanley downgrades Allbirds, says stock is stuck until 'path to profitability is more clear'
Saudi Aramco profit surges 90% in second quarter amid energy price boom
Activist Meister eyes up another possible conglomerate break-up to unlock value

日本語タイトル:['']
=== エラー内容 ===
type:<class 'IndexError'>
args:('list index out of range',)
e自身:list index out of range
タイトル:You'll Almost Have to Buy an Electric Vehicle if Climate Bill Passes
Billionaire George Soros Bets on Musk's Tesla and Ford
Mr. Big Short Issues a Dire Warning About the Economy
BBBY Stock: Why It's Getting Harder to Short
Facebook Mired in a New Major Controversy
Cannabis Week: Michigan Sales Record; CEO Pay Surges; Musk Weighs in
3 Great Reasons Not to Bet Against GameStop Stock
Elon Musk Loves it When Tesla Competitors do This
July Inflation Slows to 8.5%, Paring Fed Rate Bets: Stocks Surge
Here's How Amazon Decides What You're Going to Buy
Housing Market: For Once, a Positive Development for Buyers
Delisting of Chinese ADRs Is Part of the New Cold War - RealMoney
Which Are the Most Popular Jobs in the Various States?
Gasoline At (or Under) $2.99 a Gallon: Here's Where
Airlines Are Going to Hate it if Biden Gets This Through

日本語タイトル:['']
=== エラー内容 ===
type:<class 'IndexError'>
args:('list index out of range',)
e自身:list index out of range
タイトル:Peloton cutting over 700 jobs, raising prices on Bike+, Tread
Dem Rep. Kathy Manning scooped up thousands in chip company stock one day before voting to pass CHIPS Act
Saudi Aramco profit jumps as oil prices soar
Best Buy cuts store jobs to help boost profits
Mazda moves away from Chinese suppliers, attempts to bolster domestic production
Thrift shop business booms as inflation throttles American bank accounts
Peloton must face lawsuit over availability of fitness classes
STOCK MARKET NEWS: Peloton cutting 700+ jobs, Dow, S&P, Nasdaq post winning week
Teacher shortages continue as the 2022-2023 school year kicks off: 'We don't have a workforce'
Meditation app Calm lays off 20% of workforce
STOCK MARKET NEWS: STOCK MARKET NEWS: S&P, Nasdaq slip, Disney lifts Dow, oil jumps to $94 level
Dave Ramsey’s inflation survival tips
At least 300 TikTok employees previously worked for Chinese state-aligned media: Report
Here are the most pet-friendly cities in the US this year: report
White-hot inflation seen cooling in July but remaining near record high

日本語タイトル:['']
=== エラー内容 ===
type:<class 'IndexError'>
args:('list index out of range',)
e自身:list index out of range
タイトル:Mar-a-Lago search showed legal peril of Trump documents, national security probe
Falling global food and fuel costs offer poor countries little relief
Palestinian gunman wounds 8 in late-night Jerusalem shooting
Documents show how Trump landed Lincoln Memorial for Fox News event
Magnitude 5.7 earthquake shakes part of eastern Indonesia
Oder River mass fish deaths on German-Polish border linked to mercury
Historians privately warn Biden: America’s democracy is on the brink
Analysis  Event venues (like Trump's Mar-a-Lago) are not good places to store nuclear secrets
How the climate package grew from idealism to necessity
Suspect charged after Salman Rushdie stabbed at New York event
How Riot Games has evolved since 2018 discrimination lawsuit
FBI attacker was prolific poster on Trump's Truth Social
Opinion  Influencers are whitewashing Syria's regime, with help from sponsors
How to trace your home's history
Analysis  Xi Jinping's Banker Crusade Is Too Much Stick, No Carrots

日本語タイトル:['']
=== エラー内容 ===
type:<class 'IndexError'>
args:('list index out of range',)
e自身:list index out of range
タイトル:I'm a travel agent who specializes in cruises and my career has changed during the summer of chaos
Rep. Himes: Trump declassified Mar-a-Lago docs claim is 'utter baloney'
FBI got 11 sets of classified docs from Mar-a-Lago raid: WSJ
Hyundai Ioniq 5 photos: Tour the futuristic electric SUV
Musk says taxes audited every year, posts false GOP claim on IRS hires
Hillary Clinton mocks Trump for pleading the Fifth in his deposition
'Crying CEO' says 'a lot of good' has come from his LinkedIn post
Top economists press Biden to release Afghan frozen funds to Taliban
FBI office attack suspect was angry at Mar-a-Lago raid, posts suggest
Donald Trump's business, CFO, to stand trial October 24 in tax-dodge case
Google blames Apple for lousy Android-to-iPhone messaging
Trump avoided briefings and flushed notes, but asked officials for documents: 'Can I keep this?'
Elon Musk's bid for $886M Starlink subsidy rejected by FCC
Russia offering prisoners amnesty if they fight in Ukraine: report
LinkedIn Lays Off Employees, Eliminating Global Events Marketing Team

日本語タイトル:['']
=== エラー内容 ===
type:<class 'IndexError'>
args:('list index out of range',)
e自身:list index out of range
タイトル:CNN chief legal analyst Jeffrey Toobin will exit network after 20 years
Analysis: Responding to FBI search, Trump and allies return to his familiar strategy: flood the zone with nonsense
Merrick Garland says DOJ filed motion to unseal Trump Mar-a-Lago warrant and property receipt
Inside the Ukraine power plant raising the specter of nuclear disaster in Europe
'The Netflix effect': Why Western women are heading to South Korea in search of love
Anne Heche's son mourns mother: 'We have lost a bright light'
Beasts of the skies and bomb-ravaged city tours
Trump lawyer claimed no classified material was at Mar-a-Lago in signed letter to Justice Department
Southern Baptist Convention says it faces a DOJ investigation after outside report finds leaders mishandled allegations of sexual abuse
11 killed, including 2 children, in Montenegro gun attack, report state media
Corporate America needs to rethink its knee-jerk reaction to Democrats' tax plans
Why Liz Cheney is likely on her way to a major defeat
Peloton is cutting jobs, closing stores and hiking prices
Appalled, devastated and worried. How the world is reacting to the attack on Salman Rushdie
Letter obtained by CNN shows FDA defended new monkeypox vaccine strategy to vaccine maker

日本語タイトル:['']
=== エラー内容 ===
type:<class 'IndexError'>
args:('list index out of range',)
e自身:list index out of range
タイトル:The Funniest Tweets From Women This Week (Aug. 6-12)
Trump Attorney Signed June Memo Falsely Declaring Classified Docs Were Returned: Report
The Funniest Tweets From Parents This Week (Aug. 6-12)
Listen To Rattled Neighbors Report Wild Clash With Lauren Boebert's Husband
Agent: Rushdie Off Ventilator And Talking, Day After Attack
With Just 3 Words, A Boy At School Changed Everything I Thought I Knew About Myself
States Will Decide How Much Democrats’ Historic Climate Deal Actually Cuts Emissions
Here's How Republicans Are Brushing Off The FBI Search Of Trump's Residence
Republicans Bashed For Attacks On IRS Agents After Targeting FBI
Legal Analyst Jeffrey Toobin Leaving CNN Two Years After Zoom Incident
Video Shows NFL Player Hopping Into Stands To Stop Fighting Fans
Respected Snake Researcher Dies From Rattlesnake Bite At 80
Stephen Colbert Taunts Fox News Host's 'Very Stupid Theory' About Trump
Netflix's 'Uncoupled' Is The Diverse Queer Sitcom 'Will & Grace' Couldn't Be
MLB Player Shocks Fans As He Throws Up A Stream Of Liquid During A Game

日本語タイトル:['']
=== エラー内容 ===
type:<class 'IndexError'>
args:('list index out of range',)
e自身:list index out of range
タイトル:Tech Takes Wind Out of Stocks as Bond Yields Climb: Markets Wrap
Indian Billionaire Investor Rakesh Jhunjhunwala Dies at 62
Ukraine Cut to Default by S&P After Creditors OK Debt-Payment Delay
JPMorgan's Kelly Sees Stocks Returning to All-Time Highs in Three Years
Tech Jitters Rattle Stocks With Key CPI in Focus: Markets Wrap
Morgan Stanley's Shalett Warns of 'Head Fake' in Inflation Data
Amazon (AMZN) Joins Deal Revival Spurred by Cheap Valuations
Strategists Under the Same Roof Clash on S&P 500 Before CPI Data
Robinhood Must Face Market Manipulation Claims Over Meme Trading
Sanofi, GSK, Haleon Lead $30 Billion Rout as Zantac Litigation Worries Mount
China's Smartphone Golden Era Is Fading a Sales Sink
Mocked by Everyone, Stock Rally Sits at Cusp of a Chart Landmark
Investors Shunning Equities Set the Stage for Stocks' Big Bounce
Stocks Roar to Cap Longest Weekly Rally This Year: Markets Wrap
Alibaba, Tencent Stocks Slide as US CPI, Earnings Worries Mount

日本語タイトル:['']
=== エラー内容 ===
type:<class 'IndexError'>
args:('list index out of range',)
e自身:list index out of range
タイトル:Dutch Bros Serves Up Piping Hot Growth. Is the Stock a Buy? - The Motley Fool
Mark Cuban Thinks Dogecoin Is a Better Investment Than Cardano. Why I Think He's Wrong - The Motley Fool
2 Big Reasons Social Security Is Failing Seniors - The Motley Fool
This Could Be the Greatest Threat to Retirees' Financial Security - The Motley Fool
It's Time For This FAANG Stock to Flex its Muscle - The Motley Fool
We're About 2 Months Away From a Major Social Security Announcement - The Motley Fool
3 Semiconductor Stocks to Buy Now, Including Nvidia - The Motley Fool
Should Retirees Worry About AT&T's Dividend? - The Motley Fool
Here's What You Need to Know About Take-Two Interactive - The Motley Fool
Why Roku Crushed the Market on Wednesday - The Motley Fool
5 Likely Changes to Social Security Over the Next 10 Years - The Motley Fool
Was Warren Buffett Buying or Selling Last Quarter? - The Motley Fool
Retire Wealthy: 3 Moves That Could Help You Become a Stock Market Millionaire - The Motley Fool
Ethereum in 3 Figures: Is It a Buy? - The Motley Fool
Is Target Stock a Buy Right Now? - The Motley Fool

日本語タイトル:['']
=== エラー内容 ===
type:<class 'IndexError'>
args:('list index out of range',)
e自身:list index out of range
タイトル:Saudi Aramco profit jumps as oil prices soar
Peloton cutting over 700 jobs, raising prices on Bike+, Tread
Salman Rushdie, attacked at New York book event, explored good vs. evil in his work
Dem Rep. Kathy Manning scooped up thousands in chip company stock one day before voting to pass CHIPS Act
Best Buy cuts store jobs to help boost profits
Mazda moves away from Chinese suppliers, attempts to bolster domestic production
Peloton must face lawsuit over availability of fitness classes
Meditation app Calm lays off 20% of workforce
Inflation Reduction Act will put burden on consumers, make unions happy: Billionaire CEO
At least 300 TikTok employees previously worked for Chinese state-aligned media: Report

日本語タイトル:['']
=== エラー内容 ===
type:<class 'IndexError'>
args:('list index out of range',)
e自身:list index out of range
タイトル:Germany reaches 75% gas stocks target ahead of schedule
Trump's Mar-a-Lago resort posed rare security challenges, experts say
Ukraine targets Russian soldiers accused of threatening nuclear plant
Earnings playbook: The investing game plan as retail giants Walmart and Target wrap up the season
If you're facing bankruptcy, here's what experts say to do before, during and after you file
Biden is set to sign the largest climate bill in history. These stocks could see the biggest boost
George Soros Deals a Big Blow to Tesla Rival Rivian
You'll Almost Have to Buy an Electric Vehicle if Climate Bill Passes
Mr. Big Short Issues a Dire Warning About the Economy
Peloton cutting over 700 jobs, raising prices on Bike+, Tread
Salman Rushdie, attacked at New York book event, explored good vs. evil in his work
Dem Rep. Kathy Manning scooped up thousands in chip company stock one day before voting to pass CHIPS Act
Mar-a-Lago search showed legal peril of Trump documents, national security probe
Major wildfire in Spain forces the evacuation of 1500
Falling global food and fuel costs offer poor countries little relief
I'm a travel agent who specializes in cruises and my career has changed during the summer of chaos
Rep. Himes: Trump declassified Mar-a-Lago docs claim is 'utter baloney'
DOJ investigating if Trump violated Espionage Act by taking records
CNN chief legal analyst Jeffrey Toobin will exit network after 20 years
Inside the Ukraine power plant raising the specter of nuclear disaster in Europe
Judge denies Trump Org and former CFO's motion to dismiss tax fraud indictment
The Funniest Tweets From Women This Week (Aug. 6-12)
Trump Attorney Signed June Memo Falsely Declaring Classified Docs Were Returned: Report
The Funniest Tweets From Parents This Week (Aug. 6-12)
Indian Billionaire Investor Rakesh Jhunjhunwala Dies at 62
Aramco Profit Surges to Another Record on Bumper Oil Market
Rhine River at Key Waypoint Set to Steady at Low Water Level
3 Warren Buffett Stocks to Buy Now - The Motley Fool
Better Buy: 3M or Stanley Black & Decker? - The Motley Fool
Is Five9 Stock a Buy Now? - The Motley Fool

日本語タイトル:['']
=== エラー内容 ===
type:<class 'IndexError'>
args:('list index out of range',)
e自身:list index out of range
タイトル:Germany reaches 75% gas stocks target ahead of schedule
Trump's Mar-a-Lago resort posed rare security challenges, experts say
Ukraine targets Russian soldiers accused of threatening nuclear plant
Saudi stocks slip on weaker oil prices as Qatar consolidates gains
Taiwan says 11 Chinese military aircraft crossed Taiwan's median line
Rakesh Jhunjhunwala, 'India's Warren Buffett', dies at 62 India
Former Deutsche Bank co-CEO Anshu Jain dies
Judge reinstates Obama-era coal-leasing ban
Sunoco subsidiary sues insurer for refusing to cover climate-change litigation
U.S. to pause oil, gas leasing on 2.2 million acres in Colorado over climate impact
Taiwan thanks U.S. for maintaining security in Taiwan Strait
S&P 500, Nasdaq close up 4th straight week as optimism grows
Bankruptcy judge approves higher payments for InfoWars vendor
Egypt swears in new ministers after cabinet reshuffle
Stocks lose ground, Treasury yields climb after inflation data

日本語タイトル:['']
=== エラー内容 ===
type:<class 'IndexError'>
args:('list index out of range',)
e自身:list index out of range
タイトル:Earnings playbook: The investing game plan as retail giants Walmart and Target wrap up the season
Biden is set to sign the largest climate bill in history. These stocks could see the biggest boost
S&P 500 closes flat, Nasdaq dips as market comeback rally takes a breather
If you're facing bankruptcy, here's what experts say to do before, during and after you file
European stocks close mixed as investors assess inflation, earnings; Aegon up 9%
Don’t bet against short sellers in this market, Jim Cramer warns
Tiger 21, an exclusive club of investors, says the ultra rich are doubling down on stocks
Japan's Nikkei 225 rises around 2% on return to trade; Asia shares mixed
Job unhappiness is at a staggering all-time high, according to Gallup
There are several pockets of strength in the market right now — and not just in tech
Saudi Aramco profit surges 90% in second quarter amid energy price boom
Just how strong is the U.S. consumer? Here's what Wall Street has to say — and the stocks it likes
S&P 500 and Nasdaq slip to start the week as Nvidia warning puts brakes on market rally
How to find a side hustle that could keep your skills 'sharp' and make you better at your job
Morgan Stanley downgrades Allbirds, says stock is stuck until 'path to profitability is more clear'

日本語タイトル:['']
=== エラー内容 ===
type:<class 'IndexError'>
args:('list index out of range',)
e自身:list index out of range
タイトル:You'll Almost Have to Buy an Electric Vehicle if Climate Bill Passes
BBBY Stock: Why It's Getting Harder to Short
Facebook Mired in a New Major Controversy
Cannabis Week: Michigan Sales Record; CEO Pay Surges; Musk Weighs in
Billionaire George Soros Bets on Musk's Tesla and Ford
3 Great Reasons Not to Bet Against GameStop Stock
Housing Market: For Once, a Positive Development for Buyers
July Inflation Slows to 8.5%, Paring Fed Rate Bets: Stocks Surge
Elon Musk Loves it When Tesla Competitors do This
Here's How Amazon Decides What You're Going to Buy
Delisting of Chinese ADRs Is Part of the New Cold War - RealMoney
Which Are the Most Popular Jobs in the Various States?
Gasoline At (or Under) $2.99 a Gallon: Here's Where
Airlines Are Going to Hate it if Biden Gets This Through
Musk Is Selling Tesla Stock. Should You? Check the Chart.

日本語タイトル:['']
=== エラー内容 ===
type:<class 'IndexError'>
args:('list index out of range',)
e自身:list index out of range
タイトル:Peloton cutting over 700 jobs, raising prices on Bike+, Tread
Saudi Aramco profit jumps as oil prices soar
Meditation app Calm lays off 20% of workforce
Best Buy cuts store jobs to help boost profits
Thrift shop business booms as inflation throttles American bank accounts
STOCK MARKET NEWS: Peloton cutting 700+ jobs, Dow, S&P, Nasdaq post winning week
Peloton must face lawsuit over availability of fitness classes
STOCK MARKET NEWS: STOCK MARKET NEWS: S&P, Nasdaq slip, Disney lifts Dow, oil jumps to $94 level
Dave Ramsey’s inflation survival tips
Here are the most pet-friendly cities in the US this year: report
At least 300 TikTok employees previously worked for Chinese state-aligned media: Report
White-hot inflation seen cooling in July but remaining near record high
Cantor executive, former Deutsche Bank Co-CEO Anshu Jain dies
The Inflation Reduction Act is changing electric car tax credits
Mazda moves away from Chinese suppliers, attempts to bolster domestic production

日本語タイトル:['']
=== エラー内容 ===
type:<class 'IndexError'>
args:('list index out of range',)
e自身:list index out of range
タイトル:Mar-a-Lago search showed legal peril of Trump documents, national security probe
Falling global food and fuel costs offer poor countries little relief
Palestinian gunman wounds 8 in late-night Jerusalem shooting
Magnitude 5.7 earthquake shakes part of eastern Indonesia
Documents show how Trump landed Lincoln Memorial for Fox News event
Oder River mass fish deaths on German-Polish border linked to mercury
Historians privately warn Biden: America’s democracy is on the brink
Analysis  Event venues (like Trump's Mar-a-Lago) are not good places to store nuclear secrets
Suspect charged after Salman Rushdie stabbed at New York event
How the climate package grew from idealism to necessity
How Riot Games has evolved since 2018 discrimination lawsuit
FBI attacker was prolific poster on Trump's Truth Social
Opinion  Influencers are whitewashing Syria's regime, with help from sponsors
How to trace your home's history
Analysis  Xi Jinping's Banker Crusade Is Too Much Stick, No Carrots

日本語タイトル:['']
=== エラー内容 ===
type:<class 'IndexError'>
args:('list index out of range',)
e自身:list index out of range
タイトル:I'm a travel agent who specializes in cruises and my career has changed during the summer of chaos
Rep. Himes: Trump declassified Mar-a-Lago docs claim is 'utter baloney'
DOJ investigating if Trump violated Espionage Act by taking records
Here's how doctors and lawyers can have 7-figure student-debt loads
Hyundai Ioniq 5 photos: Tour the futuristic electric SUV
Musk says taxes audited every year, posts false GOP claim on IRS hires
'Crying CEO' says 'a lot of good' has come from his LinkedIn post
Hillary Clinton mocks Trump for pleading the Fifth in his deposition
Top economists press Biden to release Afghan frozen funds to Taliban
Ex-Clinton aide implies Trump had 'kompromat' on Macron, useful to Putin
FBI office attack suspect was angry at Mar-a-Lago raid, posts suggest
Donald Trump's business, CFO, to stand trial October 24 in tax-dodge case
Google blames Apple for lousy Android-to-iPhone messaging
Shelling at Ukraine's Zaporizhzhia nuclear plant sparks power shutdown
Trump avoided briefings and flushed notes, but asked officials for documents: 'Can I keep this?'

日本語タイトル:['']
=== エラー内容 ===
type:<class 'IndexError'>
args:('list index out of range',)
e自身:list index out of range
タイトル:CNN chief legal analyst Jeffrey Toobin will exit network after 20 years
Responding to FBI search, Trump and allies return to his familiar strategy: flood the zone with nonsense
Merrick Garland says DOJ filed motion to unseal Trump Mar-a-Lago warrant and property receipt
Inside the Ukraine power plant raising the specter of nuclear disaster in Europe
'The Netflix effect': Why Western women are heading to South Korea in search of love
Beasts of the skies and bomb-ravaged city tours
Anne Heche's son mourns mother: 'We have lost a bright light'
Trump lawyer claimed no classified material was at Mar-a-Lago in signed letter to Justice Department
11 killed, including 2 children, in Montenegro gun attack, report state media
Southern Baptist Convention says it faces a DOJ investigation after outside report finds leaders mishandled allegations of sexual abuse
Corporate America needs to rethink its knee-jerk reaction to Democrats' tax plans
Letter obtained by CNN shows FDA defended new monkeypox vaccine strategy to vaccine maker
Peloton is cutting jobs, closing stores and hiking prices
Appalled, devastated and worried. How the world is reacting to the attack on Salman Rushdie
CDC ends recommendations for social distancing and quarantine for Covid-19 control, no longer recommends test-to-stay in schools

日本語タイトル:['']
=== エラー内容 ===
type:<class 'IndexError'>
args:('list index out of range',)
e自身:list index out of range
タイトル:The Funniest Tweets From Women This Week (Aug. 6-12)
Trump Attorney Signed June Memo Falsely Declaring Classified Docs Were Returned: Report
Listen To Rattled Neighbors Report Wild Clash With Lauren Boebert's Husband
The Funniest Tweets From Parents This Week (Aug. 6-12)
Agent: Rushdie Off Ventilator And Talking, Day After Attack
With Just 3 Words, A Boy At School Changed Everything I Thought I Knew About Myself
States Will Decide How Much Democrats’ Historic Climate Deal Actually Cuts Emissions
Here's How Republicans Are Brushing Off The FBI Search Of Trump's Residence
Republicans Bashed For Attacks On IRS Agents After Targeting FBI
Legal Analyst Jeffrey Toobin Leaving CNN Two Years After Zoom Incident
Video Shows NFL Player Hopping Into Stands To Stop Fighting Fans
Stephen Colbert Taunts Fox News Host's 'Very Stupid Theory' About Trump
Respected Snake Researcher Dies From Rattlesnake Bite At 80
Netflix's 'Uncoupled' Is The Diverse Queer Sitcom 'Will & Grace' Couldn't Be
Kate McKinnon Reveals The 2 Moments She Felt 'Most Connected' To 'SNL' Audiences

日本語タイトル:['']
=== エラー内容 ===
type:<class 'IndexError'>
args:('list index out of range',)
e自身:list index out of range
タイトル:Tech Takes Wind Out of Stocks as Bond Yields Climb: Markets Wrap
Indian Billionaire Investor Rakesh Jhunjhunwala Dies at 62
Ukraine Cut to Default by S&P After Creditors OK Debt-Payment Delay
Tech Jitters Rattle Stocks With Key CPI in Focus: Markets Wrap
JPMorgan's Kelly Sees Stocks Returning to All-Time Highs in Three Years
Amazon (AMZN) Joins Deal Revival Spurred by Cheap Valuations
Robinhood Must Face Market Manipulation Claims Over Meme Trading
Strategists Under the Same Roof Clash on S&P 500 Before CPI Data
Sanofi, GSK, Haleon Lead $30 Billion Rout as Zantac Litigation Worries Mount
China's Smartphone Golden Era Is Fading a Sales Sink
Mocked by Everyone, Stock Rally Sits at Cusp of a Chart Landmark
Investors Shunning Equities Set the Stage for Stocks' Big Bounce
Stocks Roar to Cap Longest Weekly Rally This Year: Markets Wrap
Alibaba, Tencent Stocks Slide as US CPI, Earnings Worries Mount
Hong Kong-Based Magic Empire’s 2,325% Surge Baffles Local Investors (MEGL)

日本語タイトル:['']
=== エラー内容 ===
type:<class 'IndexError'>
args:('list index out of range',)
e自身:list index out of range
タイトル:3 Warren Buffett Stocks to Buy Now - The Motley Fool
Should Dividend Investors Add This Stock to Their Portfolios? - The Motley Fool
3 Top Trends to Invest $5,000 in Right Now - The Motley Fool
Dutch Bros Serves Up Piping Hot Growth. Is the Stock a Buy? - The Motley Fool
3 Semiconductor Stocks to Buy Now, Including Nvidia - The Motley Fool
3 High-Growth Stocks to Buy During the Market Dip - The Motley Fool
Down 14%, Is This Dividend Stock a Buy Now? - The Motley Fool
Mark Cuban Thinks Dogecoin Is a Better Investment Than Cardano. Why I Think He's Wrong - The Motley Fool
2 Big Reasons Social Security Is Failing Seniors - The Motley Fool
It's Time For This FAANG Stock to Flex its Muscle - The Motley Fool
We're About 2 Months Away From a Major Social Security Announcement - The Motley Fool
This Could Be the Greatest Threat to Retirees' Financial Security - The Motley Fool
Just How Safe Is the Stock Market Right Now? - The Motley Fool
What You Need to Know Before the Ethereum Merge - The Motley Fool
Should Retirees Worry About AT&T's Dividend? - The Motley Fool

日本語タイトル:['']
=== エラー内容 ===
type:<class 'IndexError'>
args:('list index out of range',)
e自身:list index out of range
タイトル:Peloton cutting over 700 jobs, raising prices on Bike+, Tread
Saudi Aramco profit jumps as oil prices soar
Meditation app Calm lays off 20% of workforce
Best Buy cuts store jobs to help boost profits
Salman Rushdie, attacked at New York book event, explored good vs. evil in his work
Teacher shortages continue as the 2022-2023 school year kicks off: 'We don't have a workforce'
Peloton must face lawsuit over availability of fitness classes
Inflation Reduction Act will put burden on consumers, make unions happy: Billionaire CEO
Cantor executive, former Deutsche Bank Co-CEO Anshu Jain dies
The Inflation Reduction Act is changing electric car tax credits

日本語タイトル:['']
=== エラー内容 ===
type:<class 'IndexError'>
args:('list index out of range',)
e自身:list index out of range
タイトル:Germany reaches 75% gas stocks target ahead of schedule
Trump's Mar-a-Lago resort posed rare security challenges, experts say
Ukraine targets Russian soldiers accused of threatening nuclear plant
Earnings playbook: The investing game plan as retail giants Walmart and Target wrap up the season
Biden is set to sign the largest climate bill in history. These stocks could see the biggest boost
If you're facing bankruptcy, here's what experts say to do before, during and after you file
George Soros Deals a Big Blow to Tesla Rival Rivian
You'll Almost Have to Buy an Electric Vehicle if Climate Bill Passes
Billionaire George Soros Bets on Musk's Tesla and Ford
Peloton cutting over 700 jobs, raising prices on Bike+, Tread
Meditation app Calm lays off 20% of workforce
Best Buy cuts store jobs to help boost profits
Major wildfire in Spain forces the evacuation of 1500
Mar-a-Lago search showed legal peril of Trump documents, national security probe
Falling global food and fuel costs offer poor countries little relief
I'm a travel agent who specializes in cruises and my career has changed during the summer of chaos
Rep. Himes: Trump declassified Mar-a-Lago docs claim is 'utter baloney'
DOJ investigating if Trump violated Espionage Act by taking records
CNN chief legal analyst Jeffrey Toobin will exit network after 20 years
Responding to FBI search, Trump and allies return to his familiar strategy: flood the zone with nonsense
Inflation, explained: Why prices keep going up and who's to blame
The Funniest Tweets From Women This Week (Aug. 6-12)
The Funniest Tweets From Parents This Week (Aug. 6-12)
Agent: Rushdie Off Ventilator And Talking, Day After Attack
Indian Billionaire Investor Rakesh Jhunjhunwala Dies at 62
Rhine River at Key Waypoint Set to Steady at Low Water Level
India Says US Raised Concern Over Processed Russian Oil Shipment
These Passive-Income Stocks Could Very Well Be Millionaire-Makers - The Motley Fool
3 Warren Buffett Stocks to Buy Now - The Motley Fool
Is Five9 Stock a Buy Now? - The Motley Fool

日本語タイトル:['']
=== エラー内容 ===
type:<class 'IndexError'>
args:('list index out of range',)
e自身:list index out of range
タイトル:Germany reaches 75% gas stocks target ahead of schedule
Trump's Mar-a-Lago resort posed rare security challenges, experts say
Ukraine targets Russian soldiers accused of threatening nuclear plant
Saudi stocks slip on weaker oil prices as Qatar consolidates gains
Taiwan says 11 Chinese military aircraft crossed Taiwan's median line
Former Deutsche Bank co-CEO Anshu Jain dies
Salman Rushdie still hospitalized as attack suspect pleads not guilty
Bankruptcy judge approves higher payments for InfoWars vendor
Sunoco subsidiary sues insurer for refusing to cover climate-change litigation
Shanghai extends weekly COVID-19 testing requirement until end of September
U.S. to pause oil, gas leasing on 2.2 million acres in Colorado over climate impact
Taiwan thanks U.S. for maintaining security in Taiwan Strait
Egypt swears in new ministers after cabinet reshuffle
Stocks lose ground, Treasury yields climb after inflation data
U.N.-chartered ship in Ukraine readying for journey to Africa

日本語タイトル:['']
=== エラー内容 ===
type:<class 'IndexError'>
args:('list index out of range',)
e自身:list index out of range
タイトル:Earnings playbook: The investing game plan as retail giants Walmart and Target wrap up the season
Biden is set to sign the largest climate bill in history. These stocks could see the biggest boost
S&P 500 closes flat, Nasdaq dips as market comeback rally takes a breather
If you're facing bankruptcy, here's what experts say to do before, during and after you file
European stocks close mixed as investors assess inflation, earnings; Aegon up 9%
Don’t bet against short sellers in this market, Jim Cramer warns
Tiger 21, an exclusive club of investors, says the ultra rich are doubling down on stocks
Just how strong is the U.S. consumer? Here's what Wall Street has to say — and the stocks it likes
Japan's Nikkei 225 rises around 2% on return to trade; Asia shares mixed
Job unhappiness is at a staggering all-time high, according to Gallup
S&P 500 and Nasdaq slip to start the week as Nvidia warning puts brakes on market rally
Morgan Stanley downgrades Allbirds, says stock is stuck until 'path to profitability is more clear'
Activist Meister eyes up another possible conglomerate break-up to unlock value
What's next for bitcoin as the cryptocurrency wrestles with $24000
Dow closes up 400 points, S&P 500 rises for fourth straight week as investors warm to cooler inflation

日本語タイトル:['']
=== エラー内容 ===
type:<class 'IndexError'>
args:('list index out of range',)
e自身:list index out of range
タイトル:You'll Almost Have to Buy an Electric Vehicle if Climate Bill Passes
Mr. Big Short Issues a Dire Warning About the Economy
BBBY Stock: Why It's Getting Harder to Short
Facebook Mired in a New Major Controversy
Cannabis Week: Michigan Sales Record; CEO Pay Surges; Musk Weighs in
Billionaire George Soros Bets on Musk's Tesla and Ford
3 Great Reasons Not to Bet Against GameStop Stock
Housing Market: For Once, a Positive Development for Buyers
July Inflation Slows to 8.5%, Paring Fed Rate Bets: Stocks Surge
Elon Musk Loves it When Tesla Competitors do This
Here's How Amazon Decides What You're Going to Buy
Delisting of Chinese ADRs Is Part of the New Cold War - RealMoney
Which Are the Most Popular Jobs in the Various States?
Gasoline At (or Under) $2.99 a Gallon: Here's Where
Airlines Are Going to Hate it if Biden Gets This Through

日本語タイトル:['']
=== エラー内容 ===
type:<class 'IndexError'>
args:('list index out of range',)
e自身:list index out of range
タイトル:Peloton cutting over 700 jobs, raising prices on Bike+, Tread
Saudi Aramco profit jumps as oil prices soar
Best Buy cuts store jobs to help boost profits
Thrift shop business booms as inflation throttles American bank accounts
Teacher shortages continue as the 2022-2023 school year kicks off: 'We don't have a workforce'
STOCK MARKET NEWS: Peloton cutting 700+ jobs, Dow, S&P, Nasdaq post winning week
Dave Ramsey’s inflation survival tips
Peloton must face lawsuit over availability of fitness classes
STOCK MARKET NEWS: STOCK MARKET NEWS: S&P, Nasdaq slip, Disney lifts Dow, oil jumps to $94 level
Here are the most pet-friendly cities in the US this year: report
White-hot inflation seen cooling in July but remaining near record high
Cantor executive, former Deutsche Bank Co-CEO Anshu Jain dies
The Inflation Reduction Act is changing electric car tax credits
Larry Kudlow on Trump Mar-a-Lago raid: We need the application for the warrant
Whole Foods founder says socialists are 'taking over' the US, threatening liberties

日本語タイトル:['']
=== エラー内容 ===
type:<class 'IndexError'>
args:('list index out of range',)
e自身:list index out of range
タイトル:Mar-a-Lago search showed legal peril of Trump documents, national security probe
Salman Rushdie taken off ventilator following attack in New York state
Falling global food and fuel costs offer poor countries little relief
Officials: Fire at Coptic church in Cairo kills 41, hurts 14
Officials asked for damage assessment of papers from Trump's Mar-a-Lago
Documents show how Trump landed Lincoln Memorial for Fox News event
Magnitude 5.7 earthquake shakes part of eastern Indonesia
Oder River mass fish deaths on German-Polish border linked to mercury
Historians privately warn Biden: America’s democracy is on the brink
Palestinian gunman wounds 8 in late-night Jerusalem shooting
Analysis  Event venues (like Trump's Mar-a-Lago) are not good places to store nuclear secrets
FBI attacker was prolific poster on Trump's Truth Social
How the climate package grew from idealism to necessity
How Riot Games has evolved since 2018 discrimination lawsuit
How to trace your home's history

日本語タイトル:['']
=== エラー内容 ===
type:<class 'IndexError'>
args:('list index out of range',)
e自身:list index out of range
タイトル:I'm a travel agent who specializes in cruises and my career has changed during the summer of chaos
Rep. Himes: Trump declassified Mar-a-Lago docs claim is 'utter baloney'
DOJ investigating if Trump violated Espionage Act by taking records
Here's how doctors and lawyers can have 7-figure student-debt loads
Trump avoided briefings and flushed notes, but asked officials for documents: 'Can I keep this?'
Hyundai Ioniq 5 photos: Tour the futuristic electric SUV
Musk says taxes audited every year, posts false GOP claim on IRS hires
'Crying CEO' says 'a lot of good' has come from his LinkedIn post
Hillary Clinton mocks Trump for pleading the Fifth in his deposition
Top economists press Biden to release Afghan frozen funds to Taliban
Ex-Clinton aide implies Trump had 'kompromat' on Macron, useful to Putin
Trump lawyer said classified docs were returned from Mar-a-Lago: NYT
FBI office attack suspect was angry at Mar-a-Lago raid, posts suggest
Donald Trump's business, CFO, to stand trial October 24 in tax-dodge case
Google blames Apple for lousy Android-to-iPhone messaging

日本語タイトル:['']
=== エラー内容 ===
type:<class 'IndexError'>
args:('list index out of range',)
e自身:list index out of range
タイトル:CNN chief legal analyst Jeffrey Toobin will exit network after 20 years
Inflation, explained: Why prices keep going up and who's to blame
Merrick Garland says DOJ filed motion to unseal Trump Mar-a-Lago warrant and property receipt
Trump lawyer claimed no classified material was at Mar-a-Lago in signed letter to Justice Department
Responding to FBI search, Trump and allies return to his familiar strategy: flood the zone with nonsense
'The Netflix effect': Why Western women are heading to South Korea in search of love
Inside the Ukraine power plant raising the specter of nuclear disaster in Europe
Anne Heche's son mourns mother: 'We have lost a bright light'
Beasts of the skies and bomb-ravaged city tours
Southern Baptist Convention says it faces a DOJ investigation after outside report finds leaders mishandled allegations of sexual abuse
11 killed, including 2 children, in Montenegro gun attack, report state media
Children among dozens killed in Egypt church fire
Letter obtained by CNN shows FDA defended new monkeypox vaccine strategy to vaccine maker
Peloton is cutting jobs, closing stores and hiking prices
Appalled, devastated and worried. How the world is reacting to the attack on Salman Rushdie

日本語タイトル:['']
=== エラー内容 ===
type:<class 'IndexError'>
args:('list index out of range',)
e自身:list index out of range
タイトル:The Funniest Tweets From Women This Week (Aug. 6-12)
States Will Decide How Much Democrats’ Historic Climate Deal Actually Cuts Emissions
Listen To Rattled Neighbors Report Wild Clash With Lauren Boebert's Husband
Agent: Rushdie Off Ventilator And Talking, Day After Attack
With Just 3 Words, A Boy At School Changed Everything I Thought I Knew About Myself
Trump Attorney Signed June Memo Falsely Declaring Classified Docs Were Returned: Report
Here's How Republicans Are Brushing Off The FBI Search Of Trump's Residence
Republicans Bashed For Attacks On IRS Agents After Targeting FBI
Legal Analyst Jeffrey Toobin Leaving CNN Two Years After Zoom Incident
Video Shows NFL Player Hopping Into Stands To Stop Fighting Fans
Stephen Colbert Taunts Fox News Host's 'Very Stupid Theory' About Trump
California To Become 1st State To Give Free School Lunches To Students
Netflix's 'Uncoupled' Is The Diverse Queer Sitcom 'Will & Grace' Couldn't Be
Respected Snake Researcher Dies From Rattlesnake Bite At 80
Kate McKinnon Reveals The 2 Moments She Felt 'Most Connected' To 'SNL' Audiences

日本語タイトル:['']
=== エラー内容 ===
type:<class 'IndexError'>
args:('list index out of range',)
e自身:list index out of range
タイトル:US Lawmakers Visit Taiwan After Pelosi Trip Draws China's Ire
Tech Takes Wind Out of Stocks as Bond Yields Climb: Markets Wrap
Indian Billionaire Investor Rakesh Jhunjhunwala Dies at 62
Ukraine Cut to Default by S&P After Creditors OK Debt-Payment Delay
JPMorgan's Kelly Sees Stocks Returning to All-Time Highs in Three Years
Amazon (AMZN) Joins Deal Revival Spurred by Cheap Valuations
Strategists Under the Same Roof Clash on S&P 500 Before CPI Data
Robinhood Must Face Market Manipulation Claims Over Meme Trading
Sanofi, GSK, Haleon Lead $30 Billion Rout as Zantac Litigation Worries Mount
Market Surge After CPI Data Has Skeptics Issuing a Warning
China's Smartphone Golden Era Is Fading a Sales Sink
Hong Kong's Gaw Capital to Invest $4 Billion in Japan Property
Centurium-Backed Taibang Picks CICC, JPMorgan for HK IPO, Sources Say
Mocked by Everyone, Stock Rally Sits at Cusp of a Chart Landmark
Ethereum (ETH) Merge Planned for September After Successful Final Test

日本語タイトル:['']
=== エラー内容 ===
type:<class 'IndexError'>
args:('list index out of range',)
e自身:list index out of range
タイトル:3 Warren Buffett Stocks to Buy Now - The Motley Fool
3 Top Trends to Invest $5,000 in Right Now - The Motley Fool
Dutch Bros Serves Up Piping Hot Growth. Is the Stock a Buy? - The Motley Fool
3 Semiconductor Stocks to Buy Now, Including Nvidia - The Motley Fool
Down 14%, Is This Dividend Stock a Buy Now? - The Motley Fool
We're About 2 Months Away From a Major Social Security Announcement - The Motley Fool
Mark Cuban Thinks Dogecoin Is a Better Investment Than Cardano. Why I Think He's Wrong - The Motley Fool
4 Time-Tested Stocks That Can Help You Build Generational Wealth - The Motley Fool
It's Time For This FAANG Stock to Flex its Muscle - The Motley Fool
This Could Be the Greatest Threat to Retirees' Financial Security - The Motley Fool
Just How Safe Is the Stock Market Right Now? - The Motley Fool
1 Under-the-Radar Growth Stock Down 53% to Buy on the Dip - The Motley Fool
What You Need to Know Before the Ethereum Merge - The Motley Fool
Should Retirees Worry About AT&T's Dividend? - The Motley Fool
I Bought This Market-Beating Stock Before Warren Buffett; Here's Why I Might Double Down - The Motley Fool

日本語タイトル:['']
=== エラー内容 ===
type:<class 'IndexError'>
args:('list index out of range',)
e自身:list index out of range
タイトル:Salman Rushdie taken off ventilator following attack in New York state
Mar-a-Lago search showed legal peril of Trump documents, national security probe
Palestinian gunman wounds 8 in late-night Jerusalem shooting
Falling global food and fuel costs offer poor countries little relief
Officials: Fire at Coptic church in Cairo kills 41, hurts 14
Officials asked for damage assessment of papers from Trump's Mar-a-Lago
Magnitude 5.7 earthquake shakes part of eastern Indonesia
Documents show how Trump landed Lincoln Memorial for Fox News event
Oder River mass fish deaths on German-Polish border linked to mercury
EXPLAINER: Tension between Nicaragua and the Catholic Church

日本語タイトル:['']
=== エラー内容 ===
type:<class 'IndexError'>
args:('list index out of range',)
e自身:list index out of range
タイトル:Ukraine targets Russian soldiers accused of threatening nuclear plant
Trump's Mar-a-Lago resort posed rare security challenges, experts say
Saudi stocks slip on weaker oil prices as Qatar consolidates gains
Earnings playbook: The investing game plan as retail giants Walmart and Target wrap up the season
Biden is set to sign the largest climate bill in history. These stocks could see the biggest boost
If you're facing bankruptcy, here's what experts say to do before, during and after you file
George Soros Deals a Big Blow to Tesla Rival Rivian
You'll Almost Have to Buy an Electric Vehicle if Climate Bill Passes
BBBY Stock: Why It's Getting Harder to Short
Saudi Aramco profit jumps as oil prices soar
American workforce continues to shrink, falls 400k since March after nearly hitting prepandemic levels
Peloton cutting over 700 jobs, raising prices on Bike+, Tread
Salman Rushdie taken off ventilator following attack in New York state
Mar-a-Lago search showed legal peril of Trump documents, national security probe
Palestinian gunman wounds 8 in late-night Jerusalem shooting
I'm a travel agent who specializes in cruises and my career has changed during the summer of chaos
Rep. Himes: Trump declassified Mar-a-Lago docs claim is 'utter baloney'
DOJ investigating if Trump violated Espionage Act by taking records
CNN chief legal analyst Jeffrey Toobin will exit network after 20 years
Inflation, explained: Why prices keep going up and who's to blame
Key lines from the search warrant and receipt for Trump's Florida home
The Funniest Tweets From Women This Week (Aug. 6-12)
The Funniest Tweets From Parents This Week (Aug. 6-12)
Listen To Rattled Neighbors Report Wild Clash With Lauren Boebert's Husband
Indian Billionaire Investor Rakesh Jhunjhunwala Dies at 62
(BTC) Bitcoin Trades Above $25000 for First Time Since Mid-June
Rhine River at Key Waypoint Set to Steady at Low Water Level
3 Warren Buffett Stocks to Buy Now - The Motley Fool
Is Five9 Stock a Buy Now? - The Motley Fool
Should You Buy Instacart's IPO Hand Over Fist or Avoid At All Costs? - The Motley Fool

日本語タイトル:['']
=== エラー内容 ===
type:<class 'IndexError'>
args:('list index out of range',)
e自身:list index out of range
タイトル:Germany reaches 75% gas stocks target ahead of schedule
Trump's Mar-a-Lago resort posed rare security challenges, experts say
Ukraine targets Russian soldiers accused of threatening nuclear plant
Saudi stocks slip on weaker oil prices as Qatar consolidates gains
Taiwan says 11 Chinese military aircraft crossed Taiwan's median line
Former Deutsche Bank co-CEO Anshu Jain dies
Judge reinstates Obama-era coal-leasing ban
Bankruptcy judge approves higher payments for InfoWars vendor
U.S. to pause oil, gas leasing on 2.2 million acres in Colorado over climate impact
Sunoco subsidiary sues insurer for refusing to cover climate-change litigation
Taiwan thanks U.S. for maintaining security in Taiwan Strait
European shares rise as healthcare, leisure stocks gain
Stocks lose ground, Treasury yields climb after inflation data
Egypt swears in new ministers after cabinet reshuffle
U.S. tells India that Indian ship was used to reroute Russian-linked fuel to New York

日本語タイトル:['']
=== エラー内容 ===
type:<class 'IndexError'>
args:('list index out of range',)
e自身:list index out of range
タイトル:Earnings playbook: The investing game plan as retail giants Walmart and Target wrap up the season
Biden is set to sign the largest climate bill in history. These stocks could see the biggest boost
S&P 500 closes flat, Nasdaq dips as market comeback rally takes a breather
If you're facing bankruptcy, here's what experts say to do before, during and after you file
3 tips for mastering life as a digital nomad from an expat who's worked abroad for 14 years
European stocks close mixed as investors assess inflation, earnings; Aegon up 9%
People are spending lots of money on makeup and beauty, and retailers are cashing in
Wall Street’s top analysts say these are their top picks right now
Don’t bet against short sellers in this market, Jim Cramer warns
Tiger 21, an exclusive club of investors, says the ultra rich are doubling down on stocks
U.S. lawmakers arrive in Taiwan with China tensions simmering
Japan's Nikkei 225 rises around 2% on return to trade; Asia shares mixed
Job unhappiness is at a staggering all-time high, according to Gallup
There are several pockets of strength in the market right now — and not just in tech
Just how strong is the U.S. consumer? Here's what Wall Street has to say — and the stocks it likes

日本語タイトル:['']
=== エラー内容 ===
type:<class 'IndexError'>
args:('list index out of range',)
e自身:list index out of range
タイトル:George Soros Deals a Big Blow to Tesla Rival Rivian
You'll Almost Have to Buy an Electric Vehicle if Climate Bill Passes
Billionaire George Soros Bets on Musk's Tesla and Ford
Mr. Big Short Issues a Dire Warning About the Economy
BBBY Stock: Why It's Getting Harder to Short
Facebook Mired in a New Major Controversy
Cannabis Week: Michigan Sales Record; CEO Pay Surges; Musk Weighs in
3 Great Reasons Not to Bet Against GameStop Stock
Housing Market: For Once, a Positive Development for Buyers
July Inflation Slows to 8.5%, Paring Fed Rate Bets: Stocks Surge
Here's How Amazon Decides What You're Going to Buy
Elon Musk Loves it When Tesla Competitors do This
Which Are the Most Popular Jobs in the Various States?
Delisting of Chinese ADRs Is Part of the New Cold War - RealMoney
Gasoline At (or Under) $2.99 a Gallon: Here's Where

日本語タイトル:['']
=== エラー内容 ===
type:<class 'IndexError'>
args:('list index out of range',)
e自身:list index out of range
タイトル:American workforce continues to shrink, falls 400k since March after nearly hitting prepandemic levels
Peloton cutting over 700 jobs, raising prices on Bike+, Tread
Saudi Aramco profit jumps as oil prices soar
Best Buy cuts store jobs to help boost profits
Teacher shortages continue as the 2022-2023 school year kicks off: 'We don't have a workforce'
Has inflation peaked? Maybe, but it could be 'painfully slow' to fall
Thrift shop business booms as inflation throttles American bank accounts
STOCK MARKET NEWS: Peloton cutting 700+ jobs, Dow, S&P, Nasdaq post winning week
Dave Ramsey’s inflation survival tips
Peloton must face lawsuit over availability of fitness classes
STOCK MARKET NEWS: STOCK MARKET NEWS: S&P, Nasdaq slip, Disney lifts Dow, oil jumps to $94 level
Here are the most pet-friendly cities in the US this year: report
Cantor executive, former Deutsche Bank Co-CEO Anshu Jain dies
The Inflation Reduction Act is changing electric car tax credits
Larry Kudlow on Trump Mar-a-Lago raid: We need the application for the warrant

日本語タイトル:['']
=== エラー内容 ===
type:<class 'IndexError'>
args:('list index out of range',)
e自身:list index out of range
タイトル:Salman Rushdie taken off ventilator following attack in New York state
Mar-a-Lago search showed legal peril of Trump documents, national security probe
How the climate package grew from idealism to necessity
Falling global food and fuel costs offer poor countries little relief
Officials asked for damage assessment of papers from Trump's Mar-a-Lago
Palestinian gunman wounds 8 in late-night Jerusalem shooting
Documents show how Trump landed Lincoln Memorial for Fox News event
Oder River mass fish deaths on German-Polish border linked to mercury
Historians privately warn Biden: America’s democracy is on the brink
FBI attacker was prolific poster on Trump's Truth Social
Analysis  Event venues (like Trump's Mar-a-Lago) are not good places to store nuclear secrets
How Riot Games has evolved since 2018 discrimination lawsuit
Analysis  Biden gets a big victory and Democrats get some November talking points
Opinion  Influencers are whitewashing Syria's regime, with help from sponsors
How to trace your home's history

日本語タイトル:['']
=== エラー内容 ===
type:<class 'IndexError'>
args:('list index out of range',)
e自身:list index out of range
タイトル:I'm a travel agent who specializes in cruises and my career has changed during the summer of chaos
Rep. Himes: Trump declassified Mar-a-Lago docs claim is 'utter baloney'
DOJ investigating if Trump violated Espionage Act by taking records
Here's how doctors and lawyers can have 7-figure student-debt loads
Trump avoided briefings and flushed notes, but asked officials for documents: 'Can I keep this?'
Musk says taxes audited every year, posts false GOP claim on IRS hires
'Crying CEO' says 'a lot of good' has come from his LinkedIn post
Hyundai Ioniq 5 photos: Tour the futuristic electric SUV
Hillary Clinton mocks Trump for pleading the Fifth in his deposition
Top economists press Biden to release Afghan frozen funds to Taliban
Ex-Clinton aide implies Trump had 'kompromat' on Macron, useful to Putin
Trump lawyer said classified docs were returned from Mar-a-Lago: NYT
Donald Trump's business, CFO, to stand trial October 24 in tax-dodge case
FBI office attack suspect was angry at Mar-a-Lago raid, posts suggest
Google blames Apple for lousy Android-to-iPhone messaging

日本語タイトル:['']
=== エラー内容 ===
type:<class 'IndexError'>
args:('list index out of range',)
e自身:list index out of range
タイトル:Inflation, explained: Why prices keep going up and who's to blame
CNN chief legal analyst Jeffrey Toobin will exit network after 20 years
Manchester United's game plan went 'in the bin' during 4-0 defeat, according to manager Erik ten Hag
Merrick Garland says DOJ filed motion to unseal Trump Mar-a-Lago warrant and property receipt
Trump lawyer claimed no classified material was at Mar-a-Lago in signed letter to Justice Department
Inside the Ukraine power plant raising the specter of nuclear disaster in Europe
Responding to FBI search, Trump and allies return to his familiar strategy: flood the zone with nonsense
This TV series delivers us from three demons haunting America
'The Netflix effect': Why Western women are heading to South Korea in search of love
Beasts of the skies and bomb-ravaged city tours
Anne Heche's son mourns mother: 'We have lost a bright light'
Southern Baptist Convention says it faces a DOJ investigation after outside report finds leaders mishandled allegations of sexual abuse
11 killed, including 2 children, in Montenegro gun attack, report state media
Children among dozens killed in Egypt church fire
Joe Biden got the vibe shift he needed. Now he's looking to make it count.

日本語タイトル:['']
=== エラー内容 ===
type:<class 'IndexError'>
args:('list index out of range',)
e自身:list index out of range
タイトル:The Funniest Tweets From Women This Week (Aug. 6-12)
Listen To Rattled Neighbors Report Wild Clash With Lauren Boebert's Husband
States Will Decide How Much Democrats’ Historic Climate Deal Actually Cuts Emissions
Trump Attorney Signed June Memo Falsely Declaring Classified Docs Were Returned: Report
Salman Rushdie 'On The Road To Recovery,' Agent Says
With Just 3 Words, A Boy At School Changed Everything I Thought I Knew About Myself
Here's How Republicans Are Brushing Off The FBI Search Of Trump's Residence
Republicans Bashed For Attacks On IRS Agents After Targeting FBI
Legal Analyst Jeffrey Toobin Leaving CNN Two Years After Zoom Incident
Video Shows NFL Player Hopping Into Stands To Stop Fighting Fans
Stephen Colbert Taunts Fox News Host's 'Very Stupid Theory' About Trump
Netflix's 'Uncoupled' Is The Diverse Queer Sitcom 'Will & Grace' Couldn't Be
Respected Snake Researcher Dies From Rattlesnake Bite At 80
Kate McKinnon Reveals The 2 Moments She Felt 'Most Connected' To 'SNL' Audiences
‘Kimmel’ Host David Alan Grier Mocks Right-Wing Dating App: ‘Tinder For Bigots’

日本語タイトル:['']
=== エラー内容 ===
type:<class 'IndexError'>
args:('list index out of range',)
e自身:list index out of range
タイトル:Tech Takes Wind Out of Stocks as Bond Yields Climb: Markets Wrap
US Lawmakers Visit Taiwan After Pelosi Trip Draws China's Ire
Indian Billionaire Investor Rakesh Jhunjhunwala Dies at 62
Ukraine Cut to Default by S&P After Creditors OK Debt-Payment Delay
JPMorgan's Kelly Sees Stocks Returning to All-Time Highs in Three Years
Every Wall Street Trend Goes Haywire as Stock Bears Are Crushed
Strategists Under the Same Roof Clash on S&P 500 Before CPI Data
Robinhood Must Face Market Manipulation Claims Over Meme Trading
Sanofi, GSK, Haleon Lead $30 Billion Rout as Zantac Litigation Worries Mount
Hong Kong's Gaw Capital to Invest $4 Billion in Japan Property
Mocked by Everyone, Stock Rally Sits at Cusp of a Chart Landmark
Ethereum (ETH) Merge Planned for September After Successful Final Test
Stocks Roar to Cap Longest Weekly Rally This Year: Markets Wrap
Alibaba, Tencent Stocks Slide as US CPI, Earnings Worries Mount
Hong Kong-Based Magic Empire’s 2,325% Surge Baffles Local Investors (MEGL)

日本語タイトル:['']
=== エラー内容 ===
type:<class 'IndexError'>
args:('list index out of range',)
e自身:list index out of range
タイトル:3 Warren Buffett Stocks to Buy Now - The Motley Fool
3 Cathie Wood Stocks for the Future - The Motley Fool
3 Top Trends to Invest $5,000 in Right Now - The Motley Fool
Dutch Bros Serves Up Piping Hot Growth. Is the Stock a Buy? - The Motley Fool
Better Buy: 3M or Stanley Black & Decker? - The Motley Fool
3 Semiconductor Stocks to Buy Now, Including Nvidia - The Motley Fool
3 Ultra-High-Yield Dividend Stocks That Can Turn $350,000 Into $1 Million by 2030 - The Motley Fool
3 High-Growth Stocks to Buy During the Market Dip - The Motley Fool
We're About 2 Months Away From a Major Social Security Announcement - The Motley Fool
Down 14%, Is This Dividend Stock a Buy Now? - The Motley Fool
Just How Safe Is the Stock Market Right Now? - The Motley Fool
Mark Cuban Thinks Dogecoin Is a Better Investment Than Cardano. Why I Think He's Wrong - The Motley Fool
The One Savvy Investing Move I Always Make When the Market Goes Down - The Motley Fool
4 Time-Tested Stocks That Can Help You Build Generational Wealth - The Motley Fool
It's Time For This FAANG Stock to Flex its Muscle - The Motley Fool

日本語タイトル:['']
=== エラー内容 ===
type:<class 'IndexError'>
args:('list index out of range',)
e自身:list index out of range
タイトル:Salman Rushdie taken off ventilator following attack in New York state
Mar-a-Lago search showed legal peril of Trump documents, national security probe
Palestinian gunman wounds 8 in late-night Jerusalem shooting
How the climate package grew from idealism to necessity
Falling global food and fuel costs offer poor countries little relief
Officials: Fire at Coptic church in Cairo kills 41, hurts 14
Officials asked for damage assessment of papers from Trump's Mar-a-Lago
Magnitude 5.7 earthquake shakes part of eastern Indonesia
Documents show how Trump landed Lincoln Memorial for Fox News event
Oder River mass fish deaths on German-Polish border linked to mercury

日本語タイトル:['']
=== エラー内容 ===
type:<class 'IndexError'>
args:('list index out of range',)
e自身:list index out of range
タイトル:Germany reaches 75% gas stocks target ahead of schedule
Trump's Mar-a-Lago resort posed rare security challenges, experts say
Ukraine targets Russian soldiers accused of threatening nuclear plant
Earnings playbook: The investing game plan as retail giants Walmart and Target wrap up the season
People are spending lots of money on makeup and beauty, and retailers are cashing in
Biden is set to sign the largest climate bill in history. These stocks could see the biggest boost
George Soros Deals a Big Blow to Tesla Rival Rivian
You'll Almost Have to Buy an Electric Vehicle if Climate Bill Passes
Facebook Mired in a New Major Controversy
Saudi Aramco profit jumps as oil prices soar
Peloton cutting over 700 jobs, raising prices on Bike+, Tread
American workforce continues to shrink, falls 400k since March after nearly hitting prepandemic levels
Salman Rushdie taken off ventilator following attack in New York state
How the climate package grew from idealism to necessity
Mar-a-Lago search showed legal peril of Trump documents, national security probe
I'm a travel agent who specializes in cruises and my career has changed during the summer of chaos
Rep. Himes: Trump declassified Mar-a-Lago docs claim is 'utter baloney'
FBI got 11 sets of classified docs from Mar-a-Lago raid: WSJ
CNN chief legal analyst Jeffrey Toobin will exit network after 20 years
Responding to FBI search, Trump and allies return to his familiar strategy: flood the zone with nonsense
Inflation, explained: Why prices keep going up and who's to blame
The Funniest Tweets From Women This Week (Aug. 6-12)
States Will Decide How Much Democrats’ Historic Climate Deal Actually Cuts Emissions
Trump Attorney Signed June Memo Falsely Declaring Classified Docs Were Returned: Report
Indian Billionaire Investor Rakesh Jhunjhunwala Dies at 62
Aramco Profit Surges to Another Record on Bumper Oil Market
Rhine River at Key Waypoint Set to Steady at Low Water Level
3 Warren Buffett Stocks to Buy Now - The Motley Fool
Should You Buy Instacart's IPO Hand Over Fist or Avoid At All Costs? - The Motley Fool
Should You Claim Social Security Sooner, Because Your Investments Are Shrinking? - The Motley Fool

日本語タイトル:['']
=== エラー内容 ===
type:<class 'IndexError'>
args:('list index out of range',)
e自身:list index out of range
タイトル:Germany reaches 75% gas stocks target ahead of schedule
Trump's Mar-a-Lago resort posed rare security challenges, experts say
Ukraine targets Russian soldiers accused of threatening nuclear plant
Saudi stocks slip on weaker oil prices as Qatar consolidates gains
Taiwan says 11 Chinese military aircraft crossed Taiwan's median line
Salman Rushdie off ventilator and 'road to recovery has begun,' agent says
Taiwan thanks U.S. for maintaining security in Taiwan Strait
Former Deutsche Bank co-CEO Anshu Jain dies
Bankruptcy judge approves higher payments for InfoWars vendor
Sunoco subsidiary sues insurer for refusing to cover climate-change litigation
U.S. to pause oil, gas leasing on 2.2 million acres in Colorado over climate impact
Shanghai extends weekly COVID-19 testing requirement until end of September
U.S. and Switzerland working on facilitating pharma trade, U.S. ambassador says
Stocks lose ground, Treasury yields climb after inflation data
Ship carrying first Ukraine grain cargo nears Syria

日本語タイトル:['']
=== エラー内容 ===
type:<class 'IndexError'>
args:('list index out of range',)
e自身:list index out of range
タイトル:Earnings playbook: The investing game plan as retail giants Walmart and Target wrap up the season
Biden is set to sign the largest climate bill in history. These stocks could see the biggest boost
S&P 500 closes flat, Nasdaq dips as market comeback rally takes a breather
If you're facing bankruptcy, here's what experts say to do before, during and after you file
European stocks close mixed as investors assess inflation, earnings; Aegon up 9%
Wall Street’s top analysts say these are their top picks right now
People are spending lots of money on makeup and beauty, and retailers are cashing in
3 tips for mastering life as a digital nomad from an expat who's worked abroad for 14 years
Don’t bet against short sellers in this market, Jim Cramer warns
Tiger 21, an exclusive club of investors, says the ultra rich are doubling down on stocks
U.S. lawmakers arrive in Taiwan with China tensions simmering
Saudi Aramco profit surges 90% in second quarter amid energy price boom
Japan's Nikkei 225 rises around 2% on return to trade; Asia shares mixed
There are several pockets of strength in the market right now — and not just in tech
Job unhappiness is at a staggering all-time high, according to Gallup

日本語タイトル:['']
=== エラー内容 ===
type:<class 'IndexError'>
args:('list index out of range',)
e自身:list index out of range
タイトル:George Soros Deals a Big Blow to Tesla Rival Rivian
You'll Almost Have to Buy an Electric Vehicle if Climate Bill Passes
Billionaire George Soros Bets on Musk's Tesla and Ford
Mr. Big Short Issues a Dire Warning About the Economy
Facebook Mired in a New Major Controversy
BBBY Stock: Why It's Getting Harder to Short
Cannabis Week: Michigan Sales Record; CEO Pay Surges; Musk Weighs in
3 Great Reasons Not to Bet Against GameStop Stock
Housing Market: For Once, a Positive Development for Buyers
July Inflation Slows to 8.5%, Paring Fed Rate Bets: Stocks Surge
Here's How Amazon Decides What You're Going to Buy
Elon Musk Loves it When Tesla Competitors do This
Which Are the Most Popular Jobs in the Various States?
Delisting of Chinese ADRs Is Part of the New Cold War - RealMoney
Gasoline At (or Under) $2.99 a Gallon: Here's Where

日本語タイトル:['']
=== エラー内容 ===
type:<class 'IndexError'>
args:('list index out of range',)
e自身:list index out of range
タイトル:Peloton cutting over 700 jobs, raising prices on Bike+, Tread
American workforce continues to shrink, falls 400k since March after nearly hitting prepandemic levels
Thrift shop business booms as inflation throttles American bank accounts
Best Buy cuts store jobs to help boost profits
Teacher shortages continue as the 2022-2023 school year kicks off: 'We don't have a workforce'
Has inflation peaked? Maybe, but it could be 'painfully slow' to fall
STOCK MARKET NEWS: Peloton cutting 700+ jobs, Dow, S&P, Nasdaq post winning week
Dave Ramsey’s inflation survival tips
Cantor executive, former Deutsche Bank Co-CEO Anshu Jain dies
STOCK MARKET NEWS: STOCK MARKET NEWS: S&P, Nasdaq slip, Disney lifts Dow, oil jumps to $94 level
Here are the most pet-friendly cities in the US this year: report
Larry Kudlow on Trump Mar-a-Lago raid: We need the application for the warrant
Whole Foods founder says socialists are 'taking over' the US, threatening liberties
The Great Resignation turns to the Great Regret as worker needs are not being met, expert says
At least 300 TikTok employees previously worked for Chinese state-aligned media: Report

日本語タイトル:['']
=== エラー内容 ===
type:<class 'IndexError'>
args:('list index out of range',)
e自身:list index out of range
タイトル:Salman Rushdie taken off ventilator following attack in New York state
Mar-a-Lago search showed legal peril of Trump documents, national security probe
How the climate package grew from idealism to necessity
Falling global food and fuel costs offer poor countries little relief
Officials: Fire at Coptic church in Cairo kills 41, hurts 14
Officials asked for damage assessment of papers from Trump's Mar-a-Lago
Magnitude 5.7 earthquake shakes part of eastern Indonesia
Documents show how Trump landed Lincoln Memorial for Fox News event
Palestinian gunman wounds 8 in late-night Jerusalem shooting
Oder River mass fish deaths on German-Polish border linked to mercury
Historians privately warn Biden: America’s democracy is on the brink
Analysis  Event venues (like Trump's Mar-a-Lago) are not good places to store nuclear secrets
FBI attacker was prolific poster on Trump's Truth Social
How Riot Games has evolved since 2018 discrimination lawsuit
How to trace your home's history

日本語タイトル:['']
=== エラー内容 ===
type:<class 'IndexError'>
args:('list index out of range',)
e自身:list index out of range
タイトル:I'm a travel agent who specializes in cruises and my career has changed during the summer of chaos
Rep. Himes: Trump declassified Mar-a-Lago docs claim is 'utter baloney'
FBI got 11 sets of classified docs from Mar-a-Lago raid: WSJ
Trump avoided briefings and flushed notes, but asked officials for documents: 'Can I keep this?'
'Crying CEO' says 'a lot of good' has come from his LinkedIn post
Musk says taxes audited every year, posts false GOP claim on IRS hires
Hyundai Ioniq 5 photos: Tour the futuristic electric SUV
Hillary Clinton mocks Trump for pleading the Fifth in his deposition
Top economists press Biden to release Afghan frozen funds to Taliban
Donald Trump's business, CFO, to stand trial October 24 in tax-dodge case
FBI office attack suspect was angry at Mar-a-Lago raid, posts suggest
Trump lawyer said classified docs were returned from Mar-a-Lago: NYT
Google blames Apple for lousy Android-to-iPhone messaging
Russia offering prisoners amnesty if they fight in Ukraine: report
Elon Musk's bid for $886M Starlink subsidy rejected by FCC

日本語タイトル:['']
=== エラー内容 ===
type:<class 'IndexError'>
args:('list index out of range',)
e自身:list index out of range
タイトル:Inflation, explained: Why prices keep going up and who's to blame
Key lines from the search warrant and receipt for Trump's Florida home
CNN chief legal analyst Jeffrey Toobin will exit network after 20 years
Manchester United's game plan went 'in the bin' during 4-0 defeat, according to manager Erik ten Hag
Inside the Ukraine power plant raising the specter of nuclear disaster in Europe
Anne Heche's son mourns mother: 'We have lost a bright light'
Salman Rushdie's 'road to recovery has begun,' author's agent says, as stabbing suspect pleads not guilty
'The Netflix effect': Why Western women are heading to South Korea in search of love
Beasts of the skies and bomb-ravaged city tours
Trump lawyer claimed no classified material was at Mar-a-Lago in signed letter to Justice Department
Southern Baptist Convention says it faces a DOJ investigation after outside report finds leaders mishandled allegations of sexual abuse
11 killed, including 2 children, in Montenegro gun attack, report state media
Children among dozens killed in Egypt church fire
Peloton is cutting jobs, closing stores and hiking prices
Letter obtained by CNN shows FDA defended new monkeypox vaccine strategy to vaccine maker

日本語タイトル:['']
=== エラー内容 ===
type:<class 'IndexError'>
args:('list index out of range',)
e自身:list index out of range
タイトル:The Funniest Tweets From Women This Week (Aug. 6-12)
Listen To Rattled Neighbors Report Wild Clash With Lauren Boebert's Husband
States Will Decide How Much Democrats’ Historic Climate Deal Actually Cuts Emissions
Trump Attorney Signed June Memo Falsely Declaring Classified Docs Were Returned: Report
Salman Rushdie 'On The Road To Recovery,' Agent Says
With Just 3 Words, A Boy At School Changed Everything I Thought I Knew About Myself
Here's How Republicans Are Brushing Off The FBI Search Of Trump's Residence
Republicans Bashed For Attacks On IRS Agents After Targeting FBI
Legal Analyst Jeffrey Toobin Leaving CNN Two Years After Zoom Incident
Video Shows NFL Player Hopping Into Stands To Stop Fighting Fans
Stephen Colbert Taunts Fox News Host's 'Very Stupid Theory' About Trump
Netflix's 'Uncoupled' Is The Diverse Queer Sitcom 'Will & Grace' Couldn't Be
Respected Snake Researcher Dies From Rattlesnake Bite At 80
Kate McKinnon Reveals The 2 Moments She Felt 'Most Connected' To 'SNL' Audiences
Trevor Noah Spots 1 Big Error Informant Made Before 'Betraying Trump's Trust'

日本語タイトル:['']
=== エラー内容 ===
type:<class 'IndexError'>
args:('list index out of range',)
e自身:list index out of range
タイトル:Tech Takes Wind Out of Stocks as Bond Yields Climb: Markets Wrap
US Lawmakers Visit Taiwan After Pelosi Trip Draws China's Ire
Indian Billionaire Investor Rakesh Jhunjhunwala Dies at 62
JPMorgan's Kelly Sees Stocks Returning to All-Time Highs in Three Years
Ukraine Cut to Default by S&P After Creditors OK Debt-Payment Delay
Amazon (AMZN) Joins Deal Revival Spurred by Cheap Valuations
Robinhood Must Face Market Manipulation Claims Over Meme Trading
Strategists Under the Same Roof Clash on S&P 500 Before CPI Data
Sanofi, GSK, Haleon Lead $30 Billion Rout as Zantac Litigation Worries Mount
Market Surge After CPI Data Has Skeptics Issuing a Warning
China's Smartphone Golden Era Is Fading a Sales Sink
Hong Kong's Gaw Capital to Invest $4 Billion in Japan Property
Centurium-Backed Taibang Picks CICC, JPMorgan for HK IPO, Sources Say
Mocked by Everyone, Stock Rally Sits at Cusp of a Chart Landmark
Ethereum (ETH) Merge Planned for September After Successful Final Test

日本語タイトル:['']
=== エラー内容 ===
type:<class 'IndexError'>
args:('list index out of range',)
e自身:list index out of range
タイトル:3 Warren Buffett Stocks to Buy Now - The Motley Fool
3 Cathie Wood Stocks for the Future - The Motley Fool
Dutch Bros Serves Up Piping Hot Growth. Is the Stock a Buy? - The Motley Fool
Better Buy: 3M or Stanley Black & Decker? - The Motley Fool
Disney+ Faces Huge Losses. Can the Stock Recover? - The Motley Fool
3 Semiconductor Stocks to Buy Now, Including Nvidia - The Motley Fool
3 Ultra-High-Yield Dividend Stocks That Can Turn $350,000 Into $1 Million by 2030 - The Motley Fool
3 High-Growth Stocks to Buy During the Market Dip - The Motley Fool
We're About 2 Months Away From a Major Social Security Announcement - The Motley Fool
Down 14%, Is This Dividend Stock a Buy Now? - The Motley Fool
3 Top Trends to Invest $5,000 in Right Now - The Motley Fool
Just How Safe Is the Stock Market Right Now? - The Motley Fool
Mark Cuban Thinks Dogecoin Is a Better Investment Than Cardano. Why I Think He's Wrong - The Motley Fool
4 Time-Tested Stocks That Can Help You Build Generational Wealth - The Motley Fool
It's Time For This FAANG Stock to Flex its Muscle - The Motley Fool

日本語タイトル:['']
=== エラー内容 ===
type:<class 'IndexError'>
args:('list index out of range',)
e自身:list index out of range
タイトル:Climate-fueled droughts are unearthing unexpected discoveries
Liz Cheney's fight against Trump will continue if she loses reelection
I'm a travel agent who specializes in cruises and my career has changed during the summer of chaos
Boebert's neighbors called 911 after her husband ran over their mailbox
Rep. Himes: Trump declassified Mar-a-Lago docs claim is 'utter baloney'
Here's how doctors and lawyers can have 7-figure student-debt loads
FBI got 11 sets of classified docs from Mar-a-Lago raid: WSJ
Mar-a-Lago FBI raid: Rand Paul calls for repeal of Espionage Act
Millennium's Glen Scheinberg is the talk of the hedge-fund town
Hyundai Ioniq 5 photos: Tour the futuristic electric SUV

日本語タイトル:['']
=== エラー内容 ===
type:<class 'IndexError'>
args:('list index out of range',)
e自身:list index out of range
タイトル:Germany to give energy essentials priority by rail if Rhine disruption worsens
Germany reaches 75% gas stocks target ahead of schedule
U.S. adversaries could exploit former Afghan commandos, Republican report says
Earnings playbook: The investing game plan as retail giants Walmart and Target wrap up the season
Biden is set to sign the largest climate bill in history. These stocks could see the biggest boost
Fire at Coptic church in Cairo kills 41, hurts 14
George Soros Deals a Big Blow to Tesla Rival Rivian
You'll Almost Have to Buy an Electric Vehicle if Climate Bill Passes
BBBY Stock: Why It's Getting Harder to Short
Saudi Aramco profit jumps as oil prices soar
American workforce continues to shrink, falls 400k since March after nearly hitting prepandemic levels
Peloton cutting over 700 jobs, raising prices on Bike+, Tread
Salman Rushdie taken off ventilator following attack in New York state
Mar-a-Lago search showed legal peril of Trump documents, national security probe
Palestinian gunman wounds 8 in late-night Jerusalem shooting
Climate-fueled droughts are unearthing unexpected discoveries
Liz Cheney's fight against Trump will continue if she loses reelection
Boebert's neighbors called 911 after her husband ran over their mailbox
How to ward off the 'Sunday scaries' before the new week begins
CNN chief legal analyst Jeffrey Toobin will exit network after 20 years
Inflation, explained: Why prices keep going up and who's to blame
States Will Decide How Much Democrats’ Historic Climate Deal Actually Cuts Emissions
Salman Rushdie 'On The Road To Recovery,' Agent Says
Listen To Rattled Neighbors Report Wild Clash With Lauren Boebert's Husband
US Lawmakers Visit Taiwan After Pelosi Trip Draws China's Ire
Indian Billionaire Investor Rakesh Jhunjhunwala Dies at 62
Aramco Profit Surges to Another Record on Bumper Oil Market
3 Warren Buffett Stocks to Buy Now - The Motley Fool
Is Five9 Stock a Buy Now? - The Motley Fool
Should You Buy Instacart's IPO Hand Over Fist or Avoid At All Costs? - The Motley Fool

日本語タイトル:['']
=== エラー内容 ===
type:<class 'IndexError'>
args:('list index out of range',)
e自身:list index out of range
タイトル:Germany to give energy essentials priority by rail if Rhine disruption worsens
Germany reaches 75% gas stocks target ahead of schedule
U.S. adversaries could exploit former Afghan commandos, Republican report says
Trump's Mar-a-Lago resort posed rare security challenges, experts say
Saudi stocks slip on weaker oil prices as Qatar consolidates gains
Taiwan says 11 Chinese military aircraft crossed Taiwan's median line
Ukraine targets Russian soldiers accused of threatening nuclear plant
Salman Rushdie off ventilator and 'road to recovery has begun,' agent says
Taiwan thanks U.S. for maintaining security in Taiwan Strait
Former Deutsche Bank co-CEO Anshu Jain dies
Juve need to work hard and stay humble in title quest, says Allegri
Judge reinstates Obama-era coal-leasing ban
Bankruptcy judge approves higher payments for InfoWars vendor
U.S. to pause oil, gas leasing on 2.2 million acres in Colorado over climate impact
Sunoco subsidiary sues insurer for refusing to cover climate-change litigation

日本語タイトル:['']
=== エラー内容 ===
type:<class 'IndexError'>
args:('list index out of range',)
e自身:list index out of range
タイトル:Earnings playbook: The investing game plan as retail giants Walmart and Target wrap up the season
S&P 500 closes flat, Nasdaq dips as market comeback rally takes a breather
Biden is set to sign the largest climate bill in history. These stocks could see the biggest boost
European stocks close mixed as investors assess inflation, earnings; Aegon up 9%
Wall Street’s top analysts say these are their top picks right now
3 tips for mastering life as a digital nomad from an expat who's worked abroad for 14 years
Don’t bet against short sellers in this market, Jim Cramer warns
Tiger 21, an exclusive club of investors, says the ultra rich are doubling down on stocks
Japan's Nikkei 225 rises around 2% on return to trade; Asia shares mixed
Saudi Aramco profit surges 90% in second quarter amid energy price boom
There are several pockets of strength in the market right now — and not just in tech
Job unhappiness is at a staggering all-time high, according to Gallup
Just how strong is the U.S. consumer? Here's what Wall Street has to say — and the stocks it likes
S&P 500 and Nasdaq slip to start the week as Nvidia warning puts brakes on market rally
Morgan Stanley downgrades Allbirds, says stock is stuck until 'path to profitability is more clear'

日本語タイトル:['']
=== エラー内容 ===
type:<class 'IndexError'>
args:('list index out of range',)
e自身:list index out of range
タイトル:George Soros Deals a Big Blow to Tesla Rival Rivian
Mr. Big Short Issues a Dire Warning About the Economy
You'll Almost Have to Buy an Electric Vehicle if Climate Bill Passes
BBBY Stock: Why It's Getting Harder to Short
Billionaire George Soros Bets on Musk's Tesla and Ford
Facebook Mired in a New Major Controversy
Cannabis Week: Michigan Sales Record; CEO Pay Surges; Musk Weighs in
3 Great Reasons Not to Bet Against GameStop Stock
Housing Market: For Once, a Positive Development for Buyers
July Inflation Slows to 8.5%, Paring Fed Rate Bets: Stocks Surge
Here's How Amazon Decides What You're Going to Buy
Elon Musk Loves it When Tesla Competitors do This
Which Are the Most Popular Jobs in the Various States?
Gasoline At (or Under) $2.99 a Gallon: Here's Where
Delisting of Chinese ADRs Is Part of the New Cold War - RealMoney

日本語タイトル:['']
=== エラー内容 ===
type:<class 'IndexError'>
args:('list index out of range',)
e自身:list index out of range
タイトル:American workforce continues to shrink, falls 400k since March after nearly hitting prepandemic levels
Peloton cutting over 700 jobs, raising prices on Bike+, Tread
Meditation app Calm lays off 20% of workforce
Thrift shop business booms as inflation throttles American bank accounts
Best Buy cuts store jobs to help boost profits
Teacher shortages continue as the 2022-2023 school year kicks off: 'We don't have a workforce'
Has inflation peaked? Maybe, but it could be 'painfully slow' to fall
Saudi Aramco profit jumps as oil prices soar
STOCK MARKET NEWS: Peloton cutting 700+ jobs, Dow, S&P, Nasdaq post winning week
How inflation is hitting back-to-school essentials
Cantor executive, former Deutsche Bank Co-CEO Anshu Jain dies
Here are the most pet-friendly cities in the US this year: report
The Great Resignation turns to the Great Regret as worker needs are not being met, expert says
Whole Foods founder says socialists are 'taking over' the US, threatening liberties
US economy remains one of the ‘most resilient’ in the world despite ‘headwinds’: BNP Paribas USA CEO

日本語タイトル:['']
=== エラー内容 ===
type:<class 'IndexError'>
args:('list index out of range',)
e自身:list index out of range
タイトル:Salman Rushdie taken off ventilator following attack in New York state
How the climate package grew from idealism to necessity
Mar-a-Lago search showed legal peril of Trump documents, national security probe
Palestinian gunman wounds 8 in late-night Jerusalem shooting
Oder River mass fish deaths on German-Polish border linked to mercury
Historians privately warn Biden: America’s democracy is on the brink
Documents show how Trump landed Lincoln Memorial for Fox News event
FBI attacker was prolific poster on Trump's Truth Social
How Riot Games has evolved since 2018 discrimination lawsuit
Analysis  Biden gets a big victory and Democrats get some November talking points
Analysis  Event venues (like Trump's Mar-a-Lago) are not good places to store nuclear secrets
How to trace your home's history
Analysis  Xi Jinping's Banker Crusade Is Too Much Stick, No Carrots
Analysis  The UK's Next Leader Might Be Knee-Deep in a Recession
Analysis  What's going on with all the missing Jan. 6 texts

日本語タイトル:['']
=== エラー内容 ===
type:<class 'IndexError'>
args:('list index out of range',)
e自身:list index out of range
タイトル:Climate-fueled droughts are unearthing unexpected discoveries
Liz Cheney's fight against Trump will continue if she loses reelection
Boebert's neighbors called 911 after her husband ran over their mailbox
I'm a travel agent who specializes in cruises and my career has changed during the summer of chaos
Rep. Himes: Trump declassified Mar-a-Lago docs claim is 'utter baloney'
DOJ investigating if Trump violated Espionage Act by taking records
Musk says taxes audited every year, posts false GOP claim on IRS hires
Hillary Clinton mocks Trump for pleading the Fifth in his deposition
Millennium's Glen Scheinberg is the talk of the hedge-fund town
Hyundai Ioniq 5 photos: Tour the futuristic electric SUV
Shelling at Ukraine's Zaporizhzhia nuclear plant sparks power shutdown
Donald Trump's business, CFO, to stand trial October 24 in tax-dodge case
Trump lawyer said classified docs were returned from Mar-a-Lago: NYT
FBI office attack suspect was angry at Mar-a-Lago raid, posts suggest
Trump avoided briefings and flushed notes, but asked officials for documents: 'Can I keep this?'

日本語タイトル:['']
=== エラー内容 ===
type:<class 'IndexError'>
args:('list index out of range',)
e自身:list index out of range
タイトル:How to ward off the 'Sunday scaries' before the new week begins
CNN chief legal analyst Jeffrey Toobin will exit network after 20 years
Inflation, explained: Why prices keep going up and who's to blame
Manchester United's game plan went 'in the bin' during 4-0 defeat, according to manager Erik ten Hag
Merrick Garland says DOJ filed motion to unseal Trump Mar-a-Lago warrant and property receipt
The same Joe Biden suddenly looks different
Inside the Ukraine power plant raising the specter of nuclear disaster in Europe
Trump lawyer claimed no classified material was at Mar-a-Lago in signed letter to Justice Department
'The Netflix effect': Why Western women are heading to South Korea in search of love
Salman Rushdie's 'road to recovery has begun,' author's agent says, as stabbing suspect pleads not guilty
Beasts of the skies and bomb-ravaged city tours
Anne Heche's son mourns mother: 'We have lost a bright light'
11 killed, including 2 children, in Montenegro gun attack, report state media
Armed Trump supporters outside Phoenix FBI office
This TV series delivers us from three demons haunting America

日本語タイトル:['']
=== エラー内容 ===
type:<class 'IndexError'>
args:('list index out of range',)
e自身:list index out of range
タイトル:35 TikTok Products You’ll Use All Year, But Especially When It’s Hot Out
Listen To Rattled Neighbors Report Wild Clash With Lauren Boebert's Husband
States Will Decide How Much Democrats’ Historic Climate Deal Actually Cuts Emissions
Trump Attorney Signed June Memo Falsely Declaring Classified Docs Were Returned: Report
Salman Rushdie 'On The Road To Recovery,' Agent Says
The Trump Loyalist Threatening To Unseat Liz Cheney Is An Anti-Conservation Zealot
With Just 3 Words, A Boy At School Changed Everything I Thought I Knew About Myself
Here's How Republicans Are Brushing Off The FBI Search Of Trump's Residence
Republicans Bashed For Attacks On IRS Agents After Targeting FBI
Legal Analyst Jeffrey Toobin Leaving CNN Two Years After Zoom Incident
Stephen Colbert Taunts Fox News Host's 'Very Stupid Theory' About Trump
Video Shows NFL Player Hopping Into Stands To Stop Fighting Fans
Netflix's 'Uncoupled' Is The Diverse Queer Sitcom 'Will & Grace' Couldn't Be
Respected Snake Researcher Dies From Rattlesnake Bite At 80
Trevor Noah Spots 1 Big Error Informant Made Before 'Betraying Trump's Trust'

日本語タイトル:['']
=== エラー内容 ===
type:<class 'IndexError'>
args:('list index out of range',)
e自身:list index out of range
タイトル:Tech Takes Wind Out of Stocks as Bond Yields Climb: Markets Wrap
Indian Billionaire Investor Rakesh Jhunjhunwala Dies at 62
Ukraine Cut to Default by S&P After Creditors OK Debt-Payment Delay
JPMorgan's Kelly Sees Stocks Returning to All-Time Highs in Three Years
Amazon (AMZN) Joins Deal Revival Spurred by Cheap Valuations
Robinhood Must Face Market Manipulation Claims Over Meme Trading
Strategists Under the Same Roof Clash on S&P 500 Before CPI Data
Sanofi, GSK, Haleon Lead $30 Billion Rout as Zantac Litigation Worries Mount
Market Surge After CPI Data Has Skeptics Issuing a Warning
China's Smartphone Golden Era Is Fading a Sales Sink
Hong Kong's Gaw Capital to Invest $4 Billion in Japan Property
Centurium-Backed Taibang Picks CICC, JPMorgan for HK IPO, Sources Say
Mocked by Everyone, Stock Rally Sits at Cusp of a Chart Landmark
Author Salman Rushdie Attacked on Lecture Stage in New York
Stocks Roar to Cap Longest Weekly Rally This Year: Markets Wrap

日本語タイトル:['']
=== エラー内容 ===
type:<class 'IndexError'>
args:('list index out of range',)
e自身:list index out of range
タイトル:3 Warren Buffett Stocks to Buy Now - The Motley Fool
Dutch Bros Serves Up Piping Hot Growth. Is the Stock a Buy? - The Motley Fool
3 Cathie Wood Stocks for the Future - The Motley Fool
Better Buy: 3M or Stanley Black & Decker? - The Motley Fool
Disney+ Faces Huge Losses. Can the Stock Recover? - The Motley Fool
Just How Safe Is the Stock Market Right Now? - The Motley Fool
3 Semiconductor Stocks to Buy Now, Including Nvidia - The Motley Fool
3 High-Growth Stocks to Buy During the Market Dip - The Motley Fool
We're About 2 Months Away From a Major Social Security Announcement - The Motley Fool
Down 14%, Is This Dividend Stock a Buy Now? - The Motley Fool
3 Top Trends to Invest $5,000 in Right Now - The Motley Fool
Mark Cuban Thinks Dogecoin Is a Better Investment Than Cardano. Why I Think He's Wrong - The Motley Fool
4 Time-Tested Stocks That Can Help You Build Generational Wealth - The Motley Fool
It's Time For This FAANG Stock to Flex its Muscle - The Motley Fool
5 Likely Changes to Social Security Over the Next 10 Years - The Motley Fool

日本語タイトル:['']
=== エラー内容 ===
type:<class 'IndexError'>
args:('list index out of range',)
e自身:list index out of range
タイトル:Liz Cheney's fight against Trump will continue if she loses reelection
I'm a travel agent who specializes in cruises and my career has changed during the summer of chaos
Rep. Himes: Trump declassified Mar-a-Lago docs claim is 'utter baloney'
FBI got 11 sets of classified docs from Mar-a-Lago raid: WSJ
Here's how doctors and lawyers can have 7-figure student-debt loads
Trump avoided briefings and flushed notes, but asked officials for documents: 'Can I keep this?'
Climate-fueled droughts are unearthing unexpected discoveries
Millennium's Glen Scheinberg is the talk of the hedge-fund town
Hyundai Ioniq 5 photos: Tour the futuristic electric SUV
Hillary Clinton mocks Trump for pleading the Fifth in his deposition

日本語タイトル:['']
=== エラー内容 ===
type:<class 'IndexError'>
args:('list index out of range',)
e自身:list index out of range
タイトル:Germany reaches 75% gas stocks target ahead of schedule
Germany to give energy essentials priority by rail if Rhine disruption worsens
Saudi stocks slip on weaker oil prices as Qatar consolidates gains
Earnings playbook: The investing game plan as retail giants Walmart and Target wrap up the season
Biden is set to sign the largest climate bill in history. These stocks could see the biggest boost
Fire at Coptic church in Cairo kills 41, hurts 14
George Soros Deals a Big Blow to Tesla Rival Rivian
You'll Almost Have to Buy an Electric Vehicle if Climate Bill Passes
BBBY Stock: Why It's Getting Harder to Short
American workforce continues to shrink, falls 400k since March after nearly hitting prepandemic levels
Saudi Aramco profit jumps as oil prices soar
Peloton cutting over 700 jobs, raising prices on Bike+, Tread
Salman Rushdie taken off ventilator following attack in New York state
Mar-a-Lago search showed legal peril of Trump documents, national security probe
Palestinian gunman wounds 8 in late-night Jerusalem shooting
Liz Cheney's fight against Trump will continue if she loses reelection
Boebert's neighbors called 911 after her husband ran over their mailbox
I'm a travel agent who specializes in cruises and my career has changed during the summer of chaos
CNN chief legal analyst Jeffrey Toobin will exit network after 20 years
How to ward off the 'Sunday scaries' before the new week begins
Inflation, explained: Why prices keep going up and who's to blame
35 TikTok Products You’ll Use All Year, But Especially When It’s Hot Out
States Will Decide How Much Democrats’ Historic Climate Deal Actually Cuts Emissions
Salman Rushdie 'On The Road To Recovery,' Agent Says
Indian Billionaire Investor Rakesh Jhunjhunwala Dies at 62
(BTC) Bitcoin Trades Above $25,000 for First Time Since Mid-June
Aramco Profit Surges to Another Record on Bumper Oil Market
3 Warren Buffett Stocks to Buy Now - The Motley Fool
Is Five9 Stock a Buy Now? - The Motley Fool
Should You Claim Social Security Sooner, Because Your Investments Are Shrinking? - The Motley Fool

日本語タイトル:['']
=== エラー内容 ===
type:<class 'IndexError'>
args:('list index out of range',)
e自身:list index out of range
タイトル:Germany reaches 75% gas stocks target ahead of schedule
Germany to give energy essentials priority by rail if Rhine disruption worsens
U.S. adversaries could exploit former Afghan commandos, Republican report says
Trump's Mar-a-Lago resort posed rare security challenges, experts say
Taiwan says 11 Chinese military aircraft crossed Taiwan's median line
Saudi stocks slip on weaker oil prices as Qatar consolidates gains
Egyptian church fire kills at least 41, most of them children- sources
Ukraine targets Russian soldiers accused of threatening nuclear plant
Juve need to work hard and stay humble in title quest, says Allegri
Taiwan thanks U.S. for maintaining security in Taiwan Strait
Former Deutsche Bank co-CEO Anshu Jain dies
Shanghai extends weekly COVID-19 testing requirement until end of September
U.S. and Switzerland working on facilitating pharma trade, U.S. ambassador says
Bankruptcy judge approves higher payments for InfoWars vendor
Sunoco subsidiary sues insurer for refusing to cover climate-change litigation

日本語タイトル:['']
=== エラー内容 ===
type:<class 'IndexError'>
args:('list index out of range',)
e自身:list index out of range
タイトル:Earnings playbook: The investing game plan as retail giants Walmart and Target wrap up the season
S&P 500 closes flat, Nasdaq dips as market comeback rally takes a breather
Biden is set to sign the largest climate bill in history. These stocks could see the biggest boost
Fire at Coptic church in Cairo kills 41, hurts 14
European stocks close mixed as investors assess inflation, earnings; Aegon up 9%
3 tips for mastering life as a digital nomad from an expat who's worked abroad for 14 years
Wall Street’s top analysts say these are their top picks right now
Don’t bet against short sellers in this market, Jim Cramer warns
Tiger 21, an exclusive club of investors, says the ultra rich are doubling down on stocks
Japan's Nikkei 225 rises around 2% on return to trade; Asia shares mixed
There are several pockets of strength in the market right now — and not just in tech
Job unhappiness is at a staggering all-time high, according to Gallup
Just how strong is the U.S. consumer? Here's what Wall Street has to say — and the stocks it likes
S&P 500 and Nasdaq slip to start the week as Nvidia warning puts brakes on market rally
Morgan Stanley downgrades Allbirds, says stock is stuck until 'path to profitability is more clear'

日本語タイトル:['']
=== エラー内容 ===
type:<class 'IndexError'>
args:('list index out of range',)
e自身:list index out of range
タイトル:Mr. Big Short Issues a Dire Warning About the Economy
George Soros Deals a Big Blow to Tesla Rival Rivian
You'll Almost Have to Buy an Electric Vehicle if Climate Bill Passes
BBBY Stock: Why It's Getting Harder to Short
Billionaire George Soros Bets on Musk's Tesla and Ford
Facebook Mired in a New Major Controversy
Cannabis Week: Michigan Sales Record; CEO Pay Surges; Musk Weighs in
3 Great Reasons Not to Bet Against GameStop Stock
Housing Market: For Once, a Positive Development for Buyers
July Inflation Slows to 8.5%, Paring Fed Rate Bets: Stocks Surge
Here's How Amazon Decides What You're Going to Buy
Elon Musk Loves it When Tesla Competitors do This
Which Are the Most Popular Jobs in the Various States?
Gasoline At (or Under) $2.99 a Gallon: Here's Where
Delisting of Chinese ADRs Is Part of the New Cold War - RealMoney

日本語タイトル:['']
=== エラー内容 ===
type:<class 'IndexError'>
args:('list index out of range',)
e自身:list index out of range
タイトル:American workforce continues to shrink, falls 400k since March after nearly hitting prepandemic levels
Peloton cutting over 700 jobs, raising prices on Bike+, Tread
Meditation app Calm lays off 20% of workforce
Thrift shop business booms as inflation throttles American bank accounts
Best Buy cuts store jobs to help boost profits
Saudi Aramco profit jumps as oil prices soar
Teacher shortages continue as the 2022-2023 school year kicks off: 'We don't have a workforce'
STOCK MARKET NEWS: Peloton cutting 700+ jobs, Dow, S&P, Nasdaq post winning week
How inflation is hitting back-to-school essentials
White-hot inflation seen cooling in July but remaining near record high
Cantor executive, former Deutsche Bank Co-CEO Anshu Jain dies
Here are the most pet-friendly cities in the US this year: report
The Great Resignation turns to the Great Regret as worker needs are not being met, expert says
Whole Foods founder says socialists are 'taking over' the US, threatening liberties
US economy remains one of the ‘most resilient’ in the world despite ‘headwinds’: BNP Paribas USA CEO

日本語タイトル:['']
=== エラー内容 ===
type:<class 'IndexError'>
args:('list index out of range',)
e自身:list index out of range
タイトル:Salman Rushdie taken off ventilator following attack in New York state
Mar-a-Lago search showed legal peril of Trump documents, national security probe
Fire at Cairo Coptic church kills 41, including 10 children
Falling global food and fuel costs offer poor countries little relief
Magnitude 5.7 earthquake shakes part of eastern Indonesia
Palestinian gunman wounds 8 in late-night Jerusalem shooting
Oder River mass fish deaths on German-Polish border linked to mercury
Documents show how Trump landed Lincoln Memorial for Fox News event
FBI attacker was prolific poster on Trump's Truth Social
How Riot Games has evolved since 2018 discrimination lawsuit
Analysis  Event venues (like Trump's Mar-a-Lago) are not good places to store nuclear secrets
How to trace your home's history
Analysis  Xi Jinping's Banker Crusade Is Too Much Stick, No Carrots
Opinion  Influencers are whitewashing Syria's regime, with help from sponsors
Analysis  The UK's Next Leader Might Be Knee-Deep in a Recession

日本語タイトル:['']
=== エラー内容 ===
type:<class 'IndexError'>
args:('list index out of range',)
e自身:list index out of range
タイトル:Liz Cheney's fight against Trump will continue if she loses reelection
Boebert's neighbors called 911 after her husband ran over their mailbox
I'm a travel agent who specializes in cruises and my career has changed during the summer of chaos
Rep. Himes: Trump declassified Mar-a-Lago docs claim is 'utter baloney'
Mar-a-Lago FBI raid: Rand Paul calls for repeal of Espionage Act
FBI got 11 sets of classified docs from Mar-a-Lago raid: WSJ
JPMorgan CEO: US boosting oil and gas is 'not against' climate change
Trump avoided briefings and flushed notes, but asked officials for documents: 'Can I keep this?'
Hillary Clinton mocks Trump for pleading the Fifth in his deposition
Millennium's Glen Scheinberg is the talk of the hedge-fund town
Musk says taxes audited every year, posts false GOP claim on IRS hires
Hyundai Ioniq 5 photos: Tour the futuristic electric SUV
Shelling at Ukraine's Zaporizhzhia nuclear plant sparks power shutdown
Donald Trump's business, CFO, to stand trial October 24 in tax-dodge case
FBI office attack suspect was angry at Mar-a-Lago raid, posts suggest

日本語タイトル:['']
=== エラー内容 ===
type:<class 'IndexError'>
args:('list index out of range',)
e自身:list index out of range
タイトル:CNN chief legal analyst Jeffrey Toobin will exit network after 20 years
How to ward off the 'Sunday scaries' before the new week begins
Key lines from the search warrant and receipt for Trump's Florida home
Inflation, explained: Why prices keep going up and who's to blame
Armed Trump supporters outside Phoenix FBI office
Manchester United's game plan went 'in the bin' during 4-0 defeat, according to manager Erik ten Hag
Inside the Ukraine power plant raising the specter of nuclear disaster in Europe
Salman Rushdie's 'road to recovery has begun,' author's agent says, as stabbing suspect pleads not guilty
The same Joe Biden suddenly looks different
FBI took 11 sets of classified material from Trump's Mar-a-Lago home while investigating possible Espionage Act violations
Responding to FBI search, Trump and allies return to his familiar strategy: flood the zone with nonsense
'The Netflix effect': Why Western women are heading to South Korea in search of love
Anne Heche's son mourns mother: 'We have lost a bright light'
11 killed, including 2 children, in Montenegro gun attack, report state media
Letter obtained by CNN shows FDA defended new monkeypox vaccine strategy to vaccine maker

日本語タイトル:['']
=== エラー内容 ===
type:<class 'IndexError'>
args:('list index out of range',)
e自身:list index out of range
タイトル:35 TikTok Products You’ll Use All Year, But Especially When It’s Hot Out
States Will Decide How Much Democrats’ Historic Climate Deal Actually Cuts Emissions
Salman Rushdie 'On The Road To Recovery,' Agent Says
Listen To Rattled Neighbors Report Wild Clash With Lauren Boebert's Husband
The Trump Loyalist Threatening To Unseat Liz Cheney Is An Anti-Conservation Zealot
With Just 3 Words, A Boy At School Changed Everything I Thought I Knew About Myself
Here's How Republicans Are Brushing Off The FBI Search Of Trump's Residence
Legal Analyst Jeffrey Toobin Leaving CNN Two Years After Zoom Incident
Trump Attorney Signed June Memo Falsely Declaring Classified Docs Were Returned: Report
Stephen Colbert Taunts Fox News Host's 'Very Stupid Theory' About Trump
Video Shows NFL Player Hopping Into Stands To Stop Fighting Fans
Netflix's 'Uncoupled' Is The Diverse Queer Sitcom 'Will & Grace' Couldn't Be
Trevor Noah Spots 1 Big Error Informant Made Before 'Betraying Trump's Trust'
Respected Snake Researcher Dies From Rattlesnake Bite At 80
Kate McKinnon Reveals The 2 Moments She Felt 'Most Connected' To 'SNL' Audiences

日本語タイトル:['']
=== エラー内容 ===
type:<class 'IndexError'>
args:('list index out of range',)
e自身:list index out of range
タイトル:US Lawmakers Visit Taiwan After Pelosi Trip Draws China's Ire
Tech Takes Wind Out of Stocks as Bond Yields Climb: Markets Wrap
Indian Billionaire Investor Rakesh Jhunjhunwala Dies at 62
JPMorgan's Kelly Sees Stocks Returning to All-Time Highs in Three Years
Ukraine Cut to Default by S&P After Creditors OK Debt-Payment Delay
Amazon (AMZN) Joins Deal Revival Spurred by Cheap Valuations
Robinhood Must Face Market Manipulation Claims Over Meme Trading
Strategists Under the Same Roof Clash on S&P 500 Before CPI Data
Market Surge After CPI Data Has Skeptics Issuing a Warning
China's Smartphone Golden Era Is Fading a Sales Sink
Hong Kong's Gaw Capital to Invest $4 Billion in Japan Property
Centurium-Backed Taibang Picks CICC, JPMorgan for HK IPO, Sources Say
Mocked by Everyone, Stock Rally Sits at Cusp of a Chart Landmark
Sanofi, GSK, Haleon Lead $30 Billion Rout as Zantac Litigation Worries Mount
Author Salman Rushdie Attacked on Lecture Stage in New York

日本語タイトル:['']
=== エラー内容 ===
type:<class 'IndexError'>
args:('list index out of range',)
e自身:list index out of range
タイトル:3 Warren Buffett Stocks to Buy Now - The Motley Fool
3 Top Trends to Invest $5,000 in Right Now - The Motley Fool
Dutch Bros Serves Up Piping Hot Growth. Is the Stock a Buy? - The Motley Fool
3 Cathie Wood Stocks for the Future - The Motley Fool
Better Buy: 3M or Stanley Black & Decker? - The Motley Fool
Just How Safe Is the Stock Market Right Now? - The Motley Fool
3 Semiconductor Stocks to Buy Now, Including Nvidia - The Motley Fool
3 High-Growth Stocks to Buy During the Market Dip - The Motley Fool
We're About 2 Months Away From a Major Social Security Announcement - The Motley Fool
Down 14%, Is This Dividend Stock a Buy Now? - The Motley Fool
Mark Cuban Thinks Dogecoin Is a Better Investment Than Cardano. Why I Think He's Wrong - The Motley Fool
The One Savvy Investing Move I Always Make When the Market Goes Down - The Motley Fool
4 Time-Tested Stocks That Can Help You Build Generational Wealth - The Motley Fool
It's Time For This FAANG Stock to Flex its Muscle - The Motley Fool
Should Retirees Worry About AT&T's Dividend? - The Motley Fool

日本語タイトル:['']
=== エラー内容 ===
type:<class 'IndexError'>
args:('list index out of range',)
e自身:list index out of range
タイトル:Germany reaches 75% gas stocks target ahead of schedule
Germany to give energy essentials priority by rail if Rhine disruption worsens
Saudi stocks slip on weaker oil prices as Qatar consolidates gains
Trump's Mar-a-Lago resort posed rare security challenges, experts say
U.N.-chartered ship in Ukraine readying for journey to Africa
Taiwan says 11 Chinese military aircraft crossed Taiwan's median line
Egyptian church fire kills at least 41, most of them children- sources
Salman Rushdie off ventilator and 'road to recovery has begun,' agent says
Ukraine targets Russian soldiers accused of threatening nuclear plant
Former Deutsche Bank co-CEO Anshu Jain dies

日本語タイトル:['']
=== エラー内容 ===
type:<class 'IndexError'>
args:('list index out of range',)
e自身:list index out of range
タイトル:Germany reaches 75% gas stocks target ahead of schedule
Germany to give energy essentials priority by rail if Rhine disruption worsens
Saudi stocks slip on weaker oil prices as Qatar consolidates gains
Earnings playbook: The investing game plan as retail giants Walmart and Target wrap up the season
Biden is set to sign the largest climate bill in history. These stocks could see the biggest boost
Fire at Coptic church in Cairo kills 41, hurts 14
George Soros Deals a Big Blow to Tesla Rival Rivian
You'll Almost Have to Buy an Electric Vehicle if Climate Bill Passes
BBBY Stock: Why It's Getting Harder to Short
American workforce continues to shrink, falls 400k since March after nearly hitting prepandemic levels
Peloton cutting over 700 jobs, raising prices on Bike+, Tread
Sen. Warren wants to expand IRS powers beyond the Inflation Reduction Act to prepare tax returns
Salman Rushdie taken off ventilator following attack in New York state
Mar-a-Lago search showed legal peril of Trump documents, national security probe
Palestinian gunman wounds 8 in late-night Jerusalem shooting
Afghanistan: Senior Taliban cleric killed by bomb in artificial leg
Boebert's neighbors called 911 after her husband ran over their mailbox
I'm a travel agent who specializes in cruises and my career has changed during the summer of chaos
Inflation, explained: Why prices keep going up and who's to blame
CNN chief legal analyst Jeffrey Toobin will exit network after 20 years
How to ward off the 'Sunday scaries' before the new week begins
35 TikTok Products You’ll Use All Year, But Especially When It’s Hot Out
The Funniest Tweets From Women This Week (Aug. 6-12)
Listen To Rattled Neighbors Report Wild Clash With Lauren Boebert's Husband
Indian Billionaire Investor Rakesh Jhunjhunwala Dies at 62
(BTC) Bitcoin Trades Above $25,000 for First Time Since Mid-June
Rhine River at Key Waypoint Set to Steady at Low Water Level
3 Warren Buffett Stocks to Buy Now - The Motley Fool
Is Five9 Stock a Buy Now? - The Motley Fool
3 Top Trends to Invest $5,000 in Right Now - The Motley Fool

日本語タイトル:['']
=== エラー内容 ===
type:<class 'IndexError'>
args:('list index out of range',)
e自身:list index out of range
タイトル:Germany to give energy essentials priority by rail if Rhine disruption worsens
Germany reaches 75% gas stocks target ahead of schedule
Trump's Mar-a-Lago resort posed rare security challenges, experts say
U.N.-chartered ship in Ukraine readying for journey to Africa
Taiwan says 11 Chinese military aircraft crossed Taiwan's median line
Saudi stocks slip on weaker oil prices as Qatar consolidates gains
Egyptian church fire kills at least 41, most of them children- sources
Salman Rushdie off ventilator and 'road to recovery has begun,' agent says
Ukraine targets Russian soldiers accused of threatening nuclear plant
Former Deutsche Bank co-CEO Anshu Jain dies
Shanghai extends weekly COVID-19 testing requirement until end of September
U.S. and Switzerland working on facilitating pharma trade, U.S. ambassador says
Bankruptcy judge approves higher payments for InfoWars vendor
U.S. adversaries could exploit former Afghan commandos, Republican report says
U.S. to pause oil, gas leasing on 2.2 million acres in Colorado over climate impact

日本語タイトル:['']
=== エラー内容 ===
type:<class 'IndexError'>
args:('list index out of range',)
e自身:list index out of range
タイトル:Earnings playbook: The investing game plan as retail giants Walmart and Target wrap up the season
S&P 500 closes flat, Nasdaq dips as market comeback rally takes a breather
Biden is set to sign the largest climate bill in history. These stocks could see the biggest boost
Fire at Coptic church in Cairo kills 41, hurts 14
European stocks close mixed as investors assess inflation, earnings; Aegon up 9%
Wall Street’s top analysts say these are their top picks right now
Tiger 21, an exclusive club of investors, says the ultra rich are doubling down on stocks
Don’t bet against short sellers in this market, Jim Cramer warns
3 tips for mastering life as a digital nomad from an expat who's worked abroad for 14 years
Japan's Nikkei 225 rises around 2% on return to trade; Asia shares mixed
Toast shares pop as revenue beats estimates and forecast shows more restaurants are going digital
S&P 500 and Nasdaq slip to start the week as Nvidia warning puts brakes on market rally
There are several pockets of strength in the market right now — and not just in tech
Job unhappiness is at a staggering all-time high, according to Gallup
Just how strong is the U.S. consumer? Here's what Wall Street has to say — and the stocks it likes

日本語タイトル:['']
=== エラー内容 ===
type:<class 'IndexError'>
args:('list index out of range',)
e自身:list index out of range
タイトル:George Soros Deals a Big Blow to Tesla Rival Rivian
Mr. Big Short Issues a Dire Warning About the Economy
You'll Almost Have to Buy an Electric Vehicle if Climate Bill Passes
BBBY Stock: Why It's Getting Harder to Short
Billionaire George Soros Bets on Musk's Tesla and Ford
Facebook Mired in a New Major Controversy
Cannabis Week: Michigan Sales Record; CEO Pay Surges; Musk Weighs in
3 Great Reasons Not to Bet Against GameStop Stock
Housing Market: For Once, a Positive Development for Buyers
July Inflation Slows to 8.5%, Paring Fed Rate Bets: Stocks Surge
Here's How Amazon Decides What You're Going to Buy
Elon Musk Loves it When Tesla Competitors do This
Which Are the Most Popular Jobs in the Various States?
Gasoline At (or Under) $2.99 a Gallon: Here's Where
Delisting of Chinese ADRs Is Part of the New Cold War - RealMoney

日本語タイトル:['']
=== エラー内容 ===
type:<class 'IndexError'>
args:('list index out of range',)
e自身:list index out of range
タイトル:American workforce continues to shrink, falls 400k since March after nearly hitting prepandemic levels
Peloton cutting over 700 jobs, raising prices on Bike+, Tread
Sen. Warren wants to expand IRS powers beyond the Inflation Reduction Act to prepare tax returns
Thrift shop business booms as inflation throttles American bank accounts
Best Buy cuts store jobs to help boost profits
Twitter announces strategy to combat election misinformation
Teacher shortages continue as the 2022-2023 school year kicks off: 'We don't have a workforce'
White-hot inflation seen cooling in July but remaining near record high
Peloton must face lawsuit over availability of fitness classes
Cantor executive, former Deutsche Bank Co-CEO Anshu Jain dies
Here are the most pet-friendly cities in the US this year: report
The Great Resignation turns to the Great Regret as worker needs are not being met, expert says
Whole Foods founder says socialists are 'taking over' the US, threatening liberties
Retail prices, Sweetgreen plunges and more: Wednesday's 5 things to know
Online prices fall for the first time in 2 years

日本語タイトル:['']
=== エラー内容 ===
type:<class 'IndexError'>
args:('list index out of range',)
e自身:list index out of range
タイトル:Salman Rushdie taken off ventilator following attack in New York state
Mar-a-Lago search showed legal peril of Trump documents, national security probe
Fire at Cairo Coptic church kills 41, including 10 children
Magnitude 5.7 earthquake shakes part of eastern Indonesia
Officials asked for damage assessment of papers from Trump's Mar-a-Lago
Oder River mass fish deaths on German-Polish border linked to mercury
Palestinian gunman wounds 8 in late-night Jerusalem shooting
Documents show how Trump landed Lincoln Memorial for Fox News event
FBI attacker was prolific poster on Trump's Truth Social
Historians privately warn Biden: America’s democracy is on the brink
How Riot Games has evolved since 2018 discrimination lawsuit
Analysis  Event venues (like Trump's Mar-a-Lago) are not good places to store nuclear secrets
How to trace your home's history
Analysis  Xi Jinping's Banker Crusade Is Too Much Stick, No Carrots
Analysis  The UK's Next Leader Might Be Knee-Deep in a Recession

日本語タイトル:['']
=== エラー内容 ===
type:<class 'IndexError'>
args:('list index out of range',)
e自身:list index out of range
タイトル:Boebert's neighbors called 911 after her husband ran over their mailbox
Liz Cheney's fight against Trump will continue if she loses reelection
I'm a travel agent who specializes in cruises and my career has changed during the summer of chaos
Rep. Himes: Trump declassified Mar-a-Lago docs claim is 'utter baloney'
Mar-a-Lago FBI raid: Rand Paul calls for repeal of Espionage Act
FBI got 11 sets of classified docs from Mar-a-Lago raid: WSJ
Trump avoided briefings and flushed notes, but asked officials for documents: 'Can I keep this?'
Here's how doctors and lawyers can have 7-figure student-debt loads
Hillary Clinton mocks Trump for pleading the Fifth in his deposition
Millennium's Glen Scheinberg is the talk of the hedge-fund town
Hyundai Ioniq 5 photos: Tour the futuristic electric SUV
Musk says taxes audited every year, posts false GOP claim on IRS hires
Shelling at Ukraine's Zaporizhzhia nuclear plant sparks power shutdown
Donald Trump's business, CFO, to stand trial October 24 in tax-dodge case
FBI office attack suspect was angry at Mar-a-Lago raid, posts suggest

日本語タイトル:['']
=== エラー内容 ===
type:<class 'IndexError'>
args:('list index out of range',)
e自身:list index out of range
タイトル:How to ward off the 'Sunday scaries' before the new week begins
Inflation, explained: Why prices keep going up and who's to blame
CNN chief legal analyst Jeffrey Toobin will exit network after 20 years
Key lines from the search warrant and receipt for Trump's Florida home
Armed Trump supporters outside Phoenix FBI office
FBI took 11 sets of classified material from Trump's Mar-a-Lago home while investigating possible Espionage Act violations
Anne Heche's son mourns mother: 'We have lost a bright light'
Joe Biden got the vibe shift he needed. Now he's looking to make it count.
'The Netflix effect': Why Western women are heading to South Korea in search of love
Florida students return to schools reshaped by Gov. DeSantis' anti-'woke' education agenda
11 killed, including 2 children, in Montenegro gun attack, report state media
Why Liz Cheney is likely on her way to a major defeat
This TV series delivers us from three demons haunting America
Judge denies Trump Org and former CFO's motion to dismiss tax fraud indictment
Corporate America needs to rethink its knee-jerk reaction to Democrats' tax plans

日本語タイトル:['']
=== エラー内容 ===
type:<class 'IndexError'>
args:('list index out of range',)
e自身:list index out of range
タイトル:35 TikTok Products You’ll Use All Year, But Especially When It’s Hot Out
The Funniest Tweets From Women This Week (Aug. 6-12)
Listen To Rattled Neighbors Report Wild Clash With Lauren Boebert's Husband
States Will Decide How Much Democrats’ Historic Climate Deal Actually Cuts Emissions
Salman Rushdie 'On The Road To Recovery,' Agent Says
Here's How Republicans Are Brushing Off The FBI Search Of Trump's Residence
With Just 3 Words, A Boy At School Changed Everything I Thought I Knew About Myself
The Trump Loyalist Threatening To Unseat Liz Cheney Is An Anti-Conservation Zealot
Legal Analyst Jeffrey Toobin Leaving CNN Two Years After Zoom Incident
Former Presidents Don't Accidentally Have Top Secret Docs Stashed At Home: Columnist
Stephen Colbert Taunts Fox News Host's 'Very Stupid Theory' About Trump
Video Shows NFL Player Hopping Into Stands To Stop Fighting Fans
Netflix's 'Uncoupled' Is The Diverse Queer Sitcom 'Will & Grace' Couldn't Be
Trevor Noah Spots 1 Big Error Informant Made Before 'Betraying Trump's Trust'
Respected Snake Researcher Dies From Rattlesnake Bite At 80

日本語タイトル:['']
=== エラー内容 ===
type:<class 'IndexError'>
args:('list index out of range',)
e自身:list index out of range
タイトル:US Lawmakers Visit Taiwan After Pelosi Trip Draws China's Ire
Your Sunday Briefing: From Retail Angst to Apple's Ad Push
Tech Takes Wind Out of Stocks as Bond Yields Climb: Markets Wrap
Indian Billionaire Investor Rakesh Jhunjhunwala Dies at 62
JPMorgan's Kelly Sees Stocks Returning to All-Time Highs in Three Years
Ukraine Cut to Default by S&P After Creditors OK Debt-Payment Delay
Amazon (AMZN) Joins Deal Revival Spurred by Cheap Valuations
Robinhood Must Face Market Manipulation Claims Over Meme Trading
Strategists Under the Same Roof Clash on S&P 500 Before CPI Data
Market Surge After CPI Data Has Skeptics Issuing a Warning
China's Smartphone Golden Era Is Fading a Sales Sink
Hong Kong's Gaw Capital to Invest $4 Billion in Japan Property
Centurium-Backed Taibang Picks CICC, JPMorgan for HK IPO, Sources Say
Mocked by Everyone, Stock Rally Sits at Cusp of a Chart Landmark
Sanofi, GSK, Haleon Lead $30 Billion Rout as Zantac Litigation Worries Mount

日本語タイトル:['']
=== エラー内容 ===
type:<class 'IndexError'>
args:('list index out of range',)
e自身:list index out of range
タイトル:3 Warren Buffett Stocks to Buy Now - The Motley Fool
3 Top Trends to Invest $5,000 in Right Now - The Motley Fool
Dutch Bros Serves Up Piping Hot Growth. Is the Stock a Buy? - The Motley Fool
Better Buy: 3M or Stanley Black & Decker? - The Motley Fool
Should Dividend Investors Add This Stock to Their Portfolios? - The Motley Fool
3 Semiconductor Stocks to Buy Now, Including Nvidia - The Motley Fool
3 High-Growth Stocks to Buy During the Market Dip - The Motley Fool
We're About 2 Months Away From a Major Social Security Announcement - The Motley Fool
Down 14%, Is This Dividend Stock a Buy Now? - The Motley Fool
Mark Cuban Thinks Dogecoin Is a Better Investment Than Cardano. Why I Think He's Wrong - The Motley Fool
The One Savvy Investing Move I Always Make When the Market Goes Down - The Motley Fool
4 Time-Tested Stocks That Can Help You Build Generational Wealth - The Motley Fool
It's Time For This FAANG Stock to Flex its Muscle - The Motley Fool
Just How Safe Is the Stock Market Right Now? - The Motley Fool
Should Retirees Worry About AT&T's Dividend? - The Motley Fool

日本語タイトル:['']
=== エラー内容 ===
type:<class 'IndexError'>
args:('list index out of range',)
e自身:list index out of range
タイトル:Germany to give energy essentials priority by rail if Rhine disruption worsens
Germany reaches 75% gas stocks target ahead of schedule
Germany's finance minister says he opposes taxing 'excessive' profits
Saudi stocks slip on weaker oil prices as Qatar consolidates gains
First ship carrying Ukraine wheat under UN deal docks in Turkey
Trump's Mar-a-Lago resort posed rare security challenges, experts say
Salman Rushdie off ventilator and 'road to recovery has begun,' agent says
Egyptian church fire kills at least 41, most of them children
Ukraine targets Russian soldiers accused of threatening nuclear plant
Taiwan says 11 Chinese military aircraft crossed Taiwan's median line

日本語タイトル:['']
=== エラー内容 ===
type:<class 'IndexError'>
args:('list index out of range',)
e自身:list index out of range
タイトル:Germany to give energy essentials priority by rail if Rhine disruption worsens
Germany reaches 75% gas stocks target ahead of schedule
Germany's finance minister says he opposes taxing 'excessive' profits
Earnings playbook: The investing game plan as retail giants Walmart and Target wrap up the season
Biden is set to sign the largest climate bill in history. These stocks could see the biggest boost
Fire at Coptic church in Cairo kills 41, hurts 14
George Soros Deals a Big Blow to Tesla Rival Rivian
You'll Almost Have to Buy an Electric Vehicle if Climate Bill Passes
BBBY Stock: Why It's Getting Harder to Short
American workforce continues to shrink, falls 400k since March after nearly hitting prepandemic levels
Peloton cutting over 700 jobs, raising prices on Bike+, Tread
Sen. Warren wants to expand IRS powers beyond the Inflation Reduction Act to prepare tax returns
Salman Rushdie taken off ventilator following attack in New York state
Mar-a-Lago search showed legal peril of Trump documents, national security probe
Palestinian gunman wounds 8 in late-night Jerusalem shooting
Afghanistan: Senior Taliban cleric killed by bomb in artificial leg
Ford selling retro Bronco SUVs to honor 1966 model
Boebert's neighbors called 911 after her husband ran over their mailbox
How to ward off the 'Sunday scaries' before the new week begins
CNN chief legal analyst Jeffrey Toobin will exit network after 20 years
Key lines from the search warrant and receipt for Trump's Florida home
35 TikTok Products You’ll Use All Year, But Especially When It’s Hot Out
The Funniest Tweets From Women This Week (Aug. 6-12)
States Will Decide How Much Democrats’ Historic Climate Deal Actually Cuts Emissions
Spain Zaragoza Wildfire Forces the Evacuation of 1,500
US Lawmakers Visit Taiwan After Pelosi Trip Draws China's Ire
Your Sunday Briefing: From Retail Angst to Apple's Ad Push
3 Warren Buffett Stocks to Buy Now - The Motley Fool
Is Five9 Stock a Buy Now? - The Motley Fool
3 Top Trends to Invest $5,000 in Right Now - The Motley Fool

日本語タイトル:['']
=== エラー内容 ===
type:<class 'IndexError'>
args:('list index out of range',)
e自身:list index out of range
タイトル:Germany to give energy essentials priority by rail if Rhine disruption worsens
Germany reaches 75% gas stocks target ahead of schedule
Saudi stocks slip on weaker oil prices as Qatar consolidates gains
First ship carrying Ukraine wheat under UN deal docks in Turkey
Trump's Mar-a-Lago resort posed rare security challenges, experts say
Salman Rushdie off ventilator and 'road to recovery has begun,' agent says
Egyptian church fire kills at least 41, most of them children
Germany's finance minister says he opposes taxing 'excessive' profits
Ukraine targets Russian soldiers accused of threatening nuclear plant
Former Deutsche Bank co-CEO Anshu Jain dies
Shanghai extends weekly COVID-19 testing requirement until end of September
U.S. and Switzerland working on facilitating pharma trade, U.S. ambassador says
Bankruptcy judge approves higher payments for InfoWars vendor
Fireworks warehouse explodes in Armenian mall, killing two and injuring 60
U.S. to pause oil, gas leasing on 2.2 million acres in Colorado over climate impact

日本語タイトル:['']
=== エラー内容 ===
type:<class 'IndexError'>
args:('list index out of range',)
e自身:list index out of range
タイトル:Earnings playbook: The investing game plan as retail giants Walmart and Target wrap up the season
If you're facing bankruptcy, here's what experts say to do before, during and after you file
Biden is set to sign the largest climate bill in history. These stocks could see the biggest boost
Fire at Coptic church in Cairo kills 41, hurts 14
S&P 500 closes flat, Nasdaq dips as market comeback rally takes a breather
European stocks close mixed as investors assess inflation, earnings; Aegon up 9%
Tiger 21, an exclusive club of investors, says the ultra rich are doubling down on stocks
Don’t bet against short sellers in this market, Jim Cramer warns
Japan's Nikkei 225 rises around 2% on return to trade; Asia shares mixed
Toast shares pop as revenue beats estimates and forecast shows more restaurants are going digital
S&P 500 and Nasdaq slip to start the week as Nvidia warning puts brakes on market rally
There are several pockets of strength in the market right now — and not just in tech
Job unhappiness is at a staggering all-time high, according to Gallup
Just how strong is the U.S. consumer? Here's what Wall Street has to say — and the stocks it likes
Morgan Stanley downgrades Allbirds, says stock is stuck until 'path to profitability is more clear'

日本語タイトル:['']
=== エラー内容 ===
type:<class 'IndexError'>
args:('list index out of range',)
e自身:list index out of range
タイトル:Mr. Big Short Issues a Dire Warning About the Economy
George Soros Deals a Big Blow to Tesla Rival Rivian
You'll Almost Have to Buy an Electric Vehicle if Climate Bill Passes
BBBY Stock: Why It's Getting Harder to Short
Facebook Mired in a New Major Controversy
Legendary Financier George Soros Bets Big on Amazon and Alphabet
Cannabis Week: Michigan Sales Record; CEO Pay Surges; Musk Weighs in
3 Great Reasons Not to Bet Against GameStop Stock
Housing Market: For Once, a Positive Development for Buyers
July Inflation Slows to 8.5%, Paring Fed Rate Bets: Stocks Surge
Here's How Amazon Decides What You're Going to Buy
Elon Musk Loves it When Tesla Competitors do This
Which Are the Most Popular Jobs in the Various States?
Gasoline At (or Under) $2.99 a Gallon: Here's Where
Delisting of Chinese ADRs Is Part of the New Cold War - RealMoney

日本語タイトル:['']
=== エラー内容 ===
type:<class 'IndexError'>
args:('list index out of range',)
e自身:list index out of range
タイトル:American workforce continues to shrink, falls 400k since March after nearly hitting prepandemic levels
Peloton cutting over 700 jobs, raising prices on Bike+, Tread
Sen. Warren wants to expand IRS powers beyond the Inflation Reduction Act to prepare tax returns
Best Buy cuts store jobs to help boost profits
Thrift shop business booms as inflation throttles American bank accounts
Saudi Aramco profit jumps as oil prices soar
Teacher shortages continue as the 2022-2023 school year kicks off: 'We don't have a workforce'
STOCK MARKET NEWS: Peloton cutting 700+ jobs, Dow, S&P, Nasdaq post winning week
How inflation is hitting back-to-school essentials
White-hot inflation seen cooling in July but remaining near record high
Here are the most pet-friendly cities in the US this year: report
Cantor executive, former Deutsche Bank Co-CEO Anshu Jain dies
The Great Resignation turns to the Great Regret as worker needs are not being met, expert says
Whole Foods founder says socialists are 'taking over' the US, threatening liberties
Major small business group unveils 'significantly large' ad buy slamming tax hikes amid reconciliation fight

日本語タイトル:['']
=== エラー内容 ===
type:<class 'IndexError'>
args:('list index out of range',)
e自身:list index out of range
タイトル:Salman Rushdie taken off ventilator following attack in New York state
Mar-a-Lago search showed legal peril of Trump documents, national security probe
Fire at Cairo Coptic church kills 41, including 10 children
Magnitude 5.7 earthquake shakes part of eastern Indonesia
Documents show how Trump landed Lincoln Memorial for Fox News event
Oder River mass fish deaths on German-Polish border linked to mercury
Palestinian gunman wounds 8 in late-night Jerusalem shooting
Historians privately warn Biden: America’s democracy is on the brink
FBI attacker was prolific poster on Trump's Truth Social
How Riot Games has evolved since 2018 discrimination lawsuit
Anti-abortion groups take aim at medicated, at-home abortions
Analysis  Event venues (like Trump's Mar-a-Lago) are not good places to store nuclear secrets
How to trace your home's history
Analysis  Xi Jinping's Banker Crusade Is Too Much Stick, No Carrots
Analysis  The UK's Next Leader Might Be Knee-Deep in a Recession

日本語タイトル:['']
=== エラー内容 ===
type:<class 'IndexError'>
args:('list index out of range',)
e自身:list index out of range
タイトル:Afghanistan: Senior Taliban cleric killed by bomb in artificial leg
Boebert's neighbors called 911 after her husband ran over their mailbox
I'm a travel agent who specializes in cruises and my career has changed during the summer of chaos
Liz Cheney's fight against Trump will continue if she loses reelection
Here's how doctors and lawyers can have 7-figure student-debt loads
Rep. Himes: Trump declassified Mar-a-Lago docs claim is 'utter baloney'
FBI got 11 sets of classified docs from Mar-a-Lago raid: WSJ
Mar-a-Lago FBI raid: Rand Paul calls for repeal of Espionage Act
Trump avoided briefings and flushed notes, but asked officials for documents: 'Can I keep this?'
Musk says taxes audited every year, posts false GOP claim on IRS hires
'Crying CEO' says 'a lot of good' has come from his LinkedIn post
Hillary Clinton mocks Trump for pleading the Fifth in his deposition
Trump advisor said he 'didn't believe in the classification system'
Top economists press Biden to release Afghan frozen funds to Taliban
Millennium's Glen Scheinberg is the talk of the hedge-fund town

日本語タイトル:['']
=== エラー内容 ===
type:<class 'IndexError'>
args:('list index out of range',)
e自身:list index out of range
タイトル:The same Joe Biden suddenly looks different
How to ward off the 'Sunday scaries' before the new week begins
CNN chief legal analyst Jeffrey Toobin will exit network after 20 years
Key lines from the search warrant and receipt for Trump's Florida home
Manchester United's game plan went 'in the bin' during 4-0 defeat, according to manager Erik ten Hag
Salman Rushdie's 'road to recovery has begun,' author's agent says, as stabbing suspect pleads not guilty
Armed Trump supporters outside Phoenix FBI office
FBI took 11 sets of classified material from Trump's Mar-a-Lago home while investigating possible Espionage Act violations
'The Netflix effect': Why Western women are heading to South Korea in search of love
Responding to FBI search, Trump and allies return to his familiar strategy: flood the zone with nonsense
Anne Heche's son mourns mother: 'We have lost a bright light'
18 children among dozens killed in Egypt church fire
Southern Baptist Convention says it faces a DOJ investigation after outside report finds leaders mishandled allegations of sexual abuse
Florida students return to schools reshaped by Gov. DeSantis' anti-'woke' education agenda
11 killed, including 2 children, in Montenegro gun attack, report state media

日本語タイトル:['']
=== エラー内容 ===
type:<class 'IndexError'>
args:('list index out of range',)
e自身:list index out of range
タイトル:35 TikTok Products You’ll Use All Year, But Especially When It’s Hot Out
The Funniest Tweets From Women This Week (Aug. 6-12)
Trump 'Respectfully' Requests FBI Returns Seized Documents To Mar-A-Lago
States Will Decide How Much Democrats’ Historic Climate Deal Actually Cuts Emissions
Salman Rushdie 'On The Road To Recovery,' Agent Says
Listen To Rattled Neighbors Report Wild Clash With Lauren Boebert's Husband
The Trump Loyalist Threatening To Unseat Liz Cheney Is An Anti-Conservation Zealot
Here's How Republicans Are Brushing Off The FBI Search Of Trump's Residence
With Just 3 Words, A Boy At School Changed Everything I Thought I Knew About Myself
Legal Analyst Jeffrey Toobin Leaving CNN Two Years After Zoom Incident
Former Presidents Don't Accidentally Have Top Secret Docs Stashed At Home: Columnist
Stephen Colbert Taunts Fox News Host's 'Very Stupid Theory' About Trump
Video Shows NFL Player Hopping Into Stands To Stop Fighting Fans
Trevor Noah Spots 1 Big Error Informant Made Before 'Betraying Trump's Trust'
Netflix's 'Uncoupled' Is The Diverse Queer Sitcom 'Will & Grace' Couldn't Be

日本語タイトル:['']
=== エラー内容 ===
type:<class 'IndexError'>
args:('list index out of range',)
e自身:list index out of range
タイトル:US Lawmakers Visit Taiwan After Pelosi Trip Draws China's Ire
Your Sunday Briefing: From Retail Angst to Apple's Ad Push
Indian Billionaire Investor Rakesh Jhunjhunwala Dies at 62
Tech Takes Wind Out of Stocks as Bond Yields Climb: Markets Wrap
Morgan Stanley's Shalett Warns of 'Head Fake' in Inflation Data
JPMorgan's Kelly Sees Stocks Returning to All-Time Highs in Three Years
Ukraine Cut to Default by S&P After Creditors OK Debt-Payment Delay
Tech Jitters Rattle Stocks With Key CPI in Focus: Markets Wrap
Strategists Under the Same Roof Clash on S&P 500 Before CPI Data
Robinhood Must Face Market Manipulation Claims Over Meme Trading
Every Wall Street Trend Goes Haywire as Stock Bears Are Crushed
Ethereum (ETH) Founder Vitalik Buterin Plans Blockchain Merge For Sept. 15
Mocked by Everyone, Stock Rally Sits at Cusp of a Chart Landmark
Hong Kong's Gaw Capital to Invest $4 Billion in Japan Property
Sanofi, GSK, Haleon Lead $30 Billion Rout as Zantac Litigation Worries Mount

日本語タイトル:['']
=== エラー内容 ===
type:<class 'IndexError'>
args:('list index out of range',)
e自身:list index out of range
タイトル:3 Warren Buffett Stocks to Buy Now - The Motley Fool
We're About 2 Months Away From a Major Social Security Announcement - The Motley Fool
3 Top Trends to Invest $5,000 in Right Now - The Motley Fool
Dutch Bros Serves Up Piping Hot Growth. Is the Stock a Buy? - The Motley Fool
Better Buy: 3M or Stanley Black & Decker? - The Motley Fool
Should Dividend Investors Add This Stock to Their Portfolios? - The Motley Fool
3 Semiconductor Stocks to Buy Now, Including Nvidia - The Motley Fool
3 High-Growth Stocks to Buy During the Market Dip - The Motley Fool
Down 14%, Is This Dividend Stock a Buy Now? - The Motley Fool
Mark Cuban Thinks Dogecoin Is a Better Investment Than Cardano. Why I Think He's Wrong - The Motley Fool
The One Savvy Investing Move I Always Make When the Market Goes Down - The Motley Fool
4 Time-Tested Stocks That Can Help You Build Generational Wealth - The Motley Fool
Just How Safe Is the Stock Market Right Now? - The Motley Fool
Should Retirees Worry About AT&T's Dividend? - The Motley Fool
Why Roku Crushed the Market on Wednesday - The Motley Fool

日本語タイトル:['']
=== エラー内容 ===
type:<class 'IndexError'>
args:('list index out of range',)
e自身:list index out of range
タイトル:Earnings playbook: The investing game plan as retail giants Walmart and Target wrap up the season
If you're facing bankruptcy, here's what experts say to do before, during and after you file
Biden is set to sign the largest climate bill in history. These stocks could see the biggest boost
Fire at Coptic church in Cairo kills 41, hurts 14
5 things to know before the stock market opens Friday
Toast shares pop as revenue beats estimates and forecast shows more restaurants are going digital
1 dead, 17 hurt in crash outside Pennsylvania bar
Job unhappiness is at a staggering all-time high, according to Gallup
Saudi Aramco profit surges 90% in second quarter amid energy price boom
How to find a side hustle that could keep your skills 'sharp' and make you better at your job

日本語タイトル:['']
=== エラー内容 ===
type:<class 'IndexError'>
args:('list index out of range',)
e自身:list index out of range
タイトル:Germany reaches 75% gas stocks target ahead of schedule
Germany to give energy essentials priority by rail if Rhine disruption worsens
Saudi stocks slip on weaker oil prices as Qatar consolidates gains
Earnings playbook: The investing game plan as retail giants Walmart and Target wrap up the season
If you're facing bankruptcy, here's what experts say to do before, during and after you file
Biden is set to sign the largest climate bill in history. These stocks could see the biggest boost
George Soros Deals a Big Blow to Tesla Rival Rivian
You'll Almost Have to Buy an Electric Vehicle if Climate Bill Passes
BBBY Stock: Why It's Getting Harder to Short
Peloton cutting over 700 jobs, raising prices on Bike+, Tread
Sen. Warren wants to expand IRS powers beyond the Inflation Reduction Act to prepare tax returns
Meditation app Calm lays off 20% of workforce
Salman Rushdie taken off ventilator following attack in New York state
Mar-a-Lago search showed legal peril of Trump documents, national security probe
Palestinian gunman wounds 8 in late-night Jerusalem shooting
Afghanistan: Senior Taliban cleric killed by bomb in artificial leg
Boebert's neighbors called 911 after her husband ran over their mailbox
Ford selling retro Bronco SUVs to honor 1966 model
The same Joe Biden suddenly looks different
CNN chief legal analyst Jeffrey Toobin will exit network after 20 years
How to ward off the 'Sunday scaries' before the new week begins
35 TikTok Products You’ll Use All Year, But Especially When It’s Hot Out
The Trump Loyalist Threatening To Unseat Liz Cheney Is An Anti-Conservation Zealot
Listen To Rattled Neighbors Report Wild Clash With Lauren Boebert's Husband
Spain Zaragoza Wildfire Forces the Evacuation of 1,500
Your Sunday Briefing: From Retail Angst to Apple's Ad Push
Indian Billionaire Investor Rakesh Jhunjhunwala Dies at 62
3 Warren Buffett Stocks to Buy Now - The Motley Fool
Is Five9 Stock a Buy Now? - The Motley Fool
We're About 2 Months Away From a Major Social Security Announcement - The Motley Fool

日本語タイトル:['']
=== エラー内容 ===
type:<class 'IndexError'>
args:('list index out of range',)
e自身:list index out of range
タイトル:Germany reaches 75% gas stocks target ahead of schedule
Germany to give energy essentials priority by rail if Rhine disruption worsens
Saudi stocks slip on weaker oil prices as Qatar consolidates gains
First ship carrying Ukraine wheat under UN deal docks in Turkey
U.S. adversaries could exploit former Afghan commandos, Republican report says
Trump's Mar-a-Lago resort posed rare security challenges, experts say
Egyptian church fire kills at least 41, most of them children- sources
Germany's finance minister says he opposes taxing 'excessive' profits
Fireworks warehouse explodes in Armenian mall, killing two and injuring 60
Former Deutsche Bank co-CEO Anshu Jain dies
Salman Rushdie still hospitalized as attack suspect pleads not guilty
Shanghai extends weekly COVID-19 testing requirement until end of September
U.S. and Switzerland working on facilitating pharma trade, U.S. ambassador says
Bankruptcy judge approves higher payments for InfoWars vendor
Sunoco subsidiary sues insurer for refusing to cover climate-change litigation

日本語タイトル:['']
=== エラー内容 ===
type:<class 'IndexError'>
args:('list index out of range',)
e自身:list index out of range
タイトル:Earnings playbook: The investing game plan as retail giants Walmart and Target wrap up the season
If you're facing bankruptcy, here's what experts say to do before, during and after you file
Biden is set to sign the largest climate bill in history. These stocks could see the biggest boost
S&P 500 closes flat, Nasdaq dips as market comeback rally takes a breather
Fire at Coptic church in Cairo kills 41, hurts 14
European stocks close mixed as investors assess inflation, earnings; Aegon up 9%
Tiger 21, an exclusive club of investors, says the ultra rich are doubling down on stocks
Don’t bet against short sellers in this market, Jim Cramer warns
Japan's Nikkei 225 rises around 2% on return to trade; Asia shares mixed
S&P 500 and Nasdaq slip to start the week as Nvidia warning puts brakes on market rally
Toast shares pop as revenue beats estimates and forecast shows more restaurants are going digital
There are several pockets of strength in the market right now — and not just in tech
Job unhappiness is at a staggering all-time high, according to Gallup
Just how strong is the U.S. consumer? Here's what Wall Street has to say — and the stocks it likes
Morgan Stanley downgrades Allbirds, says stock is stuck until 'path to profitability is more clear'

日本語タイトル:['']
=== エラー内容 ===
type:<class 'IndexError'>
args:('list index out of range',)
e自身:list index out of range
タイトル:George Soros Deals a Big Blow to Tesla Rival Rivian
Mr. Big Short Issues a Dire Warning About the Economy
BBBY Stock: Why It's Getting Harder to Short
Facebook Mired in a New Major Controversy
You'll Almost Have to Buy an Electric Vehicle if Climate Bill Passes
Legendary Financier George Soros Bets Big on Amazon and Alphabet
Cannabis Week: Michigan Sales Record; CEO Pay Surges; Musk Weighs in
3 Great Reasons Not to Bet Against GameStop Stock
Housing Market: For Once, a Positive Development for Buyers
July Inflation Slows to 8.5%, Paring Fed Rate Bets: Stocks Surge
Here's How Amazon Decides What You're Going to Buy
Elon Musk Loves it When Tesla Competitors do This
Which Are the Most Popular Jobs in the Various States?
Gasoline At (or Under) $2.99 a Gallon: Here's Where
Delisting of Chinese ADRs Is Part of the New Cold War - RealMoney

日本語タイトル:['']
=== エラー内容 ===
type:<class 'IndexError'>
args:('list index out of range',)
e自身:list index out of range
タイトル:Peloton cutting over 700 jobs, raising prices on Bike+, Tread
American workforce continues to shrink, falls 400k since March after nearly hitting prepandemic levels
Sen. Warren wants to expand IRS powers beyond the Inflation Reduction Act to prepare tax returns
Saudi Aramco profit jumps as oil prices soar
Best Buy cuts store jobs to help boost profits
White-hot inflation seen cooling in July but remaining near record high
How inflation is hitting back-to-school essentials
STOCK MARKET NEWS: STOCK MARKET NEWS: S&P, Nasdaq slip, Disney lifts Dow, oil jumps to $94 level
Peloton must face lawsuit over availability of fitness classes
Larry Kudlow on Trump Mar-a-Lago raid: We need the application for the warrant
Here are the most pet-friendly cities in the US this year: report
Moderate Democrats' should spike the Inflation Reduction Act and stand up for our small businesses
Whole Foods founder says socialists are 'taking over' the US, threatening liberties
Retail prices, Sweetgreen plunges and more: Wednesday's 5 things to know
Major small business group unveils 'significantly large' ad buy slamming tax hikes amid reconciliation fight

日本語タイトル:['']
=== エラー内容 ===
type:<class 'IndexError'>
args:('list index out of range',)
e自身:list index out of range
タイトル:Salman Rushdie taken off ventilator following attack in New York state
Mar-a-Lago search showed legal peril of Trump documents, national security probe
Fire at Cairo Coptic church kills 41, including 10 children
Falling global food and fuel costs offer poor countries little relief
Magnitude 5.7 earthquake shakes part of eastern Indonesia
Documents show how Trump landed Lincoln Memorial for Fox News event
Officials asked for damage assessment of papers from Trump's Mar-a-Lago
Oder River mass fish deaths on German-Polish border linked to mercury
Palestinian gunman wounds 8 in late-night Jerusalem shooting
Historians privately warn Biden: America’s democracy is on the brink
FBI attacker was prolific poster on Trump's Truth Social
How Riot Games has evolved since 2018 discrimination lawsuit
Anti-abortion groups take aim at medicated, at-home abortions
Analysis  Event venues (like Trump's Mar-a-Lago) are not good places to store nuclear secrets
How to trace your home's history

日本語タイトル:['']
=== エラー内容 ===
type:<class 'IndexError'>
args:('list index out of range',)
e自身:list index out of range
タイトル:Boebert's neighbors called 911 after her husband ran over their mailbox
I'm a travel agent who specializes in cruises and my career has changed during the summer of chaos
Liz Cheney's fight against Trump will continue if she loses reelection
Here's how doctors and lawyers can have 7-figure student-debt loads
Rep. Himes: Trump declassified Mar-a-Lago docs claim is 'utter baloney'
FBI got 11 sets of classified docs from Mar-a-Lago raid: WSJ
Mar-a-Lago FBI raid: Rand Paul calls for repeal of Espionage Act
Trump avoided briefings and flushed notes, but asked officials for documents: 'Can I keep this?'
Musk says taxes audited every year, posts false GOP claim on IRS hires
'Crying CEO' says 'a lot of good' has come from his LinkedIn post
Hillary Clinton mocks Trump for pleading the Fifth in his deposition
Top economists press Biden to release Afghan frozen funds to Taliban
Millennium's Glen Scheinberg is the talk of the hedge-fund town
Hyundai Ioniq 5 photos: Tour the futuristic electric SUV
Ex-Clinton aide implies Trump had 'kompromat' on Macron, useful to Putin

日本語タイトル:['']
=== エラー内容 ===
type:<class 'IndexError'>
args:('list index out of range',)
e自身:list index out of range
タイトル:The same Joe Biden suddenly looks different
CNN chief legal analyst Jeffrey Toobin will exit network after 20 years
How to ward off the 'Sunday scaries' before the new week begins
Key lines from the search warrant and receipt for Trump's Florida home
Manchester United's game plan went 'in the bin' during 4-0 defeat, according to manager Erik ten Hag
Salman Rushdie's 'road to recovery has begun,' author's agent says, as stabbing suspect pleads not guilty
Armed Trump supporters outside Phoenix FBI office
FBI took 11 sets of classified material from Trump's Mar-a-Lago home while investigating possible Espionage Act violations
Inside the Ukraine power plant raising the specter of nuclear disaster in Europe
'The Netflix effect': Why Western women are heading to South Korea in search of love
Responding to FBI search, Trump and allies return to his familiar strategy: flood the zone with nonsense
18 children among dozens killed in Egypt church fire
Anne Heche's son mourns mother: 'We have lost a bright light'
11 killed, including 2 children, in Montenegro gun attack, report state media
Southern Baptist Convention says it faces a DOJ investigation after outside report finds leaders mishandled allegations of sexual abuse

日本語タイトル:['']
=== エラー内容 ===
type:<class 'IndexError'>
args:('list index out of range',)
e自身:list index out of range
タイトル:35 TikTok Products You’ll Use All Year, But Especially When It’s Hot Out
The Trump Loyalist Threatening To Unseat Liz Cheney Is An Anti-Conservation Zealot
The Funniest Tweets From Women This Week (Aug. 6-12)
'Spider-Man' Star Tom Holland Says He's Taking Time Away From Social Media
Reviewers Are Obsessed With Target's Chic Storage Baskets
States Will Decide How Much Democrats’ Historic Climate Deal Actually Cuts Emissions
Salman Rushdie 'On The Road To Recovery,' Agent Says
Listen To Rattled Neighbors Report Wild Clash With Lauren Boebert's Husband
1 Dead, 17 Injured After Car Crashes Into Pennsylvania Fire Victim Fundraiser
Trump 'Respectfully' Requests FBI Returns Seized Documents To Mar-A-Lago
With Just 3 Words, A Boy At School Changed Everything I Thought I Knew About Myself
Legal Analyst Jeffrey Toobin Leaving CNN Two Years After Zoom Incident
Here's How Republicans Are Brushing Off The FBI Search Of Trump's Residence
Former Presidents Don't Accidentally Have Top Secret Docs Stashed At Home: Columnist
Stephen Colbert Taunts Fox News Host's 'Very Stupid Theory' About Trump

日本語タイトル:['']
=== エラー内容 ===
type:<class 'IndexError'>
args:('list index out of range',)
e自身:list index out of range
タイトル:Tech Takes Wind Out of Stocks as Bond Yields Climb: Markets Wrap
Indian Billionaire Investor Rakesh Jhunjhunwala Dies at 62
Your Sunday Briefing: From Retail Angst to Apple's Ad Push
Tech Jitters Rattle Stocks With Key CPI in Focus: Markets Wrap
JPMorgan's Kelly Sees Stocks Returning to All-Time Highs in Three Years
Ukraine Cut to Default by S&P After Creditors OK Debt-Payment Delay
Strategists Under the Same Roof Clash on S&P 500 Before CPI Data
Robinhood Must Face Market Manipulation Claims Over Meme Trading
Every Wall Street Trend Goes Haywire as Stock Bears Are Crushed
Mocked by Everyone, Stock Rally Sits at Cusp of a Chart Landmark
Ethereum (ETH) Founder Vitalik Buterin Plans Blockchain Merge For Sept. 15
Hong Kong's Gaw Capital to Invest $4 Billion in Japan Property
Sanofi, GSK, Haleon Lead $30 Billion Rout as Zantac Litigation Worries Mount
Niall Ferguson: Demographics Are a US Headache But Nightmare for China
Alibaba, Tencent Stocks Slide as US CPI, Earnings Worries Mount

日本語タイトル:['']
=== エラー内容 ===
type:<class 'IndexError'>
args:('list index out of range',)
e自身:list index out of range
タイトル:3 Warren Buffett Stocks to Buy Now - The Motley Fool
We're About 2 Months Away From a Major Social Security Announcement - The Motley Fool
3 Top Trends to Invest $5,000 in Right Now - The Motley Fool
Dutch Bros Serves Up Piping Hot Growth. Is the Stock a Buy? - The Motley Fool
Better Buy: 3M or Stanley Black & Decker? - The Motley Fool
Should Dividend Investors Add This Stock to Their Portfolios? - The Motley Fool
3 Semiconductor Stocks to Buy Now, Including Nvidia - The Motley Fool
3 High-Growth Stocks to Buy During the Market Dip - The Motley Fool
Down 14%, Is This Dividend Stock a Buy Now? - The Motley Fool
Mark Cuban Thinks Dogecoin Is a Better Investment Than Cardano. Why I Think He's Wrong - The Motley Fool
The One Savvy Investing Move I Always Make When the Market Goes Down - The Motley Fool
4 Time-Tested Stocks That Can Help You Build Generational Wealth - The Motley Fool
Just How Safe Is the Stock Market Right Now? - The Motley Fool
Why Roku Crushed the Market on Wednesday - The Motley Fool
What You Need to Know Before the Ethereum Merge - The Motley Fool

日本語タイトル:['']
=== エラー内容 ===
type:<class 'IndexError'>
args:('list index out of range',)
e自身:list index out of range
タイトル:Buffer ETFs are beating the market in 2022 and delivering protection for patient investors
Earnings playbook: The investing game plan as retail giants Walmart and Target wrap up the season
Fire at Coptic church in Cairo kills 41, hurts 14
3 tips for mastering life as a digital nomad from an expat who's worked abroad for 14 years
Co-pays, childcare costs and gas prices are some of the reasons people cut back on therapy this year, survey finds
5 things to know before the stock market opens Friday
Toast shares pop as revenue beats estimates and forecast shows more restaurants are going digital
Job unhappiness is at a staggering all-time high, according to Gallup
1 dead, 17 hurt in crash outside Pennsylvania bar
How to find a side hustle that could keep your skills 'sharp' and make you better at your job

日本語タイトル:['']
=== エラー内容 ===
type:<class 'IndexError'>
args:('list index out of range',)
e自身:list index out of range
タイトル:Germany reaches 75% gas stocks target ahead of schedule
Germany to give energy essentials priority by rail if Rhine disruption worsens
Saudi stocks slip on weaker oil prices as Qatar consolidates gains
Buffer ETFs are beating the market in 2022 and delivering protection for patient investors
Earnings playbook: The investing game plan as retail giants Walmart and Target wrap up the season
Fire at Coptic church in Cairo kills 41, hurts 14
George Soros Deals a Big Blow to Tesla Rival Rivian
You'll Almost Have to Buy an Electric Vehicle if Climate Bill Passes
Facebook Mired in a New Major Controversy
Peloton cutting over 700 jobs, raising prices on Bike+, Tread
American workforce continues to shrink, falls 400k since March after nearly hitting prepandemic levels
Sen. Warren wants to expand IRS powers beyond the Inflation Reduction Act to prepare tax returns
Salman Rushdie taken off ventilator following attack in New York state
Mar-a-Lago search showed legal peril of Trump documents, national security probe
Falling global food and fuel costs offer poor countries little relief
Ford selling retro Bronco SUVs to honor 1966 model
I'm a travel agent who specializes in cruises and my career has changed during the summer of chaos
Liz Cheney's fight against Trump will continue if she loses reelection
The same Joe Biden suddenly looks different
CNN chief legal analyst Jeffrey Toobin will exit network after 20 years
Key lines from the search warrant and receipt for Trump's Florida home
35 TikTok Products You’ll Use All Year, But Especially When It’s Hot Out
The Trump Loyalist Threatening To Unseat Liz Cheney Is An Anti-Conservation Zealot
The Funniest Tweets From Women This Week (Aug. 6-12)
Spain Zaragoza Wildfire Forces the Evacuation of 1,500
Your Sunday Briefing: From Retail Angst to Apple's Ad Push
Indian Billionaire Investor Rakesh Jhunjhunwala Dies at 62
3 Warren Buffett Stocks to Buy Now - The Motley Fool
3 Top Trends to Invest $5,000 in Right Now - The Motley Fool
Dutch Bros Serves Up Piping Hot Growth. Is the Stock a Buy? - The Motley Fool

日本語タイトル:['']
=== エラー内容 ===
type:<class 'IndexError'>
args:('list index out of range',)
e自身:list index out of range
タイトル:Germany reaches 75% gas stocks target ahead of schedule
Saudi stocks slip on weaker oil prices as Qatar consolidates gains
U.S. adversaries could exploit former Afghan commandos, Republican report says
Germany to give energy essentials priority by rail if Rhine disruption worsens
U.N.-chartered ship in Ukraine readying for journey to Africa
Egyptian church fire kills at least 41, most of them children- sources
Germany's finance minister says he opposes taxing 'excessive' profits
Fireworks warehouse explodes in Armenian mall, killing two and injuring 60
Former Deutsche Bank co-CEO Anshu Jain dies
Salman Rushdie still hospitalized as attack suspect pleads not guilty
Ukraine targets Russian soldiers accused of threatening nuclear plant
U.S. and Switzerland working on facilitating pharma trade, U.S. ambassador says
Bankruptcy judge approves higher payments for InfoWars vendor
Sunoco subsidiary sues insurer for refusing to cover climate-change litigation
Saudi Arabia's Kingdom Holding invests in Russian energy companies

日本語タイトル:['']
=== エラー内容 ===
type:<class 'IndexError'>
args:('list index out of range',)
e自身:list index out of range
タイトル:Buffer ETFs are beating the market in 2022 and delivering protection for patient investors
Earnings playbook: The investing game plan as retail giants Walmart and Target wrap up the season
S&P 500 closes flat, Nasdaq dips as market comeback rally takes a breather
Fire at Coptic church in Cairo kills 41, hurts 14
European stocks close mixed as investors assess inflation, earnings; Aegon up 9%
Don’t bet against short sellers in this market, Jim Cramer warns
Co-pays, childcare costs and gas prices are some of the reasons people cut back on therapy this year, survey finds
Japan's Nikkei 225 rises around 2% on return to trade; Asia shares mixed
S&P 500 and Nasdaq slip to start the week as Nvidia warning puts brakes on market rally
There are several pockets of strength in the market right now — and not just in tech
Toast shares pop as revenue beats estimates and forecast shows more restaurants are going digital
Tiger 21, an exclusive club of investors, says the ultra rich are doubling down on stocks
Job unhappiness is at a staggering all-time high, according to Gallup
Just how strong is the U.S. consumer? Here's what Wall Street has to say — and the stocks it likes
Morgan Stanley downgrades Allbirds, says stock is stuck until 'path to profitability is more clear'

日本語タイトル:['']
=== エラー内容 ===
type:<class 'IndexError'>
args:('list index out of range',)
e自身:list index out of range
タイトル:George Soros Deals a Big Blow to Tesla Rival Rivian
Mr. Big Short Issues a Dire Warning About the Economy
Facebook Mired in a New Major Controversy
You'll Almost Have to Buy an Electric Vehicle if Climate Bill Passes
Billionaire George Soros Bets on Musk's Tesla and Ford
BBBY Stock: Why It's Getting Harder to Short
Cannabis Week: Michigan Sales Record; CEO Pay Surges; Musk Weighs in
3 Great Reasons Not to Bet Against GameStop Stock
Housing Market: For Once, a Positive Development for Buyers
July Inflation Slows to 8.5%, Paring Fed Rate Bets: Stocks Surge
Here's How Amazon Decides What You're Going to Buy
Elon Musk Loves it When Tesla Competitors do This
Which Are the Most Popular Jobs in the Various States?
Gasoline At (or Under) $2.99 a Gallon: Here's Where
Delisting of Chinese ADRs Is Part of the New Cold War - RealMoney

日本語タイトル:['']
=== エラー内容 ===
type:<class 'IndexError'>
args:('list index out of range',)
e自身:list index out of range
タイトル:Peloton cutting over 700 jobs, raising prices on Bike+, Tread
Sen. Warren wants to expand IRS powers beyond the Inflation Reduction Act to prepare tax returns
Saudi Aramco profit jumps as oil prices soar
Best Buy cuts store jobs to help boost profits
Thrift shop business booms as inflation throttles American bank accounts
Teacher shortages continue as the 2022-2023 school year kicks off: 'We don't have a workforce'
STOCK MARKET NEWS: Peloton cutting 700+ jobs, Dow, S&P, Nasdaq post winning week
How inflation is hitting back-to-school essentials
White-hot inflation seen cooling in July but remaining near record high
Dave Ramsey’s inflation survival tips
Here are the most pet-friendly cities in the US this year: report
The Great Resignation turns to the Great Regret as worker needs are not being met, expert says
Whole Foods founder says socialists are 'taking over' the US, threatening liberties
Moderate Democrats' should spike the Inflation Reduction Act and stand up for our small businesses
Major small business group unveils 'significantly large' ad buy slamming tax hikes amid reconciliation fight

日本語タイトル:['']
=== エラー内容 ===
type:<class 'IndexError'>
args:('list index out of range',)
e自身:list index out of range
タイトル:Salman Rushdie taken off ventilator following attack in New York state
Mar-a-Lago search showed legal peril of Trump documents, national security probe
Palestinian gunman wounds 8 in late-night Jerusalem shooting
Documents show how Trump landed Lincoln Memorial for Fox News event
Anti-abortion groups take aim at medicated, at-home abortions
Falling global food and fuel costs offer poor countries little relief
Officials asked for damage assessment of papers from Trump's Mar-a-Lago
Historians privately warn Biden: America’s democracy is on the brink
Long Bridge project joins others in D.C., Maryland to get federal money
Who is Scott Perry, Trump ally and lawmaker whose phone was seized by FBI?
Analysis  Event venues (like Trump's Mar-a-Lago) are not good places to store nuclear secrets
How Riot Games has evolved since 2018 discrimination lawsuit
Crash at Berwick, Pa., fundraiser kills 1; suspect's mother killed later
FBI attacker was prolific poster on Trump's Truth Social
Opinion  Influencers are whitewashing Syria's regime, with help from sponsors

日本語タイトル:['']
=== エラー内容 ===
type:<class 'IndexError'>
args:('list index out of range',)
e自身:list index out of range
タイトル:I'm a travel agent who specializes in cruises and my career has changed during the summer of chaos
Liz Cheney's fight against Trump will continue if she loses reelection
Here's how doctors and lawyers can have 7-figure student-debt loads
FBI got 11 sets of classified docs from Mar-a-Lago raid: WSJ
Rep. Himes: Trump declassified Mar-a-Lago docs claim is 'utter baloney'
Mar-a-Lago FBI raid: Rand Paul calls for repeal of Espionage Act
Trump advisor said he 'didn't believe in the classification system'
Hillary Clinton mocks Trump for pleading the Fifth in his deposition
SoulCycle to close 19 studios and layoff staffers. See the list.
'Crying CEO' says 'a lot of good' has come from his LinkedIn post
Musk says taxes audited every year, posts false GOP claim on IRS hires
Top economists press Biden to release Afghan frozen funds to Taliban
Millennium's Glen Scheinberg is the talk of the hedge-fund town
Shelling at Ukraine's Zaporizhzhia nuclear plant sparks power shutdown
Donald Trump's business, CFO, to stand trial October 24 in tax-dodge case

日本語タイトル:['']
=== エラー内容 ===
type:<class 'IndexError'>
args:('list index out of range',)
e自身:list index out of range
タイトル:The same Joe Biden suddenly looks different
CNN chief legal analyst Jeffrey Toobin will exit network after 20 years
How to ward off the 'Sunday scaries' before the new week begins
Merrick Garland says DOJ filed motion to unseal Trump Mar-a-Lago warrant and property receipt
FBI took 11 sets of classified material from Trump's Mar-a-Lago home while investigating possible Espionage Act violations
Armed Trump supporters outside Phoenix FBI office
'The Netflix effect': Why Western women are heading to South Korea in search of love
Letter obtained by CNN shows FDA defended new monkeypox vaccine strategy to vaccine maker
Inside the Ukraine power plant raising the specter of nuclear disaster in Europe
Responding to FBI search, Trump and allies return to his familiar strategy: flood the zone with nonsense
18 children among dozens killed in Egypt church fire
Salman Rushdie's 'road to recovery has begun,' author's agent says, as stabbing suspect pleads not guilty
This TV series delivers us from three demons haunting America
Florida students return to schools reshaped by Gov. DeSantis' anti-'woke' education agenda
11 killed, including 2 children, in Montenegro gun attack, report state media

日本語タイトル:['']
=== エラー内容 ===
type:<class 'IndexError'>
args:('list index out of range',)
e自身:list index out of range
タイトル:35 TikTok Products You’ll Use All Year, But Especially When It’s Hot Out
Salman Rushdie 'On The Road To Recovery,' Agent Says
Trump 'Respectfully' Requests FBI Returns Seized Documents To Mar-A-Lago
The Funniest Tweets From Women This Week (Aug. 6-12)
Listen To Rattled Neighbors Report Wild Clash With Lauren Boebert's Husband
Reviewers Are Obsessed With Target's Chic Storage Baskets
States Will Decide How Much Democrats’ Historic Climate Deal Actually Cuts Emissions
'Spider-Man' Star Tom Holland Says He's Taking Time Away From Social Media
The Trump Loyalist Threatening To Unseat Liz Cheney Is An Anti-Conservation Zealot
Trump Attorney Signed June Memo Falsely Declaring Classified Docs Were Returned: Report
With Just 3 Words, A Boy At School Changed Everything I Thought I Knew About Myself
Legal Analyst Jeffrey Toobin Leaving CNN Two Years After Zoom Incident
Here's How Republicans Are Brushing Off The FBI Search Of Trump's Residence
Stephen Colbert Taunts Fox News Host's 'Very Stupid Theory' About Trump
Video Shows NFL Player Hopping Into Stands To Stop Fighting Fans

日本語タイトル:['']
=== エラー内容 ===
type:<class 'IndexError'>
args:('list index out of range',)
e自身:list index out of range
タイトル:Tech Takes Wind Out of Stocks as Bond Yields Climb: Markets Wrap
Your Sunday Briefing: From Retail Angst to Apple's Ad Push
Indian Billionaire Investor Rakesh Jhunjhunwala Dies at 62
US Lawmakers Visit Taiwan After Pelosi Trip Draws China's Ire
Tech Jitters Rattle Stocks With Key CPI in Focus: Markets Wrap
Morgan Stanley's Shalett Warns of 'Head Fake' in Inflation Data
JPMorgan's Kelly Sees Stocks Returning to All-Time Highs in Three Years
Ukraine Cut to Default by S&P After Creditors OK Debt-Payment Delay
Strategists Under the Same Roof Clash on S&P 500 Before CPI Data
Robinhood Must Face Market Manipulation Claims Over Meme Trading
Every Wall Street Trend Goes Haywire as Stock Bears Are Crushed
Mocked by Everyone, Stock Rally Sits at Cusp of a Chart Landmark
Ethereum (ETH) Founder Vitalik Buterin Plans Blockchain Merge For Sept. 15
Hong Kong's Gaw Capital to Invest $4 Billion in Japan Property
Sanofi, GSK, Haleon Lead $30 Billion Rout as Zantac Litigation Worries Mount

日本語タイトル:['']
=== エラー内容 ===
type:<class 'IndexError'>
args:('list index out of range',)
e自身:list index out of range
タイトル:3 Warren Buffett Stocks to Buy Now - The Motley Fool
We're About 2 Months Away From a Major Social Security Announcement - The Motley Fool
Is Five9 Stock a Buy Now? - The Motley Fool
Dutch Bros Serves Up Piping Hot Growth. Is the Stock a Buy? - The Motley Fool
Should Dividend Investors Add This Stock to Their Portfolios? - The Motley Fool
This Meme Stock Is Up 52% in a Month. Time to Buy? - The Motley Fool
This Could Be a Game-Changer for Warner Bros. Discovery. Time to Buy? - The Motley Fool
3 Top Trends to Invest $5,000 in Right Now - The Motley Fool
2 Tips for Investing in Biotech Stocks With High Growth Potential - The Motley Fool
Mark Cuban Thinks Dogecoin Is a Better Investment Than Cardano. Why I Think He's Wrong - The Motley Fool
The One Savvy Investing Move I Always Make When the Market Goes Down - The Motley Fool
1 in 5 Americans Still Make This Rookie Mistake When Retirement Planning -- Don't Join Them - The Motley Fool
Why Roku Crushed the Market on Wednesday - The Motley Fool
Should Retirees Worry About AT&T's Dividend? - The Motley Fool
3 Ultra-High-Yield Dividend Stocks That Can Turn $350,000 Into $1 Million by 2030 - The Motley Fool

日本語タイトル:['']
=== エラー内容 ===
type:<class 'IndexError'>
args:('list index out of range',)
e自身:list index out of range
タイトル:George Soros Deals a Big Blow to Tesla Rival Rivian
You'll Almost Have to Buy an Electric Vehicle if Climate Bill Passes
Facebook Mired in a New Major Controversy
BBBY Stock: Why It's Getting Harder to Short
Billionaire George Soros Bets on Musk's Tesla and Ford
Cannabis Week: Michigan Sales Record; CEO Pay Surges; Musk Weighs in
Delisting of Chinese ADRs Is Part of the New Cold War - RealMoney
Medicare Members Win Big Victories in Landmark Bill
Disney, Theme Park Rivals Up the Thrills With New Roller Coasters
"Big Short" Trader Danny Moses: Is Tesla a Meme Stock?

日本語タイトル:['']
=== エラー内容 ===
type:<class 'IndexError'>
args:('list index out of range',)
e自身:list index out of range
タイトル:Canadian Laliberte eyes the 'perfect' route to Paris 2024
Germany reaches 75% gas stocks target ahead of schedule
U.S. adversaries could exploit former Afghan commandos, Republican report says
Buffer ETFs are beating the market in 2022 and delivering protection for patient investors
Earnings playbook: The investing game plan as retail giants Walmart and Target wrap up the season
Fire at Coptic church in Cairo kills 41, hurts 14
George Soros Deals a Big Blow to Tesla Rival Rivian
Mr. Big Short Issues a Dire Warning About the Economy
You'll Almost Have to Buy an Electric Vehicle if Climate Bill Passes
Peloton cutting over 700 jobs, raising prices on Bike+, Tread
Sen. Warren wants to expand IRS powers beyond the Inflation Reduction Act to prepare tax returns
Meditation app Calm lays off 20% of workforce
Salman Rushdie taken off ventilator following attack in New York state
Mar-a-Lago search showed legal peril of Trump documents, national security probe
Major wildfire in Spain forces the evacuation of 1500
Trump advisor said he 'didn't believe in the classification system'
Afghanistan: Senior Taliban cleric killed by bomb in artificial leg
Ford selling retro Bronco SUVs to honor 1966 model
The same Joe Biden suddenly looks different
CNN chief legal analyst Jeffrey Toobin will exit network after 20 years
Key lines from the search warrant and receipt for Trump's Florida home
35 TikTok Products You’ll Use All Year, But Especially When It’s Hot Out
Salman Rushdie 'On The Road To Recovery,' Agent Says
Trump 'Respectfully' Requests FBI Returns Seized Documents To Mar-A-Lago
Spain Zaragoza Wildfire Forces the Evacuation of 1,500
Your Sunday Briefing: From Retail Angst to Apple's Ad Push
Indian Billionaire Investor Rakesh Jhunjhunwala Dies at 62
3 Warren Buffett Stocks to Buy Now - The Motley Fool
We're About 2 Months Away From a Major Social Security Announcement - The Motley Fool
3 Top Trends to Invest $5,000 in Right Now - The Motley Fool

日本語タイトル:['']
=== エラー内容 ===
type:<class 'IndexError'>
args:('list index out of range',)
e自身:list index out of range
タイトル:Canadian Laliberte eyes the 'perfect' route to Paris 2024
U.S. adversaries could exploit former Afghan commandos, Republican report says
Germany to give energy essentials priority by rail if Rhine disruption worsens
Saudi stocks slip on weaker oil prices as Qatar consolidates gains
First ship carrying Ukraine wheat under UN deal docks in Turkey
Germany reaches 75% gas stocks target ahead of schedule
Egyptian church fire kills at least 41, most of them children- sources
Republicans push to see affidavit that justified FBI search of Trump's home
Ukraine targets Russian soldiers accused of threatening nuclear plant
Germany's finance minister says he opposes taxing 'excessive' profits
Former Deutsche Bank co-CEO Anshu Jain dies
Salman Rushdie still hospitalized as attack suspect pleads not guilty
Fireworks warehouse explodes in Armenian mall, killing two and injuring 60
U.S. and Switzerland working on facilitating pharma trade, U.S. ambassador says
U.S. to pause oil, gas leasing on 2.2 million acres in Colorado over climate impact

日本語タイトル:['']
=== エラー内容 ===
type:<class 'IndexError'>
args:('list index out of range',)
e自身:list index out of range
タイトル:Buffer ETFs are beating the market in 2022 and delivering protection for patient investors
Earnings playbook: The investing game plan as retail giants Walmart and Target wrap up the season
Fire at Coptic church in Cairo kills 41, hurts 14
S&P 500 closes flat, Nasdaq dips as market comeback rally takes a breather
European stocks close mixed as investors assess inflation, earnings; Aegon up 9%
Don’t bet against short sellers in this market, Jim Cramer warns
Wall Street’s top analysts say these are their top picks right now
Japan's Nikkei 225 rises around 2% on return to trade; Asia shares mixed
Toast shares pop as revenue beats estimates and forecast shows more restaurants are going digital
'Don't wait for the perfect moment': 7 bosses share their advice for young people on taking PTO
Job unhappiness is at a staggering all-time high, according to Gallup
Tiger 21, an exclusive club of investors, says the ultra rich are doubling down on stocks
Just how strong is the U.S. consumer? Here's what Wall Street has to say — and the stocks it likes
Morgan Stanley downgrades Allbirds, says stock is stuck until 'path to profitability is more clear'
There are several pockets of strength in the market right now — and not just in tech

日本語タイトル:['']
=== エラー内容 ===
type:<class 'IndexError'>
args:('list index out of range',)
e自身:list index out of range
タイトル:George Soros Deals a Big Blow to Tesla Rival Rivian
Mr. Big Short Issues a Dire Warning About the Economy
You'll Almost Have to Buy an Electric Vehicle if Climate Bill Passes
BBBY Stock: Why It's Getting Harder to Short
Facebook Mired in a New Major Controversy
Legendary Financier George Soros Bets Big on Amazon and Alphabet
Cannabis Week: Michigan Sales Record; CEO Pay Surges; Musk Weighs in
3 Great Reasons Not to Bet Against GameStop Stock
Housing Market: For Once, a Positive Development for Buyers
July Inflation Slows to 8.5%, Paring Fed Rate Bets: Stocks Surge
Elon Musk Loves it When Tesla Competitors do This
Here's How Amazon Decides What You're Going to Buy
Which Are the Most Popular Jobs in the Various States?
Gasoline At (or Under) $2.99 a Gallon: Here's Where
Delisting of Chinese ADRs Is Part of the New Cold War - RealMoney

日本語タイトル:['']
=== エラー内容 ===
type:<class 'IndexError'>
args:('list index out of range',)
e自身:list index out of range
タイトル:Peloton cutting over 700 jobs, raising prices on Bike+, Tread
Sen. Warren wants to expand IRS powers beyond the Inflation Reduction Act to prepare tax returns
Dem Rep. Kathy Manning scooped up thousands in chip company stock one day before voting to pass CHIPS Act
Saudi Aramco profit jumps as oil prices soar
Best Buy cuts store jobs to help boost profits
Thrift shop business booms as inflation throttles American bank accounts
Teacher shortages continue as the 2022-2023 school year kicks off: 'We don't have a workforce'
STOCK MARKET NEWS: Peloton cutting 700+ jobs, Dow, S&P, Nasdaq post winning week
How inflation is hitting back-to-school essentials
White-hot inflation seen cooling in July but remaining near record high
Dave Ramsey’s inflation survival tips
Here are the most pet-friendly cities in the US this year: report
Cantor executive, former Deutsche Bank Co-CEO Anshu Jain dies
The Great Resignation turns to the Great Regret as worker needs are not being met, expert says
Whole Foods founder says socialists are 'taking over' the US, threatening liberties

日本語タイトル:['']
=== エラー内容 ===
type:<class 'IndexError'>
args:('list index out of range',)
e自身:list index out of range
タイトル:Salman Rushdie taken off ventilator following attack in New York state
Mar-a-Lago search showed legal peril of Trump documents, national security probe
How the climate package grew from idealism to necessity
Officials asked for damage assessment of papers from Trump's Mar-a-Lago
Major wildfire in Spain forces the evacuation of 1500
Documents show how Trump landed Lincoln Memorial for Fox News event
Falling global food and fuel costs offer poor countries little relief
Long Bridge project joins others in D.C., Maryland to get federal money
FBI attacker was prolific poster on Trump's Truth Social
Who is Scott Perry, Trump ally and lawmaker whose phone was seized by FBI?
Palestinian gunman wounds 8 in late-night Jerusalem shooting
Analysis  Event venues (like Trump's Mar-a-Lago) are not good places to store nuclear secrets
How Riot Games has evolved since 2018 discrimination lawsuit
Opinion  Influencers are whitewashing Syria's regime, with help from sponsors
Anti-abortion groups take aim at medicated, at-home abortions

日本語タイトル:['']
=== エラー内容 ===
type:<class 'IndexError'>
args:('list index out of range',)
e自身:list index out of range
タイトル:Boebert's neighbors called 911 after her husband ran over their mailbox
Rainwater no longer safe to drink anywhere due to 'forever chemicals'
I'm a travel agent who specializes in cruises and my career has changed during the summer of chaos
Liz Cheney's fight against Trump will continue if she loses reelection
Trump advisor said he 'didn't believe in the classification system'
DOJ investigating if Trump violated Espionage Act by taking records
Rep. Himes: Trump declassified Mar-a-Lago docs claim is 'utter baloney'
Hyundai Ioniq 5 photos: Tour the futuristic electric SUV
'Crying CEO' says 'a lot of good' has come from his LinkedIn post
Hillary Clinton mocks Trump for pleading the Fifth in his deposition
Here's how doctors and lawyers can have 7-figure student-debt loads
Millennium's Glen Scheinberg is the talk of the hedge-fund town
Musk says taxes audited every year, posts false GOP claim on IRS hires
Shelling at Ukraine's Zaporizhzhia nuclear plant sparks power shutdown
Donald Trump's business, CFO, to stand trial October 24 in tax-dodge case

日本語タイトル:['']
=== エラー内容 ===
type:<class 'IndexError'>
args:('list index out of range',)
e自身:list index out of range
タイトル:The same Joe Biden suddenly looks different
CNN chief legal analyst Jeffrey Toobin will exit network after 20 years
How to ward off the 'Sunday scaries' before the new week begins
Key lines from the search warrant and receipt for Trump's Florida home
Armed Trump supporters outside Phoenix FBI office
Start your week smart: Trump, Egypt church fire, Megaflood, Salman Rushdie, Uvalde
'The Netflix effect': Why Western women are heading to South Korea in search of love
Letter obtained by CNN shows FDA defended new monkeypox vaccine strategy to vaccine maker
Inside the Ukraine power plant raising the specter of nuclear disaster in Europe
FBI took 11 sets of classified material from Trump's Mar-a-Lago home while investigating possible Espionage Act violations
Responding to FBI search, Trump and allies return to his familiar strategy: flood the zone with nonsense
18 children among dozens killed in Egypt church fire
Florida students return to schools reshaped by Gov. DeSantis' anti-'woke' education agenda
11 killed, including 2 children, in Montenegro gun attack, report state media
Salman Rushdie's 'road to recovery has begun,' author's agent says, as stabbing suspect pleads not guilty

日本語タイトル:['']
=== エラー内容 ===
type:<class 'IndexError'>
args:('list index out of range',)
e自身:list index out of range
タイトル:35 TikTok Products You’ll Use All Year, But Especially When It’s Hot Out
Salman Rushdie 'On The Road To Recovery,' Agent Says
Trump 'Respectfully' Requests FBI Returns Seized Documents To Mar-A-Lago
The Funniest Tweets From Women This Week (Aug. 6-12)
Listen To Rattled Neighbors Report Wild Clash With Lauren Boebert's Husband
Reviewers Are Obsessed With Target's Chic Storage Baskets
States Will Decide How Much Democrats’ Historic Climate Deal Actually Cuts Emissions
'Spider-Man' Star Tom Holland Says He's Taking Time Away From Social Media
Trump Attorney Signed June Memo Falsely Declaring Classified Docs Were Returned: Report
With Just 3 Words, A Boy At School Changed Everything I Thought I Knew About Myself
1 Dead, 17 Injured After Car Crashes Into Pennsylvania Fire Victim Fundraiser
Legal Analyst Jeffrey Toobin Leaving CNN Two Years After Zoom Incident
The Trump Loyalist Threatening To Unseat Liz Cheney Is An Anti-Conservation Zealot
Here's How Republicans Are Brushing Off The FBI Search Of Trump's Residence
Stephen Colbert Taunts Fox News Host's 'Very Stupid Theory' About Trump

日本語タイトル:['']
=== エラー内容 ===
type:<class 'IndexError'>
args:('list index out of range',)
e自身:list index out of range
タイトル:Tech Takes Wind Out of Stocks as Bond Yields Climb: Markets Wrap
Indian Billionaire Investor Rakesh Jhunjhunwala Dies at 62
Your Sunday Briefing: From Retail Angst to Apple's Ad Push
US Lawmakers Visit Taiwan After Pelosi Trip Draws China's Ire
Tech Jitters Rattle Stocks With Key CPI in Focus: Markets Wrap
Ukraine Cut to Default by S&P After Creditors OK Debt-Payment Delay
JPMorgan's Kelly Sees Stocks Returning to All-Time Highs in Three Years
Strategists Under the Same Roof Clash on S&P 500 Before CPI Data
Robinhood Must Face Market Manipulation Claims Over Meme Trading
Every Wall Street Trend Goes Haywire as Stock Bears Are Crushed
Mocked by Everyone, Stock Rally Sits at Cusp of a Chart Landmark
Ethereum (ETH) Founder Vitalik Buterin Plans Blockchain Merge For Sept. 15
Hong Kong's Gaw Capital to Invest $4 Billion in Japan Property
Sanofi, GSK, Haleon Lead $30 Billion Rout as Zantac Litigation Worries Mount
Alibaba, Tencent Stocks Slide as US CPI, Earnings Worries Mount

日本語タイトル:['']
=== エラー内容 ===
type:<class 'IndexError'>
args:('list index out of range',)
e自身:list index out of range
タイトル:3 Warren Buffett Stocks to Buy Now - The Motley Fool
We're About 2 Months Away From a Major Social Security Announcement - The Motley Fool
Is Five9 Stock a Buy Now? - The Motley Fool
Dutch Bros Serves Up Piping Hot Growth. Is the Stock a Buy? - The Motley Fool
Should Dividend Investors Add This Stock to Their Portfolios? - The Motley Fool
This Meme Stock Is Up 52% in a Month. Time to Buy? - The Motley Fool
3 Top Trends to Invest $5,000 in Right Now - The Motley Fool
This Could Be a Game-Changer for Warner Bros. Discovery. Time to Buy? - The Motley Fool
1 in 5 Americans Still Make This Rookie Mistake When Retirement Planning -- Don't Join Them - The Motley Fool
Mark Cuban Thinks Dogecoin Is a Better Investment Than Cardano. Why I Think He's Wrong - The Motley Fool
The One Savvy Investing Move I Always Make When the Market Goes Down - The Motley Fool
3 Ultra-High-Yield Dividend Stocks That Can Turn $350,000 Into $1 Million by 2030 - The Motley Fool
Why Roku Crushed the Market on Wednesday - The Motley Fool
Should Retirees Worry About AT&T's Dividend? - The Motley Fool
This Passive-Income Giant Has High-Powered Growth Ahead - The Motley Fool

日本語タイトル:['']
=== エラー内容 ===
type:<class 'newspaper.article.ArticleException'>
args:("Article `download()` failed with HTTPSConnectionPool(host='www.foxbusiness.com', port=443): Max retries exceeded with url: /markets/cannabis-us-100-billion-opportunity-tilray-ceo-irwin-simon-says (Caused by NewConnectionError('<urllib3.connection.HTTPSConnection object at 0x10a217640>: Failed to establish a new connection: [Errno 8] nodename nor servname provided, or not known')) on URL https://www.foxbusiness.com/markets/cannabis-us-100-billion-opportunity-tilray-ceo-irwin-simon-says",)
e自身:Article `download()` failed with HTTPSConnectionPool(host='www.foxbusiness.com', port=443): Max retries exceeded with url: /markets/cannabis-us-100-billion-opportunity-tilray-ceo-irwin-simon-says (Caused by NewConnectionError('<urllib3.connection.HTTPSConnection object at 0x10a217640>: Failed to establish a new connection: [Errno 8] nodename nor servname provided, or not known')) on URL https://www.foxbusiness.com/markets/cannabis-us-100-billion-opportunity-tilray-ceo-irwin-simon-says
=== エラー内容 ===
type:<class 'newspaper.article.ArticleException'>
args:("Article `download()` failed with HTTPSConnectionPool(host='www.foxbusiness.com', port=443): Max retries exceeded with url: /markets/walmart-home-depot-earnings-retail-sales-existing-home-sales-week-ahead (Caused by NewConnectionError('<urllib3.connection.HTTPSConnection object at 0x10a217700>: Failed to establish a new connection: [Errno 8] nodename nor servname provided, or not known')) on URL https://www.foxbusiness.com/markets/walmart-home-depot-earnings-retail-sales-existing-home-sales-week-ahead",)
e自身:Article `download()` failed with HTTPSConnectionPool(host='www.foxbusiness.com', port=443): Max retries exceeded with url: /markets/walmart-home-depot-earnings-retail-sales-existing-home-sales-week-ahead (Caused by NewConnectionError('<urllib3.connection.HTTPSConnection object at 0x10a217700>: Failed to establish a new connection: [Errno 8] nodename nor servname provided, or not known')) on URL https://www.foxbusiness.com/markets/walmart-home-depot-earnings-retail-sales-existing-home-sales-week-ahead
=== エラー内容 ===
type:<class 'newspaper.article.ArticleException'>
args:("Article `download()` failed with HTTPSConnectionPool(host='www.foxbusiness.com', port=443): Max retries exceeded with url: /business-leaders/cantor-executive-former-deutsche-bank-co-ceo-anshu-jain-dies (Caused by NewConnectionError('<urllib3.connection.HTTPSConnection object at 0x10a217610>: Failed to establish a new connection: [Errno 8] nodename nor servname provided, or not known')) on URL https://www.foxbusiness.com/business-leaders/cantor-executive-former-deutsche-bank-co-ceo-anshu-jain-dies",)
e自身:Article `download()` failed with HTTPSConnectionPool(host='www.foxbusiness.com', port=443): Max retries exceeded with url: /business-leaders/cantor-executive-former-deutsche-bank-co-ceo-anshu-jain-dies (Caused by NewConnectionError('<urllib3.connection.HTTPSConnection object at 0x10a217610>: Failed to establish a new connection: [Errno 8] nodename nor servname provided, or not known')) on URL https://www.foxbusiness.com/business-leaders/cantor-executive-former-deutsche-bank-co-ceo-anshu-jain-dies
=== エラー内容 ===
type:<class 'newspaper.article.ArticleException'>
args:("Article `download()` failed with HTTPSConnectionPool(host='www.foxbusiness.com', port=443): Max retries exceeded with url: /lifestyle/carnival-cruises-drops-exemption-request-unvaccinated-guests-eases-testing-requirements (Caused by NewConnectionError('<urllib3.connection.HTTPSConnection object at 0x10a217820>: Failed to establish a new connection: [Errno 8] nodename nor servname provided, or not known')) on URL https://www.foxbusiness.com/lifestyle/carnival-cruises-drops-exemption-request-unvaccinated-guests-eases-testing-requirements",)
e自身:Article `download()` failed with HTTPSConnectionPool(host='www.foxbusiness.com', port=443): Max retries exceeded with url: /lifestyle/carnival-cruises-drops-exemption-request-unvaccinated-guests-eases-testing-requirements (Caused by NewConnectionError('<urllib3.connection.HTTPSConnection object at 0x10a217820>: Failed to establish a new connection: [Errno 8] nodename nor servname provided, or not known')) on URL https://www.foxbusiness.com/lifestyle/carnival-cruises-drops-exemption-request-unvaccinated-guests-eases-testing-requirements
=== エラー内容 ===
type:<class 'newspaper.article.ArticleException'>
args:("Article `download()` failed with HTTPSConnectionPool(host='www.foxbusiness.com', port=443): Max retries exceeded with url: /technology/300-tiktok-employees-previously-worked-chinese-state-aligned-media-report (Caused by NewConnectionError('<urllib3.connection.HTTPSConnection object at 0x10a2176a0>: Failed to establish a new connection: [Errno 8] nodename nor servname provided, or not known')) on URL https://www.foxbusiness.com/technology/300-tiktok-employees-previously-worked-chinese-state-aligned-media-report",)
e自身:Article `download()` failed with HTTPSConnectionPool(host='www.foxbusiness.com', port=443): Max retries exceeded with url: /technology/300-tiktok-employees-previously-worked-chinese-state-aligned-media-report (Caused by NewConnectionError('<urllib3.connection.HTTPSConnection object at 0x10a2176a0>: Failed to establish a new connection: [Errno 8] nodename nor servname provided, or not known')) on URL https://www.foxbusiness.com/technology/300-tiktok-employees-previously-worked-chinese-state-aligned-media-report
=== エラー内容 ===
type:<class 'newspaper.article.ArticleException'>
args:("Article `download()` failed with HTTPSConnectionPool(host='www.foxbusiness.com', port=443): Max retries exceeded with url: /lifestyle/sonic-drive-brings-back-fan-favorite-pickle-juice-slush-limited (Caused by NewConnectionError('<urllib3.connection.HTTPSConnection object at 0x10a217520>: Failed to establish a new connection: [Errno 8] nodename nor servname provided, or not known')) on URL https://www.foxbusiness.com/lifestyle/sonic-drive-brings-back-fan-favorite-pickle-juice-slush-limited",)
e自身:Article `download()` failed with HTTPSConnectionPool(host='www.foxbusiness.com', port=443): Max retries exceeded with url: /lifestyle/sonic-drive-brings-back-fan-favorite-pickle-juice-slush-limited (Caused by NewConnectionError('<urllib3.connection.HTTPSConnection object at 0x10a217520>: Failed to establish a new connection: [Errno 8] nodename nor servname provided, or not known')) on URL https://www.foxbusiness.com/lifestyle/sonic-drive-brings-back-fan-favorite-pickle-juice-slush-limited
=== エラー内容 ===
type:<class 'newspaper.article.ArticleException'>
args:("Article `download()` failed with HTTPSConnectionPool(host='www.foxbusiness.com', port=443): Max retries exceeded with url: /markets/mazda-moves-away-chinese-suppliers-attempts-bolster-domestic-production (Caused by NewConnectionError('<urllib3.connection.HTTPSConnection object at 0x10a217910>: Failed to establish a new connection: [Errno 8] nodename nor servname provided, or not known')) on URL https://www.foxbusiness.com/markets/mazda-moves-away-chinese-suppliers-attempts-bolster-domestic-production",)
e自身:Article `download()` failed with HTTPSConnectionPool(host='www.foxbusiness.com', port=443): Max retries exceeded with url: /markets/mazda-moves-away-chinese-suppliers-attempts-bolster-domestic-production (Caused by NewConnectionError('<urllib3.connection.HTTPSConnection object at 0x10a217910>: Failed to establish a new connection: [Errno 8] nodename nor servname provided, or not known')) on URL https://www.foxbusiness.com/markets/mazda-moves-away-chinese-suppliers-attempts-bolster-domestic-production
=== エラー内容 ===
type:<class 'newspaper.article.ArticleException'>
args:("Article `download()` failed with HTTPSConnectionPool(host='www.foxbusiness.com', port=443): Max retries exceeded with url: /economy/american-workforce-continues-shrink-falls-400k-since-march-nearly-hitting-prepandemic-levels (Caused by NewConnectionError('<urllib3.connection.HTTPSConnection object at 0x10a2177f0>: Failed to establish a new connection: [Errno 8] nodename nor servname provided, or not known')) on URL https://www.foxbusiness.com/economy/american-workforce-continues-shrink-falls-400k-since-march-nearly-hitting-prepandemic-levels",)
e自身:Article `download()` failed with HTTPSConnectionPool(host='www.foxbusiness.com', port=443): Max retries exceeded with url: /economy/american-workforce-continues-shrink-falls-400k-since-march-nearly-hitting-prepandemic-levels (Caused by NewConnectionError('<urllib3.connection.HTTPSConnection object at 0x10a2177f0>: Failed to establish a new connection: [Errno 8] nodename nor servname provided, or not known')) on URL https://www.foxbusiness.com/economy/american-workforce-continues-shrink-falls-400k-since-march-nearly-hitting-prepandemic-levels
=== エラー内容 ===
type:<class 'newspaper.article.ArticleException'>
args:("Article `download()` failed with HTTPSConnectionPool(host='www.cnbc.com', port=443): Max retries exceeded with url: /2022/08/14/earnings-playbook-the-investing-game-plan-as-retail-giants-walmart-and-target-wrap-up-the-season.html (Caused by NewConnectionError('<urllib3.connection.HTTPSConnection object at 0x1158d1040>: Failed to establish a new connection: [Errno 8] nodename nor servname provided, or not known')) on URL https://www.cnbc.com/2022/08/14/earnings-playbook-the-investing-game-plan-as-retail-giants-walmart-and-target-wrap-up-the-season.html",)
e自身:Article `download()` failed with HTTPSConnectionPool(host='www.cnbc.com', port=443): Max retries exceeded with url: /2022/08/14/earnings-playbook-the-investing-game-plan-as-retail-giants-walmart-and-target-wrap-up-the-season.html (Caused by NewConnectionError('<urllib3.connection.HTTPSConnection object at 0x1158d1040>: Failed to establish a new connection: [Errno 8] nodename nor servname provided, or not known')) on URL https://www.cnbc.com/2022/08/14/earnings-playbook-the-investing-game-plan-as-retail-giants-walmart-and-target-wrap-up-the-season.html
=== エラー内容 ===
type:<class 'newspaper.article.ArticleException'>
args:("Article `download()` failed with HTTPSConnectionPool(host='www.cnbc.com', port=443): Max retries exceeded with url: /2022/08/14/buffer-etfs-are-beating-the-market-in-2022-and-delivering-protection-for-patient-investors.html (Caused by NewConnectionError('<urllib3.connection.HTTPSConnection object at 0x1158d10d0>: Failed to establish a new connection: [Errno 8] nodename nor servname provided, or not known')) on URL https://www.cnbc.com/2022/08/14/buffer-etfs-are-beating-the-market-in-2022-and-delivering-protection-for-patient-investors.html",)
e自身:Article `download()` failed with HTTPSConnectionPool(host='www.cnbc.com', port=443): Max retries exceeded with url: /2022/08/14/buffer-etfs-are-beating-the-market-in-2022-and-delivering-protection-for-patient-investors.html (Caused by NewConnectionError('<urllib3.connection.HTTPSConnection object at 0x1158d10d0>: Failed to establish a new connection: [Errno 8] nodename nor servname provided, or not known')) on URL https://www.cnbc.com/2022/08/14/buffer-etfs-are-beating-the-market-in-2022-and-delivering-protection-for-patient-investors.html
=== エラー内容 ===
type:<class 'newspaper.article.ArticleException'>
args:("Article `download()` failed with HTTPSConnectionPool(host='www.cnbc.com', port=443): Max retries exceeded with url: /2022/08/14/3-tips-for-mastering-life-as-a-digital-nomad-from-an-expat-of-14-years.html (Caused by NewConnectionError('<urllib3.connection.HTTPSConnection object at 0x1158d1100>: Failed to establish a new connection: [Errno 8] nodename nor servname provided, or not known')) on URL https://www.cnbc.com/2022/08/14/3-tips-for-mastering-life-as-a-digital-nomad-from-an-expat-of-14-years.html",)
e自身:Article `download()` failed with HTTPSConnectionPool(host='www.cnbc.com', port=443): Max retries exceeded with url: /2022/08/14/3-tips-for-mastering-life-as-a-digital-nomad-from-an-expat-of-14-years.html (Caused by NewConnectionError('<urllib3.connection.HTTPSConnection object at 0x1158d1100>: Failed to establish a new connection: [Errno 8] nodename nor servname provided, or not known')) on URL https://www.cnbc.com/2022/08/14/3-tips-for-mastering-life-as-a-digital-nomad-from-an-expat-of-14-years.html
=== エラー内容 ===
type:<class 'urllib.error.URLError'>
args:(gaierror(8, 'nodename nor servname provided, or not known'),)
e自身:<urlopen error [Errno 8] nodename nor servname provided, or not known>
url:https://news.google.com/rss/search?q=+after:2022-8-13+inurl:thestreet.com&hl=en-US&gl=US&ceid=US:en
=== エラー内容 ===
type:<class 'urllib.error.URLError'>
args:(gaierror(8, 'nodename nor servname provided, or not known'),)
e自身:<urlopen error [Errno 8] nodename nor servname provided, or not known>
url:https://news.google.com/rss/search?q=+after:2022-8-13+inurl:foxbusiness.com&hl=en-US&gl=US&ceid=US:en
=== エラー内容 ===
type:<class 'urllib.error.URLError'>
args:(gaierror(8, 'nodename nor servname provided, or not known'),)
e自身:<urlopen error [Errno 8] nodename nor servname provided, or not known>
url:https://news.google.com/rss/search?q=+after:2022-8-13+inurl:washingtonpost.com&hl=en-US&gl=US&ceid=US:en
=== エラー内容 ===
type:<class 'urllib.error.URLError'>
args:(gaierror(8, 'nodename nor servname provided, or not known'),)
e自身:<urlopen error [Errno 8] nodename nor servname provided, or not known>
url:https://news.google.com/rss/search?q=+after:2022-8-13+inurl:businessinsider.com&hl=en-US&gl=US&ceid=US:en
=== エラー内容 ===
type:<class 'urllib.error.URLError'>
args:(gaierror(8, 'nodename nor servname provided, or not known'),)
e自身:<urlopen error [Errno 8] nodename nor servname provided, or not known>
url:https://news.google.com/rss/search?q=+after:2022-8-13+inurl:cnn.com&hl=en-US&gl=US&ceid=US:en
=== エラー内容 ===
type:<class 'newspaper.article.ArticleException'>
args:("Article `download()` failed with HTTPSConnectionPool(host='www.reuters.com', port=443): Max retries exceeded with url: /business/energy/germany-reaches-75-gas-stocks-target-ahead-schedule-2022-08-14/ (Caused by NewConnectionError('<urllib3.connection.HTTPSConnection object at 0x112523190>: Failed to establish a new connection: [Errno 8] nodename nor servname provided, or not known')) on URL https://www.reuters.com/business/energy/germany-reaches-75-gas-stocks-target-ahead-schedule-2022-08-14/",)
e自身:Article `download()` failed with HTTPSConnectionPool(host='www.reuters.com', port=443): Max retries exceeded with url: /business/energy/germany-reaches-75-gas-stocks-target-ahead-schedule-2022-08-14/ (Caused by NewConnectionError('<urllib3.connection.HTTPSConnection object at 0x112523190>: Failed to establish a new connection: [Errno 8] nodename nor servname provided, or not known')) on URL https://www.reuters.com/business/energy/germany-reaches-75-gas-stocks-target-ahead-schedule-2022-08-14/
=== エラー内容 ===
type:<class 'newspaper.article.ArticleException'>
args:("Article `download()` failed with HTTPSConnectionPool(host='www.reuters.com', port=443): Max retries exceeded with url: /lifestyle/sports/canadian-laliberte-eyes-perfect-route-paris-2024-2022-08-14/ (Caused by NewConnectionError('<urllib3.connection.HTTPSConnection object at 0x1125232e0>: Failed to establish a new connection: [Errno 8] nodename nor servname provided, or not known')) on URL https://www.reuters.com/lifestyle/sports/canadian-laliberte-eyes-perfect-route-paris-2024-2022-08-14/",)
e自身:Article `download()` failed with HTTPSConnectionPool(host='www.reuters.com', port=443): Max retries exceeded with url: /lifestyle/sports/canadian-laliberte-eyes-perfect-route-paris-2024-2022-08-14/ (Caused by NewConnectionError('<urllib3.connection.HTTPSConnection object at 0x1125232e0>: Failed to establish a new connection: [Errno 8] nodename nor servname provided, or not known')) on URL https://www.reuters.com/lifestyle/sports/canadian-laliberte-eyes-perfect-route-paris-2024-2022-08-14/
=== エラー内容 ===
type:<class 'newspaper.article.ArticleException'>
args:("Article `download()` failed with HTTPSConnectionPool(host='www.reuters.com', port=443): Max retries exceeded with url: /legal/republicans-demand-see-affidavit-that-justified-fbi-search-trumps-home-2022-08-14/ (Caused by NewConnectionError('<urllib3.connection.HTTPSConnection object at 0x112523070>: Failed to establish a new connection: [Errno 8] nodename nor servname provided, or not known')) on URL https://www.reuters.com/legal/republicans-demand-see-affidavit-that-justified-fbi-search-trumps-home-2022-08-14/",)
e自身:Article `download()` failed with HTTPSConnectionPool(host='www.reuters.com', port=443): Max retries exceeded with url: /legal/republicans-demand-see-affidavit-that-justified-fbi-search-trumps-home-2022-08-14/ (Caused by NewConnectionError('<urllib3.connection.HTTPSConnection object at 0x112523070>: Failed to establish a new connection: [Errno 8] nodename nor servname provided, or not known')) on URL https://www.reuters.com/legal/republicans-demand-see-affidavit-that-justified-fbi-search-trumps-home-2022-08-14/
=== エラー内容 ===
type:<class 'urllib.error.URLError'>
args:(gaierror(8, 'nodename nor servname provided, or not known'),)
e自身:<urlopen error [Errno 8] nodename nor servname provided, or not known>
url:https://news.google.com/rss/search?q=+after:2022-8-13+inurl:cnbc.com&hl=en-US&gl=US&ceid=US:en
=== エラー内容 ===
type:<class 'urllib.error.URLError'>
args:(gaierror(8, 'nodename nor servname provided, or not known'),)
e自身:<urlopen error [Errno 8] nodename nor servname provided, or not known>
url:https://news.google.com/rss/search?q=+after:2022-8-13+inurl:thestreet.com&hl=en-US&gl=US&ceid=US:en
=== エラー内容 ===
type:<class 'urllib.error.URLError'>
args:(gaierror(8, 'nodename nor servname provided, or not known'),)
e自身:<urlopen error [Errno 8] nodename nor servname provided, or not known>
url:https://news.google.com/rss/search?q=+after:2022-8-13+inurl:foxbusiness.com&hl=en-US&gl=US&ceid=US:en
=== エラー内容 ===
type:<class 'urllib.error.URLError'>
args:(gaierror(8, 'nodename nor servname provided, or not known'),)
e自身:<urlopen error [Errno 8] nodename nor servname provided, or not known>
url:https://news.google.com/rss/search?q=+after:2022-8-13+inurl:washingtonpost.com&hl=en-US&gl=US&ceid=US:en
=== エラー内容 ===
type:<class 'urllib.error.URLError'>
args:(gaierror(8, 'nodename nor servname provided, or not known'),)
e自身:<urlopen error [Errno 8] nodename nor servname provided, or not known>
url:https://news.google.com/rss/search?q=+after:2022-8-13+inurl:businessinsider.com&hl=en-US&gl=US&ceid=US:en
=== エラー内容 ===
type:<class 'urllib.error.URLError'>
args:(gaierror(8, 'nodename nor servname provided, or not known'),)
e自身:<urlopen error [Errno 8] nodename nor servname provided, or not known>
url:https://news.google.com/rss/search?q=+after:2022-8-13+inurl:cnn.com&hl=en-US&gl=US&ceid=US:en
=== エラー内容 ===
type:<class 'urllib.error.URLError'>
args:(gaierror(8, 'nodename nor servname provided, or not known'),)
e自身:<urlopen error [Errno 8] nodename nor servname provided, or not known>
url:https://news.google.com/rss/search?q=+after:2022-8-13+inurl:huffpost.com&hl=en-US&gl=US&ceid=US:en
=== エラー内容 ===
type:<class 'urllib.error.URLError'>
args:(gaierror(8, 'nodename nor servname provided, or not known'),)
e自身:<urlopen error [Errno 8] nodename nor servname provided, or not known>
url:https://news.google.com/rss/search?q=+after:2022-8-13+inurl:bloomberg.com&hl=en-US&gl=US&ceid=US:en
=== エラー内容 ===
type:<class 'urllib.error.URLError'>
args:(gaierror(8, 'nodename nor servname provided, or not known'),)
e自身:<urlopen error [Errno 8] nodename nor servname provided, or not known>
url:https://news.google.com/rss/search?q=+after:2022-8-13+inurl:fool.com&hl=en-US&gl=US&ceid=US:en
=== エラー内容 ===
type:<class 'newspaper.article.ArticleException'>
args:("Article `download()` failed with HTTPSConnectionPool(host='www.thestreet.com', port=443): Max retries exceeded with url: /investing/mr-big-short-issues-a-dire-warning-about-the-economy (Caused by NewConnectionError('<urllib3.connection.HTTPSConnection object at 0x109d8b580>: Failed to establish a new connection: [Errno 8] nodename nor servname provided, or not known')) on URL https://www.thestreet.com/investing/mr-big-short-issues-a-dire-warning-about-the-economy",)
e自身:Article `download()` failed with HTTPSConnectionPool(host='www.thestreet.com', port=443): Max retries exceeded with url: /investing/mr-big-short-issues-a-dire-warning-about-the-economy (Caused by NewConnectionError('<urllib3.connection.HTTPSConnection object at 0x109d8b580>: Failed to establish a new connection: [Errno 8] nodename nor servname provided, or not known')) on URL https://www.thestreet.com/investing/mr-big-short-issues-a-dire-warning-about-the-economy
=== エラー内容 ===
type:<class 'newspaper.article.ArticleException'>
args:("Article `download()` failed with HTTPSConnectionPool(host='www.thestreet.com', port=443): Max retries exceeded with url: /technology/george-soros-deals-a-big-blow-to-tesla-rival-rivian (Caused by NewConnectionError('<urllib3.connection.HTTPSConnection object at 0x109d8be20>: Failed to establish a new connection: [Errno 8] nodename nor servname provided, or not known')) on URL https://www.thestreet.com/technology/george-soros-deals-a-big-blow-to-tesla-rival-rivian",)
e自身:Article `download()` failed with HTTPSConnectionPool(host='www.thestreet.com', port=443): Max retries exceeded with url: /technology/george-soros-deals-a-big-blow-to-tesla-rival-rivian (Caused by NewConnectionError('<urllib3.connection.HTTPSConnection object at 0x109d8be20>: Failed to establish a new connection: [Errno 8] nodename nor servname provided, or not known')) on URL https://www.thestreet.com/technology/george-soros-deals-a-big-blow-to-tesla-rival-rivian
=== エラー内容 ===
type:<class 'urllib.error.URLError'>
args:(gaierror(8, 'nodename nor servname provided, or not known'),)
e自身:<urlopen error [Errno 8] nodename nor servname provided, or not known>
url:https://news.google.com/rss/search?q=+after:2022-8-13+inurl:foxbusiness.com&hl=en-US&gl=US&ceid=US:en
=== エラー内容 ===
type:<class 'urllib.error.URLError'>
args:(gaierror(8, 'nodename nor servname provided, or not known'),)
e自身:<urlopen error [Errno 8] nodename nor servname provided, or not known>
url:https://news.google.com/rss/search?q=+after:2022-8-13+inurl:washingtonpost.com&hl=en-US&gl=US&ceid=US:en
=== エラー内容 ===
type:<class 'newspaper.article.ArticleException'>
args:("Article `download()` failed with HTTPSConnectionPool(host='www.businessinsider.com', port=443): Max retries exceeded with url: /trump-could-face-10-years-prison-if-convicted-espionage-act-2022-8 (Caused by NewConnectionError('<urllib3.connection.HTTPSConnection object at 0x109d2f160>: Failed to establish a new connection: [Errno 8] nodename nor servname provided, or not known')) on URL https://www.businessinsider.com/trump-could-face-10-years-prison-if-convicted-espionage-act-2022-8",)
e自身:Article `download()` failed with HTTPSConnectionPool(host='www.businessinsider.com', port=443): Max retries exceeded with url: /trump-could-face-10-years-prison-if-convicted-espionage-act-2022-8 (Caused by NewConnectionError('<urllib3.connection.HTTPSConnection object at 0x109d2f160>: Failed to establish a new connection: [Errno 8] nodename nor servname provided, or not known')) on URL https://www.businessinsider.com/trump-could-face-10-years-prison-if-convicted-espionage-act-2022-8
=== エラー内容 ===
type:<class 'newspaper.article.ArticleException'>
args:("Article `download()` failed with HTTPSConnectionPool(host='www.businessinsider.com', port=443): Max retries exceeded with url: /mar-a-lagoo-raid-rand-paul-repeal-espionage-act-trump-2022-8 (Caused by NewConnectionError('<urllib3.connection.HTTPSConnection object at 0x109d9b1c0>: Failed to establish a new connection: [Errno 8] nodename nor servname provided, or not known')) on URL https://www.businessinsider.com/mar-a-lagoo-raid-rand-paul-repeal-espionage-act-trump-2022-8",)
e自身:Article `download()` failed with HTTPSConnectionPool(host='www.businessinsider.com', port=443): Max retries exceeded with url: /mar-a-lagoo-raid-rand-paul-repeal-espionage-act-trump-2022-8 (Caused by NewConnectionError('<urllib3.connection.HTTPSConnection object at 0x109d9b1c0>: Failed to establish a new connection: [Errno 8] nodename nor servname provided, or not known')) on URL https://www.businessinsider.com/mar-a-lagoo-raid-rand-paul-repeal-espionage-act-trump-2022-8
=== エラー内容 ===
type:<class 'urllib.error.URLError'>
args:(gaierror(8, 'nodename nor servname provided, or not known'),)
e自身:<urlopen error [Errno 8] nodename nor servname provided, or not known>
url:https://news.google.com/rss/search?q=+after:2022-8-13+inurl:cnn.com&hl=en-US&gl=US&ceid=US:en
=== エラー内容 ===
type:<class 'urllib.error.URLError'>
args:(gaierror(8, 'nodename nor servname provided, or not known'),)
e自身:<urlopen error [Errno 8] nodename nor servname provided, or not known>
url:https://news.google.com/rss/search?q=+after:2022-8-13+inurl:huffpost.com&hl=en-US&gl=US&ceid=US:en
=== エラー内容 ===
type:<class 'newspaper.article.ArticleException'>
args:("Article `download()` failed with HTTPSConnectionPool(host='www.bloomberg.com', port=443): Max retries exceeded with url: /news/articles/2022-08-14/australia-done-with-outsized-interest-rate-hikes-eslake-says (Caused by NewConnectionError('<urllib3.connection.HTTPSConnection object at 0x109e9fe80>: Failed to establish a new connection: [Errno 8] nodename nor servname provided, or not known')) on URL https://www.bloomberg.com/news/articles/2022-08-14/australia-done-with-outsized-interest-rate-hikes-eslake-says",)
e自身:Article `download()` failed with HTTPSConnectionPool(host='www.bloomberg.com', port=443): Max retries exceeded with url: /news/articles/2022-08-14/australia-done-with-outsized-interest-rate-hikes-eslake-says (Caused by NewConnectionError('<urllib3.connection.HTTPSConnection object at 0x109e9fe80>: Failed to establish a new connection: [Errno 8] nodename nor servname provided, or not known')) on URL https://www.bloomberg.com/news/articles/2022-08-14/australia-done-with-outsized-interest-rate-hikes-eslake-says
=== エラー内容 ===
type:<class 'newspaper.article.ArticleException'>
args:("Article `download()` failed with HTTPSConnectionPool(host='www.bloomberg.com', port=443): Max retries exceeded with url: /news/articles/2022-08-14/how-the-us-toppled-the-world-s-most-powerful-gold-trader (Caused by NewConnectionError('<urllib3.connection.HTTPSConnection object at 0x109e9ffd0>: Failed to establish a new connection: [Errno 8] nodename nor servname provided, or not known')) on URL https://www.bloomberg.com/news/articles/2022-08-14/how-the-us-toppled-the-world-s-most-powerful-gold-trader",)
e自身:Article `download()` failed with HTTPSConnectionPool(host='www.bloomberg.com', port=443): Max retries exceeded with url: /news/articles/2022-08-14/how-the-us-toppled-the-world-s-most-powerful-gold-trader (Caused by NewConnectionError('<urllib3.connection.HTTPSConnection object at 0x109e9ffd0>: Failed to establish a new connection: [Errno 8] nodename nor servname provided, or not known')) on URL https://www.bloomberg.com/news/articles/2022-08-14/how-the-us-toppled-the-world-s-most-powerful-gold-trader
=== エラー内容 ===
type:<class 'newspaper.article.ArticleException'>
args:("Article `download()` failed with HTTPSConnectionPool(host='www.bloomberg.com', port=443): Max retries exceeded with url: /news/articles/2022-08-14/major-wildfire-in-spain-forces-the-evacuation-of-1-500 (Caused by NewConnectionError('<urllib3.connection.HTTPSConnection object at 0x109e9fca0>: Failed to establish a new connection: [Errno 8] nodename nor servname provided, or not known')) on URL https://www.bloomberg.com/news/articles/2022-08-14/major-wildfire-in-spain-forces-the-evacuation-of-1-500",)
e自身:Article `download()` failed with HTTPSConnectionPool(host='www.bloomberg.com', port=443): Max retries exceeded with url: /news/articles/2022-08-14/major-wildfire-in-spain-forces-the-evacuation-of-1-500 (Caused by NewConnectionError('<urllib3.connection.HTTPSConnection object at 0x109e9fca0>: Failed to establish a new connection: [Errno 8] nodename nor servname provided, or not known')) on URL https://www.bloomberg.com/news/articles/2022-08-14/major-wildfire-in-spain-forces-the-evacuation-of-1-500
=== エラー内容 ===
type:<class 'urllib.error.URLError'>
args:(gaierror(8, 'nodename nor servname provided, or not known'),)
e自身:<urlopen error [Errno 8] nodename nor servname provided, or not known>
url:https://news.google.com/rss/search?q=+after:2022-8-13+inurl:fool.com&hl=en-US&gl=US&ceid=US:en
=== エラー内容 ===
type:<class 'urllib.error.URLError'>
args:(gaierror(8, 'nodename nor servname provided, or not known'),)
e自身:<urlopen error [Errno 8] nodename nor servname provided, or not known>
url:https://news.google.com/rss/search?q=+after:2022-8-13+inurl:washingtonpost.com&hl=en-US&gl=US&ceid=US:en
=== エラー内容 ===
type:<class 'newspaper.article.ArticleException'>
args:("Article `download()` failed with HTTPSConnectionPool(host='www.reuters.com', port=443): Max retries exceeded with url: /markets/europe/global-markets-wrapup-1-pix-2022-08-15/ (Caused by NewConnectionError('<urllib3.connection.HTTPSConnection object at 0x108c0ad00>: Failed to establish a new connection: [Errno 8] nodename nor servname provided, or not known')) on URL https://www.reuters.com/markets/europe/global-markets-wrapup-1-pix-2022-08-15/",)
e自身:Article `download()` failed with HTTPSConnectionPool(host='www.reuters.com', port=443): Max retries exceeded with url: /markets/europe/global-markets-wrapup-1-pix-2022-08-15/ (Caused by NewConnectionError('<urllib3.connection.HTTPSConnection object at 0x108c0ad00>: Failed to establish a new connection: [Errno 8] nodename nor servname provided, or not known')) on URL https://www.reuters.com/markets/europe/global-markets-wrapup-1-pix-2022-08-15/
=== エラー内容 ===
type:<class 'newspaper.article.ArticleException'>
args:("Article `download()` failed with HTTPSConnectionPool(host='www.reuters.com', port=443): Max retries exceeded with url: /lifestyle/sports/canadian-laliberte-eyes-perfect-route-paris-2024-2022-08-14/ (Caused by NewConnectionError('<urllib3.connection.HTTPSConnection object at 0x108c0a130>: Failed to establish a new connection: [Errno 8] nodename nor servname provided, or not known')) on URL https://www.reuters.com/lifestyle/sports/canadian-laliberte-eyes-perfect-route-paris-2024-2022-08-14/",)
e自身:Article `download()` failed with HTTPSConnectionPool(host='www.reuters.com', port=443): Max retries exceeded with url: /lifestyle/sports/canadian-laliberte-eyes-perfect-route-paris-2024-2022-08-14/ (Caused by NewConnectionError('<urllib3.connection.HTTPSConnection object at 0x108c0a130>: Failed to establish a new connection: [Errno 8] nodename nor servname provided, or not known')) on URL https://www.reuters.com/lifestyle/sports/canadian-laliberte-eyes-perfect-route-paris-2024-2022-08-14/
=== エラー内容 ===
type:<class 'newspaper.article.ArticleException'>
args:("Article `download()` failed with HTTPSConnectionPool(host='www.reuters.com', port=443): Max retries exceeded with url: /markets/deals/beach-energy-results-disappoint-hunts-ma-australia-nz-2022-08-15/ (Caused by NewConnectionError('<urllib3.connection.HTTPSConnection object at 0x108c0adf0>: Failed to establish a new connection: [Errno 8] nodename nor servname provided, or not known')) on URL https://www.reuters.com/markets/deals/beach-energy-results-disappoint-hunts-ma-australia-nz-2022-08-15/",)
e自身:Article `download()` failed with HTTPSConnectionPool(host='www.reuters.com', port=443): Max retries exceeded with url: /markets/deals/beach-energy-results-disappoint-hunts-ma-australia-nz-2022-08-15/ (Caused by NewConnectionError('<urllib3.connection.HTTPSConnection object at 0x108c0adf0>: Failed to establish a new connection: [Errno 8] nodename nor servname provided, or not known')) on URL https://www.reuters.com/markets/deals/beach-energy-results-disappoint-hunts-ma-australia-nz-2022-08-15/
=== エラー内容 ===
type:<class 'newspaper.article.ArticleException'>
args:("Article `download()` failed with HTTPSConnectionPool(host='www.reuters.com', port=443): Max retries exceeded with url: /business/energy/germany-reaches-75-gas-stocks-target-ahead-schedule-2022-08-14/ (Caused by NewConnectionError('<urllib3.connection.HTTPSConnection object at 0x108c2b040>: Failed to establish a new connection: [Errno 8] nodename nor servname provided, or not known')) on URL https://www.reuters.com/business/energy/germany-reaches-75-gas-stocks-target-ahead-schedule-2022-08-14/",)
e自身:Article `download()` failed with HTTPSConnectionPool(host='www.reuters.com', port=443): Max retries exceeded with url: /business/energy/germany-reaches-75-gas-stocks-target-ahead-schedule-2022-08-14/ (Caused by NewConnectionError('<urllib3.connection.HTTPSConnection object at 0x108c2b040>: Failed to establish a new connection: [Errno 8] nodename nor servname provided, or not known')) on URL https://www.reuters.com/business/energy/germany-reaches-75-gas-stocks-target-ahead-schedule-2022-08-14/
=== エラー内容 ===
type:<class 'newspaper.article.ArticleException'>
args:("Article `download()` failed with HTTPSConnectionPool(host='www.reuters.com', port=443): Max retries exceeded with url: /legal/republicans-demand-see-affidavit-that-justified-fbi-search-trumps-home-2022-08-14/ (Caused by NewConnectionError('<urllib3.connection.HTTPSConnection object at 0x108c2c0d0>: Failed to establish a new connection: [Errno 8] nodename nor servname provided, or not known')) on URL https://www.reuters.com/legal/republicans-demand-see-affidavit-that-justified-fbi-search-trumps-home-2022-08-14/",)
e自身:Article `download()` failed with HTTPSConnectionPool(host='www.reuters.com', port=443): Max retries exceeded with url: /legal/republicans-demand-see-affidavit-that-justified-fbi-search-trumps-home-2022-08-14/ (Caused by NewConnectionError('<urllib3.connection.HTTPSConnection object at 0x108c2c0d0>: Failed to establish a new connection: [Errno 8] nodename nor servname provided, or not known')) on URL https://www.reuters.com/legal/republicans-demand-see-affidavit-that-justified-fbi-search-trumps-home-2022-08-14/
=== エラー内容 ===
type:<class 'newspaper.article.ArticleException'>
args:("Article `download()` failed with HTTPSConnectionPool(host='www.reuters.com', port=443): Max retries exceeded with url: /markets/asia/china-new-home-prices-july-unchanged-june-down-09-yy-2022-08-15/ (Caused by NewConnectionError('<urllib3.connection.HTTPSConnection object at 0x108c2a100>: Failed to establish a new connection: [Errno 8] nodename nor servname provided, or not known')) on URL https://www.reuters.com/markets/asia/china-new-home-prices-july-unchanged-june-down-09-yy-2022-08-15/",)
e自身:Article `download()` failed with HTTPSConnectionPool(host='www.reuters.com', port=443): Max retries exceeded with url: /markets/asia/china-new-home-prices-july-unchanged-june-down-09-yy-2022-08-15/ (Caused by NewConnectionError('<urllib3.connection.HTTPSConnection object at 0x108c2a100>: Failed to establish a new connection: [Errno 8] nodename nor servname provided, or not known')) on URL https://www.reuters.com/markets/asia/china-new-home-prices-july-unchanged-june-down-09-yy-2022-08-15/
=== エラー内容 ===
type:<class 'newspaper.article.ArticleException'>
args:("Article `download()` failed with HTTPSConnectionPool(host='www.reuters.com', port=443): Max retries exceeded with url: /markets/commodities/oil-prices-ease-aramco-says-ready-boost-crude-output-2022-08-15/ (Caused by NewConnectionError('<urllib3.connection.HTTPSConnection object at 0x108c2a160>: Failed to establish a new connection: [Errno 8] nodename nor servname provided, or not known')) on URL https://www.reuters.com/markets/commodities/oil-prices-ease-aramco-says-ready-boost-crude-output-2022-08-15/",)
e自身:Article `download()` failed with HTTPSConnectionPool(host='www.reuters.com', port=443): Max retries exceeded with url: /markets/commodities/oil-prices-ease-aramco-says-ready-boost-crude-output-2022-08-15/ (Caused by NewConnectionError('<urllib3.connection.HTTPSConnection object at 0x108c2a160>: Failed to establish a new connection: [Errno 8] nodename nor servname provided, or not known')) on URL https://www.reuters.com/markets/commodities/oil-prices-ease-aramco-says-ready-boost-crude-output-2022-08-15/
=== エラー内容 ===
type:<class 'newspaper.article.ArticleException'>
args:("Article `download()` failed with HTTPSConnectionPool(host='www.reuters.com', port=443): Max retries exceeded with url: /world/nz-deploy-120-troops-britain-train-ukrainian-troops-2022-08-15/ (Caused by NewConnectionError('<urllib3.connection.HTTPSConnection object at 0x108c2a100>: Failed to establish a new connection: [Errno 8] nodename nor servname provided, or not known')) on URL https://www.reuters.com/world/nz-deploy-120-troops-britain-train-ukrainian-troops-2022-08-15/",)
e自身:Article `download()` failed with HTTPSConnectionPool(host='www.reuters.com', port=443): Max retries exceeded with url: /world/nz-deploy-120-troops-britain-train-ukrainian-troops-2022-08-15/ (Caused by NewConnectionError('<urllib3.connection.HTTPSConnection object at 0x108c2a100>: Failed to establish a new connection: [Errno 8] nodename nor servname provided, or not known')) on URL https://www.reuters.com/world/nz-deploy-120-troops-britain-train-ukrainian-troops-2022-08-15/
=== エラー内容 ===
type:<class 'newspaper.article.ArticleException'>
args:("Article `download()` failed with HTTPSConnectionPool(host='www.reuters.com', port=443): Max retries exceeded with url: /world/asia-pacific/us-adversaries-could-exploit-former-afghan-commandos-us-republican-report-2022-08-14/ (Caused by NewConnectionError('<urllib3.connection.HTTPSConnection object at 0x108c2a250>: Failed to establish a new connection: [Errno 8] nodename nor servname provided, or not known')) on URL https://www.reuters.com/world/asia-pacific/us-adversaries-could-exploit-former-afghan-commandos-us-republican-report-2022-08-14/",)
e自身:Article `download()` failed with HTTPSConnectionPool(host='www.reuters.com', port=443): Max retries exceeded with url: /world/asia-pacific/us-adversaries-could-exploit-former-afghan-commandos-us-republican-report-2022-08-14/ (Caused by NewConnectionError('<urllib3.connection.HTTPSConnection object at 0x108c2a250>: Failed to establish a new connection: [Errno 8] nodename nor servname provided, or not known')) on URL https://www.reuters.com/world/asia-pacific/us-adversaries-could-exploit-former-afghan-commandos-us-republican-report-2022-08-14/
=== エラー内容 ===
type:<class 'newspaper.article.ArticleException'>
args:("Article `download()` failed with HTTPSConnectionPool(host='www.reuters.com', port=443): Max retries exceeded with url: /markets/europe/germanys-finance-minister-says-he-opposes-taxing-excessive-profits-2022-08-14/ (Caused by NewConnectionError('<urllib3.connection.HTTPSConnection object at 0x108c2c1c0>: Failed to establish a new connection: [Errno 8] nodename nor servname provided, or not known')) on URL https://www.reuters.com/markets/europe/germanys-finance-minister-says-he-opposes-taxing-excessive-profits-2022-08-14/",)
e自身:Article `download()` failed with HTTPSConnectionPool(host='www.reuters.com', port=443): Max retries exceeded with url: /markets/europe/germanys-finance-minister-says-he-opposes-taxing-excessive-profits-2022-08-14/ (Caused by NewConnectionError('<urllib3.connection.HTTPSConnection object at 0x108c2c1c0>: Failed to establish a new connection: [Errno 8] nodename nor servname provided, or not known')) on URL https://www.reuters.com/markets/europe/germanys-finance-minister-says-he-opposes-taxing-excessive-profits-2022-08-14/
=== エラー内容 ===
type:<class 'urllib.error.URLError'>
args:(gaierror(8, 'nodename nor servname provided, or not known'),)
e自身:<urlopen error [Errno 8] nodename nor servname provided, or not known>
url:https://news.google.com/rss/search?q=+after:2022-8-13+inurl:reuters.com&hl=en-US&gl=US&ceid=US:en
=== エラー内容 ===
type:<class 'urllib.error.URLError'>
args:(gaierror(8, 'nodename nor servname provided, or not known'),)
e自身:<urlopen error [Errno 8] nodename nor servname provided, or not known>
url:https://news.google.com/rss/search?q=+after:2022-8-13+inurl:cnbc.com&hl=en-US&gl=US&ceid=US:en
=== エラー内容 ===
type:<class 'urllib.error.URLError'>
args:(gaierror(8, 'nodename nor servname provided, or not known'),)
e自身:<urlopen error [Errno 8] nodename nor servname provided, or not known>
url:https://news.google.com/rss/search?q=+after:2022-8-13+inurl:thestreet.com&hl=en-US&gl=US&ceid=US:en
=== エラー内容 ===
type:<class 'urllib.error.URLError'>
args:(gaierror(8, 'nodename nor servname provided, or not known'),)
e自身:<urlopen error [Errno 8] nodename nor servname provided, or not known>
url:https://news.google.com/rss/search?q=+after:2022-8-13+inurl:foxbusiness.com&hl=en-US&gl=US&ceid=US:en
=== エラー内容 ===
type:<class 'urllib.error.URLError'>
args:(gaierror(8, 'nodename nor servname provided, or not known'),)
e自身:<urlopen error [Errno 8] nodename nor servname provided, or not known>
url:https://news.google.com/rss/search?q=+after:2022-8-13+inurl:washingtonpost.com&hl=en-US&gl=US&ceid=US:en
=== エラー内容 ===
type:<class 'urllib.error.URLError'>
args:(gaierror(8, 'nodename nor servname provided, or not known'),)
e自身:<urlopen error [Errno 8] nodename nor servname provided, or not known>
url:https://news.google.com/rss/search?q=+after:2022-8-13+inurl:businessinsider.com&hl=en-US&gl=US&ceid=US:en
=== エラー内容 ===
type:<class 'urllib.error.URLError'>
args:(gaierror(8, 'nodename nor servname provided, or not known'),)
e自身:<urlopen error [Errno 8] nodename nor servname provided, or not known>
url:https://news.google.com/rss/search?q=+after:2022-8-13+inurl:cnn.com&hl=en-US&gl=US&ceid=US:en
=== エラー内容 ===
type:<class 'urllib.error.URLError'>
args:(gaierror(8, 'nodename nor servname provided, or not known'),)
e自身:<urlopen error [Errno 8] nodename nor servname provided, or not known>
url:https://news.google.com/rss/search?q=+after:2022-8-13+inurl:huffpost.com&hl=en-US&gl=US&ceid=US:en
=== エラー内容 ===
type:<class 'urllib.error.URLError'>
args:(gaierror(8, 'nodename nor servname provided, or not known'),)
e自身:<urlopen error [Errno 8] nodename nor servname provided, or not known>
url:https://news.google.com/rss/search?q=+after:2022-8-13+inurl:bloomberg.com&hl=en-US&gl=US&ceid=US:en
=== エラー内容 ===
type:<class 'urllib.error.URLError'>
args:(gaierror(8, 'nodename nor servname provided, or not known'),)
e自身:<urlopen error [Errno 8] nodename nor servname provided, or not known>
url:https://news.google.com/rss/search?q=+after:2022-8-13+inurl:fool.com&hl=en-US&gl=US&ceid=US:en
=== エラー内容 ===
type:<class 'OSError'>
args:(23, 'Too many open files in system')
e自身:[Errno 23] Too many open files in system: '/Users/takumiinui/.pyenv/versions/3.9.1/lib/python3.9/site-packages/cssselect/xpath.py'
=== エラー内容 ===
type:<class 'newspaper.article.ArticleException'>
args:("Article `download()` failed with HTTPSConnectionPool(host='www.cnbc.com', port=443): Max retries exceeded with url: /2022/08/14/buffer-etfs-are-beating-the-market-in-2022-and-delivering-protection-for-patient-investors.html (Caused by NewConnectionError('<urllib3.connection.HTTPSConnection object at 0x10585aeb0>: Failed to establish a new connection: [Errno 8] nodename nor servname provided, or not known')) on URL https://www.cnbc.com/2022/08/14/buffer-etfs-are-beating-the-market-in-2022-and-delivering-protection-for-patient-investors.html",)
e自身:Article `download()` failed with HTTPSConnectionPool(host='www.cnbc.com', port=443): Max retries exceeded with url: /2022/08/14/buffer-etfs-are-beating-the-market-in-2022-and-delivering-protection-for-patient-investors.html (Caused by NewConnectionError('<urllib3.connection.HTTPSConnection object at 0x10585aeb0>: Failed to establish a new connection: [Errno 8] nodename nor servname provided, or not known')) on URL https://www.cnbc.com/2022/08/14/buffer-etfs-are-beating-the-market-in-2022-and-delivering-protection-for-patient-investors.html
=== エラー内容 ===
type:<class 'newspaper.article.ArticleException'>
args:("Article `download()` failed with HTTPSConnectionPool(host='www.cnbc.com', port=443): Max retries exceeded with url: /2022/08/15/chinas-consumer-and-factory-data-miss-expectations-in-july.html (Caused by NewConnectionError('<urllib3.connection.HTTPSConnection object at 0x105911130>: Failed to establish a new connection: [Errno 8] nodename nor servname provided, or not known')) on URL https://www.cnbc.com/2022/08/15/chinas-consumer-and-factory-data-miss-expectations-in-july.html",)
e自身:Article `download()` failed with HTTPSConnectionPool(host='www.cnbc.com', port=443): Max retries exceeded with url: /2022/08/15/chinas-consumer-and-factory-data-miss-expectations-in-july.html (Caused by NewConnectionError('<urllib3.connection.HTTPSConnection object at 0x105911130>: Failed to establish a new connection: [Errno 8] nodename nor servname provided, or not known')) on URL https://www.cnbc.com/2022/08/15/chinas-consumer-and-factory-data-miss-expectations-in-july.html
=== エラー内容 ===
type:<class 'newspaper.article.ArticleException'>
args:("Article `download()` failed with HTTPSConnectionPool(host='www.cnbc.com', port=443): Max retries exceeded with url: /2022/08/14/3-tips-for-mastering-life-as-a-digital-nomad-from-an-expat-of-14-years.html (Caused by NewConnectionError('<urllib3.connection.HTTPSConnection object at 0x105911dc0>: Failed to establish a new connection: [Errno 8] nodename nor servname provided, or not known')) on URL https://www.cnbc.com/2022/08/14/3-tips-for-mastering-life-as-a-digital-nomad-from-an-expat-of-14-years.html",)
e自身:Article `download()` failed with HTTPSConnectionPool(host='www.cnbc.com', port=443): Max retries exceeded with url: /2022/08/14/3-tips-for-mastering-life-as-a-digital-nomad-from-an-expat-of-14-years.html (Caused by NewConnectionError('<urllib3.connection.HTTPSConnection object at 0x105911dc0>: Failed to establish a new connection: [Errno 8] nodename nor servname provided, or not known')) on URL https://www.cnbc.com/2022/08/14/3-tips-for-mastering-life-as-a-digital-nomad-from-an-expat-of-14-years.html
=== エラー内容 ===
type:<class 'newspaper.article.ArticleException'>
args:("Article `download()` failed with HTTPSConnectionPool(host='www.cnbc.com', port=443): Max retries exceeded with url: /2022/08/14/cramer-the-big-market-rally-out-of-nowhere-since-mid-june-is-why-i-tell-people-to-stay-invested.html (Caused by NewConnectionError('<urllib3.connection.HTTPSConnection object at 0x105911130>: Failed to establish a new connection: [Errno 8] nodename nor servname provided, or not known')) on URL https://www.cnbc.com/2022/08/14/cramer-the-big-market-rally-out-of-nowhere-since-mid-june-is-why-i-tell-people-to-stay-invested.html",)
e自身:Article `download()` failed with HTTPSConnectionPool(host='www.cnbc.com', port=443): Max retries exceeded with url: /2022/08/14/cramer-the-big-market-rally-out-of-nowhere-since-mid-june-is-why-i-tell-people-to-stay-invested.html (Caused by NewConnectionError('<urllib3.connection.HTTPSConnection object at 0x105911130>: Failed to establish a new connection: [Errno 8] nodename nor servname provided, or not known')) on URL https://www.cnbc.com/2022/08/14/cramer-the-big-market-rally-out-of-nowhere-since-mid-june-is-why-i-tell-people-to-stay-invested.html
=== エラー内容 ===
type:<class 'newspaper.article.ArticleException'>
args:("Article `download()` failed with HTTPSConnectionPool(host='www.cnbc.com', port=443): Max retries exceeded with url: /2022/08/15/what-top-tech-investor-paul-meeks-is-buying-as-tech-rallies-.html (Caused by NewConnectionError('<urllib3.connection.HTTPSConnection object at 0x105911dc0>: Failed to establish a new connection: [Errno 8] nodename nor servname provided, or not known')) on URL https://www.cnbc.com/2022/08/15/what-top-tech-investor-paul-meeks-is-buying-as-tech-rallies-.html",)
e自身:Article `download()` failed with HTTPSConnectionPool(host='www.cnbc.com', port=443): Max retries exceeded with url: /2022/08/15/what-top-tech-investor-paul-meeks-is-buying-as-tech-rallies-.html (Caused by NewConnectionError('<urllib3.connection.HTTPSConnection object at 0x105911dc0>: Failed to establish a new connection: [Errno 8] nodename nor servname provided, or not known')) on URL https://www.cnbc.com/2022/08/15/what-top-tech-investor-paul-meeks-is-buying-as-tech-rallies-.html
=== エラー内容 ===
type:<class 'urllib.error.URLError'>
args:(gaierror(8, 'nodename nor servname provided, or not known'),)
e自身:<urlopen error [Errno 8] nodename nor servname provided, or not known>
url:https://news.google.com/rss/search?q=+after:2022-8-13+inurl:washingtonpost.com&hl=en-US&gl=US&ceid=US:en
=== エラー内容 ===
type:<class 'newspaper.article.ArticleException'>
args:("Article `download()` failed with HTTPSConnectionPool(host='www.businessinsider.com', port=443): Max retries exceeded with url: /trump-could-face-10-years-prison-if-convicted-espionage-act-2022-8 (Caused by NewConnectionError('<urllib3.connection.HTTPSConnection object at 0x1094003d0>: Failed to establish a new connection: [Errno 8] nodename nor servname provided, or not known')) on URL https://www.businessinsider.com/trump-could-face-10-years-prison-if-convicted-espionage-act-2022-8",)
e自身:Article `download()` failed with HTTPSConnectionPool(host='www.businessinsider.com', port=443): Max retries exceeded with url: /trump-could-face-10-years-prison-if-convicted-espionage-act-2022-8 (Caused by NewConnectionError('<urllib3.connection.HTTPSConnection object at 0x1094003d0>: Failed to establish a new connection: [Errno 8] nodename nor servname provided, or not known')) on URL https://www.businessinsider.com/trump-could-face-10-years-prison-if-convicted-espionage-act-2022-8
=== エラー内容 ===
type:<class 'newspaper.article.ArticleException'>
args:("Article `download()` failed with HTTPSConnectionPool(host='www.businessinsider.com', port=443): Max retries exceeded with url: /mar-a-lagoo-raid-rand-paul-repeal-espionage-act-trump-2022-8 (Caused by NewConnectionError('<urllib3.connection.HTTPSConnection object at 0x109400580>: Failed to establish a new connection: [Errno 8] nodename nor servname provided, or not known')) on URL https://www.businessinsider.com/mar-a-lagoo-raid-rand-paul-repeal-espionage-act-trump-2022-8",)
e自身:Article `download()` failed with HTTPSConnectionPool(host='www.businessinsider.com', port=443): Max retries exceeded with url: /mar-a-lagoo-raid-rand-paul-repeal-espionage-act-trump-2022-8 (Caused by NewConnectionError('<urllib3.connection.HTTPSConnection object at 0x109400580>: Failed to establish a new connection: [Errno 8] nodename nor servname provided, or not known')) on URL https://www.businessinsider.com/mar-a-lagoo-raid-rand-paul-repeal-espionage-act-trump-2022-8
=== エラー内容 ===
type:<class 'urllib.error.URLError'>
args:(gaierror(8, 'nodename nor servname provided, or not known'),)
e自身:<urlopen error [Errno 8] nodename nor servname provided, or not known>
url:https://news.google.com/rss/search?q=+after:2022-8-13+inurl:cnn.com&hl=en-US&gl=US&ceid=US:en
=== エラー内容 ===
type:<class 'urllib.error.URLError'>
args:(gaierror(8, 'nodename nor servname provided, or not known'),)
e自身:<urlopen error [Errno 8] nodename nor servname provided, or not known>
url:https://news.google.com/rss/search?q=+after:2022-8-13+inurl:huffpost.com&hl=en-US&gl=US&ceid=US:en
=== エラー内容 ===
type:<class 'urllib.error.URLError'>
args:(gaierror(8, 'nodename nor servname provided, or not known'),)
e自身:<urlopen error [Errno 8] nodename nor servname provided, or not known>
url:https://news.google.com/rss/search?q=+after:2022-8-13+inurl:bloomberg.com&hl=en-US&gl=US&ceid=US:en
=== エラー内容 ===
type:<class 'urllib.error.URLError'>
args:(gaierror(8, 'nodename nor servname provided, or not known'),)
e自身:<urlopen error [Errno 8] nodename nor servname provided, or not known>
url:https://news.google.com/rss/search?q=+after:2022-8-13+inurl:fool.com&hl=en-US&gl=US&ceid=US:en
=== エラー内容 ===
type:<class 'newspaper.article.ArticleException'>
args:("Article `download()` failed with HTTPSConnectionPool(host='www.washingtonpost.com', port=443): Max retries exceeded with url: /dc-md-va/2022/08/14/bruno-french-bulldog-found-dead/ (Caused by NewConnectionError('<urllib3.connection.HTTPSConnection object at 0x1138ae070>: Failed to establish a new connection: [Errno 8] nodename nor servname provided, or not known')) on URL https://www.washingtonpost.com/dc-md-va/2022/08/14/bruno-french-bulldog-found-dead/",)
e自身:Article `download()` failed with HTTPSConnectionPool(host='www.washingtonpost.com', port=443): Max retries exceeded with url: /dc-md-va/2022/08/14/bruno-french-bulldog-found-dead/ (Caused by NewConnectionError('<urllib3.connection.HTTPSConnection object at 0x1138ae070>: Failed to establish a new connection: [Errno 8] nodename nor servname provided, or not known')) on URL https://www.washingtonpost.com/dc-md-va/2022/08/14/bruno-french-bulldog-found-dead/
=== エラー内容 ===
type:<class 'urllib.error.URLError'>
args:(gaierror(8, 'nodename nor servname provided, or not known'),)
e自身:<urlopen error [Errno 8] nodename nor servname provided, or not known>
url:https://news.google.com/rss/search?q=+after:2022-8-13+inurl:businessinsider.com&hl=en-US&gl=US&ceid=US:en
=== エラー内容 ===
type:<class 'newspaper.article.ArticleException'>
args:("Article `download()` failed with HTTPSConnectionPool(host='www.cnn.com', port=443): Max retries exceeded with url: /2022/08/15/us/brittney-griner-appeal/index.html (Caused by NewConnectionError('<urllib3.connection.HTTPSConnection object at 0x113a16310>: Failed to establish a new connection: [Errno 8] nodename nor servname provided, or not known')) on URL https://www.cnn.com/2022/08/15/us/brittney-griner-appeal/index.html",)
e自身:Article `download()` failed with HTTPSConnectionPool(host='www.cnn.com', port=443): Max retries exceeded with url: /2022/08/15/us/brittney-griner-appeal/index.html (Caused by NewConnectionError('<urllib3.connection.HTTPSConnection object at 0x113a16310>: Failed to establish a new connection: [Errno 8] nodename nor servname provided, or not known')) on URL https://www.cnn.com/2022/08/15/us/brittney-griner-appeal/index.html
=== エラー内容 ===
type:<class 'newspaper.article.ArticleException'>
args:("Article `download()` failed with HTTPSConnectionPool(host='www.cnn.com', port=443): Max retries exceeded with url: /2022/08/15/china/china-covid-shanghai-ikea-lockdown-intl-hnk/index.html (Caused by NewConnectionError('<urllib3.connection.HTTPSConnection object at 0x113a1c460>: Failed to establish a new connection: [Errno 8] nodename nor servname provided, or not known')) on URL https://www.cnn.com/2022/08/15/china/china-covid-shanghai-ikea-lockdown-intl-hnk/index.html",)
e自身:Article `download()` failed with HTTPSConnectionPool(host='www.cnn.com', port=443): Max retries exceeded with url: /2022/08/15/china/china-covid-shanghai-ikea-lockdown-intl-hnk/index.html (Caused by NewConnectionError('<urllib3.connection.HTTPSConnection object at 0x113a1c460>: Failed to establish a new connection: [Errno 8] nodename nor servname provided, or not known')) on URL https://www.cnn.com/2022/08/15/china/china-covid-shanghai-ikea-lockdown-intl-hnk/index.html
=== エラー内容 ===
type:<class 'urllib.error.URLError'>
args:(gaierror(8, 'nodename nor servname provided, or not known'),)
e自身:<urlopen error [Errno 8] nodename nor servname provided, or not known>
url:https://news.google.com/rss/search?q=+after:2022-8-13+inurl:huffpost.com&hl=en-US&gl=US&ceid=US:en
=== エラー内容 ===
type:<class 'urllib.error.URLError'>
args:(gaierror(8, 'nodename nor servname provided, or not known'),)
e自身:<urlopen error [Errno 8] nodename nor servname provided, or not known>
url:https://news.google.com/rss/search?q=+after:2022-8-13+inurl:bloomberg.com&hl=en-US&gl=US&ceid=US:en
=== エラー内容 ===
type:<class 'urllib.error.URLError'>
args:(gaierror(8, 'nodename nor servname provided, or not known'),)
e自身:<urlopen error [Errno 8] nodename nor servname provided, or not known>
url:https://news.google.com/rss/search?q=+after:2022-8-13+inurl:fool.com&hl=en-US&gl=US&ceid=US:en
=== エラー内容 ===
type:<class 'newspaper.article.ArticleException'>
args:("Article `download()` failed with HTTPSConnectionPool(host='www.reuters.com', port=443): Max retries exceeded with url: /markets/us/us-switzerland-working-facilitating-pharma-trade-us-ambassador-2022-08-13/ (Caused by NewConnectionError('<urllib3.connection.HTTPSConnection object at 0x108dae340>: Failed to establish a new connection: [Errno 8] nodename nor servname provided, or not known')) on URL https://www.reuters.com/markets/us/us-switzerland-working-facilitating-pharma-trade-us-ambassador-2022-08-13/",)
e自身:Article `download()` failed with HTTPSConnectionPool(host='www.reuters.com', port=443): Max retries exceeded with url: /markets/us/us-switzerland-working-facilitating-pharma-trade-us-ambassador-2022-08-13/ (Caused by NewConnectionError('<urllib3.connection.HTTPSConnection object at 0x108dae340>: Failed to establish a new connection: [Errno 8] nodename nor servname provided, or not known')) on URL https://www.reuters.com/markets/us/us-switzerland-working-facilitating-pharma-trade-us-ambassador-2022-08-13/
=== エラー内容 ===
type:<class 'IndexError'>
args:('list index out of range',)
e自身:list index out of range
タイトル:Oil Prices Slide Below $88 A Barrel As China Demand Fades, U.S. Output Rises
George Soros Deals a Big Blow to Tesla Rival Rivian
Microsoft Makes an Embarrassing Admission
Is This Synthetic Biology Pioneer On The Right Track?
Microsoft, Salesforce Make Wells Fargo Software Stock List
Crypto Evangelist Mark Cuban Is in Trouble
Will Microsoft Stock Keep Rallying? It'll Have to Clear This Key Level.
Hot Markets, China's Economy, Busy Week Ahead, Retail Earnings, Trading Lockheed - RealMoney
Disney Cruise Lines Makes a Major Family-Friendly Change
Walt Disney Has a $30 Billion Growth Plan

日本語タイトル:['']
=== エラー内容 ===
type:<class 'IndexError'>
args:('list index out of range',)
e自身:list index out of range
タイトル:Wall Street climbs, adding to recent gains as megacaps rise.com
China pares back holdings of U.S. Treasuries for 7th month.com
Venezuela's gold reserves drop six tonnes in the first half of 2022.com
S&P 500 closes higher on Monday, building on its four-week win streak
Morgan Stanley guesses which stocks could be taken over next after Amazon's iRobot buy
Sell beaten-down Vroom as there's no quick fix for online car retailer in a slowdown, JPMorgan says
Oil Prices Slide Below $88 A Barrel As China Demand Fades, U.S. Output Rises
George Soros Deals a Big Blow to Tesla Rival Rivian
Microsoft Makes an Embarrassing Admission
STOCK MARKET NEWS: Dow gains on Disney jump after activist move, housing headwinds mount
Homebuilders see 'housing recession' as sentiment plunges to fresh 2-year low
Continued inversion of yield curve an indication bond market 'sees troubled times': Wells Fargo exec
Amazon workers walk off job at major West Coast air hub
Trump-allied lawyers pursued voting machine data in multiple states, records reveal
Analysis  Trump's new argument on the Mar-a-Lago files is weak and insufficient
Biden took 'enormous step' toward helping student-loan borrowers, Dems say
Trump warns 'terrible things' will happen if country's temperature not cooled
Bolton says Trump's defense against raid is 'almost certainly a lie'
The 'Impeachment 10:' Who's in, who's out and whose fate is yet to be decided
Did you change jobs during the pandemic and then regret it?
William Ruto declared winner of Kenyan presidential vote amid chaos at election center
On ‘Never Have I Ever’ Season 3, Our Favorite Messy Brown Girl Wins
Twitter Users Call Trump An 'Arsonist' After He Offers To 'Change Temperature'
The Most Popular Shows On Netflix Right Now Besides 'Never Have I Ever'
Stock Market Today: Dow, S&P Live Updates for Aug. 15, 2022
JPMorgan, BofA Are Among Banks Moving Back Into Russian Bond Trading
Higher Interest Rate? Goldman's Marcus Hikes Savings Account to 1.7%
1 Hot Growth Stock to Buy, and 1 to Avoid (For Now) - The Motley Fool
Compass, Inc. (COMP) Q2 2022 Earnings Call Transcript - The Motley Fool
Why Tesla Stock Was Up Again Monday - The Motley Fool

日本語タイトル:['']
=== エラー内容 ===
type:<class 'IndexError'>
args:('list index out of range',)
e自身:list index out of range
タイトル:Wall Street climbs, adding to recent gains as megacaps rise.com
China pares back holdings of U.S. Treasuries for 7th month.com
Venezuela's gold reserves drop six tonnes in the first half of 2022.com
Morning Bid: Chill from the East.com
Greenback gains, Aussie tumbles after weak Chinese data.com
Donetsk court charges Britons, Swede and Croat as mercenaries, 3 face death penalty.com
Russia's Polyus plans bond issue denominated in yuan - Interfax.com
Oil settles lower on weak economic Chinese economic data.com
Egypt's central bank seen hiking rates to dampen price rises.com
Tiger Global slashes portfolio amid losses.com
EXCLUSIVE Kimmeridge builds stake in California Resources, in talks for changes.com
Giuliani a target of Georgia's criminal probe into 2020 U.S. election.com
Iran responds to EU nuclear text, seeks U.S. flexibility.com
Nigeria's annual inflation rises to highest level since 2005.com
Unity rejects AppLovin's takeover bid, to stick with ironSource buyout

日本語タイトル:['']
=== エラー内容 ===
type:<class 'IndexError'>
args:('list index out of range',)
e自身:list index out of range
タイトル:Morgan Stanley guesses which stocks could be taken over next after Amazon's iRobot buy
Sell beaten-down Vroom as there's no quick fix for online car retailer in a slowdown, JPMorgan says
Asking if this is a new bull market or bear market bounce might be the wrong question
What top tech investor Paul Meeks is buying as tech rallies
Stocks making the biggest moves midday: Disney, Poshmark, Vroom and more
Annuities that protect from stock market losses are surging this year
Michael Burry of 'The Big Short' dumps all of his previous stock holdings and adds just one name
Dodge will discontinue its Challenger and Charger muscle cars next year
Dow closes up 400 points, S&P 500 rises for fourth straight week as investors warm to cooler inflation
4 takeaways from the Investing Club's 'Morning Meeting' on Monday
Personalized coffees and prestige skincare: Consumers snap up premium products despite cost-of-living crisis
Apple tells employees to work at the office three times per week starting in September
S&P 500 closes flat, Nasdaq dips as comeback rally takes a breather
European stocks close mixed as investors assess inflation, earnings; Aegon up 9%
Walmart strikes exclusive streaming deal to give Paramount+ to Walmart+ subscribers

日本語タイトル:['']
=== エラー内容 ===
type:<class 'IndexError'>
args:('list index out of range',)
e自身:list index out of range
タイトル:Oil Prices Slide Below $88 A Barrel As China Demand Fades, U.S. Output Rises
George Soros Deals a Big Blow to Tesla Rival Rivian
Microsoft Makes an Embarrassing Admission
Over 1.7 Million Fords and Lincolns Are at Risk of Being Recalled
Legendary Financier George Soros Bets Big on Amazon and Alphabet
Is This Synthetic Biology Pioneer On The Right Track?
Microsoft, Salesforce Make Wells Fargo Software Stock List
Crypto Evangelist Mark Cuban Is in Trouble
Will Microsoft Stock Keep Rallying? It'll Have to Clear This Key Level.
You'll Almost Have to Buy an Electric Vehicle if Climate Bill Passes
Disney Cruise Lines Makes a Major Family-Friendly Change
Stock Market Today - 815: Stocks End Higher; Retail Earnings In Focus
Walt Disney Has a $30 Billion Growth Plan
Investing Strategy: Single Stock & Bond ETFs: What Are They & Should You Consider Buying Them
BBBY Stock: Why It's Getting Harder to Short

日本語タイトル:['']
=== エラー内容 ===
type:<class 'IndexError'>
args:('list index out of range',)
e自身:list index out of range
タイトル:STOCK MARKET NEWS: Dow gains on Disney jump after activist move, housing headwinds mount
Homebuilders see 'housing recession' as sentiment plunges to fresh 2-year low
Continued inversion of yield curve an indication bond market 'sees troubled times': Wells Fargo exec
Nexstar Media purchases 75% of CW Network from Warner Bros Discovery and Paramount
Pfizer CEO Albert Bourla says he tested positive for COVID-19, has mild symptoms
Bank of America chief economist sees high chance of mild recession this year
Elon Musk pitches 'like-minded Chinese partners' on technological vision for the future
Over 2M baby swings, rockers recalled over strangulation hazards; 1 death reported
China growth slows across all fronts in July, prompting unexpected rate cut
Starbucks asks labor board to suspend all mail ballot elections after misconduct allegations raised
American workforce shrinks, Tesla milestone and more: Monday's 5 things to know
Former IRS whistleblower says government will target middle class under Dems' inflation bill: It's 'bulls--t'
Meditation app Calm lays off 20% of workforce
Health care workers fired over vaccine mandate awarded $10 million in settlement
Johnson & Johnson to end sale of talc-based baby powder globally in 2023

日本語タイトル:['']
=== エラー内容 ===
type:<class 'IndexError'>
args:('list index out of range',)
e自身:list index out of range
タイトル:Amazon workers walk off job at major West Coast air hub
Analysis  Trump's new argument on the Mar-a-Lago files is weak and insufficient
Trump-allied lawyers pursued voting machine data in multiple states, records reveal
Post-Roe, Americans seek tubal sterilizations — but barriers persist
Heat wave map: See where Americans face the most extreme heat risk
Justice Department opposes release of Mar-a-Lago affidavit
China's surprise rate cut, economic slowdown send oil prices plunging
Analysis  Peloton's New Strategy Is Spinning All Over the Place
Some spiders may enter REM sleep — and maybe even dream, study says
A man chugged ‘cloudy’ liquid during child rape conviction, then died
Liz Cheney's political life is likely ending — and just beginning
An altered photo in Architectural Digest hid Asian relics
Giuliani is target in Ga. criminal probe of 2020 election, lawyer says
Analysis  Fed Needs to Resist Opting Again for Quick and Easy
Analysis  The curious timing of Trump naming two allies to access his records

日本語タイトル:['']
=== エラー内容 ===
type:<class 'IndexError'>
args:('list index out of range',)
e自身:list index out of range
タイトル:Biden took 'enormous step' toward helping student-loan borrowers, Dems say
Trump warns 'terrible things' will happen if country's temperature not cooled
Graham says he'll take 2020 fight to 11th Circuit after losing Monday
Mar-a-Lago raid: Trump tries to make document request via Truth Social
How Wall Street bulls are reacting to fresh inflation data
What to know about buying a used electric car, according to experts
Ukraine: Guerilla units in Kherson assassinate, bomb Russian occupiers
Bayraktar drone maker has three-year waitlist as demand soars
JetBlue cutting 37 routes from fall and winter schedules
Dollar Vs Yuan: JPMorgan CEO urges US to stand up to China - Markets Insider
Mar-a-Lago FBI raid: Rand Paul calls for repeal of Espionage Act
Reporter says Marco Rubio won't answer questions but goes on Fox
Ex-Pence aide once 'found classified documents in the ladies' room'
Gold falls as dollar rallies on weak China data and surprise rate cut - Markets Insider
Musk discusses hope for 'multi-planetery' humans in Chinese magazine

日本語タイトル:['']
=== エラー内容 ===
type:<class 'IndexError'>
args:('list index out of range',)
e自身:list index out of range
タイトル:The 'Impeachment 10:' Who's in, who's out and whose fate is yet to be decided
Did you change jobs during the pandemic and then regret it?
William Ruto declared winner of Kenyan presidential vote amid chaos at election center
Federal judge rules that Graham must testify in Georgia 2020 investigation
This high risk investment craze isn't going away
White House launching messaging push to tout policy wins ahead of midterm elections
You can buy a Dodge Challenger convertible as the model ends its run
$3 gas could be around the corner
UK becomes first nation to approve Covid-19 vaccine targeting both Omicron and original strain
How to get to sleep the night before an early call or big event
WeWork's former CEO has a new startup, reportedly valued at more than $1 billion
Brittney Griner's defense team appeals verdict sentencing her to 9 years on drug smuggling
Suspect accused of shooting a coach during a Dallas-area youth football game turns himself in
Activist investor wants Disney to buy back Hulu stake and spin off ESPN
Key lines from the search warrant and receipt for Trump's Florida home

日本語タイトル:['']
=== エラー内容 ===
type:<class 'IndexError'>
args:('list index out of range',)
e自身:list index out of range
タイトル:On ‘Never Have I Ever’ Season 3, Our Favorite Messy Brown Girl Wins
Twitter Users Call Trump An 'Arsonist' After He Offers To 'Change Temperature'
The Most Popular Shows On Netflix Right Now Besides 'Never Have I Ever'
Adele Reveals The 'Worst Moment' Of Her Career Happened This Year
My Fallopian Tube Burst Due To An Ectopic Pregnancy. An ER Doctor Sent Me Home.
John Oliver Exposes Tragic Consequences Of America's Most 'Mind-Blowing F**k-Up'
The Most Popular Movies On Netflix Right Now Besides 'Day Shift'
This Kid's Reaction To Dropping His Hot Dog Is The Play Of The Day
35 TikTok Products You’ll Use All Year, But Especially When It’s Hot Out
Video Of Trump Discussing Laws About Classified Info Aged Really Well
Mary Trump Speculates Jared Kushner Could Be Mar-a-Lago Snitch
Reviewers Are Obsessed With Target's Chic Storage Baskets
With Just 3 Words, A Boy At School Changed Everything I Thought I Knew About Myself
Parents Arrested After Attempting To Grab Their Children During School Lockdown
Meghan Markle, Prince Harry Are Headed Back To The U.K. Next Month

日本語タイトル:['']
=== エラー内容 ===
type:<class 'IndexError'>
args:('list index out of range',)
e自身:list index out of range
タイトル:Stock Market Today: Dow, S&P Live Updates for Aug. 15, 2022
JPMorgan, BofA Are Among Banks Moving Back Into Russian Bond Trading
Higher Interest Rate? Goldman's Marcus Hikes Savings Account to 1.7%
Economists Say a Euro-Zone Recession Is Now More Likely Than Not
Asia Crypto Exchange Zipmex CEO Marcus Lim Under Pressure to Resign
Apple (AAPL) Set to Expand Advertising, Bringing Ads to Maps, TV and Books Apps
China Stocks Delisting in Focus as Sinopec and PetroChina to Exit NYSE
Tech Takes Wind Out of Stocks as Bond Yields Climb: Markets Wrap
Thailand Economy Grows Slower Expected Despite Tourist Boom as Inflation Surges
Australia Is 'Done' With Outsized Rate Hikes, Eslake Says
US Homebuilder Confidence Hits Worst Slump Since 2007 Collapse
Indian Billionaire-Investor Rakesh Jhunjhunwala Dies at 62
Morgan Stanley's Shalett Warns of 'Head Fake' in Inflation Data
T-Mobile Surprises as Tech Winner in Tough Stock Market
Solar Panels Piling Up at US Border on Xinjiang Forced Labor Law

日本語タイトル:['']
=== エラー内容 ===
type:<class 'IndexError'>
args:('list index out of range',)
e自身:list index out of range
タイトル:1 Hot Growth Stock to Buy, and 1 to Avoid (For Now) - The Motley Fool
Compass, Inc. (COMP) Q2 2022 Earnings Call Transcript - The Motley Fool
Why Tesla Stock Was Up Again Monday - The Motley Fool
Cosan S.A. (CSAN) Q2 2022 Earnings Call Transcript - The Motley Fool
This Growth Stock Is Entering a New Chapter, and It's a Buy Right Now - The Motley Fool
Why Weber Stock Popped Today - The Motley Fool
Agrify Corporation (AGFY) Q2 2022 Earnings Call Transcript - The Motley Fool
Why DouYu Stock Was Up Earlier Today - The Motley Fool
3 Cathie Wood Stocks for the Future - The Motley Fool
Got $100? Buy the Dip on This Beaten-Down Growth Stock - The Motley Fool
Higher Tax Bills Are Coming for Social Security Retirees. Here's Why - The Motley Fool
Your Investments vs. a Bear Market: How to Come Out on Top - The Motley Fool
Why Celsius Network, Ethereum, and Solana Are Trading Wildly on Monday - The Motley Fool
3 High-Growth Stocks That Could Be Worth $1 Trillion in 10 Years -- Or Sooner - The Motley Fool
TherapeuticsMD, Inc. (TXMD) Q2 2022 Earnings Call Transcript - The Motley Fool

日本語タイトル:['']
=== エラー内容 ===
type:<class 'IndexError'>
args:('list index out of range',)
e自身:list index out of range
タイトル:George Soros Deals a Big Blow to Tesla Rival Rivian
Microsoft Makes an Embarrassing Admission
Is This Synthetic Biology Pioneer On The Right Track?
Microsoft, Salesforce Make Wells Fargo Software Stock List
Will Microsoft Stock Keep Rallying? It'll Have to Clear This Key Level.
Stock Market Today - 815: Stocks End Higher; Retail Earnings In Focus
Walt Disney Has a $30 Billion Growth Plan
Disney Cruise Lines Makes a Major Family-Friendly Change
Investing Strategy: Single Stock & Bond ETFs: What Are They & Should You Consider Buying Them
Disney Stock: Surprising Results and a Buy Opportunity

日本語タイトル:['']
=== エラー内容 ===
type:<class 'IndexError'>
args:('list index out of range',)
e自身:list index out of range
タイトル:Wall Street climbs, adding to recent gains as megacaps rise.com
Venezuela's gold reserves drop six tonnes in the first half of 2022.com
Morning Bid: Chill from the East.com
S&P 500 closes higher on Monday, building on its four-week win streak
Morgan Stanley guesses which stocks could be taken over next after Amazon's iRobot buy
Sell beaten-down Vroom as there's no quick fix for online car retailer in a slowdown, JPMorgan says
George Soros Deals a Big Blow to Tesla Rival Rivian
Oil Prices Slide Below $88 A Barrel As China Demand Fades, U.S. Output Rises
Microsoft Makes an Embarrassing Admission
STOCK MARKET NEWS: Dow gains on Disney jump after activist move, housing headwinds mount
Continued inversion of yield curve an indication bond market 'sees troubled times': Wells Fargo exec
Homebuilders see 'housing recession' as sentiment plunges to fresh 2-year low
Amazon workers walk off job at major West Coast air hub
Trump-allied lawyers pursued voting machine data in multiple states, records reveal
Justice Department opposes release of Mar-a-Lago affidavit
Biden took 'enormous step' toward helping student-loan borrowers, Dems say
Trump warns 'terrible things' will happen if country's temperature not cooled
Bolton says Trump's defense against raid is 'almost certainly a lie'
DOJ opposes making public details in Mar-a-Lago search warrant's probable cause affidavit
The 'Impeachment 10:' Who's in, who's out and whose fate is yet to be decided
Did you change jobs during the pandemic and then regret it?
On ‘Never Have I Ever’ Season 3, Our Favorite Messy Brown Girl Wins
Twitter Users Call Trump An 'Arsonist' After He Offers To 'Change Temperature'
The Most Popular Shows On Netflix Right Now Besides 'Never Have I Ever'
Stock Market Today: Dow, S&P Live Updates for Aug. 15, 2022
JPMorgan, BofA Are Among Banks Moving Back Into Russian Bond Trading
Economists Say a Euro-Zone Recession Is Now More Likely Than Not
1 Hot Growth Stock to Buy, and 1 to Avoid (For Now) - The Motley Fool
Compass, Inc. (COMP) Q2 2022 Earnings Call Transcript - The Motley Fool
Why Tesla Stock Was Up Again Monday - The Motley Fool

日本語タイトル:['']
=== エラー内容 ===
type:<class 'IndexError'>
args:('list index out of range',)
e自身:list index out of range
タイトル:Wall Street climbs, adding to recent gains as megacaps rise.com
Venezuela's gold reserves drop six tonnes in the first half of 2022.com
Morning Bid: Chill from the East.com
Greenback gains, Aussie tumbles after weak Chinese data.com
Donetsk court charges Britons, Swede and Croat as mercenaries, 3 face death penalty.com
Yum China applies to add primary listing in Hong Kong.com
Oil settles lower on weak economic Chinese economic data.com
Most Gulf markets fall; Saudi index gains.com
Russia's Polyus plans bond issue denominated in yuan - Interfax.com
China pares back holdings of U.S. Treasuries for 7th month
Egypt's central bank seen hiking rates to dampen price rises.com
Tiger Global slashes portfolio amid losses.com
EXCLUSIVE Kimmeridge builds stake in California Resources, in talks for changes.com
Giuliani a target of Georgia's criminal probe into 2020 U.S. election.com
Chinese developers in 'survival mode' slash property investment.com

日本語タイトル:['']
=== エラー内容 ===
type:<class 'IndexError'>
args:('list index out of range',)
e自身:list index out of range
タイトル:Morgan Stanley guesses which stocks could be taken over next after Amazon's iRobot buy
Sell beaten-down Vroom as there's no quick fix for online car retailer in a slowdown, JPMorgan says
Asking if this is a new bull market or bear market bounce might be the wrong question
What top tech investor Paul Meeks is buying as tech rallies
Stocks making the biggest moves midday: Disney, Poshmark, Vroom and more
Annuities that protect from stock market losses are surging this year
Dodge will discontinue its Challenger and Charger muscle cars next year
Michael Burry of 'The Big Short' dumps all of his previous stock holdings and adds just one name
Dow closes up 400 points, S&P 500 rises for fourth straight week as investors warm to cooler inflation
Apple tells employees to work at the office three times per week starting in September
Personalized coffees and prestige skincare: Consumers snap up premium products despite cost-of-living crisis
Jim Cramer says to stay away from this post-SPAC stock
S&P 500 closes flat, Nasdaq dips as comeback rally takes a breather
European stocks close mixed as investors assess inflation, earnings; Aegon up 9%
SoftBank-backed Ola Electric wants to launch a made-in-India EV in 2024

日本語タイトル:['']
=== エラー内容 ===
type:<class 'IndexError'>
args:('list index out of range',)
e自身:list index out of range
タイトル:Oil Prices Slide Below $88 A Barrel As China Demand Fades, U.S. Output Rises
George Soros Deals a Big Blow to Tesla Rival Rivian
Microsoft Makes an Embarrassing Admission
Over 1.7 Million Fords and Lincolns Are at Risk of Being Recalled
Is This Synthetic Biology Pioneer On The Right Track?
Microsoft, Salesforce Make Wells Fargo Software Stock List
Will Microsoft Stock Keep Rallying? It'll Have to Clear This Key Level.
You'll Almost Have to Buy an Electric Vehicle if Climate Bill Passes
Disney Cruise Lines Makes a Major Family-Friendly Change
Stock Market Today - 815: Stocks End Higher; Retail Earnings In Focus
Walt Disney Has a $30 Billion Growth Plan
Investing Strategy: Single Stock & Bond ETFs: What Are They & Should You Consider Buying Them
BBBY Stock: Why It's Getting Harder to Short
Disney Stock: Surprising Results and a Buy Opportunity
Wells Fargo and Peers: Bank on Them and Buy the Dip?

日本語タイトル:['']
=== エラー内容 ===
type:<class 'IndexError'>
args:('list index out of range',)
e自身:list index out of range
タイトル:STOCK MARKET NEWS: Dow gains on Disney jump after activist move, housing headwinds mount
Continued inversion of yield curve an indication bond market 'sees troubled times': Wells Fargo exec
Homebuilders see 'housing recession' as sentiment plunges to fresh 2-year low
Nexstar Media purchases 75% of CW Network from Warner Bros Discovery and Paramount
Pfizer CEO Albert Bourla says he tested positive for COVID-19, has mild symptoms
Bank of America chief economist sees high chance of mild recession this year
Elon Musk pitches 'like-minded Chinese partners' on technological vision for the future
Over 2M baby swings, rockers recalled over strangulation hazards; 1 death reported
China growth slows across all fronts in July, prompting unexpected rate cut
Starbucks asks labor board to suspend all mail ballot elections after misconduct allegations raised
American workforce shrinks, Tesla milestone and more: Monday's 5 things to know
Home Run Inn recalls frozen pizza for possibly containing metal pieces
Former IRS whistleblower says government will target middle class under Dems' inflation bill: It's 'bulls--t'
Meditation app Calm lays off 20% of workforce
Health care workers fired over vaccine mandate awarded $10 million in settlement

日本語タイトル:['']
=== エラー内容 ===
type:<class 'IndexError'>
args:('list index out of range',)
e自身:list index out of range
タイトル:Amazon workers walk off job at major West Coast air hub
Trump-allied lawyers pursued voting machine data in multiple states, records reveal
Analysis  Trump's new argument on the Mar-a-Lago files is weak and insufficient
Heat wave map: See where Americans face the most extreme heat risk
Post-Roe, Americans seek tubal sterilizations — but barriers persist
Analysis  Peloton's New Strategy Is Spinning All Over the Place
Some spiders may enter REM sleep — and maybe even dream, study says
A man chugged ‘cloudy’ liquid during child rape conviction, then died
Liz Cheney's political life is likely ending — and just beginning
Analysis  Another year, another high-profile voter-fraud summit goes bust
Analysis  The curious timing of Trump naming two allies to access his records
Analysis  Fed Needs to Resist Opting Again for Quick and Easy
China's surprise rate cut, economic slowdown send oil prices plunging
2 million MamaRoo infant swings recalled due to strangulation risk
Giuliani is target in Ga. criminal probe of 2020 election, lawyer says

日本語タイトル:['']
=== エラー内容 ===
type:<class 'IndexError'>
args:('list index out of range',)
e自身:list index out of range
タイトル:Biden took 'enormous step' toward helping student-loan borrowers, Dems say
Trump warns 'terrible things' will happen if country's temperature not cooled
Graham says he'll take 2020 fight to 11th Circuit after losing Monday
Bolton says Trump's defense against raid is 'almost certainly a lie'
What the Senate's 6 oldest members told us about their age
How Wall Street bulls are reacting to fresh inflation data
What to know about buying a used electric car, according to experts
Mar-a-Lago raid: Trump tries to make document request via Truth Social
Warren Buffett, Berkshire lift Apple, Chevron bets, exit Verizon in Q2 - Markets Insider
Ukraine: Guerilla units in Kherson assassinate, bomb Russian occupiers
Bayraktar drone maker has three-year waitlist as demand soars
JetBlue cutting 37 routes from fall and winter schedules
Ex-Pence aide once 'found classified documents in the ladies' room'
Dollar Vs Yuan: JPMorgan CEO urges US to stand up to China - Markets Insider
Reporter says Marco Rubio won't answer questions but goes on Fox

日本語タイトル:['']
=== エラー内容 ===
type:<class 'IndexError'>
args:('list index out of range',)
e自身:list index out of range
タイトル:The 'Impeachment 10:' Who's in, who's out and whose fate is yet to be decided
Did you change jobs during the pandemic and then regret it?
This high risk investment craze isn't going away
William Ruto declared winner of Kenyan presidential vote amid chaos at election center
Federal judge rules that Graham must testify in Georgia 2020 investigation
White House launching messaging push to tout policy wins ahead of midterm elections
SoulCycle is closing 25% of its studios
UK becomes first nation to approve Covid-19 vaccine targeting both Omicron and original strain
How to get to sleep the night before an early call or big event
$3 gas could be around the corner
Suspect accused of shooting a coach during a Dallas-area youth football game turns himself in
Rudy Giuliani told by prosecutors he is a target in Georgia 2020 presidential election probe
Activist investor wants Disney to buy back Hulu stake and spin off ESPN
Ex-Minneapolis officers J. Alexander Kueng and Tou Thao reject state plea deal in George Floyd killing
Key lines from the search warrant and receipt for Trump's Florida home

日本語タイトル:['']
=== エラー内容 ===
type:<class 'IndexError'>
args:('list index out of range',)
e自身:list index out of range
タイトル:On ‘Never Have I Ever’ Season 3, Our Favorite Messy Brown Girl Wins
Twitter Users Call Trump An 'Arsonist' After He Offers To 'Change Temperature'
The Most Popular Shows On Netflix Right Now Besides 'Never Have I Ever'
Adele Reveals The 'Worst Moment' Of Her Career Happened This Year
My Fallopian Tube Burst Due To An Ectopic Pregnancy. An ER Doctor Sent Me Home.
Millie Bobby Brown's College Choice May Surprise You
The Most Popular Movies On Netflix Right Now Besides 'Day Shift'
This Kid's Reaction To Dropping His Hot Dog Is The Play Of The Day
35 TikTok Products You’ll Use All Year, But Especially When It’s Hot Out
Video Of Trump Discussing Laws About Classified Info Aged Really Well
Mary Trump Speculates Jared Kushner Could Be Mar-a-Lago Snitch
Reviewers Are Obsessed With Target's Chic Storage Baskets
With Just 3 Words, A Boy At School Changed Everything I Thought I Knew About Myself
Snoop Dogg Launches 'Snoop Loopz' Breakfast Cereal
Parents Arrested After Attempting To Grab Their Children During School Lockdown

日本語タイトル:['']
=== エラー内容 ===
type:<class 'IndexError'>
args:('list index out of range',)
e自身:list index out of range
タイトル:Stock Market Today: Dow, S&P Live Updates for Aug. 15, 2022
JPMorgan, BofA Are Among Banks Moving Back Into Russian Bond Trading
Economists Say a Euro-Zone Recession Is Now More Likely Than Not
Higher Interest Rate? Goldman's Marcus Hikes Savings Account to 1.7%
Apple (AAPL) Set to Expand Advertising, Bringing Ads to Maps, TV and Books Apps
China Stocks Delisting in Focus as Sinopec and PetroChina to Exit NYSE
Tech Takes Wind Out of Stocks as Bond Yields Climb: Markets Wrap
Thailand Economy Grows Slower Expected Despite Tourist Boom as Inflation Surges
Australia Is 'Done' With Outsized Rate Hikes, Eslake Says
US Homebuilder Confidence Hits Worst Slump Since 2007 Collapse
Indian Billionaire-Investor Rakesh Jhunjhunwala Dies at 62
Morgan Stanley's Shalett Warns of 'Head Fake' in Inflation Data
T-Mobile Surprises as Tech Winner in Tough Stock Market
Solar Panels Piling Up at US Border on Xinjiang Forced Labor Law
Bill Gates' TerraPower Raises $750 Million for Cheaper Nuclear

日本語タイトル:['']
=== エラー内容 ===
type:<class 'IndexError'>
args:('list index out of range',)
e自身:list index out of range
タイトル:1 Hot Growth Stock to Buy, and 1 to Avoid (For Now) - The Motley Fool
Compass, Inc. (COMP) Q2 2022 Earnings Call Transcript - The Motley Fool
Why Tesla Stock Was Up Again Monday - The Motley Fool
Cosan S.A. (CSAN) Q2 2022 Earnings Call Transcript - The Motley Fool
This Growth Stock Is Entering a New Chapter, and It's a Buy Right Now - The Motley Fool
Why Weber Stock Popped Today - The Motley Fool
Agrify Corporation (AGFY) Q2 2022 Earnings Call Transcript - The Motley Fool
Why DouYu Stock Was Up Earlier Today - The Motley Fool
3 High-Growth Stocks That Could Be Worth $1 Trillion in 10 Years -- Or Sooner - The Motley Fool
Why Liquidia Shares Rose 18.4% on Monday - The Motley Fool
3 Cathie Wood Stocks for the Future - The Motley Fool
Got $100? Buy the Dip on This Beaten-Down Growth Stock - The Motley Fool
This Stock Is Beating Amazon at Its Own Game - The Motley Fool
Higher Tax Bills Are Coming for Social Security Retirees. Here's Why - The Motley Fool
Your Investments vs. a Bear Market: How to Come Out on Top - The Motley Fool

日本語タイトル:['']
=== エラー内容 ===
type:<class 'IndexError'>
args:('list index out of range',)
e自身:list index out of range
タイトル:STOCK MARKET NEWS: Dow gains on Disney jump after activist move, housing headwinds mount
Continued inversion of yield curve an indication bond market 'sees troubled times': Wells Fargo exec
Homebuilders see 'housing recession' as sentiment plunges to fresh 2-year low
Nexstar Media purchases 75% of CW Network from Warner Bros Discovery and Paramount
Pfizer CEO Albert Bourla says he tested positive for COVID-19, has mild symptoms
Bank of America chief economist sees high chance of mild recession this year
Elon Musk pitches 'like-minded Chinese partners' on technological vision for the future
Over 2M baby swings, rockers recalled over strangulation hazards; 1 death reported
China growth slows across all fronts in July, prompting unexpected rate cut
Starbucks asks labor board to suspend all mail ballot elections after misconduct allegations raised

日本語タイトル:['']
=== エラー内容 ===
type:<class 'IndexError'>
args:('list index out of range',)
e自身:list index out of range
タイトル:Wall Street climbs, adding to recent gains as megacaps rise.com
Venezuela's gold reserves drop six tonnes in the first half of 2022.com
Greenback gains, Aussie tumbles after weak Chinese data.com
S&P 500 closes higher on Monday, building on its four-week win streak
Morgan Stanley guesses which stocks could be taken over next after Amazon's iRobot buy
Asia's inflation has peaked compared with major economies in other regions, Morgan Stanley says
George Soros Deals a Big Blow to Tesla Rival Rivian
Microsoft Makes an Embarrassing Admission
Save $100 on Apple's Redesigned MacBook Air With the M2 Chip
STOCK MARKET NEWS: Dow gains on Disney jump after activist move, housing headwinds mount
Continued inversion of yield curve an indication bond market 'sees troubled times': Wells Fargo exec
Homebuilders see 'housing recession' as sentiment plunges to fresh 2-year low
Analysis  Trump's new argument on the Mar-a-Lago files is weak and insufficient
Amazon workers walk off job at major West Coast air hub
Trump-allied lawyers pursued voting machine data in multiple states, records reveal
Trump warns 'terrible things' will happen if country's temperature not cooled
What the Senate's 6 oldest members told us about their age
Bolton says Trump's defense against raid is 'almost certainly a lie'
DOJ opposes making public details in Mar-a-Lago search warrant's probable cause affidavit
The 'Impeachment 10:' Who's in, who's out and whose fate is yet to be decided
William Ruto declared winner of Kenyan presidential vote amid chaos at election center
On ‘Never Have I Ever’ Season 3, Our Favorite Messy Brown Girl Wins
Twitter Users Call Trump An 'Arsonist' After He Offers To 'Change Temperature'
The Most Popular Shows On Netflix Right Now Besides 'Never Have I Ever'
Stock Market Today: Dow, S&P Live Updates for Aug. 15, 2022
Higher Interest Rate? Goldman's Marcus Hikes Savings Account to 1.7%
Economists Say a Euro-Zone Recession Is Now More Likely Than Not
1 Hot Growth Stock to Buy, and 1 to Avoid (For Now) - The Motley Fool
Compass, Inc. (COMP) Q2 2022 Earnings Call Transcript - The Motley Fool
Why Tesla Stock Was Up Again Monday - The Motley Fool

日本語タイトル:['']
=== エラー内容 ===
type:<class 'IndexError'>
args:('list index out of range',)
e自身:list index out of range
タイトル:Wall Street climbs, adding to recent gains as megacaps rise
Venezuela's gold reserves drop six tonnes in the first half of 2022
Morning Bid: Chill from the East
Greenback gains, Aussie tumbles after weak Chinese data
Donetsk court charges Britons, Swede and Croat as mercenaries, 3 face death penalty
China pares back holdings of U.S. Treasuries for 7th month
Oil settles lower on weak economic Chinese economic data
Most Gulf markets fall; Saudi index gains
Nigeria's annual inflation rises to highest level since 2005
Russia's Polyus plans bond issue denominated in yuan - Interfax
Egypt's central bank seen hiking rates to dampen price rises
Ukraine working to release detained wheat shipment for Egypt
Tiger Global slashes portfolio amid losses
EXCLUSIVE Kimmeridge builds stake in California Resources, in talks for changes
Giuliani a target of Georgia's criminal probe into 2020 U.S. election

日本語タイトル:['']
=== エラー内容 ===
type:<class 'IndexError'>
args:('list index out of range',)
e自身:list index out of range
タイトル:S&P 500 closes higher on Monday, building on its four-week win streak
Morgan Stanley guesses which stocks could be taken over next after Amazon's iRobot buy
Asia's inflation has peaked compared with major economies in other regions, Morgan Stanley says
Stocks making the biggest moves midday: Disney, Poshmark, Vroom and more
Sell beaten-down Vroom as there's no quick fix for online car retailer in a slowdown, JPMorgan says
Stock futures flat after notching gains Monday
Asking if this is a new bull market or bear market bounce might be the wrong question
What top tech investor Paul Meeks is buying as tech rallies
Annuities that protect from stock market losses are surging this year
Jim Cramer says to stay away from this post-SPAC stock
Michael Burry of 'The Big Short' dumps all of his previous stock holdings and adds just one name
Apple tells employees to work at the office three times per week starting in September
Personalized coffees and prestige skincare: Consumers snap up premium products despite cost-of-living crisis
S&P 500 closes flat, Nasdaq dips as comeback rally takes a breather
European stocks close mixed as investors assess inflation, earnings; Aegon up 9%

日本語タイトル:['']
=== エラー内容 ===
type:<class 'IndexError'>
args:('list index out of range',)
e自身:list index out of range
タイトル:George Soros Deals a Big Blow to Tesla Rival Rivian
Microsoft Makes an Embarrassing Admission
Over 1.7 Million Fords and Lincolns Are at Risk of Being Recalled
Legendary Financier George Soros Bets Big on Amazon and Alphabet
Save $100 on Apple's Redesigned MacBook Air With the M2 Chip
Is This Synthetic Biology Pioneer On The Right Track?
Microsoft, Salesforce Make Wells Fargo Software Stock List
You'll Almost Have to Buy an Electric Vehicle if Climate Bill Passes
Will Microsoft Stock Keep Rallying? It'll Have to Clear This Key Level.
Disney Cruise Lines Makes a Major Family-Friendly Change
Hot Markets, China's Economy, Busy Week Ahead, Retail Earnings, Trading Lockheed - RealMoney
BBBY Stock: Why It's Getting Harder to Short
Crypto Evangelist Mark Cuban Is in Trouble
Investing Strategy: Single Stock & Bond ETFs: What Are They & Should You Consider Buying Them
Disney Stock: Surprising Results and a Buy Opportunity

日本語タイトル:['']
=== エラー内容 ===
type:<class 'IndexError'>
args:('list index out of range',)
e自身:list index out of range
タイトル:STOCK MARKET NEWS: Dow gains on Disney jump after activist move, housing headwinds mount
Continued inversion of yield curve an indication bond market 'sees troubled times': Wells Fargo exec
Snoop Dogg announces the upcoming release of his new cereal Snoop Loopz
Homebuilders see 'housing recession' as sentiment plunges to fresh 2-year low
Bank of America chief economist sees high chance of mild recession this year
Electric car companies tell customers to pay now to lock in tax credit on ordered cars
Pfizer CEO Albert Bourla says he tested positive for COVID-19, has mild symptoms
Nexstar Media purchases 75% of CW Network from Warner Bros Discovery and Paramount
Elon Musk pitches 'like-minded Chinese partners' on technological vision for the future
Over 2M baby swings, rockers recalled over strangulation hazards; 1 death reported
Starbucks asks labor board to suspend all mail ballot elections after misconduct allegations raised
American workforce shrinks, Tesla milestone and more: Monday's 5 things to know
Home Run Inn recalls frozen pizza for possibly containing metal pieces
Health care workers fired over vaccine mandate awarded $10 million in settlement
Meditation app Calm lays off 20% of workforce

日本語タイトル:['']
=== エラー内容 ===
type:<class 'IndexError'>
args:('list index out of range',)
e自身:list index out of range
タイトル:Analysis  Trump's new argument on the Mar-a-Lago files is weak and insufficient
Justice Department opposes release of Mar-a-Lago affidavit
Amazon workers walk off job at major West Coast air hub
Trump-allied lawyers pursued voting machine data in multiple states, records reveal
Heat wave map: See where Americans face the most extreme heat risk
Post-Roe, Americans seek tubal sterilizations — but barriers persist
Some spiders may enter REM sleep — and maybe even dream, study says
Analysis  The curious timing of Trump naming two allies to access his records
A man chugged ‘cloudy’ liquid during child rape conviction, then died
Liz Cheney's political life is likely ending — and just beginning
Analysis  Another year, another high-profile voter-fraud summit goes bust
Analysis  Fed Needs to Resist Opting Again for Quick and Easy
China's surprise rate cut, economic slowdown send oil prices plunging
2 million MamaRoo infant swings recalled due to strangulation risk
Giuliani is target in Ga. criminal probe of 2020 election, lawyer says

日本語タイトル:['']
=== エラー内容 ===
type:<class 'IndexError'>
args:('list index out of range',)
e自身:list index out of range
タイトル:Bolton says Trump's defense against raid is 'almost certainly a lie'
Biden took 'enormous step' toward helping student-loan borrowers, Dems say
Graham says he'll take 2020 fight to 11th Circuit after losing Monday
Trump warns 'terrible things' will happen if country's temperature not cooled
Ukraine: Guerilla units in Kherson assassinate, bomb Russian occupiers
What to know about buying a used electric car, according to experts
Mar-a-Lago raid: Trump tries to make document request via Truth Social
Bayraktar drone maker has three-year waitlist as demand soars
JetBlue cutting 37 routes from fall and winter schedules
Ex-Pence aide once 'found classified documents in the ladies' room'
Dollar Vs Yuan: JPMorgan CEO urges US to stand up to China - Markets Insider
Mar-a-Lago FBI raid: Rand Paul calls for repeal of Espionage Act
Reporter says Marco Rubio won't answer questions but goes on Fox
How to make money from user-generated content ads as a TikTok creator
Ford selling retro Bronco SUVs to honor 1966 model

日本語タイトル:['']
=== エラー内容 ===
type:<class 'IndexError'>
args:('list index out of range',)
e自身:list index out of range
タイトル:DOJ opposes making public details in Mar-a-Lago search warrant's probable cause affidavit
The 'Impeachment 10:' Who's in, who's out and whose fate is yet to be decided
William Ruto declared winner of Kenyan presidential vote amid chaos at election center
This high risk investment craze isn't going away
Federal judge rules that Graham must testify in Georgia 2020 investigation
SoulCycle is closing 25% of its studios
How to get to sleep the night before an early call or big event
UK becomes first nation to approve Covid-19 vaccine targeting both Omicron and original strain
$3 gas could be around the corner
Did you change jobs during the pandemic and then regret it?
Suspect accused of shooting a coach during a Dallas-area youth football game turns himself in
Brittney Griner's defense team appeals verdict sentencing her to 9 years on drug smuggling
Key lines from the search warrant and receipt for Trump's Florida home
China cuts rates as lockdowns and a real estate crisis take their toll
Activist investor wants Disney to buy back Hulu stake and spin off ESPN

日本語タイトル:['']
=== エラー内容 ===
type:<class 'IndexError'>
args:('list index out of range',)
e自身:list index out of range
タイトル:On ‘Never Have I Ever’ Season 3, Our Favorite Messy Brown Girl Wins
Twitter Users Call Trump An 'Arsonist' After He Offers To 'Change Temperature'
The Most Popular Shows On Netflix Right Now Besides 'Never Have I Ever'
My Fallopian Tube Burst Due To An Ectopic Pregnancy. An ER Doctor Sent Me Home.
Video Of Trump Discussing Laws About Classified Info Aged Really Well
Millie Bobby Brown's College Choice May Surprise You
The Most Popular Movies On Netflix Right Now Besides 'Day Shift'
This Kid's Reaction To Dropping His Hot Dog Is The Play Of The Day
Adele Reveals The 'Worst Moment' Of Her Career Happened This Year
35 TikTok Products You’ll Use All Year, But Especially When It’s Hot Out
Mary Trump Speculates Jared Kushner Could Be Mar-a-Lago Snitch
Reviewers Are Obsessed With Target's Chic Storage Baskets
With Just 3 Words, A Boy At School Changed Everything I Thought I Knew About Myself
Snoop Dogg Launches 'Snoop Loopz' Breakfast Cereal
Parents Arrested After Attempting To Grab Their Children During School Lockdown

日本語タイトル:['']
=== エラー内容 ===
type:<class 'IndexError'>
args:('list index out of range',)
e自身:list index out of range
タイトル:Stock Market Today: Dow, S&P Live Updates for Aug. 15, 2022
Economists Say a Euro-Zone Recession Is Now More Likely Than Not
Higher Interest Rate? Goldman's Marcus Hikes Savings Account to 1.7%
JPMorgan, BofA Are Among Banks Moving Back Into Russian Bond Trading
Apple (AAPL) Set to Expand Advertising, Bringing Ads to Maps, TV and Books Apps
China Stocks Delisting in Focus as Sinopec and PetroChina to Exit NYSE
Tech Takes Wind Out of Stocks as Bond Yields Climb: Markets Wrap
Thailand Economy Grows Slower Expected Despite Tourist Boom as Inflation Surges
Australia Is 'Done' With Outsized Rate Hikes, Eslake Says
US Homebuilder Confidence Hits Worst Slump Since 2007 Collapse
Indian Billionaire-Investor Rakesh Jhunjhunwala Dies at 62
T-Mobile Surprises as Tech Winner in Tough Stock Market
Bill Gates' TerraPower Raises $750 Million for Cheaper Nuclear
JPMorgan Says the Stock Rally Has Legs. Morgan Stanley Disagrees
How the US Toppled the World's Most Powerful Gold Trader

日本語タイトル:['']
=== エラー内容 ===
type:<class 'IndexError'>
args:('list index out of range',)
e自身:list index out of range
タイトル:1 Hot Growth Stock to Buy, and 1 to Avoid (For Now) - The Motley Fool
FiscalNote Holdings, Inc. (NOTE) Q2 2022 Earnings Call Transcript - The Motley Fool
GAN Limited (GAN) Q2 2022 Earnings Call Transcript - The Motley Fool
Compass, Inc. (COMP) Q2 2022 Earnings Call Transcript - The Motley Fool
Calithera Biosciences (CALA) Q2 2022 Earnings Call Transcript - The Motley Fool
Why Tesla Stock Was Up Again Monday - The Motley Fool
Cosan S.A. (CSAN) Q2 2022 Earnings Call Transcript - The Motley Fool
This Growth Stock Is Entering a New Chapter, and It's a Buy Right Now - The Motley Fool
Why Weber Stock Popped Today - The Motley Fool
Agrify Corporation (AGFY) Q2 2022 Earnings Call Transcript - The Motley Fool
Why DouYu Stock Was Up Earlier Today - The Motley Fool
3 High-Growth Stocks That Could Be Worth $1 Trillion in 10 Years -- Or Sooner - The Motley Fool
Why Liquidia Shares Rose 18.4% on Monday - The Motley Fool
3 Cathie Wood Stocks for the Future - The Motley Fool
Got $100? Buy the Dip on This Beaten-Down Growth Stock - The Motley Fool

日本語タイトル:['']
=== エラー内容 ===
type:<class 'IndexError'>
args:('list index out of range',)
e自身:list index out of range
タイトル:STOCK MARKET NEWS: Dow gains on Disney jump after activist move, housing headwinds mount
Homebuilders see 'housing recession' as sentiment plunges to fresh 2-year low
Continued inversion of yield curve an indication bond market 'sees troubled times': Wells Fargo exec
Electric car companies tell customers to pay now to lock in tax credit on ordered cars
Pfizer CEO Albert Bourla says he tested positive for COVID-19, has mild symptoms
Nexstar Media purchases 75% of CW Network from Warner Bros Discovery and Paramount
Bank of America chief economist sees high chance of mild recession this year
Over 2M baby swings, rockers recalled over strangulation hazards; 1 death reported
China growth slows across all fronts in July, prompting unexpected rate cut
Starbucks asks labor board to suspend all mail ballot elections after misconduct allegations raised

日本語タイトル:['']
=== エラー内容 ===
type:<class 'IndexError'>
args:('list index out of range',)
e自身:list index out of range
タイトル:Wall Street climbs, adding to recent gains as megacaps rise
Venezuela's gold reserves drop six tonnes in the first half of 2022 Canada
Morning Bid: Chill from the East
Morgan Stanley guesses which stocks could be taken over next after Amazon's iRobot buy
Asia's inflation has peaked compared with major economies in other regions, Morgan Stanley says
Sell beaten-down Vroom as there's no quick fix for online car retailer in a slowdown, JPMorgan says
George Soros Deals a Big Blow to Tesla Rival Rivian
Oil Prices Slide Below $88 A Barrel As China Demand Fades, U.S. Output Rises
Microsoft Makes an Embarrassing Admission
STOCK MARKET NEWS: Dow gains on Disney jump after activist move, housing headwinds mount
Homebuilders see 'housing recession' as sentiment plunges to fresh 2-year low
Continued inversion of yield curve an indication bond market 'sees troubled times': Wells Fargo exec
Trump-allied lawyers pursued voting machine data in multiple states, records reveal
Analysis  Trump's new argument on the Mar-a-Lago files is weak and insufficient
Amazon workers walk off job at major West Coast air hub
Biden took 'enormous step' toward helping student-loan borrowers, Dems say
Bolton says Trump's defense against raid is 'almost certainly a lie'
Trump claims FBI agents took 3 of his passports during Mar-a-Lago raid
Did you change jobs during the pandemic and then regret it?
This high risk investment craze isn't going away
Federal judge rules that Graham must testify in Georgia 2020 investigation
On ‘Never Have I Ever’ Season 3, Our Favorite Messy Brown Girl Wins
Twitter Users Call Trump An 'Arsonist' After He Offers To 'Change Temperature'
The Most Popular Shows On Netflix Right Now Besides 'Never Have I Ever'
Stock Market Today: Dow, S&P Live Updates for Aug. 15, 2022
Higher Interest Rate? Goldman's Marcus Hikes Savings Account to 1.7%
Economists Say a Euro-Zone Recession Is Now More Likely Than Not
1 Hot Growth Stock to Buy, and 1 to Avoid (For Now) - The Motley Fool
FiscalNote Holdings, Inc. (NOTE) Q2 2022 Earnings Call Transcript - The Motley Fool
GAN Limited (GAN) Q2 2022 Earnings Call Transcript - The Motley Fool

日本語タイトル:['']
=== エラー内容 ===
type:<class 'IndexError'>
args:('list index out of range',)
e自身:list index out of range
タイトル:Wall Street climbs, adding to recent gains as megacaps rise
Venezuela's gold reserves drop six tonnes in the first half of 2022 Canada
Morning Bid: Chill from the East
Greenback gains, Aussie tumbles after weak Chinese data
China pares back holdings of U.S. Treasuries for 7th month
Oil settles lower on weak economic Chinese economic data
Nigeria's annual inflation rises to highest level since 2005
Most Gulf markets fall; Saudi index gains
Russia's Polyus plans bond issue denominated in yuan - Interfax
Egypt's central bank seen hiking rates to dampen price rises
Ukraine working to release detained wheat shipment for Egypt
Tiger Global slashes portfolio amid losses
Donetsk court charges Britons, Swede and Croat as mercenaries, 3 face death penalty
EXCLUSIVE Kimmeridge builds stake in California Resources, in talks for changes
Exclusive: Wall Street revives Russian bond trading after U.S. go-ahead

日本語タイトル:['']
=== エラー内容 ===
type:<class 'IndexError'>
args:('list index out of range',)
e自身:list index out of range
タイトル:S&P 500 closes higher on Monday, building on its four-week win streak
Morgan Stanley guesses which stocks could be taken over next after Amazon's iRobot buy
Asia's inflation has peaked compared with major economies in other regions, Morgan Stanley says
Sell beaten-down Vroom as there's no quick fix for online car retailer in a slowdown, JPMorgan says
Asking if this is a new bull market or bear market bounce might be the wrong question
What top tech investor Paul Meeks is buying as tech rallies
Stocks making the biggest moves midday: Disney, Poshmark, Vroom and more
Annuities that protect from stock market losses are surging this year
Dodge will discontinue its Challenger and Charger muscle cars next year
Jim Cramer says to stay away from this post-SPAC stock
Michael Burry of 'The Big Short' dumps all of his previous stock holdings and adds just one name
Stock futures flat after notching gains Monday
Personalized coffees and prestige skincare: Consumers snap up premium products despite cost-of-living crisis
S&P 500 closes flat, Nasdaq dips as comeback rally takes a breather
European stocks close mixed as investors assess inflation, earnings; Aegon up 9%

日本語タイトル:['']
=== エラー内容 ===
type:<class 'IndexError'>
args:('list index out of range',)
e自身:list index out of range
タイトル:Oil Prices Slide Below $88 A Barrel As China Demand Fades, U.S. Output Rises
George Soros Deals a Big Blow to Tesla Rival Rivian
Microsoft Makes an Embarrassing Admission
Over 1.7 Million Fords and Lincolns Are at Risk of Being Recalled
Legendary Financier George Soros Bets Big on Amazon and Alphabet
Save $100 on Apple's Redesigned MacBook Air With the M2 Chip
Is This Synthetic Biology Pioneer On The Right Track?
Microsoft, Salesforce Make Wells Fargo Software Stock List
You'll Almost Have to Buy an Electric Vehicle if Climate Bill Passes
Will Microsoft Stock Keep Rallying? It'll Have to Clear This Key Level.
Disney Cruise Lines Makes a Major Family-Friendly Change
Walt Disney Has a $30 Billion Growth Plan
Stock Market Today - 815: Stocks End Higher; Retail Earnings In Focus
Disney Stock Jumps As Activists Third Point Build Stake, Push For ESPN Spinoff, Board Changes
BBBY Stock: Why It's Getting Harder to Short

日本語タイトル:['']
=== エラー内容 ===
type:<class 'IndexError'>
args:('list index out of range',)
e自身:list index out of range
タイトル:STOCK MARKET NEWS: Dow gains on Disney jump after activist move, housing headwinds mount
Homebuilders see 'housing recession' as sentiment plunges to fresh 2-year low
Continued inversion of yield curve an indication bond market 'sees troubled times': Wells Fargo exec
Snoop Dogg announces the upcoming release of his new cereal Snoop Loopz
Electric car companies tell customers to pay now to lock in tax credit on ordered cars
Pfizer CEO Albert Bourla says he tested positive for COVID-19, has mild symptoms
Nexstar Media purchases 75% of CW Network from Warner Bros Discovery and Paramount
Bank of America chief economist sees high chance of mild recession this year
Over 2M baby swings, rockers recalled over strangulation hazards; 1 death reported
China growth slows across all fronts in July, prompting unexpected rate cut
Home Run Inn recalls frozen pizza for possibly containing metal pieces
Starbucks asks labor board to suspend all mail ballot elections after misconduct allegations raised
American workforce shrinks, Tesla milestone and more: Monday's 5 things to know
Health care workers fired over vaccine mandate awarded $10 million in settlement
Meditation app Calm lays off 20% of workforce

日本語タイトル:['']
=== エラー内容 ===
type:<class 'IndexError'>
args:('list index out of range',)
e自身:list index out of range
タイトル:Trump-allied lawyers pursued voting machine data in multiple states, records reveal
Analysis  Trump's new argument on the Mar-a-Lago files is weak and insufficient
Amazon workers walk off job at major West Coast air hub
Heat wave map: See where Americans face the most extreme heat risk
Post-Roe, Americans seek tubal sterilizations — but barriers persist
Analysis  Peloton's New Strategy Is Spinning All Over the Place
Analysis  Another year, another high-profile voter-fraud summit goes bust
Some spiders may enter REM sleep — and maybe even dream, study says
A man chugged ‘cloudy’ liquid during child rape conviction, then died
An altered photo in Architectural Digest hid Asian relics
Analysis  The curious timing of Trump naming two allies to access his records
Liz Cheney's political life is likely ending — and just beginning
Analysis  Fed Needs to Resist Opting Again for Quick and Easy
China's surprise rate cut, economic slowdown send oil prices plunging
2 million MamaRoo infant swings recalled due to strangulation risk

日本語タイトル:['']
=== エラー内容 ===
type:<class 'IndexError'>
args:('list index out of range',)
e自身:list index out of range
タイトル:Biden took 'enormous step' toward helping student-loan borrowers, Dems say
Trump warns 'terrible things' will happen if country's temperature not cooled
Graham says he'll take 2020 fight to 11th Circuit after losing Monday
Bolton says Trump's defense against raid is 'almost certainly a lie'
How Wall Street bulls are reacting to fresh inflation data
Ukraine: Guerilla units in Kherson assassinate, bomb Russian occupiers
What to know about buying a used electric car, according to experts
Mar-a-Lago raid: Trump tries to make document request via Truth Social
JetBlue cutting 37 routes from fall and winter schedules
Bayraktar drone maker has three-year waitlist as demand soars
Mar-a-Lago FBI raid: Rand Paul calls for repeal of Espionage Act
Dollar Vs Yuan: JPMorgan CEO urges US to stand up to China - Markets Insider
Gold falls as dollar rallies on weak China data and surprise rate cut - Markets Insider
Ford selling retro Bronco SUVs to honor 1966 model
Ex-Pence aide once 'found classified documents in the ladies' room'

日本語タイトル:['']
=== エラー内容 ===
type:<class 'IndexError'>
args:('list index out of range',)
e自身:list index out of range
タイトル:Did you change jobs during the pandemic and then regret it?
This high risk investment craze isn't going away
Federal judge rules that Graham must testify in Georgia 2020 investigation
William Ruto declared winner of Kenyan presidential vote amid chaos at election center
DOJ opposes making public details in Mar-a-Lago search warrant's probable cause affidavit
SoulCycle is closing 25% of its studios
UK becomes first nation to approve Covid-19 vaccine targeting both Omicron and original strain
Rudy Giuliani told by prosecutors he is a target in Georgia 2020 presidential election probe
How to get to sleep the night before an early call or big event
$3 gas could be around the corner
Responding to FBI search, Trump and allies return to his familiar strategy: flood the zone with nonsense
Suspect accused of shooting a coach during a Dallas-area youth football game turns himself in
Ex-Minneapolis officers J. Alexander Kueng and Tou Thao reject state plea deal in George Floyd killing
China cuts rates as lockdowns and a real estate crisis take their toll
Activist investor wants Disney to buy back Hulu stake and spin off ESPN

日本語タイトル:['']
=== エラー内容 ===
type:<class 'IndexError'>
args:('list index out of range',)
e自身:list index out of range
タイトル:On ‘Never Have I Ever’ Season 3, Our Favorite Messy Brown Girl Wins
Twitter Users Call Trump An 'Arsonist' After He Offers To 'Change Temperature'
The Most Popular Shows On Netflix Right Now Besides 'Never Have I Ever'
My Fallopian Tube Burst Due To An Ectopic Pregnancy. An ER Doctor Sent Me Home.
This Kid's Reaction To Dropping His Hot Dog Is The Play Of The Day
Kaley Cuoco Had An Intervention Post-Divorce: 'I Was Really Losing My Mind'
Millie Bobby Brown's College Choice May Surprise You
The Most Popular Movies On Netflix Right Now Besides 'Day Shift'
Adele Reveals The 'Worst Moment' Of Her Career Happened This Year
35 TikTok Products You’ll Use All Year, But Especially When It’s Hot Out
Video Of Trump Discussing Laws About Classified Info Aged Really Well
Mary Trump Speculates Jared Kushner Could Be Mar-a-Lago Snitch
Reviewers Are Obsessed With Target's Chic Storage Baskets
With Just 3 Words, A Boy At School Changed Everything I Thought I Knew About Myself
25 Of The Funniest Tweets About Married Life (Aug. 2-15)

日本語タイトル:['']
=== エラー内容 ===
type:<class 'IndexError'>
args:('list index out of range',)
e自身:list index out of range
タイトル:Stock Market Today: Dow, S&P Live Updates for Aug. 15, 2022
Economists Say a Euro-Zone Recession Is Now More Likely Than Not
Higher Interest Rate? Goldman's Marcus Hikes Savings Account to 1.7%
JPMorgan, BofA Are Among Banks Moving Back Into Russian Bond Trading
Asia Crypto Exchange Zipmex CEO Marcus Lim Under Pressure to Resign
Apple (AAPL) Set to Expand Advertising, Bringing Ads to Maps, TV and Books Apps
China Stocks Delisting in Focus as Sinopec and PetroChina to Exit NYSE
Tech Takes Wind Out of Stocks as Bond Yields Climb: Markets Wrap
Thailand Economy Grows Slower Expected Despite Tourist Boom as Inflation Surges
Australia Is 'Done' With Outsized Rate Hikes, Eslake Says
US Homebuilder Confidence Hits Worst Slump Since 2007 Collapse
Indian Billionaire-Investor Rakesh Jhunjhunwala Dies at 62
T-Mobile Surprises as Tech Winner in Tough Stock Market
Bill Gates' TerraPower Raises $750 Million for Cheaper Nuclear
How the US Toppled the World's Most Powerful Gold Trader

日本語タイトル:['']
=== エラー内容 ===
type:<class 'IndexError'>
args:('list index out of range',)
e自身:list index out of range
タイトル:1 Hot Growth Stock to Buy, and 1 to Avoid (For Now) - The Motley Fool
FiscalNote Holdings, Inc. (NOTE) Q2 2022 Earnings Call Transcript - The Motley Fool
GAN Limited (GAN) Q2 2022 Earnings Call Transcript - The Motley Fool
Why ironSource Stock Popped Today - The Motley Fool
Calithera Biosciences (CALA) Q2 2022 Earnings Call Transcript - The Motley Fool
Why Tesla Stock Was Up Again Monday - The Motley Fool
Cosan S.A. (CSAN) Q2 2022 Earnings Call Transcript - The Motley Fool
Acumen Pharmaceuticals, Inc. (ABOS) Q2 2022 Earnings Call Transcript - The Motley Fool
This Growth Stock Is Entering a New Chapter, and It's a Buy Right Now - The Motley Fool
Why Weber Stock Popped Today - The Motley Fool
Agrify Corporation (AGFY) Q2 2022 Earnings Call Transcript - The Motley Fool
Why DouYu Stock Was Up Earlier Today - The Motley Fool
Compass, Inc. (COMP) Q2 2022 Earnings Call Transcript - The Motley Fool
Why Liquidia Shares Rose 18.4% on Monday - The Motley Fool
3 Cathie Wood Stocks for the Future - The Motley Fool

日本語タイトル:['']
=== エラー内容 ===
type:<class 'IndexError'>
args:('list index out of range',)
e自身:list index out of range
タイトル:Analysis  Trump's new argument on the Mar-a-Lago files is weak and insufficient
Post-Roe, Americans seek tubal sterilizations — but barriers persist
Heat wave map: See where Americans face the most extreme heat risk
2 million MamaRoo infant swings recalled due to strangulation risk
Trump-allied lawyers pursued voting machine data in multiple states, records reveal
Some spiders may enter REM sleep — and maybe even dream, study says
Analysis  The curious timing of Trump naming two allies to access his records
An altered photo in Architectural Digest hid Asian relics
A man chugged ‘cloudy’ liquid during child rape conviction, then died
Liz Cheney's political life is likely ending — and just beginning

日本語タイトル:['']
=== エラー内容 ===
type:<class 'IndexError'>
args:('list index out of range',)
e自身:list index out of range
タイトル:Wall Street climbs, adding to recent gains as megacaps rise
Venezuela's gold reserves drop six tonnes in the first half of 2022
Greenback gains, Aussie tumbles after weak Chinese data
S&P 500 closes higher on Monday, building on its four-week win streak
Morgan Stanley guesses which stocks could be taken over next after Amazon's iRobot buy
Asia's inflation has peaked compared with major economies in other regions, Morgan Stanley says
Oil Prices Slide Below $88 A Barrel As China Demand Fades, U.S. Output Rises
George Soros Deals a Big Blow to Tesla Rival Rivian
Microsoft Makes an Embarrassing Admission
STOCK MARKET NEWS: Dow gains on Disney jump after activist move, housing headwinds mount
Homebuilders see 'housing recession' as sentiment plunges to fresh 2-year low
Continued inversion of yield curve an indication bond market 'sees troubled times': Wells Fargo exec
Analysis  Trump's new argument on the Mar-a-Lago files is weak and insufficient
Post-Roe, Americans seek tubal sterilizations — but barriers persist
Heat wave map: See where Americans face the most extreme heat risk
China Says Military Jets Are Flying Into New Areas Amid Taiwan Tension
Biden took 'enormous step' toward helping student-loan borrowers, Dems say
Trump warns 'terrible things' will happen if country's temperature not cooled
This high risk investment craze isn't going away
Federal judge rules that Graham must testify in Georgia 2020 investigation
SoulCycle is closing 25% of its studios
On ‘Never Have I Ever’ Season 3, Our Favorite Messy Brown Girl Wins
Twitter Users Call Trump An 'Arsonist' After He Offers To 'Change Temperature'
The Most Popular Shows On Netflix Right Now Besides 'Never Have I Ever'
Stock Market Today: Dow, S&P Live Updates for Aug. 15, 2022
Higher Interest Rate? Goldman's Marcus Hikes Savings Account to 1.7%
JPMorgan, BofA Are Among Banks Moving Back Into Russian Bond Trading
1 Hot Growth Stock to Buy, and 1 to Avoid (For Now) - The Motley Fool
FiscalNote Holdings, Inc. (NOTE) Q2 2022 Earnings Call Transcript - The Motley Fool
GAN Limited (GAN) Q2 2022 Earnings Call Transcript - The Motley Fool

日本語タイトル:['']
=== エラー内容 ===
type:<class 'IndexError'>
args:('list index out of range',)
e自身:list index out of range
タイトル:Wall Street climbs, adding to recent gains as megacaps rise
Venezuela's gold reserves drop six tonnes in the first half of 2022
Greenback gains, Aussie tumbles after weak Chinese data
U.S. states urge postal service to halt gas vehicle purchases
Oil extends losses as weak demand outlook lingers
Most Gulf markets fall; Saudi index gains
Nigeria's annual inflation rises to highest level since 2005
Russia's Polyus plans bond issue denominated in yuan - Interfax
China pares back holdings of U.S. Treasuries for 7th month
Donetsk court charges Britons, Swede and Croat as mercenaries, 3 face death penalty
Egypt's central bank seen hiking rates to dampen price rises
Tiger Global slashes portfolio amid losses
EXCLUSIVE Kimmeridge builds stake in California Resources, in talks for changes
Giuliani a target of Georgia's criminal probe into 2020 U.S. election
SAS bridge financing keeps survival hopes airborne, shares climb

日本語タイトル:['']
=== エラー内容 ===
type:<class 'IndexError'>
args:('list index out of range',)
e自身:list index out of range
タイトル:S&P 500 closes higher on Monday, building on its four-week win streak
Morgan Stanley guesses which stocks could be taken over next after Amazon's iRobot buy
Asia's inflation has peaked compared with major economies in other regions, Morgan Stanley says
Sell beaten-down Vroom as there's no quick fix for online car retailer in a slowdown, JPMorgan says
Asking if this is a new bull market or bear market bounce might be the wrong question
Stocks making the biggest moves midday: Disney, Poshmark, Vroom and more
What top tech investor Paul Meeks is buying as tech rallies
Annuities that protect from stock market losses are surging this year
Jim Cramer says to stay away from this post-SPAC stock
Personalized coffees and prestige skincare: Consumers snap up premium products despite cost-of-living crisis
Apple tells employees to work at the office three times per week starting in September
S&P 500 closes flat, Nasdaq dips as market comeback rally takes a breather
Stock futures flat after notching gains Monday
Unity shares drop 7% after board rejects acquisition by AppLovin
European stocks close mixed as investors assess inflation, earnings; Aegon up 9%

日本語タイトル:['']
=== エラー内容 ===
type:<class 'IndexError'>
args:('list index out of range',)
e自身:list index out of range
タイトル:Oil Prices Slide Below $88 A Barrel As China Demand Fades, U.S. Output Rises
George Soros Deals a Big Blow to Tesla Rival Rivian
Microsoft Makes an Embarrassing Admission
Save $100 on Apple's Redesigned MacBook Air With the M2 Chip
Is This Synthetic Biology Pioneer On The Right Track?
Mr. Big Short Issues a Dire Warning About the Economy
Microsoft, Salesforce Make Wells Fargo Software Stock List
You'll Almost Have to Buy an Electric Vehicle if Climate Bill Passes
Will Microsoft Stock Keep Rallying? It'll Have to Clear This Key Level.
Disney Cruise Lines Makes a Major Family-Friendly Change
Stock Market Today - 815: Stocks End Higher; Retail Earnings In Focus
BBBY Stock: Why It's Getting Harder to Short
Disney Stock Jumps As Activists Third Point Build Stake, Push For ESPN Spinoff, Board Changes
We Tried Samsung’s 55-inch Curved Odyssey Ark Gaming Screen
Investing Strategy: Single Stock & Bond ETFs: What Are They & Should You Consider Buying Them

日本語タイトル:['']
=== エラー内容 ===
type:<class 'IndexError'>
args:('list index out of range',)
e自身:list index out of range
タイトル:STOCK MARKET NEWS: Dow gains on Disney jump after activist move, housing headwinds mount
Homebuilders see 'housing recession' as sentiment plunges to fresh 2-year low
Continued inversion of yield curve an indication bond market 'sees troubled times': Wells Fargo exec
Snoop Dogg announces the upcoming release of his new cereal Snoop Loopz
Electric car companies tell customers to pay now to lock in tax credit on ordered cars
Pfizer CEO Albert Bourla says he tested positive for COVID-19, has mild symptoms
Nexstar Media purchases 75% of CW Network from Warner Bros Discovery and Paramount
Bank of America chief economist sees high chance of mild recession this year
Over 2M baby swings, rockers recalled over strangulation hazards; 1 death reported
Starbucks asks labor board to suspend all mail ballot elections after misconduct allegations raised
Home Run Inn recalls frozen pizza for possibly containing metal pieces
American workforce shrinks, Tesla milestone and more: Monday's 5 things to know
Meditation app Calm lays off 20% of workforce
Health care workers fired over vaccine mandate awarded $10 million in settlement
Former IRS whistleblower says government will target middle class under Dems' inflation bill: It's 'bulls--t'

日本語タイトル:['']
=== エラー内容 ===
type:<class 'IndexError'>
args:('list index out of range',)
e自身:list index out of range
タイトル:Post-Roe, Americans seek tubal sterilizations — but barriers persist
Trump-allied lawyers pursued voting machine data in multiple states, records reveal
Heat wave map: See where Americans face the most extreme heat risk
Analysis  Another year, another high-profile voter-fraud summit goes bust
Some spiders may enter REM sleep — and maybe even dream, study says
Analysis  The curious timing of Trump naming two allies to access his records
An altered photo in Architectural Digest hid Asian relics
A man chugged ‘cloudy’ liquid during child rape conviction, then died
Liz Cheney's political life is likely ending — and just beginning
Giuliani is target in Ga. criminal probe of 2020 election, lawyer says
Amazon workers walk off job at major West Coast air hub
FBI tests suggest gun in 'Rust' shooting could not fire without trigger pull
Analysis  Fed Needs to Resist Opting Again for Quick and Easy
Analysis  Trump's new argument on the Mar-a-Lago files is weak and insufficient
China's surprise rate cut, economic slowdown send oil prices plunging

日本語タイトル:['']
=== エラー内容 ===
type:<class 'IndexError'>
args:('list index out of range',)
e自身:list index out of range
タイトル:Biden took 'enormous step' toward helping student-loan borrowers, Dems say
Graham says he'll take 2020 fight to 11th Circuit after losing Monday
Trump warns 'terrible things' will happen if country's temperature not cooled
Bolton says Trump's defense against raid is 'almost certainly a lie'
What the Senate's 6 oldest members told us about their age
What to know about buying a used electric car, according to experts
Bayraktar drone maker has three-year waitlist as demand soars
Ukraine: Guerilla units in Kherson assassinate, bomb Russian occupiers
Mar-a-Lago raid: Trump tries to make document request via Truth Social
Ex-Pence aide once 'found classified documents in the ladies' room'
Dollar Vs Yuan: JPMorgan CEO urges US to stand up to China - Markets Insider
Reporter says Marco Rubio won't answer questions but goes on Fox
How to make money from user-generated content ads as a TikTok creator
Gold falls as dollar rallies on weak China data and surprise rate cut - Markets Insider
JetBlue cutting 37 routes from fall and winter schedules

日本語タイトル:['']
=== エラー内容 ===
type:<class 'IndexError'>
args:('list index out of range',)
e自身:list index out of range
タイトル:This high risk investment craze isn't going away
Federal judge rules that Graham must testify in Georgia 2020 investigation
DOJ opposes making public details in Mar-a-Lago search warrant's probable cause affidavit
Pfizer CEO Albert Bourla tests positive for Covid-19 and is experiencing 'very mild symptoms'
William Ruto declared winner of Kenyan presidential vote amid chaos at election center
Academy apologizes to Sacheen Littlefeather, who refused an Oscar on Marlon Brando's behalf
SoulCycle is closing 25% of its studios
UK becomes first nation to approve Covid-19 vaccine targeting both Omicron and original strain
$3 gas could be around the corner
Did you change jobs during the pandemic and then regret it?
Key lines from the search warrant and receipt for Trump's Florida home
Ex-Minneapolis officers J. Alexander Kueng and Tou Thao reject state plea deal in George Floyd killing
Brittney Griner's defense team appeals verdict sentencing her to 9 years on drug smuggling
Activist investor wants Disney to buy back Hulu stake and spin off ESPN
Women in Scotland now have a legal right to free menstrual products

日本語タイトル:['']
=== エラー内容 ===
type:<class 'IndexError'>
args:('list index out of range',)
e自身:list index out of range
タイトル:On ‘Never Have I Ever’ Season 3, Our Favorite Messy Brown Girl Wins
Twitter Users Call Trump An 'Arsonist' After He Offers To 'Change Temperature'
Snoop Dogg Launches 'Snoop Loopz' Breakfast Cereal
My Fallopian Tube Burst Due To An Ectopic Pregnancy. An ER Doctor Sent Me Home.
The Most Popular Shows On Netflix Right Now Besides 'Never Have I Ever'
This Kid's Reaction To Dropping His Hot Dog Is The Play Of The Day
The Most Popular Movies On Netflix Right Now Besides 'Day Shift'
Kaley Cuoco Had An Intervention Post-Divorce: 'I Was Really Losing My Mind'
Video Of Trump Discussing Laws About Classified Info Aged Really Well
35 TikTok Products You’ll Use All Year, But Especially When It’s Hot Out
Reviewers Are Obsessed With Target's Chic Storage Baskets
With Just 3 Words, A Boy At School Changed Everything I Thought I Knew About Myself
25 Of The Funniest Tweets About Married Life (Aug. 2-15)
Meghan Markle, Prince Harry Are Headed Back To The U.K. Next Month
Parents Arrested After Attempting To Grab Their Children During School Lockdown

日本語タイトル:['']
=== エラー内容 ===
type:<class 'IndexError'>
args:('list index out of range',)
e自身:list index out of range
タイトル:Stock Market Today: Dow, S&P Live Updates for Aug. 15, 2022
JPMorgan Says the Stock Rally Has Legs. Morgan Stanley Disagrees
JPMorgan, BofA Are Among Banks Moving Back Into Russian Bond Trading
Higher Interest Rate? Goldman's Marcus Hikes Savings Account to 1.7%
Economists Say a Euro-Zone Recession Is Now More Likely Than Not
Apple (AAPL) Set to Expand Advertising, Bringing Ads to Maps, TV and Books Apps
China Stocks Delisting in Focus as Sinopec and PetroChina to Exit NYSE
Tech Takes Wind Out of Stocks as Bond Yields Climb: Markets Wrap
Thailand Economy Grows Slower Expected Despite Tourist Boom as Inflation Surges
Australia Is 'Done' With Outsized Rate Hikes, Eslake Says
US Homebuilder Confidence Hits Worst Slump Since 2007 Collapse
Indian Billionaire-Investor Rakesh Jhunjhunwala Dies at 62
T-Mobile Surprises as Tech Winner in Tough Stock Market
Bill Gates' TerraPower Raises $750 Million for Cheaper Nuclear
Saudi Billionaire Bin Talal Made $500 Million Russia Bet Near War's Onset

日本語タイトル:['']
=== エラー内容 ===
type:<class 'IndexError'>
args:('list index out of range',)
e自身:list index out of range
タイトル:1 Hot Growth Stock to Buy, and 1 to Avoid (For Now) - The Motley Fool
FiscalNote Holdings, Inc. (NOTE) Q2 2022 Earnings Call Transcript - The Motley Fool
GAN Limited (GAN) Q2 2022 Earnings Call Transcript - The Motley Fool
Why ironSource Stock Popped Today - The Motley Fool
Calithera Biosciences (CALA) Q2 2022 Earnings Call Transcript - The Motley Fool
Why Tesla Stock Was Up Again Monday - The Motley Fool
Acumen Pharmaceuticals, Inc. (ABOS) Q2 2022 Earnings Call Transcript - The Motley Fool
This Growth Stock Is Entering a New Chapter, and It's a Buy Right Now - The Motley Fool
Why Weber Stock Popped Today - The Motley Fool
Agrify Corporation (AGFY) Q2 2022 Earnings Call Transcript - The Motley Fool
Why DouYu Stock Was Up Earlier Today - The Motley Fool
3 High-Growth Stocks That Could Be Worth $1 Trillion in 10 Years -- Or Sooner - The Motley Fool
Why Liquidia Shares Rose 18.4% on Monday - The Motley Fool
Compass, Inc. (COMP) Q2 2022 Earnings Call Transcript - The Motley Fool
3 Cathie Wood Stocks for the Future - The Motley Fool

日本語タイトル:['']
=== エラー内容 ===
type:<class 'IndexError'>
args:('list index out of range',)
e自身:list index out of range
タイトル:Trump-allied lawyers pursued voting machine data in multiple states, records reveal
Analysis  Trump's new argument on the Mar-a-Lago files is weak and insufficient
Giuliani is target in Ga. criminal probe of 2020 election, lawyer says
Post-Roe, Americans seek tubal sterilizations — but barriers persist
Analysis  Another year, another high-profile voter-fraud summit goes bust
Some spiders may enter REM sleep — and maybe even dream, study says
Heat wave map: See where Americans face the most extreme heat risk
Analysis  Fed Needs to Resist Opting Again for Quick and Easy
Analysis  The curious timing of Trump naming two allies to access his records
A man chugged ‘cloudy’ liquid during child rape conviction, then died

日本語タイトル:['']
=== エラー内容 ===
type:<class 'IndexError'>
args:('list index out of range',)
e自身:list index out of range
タイトル:Still reeling from China's data debacle
Elliott exited Twitter during second quarter amid takeover frenzy, filings show
Venezuela's gold reserves drop six tonnes in the first half of 2022
S&P 500 closes higher on Monday, building on its four-week win streak
Morgan Stanley guesses which stocks could be taken over next after Amazon's iRobot buy
Asia's inflation has peaked compared with major economies in other regions, Morgan Stanley says
George Soros Deals a Big Blow to Tesla Rival Rivian
Oil Prices Slide Below $88 A Barrel As China Demand Fades, U.S. Output Rises
Microsoft Makes an Embarrassing Admission
STOCK MARKET NEWS: Dow gains on Disney jump after activist move, housing headwinds mount
Homebuilders see 'housing recession' as sentiment plunges to fresh 2-year low
Continued inversion of yield curve an indication bond market 'sees troubled times': Wells Fargo exec
Trump-allied lawyers pursued voting machine data in multiple states, records reveal
Analysis  Trump's new argument on the Mar-a-Lago files is weak and insufficient
Giuliani is target in Ga. criminal probe of 2020 election, lawyer says
China Says Military Jets Are Flying Into New Areas Amid Taiwan Tension
Graham says he'll take 2020 fight to 11th Circuit after losing Monday
Bolton says Trump's defense against raid is 'almost certainly a lie'
DOJ opposes making public details in Mar-a-Lago search warrant's probable cause affidavit
This high risk investment craze isn't going away
SoulCycle is closing 25% of its studios
Video Of Trump Discussing Laws About Classified Info Aged Really Well
On ‘Never Have I Ever’ Season 3, Our Favorite Messy Brown Girl Wins
Twitter Users Call Trump An 'Arsonist' After He Offers To 'Change Temperature'
Stock Market Today: Dow, S&P Live Updates for Aug. 15, 2022
JPMorgan Says the Stock Rally Has Legs. Morgan Stanley Disagrees
Higher Interest Rate? Goldman's Marcus Hikes Savings Account to 1.7%
1 Hot Growth Stock to Buy, and 1 to Avoid (For Now) - The Motley Fool
FiscalNote Holdings, Inc. (NOTE) Q2 2022 Earnings Call Transcript - The Motley Fool
GAN Limited (GAN) Q2 2022 Earnings Call Transcript - The Motley Fool

日本語タイトル:['']
=== エラー内容 ===
type:<class 'IndexError'>
args:('list index out of range',)
e自身:list index out of range
タイトル:Elliott exited Twitter during second quarter amid takeover frenzy, filings show
Venezuela's gold reserves drop six tonnes in the first half of 2022
Wall Street climbs, adding to recent gains as megacaps rise
Oil extends losses as weak demand outlook lingers
U.S. states urge postal service to halt gas vehicle purchases
Greenback gains, Aussie tumbles after weak Chinese data
Yum China applies to add primary listing in Hong Kong
Most Gulf markets fall; Saudi index gains
Nigeria's annual inflation rises to highest level since 2005
China pares back holdings of U.S. Treasuries for 7th month
Egypt's central bank seen hiking rates to dampen price rises
Tiger Global slashes portfolio amid losses
Donetsk court charges Britons, Swede and Croat as mercenaries, 3 face death penalty
EXCLUSIVE Kimmeridge builds stake in California Resources, in talks for changes
Giuliani a target of Georgia's criminal probe into 2020 U.S. election

日本語タイトル:['']
=== エラー内容 ===
type:<class 'IndexError'>
args:('list index out of range',)
e自身:list index out of range
タイトル:Morgan Stanley guesses which stocks could be taken over next after Amazon's iRobot buy
Asia's inflation has peaked compared with major economies in other regions, Morgan Stanley says
Sell beaten-down Vroom as there's no quick fix for online car retailer in a slowdown, JPMorgan says
Asking if this is a new bull market or bear market bounce might be the wrong question
Stock futures flat after notching gains Monday
Stocks making the biggest moves midday: Disney, Poshmark, Vroom and more
What top tech investor Paul Meeks is buying as tech rallies
Earnings playbook: The investing game plan as retail giants Walmart and Target wrap up the season
Charts suggest investors should buy these 3 stocks into weakness, Jim Cramer says
Dodge will discontinue its Challenger and Charger muscle cars next year
Dow closes up 400 points, S&P 500 rises for fourth straight week as investors warm to cooler inflation
S&P 500 closes flat, Nasdaq dips as market comeback rally takes a breather
Personalized coffees and prestige skincare: Consumers snap up premium products despite cost-of-living crisis
Michael Burry of 'The Big Short' dumps all of his previous stock holdings and adds just one name
European stocks close mixed as investors assess inflation, earnings; Aegon up 9%

日本語タイトル:['']
=== エラー内容 ===
type:<class 'IndexError'>
args:('list index out of range',)
e自身:list index out of range
タイトル:George Soros Deals a Big Blow to Tesla Rival Rivian
Oil Prices Slide Below $88 A Barrel As China Demand Fades, U.S. Output Rises
Microsoft Makes an Embarrassing Admission
Save $100 on Apple's Redesigned MacBook Air With the M2 Chip
Is This Synthetic Biology Pioneer On The Right Track?
Mr. Big Short Issues a Dire Warning About the Economy
Microsoft, Salesforce Make Wells Fargo Software Stock List
Investing Strategy: Single Stock & Bond ETFs: What Are They & Should You Consider Buying Them
You'll Almost Have to Buy an Electric Vehicle if Climate Bill Passes
Stock Market Today - 815: Stocks End Higher; Retail Earnings In Focus
Will Microsoft Stock Keep Rallying? It'll Have to Clear This Key Level.
Walt Disney Has a $30 Billion Growth Plan
Disney Cruise Lines Makes a Major Family-Friendly Change
BBBY Stock: Why It's Getting Harder to Short
Disney Stock Jumps As Activists Third Point Build Stake, Push For ESPN Spinoff, Board Changes

日本語タイトル:['']
=== エラー内容 ===
type:<class 'IndexError'>
args:('list index out of range',)
e自身:list index out of range
タイトル:STOCK MARKET NEWS: Dow gains on Disney jump after activist move, housing headwinds mount
Homebuilders see 'housing recession' as sentiment plunges to fresh 2-year low
Continued inversion of yield curve an indication bond market 'sees troubled times': Wells Fargo exec
Pfizer CEO Albert Bourla says he tested positive for COVID-19, has mild symptoms
Bank of America chief economist sees high chance of mild recession this year
Nexstar Media purchases 75% of CW Network from Warner Bros Discovery and Paramount
Over 2M baby swings, rockers recalled over strangulation hazards; 1 death reported
China growth slows across all fronts in July, prompting unexpected rate cut
Starbucks asks labor board to suspend all mail ballot elections after misconduct allegations raised
Home Run Inn recalls frozen pizza for possibly containing metal pieces
American workforce shrinks, Tesla milestone and more: Monday's 5 things to know
Meditation app Calm lays off 20% of workforce
Former IRS whistleblower says government will target middle class under Dems' inflation bill: It's 'bulls--t'
Health care workers fired over vaccine mandate awarded $10 million in settlement
Johnson & Johnson to end sale of talc-based baby powder globally in 2023

日本語タイトル:['']
=== エラー内容 ===
type:<class 'IndexError'>
args:('list index out of range',)
e自身:list index out of range
タイトル:Analysis  Trump's new argument on the Mar-a-Lago files is weak and insufficient
Post-Roe, Americans seek tubal sterilizations — but barriers persist
Trump-allied lawyers pursued voting machine data in multiple states, records reveal
Analysis  Another year, another high-profile voter-fraud summit goes bust
Some spiders may enter REM sleep — and maybe even dream, study says
Analysis  Peloton's New Strategy Is Spinning All Over the Place
Analysis  The curious timing of Trump naming two allies to access his records
An altered photo in Architectural Digest hid Asian relics
Giuliani is target in Ga. criminal probe of 2020 election, lawyer says
A man chugged ‘cloudy’ liquid during child rape conviction, then died
Liz Cheney's political life is likely ending — and just beginning
Amazon workers walk off job at major West Coast air hub
FBI tests suggest gun in 'Rust' shooting could not fire without trigger pull
Analysis  Fed Needs to Resist Opting Again for Quick and Easy
Justice Department opposes release of Mar-a-Lago affidavit

日本語タイトル:['']
=== エラー内容 ===
type:<class 'IndexError'>
args:('list index out of range',)
e自身:list index out of range
タイトル:Bolton says Trump's defense against raid is 'almost certainly a lie'
Graham says he'll take 2020 fight to 11th Circuit after losing Monday
Biden took 'enormous step' toward helping student-loan borrowers, Dems say
Trump warns 'terrible things' will happen if country's temperature not cooled
What the Senate's 6 oldest members told us about their age
What to know about buying a used electric car, according to experts
Ukraine: Guerilla units in Kherson assassinate, bomb Russian occupiers
Mar-a-Lago raid: Trump tries to make document request via Truth Social
JetBlue cutting 37 routes from fall and winter schedules
Ex-Pence aide once 'found classified documents in the ladies' room'
Dollar Vs Yuan: JPMorgan CEO urges US to stand up to China - Markets Insider
How to make money from user-generated content ads as a TikTok creator
Mar-a-Lago FBI raid: Rand Paul calls for repeal of Espionage Act
Ford selling retro Bronco SUVs to honor 1966 model
Gold falls as dollar rallies on weak China data and surprise rate cut - Markets Insider

日本語タイトル:['']
=== エラー内容 ===
type:<class 'IndexError'>
args:('list index out of range',)
e自身:list index out of range
タイトル:DOJ opposes making public details in Mar-a-Lago search warrant's probable cause affidavit
This high risk investment craze isn't going away
SoulCycle is closing 25% of its studios
Pfizer CEO Albert Bourla tests positive for Covid-19 and is experiencing 'very mild symptoms'
Federal judge rules that Graham must testify in Georgia 2020 investigation
William Ruto declared winner of Kenyan presidential vote amid chaos at election center
Responding to FBI search, Trump and allies return to his familiar strategy: flood the zone with nonsense
Academy apologizes to Sacheen Littlefeather, who refused an Oscar on Marlon Brando's behalf
Rudy Giuliani told by prosecutors he is a target in Georgia 2020 presidential election probe
How to get to sleep the night before an early call or big event
UK becomes first nation to approve Covid-19 vaccine targeting both Omicron and original strain
$3 gas could be around the corner
Did you change jobs during the pandemic and then regret it?
Suspect accused of shooting a coach during a Dallas-area youth football game turns himself in
Key lines from the search warrant and receipt for Trump's Florida home

日本語タイトル:['']
=== エラー内容 ===
type:<class 'IndexError'>
args:('list index out of range',)
e自身:list index out of range
タイトル:Video Of Trump Discussing Laws About Classified Info Aged Really Well
On ‘Never Have I Ever’ Season 3, Our Favorite Messy Brown Girl Wins
Twitter Users Call Trump An 'Arsonist' After He Offers To 'Change Temperature'
Snoop Dogg Launches 'Snoop Loopz' Breakfast Cereal
The Most Popular Shows On Netflix Right Now Besides 'Never Have I Ever'
Giuliani Told He's Target Of Georgia Probe Into 2020 Election Interference
My Fallopian Tube Burst Due To An Ectopic Pregnancy. An ER Doctor Sent Me Home.
This Kid's Reaction To Dropping His Hot Dog Is The Play Of The Day
How ‘Never Have I Ever’ Gave Us Two Wonderfully Different South Asian Moms
Adele Reveals The 'Worst Moment' Of Her Career Happened This Year
The Most Popular Movies On Netflix Right Now Besides 'Day Shift'
Kaley Cuoco Had An Intervention Post-Divorce: 'I Was Really Losing My Mind'
John Oliver Exposes Tragic Consequences Of America's Most 'Mind-Blowing F**k-Up'
35 TikTok Products You’ll Use All Year, But Especially When It’s Hot Out
Reviewers Are Obsessed With Target's Chic Storage Baskets

日本語タイトル:['']
=== エラー内容 ===
type:<class 'IndexError'>
args:('list index out of range',)
e自身:list index out of range
タイトル:Stock Market Today: Dow, S&P Live Updates for Aug. 15, 2022
JPMorgan Says the Stock Rally Has Legs. Morgan Stanley Disagrees
JPMorgan, BofA Are Among Banks Moving Back Into Russian Bond Trading
Higher Interest Rate? Goldman's Marcus Hikes Savings Account to 1.7%
Economists Say a Euro-Zone Recession Is Now More Likely Than Not
Tech Takes Wind Out of Stocks as Bond Yields Climb: Markets Wrap
US Homebuilder Confidence Hits Worst Slump Since 2007 Collapse
Indian Billionaire-Investor Rakesh Jhunjhunwala Dies at 62
China Stocks Delisting in Focus as Sinopec and PetroChina to Exit NYSE
Apple (AAPL) Set to Expand Advertising, Bringing Ads to Maps, TV and Books Apps
Inflation Has Investors Leaning In on the 6040 Portfolio
T-Mobile Surprises as Tech Winner in Tough Stock Market
Thailand Economy Grows Slower Expected Despite Tourist Boom as Inflation Surges
Bill Gates' TerraPower Raises $750 Million for Cheaper Nuclear
Home Capital Rejects Offer, Five Years After Buffett Rescue

日本語タイトル:['']
=== エラー内容 ===
type:<class 'IndexError'>
args:('list index out of range',)
e自身:list index out of range
タイトル:1 Hot Growth Stock to Buy, and 1 to Avoid (For Now) - The Motley Fool
FiscalNote Holdings, Inc. (NOTE) Q2 2022 Earnings Call Transcript - The Motley Fool
GAN Limited (GAN) Q2 2022 Earnings Call Transcript - The Motley Fool
Why ironSource Stock Popped Today - The Motley Fool
Calithera Biosciences (CALA) Q2 2022 Earnings Call Transcript - The Motley Fool
Why Tesla Stock Was Up Again Monday - The Motley Fool
Acumen Pharmaceuticals, Inc. (ABOS) Q2 2022 Earnings Call Transcript - The Motley Fool
This Growth Stock Is Entering a New Chapter, and It's a Buy Right Now - The Motley Fool
Why Weber Stock Popped Today - The Motley Fool
Agrify Corporation (AGFY) Q2 2022 Earnings Call Transcript - The Motley Fool
Why DouYu Stock Was Up Earlier Today - The Motley Fool
3 High-Growth Stocks That Could Be Worth $1 Trillion in 10 Years -- Or Sooner - The Motley Fool
Why Liquidia Shares Rose 18.4% on Monday - The Motley Fool
3 Cathie Wood Stocks for the Future - The Motley Fool
Warren Buffett Says This Type of Investor Benefits Most When Stock Prices Fall - The Motley Fool

日本語タイトル:['']
=== エラー内容 ===
type:<class 'IndexError'>
args:('list index out of range',)
e自身:list index out of range
タイトル:China Says Military Jets Are Flying Into New Areas Amid Taiwan Tension
Graham says he'll take 2020 fight to 11th Circuit after losing Monday
Trump warns 'terrible things' will happen if country's temperature not cooled
Mar-a-Lago raid: DOJ asks court to keep search warrant affidavit sealed
Bolton says Trump's defense against raid is 'almost certainly a lie'
What the Senate's 6 oldest members told us about their age
How Wall Street bulls are reacting to fresh inflation data
What to know about buying a used electric car, according to experts
Ukraine: Guerilla units in Kherson assassinate, bomb Russian occupiers
Bayraktar drone maker has three-year waitlist as demand soars

日本語タイトル:['']
=== エラー内容 ===
type:<class 'IndexError'>
args:('list index out of range',)
e自身:list index out of range
タイトル:Still reeling from China's data debacle
Elliott exited Twitter during second quarter amid takeover frenzy, filings show
Venezuela's gold reserves drop six tonnes in the first half of 2022
Morgan Stanley guesses which stocks could be taken over next after Amazon's iRobot buy
Asia's inflation has peaked compared with major economies in other regions, Morgan Stanley says
Sell beaten-down Vroom as there's no quick fix for online car retailer in a slowdown, JPMorgan says
George Soros Deals a Big Blow to Tesla Rival Rivian
Oil Prices Slide Below $88 A Barrel As China Demand Fades, U.S. Output Rises
Microsoft Makes an Embarrassing Admission
STOCK MARKET NEWS: Dow gains on Disney jump after activist move, housing headwinds mount
Snoop Dogg announces the upcoming release of his new cereal Snoop Loopz
Homebuilders see 'housing recession' as sentiment plunges to fresh 2-year low
Trump-allied lawyers pursued voting machine data in multiple states, records reveal
Analysis  Trump's new argument on the Mar-a-Lago files is weak and insufficient
Post-Roe, Americans seek tubal sterilizations — but barriers persist
China Says Military Jets Are Flying Into New Areas Amid Taiwan Tension
Graham says he'll take 2020 fight to 11th Circuit after losing Monday
Trump warns 'terrible things' will happen if country's temperature not cooled
DOJ opposes making public details in Mar-a-Lago search warrant's probable cause affidavit
This high risk investment craze isn't going away
SoulCycle is closing 25% of its studios
On ‘Never Have I Ever’ Season 3, Our Favorite Messy Brown Girl Wins
Twitter Users Call Trump An 'Arsonist' After He Offers To 'Change Temperature'
Snoop Dogg Launches 'Snoop Loopz' Breakfast Cereal
Stock Market Today: Dow, S&P Live Updates for Aug. 15, 2022
JPMorgan Says the Stock Rally Has Legs. Morgan Stanley Disagrees
JPMorgan, BofA Are Among Banks Moving Back Into Russian Bond Trading
1 Hot Growth Stock to Buy, and 1 to Avoid (For Now) - The Motley Fool
FiscalNote Holdings, Inc. (NOTE) Q2 2022 Earnings Call Transcript - The Motley Fool
GAN Limited (GAN) Q2 2022 Earnings Call Transcript - The Motley Fool

日本語タイトル:['']
=== エラー内容 ===
type:<class 'IndexError'>
args:('list index out of range',)
e自身:list index out of range
タイトル:Elliott exited Twitter during second quarter amid takeover frenzy, filings show
Venezuela's gold reserves drop six tonnes in the first half of 2022
Wall Street climbs, adding to recent gains as megacaps rise
Oil extends losses as weak demand outlook lingers
Stocks drift, oil slumps on recession fears
Stocks, U.S. dollar gain despite surprise weak China data
China pares back holdings of U.S. Treasuries for 7th month
Morning Bid: Chill from the East
Goldman, Morgan Stanley seek to end investors' Archegos-linked lawsuits
Most Gulf markets fall; Saudi index gains
Egypt's central bank seen hiking rates to dampen price rises
China new home prices in July unchanged from June, down 0.9% yy
Tiger Global slashes portfolio amid losses
Donetsk court charges Britons, Swede and Croat as mercenaries, 3 face death penalty
SAS bridge financing keeps survival hopes airborne, shares climb

日本語タイトル:['']
=== エラー内容 ===
type:<class 'IndexError'>
args:('list index out of range',)
e自身:list index out of range
タイトル:Morgan Stanley guesses which stocks could be taken over next after Amazon's iRobot buy
S&P 500 closes higher on Monday, building on its four-week win streak
Asia's inflation has peaked compared with major economies in other regions, Morgan Stanley says
Sell beaten-down Vroom as there's no quick fix for online car retailer in a slowdown, JPMorgan says
Asking if this is a new bull market or bear market bounce might be the wrong question
Stock futures slightly down after notching gains Monday
Charts suggest investors should buy these 3 stocks into weakness, Jim Cramer says
Annuities that protect from stock market losses are surging this year
Stocks making the biggest moves midday: Disney, Poshmark, Vroom and more
What top tech investor Paul Meeks is buying as tech rallies
Dodge will discontinue its Challenger and Charger muscle cars next year
S&P 500 closes flat, Nasdaq dips as market comeback rally takes a breather
Personalized coffees and prestige skincare: Consumers snap up premium products despite cost-of-living crisis
Unity shares drop 7% after board rejects acquisition by AppLovin
European stocks close mixed as investors assess inflation, earnings; Aegon up 9%

日本語タイトル:['']
=== エラー内容 ===
type:<class 'IndexError'>
args:('list index out of range',)
e自身:list index out of range
タイトル:Oil Prices Slide Below $88 A Barrel As China Demand Fades, U.S. Output Rises
George Soros Deals a Big Blow to Tesla Rival Rivian
Microsoft Makes an Embarrassing Admission
Over 1.7 Million Fords and Lincolns Are at Risk of Being Recalled
Save $100 on Apple's Redesigned MacBook Air With the M2 Chip
Is This Synthetic Biology Pioneer On The Right Track?
Mr. Big Short Issues a Dire Warning About the Economy
Microsoft, Salesforce Make Wells Fargo Software Stock List
Investing Strategy: Single Stock & Bond ETFs: What Are They & Should You Consider Buying Them
You'll Almost Have to Buy an Electric Vehicle if Climate Bill Passes
Will Microsoft Stock Keep Rallying? It'll Have to Clear This Key Level.
Stock Market Today - 815: Stocks End Higher; Retail Earnings In Focus
Disney Cruise Lines Makes a Major Family-Friendly Change
BBBY Stock: Why It's Getting Harder to Short
We Tried Samsung’s 55-inch Curved Odyssey Ark Gaming Screen

日本語タイトル:['']
=== エラー内容 ===
type:<class 'IndexError'>
args:('list index out of range',)
e自身:list index out of range
タイトル:STOCK MARKET NEWS: Dow gains on Disney jump after activist move, housing headwinds mount
Snoop Dogg announces the upcoming release of his new cereal Snoop Loopz
Homebuilders see 'housing recession' as sentiment plunges to fresh 2-year low
Electric car companies tell customers to pay now to lock in tax credit on ordered cars
Pfizer CEO Albert Bourla says he tested positive for COVID-19, has mild symptoms
Nexstar Media purchases 75% of CW Network from Warner Bros Discovery and Paramount
Bank of America chief economist sees high chance of mild recession this year
Continued inversion of yield curve an indication bond market 'sees troubled times': Wells Fargo exec
Over 2M baby swings, rockers recalled over strangulation hazards; 1 death reported
Former IRS whistleblower says government will target middle class under Dems' inflation bill: It's 'bulls--t'
China growth slows across all fronts in July, prompting unexpected rate cut
Starbucks asks labor board to suspend all mail ballot elections after misconduct allegations raised
Health care workers fired over vaccine mandate awarded $10 million in settlement
Home Run Inn recalls frozen pizza for possibly containing metal pieces
Meditation app Calm lays off 20% of workforce

日本語タイトル:['']
=== エラー内容 ===
type:<class 'IndexError'>
args:('list index out of range',)
e自身:list index out of range
タイトル:Post-Roe, Americans seek tubal sterilizations — but barriers persist
Amazon workers walk off job at major West Coast air hub
Analysis  Trump's new argument on the Mar-a-Lago files is weak and insufficient
Trump-allied lawyers pursued voting machine data in multiple states, records reveal
Analysis  Another year, another high-profile voter-fraud summit goes bust
Heat wave map: See where Americans face the most extreme heat risk
Some spiders may enter REM sleep — and maybe even dream, study says
Analysis  The curious timing of Trump naming two allies to access his records
A man chugged ‘cloudy’ liquid during child rape conviction, then died
Liz Cheney's political life is likely ending — and just beginning
An altered photo in Architectural Digest hid Asian relics
China's surprise rate cut, economic slowdown send oil prices plunging
Justice Department opposes release of Mar-a-Lago affidavit
2 million MamaRoo infant swings recalled due to strangulation risk
French bulldog taken at gunpoint in D.C. has been found dead

日本語タイトル:['']
=== エラー内容 ===
type:<class 'IndexError'>
args:('list index out of range',)
e自身:list index out of range
タイトル:Graham says he'll take 2020 fight to 11th Circuit after losing Monday
Biden took 'enormous step' toward helping student-loan borrowers, Dems say
Trump warns 'terrible things' will happen if country's temperature not cooled
Mar-a-Lago raid: DOJ asks court to keep search warrant affidavit sealed
Bolton says Trump's defense against raid is 'almost certainly a lie'
What the Senate's 6 oldest members told us about their age
What to know about buying a used electric car, according to experts
Ukraine: Guerilla units in Kherson assassinate, bomb Russian occupiers
Bayraktar drone maker has three-year waitlist as demand soars
Elon Musk wins a round in Twitter case with documents ordered
Ex-Pence aide once 'found classified documents in the ladies' room'
Mar-a-Lago FBI raid: Rand Paul calls for repeal of Espionage Act
Putin knows Ukraine invasion was 'big mistake': former NATO commander
How to make money from user-generated content ads as a TikTok creator
Ford selling retro Bronco SUVs to honor 1966 model

日本語タイトル:['']
=== エラー内容 ===
type:<class 'IndexError'>
args:('list index out of range',)
e自身:list index out of range
タイトル:DOJ opposes making public details in Mar-a-Lago search warrant's probable cause affidavit
This high risk investment craze isn't going away
William Ruto declared winner of Kenyan presidential vote amid chaos at election center
Pfizer CEO Albert Bourla tests positive for Covid-19 and is experiencing 'very mild symptoms'
5 ways being single can cost you more
Rudy Giuliani told by prosecutors he is a target in Georgia 2020 presidential election probe
$3 gas could be around the corner
SoulCycle is closing 25% of its studios
Federal judge rules that Graham must testify in Georgia 2020 investigation
Did you change jobs during the pandemic and then regret it?
Suspect accused of shooting a coach during a Dallas-area youth football game turns himself in
Key lines from the search warrant and receipt for Trump's Florida home
Brittney Griner's defense team appeals verdict sentencing her to 9 years on drug smuggling
Responding to FBI search, Trump and allies return to his familiar strategy: flood the zone with nonsense
Ex-Minneapolis officers J. Alexander Kueng and Tou Thao reject state plea deal in George Floyd killing

日本語タイトル:['']
=== エラー内容 ===
type:<class 'IndexError'>
args:('list index out of range',)
e自身:list index out of range
タイトル:On ‘Never Have I Ever’ Season 3, Our Favorite Messy Brown Girl Wins
Twitter Users Call Trump An 'Arsonist' After He Offers To 'Change Temperature'
Snoop Dogg Launches 'Snoop Loopz' Breakfast Cereal
The Most Popular Shows On Netflix Right Now Besides 'Never Have I Ever'
Giuliani Told He's Target Of Georgia Probe Into 2020 Election Interference
My Fallopian Tube Burst Due To An Ectopic Pregnancy. An ER Doctor Sent Me Home.
The Funniest Tweets From Women This Week (Aug. 6-12)
This Kid's Reaction To Dropping His Hot Dog Is The Play Of The Day
How ‘Never Have I Ever’ Gave Us Two Wonderfully Different South Asian Moms
Kaley Cuoco Had An Intervention Post-Divorce: 'I Was Really Losing My Mind'
John Oliver Exposes Tragic Consequences Of America's Most 'Mind-Blowing F**k-Up'
Adele Reveals The 'Worst Moment' Of Her Career Happened This Year
Video Of Trump Discussing Laws About Classified Info Aged Really Well
35 TikTok Products You’ll Use All Year, But Especially When It’s Hot Out
Reviewers Are Obsessed With Target's Chic Storage Baskets

日本語タイトル:['']
=== エラー内容 ===
type:<class 'IndexError'>
args:('list index out of range',)
e自身:list index out of range
タイトル:Stock Market Today: Dow, S&P Live Updates for Aug. 15, 2022
JPMorgan, BofA Are Among Banks Moving Back Into Russian Bond Trading
JPMorgan Says the Stock Rally Has Legs. Morgan Stanley Disagrees
Higher Interest Rate? Goldman's Marcus Hikes Savings Account to 1.7%
Economists Say a Euro-Zone Recession Is Now More Likely Than Not
Tech Takes Wind Out of Stocks as Bond Yields Climb: Markets Wrap
US Homebuilder Confidence Hits Worst Slump Since 2007 Collapse
Thailand Economy Grows Slower Expected Despite Tourist Boom as Inflation Surges
Indian Billionaire-Investor Rakesh Jhunjhunwala Dies at 62
China Stocks Delisting in Focus as Sinopec and PetroChina to Exit NYSE
Apple (AAPL) Set to Expand Advertising, Bringing Ads to Maps, TV and Books Apps
Crypto Says Institutions Are Back, Though Retail Has Cold Feet
Inflation Has Investors Leaning In on the 6040 Portfolio
T-Mobile Surprises as Tech Winner in Tough Stock Market
Bill Gates' TerraPower Raises $750 Million for Cheaper Nuclear

日本語タイトル:['']
=== エラー内容 ===
type:<class 'IndexError'>
args:('list index out of range',)
e自身:list index out of range
タイトル:FiscalNote Holdings, Inc. (NOTE) Q2 2022 Earnings Call Transcript - The Motley Fool
GAN Limited (GAN) Q2 2022 Earnings Call Transcript - The Motley Fool
Why ironSource Stock Popped Today - The Motley Fool
Calithera Biosciences (CALA) Q2 2022 Earnings Call Transcript - The Motley Fool
Why Tesla Stock Was Up Again Monday - The Motley Fool
Acumen Pharmaceuticals, Inc. (ABOS) Q2 2022 Earnings Call Transcript - The Motley Fool
This Growth Stock Is Entering a New Chapter, and It's a Buy Right Now - The Motley Fool
Why Weber Stock Popped Today - The Motley Fool
Agrify Corporation (AGFY) Q2 2022 Earnings Call Transcript - The Motley Fool
Why DouYu Stock Was Up Earlier Today - The Motley Fool
Why Liquidia Shares Rose 18.4% on Monday - The Motley Fool
Warren Buffett Says This Type of Investor Benefits Most When Stock Prices Fall - The Motley Fool
Got $100? Buy the Dip on This Beaten-Down Growth Stock - The Motley Fool
Your Investments vs. a Bear Market: How to Come Out on Top - The Motley Fool
This Stock Is Beating Amazon at Its Own Game - The Motley Fool

日本語タイトル:['']
=== エラー内容 ===
type:<class 'IndexError'>
args:('list index out of range',)
e自身:list index out of range
タイトル:Mar-a-Lago raid: DOJ asks court to keep search warrant affidavit sealed
China Says Military Jets Are Flying Into New Areas Amid Taiwan Tension
Graham says he'll take 2020 fight to 11th Circuit after losing Monday
Bolton says Trump's defense against raid is 'almost certainly a lie'
Biden took 'enormous step' toward helping student-loan borrowers, Dems say
Trump warns 'terrible things' will happen if country's temperature not cooled
What the Senate's 6 oldest members told us about their age
How Wall Street bulls are reacting to fresh inflation data
Ukraine: Guerilla units in Kherson assassinate, bomb Russian occupiers
What to know about buying a used electric car, according to experts

日本語タイトル:['']
=== エラー内容 ===
type:<class 'IndexError'>
args:('list index out of range',)
e自身:list index out of range
タイトル:Still reeling from China's data debacle
Wall Street climbs, adding to recent gains as megacaps rise
Venezuela's gold reserves drop six tonnes in the first half of 2022
S&P 500 closes higher on Monday, building on its four-week win streak
The summer rally has been very bullish, but strategists say a big sell-off next month is possible
Morgan Stanley guesses which stocks could be taken over next after Amazon's iRobot buy
Oil Prices Slide Below $88 A Barrel As China Demand Fades, U.S. Output Rises
George Soros Deals a Big Blow to Tesla Rival Rivian
Microsoft Makes an Embarrassing Admission
STOCK MARKET NEWS: Dow gains on Disney jump after activist move, housing headwinds mount
Homebuilders see 'housing recession' as sentiment plunges to fresh 2-year low
Continued inversion of yield curve an indication bond market 'sees troubled times': Wells Fargo exec
Trump-allied lawyers pursued voting machine data in multiple states, records reveal
Analysis  Trump's new argument on the Mar-a-Lago files is weak and insufficient
Humans may have passed monkeypox to their dog, report says
Mar-a-Lago raid: DOJ asks court to keep search warrant affidavit sealed
China Says Military Jets Are Flying Into New Areas Amid Taiwan Tension
Graham says he'll take 2020 fight to 11th Circuit after losing Monday
DOJ opposes making public details in Mar-a-Lago search warrant's probable cause affidavit
This high risk investment craze isn't going away
SoulCycle is closing 25% of its studios
25 Of The Funniest Tweets About Married Life (Aug. 2-15)
Video Of Trump Discussing Laws About Classified Info Aged Really Well
Twitter Users Call Trump An 'Arsonist' After He Offers To 'Change Temperature'
Stock Market Today: Dow, S&P Live Updates for Aug. 15, 2022
JPMorgan, BofA Are Among Banks Moving Back Into Russian Bond Trading
JPMorgan Says the Stock Rally Has Legs. Morgan Stanley Disagrees
1 Hot Growth Stock to Buy, and 1 to Avoid (For Now) - The Motley Fool
FiscalNote Holdings, Inc. (NOTE) Q2 2022 Earnings Call Transcript - The Motley Fool
GAN Limited (GAN) Q2 2022 Earnings Call Transcript - The Motley Fool

日本語タイトル:['']
=== エラー内容 ===
type:<class 'IndexError'>
args:('list index out of range',)
e自身:list index out of range
タイトル:Wall Street climbs, adding to recent gains as megacaps rise
Venezuela's gold reserves drop six tonnes in the first half of 2022
China pares back holdings of U.S. Treasuries for 7th month
Oil extends losses as weak demand outlook lingers
Tiger Global slashes portfolio amid losses
Greenback gains, Aussie tumbles after weak Chinese data
Stocks drift, oil slumps on recession fears
Nigeria's annual inflation rises to highest level since 2005
Russia's Polyus plans bond issue denominated in yuan - Interfax
Most Gulf markets fall; Saudi index gains
Donetsk court charges Britons, Swede and Croat as mercenaries, 3 face death penalty
Egypt's central bank seen hiking rates to dampen price rises
EXCLUSIVE Kimmeridge builds stake in California Resources, in talks for changes
SAS bridge financing keeps survival hopes airborne, shares climb
Norway's climate choice: old oil, gas fields switch to green power or close early

日本語タイトル:['']
=== エラー内容 ===
type:<class 'IndexError'>
args:('list index out of range',)
e自身:list index out of range
タイトル:The summer rally has been very bullish, but strategists say a big sell-off next month is possible
Morgan Stanley guesses which stocks could be taken over next after Amazon's iRobot buy
Asia's inflation has peaked compared with major economies in other regions, Morgan Stanley says
Sell beaten-down Vroom as there's no quick fix for online car retailer in a slowdown, JPMorgan says
Stocks making the biggest moves midday: Disney, Poshmark, Vroom and more
Asking if this is a new bull market or bear market bounce might be the wrong question
Charts suggest investors should buy these 3 stocks into weakness, Jim Cramer says
What top tech investor Paul Meeks is buying as tech rallies
Dodge will discontinue its Challenger and Charger muscle cars next year
Dow closes up 400 points, S&P 500 rises for fourth straight week as investors warm to cooler inflation
Cramer’s week ahead: Retail giants report with all eyes on the consumer
Stock futures slightly down after notching gains Monday
S&P 500 closes flat, Nasdaq dips as market comeback rally takes a breather
4 takeaways from the Investing Club's 'Morning Meeting' on Monday
Personalized coffees and prestige skincare: Consumers snap up premium products despite cost-of-living crisis

日本語タイトル:['']
=== エラー内容 ===
type:<class 'IndexError'>
args:('list index out of range',)
e自身:list index out of range
タイトル:Oil Prices Slide Below $88 A Barrel As China Demand Fades, U.S. Output Rises
George Soros Deals a Big Blow to Tesla Rival Rivian
Microsoft Makes an Embarrassing Admission
Over 1.7 Million Fords and Lincolns Are at Risk of Being Recalled
Save $100 on Apple's Redesigned MacBook Air With the M2 Chip
Mr. Big Short Michael Burry Makes a Shocking Decision
Is This Synthetic Biology Pioneer On The Right Track?
Investing Strategy: Single Stock & Bond ETFs: What Are They & Should You Consider Buying Them
You'll Almost Have to Buy an Electric Vehicle if Climate Bill Passes
Microsoft, Salesforce Make Wells Fargo Software Stock List
Stock Market Today - 815: Stocks End Higher; Retail Earnings In Focus
Will Microsoft Stock Keep Rallying? It'll Have to Clear This Key Level.
Disney Cruise Lines Makes a Major Family-Friendly Change
Buffett Remains Bullish On Oil, Adds to Chevron, Occidental Stakes
BBBY Stock: Why It's Getting Harder to Short

日本語タイトル:['']
=== エラー内容 ===
type:<class 'IndexError'>
args:('list index out of range',)
e自身:list index out of range
タイトル:STOCK MARKET NEWS: Dow gains on Disney jump after activist move, housing headwinds mount
Homebuilders see 'housing recession' as sentiment plunges to fresh 2-year low
Pfizer CEO Albert Bourla says he tested positive for COVID-19, has mild symptoms
Electric car companies tell customers to pay now to lock in tax credit on ordered cars
Bank of America chief economist sees high chance of mild recession this year
Nexstar Media purchases 75% of CW Network from Warner Bros Discovery and Paramount
Continued inversion of yield curve an indication bond market 'sees troubled times': Wells Fargo exec
Over 2M baby swings, rockers recalled over strangulation hazards; 1 death reported
Bear market poised to last longer despite recent Wall Street rally, Morgan Stanley warns
China growth slows across all fronts in July, prompting unexpected rate cut
Former IRS whistleblower says government will target middle class under Dems' inflation bill: It's 'bulls--t'
Home Run Inn recalls frozen pizza for possibly containing metal pieces
Health care workers fired over vaccine mandate awarded $10 million in settlement
Meditation app Calm lays off 20% of workforce
Starbucks asks labor board to suspend all mail ballot elections after misconduct allegations raised

日本語タイトル:['']
=== エラー内容 ===
type:<class 'IndexError'>
args:('list index out of range',)
e自身:list index out of range
タイトル:Humans may have passed monkeypox to their dog, report says
Post-Roe, Americans seek tubal sterilizations — but barriers persist
Heat wave map: See where Americans face the most extreme heat risk
Trump-allied lawyers pursued voting machine data in multiple states, records reveal
Amazon workers walk off job at major West Coast air hub
Analysis  Trump's new argument on the Mar-a-Lago files is weak and insufficient
Some spiders may enter REM sleep — and maybe even dream, study says
Analysis  The curious timing of Trump naming two allies to access his records
A man chugged ‘cloudy’ liquid during child rape conviction, then died
Liz Cheney's political life is likely ending — and just beginning
Analysis  Fed Needs to Resist Opting Again for Quick and Easy
An altered photo in Architectural Digest hid Asian relics
FBI tests suggest gun in 'Rust' shooting could not fire without trigger pull
China's surprise rate cut, economic slowdown send oil prices plunging
Giuliani is target in Ga. criminal probe of 2020 election, lawyer says

日本語タイトル:['']
=== エラー内容 ===
type:<class 'IndexError'>
args:('list index out of range',)
e自身:list index out of range
タイトル:Mar-a-Lago raid: DOJ asks court to keep search warrant affidavit sealed
Graham says he'll take 2020 fight to 11th Circuit after losing Monday
Biden took 'enormous step' toward helping student-loan borrowers, Dems say
Trump warns 'terrible things' will happen if country's temperature not cooled
What the Senate's 6 oldest members told us about their age
Bayraktar drone maker has three-year waitlist as demand soars
Ukraine: Guerilla units in Kherson assassinate, bomb Russian occupiers
What to know about buying a used electric car, according to experts
Elon Musk wins a round in Twitter case with documents ordered
Ex-Pence aide once 'found classified documents in the ladies' room'
Mar-a-Lago FBI raid: Rand Paul calls for repeal of Espionage Act
How to make money from user-generated content ads as a TikTok creator
Putin knows Ukraine invasion was 'big mistake': former NATO commander
JetBlue cutting 37 routes from fall and winter schedules
Ford selling retro Bronco SUVs to honor 1966 model

日本語タイトル:['']
=== エラー内容 ===
type:<class 'IndexError'>
args:('list index out of range',)
e自身:list index out of range
タイトル:DOJ opposes making public details in Mar-a-Lago search warrant's probable cause affidavit
This high risk investment craze isn't going away
William Ruto declared winner of Kenyan presidential vote amid chaos at election center
Pfizer CEO Albert Bourla tests positive for Covid-19 and is experiencing 'very mild symptoms'
Federal judge rules that Graham must testify in Georgia 2020 investigation
SoulCycle is closing 25% of its studios
Rudy Giuliani told by prosecutors he is a target in Georgia 2020 presidential election probe
$3 gas could be around the corner
Responding to FBI search, Trump and allies return to his familiar strategy: flood the zone with nonsense
Did you change jobs during the pandemic and then regret it?
Brittney Griner's defense team appeals verdict sentencing her to 9 years on drug smuggling
Ex-Minneapolis officers J. Alexander Kueng and Tou Thao reject state plea deal in George Floyd killing
UK becomes first nation to approve Covid-19 vaccine targeting both Omicron and original strain
Shoppers rush for the exits as Shanghai Ikea goes into lockdown
Women in Scotland now have a legal right to free menstrual products

日本語タイトル:['']
=== エラー内容 ===
type:<class 'IndexError'>
args:('list index out of range',)
e自身:list index out of range
タイトル:25 Of The Funniest Tweets About Married Life (Aug. 2-15)
Video Of Trump Discussing Laws About Classified Info Aged Really Well
On ‘Never Have I Ever’ Season 3, Our Favorite Messy Brown Girl Wins
Twitter Users Call Trump An 'Arsonist' After He Offers To 'Change Temperature'
Snoop Dogg Launches 'Snoop Loopz' Breakfast Cereal
Kaley Cuoco Had An Intervention Post-Divorce: 'I Was Really Losing My Mind'
My Fallopian Tube Burst Due To An Ectopic Pregnancy. An ER Doctor Sent Me Home.
The Most Popular Shows On Netflix Right Now Besides 'Never Have I Ever'
The Funniest Tweets From Women This Week (Aug. 6-12)
How ‘Never Have I Ever’ Gave Us Two Wonderfully Different South Asian Moms
John Oliver Exposes Tragic Consequences Of America's Most 'Mind-Blowing F**k-Up'
Adele Reveals The 'Worst Moment' Of Her Career Happened This Year
This Kid's Reaction To Dropping His Hot Dog Is The Play Of The Day
35 TikTok Products You’ll Use All Year, But Especially When It’s Hot Out
Reviewers Are Obsessed With Target's Chic Storage Baskets

日本語タイトル:['']
=== エラー内容 ===
type:<class 'IndexError'>
args:('list index out of range',)
e自身:list index out of range
タイトル:Stock Market Today: Dow, S&P Live Updates for Aug. 15, 2022
JPMorgan, BofA Are Among Banks Moving Back Into Russian Bond Trading
Higher Interest Rate? Goldman's Marcus Hikes Savings Account to 1.7%
Economists Say a Euro-Zone Recession Is Now More Likely Than Not
Bill Gates' TerraPower Raises $750 Million for Cheaper Nuclear
Asia Crypto Exchange Zipmex CEO Marcus Lim Under Pressure to Resign
China Stocks Delisting in Focus as Sinopec and PetroChina to Exit NYSE
Tech Takes Wind Out of Stocks as Bond Yields Climb: Markets Wrap
Thailand Economy Grows Slower Expected Despite Tourist Boom as Inflation Surges
Richemont Says Ex-Bulgari CEO Is Inappropriate for Board
Indian Billionaire-Investor Rakesh Jhunjhunwala Dies at 62
JPMorgan Says the Stock Rally Has Legs. Morgan Stanley Disagrees
US Homebuilder Confidence Hits Worst Slump Since 2007 Collapse
Crypto Says Institutions Are Back, Though Retail Has Cold Feet
Uber Raises Prices by About 5% in London to Attract More Drivers

日本語タイトル:['']
=== エラー内容 ===
type:<class 'IndexError'>
args:('list index out of range',)
e自身:list index out of range
タイトル:FiscalNote Holdings, Inc. (NOTE) Q2 2022 Earnings Call Transcript - The Motley Fool
GAN Limited (GAN) Q2 2022 Earnings Call Transcript - The Motley Fool
Why ironSource Stock Popped Today - The Motley Fool
Calithera Biosciences (CALA) Q2 2022 Earnings Call Transcript - The Motley Fool
Why Tesla Stock Was Up Again Monday - The Motley Fool
This Growth Stock Is Entering a New Chapter, and It's a Buy Right Now - The Motley Fool
Why Weber Stock Popped Today - The Motley Fool
Why DouYu Stock Was Up Earlier Today - The Motley Fool
Why Liquidia Shares Rose 18.4% on Monday - The Motley Fool
Warren Buffett Says This Type of Investor Benefits Most When Stock Prices Fall - The Motley Fool
Got $100? Buy the Dip on This Beaten-Down Growth Stock - The Motley Fool
Your Investments vs. a Bear Market: How to Come Out on Top - The Motley Fool
Why Gilead Sciences Stock Was a 5% Winner Today - The Motley Fool
This Stock Is Beating Amazon at Its Own Game - The Motley Fool
Higher Tax Bills Are Coming for Social Security Retirees. Here's Why - The Motley Fool

日本語タイトル:['']
=== エラー内容 ===
type:<class 'IndexError'>
args:('list index out of range',)
e自身:list index out of range
タイトル:Still reeling from China's data debacle
Venezuela's gold reserves drop six tonnes in the first half of 2022
Wall Street climbs, adding to recent gains as megacaps rise
China pares back holdings of U.S. Treasuries for 7th month
U.S. states urge postal service to halt gas vehicle purchases
Morning Bid: Chill from the East
Oil settles lower on weak economic Chinese economic data
ESG funds face U.S. SEC probe over trading away votes - Bloomberg News
Most Gulf markets fall; Saudi index gains
Snap reaches 1 mln premium subscribers in bid for new revenue

日本語タイトル:['']
=== エラー内容 ===
type:<class 'IndexError'>
args:('list index out of range',)
e自身:list index out of range
タイトル:Still reeling from China's data debacle
Venezuela's gold reserves drop six tonnes in the first half of 2022
Wall Street climbs, adding to recent gains as megacaps rise
The summer rally has been very bullish, but strategists say a big sell-off next month is possible
Morgan Stanley guesses which stocks could be taken over next after Amazon's iRobot buy
S&P 500 closes higher on Monday, building on its four-week win streak
Oil Prices Slide Below $88 A Barrel As China Demand Fades, U.S. Output Rises
George Soros Deals a Big Blow to Tesla Rival Rivian
So, Just How Bad Is China Right Now, Really? - RealMoney
STOCK MARKET NEWS: Dow gains on Disney jump after activist move, housing headwinds mount
Homebuilders see 'housing recession' as sentiment plunges to fresh 2-year low
Continued inversion of yield curve an indication bond market 'sees troubled times': Wells Fargo exec
Humans may have passed monkeypox to their dog, report says
Post-Roe, Americans seek tubal sterilizations — but barriers persist
Trump-allied lawyers pursued voting machine data in multiple states, records reveal
China Says Military Jets Are Flying Into New Areas Amid Taiwan Tension
Graham says he'll take 2020 fight to 11th Circuit after losing Monday
Bolton says Trump's defense against raid is 'almost certainly a lie'
DOJ opposes making public details in Mar-a-Lago search warrant's probable cause affidavit
This high risk investment craze isn't going away
WeWork's former CEO has a new startup, reportedly valued at more than $1 billion
25 Of The Funniest Tweets About Married Life (Aug. 2-15)
Video Of Trump Discussing Laws About Classified Info Aged Really Well
On ‘Never Have I Ever’ Season 3, Our Favorite Messy Brown Girl Wins
Stock Market Today: Dow, S&P Live Updates for Aug. 15, 2022
JPMorgan, BofA Are Among Banks Moving Back Into Russian Bond Trading
Chipmakers' Pandemic Boom Turns to Bust With Recession Looming
FiscalNote Holdings, Inc. (NOTE) Q2 2022 Earnings Call Transcript - The Motley Fool
GAN Limited (GAN) Q2 2022 Earnings Call Transcript - The Motley Fool
Why ironSource Stock Popped Today - The Motley Fool

日本語タイトル:['']
=== エラー内容 ===
type:<class 'IndexError'>
args:('list index out of range',)
e自身:list index out of range
タイトル:Venezuela's gold reserves drop six tonnes in the first half of 2022
Wall Street climbs, adding to recent gains as megacaps rise
Stocks drift, oil slumps on recession fears
Yum China applies to add primary listing in Hong Kong
Oil settles lower on weak economic Chinese economic data
Greenback gains, Aussie tumbles after weak Chinese data
Nigeria's annual inflation rises to highest level since 2005
Most Gulf markets fall; Saudi index gains
China pares back holdings of U.S. Treasuries for 7th month
Egypt's central bank seen hiking rates to dampen price rises
Donetsk court charges Britons, Swede and Croat as mercenaries, 3 face death penalty
Tiger Global slashes portfolio amid losses
EXCLUSIVE Kimmeridge builds stake in California Resources, in talks for changes
SAS bridge financing keeps survival hopes airborne, shares climb
Giuliani a target of Georgia's criminal probe into 2020 U.S. election

日本語タイトル:['']
=== エラー内容 ===
type:<class 'IndexError'>
args:('list index out of range',)
e自身:list index out of range
タイトル:The summer rally has been very bullish, but strategists say a big sell-off next month is possible
S&P 500 closes higher on Monday, building on its four-week win streak
Morgan Stanley guesses which stocks could be taken over next after Amazon's iRobot buy
Asia's inflation has peaked compared with major economies in other regions, Morgan Stanley says
Sell beaten-down Vroom as there's no quick fix for online car retailer in a slowdown, JPMorgan says
Stocks making the biggest moves midday: Disney, Poshmark, Vroom and more
Asking if this is a new bull market or bear market bounce might be the wrong question
Stock futures slightly down after notching gains Monday
What top tech investor Paul Meeks is buying as tech rallies
Charts suggest investors should buy these 3 stocks into weakness, Jim Cramer says
Dodge will discontinue its Challenger and Charger muscle cars next year
Cramer’s week ahead: Retail giants report with all eyes on the consumer
S&P 500 closes flat, Nasdaq dips as market comeback rally takes a breather
4 takeaways from the Investing Club's 'Morning Meeting' on Monday
Apple tells employees to work at the office three times per week starting in September

日本語タイトル:['']
=== エラー内容 ===
type:<class 'IndexError'>
args:('list index out of range',)
e自身:list index out of range
タイトル:Oil Prices Slide Below $88 A Barrel As China Demand Fades, U.S. Output Rises
George Soros Deals a Big Blow to Tesla Rival Rivian
So, Just How Bad Is China Right Now, Really? - RealMoney
Over 1.7 Million Fords and Lincolns Are at Risk of Being Recalled
Microsoft Makes an Embarrassing Admission
Save $100 on Apple's Redesigned MacBook Air With the M2 Chip
Mr. Big Short Michael Burry Makes a Shocking Decision
Crypto Evangelist Mark Cuban Is in Trouble
Is This Synthetic Biology Pioneer On The Right Track?
Buffett Remains Bullish On Oil, Adds to Chevron, Occidental Stakes
Investing Strategy: Single Stock & Bond ETFs: What Are They & Should You Consider Buying Them
Microsoft, Salesforce Make Wells Fargo Software Stock List
Stock Market Today - 815: Stocks End Higher; Retail Earnings In Focus
Will Microsoft Stock Keep Rallying? It'll Have to Clear This Key Level.
Real Estate: Is It Better to Buy or Rent Your Home?

日本語タイトル:['']
=== エラー内容 ===
type:<class 'IndexError'>
args:('list index out of range',)
e自身:list index out of range
タイトル:STOCK MARKET NEWS: Dow gains on Disney jump after activist move, housing headwinds mount
Homebuilders see 'housing recession' as sentiment plunges to fresh 2-year low
Pfizer CEO Albert Bourla says he tested positive for COVID-19, has mild symptoms
Continued inversion of yield curve an indication bond market 'sees troubled times': Wells Fargo exec
Electric car companies tell customers to pay now to lock in tax credit on ordered cars
Snoop Dogg announces the upcoming release of his new cereal Snoop Loopz
Elon Musk pitches 'like-minded Chinese partners' on technological vision for the future
Nexstar Media purchases 75% of CW Network from Warner Bros Discovery and Paramount
Bank of America chief economist sees high chance of mild recession this year
Bear market poised to last longer despite recent Wall Street rally, Morgan Stanley warns
Over 2M baby swings, rockers recalled over strangulation hazards; 1 death reported
Former IRS whistleblower says government will target middle class under Dems' inflation bill: It's 'bulls--t'
Home Run Inn recalls frozen pizza for possibly containing metal pieces
Starbucks asks labor board to suspend all mail ballot elections after misconduct allegations raised
Meditation app Calm lays off 20% of workforce

日本語タイトル:['']
=== エラー内容 ===
type:<class 'IndexError'>
args:('list index out of range',)
e自身:list index out of range
タイトル:Biden’s No FDR. He’s Not Even Obama.
Humans may have passed monkeypox to their dog, report says
Amazon workers walk off job at major West Coast air hub
Post-Roe, Americans seek tubal sterilizations — but barriers persist
Trump-allied lawyers pursued voting machine data in multiple states, records reveal
Analysis  Another year, another high-profile voter-fraud summit goes bust
Analysis  Trump's new argument on the Mar-a-Lago files is weak and insufficient
Some spiders may enter REM sleep — and maybe even dream, study says
Analysis  The curious timing of Trump naming two allies to access his records
A man chugged ‘cloudy’ liquid during child rape conviction, then died
FBI tests suggest gun in 'Rust' shooting could not fire without trigger pull
Justice Department opposes release of Mar-a-Lago affidavit
China's surprise rate cut, economic slowdown send oil prices plunging
The source of a resounding boom over Salt Lake City? Probably a meteor.
An altered photo in Architectural Digest hid Asian relics

日本語タイトル:['']
=== エラー内容 ===
type:<class 'IndexError'>
args:('list index out of range',)
e自身:list index out of range
タイトル:Graham says he'll take 2020 fight to 11th Circuit after losing Monday
Bolton says Trump's defense against raid is 'almost certainly a lie'
Biden took 'enormous step' toward helping student-loan borrowers, Dems say
Trump warns 'terrible things' will happen if country's temperature not cooled
What the Senate's 6 oldest members told us about their age
Mar-a-Lago raid: DOJ asks court to keep search warrant affidavit sealed
What to know about buying a used electric car, according to experts
Ukraine: Guerilla units in Kherson assassinate, bomb Russian occupiers
Bayraktar drone maker has three-year waitlist as demand soars
Mar-a-Lago FBI raid: Rand Paul calls for repeal of Espionage Act
Ex-Pence aide once 'found classified documents in the ladies' room'
Putin knows Ukraine invasion was 'big mistake': former NATO commander
Reporter says Marco Rubio won't answer questions but goes on Fox
Gold falls as dollar rallies on weak China data and surprise rate cut - Markets Insider
JetBlue cutting 37 routes from fall and winter schedules

日本語タイトル:['']
=== エラー内容 ===
type:<class 'IndexError'>
args:('list index out of range',)
e自身:list index out of range
タイトル:DOJ opposes making public details in Mar-a-Lago search warrant's probable cause affidavit
This high risk investment craze isn't going away
WeWork's former CEO has a new startup, reportedly valued at more than $1 billion
Federal judge rules that Graham must testify in Georgia 2020 investigation
William Ruto declared winner of Kenyan presidential vote amid chaos at election center
SoulCycle is closing 25% of its studios
Health departments apply lessons learned from Covid to other public health concerns
Pfizer CEO Albert Bourla tests positive for Covid-19 and is experiencing 'very mild symptoms'
Rudy Giuliani told by prosecutors he is a target in Georgia 2020 presidential election probe
Academy apologizes to Sacheen Littlefeather, who refused an Oscar on Marlon Brando's behalf
$3 gas could be around the corner
Did you change jobs during the pandemic and then regret it?
Key lines from the search warrant and receipt for Trump's Florida home
China cuts rates as lockdowns and a real estate crisis take their toll
Responding to FBI search, Trump and allies return to his familiar strategy: flood the zone with nonsense

日本語タイトル:['']
=== エラー内容 ===
type:<class 'IndexError'>
args:('list index out of range',)
e自身:list index out of range
タイトル:25 Of The Funniest Tweets About Married Life (Aug. 2-15)
Video Of Trump Discussing Laws About Classified Info Aged Really Well
On ‘Never Have I Ever’ Season 3, Our Favorite Messy Brown Girl Wins
Snoop Dogg Launches 'Snoop Loopz' Breakfast Cereal
The Most Popular Shows On Netflix Right Now Besides 'Never Have I Ever'
My Fallopian Tube Burst Due To An Ectopic Pregnancy. An ER Doctor Sent Me Home.
The Funniest Tweets From Women This Week (Aug. 6-12)
How ‘Never Have I Ever’ Gave Us Two Wonderfully Different South Asian Moms
Giuliani Told He's Target Of Georgia Probe Into 2020 Election Interference
Kaley Cuoco Had An Intervention Post-Divorce: 'I Was Really Losing My Mind'
John Oliver Exposes Tragic Consequences Of America's Most 'Mind-Blowing F**k-Up'
Twitter Users Call Trump An 'Arsonist' After He Offers To 'Change Temperature'
This Kid's Reaction To Dropping His Hot Dog Is The Play Of The Day
35 TikTok Products You’ll Use All Year, But Especially When It’s Hot Out
Reviewers Are Obsessed With Target's Chic Storage Baskets

日本語タイトル:['']
=== エラー内容 ===
type:<class 'IndexError'>
args:('list index out of range',)
e自身:list index out of range
タイトル:Stock Market Today: Dow, S&P Live Updates for Aug. 15, 2022
JPMorgan, BofA Are Among Banks Moving Back Into Russian Bond Trading
Bill Gates' TerraPower Raises $750 Million for Cheaper Nuclear
Higher Interest Rate? Goldman's Marcus Hikes Savings Account to 1.7%
Asia Crypto Exchange Zipmex CEO Marcus Lim Under Pressure to Resign
Tech Takes Wind Out of Stocks as Bond Yields Climb: Markets Wrap
Apple (AAPL) Set to Expand Advertising, Bringing Ads to Maps, TV and Books Apps
Thailand Economy Grows Slower Expected Despite Tourist Boom as Inflation Surges
Indian Billionaire-Investor Rakesh Jhunjhunwala Dies at 62
Richemont Says Ex-Bulgari CEO Is Inappropriate for Board
JPMorgan Says the Stock Rally Has Legs. Morgan Stanley Disagrees
Crypto Says Institutions Are Back, Though Retail Has Cold Feet
Uber Raises Prices by About 5% in London to Attract More Drivers
China Stocks Delisting in Focus as Sinopec and PetroChina to Exit NYSE
Inflation Has Investors Leaning In on the 6040 Portfolio

日本語タイトル:['']
=== エラー内容 ===
type:<class 'IndexError'>
args:('list index out of range',)
e自身:list index out of range
タイトル:FiscalNote Holdings, Inc. (NOTE) Q2 2022 Earnings Call Transcript - The Motley Fool
GAN Limited (GAN) Q2 2022 Earnings Call Transcript - The Motley Fool
Calithera Biosciences (CALA) Q2 2022 Earnings Call Transcript - The Motley Fool
Why ironSource Stock Popped Today - The Motley Fool
SkyWater Technology, Inc. (SKYT) Q2 2022 Earnings Call Transcript - The Motley Fool
Blend Labs, Inc. (BLND) Q2 2022 Earnings Call Transcript - The Motley Fool
Why Tesla Stock Was Up Again Monday - The Motley Fool
This Growth Stock Is Entering a New Chapter, and It's a Buy Right Now - The Motley Fool
Why Weber Stock Popped Today - The Motley Fool
Why DouYu Stock Was Up Earlier Today - The Motley Fool
Why Liquidia Shares Rose 18.4% on Monday - The Motley Fool
3 Cathie Wood Stocks for the Future - The Motley Fool
Warren Buffett Says This Type of Investor Benefits Most When Stock Prices Fall - The Motley Fool
Got $100? Buy the Dip on This Beaten-Down Growth Stock - The Motley Fool
Your Investments vs. a Bear Market: How to Come Out on Top - The Motley Fool

日本語タイトル:['']
=== エラー内容 ===
type:<class 'IndexError'>
args:('list index out of range',)
e自身:list index out of range
タイトル:Still reeling from China's data debacle
Indian shares rise, NSE index at over four-month high
Venezuela's gold reserves drop six tonnes in the first half of 2022
Wall Street climbs, adding to recent gains as megacaps rise
China pares back holdings of U.S. Treasuries for 7th month
Oil extends losses as weak demand outlook lingers
U.S. states urge postal service to halt gas vehicle purchases
Tiger Global slashes portfolio amid losses
Stocks drift, oil slumps on recession fears
Morning Bid: Chill from the East

日本語タイトル:['']
=== エラー内容 ===
type:<class 'IndexError'>
args:('list index out of range',)
e自身:list index out of range
タイトル:Still reeling from China's data debacle
Indian shares rise, NSE index at over four-month high
Venezuela's gold reserves drop six tonnes in the first half of 2022
The summer rally has been very bullish, but strategists say a big sell-off next month is possible
S&P 500 closes higher on Monday, building on its four-week win streak
Morgan Stanley guesses which stocks could be taken over next after Amazon's iRobot buy
George Soros Deals a Big Blow to Tesla Rival Rivian
Oil Prices Slide Below $88 A Barrel As China Demand Fades, U.S. Output Rises
So, Just How Bad Is China Right Now, Really? - RealMoney
Snoop Dogg announces the upcoming release of his new cereal Snoop Loopz
Homebuilders see 'housing recession' as sentiment plunges to fresh 2-year low
Larry Kudlow: This is $93 billion in direct attacks on fossil fuels and energy independence
Humans may have passed monkeypox to their dog, report says
Amazon workers walk off job at major West Coast air hub
Trump-allied lawyers pursued voting machine data in multiple states, records reveal
China Says Military Jets Are Flying Into New Areas Amid Taiwan Tension
Graham says he'll take 2020 fight to 11th Circuit after losing Monday
Bolton says Trump's defense against raid is 'almost certainly a lie'
DOJ opposes making public details in Mar-a-Lago search warrant's probable cause affidavit
This high risk investment craze isn't going away
Federal judge rules that Graham must testify in Georgia 2020 investigation
25 Of The Funniest Tweets About Married Life (Aug. 2-15)
Video Of Trump Discussing Laws About Classified Info Aged Really Well
On ‘Never Have I Ever’ Season 3, Our Favorite Messy Brown Girl Wins
Stock Market Today: Dow, S&P Live Updates for Aug. 15, 2022
JPMorgan, BofA Are Among Banks Moving Back Into Russian Bond Trading
Chipmakers' Pandemic Boom Turns to Bust With Recession Looming
FiscalNote Holdings, Inc. (NOTE) Q2 2022 Earnings Call Transcript - The Motley Fool
GoHealth (GOCO) Q2 2022 Earnings Call Transcript - The Motley Fool
GAN Limited (GAN) Q2 2022 Earnings Call Transcript - The Motley Fool

日本語タイトル:['']
=== エラー内容 ===
type:<class 'IndexError'>
args:('list index out of range',)
e自身:list index out of range
タイトル:India inflation may remain elevated despite July dip – analysts
Venezuela's gold reserves drop six tonnes in the first half of 2022
Wall Street climbs, adding to recent gains as megacaps rise
China pares back holdings of U.S. Treasuries for 7th month
Oil extends losses as weak demand outlook lingers
Stocks, dollar gain despite surprise weak China data
Stocks drift, oil slumps on recession fears
Tiger Global slashes portfolio amid losses
Morning Bid: Chill from the East
Goldman, Morgan Stanley seek to end investors' Archegos-linked lawsuits
Sterling falls vs dollar as focus turns to UK data
Egypt's central bank seen hiking rates to dampen price rises
Elliott exited Twitter during second quarter amid takeover frenzy, filings show
Donetsk court charges Britons, Swede and Croat as mercenaries, 3 face death penalty
China new home prices in July unchanged from June, down 0.9% yy

日本語タイトル:['']
=== エラー内容 ===
type:<class 'IndexError'>
args:('list index out of range',)
e自身:list index out of range
タイトル:The summer rally has been very bullish, but strategists say a big sell-off next month is possible
S&P 500 closes higher on Monday, building on its four-week win streak
Morgan Stanley guesses which stocks could be taken over next after Amazon's iRobot buy
Asia's inflation has peaked compared with major economies in other regions, Morgan Stanley says
Sell beaten-down Vroom as there's no quick fix for online car retailer in a slowdown, JPMorgan says
Charts suggest investors should buy these 3 stocks into weakness, Jim Cramer says
Stocks making the biggest moves midday: Disney, Poshmark, Vroom and more
Asking if this is a new bull market or bear market bounce might be the wrong question
Stock futures slightly down after notching gains Monday
What top tech investor Paul Meeks is buying as tech rallies
Dodge will discontinue its Challenger and Charger muscle cars next year
Apple tells employees to work at the office three times per week starting in September
S&P 500 closes flat, Nasdaq dips as market comeback rally takes a breather
4 takeaways from the Investing Club's 'Morning Meeting' on Monday
Unity shares drop 7% after board rejects acquisition by AppLovin

日本語タイトル:['']
=== エラー内容 ===
type:<class 'IndexError'>
args:('list index out of range',)
e自身:list index out of range
タイトル:George Soros Deals a Big Blow to Tesla Rival Rivian
Kraft Heinz Recalls Contaminated Classic Kids' Drink
Over 1.7 Million Fords and Lincolns Are at Risk of Being Recalled
Microsoft Makes an Embarrassing Admission
Save $100 on Apple's Redesigned MacBook Air With the M2 Chip
Mr. Big Short Michael Burry Makes a Shocking Decision
Is This Synthetic Biology Pioneer On The Right Track?
Buffett Remains Bullish On Oil, Adds to Chevron, Occidental Stakes
You'll Almost Have to Buy an Electric Vehicle if Climate Bill Passes
Investing Strategy: Single Stock & Bond ETFs: What Are They & Should You Consider Buying Them
Microsoft, Salesforce Make Wells Fargo Software Stock List
Will Microsoft Stock Keep Rallying? It'll Have to Clear This Key Level.
Stock Market Today - 815: Stocks End Higher; Retail Earnings In Focus
BBBY Stock: Why It's Getting Harder to Short
Real Estate: Is It Better to Buy or Rent Your Home?

日本語タイトル:['']
=== エラー内容 ===
type:<class 'IndexError'>
args:('list index out of range',)
e自身:list index out of range
タイトル:Snoop Dogg announces the upcoming release of his new cereal Snoop Loopz
STOCK MARKET NEWS: Dow gains on Disney jump after activist move, housing headwinds mount
Homebuilders see 'housing recession' as sentiment plunges to fresh 2-year low
Larry Kudlow: This is $93 billion in direct attacks on fossil fuels and energy independence
Pfizer CEO Albert Bourla says he tested positive for COVID-19, has mild symptoms
Continued inversion of yield curve an indication bond market 'sees troubled times': Wells Fargo exec
Electric car companies tell customers to pay now to lock in tax credit on ordered cars
Nexstar Media purchases 75% of CW Network from Warner Bros Discovery and Paramount
Bank of America chief economist sees high chance of mild recession this year
Elon Musk pitches 'like-minded Chinese partners' on technological vision for the future
Over 2M baby swings, rockers recalled over strangulation hazards; 1 death reported
Former IRS whistleblower says government will target middle class under Dems' inflation bill: It's 'bulls--t'
Meditation app Calm lays off 20% of workforce
Starbucks asks labor board to suspend all mail ballot elections after misconduct allegations raised
Health care workers fired over vaccine mandate awarded $10 million in settlement

日本語タイトル:['']
=== エラー内容 ===
type:<class 'IndexError'>
args:('list index out of range',)
e自身:list index out of range
タイトル:Biden’s No FDR. He’s Not Even Obama.
Humans may have passed monkeypox to their dog, report says
Amazon workers walk off job at major West Coast air hub
Post-Roe, Americans seek tubal sterilizations — but barriers persist
Trump-allied lawyers pursued voting machine data in multiple states, records reveal
Analysis  Trump's new argument on the Mar-a-Lago files is weak and insufficient
Justice Department opposes release of Mar-a-Lago affidavit
Some spiders may enter REM sleep — and maybe even dream, study says
Analysis  The curious timing of Trump naming two allies to access his records
A man chugged ‘cloudy’ liquid during child rape conviction, then died
An altered photo in Architectural Digest hid Asian relics
Analysis  Another year, another high-profile voter-fraud summit goes bust
The source of a resounding boom over Salt Lake City? Probably a meteor.
China's surprise rate cut, economic slowdown send oil prices plunging
French bulldog taken at gunpoint in D.C. has been found dead

日本語タイトル:['']
=== エラー内容 ===
type:<class 'IndexError'>
args:('list index out of range',)
e自身:list index out of range
タイトル:China Says Military Jets Are Flying Into New Areas Amid Taiwan Tension
Graham says he'll take 2020 fight to 11th Circuit after losing Monday
Bolton says Trump's defense against raid is 'almost certainly a lie'
Trump warns 'terrible things' will happen if country's temperature not cooled
What the Senate's 6 oldest members told us about their age
Mar-a-Lago raid: DOJ asks court to keep search warrant affidavit sealed
Ukraine: Guerilla units in Kherson assassinate, bomb Russian occupiers
Bayraktar Drone Maker Has Three-Year Waitlist As Demand Soars
What to know about buying a used electric car, according to experts
Mar-a-Lago FBI raid: Rand Paul calls for repeal of Espionage Act
Dollar Vs Yuan: JPMorgan CEO urges US to stand up to China - Markets Insider
Putin knows Ukraine invasion was 'big mistake': former NATO commander
Reporter says Marco Rubio won't answer questions but goes on Fox
Gold falls as dollar rallies on weak China data and surprise rate cut - Markets Insider
JetBlue cutting 37 routes from fall and winter schedules

日本語タイトル:['']
=== エラー内容 ===
type:<class 'IndexError'>
args:('list index out of range',)
e自身:list index out of range
タイトル:DOJ opposes making public details in Mar-a-Lago search warrant's probable cause affidavit
WeWork's former CEO has a new startup, reportedly valued at more than $1 billion
This high risk investment craze isn't going away
Health departments apply lessons learned from Covid to other public health concerns
Pfizer CEO Albert Bourla tests positive for Covid-19 and is experiencing 'very mild symptoms'
Federal judge rules that Graham must testify in Georgia 2020 investigation
William Ruto declared winner of Kenyan presidential vote amid chaos at election center
SoulCycle is closing 25% of its studios
$3 gas could be around the corner
FAA cancels New York ground delays triggered by staffing issues
Key lines from the search warrant and receipt for Trump's Florida home
Rudy Giuliani told by prosecutors he is a target in Georgia 2020 presidential election probe
Suspect accused of shooting a coach during a Dallas-area youth football game turns himself in
Responding to FBI search, Trump and allies return to his familiar strategy: flood the zone with nonsense
China cuts rates as lockdowns and a real estate crisis take their toll

日本語タイトル:['']
=== エラー内容 ===
type:<class 'IndexError'>
args:('list index out of range',)
e自身:list index out of range
タイトル:25 Of The Funniest Tweets About Married Life (Aug. 2-15)
Video Of Trump Discussing Laws About Classified Info Aged Really Well
On ‘Never Have I Ever’ Season 3, Our Favorite Messy Brown Girl Wins
Snoop Dogg Launches 'Snoop Loopz' Breakfast Cereal
Kaley Cuoco Had An Intervention Post-Divorce: 'I Was Really Losing My Mind'
Bryce Dallas Howard Made 'So Much Less' Than Chris Pratt On 'Jurassic' Trilogy
The Most Popular Shows On Netflix Right Now Besides 'Never Have I Ever'
The Funniest Tweets From Women This Week (Aug. 6-12)
My Fallopian Tube Burst Due To An Ectopic Pregnancy. An ER Doctor Sent Me Home.
How ‘Never Have I Ever’ Gave Us Two Wonderfully Different South Asian Moms
Giuliani Told He's Target Of Georgia Probe Into 2020 Election Interference
John Oliver Exposes Tragic Consequences Of America's Most 'Mind-Blowing F**k-Up'
Adele Reveals The 'Worst Moment' Of Her Career Happened This Year
Twitter Users Call Trump An 'Arsonist' After He Offers To 'Change Temperature'
This Kid's Reaction To Dropping His Hot Dog Is The Play Of The Day

日本語タイトル:['']
=== エラー内容 ===
type:<class 'IndexError'>
args:('list index out of range',)
e自身:list index out of range
タイトル:Stock Market Today: Dow, S&P Live Updates for Aug. 15, 2022
JPMorgan, BofA Are Among Banks Moving Back Into Russian Bond Trading
Tech Takes Wind Out of Stocks as Bond Yields Climb: Markets Wrap
Bill Gates' TerraPower Raises $750 Million for Cheaper Nuclear
Higher Interest Rate? Goldman's Marcus Hikes Savings Account to 1.7%
China Stocks Delisting in Focus as Sinopec and PetroChina to Exit NYSE
Asia Crypto Exchange Zipmex CEO Marcus Lim Under Pressure to Resign
Apple (AAPL) Set to Expand Advertising, Bringing Ads to Maps, TV and Books Apps
Thailand Economy Grows Slower Expected Despite Tourist Boom as Inflation Surges
Indian Billionaire-Investor Rakesh Jhunjhunwala Dies at 62
Richemont Says Ex-Bulgari CEO Is Inappropriate for Board
JPMorgan Says the Stock Rally Has Legs. Morgan Stanley Disagrees
Australia Is 'Done' With Outsized Rate Hikes, Eslake Says
Uber Raises Prices by About 5% in London to Attract More Drivers
Inflation Has Investors Leaning In on the 6040 Portfolio

日本語タイトル:['']
=== エラー内容 ===
type:<class 'IndexError'>
args:('list index out of range',)
e自身:list index out of range
タイトル:1 Hot Growth Stock to Buy, and 1 to Avoid (For Now) - The Motley Fool
FiscalNote Holdings, Inc. (NOTE) Q2 2022 Earnings Call Transcript - The Motley Fool
GoHealth (GOCO) Q2 2022 Earnings Call Transcript - The Motley Fool
GAN Limited (GAN) Q2 2022 Earnings Call Transcript - The Motley Fool
Arcimoto, Inc. (FUV) Q2 2022 Earnings Call Transcript - The Motley Fool
Calithera Biosciences (CALA) Q2 2022 Earnings Call Transcript - The Motley Fool
Why ironSource Stock Popped Today - The Motley Fool
SkyWater Technology, Inc. (SKYT) Q2 2022 Earnings Call Transcript - The Motley Fool
Blend Labs, Inc. (BLND) Q2 2022 Earnings Call Transcript - The Motley Fool
Why Tesla Stock Was Up Again Monday - The Motley Fool
This Growth Stock Is Entering a New Chapter, and It's a Buy Right Now - The Motley Fool
Why Liquidia Shares Rose 18.4% on Monday - The Motley Fool
Why DouYu Stock Was Up Earlier Today - The Motley Fool
Warren Buffett Says This Type of Investor Benefits Most When Stock Prices Fall - The Motley Fool
3 Cathie Wood Stocks for the Future - The Motley Fool

日本語タイトル:['']
=== エラー内容 ===
type:<class 'IndexError'>
args:('list index out of range',)
e自身:list index out of range
タイトル:The summer rally has been very bullish, but strategists say a big sell-off next month is possible
S&P 500 closes higher on Monday, building on its four-week win streak
Morgan Stanley guesses which stocks could be taken over next after Amazon's iRobot buy
Santoli: Technical signals are in favor of the bulls, but nearby hurdles loom for stocks
Asia's inflation has peaked compared with major economies in other regions, Morgan Stanley says
Sell beaten-down Vroom as there's no quick fix for online car retailer in a slowdown, JPMorgan says
Charts suggest investors should buy these 3 stocks into weakness, Jim Cramer says
Stock futures slightly down after notching gains Monday
Asking if this is a new bull market or bear market bounce might be the wrong question
Stocks making the biggest moves midday: Disney, Poshmark, Vroom and more

日本語タイトル:['']
=== エラー内容 ===
type:<class 'IndexError'>
args:('list index out of range',)
e自身:list index out of range
タイトル:Still reeling from China's data debacle
India inflation may remain elevated despite July dip – analysts
Indian shares rise, NSE index at over four-month high
The summer rally has been very bullish, but strategists say a big sell-off next month is possible
S&P 500 closes higher on Monday, building on its four-week win streak
Morgan Stanley guesses which stocks could be taken over next after Amazon's iRobot buy
Oil Prices Slide Below $88 A Barrel As China Demand Fades, U.S. Output Rises
George Soros Deals a Big Blow to Tesla Rival Rivian
Microsoft Makes an Embarrassing Admission
STOCK MARKET NEWS: Dow gains on Disney jump after activist move, housing headwinds mount
Homebuilders see 'housing recession' as sentiment plunges to fresh 2-year low
Continued inversion of yield curve an indication bond market 'sees troubled times': Wells Fargo exec
Humans may have passed monkeypox to their dog, report says
Trump-allied lawyers pursued voting machine data in multiple states, records reveal
Post-Roe, Americans seek tubal sterilizations — but barriers persist
China Says Military Jets Are Flying Into New Areas Amid Taiwan Tension
Graham says he'll take 2020 fight to 11th Circuit after losing Monday
Bolton says Trump's defense against raid is 'almost certainly a lie'
DOJ opposes making public details in Mar-a-Lago search warrant's probable cause affidavit
WeWork's former CEO has a new startup, reportedly valued at more than $1 billion
This high risk investment craze isn't going away
25 Of The Funniest Tweets About Married Life (Aug. 2-15)
How ‘Never Have I Ever’ Gave Us Two Wonderfully Different South Asian Moms
Video Of Trump Discussing Laws About Classified Info Aged Really Well
Stock Market Today: Dow, S&P Live Updates for Aug. 15, 2022
JPMorgan Says the Stock Rally Has Legs. Morgan Stanley Disagrees
Higher Interest Rate? Goldman's Marcus Hikes Savings Account to 1.7%
1 Hot Growth Stock to Buy, and 1 to Avoid (For Now) - The Motley Fool
FiscalNote Holdings, Inc. (NOTE) Q2 2022 Earnings Call Transcript - The Motley Fool
GoHealth (GOCO) Q2 2022 Earnings Call Transcript - The Motley Fool

日本語タイトル:['']
=== エラー内容 ===
type:<class 'IndexError'>
args:('list index out of range',)
e自身:list index out of range
タイトル:India inflation may remain elevated despite July dip – analysts
Wall Street climbs, adding to recent gains as megacaps rise
Indian shares rise, NSE index at over four-month high
Venezuela's gold reserves drop six tonnes in the first half of 2022
Stocks subdued, oil weakens on recession fears
Yum China applies to add primary listing in Hong Kong
Greenback gains, Aussie tumbles after weak Chinese data
Oil settles lower on weak economic Chinese economic data
Sterling falls vs dollar as focus turns to UK data
Egypt's central bank seen hiking rates to dampen price rises
China pares back holdings of U.S. Treasuries for 7th month
Elliott exited Twitter during second quarter amid takeover frenzy, filings show
Donetsk court charges Britons, Swede and Croat as mercenaries, 3 face death penalty
Tiger Global slashes portfolio amid losses
EXCLUSIVE Kimmeridge builds stake in California Resources, in talks for changes

日本語タイトル:['']
=== エラー内容 ===
type:<class 'IndexError'>
args:('list index out of range',)
e自身:list index out of range
タイトル:The summer rally has been very bullish, but strategists say a big sell-off next month is possible
S&P 500 closes higher on Monday, building on its four-week win streak
Morgan Stanley guesses which stocks could be taken over next after Amazon's iRobot buy
Asia's inflation has peaked compared with major economies in other regions, Morgan Stanley says
Sell beaten-down Vroom as there's no quick fix for online car retailer in a slowdown, JPMorgan says
Charts suggest investors should buy these 3 stocks into weakness, Jim Cramer says
Stock futures slightly down after notching gains Monday
Asking if this is a new bull market or bear market bounce might be the wrong question
Stocks making the biggest moves midday: Disney, Poshmark, Vroom and more
What top tech investor Paul Meeks is buying as tech rallies
Dodge will discontinue its Challenger and Charger muscle cars next year
S&P 500 closes flat, Nasdaq dips as market comeback rally takes a breather
4 takeaways from the Investing Club's 'Morning Meeting' on Monday
Unity shares drop 7% after board rejects acquisition by AppLovin
European stocks close mixed as investors assess inflation, earnings; Aegon up 9%

日本語タイトル:['']
=== エラー内容 ===
type:<class 'IndexError'>
args:('list index out of range',)
e自身:list index out of range
タイトル:Oil Prices Slide Below $88 A Barrel As China Demand Fades, U.S. Output Rises
George Soros Deals a Big Blow to Tesla Rival Rivian
Over 1.7 Million Fords and Lincolns Are at Risk of Being Recalled
Microsoft Makes an Embarrassing Admission
Save $100 on Apple's Redesigned MacBook Air With the M2 Chip
Mr. Big Short Michael Burry Makes a Shocking Decision
Crypto Evangelist Mark Cuban Is in Trouble
Is This Synthetic Biology Pioneer On The Right Track?
Kraft Heinz Recalls Contaminated Classic Kids' Drink
Real Estate: Is It Better to Buy or Rent Your Home?
Buffett Remains Bullish On Oil, Adds to Chevron, Occidental Stakes
Investing Strategy: Single Stock & Bond ETFs: What Are They & Should You Consider Buying Them
You'll Almost Have to Buy an Electric Vehicle if Climate Bill Passes
Microsoft, Salesforce Make Wells Fargo Software Stock List
Will Microsoft Stock Keep Rallying? It'll Have to Clear This Key Level.

日本語タイトル:['']
=== エラー内容 ===
type:<class 'IndexError'>
args:('list index out of range',)
e自身:list index out of range
タイトル:STOCK MARKET NEWS: Dow gains on Disney jump after activist move, housing headwinds mount
Homebuilders see 'housing recession' as sentiment plunges to fresh 2-year low
Larry Kudlow: This is $93 billion in direct attacks on fossil fuels and energy independence
Continued inversion of yield curve an indication bond market 'sees troubled times': Wells Fargo exec
Electric car companies tell customers to pay now to lock in tax credit on ordered cars
Nexstar Media purchases 75% of CW Network from Warner Bros Discovery and Paramount
Bank of America chief economist sees high chance of mild recession this year
Pfizer CEO Albert Bourla says he tested positive for COVID-19, has mild symptoms
Jamie Dimon says America must 'get it through our thick skulls,' US energy is not against climate change
Democrats’ book minimum tax to hit real estate, mining companies the hardest
Bear market poised to last longer despite recent Wall Street rally, Morgan Stanley warns
Over 2M baby swings, rockers recalled over strangulation hazards; 1 death reported
Meditation app Calm lays off 20% of workforce
Home Run Inn recalls frozen pizza for possibly containing metal pieces
Saudi prince made $500M Russia bet at start of Ukraine war

日本語タイトル:['']
=== エラー内容 ===
type:<class 'IndexError'>
args:('list index out of range',)
e自身:list index out of range
タイトル:Biden’s No FDR. He’s Not Even Obama.
Humans may have passed monkeypox to their dog, report says
Amazon workers walk off job at major West Coast air hub
Post-Roe, Americans seek tubal sterilizations — but barriers persist
Trump-allied lawyers pursued voting machine data in multiple states, records reveal
Analysis  Trump's new argument on the Mar-a-Lago files is weak and insufficient
Some spiders may enter REM sleep — and maybe even dream, study says
Analysis  The curious timing of Trump naming two allies to access his records
A man chugged ‘cloudy’ liquid during child rape conviction, then died
Analysis  Another year, another high-profile voter-fraud summit goes bust
An altered photo in Architectural Digest hid Asian relics
China's surprise rate cut, economic slowdown send oil prices plunging
Giuliani is target in Ga. criminal probe of 2020 election, lawyer says
French bulldog taken at gunpoint in D.C. has been found dead
Boris Johnson got Brexit done. How is it working?

日本語タイトル:['']
=== エラー内容 ===
type:<class 'IndexError'>
args:('list index out of range',)
e自身:list index out of range
タイトル:China Says Military Jets Are Flying Into New Areas Amid Taiwan Tension
Graham says he'll take 2020 fight to 11th Circuit after losing Monday
Bolton says Trump's defense against raid is 'almost certainly a lie'
Biden took 'enormous step' toward helping student-loan borrowers, Dems say
Mar-a-Lago raid: Giuliani says Trump bragged about crowd size
What the Senate's 6 oldest members told us about their age
Bayraktar Drone Maker Has Three-Year Waitlist As Demand Soars
What to know about buying a used electric car, according to experts
Trump could face 10 years in prison if convicted of violating Espionage Act
Mar-a-Lago FBI raid: Rand Paul calls for repeal of Espionage Act
Ex-Pence aide once 'found classified documents in the ladies' room'
Putin knows Ukraine invasion was 'big mistake': former NATO commander
Reporter says Marco Rubio won't answer questions but goes on Fox
Gold falls as dollar rallies on weak China data and surprise rate cut - Markets Insider
Ford selling retro Bronco SUVs to honor 1966 model

日本語タイトル:['']
=== エラー内容 ===
type:<class 'IndexError'>
args:('list index out of range',)
e自身:list index out of range
タイトル:DOJ opposes making public details in Mar-a-Lago search warrant's probable cause affidavit
This high risk investment craze isn't going away
WeWork's former CEO has a new startup, reportedly valued at more than $1 billion
Federal judge rules that Graham must testify in Georgia 2020 investigation
Health departments apply lessons learned from Covid to other public health concerns
Pfizer CEO Albert Bourla tests positive for Covid-19 and is experiencing 'very mild symptoms'
William Ruto declared winner of Kenyan presidential vote amid chaos at election center
SoulCycle is closing 25% of its studios
5 ways being single can cost you more
$3 gas could be around the corner
White House launching messaging push to tout policy wins ahead of midterm elections
Key lines from the search warrant and receipt for Trump's Florida home
Rudy Giuliani told by prosecutors he is a target in Georgia 2020 presidential election probe
Responding to FBI search, Trump and allies return to his familiar strategy: flood the zone with nonsense
Brittney Griner's defense team appeals verdict sentencing her to 9 years on drug smuggling

日本語タイトル:['']
=== エラー内容 ===
type:<class 'IndexError'>
args:('list index out of range',)
e自身:list index out of range
タイトル:25 Of The Funniest Tweets About Married Life (Aug. 2-15)
How ‘Never Have I Ever’ Gave Us Two Wonderfully Different South Asian Moms
Video Of Trump Discussing Laws About Classified Info Aged Really Well
On ‘Never Have I Ever’ Season 3, Our Favorite Messy Brown Girl Wins
Snoop Dogg Launches 'Snoop Loopz' Breakfast Cereal
Bryce Dallas Howard Made 'So Much Less' Than Chris Pratt On 'Jurassic' Trilogy
The Most Popular Shows On Netflix Right Now Besides 'Never Have I Ever'
The Funniest Tweets From Women This Week (Aug. 6-12)
My Fallopian Tube Burst Due To An Ectopic Pregnancy. An ER Doctor Sent Me Home.
Adele Reveals The 'Worst Moment' Of Her Career Happened This Year
Kaley Cuoco Had An Intervention Post-Divorce: 'I Was Really Losing My Mind'
John Oliver Exposes Tragic Consequences Of America's Most 'Mind-Blowing F**k-Up'
Twitter Users Call Trump An 'Arsonist' After He Offers To 'Change Temperature'
This Kid's Reaction To Dropping His Hot Dog Is The Play Of The Day
35 TikTok Products You’ll Use All Year, But Especially When It’s Hot Out

日本語タイトル:['']
=== エラー内容 ===
type:<class 'IndexError'>
args:('list index out of range',)
e自身:list index out of range
タイトル:Stock Market Today: Dow, S&P Live Updates for Aug. 15, 2022
JPMorgan Says the Stock Rally Has Legs. Morgan Stanley Disagrees
Tech Takes Wind Out of Stocks as Bond Yields Climb: Markets Wrap
Bill Gates' TerraPower Raises $750 Million for Cheaper Nuclear
Higher Interest Rate? Goldman's Marcus Hikes Savings Account to 1.7%
JPMorgan, BofA Are Among Banks Moving Back Into Russian Bond Trading
China Stocks Delisting in Focus as Sinopec and PetroChina to Exit NYSE
Asia Crypto Exchange Zipmex CEO Marcus Lim Under Pressure to Resign
Thailand Economy Grows Slower Expected Despite Tourist Boom as Inflation Surges
Indian Billionaire-Investor Rakesh Jhunjhunwala Dies at 62
Richemont Says Ex-Bulgari CEO Is Inappropriate for Board
Apple (AAPL) Set to Expand Advertising, Bringing Ads to Maps, TV and Books Apps
Australia Is 'Done' With Outsized Rate Hikes, Eslake Says
Uber Raises Prices by About 5% in London to Attract More Drivers
Inflation Has Investors Leaning In on the 6040 Portfolio

日本語タイトル:['']
=== エラー内容 ===
type:<class 'IndexError'>
args:('list index out of range',)
e自身:list index out of range
タイトル:1 Hot Growth Stock to Buy, and 1 to Avoid (For Now) - The Motley Fool
Agora, Inc. (API) Q2 2022 Earnings Call Transcript - The Motley Fool
FiscalNote Holdings, Inc. (NOTE) Q2 2022 Earnings Call Transcript - The Motley Fool
GoHealth (GOCO) Q2 2022 Earnings Call Transcript - The Motley Fool
GAN Limited (GAN) Q2 2022 Earnings Call Transcript - The Motley Fool
Arcimoto, Inc. (FUV) Q2 2022 Earnings Call Transcript - The Motley Fool
Calithera Biosciences (CALA) Q2 2022 Earnings Call Transcript - The Motley Fool
Why ironSource Stock Popped Today - The Motley Fool
SkyWater Technology, Inc. (SKYT) Q2 2022 Earnings Call Transcript - The Motley Fool
Blend Labs, Inc. (BLND) Q2 2022 Earnings Call Transcript - The Motley Fool
Why Tesla Stock Was Up Again Monday - The Motley Fool
This Growth Stock Is Entering a New Chapter, and It's a Buy Right Now - The Motley Fool
Why DouYu Stock Was Up Earlier Today - The Motley Fool
Why Liquidia Shares Rose 18.4% on Monday - The Motley Fool
Warren Buffett Says This Type of Investor Benefits Most When Stock Prices Fall - The Motley Fool

日本語タイトル:['']
=== エラー内容 ===
type:<class 'IndexError'>
args:('list index out of range',)
e自身:list index out of range
タイトル:The summer rally has been very bullish, but strategists say a big sell-off next month is possible
Morgan Stanley guesses which stocks could be taken over next after Amazon's iRobot buy
Santoli: Technical signals are in favor of the bulls, but nearby hurdles loom for stocks
Asia's inflation has peaked compared with major economies in other regions, Morgan Stanley says
Sell beaten-down Vroom as there's no quick fix for online car retailer in a slowdown, JPMorgan says
European markets close slightly higher; weak Chinese data resurfaces growth fears
Charts suggest investors should buy these 3 stocks into weakness, Jim Cramer says
Asking if this is a new bull market or bear market bounce might be the wrong question
What top tech investor Paul Meeks is buying as tech rallies
Stocks making the biggest moves midday: Disney, Poshmark, Vroom and more

日本語タイトル:['']
=== エラー内容 ===
type:<class 'IndexError'>
args:('list index out of range',)
e自身:list index out of range
タイトル:Morning Bid: Growth pangs linger
Still reeling from China's data debacle
India inflation may remain elevated despite July dip – analysts
The summer rally has been very bullish, but strategists say a big sell-off next month is possible
Morgan Stanley guesses which stocks could be taken over next after Amazon's iRobot buy
Santoli: Technical signals are in favor of the bulls, but nearby hurdles loom for stocks
Oil Prices Slide Below $88 A Barrel As China Demand Fades, U.S. Output Rises
George Soros Deals a Big Blow to Tesla Rival Rivian
Microsoft Makes an Embarrassing Admission
STOCK MARKET NEWS: Dow gains on Disney jump after activist move, housing headwinds mount
Snoop Dogg announces the upcoming release of his new cereal Snoop Loopz
Continued inversion of yield curve an indication bond market 'sees troubled times': Wells Fargo exec
Humans may have passed monkeypox to their dog, report says
Trump-allied lawyers pursued voting machine data in multiple states, records reveal
Post-Roe, Americans seek tubal sterilizations — but barriers persist
China Says Military Jets Are Flying Into New Areas Amid Taiwan Tension
Graham says he'll take 2020 fight to 11th Circuit after losing Monday
Bolton says Trump's defense against raid is 'almost certainly a lie'
DOJ opposes making public details in Mar-a-Lago search warrant's probable cause affidavit
This high risk investment craze isn't going away
WeWork's former CEO has a new startup, reportedly valued at more than $1 billion
How ‘Never Have I Ever’ Gave Us Two Wonderfully Different South Asian Moms
25 Of The Funniest Tweets About Married Life (Aug. 2-15)
On ‘Never Have I Ever’ Season 3, Our Favorite Messy Brown Girl Wins
Stock Market Today: Dow, S&P Live Updates for Aug. 15, 2022
JPMorgan, BofA Are Among Banks Moving Back Into Russian Bond Trading
Chipmakers' Pandemic Boom Turns to Bust With Recession Looming
1 Hot Growth Stock to Buy, and 1 to Avoid (For Now) - The Motley Fool
Agora, Inc. (API) Q2 2022 Earnings Call Transcript - The Motley Fool
FiscalNote Holdings, Inc. (NOTE) Q2 2022 Earnings Call Transcript - The Motley Fool

日本語タイトル:['']
=== エラー内容 ===
type:<class 'IndexError'>
args:('list index out of range',)
e自身:list index out of range
タイトル:Morning Bid: Growth pangs linger
India inflation may remain elevated despite July dip – analysts
Wall Street climbs, adding to recent gains as megacaps rise
Stocks subdued, oil weakens on recession fears
Venezuela's gold reserves drop six tonnes in the first half of 2022 Canada
China pares back holdings of U.S. Treasuries for 7th month
Elliott exited Twitter during second quarter amid takeover frenzy, filings show
Morning Bid: Chill from the East
Sterling falls vs dollar as focus turns to UK data
Egypt's central bank seen hiking rates to dampen price rises
Donetsk court charges Britons, Swede and Croat as mercenaries, 3 face death penalty
Tiger Global slashes portfolio amid losses
Stocks, dollar gain despite surprise weak China data
EXCLUSIVE Kimmeridge builds stake in California Resources, in talks for changes
FOREX Dollar firm vs Aussie, euro on heightened recession worries

日本語タイトル:['']
=== エラー内容 ===
type:<class 'IndexError'>
args:('list index out of range',)
e自身:list index out of range
タイトル:The summer rally has been very bullish, but strategists say a big sell-off next month is possible
S&P 500 closes higher on Monday, building on its four-week win streak
Morgan Stanley guesses which stocks could be taken over next after Amazon's iRobot buy
Santoli: Technical signals are in favor of the bulls, but nearby hurdles loom for stocks
Asia's inflation has peaked compared with major economies in other regions, Morgan Stanley says
Sell beaten-down Vroom as there's no quick fix for online car retailer in a slowdown, JPMorgan says
Charts suggest investors should buy these 3 stocks into weakness, Jim Cramer says
Asking if this is a new bull market or bear market bounce might be the wrong question
What top tech investor Paul Meeks is buying as tech rallies
Stocks making the biggest moves midday: Disney, Poshmark, Vroom and more
European markets close slightly higher; weak Chinese data resurfaces growth fears
Michael Burry of 'The Big Short' dumps all of his previous stock holdings and adds just one name
Dodge will discontinue its Challenger and Charger muscle cars next year
S&P 500 closes flat, Nasdaq dips as market comeback rally takes a breather
Apple tells employees to work at the office three times per week starting in September

日本語タイトル:['']
=== エラー内容 ===
type:<class 'IndexError'>
args:('list index out of range',)
e自身:list index out of range
タイトル:Oil Prices Slide Below $88 A Barrel As China Demand Fades, U.S. Output Rises
George Soros Deals a Big Blow to Tesla Rival Rivian
Over 1.7 Million Fords and Lincolns Are at Risk of Being Recalled
Microsoft Makes an Embarrassing Admission
Save $100 on Apple's Redesigned MacBook Air With the M2 Chip
Mr. Big Short Michael Burry Makes a Shocking Decision
Crypto Evangelist Mark Cuban Is in Trouble
Is This Synthetic Biology Pioneer On The Right Track?
Kraft Heinz Recalls Contaminated Classic Kids' Drink
Real Estate: Is It Better to Buy or Rent Your Home?
Buffett Remains Bullish On Oil, Adds to Chevron, Occidental Stakes
You'll Almost Have to Buy an Electric Vehicle if Climate Bill Passes
Investing Strategy: Single Stock & Bond ETFs: What Are They & Should You Consider Buying Them
Microsoft, Salesforce Make Wells Fargo Software Stock List
Stock Market Today - 815: Stocks End Higher; Retail Earnings In Focus

日本語タイトル:['']
=== エラー内容 ===
type:<class 'IndexError'>
args:('list index out of range',)
e自身:list index out of range
タイトル:STOCK MARKET NEWS: Dow gains on Disney jump after activist move, housing headwinds mount
Snoop Dogg announces the upcoming release of his new cereal Snoop Loopz
Homebuilders see 'housing recession' as sentiment plunges to fresh 2-year low
Electric car companies tell customers to pay now to lock in tax credit on ordered cars
Continued inversion of yield curve an indication bond market 'sees troubled times': Wells Fargo exec
Pfizer CEO Albert Bourla says he tested positive for COVID-19, has mild symptoms
Nexstar Media purchases 75% of CW Network from Warner Bros Discovery and Paramount
Bank of America chief economist sees high chance of mild recession this year
Democrats’ book minimum tax to hit real estate, mining companies the hardest
Former IRS whistleblower says government will target middle class under Dems' inflation bill: It's 'bulls--t'
Bear market poised to last longer despite recent Wall Street rally, Morgan Stanley warns
Meditation app Calm lays off 20% of workforce
Home Run Inn recalls frozen pizza for possibly containing metal pieces
Over 2M baby swings, rockers recalled over strangulation hazards; 1 death reported
Starbucks asks labor board to suspend all mail ballot elections after misconduct allegations raised

日本語タイトル:['']
=== エラー内容 ===
type:<class 'IndexError'>
args:('list index out of range',)
e自身:list index out of range
タイトル:Heat wave map: See where Americans face the most extreme heat risk
Biden’s No FDR. He’s Not Even Obama.
Amazon workers walk off job at major West Coast air hub
Humans may have passed monkeypox to their dog, report says
Trump-allied lawyers pursued voting machine data in multiple states, records reveal
Post-Roe, Americans seek tubal sterilizations — but barriers persist
Analysis  Trump's new argument on the Mar-a-Lago files is weak and insufficient
Some spiders may enter REM sleep — and maybe even dream, study says
Analysis  The curious timing of Trump naming two allies to access his records
A man chugged ‘cloudy’ liquid during child rape conviction, then died
Analysis  Another year, another high-profile voter-fraud summit goes bust
An altered photo in Architectural Digest hid Asian relics
China's surprise rate cut, economic slowdown send oil prices plunging
Giuliani is target in Ga. criminal probe of 2020 election, lawyer says
French bulldog taken at gunpoint in D.C. has been found dead

日本語タイトル:['']
=== エラー内容 ===
type:<class 'IndexError'>
args:('list index out of range',)
e自身:list index out of range
タイトル:China Says Military Jets Are Flying Into New Areas Amid Taiwan Tension
Bolton says Trump's defense against raid is 'almost certainly a lie'
Graham says he'll take 2020 fight to 11th Circuit after losing Monday
Trump warns 'terrible things' will happen if country's temperature not cooled
What the Senate's 6 oldest members told us about their age
Ukraine: Guerilla units in Kherson assassinate, bomb Russian occupiers
Bayraktar drone maker has three-year waitlist as demand soars
Trump could face 10 years in prison if convicted of violating Espionage Act
Mar-a-Lago FBI raid: Rand Paul calls for repeal of Espionage Act
Dollar Vs Yuan: JPMorgan CEO urges US to stand up to China - Markets Insider
Reporter says Marco Rubio won't answer questions but goes on Fox
Putin knows Ukraine invasion was 'big mistake': former NATO commander
JetBlue cutting 37 routes from fall and winter schedules
Gold falls as dollar rallies on weak China data and surprise rate cut - Markets Insider
Afghanistan: Senior Taliban cleric killed by bomb in artificial leg

日本語タイトル:['']
=== エラー内容 ===
type:<class 'IndexError'>
args:('list index out of range',)
e自身:list index out of range
タイトル:DOJ opposes making public details in Mar-a-Lago search warrant's probable cause affidavit
This high risk investment craze isn't going away
You can buy a Dodge Challenger convertible as the model ends its run
SoulCycle is closing 25% of its studios
WeWork's former CEO has a new startup, reportedly valued at more than $1 billion
Health departments apply lessons learned from Covid to other public health concerns
Pfizer CEO Albert Bourla tests positive for Covid-19 and is experiencing 'very mild symptoms'
Federal judge rules that Graham must testify in Georgia 2020 investigation
William Ruto declared winner of Kenyan presidential vote amid chaos at election center
Academy apologizes to Sacheen Littlefeather, who refused an Oscar on Marlon Brando's behalf
White House launching messaging push to tout policy wins ahead of midterm elections
Key lines from the search warrant and receipt for Trump's Florida home
Rudy Giuliani told by prosecutors he is a target in Georgia 2020 presidential election probe
Suspect accused of shooting a coach during a Dallas-area youth football game turns himself in
Responding to FBI search, Trump and allies return to his familiar strategy: flood the zone with nonsense

日本語タイトル:['']
=== エラー内容 ===
type:<class 'IndexError'>
args:('list index out of range',)
e自身:list index out of range
タイトル:How ‘Never Have I Ever’ Gave Us Two Wonderfully Different South Asian Moms
Video Of Trump Discussing Laws About Classified Info Aged Really Well
25 Of The Funniest Tweets About Married Life (Aug. 2-15)
On ‘Never Have I Ever’ Season 3, Our Favorite Messy Brown Girl Wins
Kaley Cuoco Had An Intervention Post-Divorce: 'I Was Really Losing My Mind'
Snoop Dogg Launches 'Snoop Loopz' Breakfast Cereal
Bryce Dallas Howard Made 'So Much Less' Than Chris Pratt On 'Jurassic' Trilogy
The Funniest Tweets From Women This Week (Aug. 6-12)
My Fallopian Tube Burst Due To An Ectopic Pregnancy. An ER Doctor Sent Me Home.
The Most Popular Shows On Netflix Right Now Besides 'Never Have I Ever'
Adele Reveals The 'Worst Moment' Of Her Career Happened This Year
John Oliver Exposes Tragic Consequences Of America's Most 'Mind-Blowing F**k-Up'
Twitter Users Call Trump An 'Arsonist' After He Offers To 'Change Temperature'
35 TikTok Products You’ll Use All Year, But Especially When It’s Hot Out
Reviewers Are Obsessed With Target's Chic Storage Baskets

日本語タイトル:['']
=== エラー内容 ===
type:<class 'IndexError'>
args:('list index out of range',)
e自身:list index out of range
タイトル:Stock Market Today: Dow, S&P Live Updates for Aug. 15, 2022
JPMorgan, BofA Are Among Banks Moving Back Into Russian Bond Trading
Higher Interest Rate? Goldman's Marcus Hikes Savings Account to 1.7%
Tech Takes Wind Out of Stocks as Bond Yields Climb: Markets Wrap
Economists Say a Euro-Zone Recession Is Now More Likely Than Not
Bill Gates' TerraPower Raises $750 Million for Cheaper Nuclear
Asia Crypto Exchange Zipmex CEO Marcus Lim Under Pressure to Resign
China Stocks Delisting in Focus as Sinopec and PetroChina to Exit NYSE
Indian Billionaire-Investor Rakesh Jhunjhunwala Dies at 62
Thailand Economy Grows Slower Expected Despite Tourist Boom as Inflation Surges
US Homebuilder Confidence Hits Worst Slump Since 2007 Collapse
Morgan Stanley's Shalett Warns of 'Head Fake' in Inflation Data
Australia Is 'Done' With Outsized Rate Hikes, Eslake Says
Crypto Says Institutions Are Back, Though Retail Has Cold Feet
Uber Raises Prices by About 5% in London to Attract More Drivers

日本語タイトル:['']
=== エラー内容 ===
type:<class 'IndexError'>
args:('list index out of range',)
e自身:list index out of range
タイトル:1 Hot Growth Stock to Buy, and 1 to Avoid (For Now) - The Motley Fool
Agora, Inc. (API) Q2 2022 Earnings Call Transcript - The Motley Fool
FiscalNote Holdings, Inc. (NOTE) Q2 2022 Earnings Call Transcript - The Motley Fool
GoHealth (GOCO) Q2 2022 Earnings Call Transcript - The Motley Fool
GAN Limited (GAN) Q2 2022 Earnings Call Transcript - The Motley Fool
Arcimoto, Inc. (FUV) Q2 2022 Earnings Call Transcript - The Motley Fool
Calithera Biosciences (CALA) Q2 2022 Earnings Call Transcript - The Motley Fool
Why ironSource Stock Popped Today - The Motley Fool
SkyWater Technology, Inc. (SKYT) Q2 2022 Earnings Call Transcript - The Motley Fool
Blend Labs, Inc. (BLND) Q2 2022 Earnings Call Transcript - The Motley Fool
Why Tesla Stock Was Up Again Monday - The Motley Fool
Why Weber Stock Popped Today - The Motley Fool
This Growth Stock Is Entering a New Chapter, and It's a Buy Right Now - The Motley Fool
Why Liquidia Shares Rose 18.4% on Monday - The Motley Fool
Why DouYu Stock Was Up Earlier Today - The Motley Fool

日本語タイトル:['']
=== エラー内容 ===
type:<class 'IndexError'>
args:('list index out of range',)
e自身:list index out of range
タイトル:Oil Prices Slide Below $88 A Barrel As China Demand Fades, U.S. Output Rises
George Soros Deals a Big Blow to Tesla Rival Rivian
Microsoft Makes an Embarrassing Admission
Save $100 on Apple's Redesigned MacBook Air With the M2 Chip
Mr. Big Short Michael Burry Makes a Shocking Decision
Crypto Evangelist Mark Cuban Is in Trouble
Is This Synthetic Biology Pioneer On The Right Track?
Kraft Heinz Recalls Contaminated Classic Kids' Drink
Real Estate: Is It Better to Buy or Rent Your Home?
A Notorious CEO is Making a Big Comeback

日本語タイトル:['']
=== エラー内容 ===
type:<class 'IndexError'>
args:('list index out of range',)
e自身:list index out of range
タイトル:Morning Bid: Growth pangs linger
Still reeling from China's data debacle
Stocks subdued, oil weakens on recession fears
The summer rally has been very bullish, but strategists say a big sell-off next month is possible
S&P 500 closes higher on Monday, building on its four-week win streak
Morgan Stanley guesses which stocks could be taken over next after Amazon's iRobot buy
Oil Prices Slide Below $88 A Barrel As China Demand Fades, U.S. Output Rises
George Soros Deals a Big Blow to Tesla Rival Rivian
Microsoft Makes an Embarrassing Admission
Snoop Dogg announces the upcoming release of his new cereal Snoop Loopz
STOCK MARKET NEWS: Dow gains on Disney jump after activist move, housing headwinds mount
Homebuilders see 'housing recession' as sentiment plunges to fresh 2-year low
Humans may have passed monkeypox to their dog, report says
Trump-allied lawyers pursued voting machine data in multiple states, records reveal
Post-Roe, Americans seek tubal sterilizations — but barriers persist
China Says Military Jets Are Flying Into New Areas Amid Taiwan Tension
Bolton says Trump's defense against raid is 'almost certainly a lie'
Graham says he'll take 2020 fight to 11th Circuit after losing Monday
DOJ opposes making public details in Mar-a-Lago search warrant's probable cause affidavit
WeWork's former CEO has a new startup, reportedly valued at more than $1 billion
This high risk investment craze isn't going away
How ‘Never Have I Ever’ Gave Us 2 Wonderfully Different South Asian Moms
25 Of The Funniest Tweets About Married Life (Aug. 2-15)
On ‘Never Have I Ever’ Season 3, Our Favorite Messy Brown Girl Wins
Stock Market Today: Dow, S&P Live Updates for Aug. 15, 2022
JPMorgan, BofA Are Among Banks Moving Back Into Russian Bond Trading
Chipmakers' Pandemic Boom Turns to Bust With Recession Looming
1 Hot Growth Stock to Buy, and 1 to Avoid (For Now) - The Motley Fool
Agora, Inc. (API) Q2 2022 Earnings Call Transcript - The Motley Fool
FiscalNote Holdings, Inc. (NOTE) Q2 2022 Earnings Call Transcript - The Motley Fool

日本語タイトル:['']
=== エラー内容 ===
type:<class 'IndexError'>
args:('list index out of range',)
e自身:list index out of range
タイトル:Morning Bid: Growth pangs linger
Stocks subdued, oil weakens on recession fears
India inflation may remain elevated despite July dip – analysts
Wall Street climbs, adding to recent gains as megacaps rise
Indian shares rise, NSE index at over four-month high
Venezuela's gold reserves drop six tonnes in the first half of 2022 Canada
China pares back holdings of U.S. Treasuries for 7th month
Greenback gains, Aussie tumbles after weak Chinese data
Morning Bid: Chill from the East
Oil settles lower on weak economic Chinese economic data
Sterling falls vs dollar as focus turns to UK data
Egypt's central bank seen hiking rates to dampen price rises
Donetsk court charges Britons, Swede and Croat as mercenaries, 3 face death penalty
Tiger Global slashes portfolio amid losses
EXCLUSIVE Kimmeridge builds stake in California Resources, in talks for changes

日本語タイトル:['']
=== エラー内容 ===
type:<class 'IndexError'>
args:('list index out of range',)
e自身:list index out of range
タイトル:The summer rally has been very bullish, but strategists say a big sell-off next month is possible
Morgan Stanley guesses which stocks could be taken over next after Amazon's iRobot buy
Santoli: Technical signals are in favor of the bulls, but nearby hurdles loom for stocks
Asia's inflation has peaked compared with major economies in other regions, Morgan Stanley says
Sell beaten-down Vroom as there's no quick fix for online car retailer in a slowdown, JPMorgan says
Charts suggest investors should buy these 3 stocks into weakness, Jim Cramer says
Asking if this is a new bull market or bear market bounce might be the wrong question
What top tech investor Paul Meeks is buying as tech rallies
Stocks making the biggest moves midday: Disney, Poshmark, Vroom and more
European markets close slightly higher; weak Chinese data resurfaces growth fears
Michael Burry of 'The Big Short' dumps all of his previous stock holdings and adds just one name
Dodge will discontinue its Challenger and Charger muscle cars next year
Dow closes up 400 points, S&P 500 rises for fourth straight week as investors warm to cooler inflation
S&P 500 closes flat, Nasdaq dips as market comeback rally takes a breather
4 takeaways from the Investing Club's 'Morning Meeting' on Monday

日本語タイトル:['']
=== エラー内容 ===
type:<class 'IndexError'>
args:('list index out of range',)
e自身:list index out of range
タイトル:Oil Prices Slide Below $88 A Barrel As China Demand Fades, U.S. Output Rises
George Soros Deals a Big Blow to Tesla Rival Rivian
Microsoft Makes an Embarrassing Admission
Save $100 on Apple's Redesigned MacBook Air With the M2 Chip
Mr. Big Short Michael Burry Makes a Shocking Decision
Over 1.7 Million Fords and Lincolns Are at Risk of Being Recalled
Crypto Evangelist Mark Cuban Is in Trouble
Is This Synthetic Biology Pioneer On The Right Track?
Real Estate: Is It Better to Buy or Rent Your Home?
Kraft Heinz Recalls Contaminated Classic Kids' Drink
A Notorious CEO is Making a Big Comeback
Buffett Remains Bullish On Oil, Adds to Chevron, Occidental Stakes
Microsoft, Salesforce Make Wells Fargo Software Stock List
You'll Almost Have to Buy an Electric Vehicle if Climate Bill Passes
Investing Strategy: Single Stock & Bond ETFs: What Are They & Should You Consider Buying Them

日本語タイトル:['']
=== エラー内容 ===
type:<class 'IndexError'>
args:('list index out of range',)
e自身:list index out of range
タイトル:Disney responds to letter from activist investor Dan Loeb
Snoop Dogg announces the upcoming release of his new cereal Snoop Loopz
STOCK MARKET NEWS: Dow gains on Disney jump after activist move, housing headwinds mount
Homebuilders see 'housing recession' as sentiment plunges to fresh 2-year low
Electric car companies tell customers to pay now to lock in tax credit on ordered cars
China growth slows across all fronts in July, prompting unexpected rate cut
Continued inversion of yield curve an indication bond market 'sees troubled times': Wells Fargo exec
Pfizer CEO Albert Bourla says he tested positive for COVID-19, has mild symptoms
Bank of America chief economist sees high chance of mild recession this year
Jamie Dimon says America must 'get it through our thick skulls,' US energy is not against climate change
Elon Musk pitches 'like-minded Chinese partners' on technological vision for the future
Democrats’ book minimum tax to hit real estate, mining companies the hardest
Over 2M baby swings, rockers recalled over strangulation hazards; 1 death reported
Nexstar Media purchases 75% of CW Network from Warner Bros Discovery and Paramount
Bear market poised to last longer despite recent Wall Street rally, Morgan Stanley warns

日本語タイトル:['']
=== エラー内容 ===
type:<class 'IndexError'>
args:('list index out of range',)
e自身:list index out of range
タイトル:Heat wave map: See where Americans face the most extreme heat risk
Biden’s No FDR. He’s Not Even Obama.
Amazon workers walk off job at major West Coast air hub
Trump-allied lawyers pursued voting machine data in multiple states, records reveal
Post-Roe, Americans seek tubal sterilizations — but barriers persist
Humans may have passed monkeypox to their dog, report says
Analysis  Trump's new argument on the Mar-a-Lago files is weak and insufficient
Analysis  The curious timing of Trump naming two allies to access his records
Some spiders may enter REM sleep — and maybe even dream, study says
Analysis  Another year, another high-profile voter-fraud summit goes bust
A man chugged ‘cloudy’ liquid during child rape conviction, then died
An altered photo in Architectural Digest hid Asian relics
FBI tests suggest gun in 'Rust' shooting could not fire without trigger pull
China's surprise rate cut, economic slowdown send oil prices plunging
French bulldog taken at gunpoint in D.C. has been found dead

日本語タイトル:['']
=== エラー内容 ===
type:<class 'IndexError'>
args:('list index out of range',)
e自身:list index out of range
タイトル:China Says Military Jets Are Flying Into New Areas Amid Taiwan Tension
Bolton says Trump's defense against raid is 'almost certainly a lie'
Graham says he'll take 2020 fight to 11th Circuit after losing Monday
Biden took 'enormous step' toward helping student-loan borrowers, Dems say
Mar-a-Lago raid: DOJ asks court to keep search warrant affidavit sealed
Trump warns 'terrible things' will happen if country's temperature not cooled
What the Senate's 6 oldest members told us about their age
Ukraine: Guerilla units in Kherson assassinate, bomb Russian occupiers
Bayraktar drone maker has three-year waitlist as demand soars
Mar-a-Lago FBI raid: Rand Paul calls for repeal of Espionage Act
Reporter says Marco Rubio won't answer questions but goes on Fox
Dollar Vs Yuan: JPMorgan CEO urges US to stand up to China - Markets Insider
Putin knows Ukraine invasion was 'big mistake': former NATO commander
JetBlue cutting 37 routes from fall and winter schedules
Afghanistan: Senior Taliban cleric killed by bomb in artificial leg

日本語タイトル:['']
=== エラー内容 ===
type:<class 'IndexError'>
args:('list index out of range',)
e自身:list index out of range
タイトル:DOJ opposes making public details in Mar-a-Lago search warrant's probable cause affidavit
This high risk investment craze isn't going away
WeWork's former CEO has a new startup, reportedly valued at more than $1 billion
SoulCycle is closing 25% of its studios
Health departments apply lessons learned from Covid to other public health concerns
Pfizer CEO Albert Bourla tests positive for Covid-19 and is experiencing 'very mild symptoms'
Responding to FBI search, Trump and allies return to his familiar strategy: flood the zone with nonsense
Academy apologizes to Sacheen Littlefeather, who refused an Oscar on Marlon Brando's behalf
William Ruto declared winner of Kenyan presidential vote amid chaos at election center
Federal judge rules that Graham must testify in Georgia 2020 investigation
Rudy Giuliani told by prosecutors he is a target in Georgia 2020 presidential election probe
Key lines from the search warrant and receipt for Trump's Florida home
The number of people with Top Secret clearance will shock you
FAA cancels New York ground delays triggered by staffing issues
White House launching messaging push to tout policy wins ahead of midterm elections

日本語タイトル:['']
=== エラー内容 ===
type:<class 'IndexError'>
args:('list index out of range',)
e自身:list index out of range
タイトル:How ‘Never Have I Ever’ Gave Us 2 Wonderfully Different South Asian Moms
25 Of The Funniest Tweets About Married Life (Aug. 2-15)
On ‘Never Have I Ever’ Season 3, Our Favorite Messy Brown Girl Wins
Twitter Users Call Trump An 'Arsonist' After He Offers To 'Change Temperature'
Kaley Cuoco Had An Intervention Post-Divorce: 'I Was Really Losing My Mind'
Snoop Dogg Launches 'Snoop Loopz' Breakfast Cereal
Bryce Dallas Howard Made 'So Much Less' Than Chris Pratt On 'Jurassic' Trilogy
My Fallopian Tube Burst Due To An Ectopic Pregnancy. An ER Doctor Sent Me Home.
John Oliver Exposes Tragic Consequences Of America's Most 'Mind-Blowing F**k-Up'
Video Of Trump Discussing Laws About Classified Info Aged Really Well
Adele Reveals The 'Worst Moment' Of Her Career Happened This Year
35 TikTok Products You’ll Use All Year, But Especially When It’s Hot Out
Reviewers Are Obsessed With Target's Chic Storage Baskets
With Just 3 Words, A Boy At School Changed Everything I Thought I Knew About Myself
States Will Decide How Much Democrats’ Historic Climate Deal Actually Cuts Emissions

日本語タイトル:['']
=== エラー内容 ===
type:<class 'IndexError'>
args:('list index out of range',)
e自身:list index out of range
タイトル:Stock Market Today: Dow, S&P Live Updates for Aug. 15, 2022
JPMorgan, BofA Are Among Banks Moving Back Into Russian Bond Trading
Tech Takes Wind Out of Stocks as Bond Yields Climb: Markets Wrap
Economists Say a Euro-Zone Recession Is Now More Likely Than Not
Bill Gates' TerraPower Raises $750 Million for Cheaper Nuclear
Higher Interest Rate? Goldman's Marcus Hikes Savings Account to 1.7%
Asia Crypto Exchange Zipmex CEO Marcus Lim Under Pressure to Resign
China Stocks Delisting in Focus as Sinopec and PetroChina to Exit NYSE
Richemont Says Ex-Bulgari CEO Is Inappropriate for Board
Apple (AAPL) Set to Expand Advertising, Bringing Ads to Maps, TV and Books Apps
Indian Billionaire-Investor Rakesh Jhunjhunwala Dies at 62
US Homebuilder Confidence Hits Worst Slump Since 2007 Collapse
Thailand Economy Grows Slower Expected Despite Tourist Boom as Inflation Surges
Australia Is 'Done' With Outsized Rate Hikes, Eslake Says
JPMorgan Says the Stock Rally Has Legs. Morgan Stanley Disagrees

日本語タイトル:['']
=== エラー内容 ===
type:<class 'IndexError'>
args:('list index out of range',)
e自身:list index out of range
タイトル:1 Hot Growth Stock to Buy, and 1 to Avoid (For Now) - The Motley Fool
Agora, Inc. (API) Q2 2022 Earnings Call Transcript - The Motley Fool
FiscalNote Holdings, Inc. (NOTE) Q2 2022 Earnings Call Transcript - The Motley Fool
GoHealth (GOCO) Q2 2022 Earnings Call Transcript - The Motley Fool
GAN Limited (GAN) Q2 2022 Earnings Call Transcript - The Motley Fool
Arcimoto, Inc. (FUV) Q2 2022 Earnings Call Transcript - The Motley Fool
Calithera Biosciences (CALA) Q2 2022 Earnings Call Transcript - The Motley Fool
Why ironSource Stock Popped Today - The Motley Fool
SkyWater Technology, Inc. (SKYT) Q2 2022 Earnings Call Transcript - The Motley Fool
Blend Labs, Inc. (BLND) Q2 2022 Earnings Call Transcript - The Motley Fool
Why Tesla Stock Was Up Again Monday - The Motley Fool
Why Weber Stock Popped Today - The Motley Fool
This Growth Stock Is Entering a New Chapter, and It's a Buy Right Now - The Motley Fool
Why Liquidia Shares Rose 18.4% on Monday - The Motley Fool
Why DouYu Stock Was Up Earlier Today - The Motley Fool

日本語タイトル:['']
=== エラー内容 ===
type:<class 'IndexError'>
args:('list index out of range',)
e自身:list index out of range
タイトル:Oil Prices Slide Below $88 A Barrel As China Demand Fades, U.S. Output Rises
George Soros Deals a Big Blow to Tesla Rival Rivian
Microsoft Makes an Embarrassing Admission
Save $100 on Apple's Redesigned MacBook Air With the M2 Chip
Mr. Big Short Michael Burry Makes a Shocking Decision
Crypto Evangelist Mark Cuban Is in Trouble
Is This Synthetic Biology Pioneer On The Right Track?
Kraft Heinz Recalls Contaminated Classic Kids' Drink
Real Estate: Is It Better to Buy or Rent Your Home?
A Notorious CEO is Making a Big Comeback

日本語タイトル:['']
=== エラー内容 ===
type:<class 'IndexError'>
args:('list index out of range',)
e自身:list index out of range
タイトル:Morning Bid: Growth pangs linger
Still reeling from China's data debacle
Stocks and oil shaky, dollar firms amid recession fears
The summer rally has been very bullish, but strategists say a big sell-off next month is possible
S&P 500 closes higher on Monday, building on its four-week win streak
Santoli: Technical signals are in favor of the bulls, but nearby hurdles loom for stocks
Oil Prices Slide Below $88 A Barrel As China Demand Fades, U.S. Output Rises
George Soros Deals a Big Blow to Tesla Rival Rivian
Microsoft Makes an Embarrassing Admission
Disney responds to letter from activist investor Dan Loeb
Snoop Dogg announces the upcoming release of his new cereal Snoop Loopz
STOCK MARKET NEWS: Dow gains on Disney jump after activist move, housing headwinds mount
Heat wave map: See where Americans face the most extreme heat risk
Biden’s No FDR. He’s Not Even Obama.
Trump-allied lawyers pursued voting machine data in multiple states, records reveal
China Says Military Jets Are Flying Into New Areas Amid Taiwan Tension
Graham says he'll take 2020 fight to 11th Circuit after losing Monday
Bolton says Trump's defense against raid is 'almost certainly a lie'
DOJ opposes making public details in Mar-a-Lago search warrant's probable cause affidavit
This high risk investment craze isn't going away
WeWork's former CEO has a new startup, reportedly valued at more than $1 billion
How ‘Never Have I Ever’ Gave Us 2 Wonderfully Different South Asian Moms
25 Of The Funniest Tweets About Married Life (Aug. 2-15)
On ‘Never Have I Ever’ Season 3, Our Favorite Messy Brown Girl Wins
Stock Market Today: Dow, S&P Live Updates for Aug. 15, 2022
Chipmakers' Pandemic Boom Turns to Bust With Recession Looming
JPMorgan Says the Stock Rally Has Legs. Morgan Stanley Disagrees
GAN Limited (GAN) Q2 2022 Earnings Call Transcript - The Motley Fool
Arcimoto, Inc. (FUV) Q2 2022 Earnings Call Transcript - The Motley Fool
Calithera Biosciences (CALA) Q2 2022 Earnings Call Transcript - The Motley Fool

日本語タイトル:['']
=== エラー内容 ===
type:<class 'IndexError'>
args:('list index out of range',)
e自身:list index out of range
タイトル:Morning Bid: Growth pangs linger
India inflation may remain elevated despite July dip – analysts
Stocks and oil shaky, dollar firms amid recession fears
Indian shares rise, NSE index at over four-month high
Venezuela's gold reserves drop six tonnes in the first half of 2022
China pares back holdings of U.S. Treasuries for 7th month
Ammunition depot explodes in northern Crimea -TASS citing local authorities
Tiger Global slashes portfolio amid losses
U.S. states urge postal service to halt gas vehicle purchases
Oil settles lower on weak economic Chinese economic data
Greenback gains, Aussie tumbles after weak Chinese data
Morning Bid: Chill from the East
Sterling falls vs dollar as focus turns to UK data
Analysis: Ben & Jerry's Unilever fight shows risks of ceding control
Egypt's central bank seen hiking rates to dampen price rises

日本語タイトル:['']
=== エラー内容 ===
type:<class 'IndexError'>
args:('list index out of range',)
e自身:list index out of range
タイトル:The summer rally has been very bullish, but strategists say a big sell-off next month is possible
S&P 500 closes higher on Monday, building on its four-week win streak
Morgan Stanley guesses which stocks could be taken over next after Amazon's iRobot buy
Santoli: Technical signals are in favor of the bulls, but nearby hurdles loom for stocks
Asia's inflation has peaked compared with major economies in other regions, Morgan Stanley says
Sell beaten-down Vroom as there's no quick fix for online car retailer in a slowdown, JPMorgan says
Charts suggest investors should buy these 3 stocks into weakness, Jim Cramer says
Stocks making the biggest moves midday: Disney, Poshmark, Vroom and more
Asking if this is a new bull market or bear market bounce might be the wrong question
What top tech investor Paul Meeks is buying as tech rallies
European markets close slightly higher; weak Chinese data resurfaces growth fears
Stock futures flat after notching gains Monday
Dodge will discontinue its Challenger and Charger muscle cars next year
S&P 500 closes flat, Nasdaq dips as market comeback rally takes a breather
4 takeaways from the Investing Club's 'Morning Meeting' on Monday

日本語タイトル:['']
=== エラー内容 ===
type:<class 'IndexError'>
args:('list index out of range',)
e自身:list index out of range
タイトル:Oil Prices Slide Below $88 A Barrel As China Demand Fades, U.S. Output Rises
George Soros Deals a Big Blow to Tesla Rival Rivian
Over 1.7 Million Fords and Lincolns Are at Risk of Being Recalled
Microsoft Makes an Embarrassing Admission
Save $100 on Apple's Redesigned MacBook Air With the M2 Chip
Mr. Big Short Michael Burry Makes a Shocking Decision
Crypto Evangelist Mark Cuban Is in Trouble
Is This Synthetic Biology Pioneer On The Right Track?
Kraft Heinz Recalls Contaminated Classic Kids' Drink
Real Estate: Is It Better to Buy or Rent Your Home?
A Notorious CEO is Making a Big Comeback
Buffett Remains Bullish On Oil, Adds to Chevron, Occidental Stakes
You'll Almost Have to Buy an Electric Vehicle if Climate Bill Passes
Microsoft, Salesforce Make Wells Fargo Software Stock List
Investing Strategy: Single Stock & Bond ETFs: What Are They & Should You Consider Buying Them

日本語タイトル:['']
=== エラー内容 ===
type:<class 'IndexError'>
args:('list index out of range',)
e自身:list index out of range
タイトル:STOCK MARKET NEWS: Dow gains on Disney jump after activist move, housing headwinds mount
Disney responds to letter from activist investor Dan Loeb
Snoop Dogg announces the upcoming release of his new cereal Snoop Loopz
Homebuilders see 'housing recession' as sentiment plunges to fresh 2-year low
Nexstar Media purchases 75% of CW Network from Warner Bros Discovery and Paramount
Continued inversion of yield curve an indication bond market 'sees troubled times': Wells Fargo exec
China growth slows across all fronts in July, prompting unexpected rate cut
Bank of America chief economist sees high chance of mild recession this year
Pfizer CEO Albert Bourla says he tested positive for COVID-19, has mild symptoms
Democrats’ book minimum tax to hit real estate, mining companies the hardest
Over 2M baby swings, rockers recalled over strangulation hazards; 1 death reported
Bear market poised to last longer despite recent Wall Street rally, Morgan Stanley warns
Meditation app Calm lays off 20% of workforce
Starbucks asks labor board to suspend all mail ballot elections after misconduct allegations raised
Home Run Inn recalls frozen pizza for possibly containing metal pieces

日本語タイトル:['']
=== エラー内容 ===
type:<class 'IndexError'>
args:('list index out of range',)
e自身:list index out of range
タイトル:Heat wave map: See where Americans face the most extreme heat risk
Biden’s No FDR. He’s Not Even Obama.
Humans may have passed monkeypox to their dog, report says
Trump-allied lawyers pursued voting machine data in multiple states, records reveal
Post-Roe, Americans seek tubal sterilizations — but barriers persist
Amazon workers walk off job at major West Coast air hub
Analysis  Trump's new argument on the Mar-a-Lago files is weak and insufficient
Analysis  The curious timing of Trump naming two allies to access his records
Some spiders may enter REM sleep — and maybe even dream, study says
A man chugged ‘cloudy’ liquid during child rape conviction, then died
FBI tests suggest gun in 'Rust' shooting could not fire without trigger pull
China's surprise rate cut, economic slowdown send oil prices plunging
An altered photo in Architectural Digest hid Asian relics
Change of pace: Large part of Lower 48 cooler than average this week
French bulldog taken at gunpoint in D.C. has been found dead

日本語タイトル:['']
=== エラー内容 ===
type:<class 'IndexError'>
args:('list index out of range',)
e自身:list index out of range
タイトル:China Says Military Jets Are Flying Into New Areas Amid Taiwan Tension
Graham says he'll take 2020 fight to 11th Circuit after losing Monday
Biden took 'enormous step' toward helping student-loan borrowers, Dems say
Bolton says Trump's defense against raid is 'almost certainly a lie'
What the Senate's 6 oldest members told us about their age
Mar-a-Lago raid: DOJ asks court to keep search warrant affidavit sealed
Mar-a-Lago raid: Giuliani says Trump bragged about crowd size
Bayraktar drone maker has three-year waitlist as demand soars
Ex-Pence aide once 'found classified documents in the ladies' room'
Mar-a-Lago FBI raid: Rand Paul calls for repeal of Espionage Act
Ford selling retro Bronco SUVs to honor 1966 model
Dollar Vs Yuan: JPMorgan CEO urges US to stand up to China - Markets Insider
Putin knows Ukraine invasion was 'big mistake': former NATO commander
How to make money from user-generated content ads as a TikTok creator
Gold falls as dollar rallies on weak China data and surprise rate cut - Markets Insider

日本語タイトル:['']
=== エラー内容 ===
type:<class 'IndexError'>
args:('list index out of range',)
e自身:list index out of range
タイトル:DOJ opposes making public details in Mar-a-Lago search warrant's probable cause affidavit
This high risk investment craze isn't going away
You can buy a Dodge Challenger convertible as the model ends its run
WeWork's former CEO has a new startup, reportedly valued at more than $1 billion
Federal judge rules that Graham must testify in Georgia 2020 investigation
SoulCycle is closing 25% of its studios
Pfizer CEO Albert Bourla tests positive for Covid-19 and is experiencing 'very mild symptoms'
Responding to FBI search, Trump and allies return to his familiar strategy: flood the zone with nonsense
5 ways being single can cost you more
William Ruto declared winner of Kenyan presidential vote amid chaos at election center
Academy apologizes to Sacheen Littlefeather, who refused an Oscar on Marlon Brando's behalf
UK becomes first nation to approve Covid-19 vaccine targeting both Omicron and original strain
Rudy Giuliani told by prosecutors he is a target in Georgia 2020 presidential election probe
Key lines from the search warrant and receipt for Trump's Florida home
White House launching messaging push to tout policy wins ahead of midterm elections

日本語タイトル:['']
=== エラー内容 ===
type:<class 'IndexError'>
args:('list index out of range',)
e自身:list index out of range
タイトル:How ‘Never Have I Ever’ Gave Us 2 Wonderfully Different South Asian Moms
25 Of The Funniest Tweets About Married Life (Aug. 2-15)
On ‘Never Have I Ever’ Season 3, Our Favorite Messy Brown Girl Wins
Kaley Cuoco Had An Intervention Post-Divorce: 'I Was Really Losing My Mind'
Snoop Dogg Launches 'Snoop Loopz' Breakfast Cereal
Bryce Dallas Howard Made 'So Much Less' Than Chris Pratt On 'Jurassic' Trilogy
My Fallopian Tube Burst Due To An Ectopic Pregnancy. An ER Doctor Sent Me Home.
The Most Popular Shows On Netflix Right Now Besides 'Never Have I Ever'
Viola Davis Lands Role As Lead Villian In ‘Hunger Games’ Prequel
John Oliver Exposes Tragic Consequences Of America's Most 'Mind-Blowing F**k-Up'
Video Of Trump Discussing Laws About Classified Info Aged Really Well
Adele Reveals The 'Worst Moment' Of Her Career Happened This Year
States Will Decide How Much Democrats’ Historic Climate Deal Actually Cuts Emissions
Academy Apologizes To Sacheen Littlefeather Nearly 50 Years After Oscars Abuse
35 TikTok Products You’ll Use All Year, But Especially When It’s Hot Out

日本語タイトル:['']
=== エラー内容 ===
type:<class 'IndexError'>
args:('list index out of range',)
e自身:list index out of range
タイトル:Stock Market Today: Dow, S&P Live Updates for Aug. 15, 2022
JPMorgan Says the Stock Rally Has Legs. Morgan Stanley Disagrees
JPMorgan, BofA Are Among Banks Moving Back Into Russian Bond Trading
Higher Interest Rate? Goldman's Marcus Hikes Savings Account to 1.7%
Tech Takes Wind Out of Stocks as Bond Yields Climb: Markets Wrap
Bill Gates' TerraPower Raises $750 Million for Cheaper Nuclear
Asia Crypto Exchange Zipmex CEO Marcus Lim Under Pressure to Resign
China Stocks Delisting in Focus as Sinopec and PetroChina to Exit NYSE
Richemont Says Ex-Bulgari CEO Is Inappropriate for Board
Thailand Economy Grows Slower Expected Despite Tourist Boom as Inflation Surges
Apple (AAPL) Set to Expand Advertising, Bringing Ads to Maps, TV and Books Apps
US Homebuilder Confidence Hits Worst Slump Since 2007 Collapse
Indian Billionaire-Investor Rakesh Jhunjhunwala Dies at 62
Australia Is 'Done' With Outsized Rate Hikes, Eslake Says
Uber Raises Prices by About 5% in London to Attract More Drivers

日本語タイトル:['']
=== エラー内容 ===
type:<class 'IndexError'>
args:('list index out of range',)
e自身:list index out of range
タイトル:1 Hot Growth Stock to Buy, and 1 to Avoid (For Now) - The Motley Fool
GAN Limited (GAN) Q2 2022 Earnings Call Transcript - The Motley Fool
Arcimoto, Inc. (FUV) Q2 2022 Earnings Call Transcript - The Motley Fool
Calithera Biosciences (CALA) Q2 2022 Earnings Call Transcript - The Motley Fool
Why ironSource Stock Popped Today - The Motley Fool
SkyWater Technology, Inc. (SKYT) Q2 2022 Earnings Call Transcript - The Motley Fool
Why Weber Stock Popped Today - The Motley Fool
Agora, Inc. (API) Q2 2022 Earnings Call Transcript - The Motley Fool
FiscalNote Holdings, Inc. (NOTE) Q2 2022 Earnings Call Transcript - The Motley Fool
This Growth Stock Is Entering a New Chapter, and It's a Buy Right Now - The Motley Fool
Why Liquidia Shares Rose 18.4% on Monday - The Motley Fool
Why DouYu Stock Was Up Earlier Today - The Motley Fool
3 Cathie Wood Stocks for the Future - The Motley Fool
Warren Buffett Says This Type of Investor Benefits Most When Stock Prices Fall - The Motley Fool
Your Investments vs. a Bear Market: How to Come Out on Top - The Motley Fool

日本語タイトル:['']
=== エラー内容 ===
type:<class 'IndexError'>
args:('list index out of range',)
e自身:list index out of range
タイトル:STOCK MARKET NEWS: Dow gains on Disney jump after activist move, housing headwinds mount
Disney responds to letter from activist investor Dan Loeb
Pfizer CEO Albert Bourla says he tested positive for COVID-19, has mild symptoms
Homebuilders see 'housing recession' as sentiment plunges to fresh 2-year low
Larry Kudlow: This is $93 billion in direct attacks on fossil fuels and energy independence
Continued inversion of yield curve an indication bond market 'sees troubled times': Wells Fargo exec
Bank of America chief economist sees high chance of mild recession this year
Electric car companies tell customers to pay now to lock in tax credit on ordered cars
Snoop Dogg announces the upcoming release of his new cereal Snoop Loopz
China growth slows across all fronts in July, prompting unexpected rate cut

日本語タイトル:['']
=== エラー内容 ===
type:<class 'IndexError'>
args:('list index out of range',)
e自身:list index out of range
タイトル:Morning Bid: Growth pangs linger
India inflation may remain elevated despite July dip – analysts
Still reeling from China's data debacle
The summer rally has been very bullish, but strategists say a big sell-off next month is possible
European markets close slightly higher; weak Chinese data resurfaces growth fears
S&P 500 closes higher on Monday, building on its four-week win streak
George Soros Deals a Big Blow to Tesla Rival Rivian
Oil Prices Slide Below $88 A Barrel As China Demand Fades, U.S. Output Rises
Microsoft Makes an Embarrassing Admission
Disney responds to letter from activist investor Dan Loeb
STOCK MARKET NEWS: Dow gains on Disney jump after activist move, housing headwinds mount
Pfizer CEO Albert Bourla says he tested positive for COVID-19, has mild symptoms
Heat wave map: See where Americans face the most extreme heat risk
Biden’s No FDR. He’s Not Even Obama.
Humans may have passed monkeypox to their dog, report says
China Says Military Jets Are Flying Into New Areas Amid Taiwan Tension
Graham says he'll take 2020 fight to 11th Circuit after losing Monday
Bolton says Trump's defense against raid is 'almost certainly a lie'
DOJ opposes making public details in Mar-a-Lago search warrant's probable cause affidavit
This high risk investment craze isn't going away
WeWork's former CEO has a new startup, reportedly valued at more than $1 billion
How ‘Never Have I Ever’ Gave Us 2 Wonderfully Different South Asian Moms
25 Of The Funniest Tweets About Married Life (Aug. 2-15)
On ‘Never Have I Ever’ Season 3, Our Favorite Messy Brown Girl Wins
Stock Market Today: Dow, S&P Live Updates for Aug. 15, 2022
Chipmakers' Pandemic Boom Turns to Bust With Recession Looming
JPMorgan Says the Stock Rally Has Legs. Morgan Stanley Disagrees
1 Hot Growth Stock to Buy, and 1 to Avoid (For Now) - The Motley Fool
GAN Limited (GAN) Q2 2022 Earnings Call Transcript - The Motley Fool
Arcimoto, Inc. (FUV) Q2 2022 Earnings Call Transcript - The Motley Fool

日本語タイトル:['']
=== エラー内容 ===
type:<class 'IndexError'>
args:('list index out of range',)
e自身:list index out of range
タイトル:Morning Bid: Growth pangs linger
India inflation may remain elevated despite July dip – analysts
Wall Street climbs, adding to recent gains as megacaps rise
Stocks and oil shaky, dollar firms amid recession fears
Indian shares rise, NSE index at over four-month high
Venezuela's gold reserves drop six tonnes in the first half of 2022 Canada
China pares back holdings of U.S. Treasuries for 7th month
Ammunition depot explodes in northern Crimea -TASS citing local authorities
Tiger Global slashes portfolio amid losses
U.S. states urge postal service to halt gas vehicle purchases
Oil settles lower on weak economic Chinese economic data
Greenback gains, Aussie tumbles after weak Chinese data
Morning Bid: Chill from the East
Analysis: Ben & Jerry's Unilever fight shows risks of ceding control
Egypt's central bank seen hiking rates to dampen price rises

日本語タイトル:['']
=== エラー内容 ===
type:<class 'IndexError'>
args:('list index out of range',)
e自身:list index out of range
タイトル:The summer rally has been very bullish, but strategists say a big sell-off next month is possible
S&P 500 closes higher on Monday, building on its four-week win streak
Morgan Stanley guesses which stocks could be taken over next after Amazon's iRobot buy
Asia's inflation has peaked compared with major economies in other regions, Morgan Stanley says
Santoli: Technical signals are in favor of the bulls, but nearby hurdles loom for stocks
Sell beaten-down Vroom as there's no quick fix for online car retailer in a slowdown, JPMorgan says
Charts suggest investors should buy these 3 stocks into weakness, Jim Cramer says
Stock futures flat after notching gains Monday
'Dangerous territory': Investor Peter Boockvar warns recession is spreading to other parts of economy
Stocks making the biggest moves midday: Disney, Poshmark, Vroom and more
Asking if this is a new bull market or bear market bounce might be the wrong question
What top tech investor Paul Meeks is buying as tech rallies
European markets close slightly higher; weak Chinese data resurfaces growth fears
Dodge will discontinue its Challenger and Charger muscle cars next year
S&P 500 closes flat, Nasdaq dips as market comeback rally takes a breather

日本語タイトル:['']
=== エラー内容 ===
type:<class 'IndexError'>
args:('list index out of range',)
e自身:list index out of range
タイトル:George Soros Deals a Big Blow to Tesla Rival Rivian
Oil Prices Slide Below $88 A Barrel As China Demand Fades, U.S. Output Rises
Over 1.7 Million Fords and Lincolns Are at Risk of Being Recalled
Microsoft Makes an Embarrassing Admission
Save $100 on Apple's Redesigned MacBook Air With the M2 Chip
Mr. Big Short Michael Burry Makes a Shocking Decision
Crypto Evangelist Mark Cuban Is in Trouble
Is This Synthetic Biology Pioneer On The Right Track?
Kraft Heinz Recalls Contaminated Classic Kids' Drink
Real Estate: Is It Better to Buy or Rent Your Home?
Microsoft, Salesforce Make Wells Fargo Software Stock List
You'll Almost Have to Buy an Electric Vehicle if Climate Bill Passes
Buffett Remains Bullish On Oil, Adds to Chevron, Occidental Stakes
Investing Strategy: Single Stock & Bond ETFs: What Are They & Should You Consider Buying Them
Stock Market Today - 815: Stocks End Higher; Retail Earnings In Focus

日本語タイトル:['']
=== エラー内容 ===
type:<class 'IndexError'>
args:('list index out of range',)
e自身:list index out of range
タイトル:Disney responds to letter from activist investor Dan Loeb
STOCK MARKET NEWS: Dow gains on Disney jump after activist move, housing headwinds mount
Pfizer CEO Albert Bourla says he tested positive for COVID-19, has mild symptoms
Snoop Dogg announces the upcoming release of his new cereal Snoop Loopz
Homebuilders see 'housing recession' as sentiment plunges to fresh 2-year low
Larry Kudlow: This is $93 billion in direct attacks on fossil fuels and energy independence
Bank of America chief economist sees high chance of mild recession this year
Electric car companies tell customers to pay now to lock in tax credit on ordered cars
Jamie Dimon says America must 'get it through our thick skulls,' US energy is not against climate change
China growth slows across all fronts in July, prompting unexpected rate cut
Democrats’ book minimum tax to hit real estate, mining companies the hardest
Elon Musk pitches 'like-minded Chinese partners' on technological vision for the future
Nexstar Media purchases 75% of CW Network from Warner Bros Discovery and Paramount
Former IRS whistleblower says government will target middle class under Dems' inflation bill: It's 'bulls--t'
Saudi prince made $500M Russia bet at start of Ukraine war

日本語タイトル:['']
=== エラー内容 ===
type:<class 'IndexError'>
args:('list index out of range',)
e自身:list index out of range
タイトル:Heat wave map: See where Americans face the most extreme heat risk
Biden’s No FDR. He’s Not Even Obama.
Humans may have passed monkeypox to their dog, report says
Post-Roe, Americans seek tubal sterilizations — but barriers persist
Trump-allied lawyers pursued voting machine data in multiple states, records reveal
Amazon workers walk off job at major West Coast air hub
Analysis  Trump's new argument on the Mar-a-Lago files is weak and insufficient
Analysis  The curious timing of Trump naming two allies to access his records
Some spiders may enter REM sleep — and maybe even dream, study says
A man chugged ‘cloudy’ liquid during child rape conviction, then died
FBI tests suggest gun in 'Rust' shooting could not fire without trigger pull
An altered photo in Architectural Digest hid Asian relics
Change of pace: Large part of Lower 48 cooler than average this week
Boris Johnson got Brexit done. How is it working?
China's surprise rate cut, economic slowdown send oil prices plunging

日本語タイトル:['']
=== エラー内容 ===
type:<class 'IndexError'>
args:('list index out of range',)
e自身:list index out of range
タイトル:Graham says he'll take 2020 fight to 11th Circuit after losing Monday
Bolton says Trump's defense against raid is 'almost certainly a lie'
Biden took 'enormous step' toward helping student-loan borrowers, Dems say
What the Senate's 6 oldest members told us about their age
Mar-a-Lago raid: DOJ asks court to keep search warrant affidavit sealed
Mar-a-Lago raid: Giuliani says Trump bragged about crowd size
Bayraktar drone maker has three-year waitlist as demand soars
Ex-Pence aide once 'found classified documents in the ladies' room'
Mar-a-Lago FBI raid: Rand Paul calls for repeal of Espionage Act
Ford selling retro Bronco SUVs to honor 1966 model
Dollar Vs Yuan: JPMorgan CEO urges US to stand up to China - Markets Insider
Afghanistan: Senior Taliban cleric killed by bomb in artificial leg
How to make money from user-generated content ads as a TikTok creator
Gold falls as dollar rallies on weak China data and surprise rate cut - Markets Insider
'Vibecession' has Americans feeling glum despite strong spending, jobs

日本語タイトル:['']
=== エラー内容 ===
type:<class 'IndexError'>
args:('list index out of range',)
e自身:list index out of range
タイトル:DOJ opposes making public details in Mar-a-Lago search warrant's probable cause affidavit
This high risk investment craze isn't going away
WeWork's former CEO has a new startup, reportedly valued at more than $1 billion
SoulCycle is closing 25% of its studios
Federal judge rules that Graham must testify in Georgia 2020 investigation
Pfizer CEO Albert Bourla tests positive for Covid-19 and is experiencing 'very mild symptoms'
William Ruto declared winner of Kenyan presidential vote amid chaos at election center
Responding to FBI search, Trump and allies return to his familiar strategy: flood the zone with nonsense
5 ways being single can cost you more
White House launching messaging push to tout policy wins ahead of midterm elections
UK becomes first nation to approve Covid-19 vaccine targeting both Omicron and original strain
Key lines from the search warrant and receipt for Trump's Florida home
Rudy Giuliani told by prosecutors he is a target in Georgia 2020 presidential election probe
Trump White House lawyer Herschmann subpoenaed by federal grand jury investigating January 6
Brittney Griner's defense team appeals verdict sentencing her to 9 years on drug smuggling

日本語タイトル:['']
=== エラー内容 ===
type:<class 'IndexError'>
args:('list index out of range',)
e自身:list index out of range
タイトル:How ‘Never Have I Ever’ Gave Us 2 Wonderfully Different South Asian Moms
25 Of The Funniest Tweets About Married Life (Aug. 2-15)
On ‘Never Have I Ever’ Season 3, Our Favorite Messy Brown Girl Wins
Video Of Trump Discussing Laws About Classified Info Aged Really Well
Kaley Cuoco Had An Intervention Post-Divorce: 'I Was Really Losing My Mind'
Snoop Dogg Launches 'Snoop Loopz' Breakfast Cereal
Bryce Dallas Howard Made 'So Much Less' Than Chris Pratt On 'Jurassic' Trilogy
Viola Davis Lands Role As Lead Villian In ‘Hunger Games’ Prequel
My Fallopian Tube Burst Due To An Ectopic Pregnancy. An ER Doctor Sent Me Home.
John Oliver Exposes Tragic Consequences Of America's Most 'Mind-Blowing F**k-Up'
Twitter Users Call Trump An 'Arsonist' After He Offers To 'Change Temperature'
States Will Decide How Much Democrats’ Historic Climate Deal Actually Cuts Emissions
Adele Reveals The 'Worst Moment' Of Her Career Happened This Year
35 TikTok Products You’ll Use All Year, But Especially When It’s Hot Out
Reviewers Are Obsessed With Target's Chic Storage Baskets

日本語タイトル:['']
=== エラー内容 ===
type:<class 'IndexError'>
args:('list index out of range',)
e自身:list index out of range
タイトル:Stock Market Today: Dow, S&P Live Updates for Aug. 15, 2022
JPMorgan Says the Stock Rally Has Legs. Morgan Stanley Disagrees
Higher Interest Rate? Goldman's Marcus Hikes Savings Account to 1.7%
JPMorgan, BofA Are Among Banks Moving Back Into Russian Bond Trading
Tech Takes Wind Out of Stocks as Bond Yields Climb: Markets Wrap
Economists Say a Euro-Zone Recession Is Now More Likely Than Not
Asia Crypto Exchange Zipmex CEO Marcus Lim Under Pressure to Resign
Richemont Says Ex-Bulgari CEO Is Inappropriate for Board
Thailand Economy Grows Slower Expected Despite Tourist Boom as Inflation Surges
US Homebuilder Confidence Hits Worst Slump Since 2007 Collapse
Apple Lays Off Recruiters as Part of Its Slowdown in Hiring
Australia Is 'Done' With Outsized Rate Hikes, Eslake Says
Crypto Says Institutions Are Back, Though Retail Has Cold Feet
China Stocks Delisting in Focus as Sinopec and PetroChina to Exit NYSE
Uber Raises Prices by About 5% in London to Attract More Drivers

日本語タイトル:['']
=== エラー内容 ===
type:<class 'IndexError'>
args:('list index out of range',)
e自身:list index out of range
タイトル:1 Hot Growth Stock to Buy, and 1 to Avoid (For Now) - The Motley Fool
Arcimoto, Inc. (FUV) Q2 2022 Earnings Call Transcript - The Motley Fool
Why ironSource Stock Popped Today - The Motley Fool
SkyWater Technology, Inc. (SKYT) Q2 2022 Earnings Call Transcript - The Motley Fool
Why Weber Stock Popped Today - The Motley Fool
Agora, Inc. (API) Q2 2022 Earnings Call Transcript - The Motley Fool
FiscalNote Holdings, Inc. (NOTE) Q2 2022 Earnings Call Transcript - The Motley Fool
This Growth Stock Is Entering a New Chapter, and It's a Buy Right Now - The Motley Fool
GAN Limited (GAN) Q2 2022 Earnings Call Transcript - The Motley Fool
Why Liquidia Shares Rose 18.4% on Monday - The Motley Fool
Why DouYu Stock Was Up Earlier Today - The Motley Fool
3 Cathie Wood Stocks for the Future - The Motley Fool
Warren Buffett Says This Type of Investor Benefits Most When Stock Prices Fall - The Motley Fool
This Stock Is Beating Amazon at Its Own Game - The Motley Fool
Your Investments vs. a Bear Market: How to Come Out on Top - The Motley Fool

日本語タイトル:['']
=== エラー内容 ===
type:<class 'IndexError'>
args:('list index out of range',)
e自身:list index out of range
タイトル:Disney responds to letter from activist investor Dan Loeb
STOCK MARKET NEWS: Dow gains on Disney jump after activist move, housing headwinds mount
Snoop Dogg announces the upcoming release of his new cereal Snoop Loopz
Larry Kudlow: This is $93 billion in direct attacks on fossil fuels and energy independence
Homebuilders see 'housing recession' as sentiment plunges to fresh 2-year low
Nexstar Media purchases 75% of CW Network from Warner Bros Discovery and Paramount
China growth slows across all fronts in July, prompting unexpected rate cut
Bank of America chief economist sees high chance of mild recession this year
Jamie Dimon says America must 'get it through our thick skulls,' US energy is not against climate change
Electric car companies tell customers to pay now to lock in tax credit on ordered cars

日本語タイトル:['']
=== エラー内容 ===
type:<class 'IndexError'>
args:('list index out of range',)
e自身:list index out of range
タイトル:Morning Bid: Growth pangs linger
India inflation may remain elevated despite July dip – analysts
Still reeling from China's data debacle
The summer rally has been very bullish, but strategists say a big sell-off next month is possible
European markets close slightly higher; weak Chinese data resurfaces growth fears
S&P 500 closes higher on Monday, building on its four-week win streak
George Soros Deals a Big Blow to Tesla Rival Rivian
Oil Prices Slide Below $88 A Barrel As China Demand Fades, U.S. Output Rises
Mr. Big Short Michael Burry Makes a Shocking Decision
STOCK MARKET NEWS: Dow gains on Disney jump after activist move, housing headwinds mount
Disney responds to letter from activist investor Dan Loeb
Snoop Dogg announces the upcoming release of his new cereal Snoop Loopz
Heat wave map: See where Americans face the most extreme heat risk
Humans may have passed monkeypox to their dog, report says
Post-Roe, Americans seek tubal sterilizations — but barriers persist
China Says Military Jets Are Flying Into New Areas Amid Taiwan Tension
Graham says he'll take 2020 fight to 11th Circuit after losing Monday
Bolton says Trump's defense against raid is 'almost certainly a lie'
DOJ opposes making public details in Mar-a-Lago search warrant's probable cause affidavit
This high risk investment craze isn't going away
Federal judge rules that Graham must testify in Georgia 2020 investigation
25 Of The Funniest Tweets About Married Life (Aug. 2-15)
How ‘Never Have I Ever’ Gave Us 2 Wonderfully Different South Asian Moms
On ‘Never Have I Ever’ Season 3, Our Favorite Messy Brown Girl Wins
Stock Market Today: Dow, S&P Live Updates for Aug. 15, 2022
Chipmakers' Pandemic Boom Turns to Bust With Recession Looming
JPMorgan Says the Stock Rally Has Legs. Morgan Stanley Disagrees
Social Security: Why You Really Need to Estimate Your Life Expectancy Before Claiming Benefits - The Motley Fool
FiscalNote Holdings, Inc. (NOTE) Q2 2022 Earnings Call Transcript - The Motley Fool
Arcimoto, Inc. (FUV) Q2 2022 Earnings Call Transcript - The Motley Fool

日本語タイトル:['']
=== エラー内容 ===
type:<class 'IndexError'>
args:('list index out of range',)
e自身:list index out of range
タイトル:Morning Bid: Growth pangs linger
Stocks and oil shaky, dollar firms amid recession fears
Indian shares rise, NSE index at over four-month high
Venezuela's gold reserves drop six tonnes in the first half of 2022
Putin: Western countries want to extend NATO-like system to the Asia-Pacific region
China pares back holdings of U.S. Treasuries for 7th month
Tiger Global slashes portfolio amid losses
Greenback gains, Aussie tumbles after weak Chinese data
Morning Bid: Chill from the East
Analysis: Ben & Jerry's Unilever fight shows risks of ceding control
Sterling falls vs dollar as focus turns to UK data
Elliott exited Twitter during second quarter amid takeover frenzy, filings show
Wall Street climbs, adding to recent gains as megacaps rise
EXCLUSIVE Kimmeridge builds stake in California Resources, in talks for changes
Indonesia at 'pinnacle of global leadership', president says

日本語タイトル:['']
=== エラー内容 ===
type:<class 'IndexError'>
args:('list index out of range',)
e自身:list index out of range
タイトル:The summer rally has been very bullish, but strategists say a big sell-off next month is possible
S&P 500 closes higher on Monday, building on its four-week win streak
Morgan Stanley guesses which stocks could be taken over next after Amazon's iRobot buy
Santoli: Technical signals are in favor of the bulls, but nearby hurdles loom for stocks
Asia's inflation has peaked compared with major economies in other regions, Morgan Stanley says
Sell beaten-down Vroom as there's no quick fix for online car retailer in a slowdown, JPMorgan says
Charts suggest investors should buy these 3 stocks into weakness, Jim Cramer says
Stocks making the biggest moves midday: Disney, Poshmark, Vroom and more
Asking if this is a new bull market or bear market bounce might be the wrong question
What top tech investor Paul Meeks is buying as tech rallies
European markets close slightly higher; weak Chinese data resurfaces growth fears
Stock futures flat after notching gains Monday
Personalized coffees and prestige skincare: Consumers snap up premium products despite cost-of-living crisis
Dodge will discontinue its Challenger and Charger muscle cars next year
S&P 500 closes flat, Nasdaq dips as market comeback rally takes a breather

日本語タイトル:['']
=== エラー内容 ===
type:<class 'IndexError'>
args:('list index out of range',)
e自身:list index out of range
タイトル:Mr. Big Short Michael Burry Makes a Shocking Decision
George Soros Deals a Big Blow to Tesla Rival Rivian
Over 1.7 Million Fords and Lincolns Are at Risk of Being Recalled
Save $100 on Apple's Redesigned MacBook Air With the M2 Chip
Microsoft Makes an Embarrassing Admission
Crypto Evangelist Mark Cuban Is in Trouble
Is This Synthetic Biology Pioneer On The Right Track?
Real Estate: Is It Better to Buy or Rent Your Home?
Legendary Financier George Soros Bets Big on Amazon and Alphabet
Microsoft, Salesforce Make Wells Fargo Software Stock List
Kraft Heinz Recalls Contaminated Classic Kids' Drink
You'll Almost Have to Buy an Electric Vehicle if Climate Bill Passes
Investing Strategy: Single Stock & Bond ETFs: What Are They & Should You Consider Buying Them
Stock Market Today - 815: Stocks End Higher; Retail Earnings In Focus
Will Microsoft Stock Keep Rallying? It'll Have to Clear This Key Level.

日本語タイトル:['']
=== エラー内容 ===
type:<class 'IndexError'>
args:('list index out of range',)
e自身:list index out of range
タイトル:Disney responds to letter from activist investor Dan Loeb
STOCK MARKET NEWS: Dow gains on Disney jump after activist move, housing headwinds mount
Snoop Dogg announces the upcoming release of his new cereal Snoop Loopz
Pfizer CEO Albert Bourla says he tested positive for COVID-19, has mild symptoms
Larry Kudlow: This is $93 billion in direct attacks on fossil fuels and energy independence
Homebuilders see 'housing recession' as sentiment plunges to fresh 2-year low
China growth slows across all fronts in July, prompting unexpected rate cut
Bank of America chief economist sees high chance of mild recession this year
Jamie Dimon says America must 'get it through our thick skulls,' US energy is not against climate change
Elon Musk pitches 'like-minded Chinese partners' on technological vision for the future
Democrats’ book minimum tax to hit real estate, mining companies the hardest
Bear market poised to last longer despite recent Wall Street rally, Morgan Stanley warns
Saudi prince made $500M Russia bet at start of Ukraine war
Meditation app Calm lays off 20% of workforce
Nexstar Media purchases 75% of CW Network from Warner Bros Discovery and Paramount

日本語タイトル:['']
=== エラー内容 ===
type:<class 'IndexError'>
args:('list index out of range',)
e自身:list index out of range
タイトル:Biden’s No FDR. He’s Not Even Obama.
Trump-allied lawyers pursued voting machine data in multiple states, records reveal
Post-Roe, Americans seek tubal sterilizations — but barriers persist
Humans may have passed monkeypox to their dog, report says
Amazon workers walk off job at major West Coast air hub
Analysis  Trump's new argument on the Mar-a-Lago files is weak and insufficient
Analysis  The curious timing of Trump naming two allies to access his records
Some spiders may enter REM sleep — and maybe even dream, study says
Liz Cheney's political life is likely ending — and just beginning
A man chugged ‘cloudy’ liquid during child rape conviction, then died
Justice Department opposes release of Mar-a-Lago affidavit
FBI tests suggest gun in 'Rust' shooting could not fire without trigger pull
An altered photo in Architectural Digest hid Asian relics
Boris Johnson got Brexit done. How is it working?
Change of pace: Large part of Lower 48 cooler than average this week

日本語タイトル:['']
=== エラー内容 ===
type:<class 'IndexError'>
args:('list index out of range',)
e自身:list index out of range
タイトル:China Says Military Jets Are Flying Into New Areas Amid Taiwan Tension
Graham says he'll take 2020 fight to 11th Circuit after losing Monday
Biden took 'enormous step' toward helping student-loan borrowers, Dems say
Bolton says Trump's defense against raid is 'almost certainly a lie'
What the Senate's 6 oldest members told us about their age
Mar-a-Lago raid: DOJ asks court to keep search warrant affidavit sealed
Mar-a-Lago raid: Giuliani says Trump bragged about crowd size
Bayraktar drone maker has three-year waitlist as demand soars
Mar-a-Lago FBI raid: Rand Paul calls for repeal of Espionage Act
Ex-Pence aide once 'found classified documents in the ladies' room'
Ford selling retro Bronco SUVs to honor 1966 model
Dollar Vs Yuan: JPMorgan CEO urges US to stand up to China - Markets Insider
Afghanistan: Senior Taliban cleric killed by bomb in artificial leg
How to make money from user-generated content ads as a TikTok creator
Gold falls as dollar rallies on weak China data and surprise rate cut - Markets Insider

日本語タイトル:['']
=== エラー内容 ===
type:<class 'IndexError'>
args:('list index out of range',)
e自身:list index out of range
タイトル:DOJ opposes making public details in Mar-a-Lago search warrant's probable cause affidavit
This high risk investment craze isn't going away
WeWork's former CEO has a new startup, reportedly valued at more than $1 billion
You can buy a Dodge Challenger convertible as the model ends its run
SoulCycle is closing 25% of its studios
Responding to FBI search, Trump and allies return to his familiar strategy: flood the zone with nonsense
William Ruto declared winner of Kenyan presidential vote amid chaos at election center
Federal judge rules that Graham must testify in Georgia 2020 investigation
Academy apologizes to Sacheen Littlefeather, who refused an Oscar on Marlon Brando's behalf
Key lines from the search warrant and receipt for Trump's Florida home
Rudy Giuliani told by prosecutors he is a target in Georgia 2020 presidential election probe
Saudi fund invested $500 million in Russian oil as Ukraine invasion began
FAA cancels New York ground delays triggered by staffing issues
$3 gas could be around the corner
Trump White House lawyer Herschmann subpoenaed by federal grand jury investigating January 6

日本語タイトル:['']
=== エラー内容 ===
type:<class 'IndexError'>
args:('list index out of range',)
e自身:list index out of range
タイトル:Video Of Trump Discussing Laws About Classified Info Aged Really Well
25 Of The Funniest Tweets About Married Life (Aug. 2-15)
How ‘Never Have I Ever’ Gave Us 2 Wonderfully Different South Asian Moms
On ‘Never Have I Ever’ Season 3, Our Favorite Messy Brown Girl Wins
Kaley Cuoco Had An Intervention Post-Divorce: 'I Was Really Losing My Mind'
Snoop Dogg Launches 'Snoop Loopz' Breakfast Cereal
Bryce Dallas Howard Made 'So Much Less' Than Chris Pratt On 'Jurassic' Trilogy
My Fallopian Tube Burst Due To An Ectopic Pregnancy. An ER Doctor Sent Me Home.
This Kid's Reaction To Dropping His Hot Dog Is The Play Of The Day
John Oliver Exposes Tragic Consequences Of America's Most 'Mind-Blowing F**k-Up'
Twitter Users Call Trump An 'Arsonist' After He Offers To 'Change Temperature'
States Will Decide How Much Democrats’ Historic Climate Deal Actually Cuts Emissions
Adele Reveals The 'Worst Moment' Of Her Career Happened This Year
35 TikTok Products You’ll Use All Year, But Especially When It’s Hot Out
Reviewers Are Obsessed With Target's Chic Storage Baskets

日本語タイトル:['']
=== エラー内容 ===
type:<class 'IndexError'>
args:('list index out of range',)
e自身:list index out of range
タイトル:Stock Market Today: Dow, S&P Live Updates for Aug. 15, 2022
JPMorgan Says the Stock Rally Has Legs. Morgan Stanley Disagrees
JPMorgan, BofA Are Among Banks Moving Back Into Russian Bond Trading
Tech Takes Wind Out of Stocks as Bond Yields Climb: Markets Wrap
Economists Say a Euro-Zone Recession Is Now More Likely Than Not
Bill Gates' TerraPower Raises $750 Million for Cheaper Nuclear
Higher Interest Rate? Goldman's Marcus Hikes Savings Account to 1.7%
Richemont Says Ex-Bulgari CEO Is Inappropriate for Board
Apple (AAPL) Set to Expand Advertising, Bringing Ads to Maps, TV and Books Apps
China Stocks Delisting in Focus as Sinopec and PetroChina to Exit NYSE
Apple Lays Off Recruiters as Part of Its Slowdown in Hiring
Indian Billionaire-Investor Rakesh Jhunjhunwala Dies at 62
Asia Analysts Predict Biggest Profit Drop Since Pandemic Started
US Homebuilder Confidence Hits Worst Slump Since 2007 Collapse
'Dr. Doom' Roubini Sees Either US Hard Landing or Uncontrolled Inflation

日本語タイトル:['']
=== エラー内容 ===
type:<class 'IndexError'>
args:('list index out of range',)
e自身:list index out of range
タイトル:1 Hot Growth Stock to Buy, and 1 to Avoid (For Now) - The Motley Fool
Arcimoto, Inc. (FUV) Q2 2022 Earnings Call Transcript - The Motley Fool
Why ironSource Stock Popped Today - The Motley Fool
SkyWater Technology, Inc. (SKYT) Q2 2022 Earnings Call Transcript - The Motley Fool
Why Weber Stock Popped Today - The Motley Fool
Agora, Inc. (API) Q2 2022 Earnings Call Transcript - The Motley Fool
FiscalNote Holdings, Inc. (NOTE) Q2 2022 Earnings Call Transcript - The Motley Fool
This Growth Stock Is Entering a New Chapter, and It's a Buy Right Now - The Motley Fool
GAN Limited (GAN) Q2 2022 Earnings Call Transcript - The Motley Fool
Why Liquidia Shares Rose 18.4% on Monday - The Motley Fool
Why DouYu Stock Was Up Earlier Today - The Motley Fool
3 Cathie Wood Stocks for the Future - The Motley Fool
Warren Buffett Says This Type of Investor Benefits Most When Stock Prices Fall - The Motley Fool
This Stock Is Beating Amazon at Its Own Game - The Motley Fool
Your Investments vs. a Bear Market: How to Come Out on Top - The Motley Fool

日本語タイトル:['']
=== エラー内容 ===
type:<class 'IndexError'>
args:('list index out of range',)
e自身:list index out of range
タイトル:Heat wave map: See where Americans face the most extreme heat risk
Biden’s No FDR. He’s Not Even Obama.
Trump-allied lawyers pursued voting machine data in multiple states, records reveal
Bus accident in Kashmir kills at least 6 Indian soldiers
Humans may have passed monkeypox to their dog, report says
Post-Roe, Americans seek tubal sterilizations — but barriers persist
UN chief taps Grenada's Simon Stiell as new UN climate chief
Analysis  Trump's new argument on the Mar-a-Lago files is weak and insufficient
Analysis  The curious timing of Trump naming two allies to access his records
Amazon workers walk off job at major West Coast air hub

日本語タイトル:['']
=== エラー内容 ===
type:<class 'IndexError'>
args:('list index out of range',)
e自身:list index out of range
タイトル:Morning Bid: Growth pangs linger
India inflation may remain elevated despite July dip – analysts
Still reeling from China's data debacle
The summer rally has been very bullish, but strategists say a big sell-off next month is possible
European markets close slightly higher; weak Chinese data resurfaces growth fears
S&P 500 closes higher on Monday, building on its four-week win streak
George Soros Deals a Big Blow to Tesla Rival Rivian
Oil Prices Slide Below $88 A Barrel As China Demand Fades, U.S. Output Rises
Amazon Acquires iRobot: What You Need to Know
STOCK MARKET NEWS: Dow gains on Disney jump after activist move, housing headwinds mount
Larry Kudlow: This is $93 billion in direct attacks on fossil fuels and energy independence
Homebuilders see 'housing recession' as sentiment plunges to fresh 2-year low
Heat wave map: See where Americans face the most extreme heat risk
Biden’s No FDR. He’s Not Even Obama.
Trump-allied lawyers pursued voting machine data in multiple states, records reveal
Graham says he'll take 2020 fight to 11th Circuit after losing Monday
China Says Military Jets Are Flying Into New Areas Amid Taiwan Tension
Biden took 'enormous step' toward helping student-loan borrowers, Dems say
DOJ opposes making public details in Mar-a-Lago search warrant's probable cause affidavit
This high risk investment craze isn't going away
Federal judge rules that Graham must testify in Georgia 2020 investigation
25 Of The Funniest Tweets About Married Life (Aug. 2-15)
On ‘Never Have I Ever’ Season 3, Our Favorite Messy Brown Girl Wins
Kaley Cuoco Had An Intervention Post-Divorce: 'I Was Really Losing My Mind'
Stock Market Today: Dow, S&P Live Updates for Aug. 15, 2022
Chipmakers' Pandemic Boom Turns to Bust With Recession Looming
Economic Jitters Send US Futures Down, Buoy Dollar: Markets Wrap
Stock Market Sell-Off: 2 Stocks I'm Buying in a Bear Market - The Motley Fool
This Tech Stock May Plunge Sooner Than Later Following Its Impressive Rally - The Motley Fool
Palantir Is Punishing Shareholders With This Regular Practice - The Motley Fool

日本語タイトル:['']
=== エラー内容 ===
type:<class 'IndexError'>
args:('list index out of range',)
e自身:list index out of range
タイトル:Morning Bid: Growth pangs linger
Wall Street climbs, adding to recent gains as megacaps rise
Stocks and oil shaky, dollar firms amid recession fears
Indian shares rise, NSE index at over four-month high
Venezuela's gold reserves drop six tonnes in the first half of 2022
China pares back holdings of U.S. Treasuries for 7th month
Putin: Western countries want to extend NATO-like system to the Asia-Pacific region
Greenback gains, Aussie tumbles after weak Chinese data
Analysis: Ben & Jerry's Unilever fight shows risks of ceding control
Sterling falls vs dollar as focus turns to UK data
Tiger Global slashes portfolio amid losses
Indonesia at 'pinnacle of global leadership', president says
Big explosions rock ammunition dump in Russian-annexed Crimea
EXCLUSIVE Kimmeridge builds stake in California Resources, in talks for changes
Oil extends losses as weak demand outlook lingers

日本語タイトル:['']
=== エラー内容 ===
type:<class 'IndexError'>
args:('list index out of range',)
e自身:list index out of range
タイトル:The summer rally has been very bullish, but strategists say a big sell-off next month is possible
S&P 500 closes higher on Monday, building on its four-week win streak
Morgan Stanley guesses which stocks could be taken over next after Amazon's iRobot buy
Asia's inflation has peaked compared with major economies in other regions, Morgan Stanley says
Stock futures flat after notching gains Monday
Santoli: Technical signals are in favor of the bulls, but nearby hurdles loom for stocks
Sell beaten-down Vroom as there's no quick fix for online car retailer in a slowdown, JPMorgan says
UK real wages decline at record rate as inflation soars
Charts suggest investors should buy these 3 stocks into weakness, Jim Cramer says
Asking if this is a new bull market or bear market bounce might be the wrong question
Stocks making the biggest moves midday: Disney, Poshmark, Vroom and more
European markets close slightly higher; weak Chinese data resurfaces growth fears
Personalized coffees and prestige skincare: Consumers snap up premium products despite cost-of-living crisis
Dodge will discontinue its Challenger and Charger muscle cars next year
S&P 500 closes flat, Nasdaq dips as market comeback rally takes a breather

日本語タイトル:['']
=== エラー内容 ===
type:<class 'IndexError'>
args:('list index out of range',)
e自身:list index out of range
タイトル:George Soros Deals a Big Blow to Tesla Rival Rivian
Oil Prices Slide Below $88 A Barrel As China Demand Fades, U.S. Output Rises
Amazon Acquires iRobot: What You Need to Know
Mr. Big Short Michael Burry Makes a Shocking Decision
Over 1.7 Million Fords and Lincolns Are at Risk of Being Recalled
Save $100 on Apple's Redesigned MacBook Air With the M2 Chip
Microsoft Makes an Embarrassing Admission
Is This Synthetic Biology Pioneer On The Right Track?
Legendary Financier George Soros Bets Big on Amazon and Alphabet
You'll Almost Have to Buy an Electric Vehicle if Climate Bill Passes
Kraft Heinz Recalls Contaminated Classic Kids' Drink
Microsoft, Salesforce Make Wells Fargo Software Stock List
Real Estate: Is It Better to Buy or Rent Your Home?
Buffett Remains Bullish On Oil, Adds to Chevron, Occidental Stakes
Investing Strategy: Single Stock & Bond ETFs: What Are They & Should You Consider Buying Them

日本語タイトル:['']
=== エラー内容 ===
type:<class 'IndexError'>
args:('list index out of range',)
e自身:list index out of range
タイトル:Pfizer CEO Albert Bourla says he tested positive for COVID-19, has mild symptoms
Disney responds to letter from activist investor Dan Loeb
Larry Kudlow: This is $93 billion in direct attacks on fossil fuels and energy independence
Homebuilders see 'housing recession' as sentiment plunges to fresh 2-year low
Bank of America chief economist sees high chance of mild recession this year
Continued inversion of yield curve an indication bond market 'sees troubled times': Wells Fargo exec
Jamie Dimon says America must 'get it through our thick skulls,' US energy is not against climate change
Elon Musk pitches 'like-minded Chinese partners' on technological vision for the future
Stuart Varney: Blue states followed the CDC and paid the price
Bear market poised to last longer despite recent Wall Street rally, Morgan Stanley warns
Meditation app Calm lays off 20% of workforce
Nexstar Media purchases 75% of CW Network from Warner Bros Discovery and Paramount
Over 2M baby swings, rockers recalled over strangulation hazards; 1 death reported
Johnson & Johnson to end sale of talc-based baby powder globally in 2023
Starbucks asks labor board to suspend all mail ballot elections after misconduct allegations raised

日本語タイトル:['']
=== エラー内容 ===
type:<class 'IndexError'>
args:('list index out of range',)
e自身:list index out of range
タイトル:Heat wave map: See where Americans face the most extreme heat risk
Biden’s No FDR. He’s Not Even Obama.
Trump-allied lawyers pursued voting machine data in multiple states, records reveal
Bus accident in Kashmir kills at least 6 Indian soldiers
Humans may have passed monkeypox to their dog, report says
Post-Roe, Americans seek tubal sterilizations — but barriers persist
Analysis  Trump's new argument on the Mar-a-Lago files is weak and insufficient
Amazon workers walk off job at major West Coast air hub
Analysis  The curious timing of Trump naming two allies to access his records
Some spiders may enter REM sleep — and maybe even dream, study says
Liz Cheney's political life is likely ending — and just beginning
A man chugged ‘cloudy’ liquid during child rape conviction, then died
Justice Department opposes release of Mar-a-Lago affidavit
FBI tests suggest gun in 'Rust' shooting could not fire without trigger pull
An altered photo in Architectural Digest hid Asian relics

日本語タイトル:['']
=== エラー内容 ===
type:<class 'IndexError'>
args:('list index out of range',)
e自身:list index out of range
タイトル:Graham says he'll take 2020 fight to 11th Circuit after losing Monday
China Says Military Jets Are Flying Into New Areas Amid Taiwan Tension
Biden took 'enormous step' toward helping student-loan borrowers, Dems say
Bolton says Trump's defense against raid is 'almost certainly a lie'
What the Senate's 6 oldest members told us about their age
Trump claims FBI agents took 3 of his passports during Mar-a-Lago raid
Mar-a-Lago raid: DOJ asks court to keep search warrant affidavit sealed
Bayraktar drone maker has three-year waitlist as demand soars
Mar-a-Lago FBI raid: Rand Paul calls for repeal of Espionage Act
Ford selling retro Bronco SUVs to honor 1966 model
Afghanistan: Senior Taliban cleric killed by bomb in artificial leg
'Vibecession' has Americans feeling glum despite strong spending, jobs
Gold falls as dollar rallies on weak China data and surprise rate cut - Markets Insider
How to make money from user-generated content ads as a TikTok creator
Rainwater no longer safe to drink anywhere due to 'forever chemicals'

日本語タイトル:['']
=== エラー内容 ===
type:<class 'IndexError'>
args:('list index out of range',)
e自身:list index out of range
タイトル:This high risk investment craze isn't going away
DOJ opposes making public details in Mar-a-Lago search warrant's probable cause affidavit
Federal judge rules that Graham must testify in Georgia 2020 investigation
WeWork's former CEO has a new startup, reportedly valued at more than $1 billion
You can buy a Dodge Challenger convertible as the model ends its run
Pfizer CEO Albert Bourla tests positive for Covid-19 and is experiencing 'very mild symptoms'
William Ruto declared winner of Kenyan presidential vote amid chaos at election center
SoulCycle is closing 25% of its studios
UK becomes first nation to approve Covid-19 vaccine targeting both Omicron and original strain
11 members of Congress have lost their primaries this year. Is Liz Cheney next?
Key lines from the search warrant and receipt for Trump's Florida home
Rudy Giuliani told by prosecutors he is a target in Georgia 2020 presidential election probe
$3 gas could be around the corner
Saudi fund invested $500 million in Russian oil as Ukraine invasion began
FAA cancels New York ground delays triggered by staffing issues

日本語タイトル:['']
=== エラー内容 ===
type:<class 'IndexError'>
args:('list index out of range',)
e自身:list index out of range
タイトル:25 Of The Funniest Tweets About Married Life (Aug. 2-15)
Video Of Trump Discussing Laws About Classified Info Aged Really Well
On ‘Never Have I Ever’ Season 3, Our Favorite Messy Brown Girl Wins
Twitter Users Call Trump An 'Arsonist' After He Offers To 'Change Temperature'
Snoop Dogg Launches 'Snoop Loopz' Breakfast Cereal
Bryce Dallas Howard Made 'So Much Less' Than Chris Pratt On 'Jurassic' Trilogy
My Fallopian Tube Burst Due To An Ectopic Pregnancy. An ER Doctor Sent Me Home.
Kaley Cuoco Had An Intervention Post-Divorce: 'I Was Really Losing My Mind'
The Most Popular Shows On Netflix Right Now Besides 'Never Have I Ever'
This Kid's Reaction To Dropping His Hot Dog Is The Play Of The Day
Dog That Went Missing For 2 Months Found Alive Inside Missouri Cave
John Oliver Exposes Tragic Consequences Of America's Most 'Mind-Blowing F**k-Up'
States Will Decide How Much Democrats’ Historic Climate Deal Actually Cuts Emissions
Adele Reveals The 'Worst Moment' Of Her Career Happened This Year
35 TikTok Products You’ll Use All Year, But Especially When It’s Hot Out

日本語タイトル:['']
=== エラー内容 ===
type:<class 'IndexError'>
args:('list index out of range',)
e自身:list index out of range
タイトル:Stock Market Today: Dow, S&P Live Updates for Aug. 15, 2022
Tech Takes Wind Out of Stocks as Bond Yields Climb: Markets Wrap
JPMorgan, BofA Are Among Banks Moving Back Into Russian Bond Trading
Economists Say a Euro-Zone Recession Is Now More Likely Than Not
Bill Gates' TerraPower Raises $750 Million for Cheaper Nuclear
Higher Interest Rate? Goldman's Marcus Hikes Savings Account to 1.7%
Richemont Says Ex-Bulgari CEO Is Inappropriate for Board
China Stocks Delisting in Focus as Sinopec and PetroChina to Exit NYSE
Apple (AAPL) Set to Expand Advertising, Bringing Ads to Maps, TV and Books Apps
Apple Lays Off Recruiters as Part of Its Slowdown in Hiring
Asia Analysts Predict Biggest Profit Drop Since Pandemic Started
Morgan Stanley's Shalett Warns of 'Head Fake' in Inflation Data
US Homebuilder Confidence Hits Worst Slump Since 2007 Collapse
'Dr. Doom' Roubini Sees Either US Hard Landing or Uncontrolled Inflation
Asia Crypto Exchange Zipmex CEO Marcus Lim Under Pressure to Resign

日本語タイトル:['']
=== エラー内容 ===
type:<class 'IndexError'>
args:('list index out of range',)
e自身:list index out of range
タイトル:1 Hot Growth Stock to Buy, and 1 to Avoid (For Now) - The Motley Fool
Why ironSource Stock Popped Today - The Motley Fool
SkyWater Technology, Inc. (SKYT) Q2 2022 Earnings Call Transcript - The Motley Fool
Why Weber Stock Popped Today - The Motley Fool
FiscalNote Holdings, Inc. (NOTE) Q2 2022 Earnings Call Transcript - The Motley Fool
Agora, Inc. (API) Q2 2022 Earnings Call Transcript - The Motley Fool
The Stock Market Is Rebounding. Is Now the Time to Invest? - The Motley Fool
This Growth Stock Is Entering a New Chapter, and It's a Buy Right Now - The Motley Fool
Why Liquidia Shares Rose 18.4% on Monday - The Motley Fool
GAN Limited (GAN) Q2 2022 Earnings Call Transcript - The Motley Fool
Why DouYu Stock Was Up Earlier Today - The Motley Fool
3 Cathie Wood Stocks for the Future - The Motley Fool
This Stock Is Beating Amazon at Its Own Game - The Motley Fool
Your Investments vs. a Bear Market: How to Come Out on Top - The Motley Fool
Got $100? Buy the Dip on This Beaten-Down Growth Stock - The Motley Fool

日本語タイトル:['']
=== エラー内容 ===
type:<class 'IndexError'>
args:('list index out of range',)
e自身:list index out of range
タイトル:Biden’s No FDR. He’s Not Even Obama.
Trump-allied lawyers pursued voting machine data in multiple states, records reveal
Bus accident in Kashmir kills at least 6 Indian soldiers
Humans may have passed monkeypox to their dog, report says
Post-Roe, Americans seek tubal sterilizations — but barriers persist
UN chief taps Grenada's Simon Stiell as new UN climate chief
European Credit Is Poised for a Renaissance
Amazon workers walk off job at major West Coast air hub
Analysis  Trump's new argument on the Mar-a-Lago files is weak and insufficient
The source of a resounding boom over Salt Lake City? Probably a meteor.

日本語タイトル:['']
=== エラー内容 ===
type:<class 'IndexError'>
args:('list index out of range',)
e自身:list index out of range
タイトル:Morning Bid: Growth pangs linger
India inflation may remain elevated despite July dip – analysts
Still reeling from China's data debacle
The summer rally has been very bullish, but strategists say a big sell-off next month is possible
Stock futures are little changed, traders await Walmart earnings
European markets close slightly higher; weak Chinese data resurfaces growth fears
Mr. Big Short Michael Burry Makes a Shocking Decision
Save $100 on Apple's Redesigned MacBook Air With the M2 Chip
George Soros Deals a Big Blow to Tesla Rival Rivian
Walmart is a top US inflation gauge
STOCK MARKET NEWS: Dow gains on Disney jump after activist move, housing headwinds mount
Pfizer CEO Albert Bourla says he tested positive for COVID-19, has mild symptoms
Heat wave map: See where Americans face the most extreme heat risk
Trump-allied lawyers pursued voting machine data in multiple states, records reveal
Biden’s No FDR. He’s Not Even Obama.
Graham says he'll take 2020 fight to 11th Circuit after losing Monday
Bolton says Trump's defense against raid is 'almost certainly a lie'
Biden took 'enormous step' toward helping student-loan borrowers, Dems say
DOJ opposes making public details in Mar-a-Lago search warrant's probable cause affidavit
Did you change jobs during the pandemic and then regret it?
This high risk investment craze isn't going away
25 Of The Funniest Tweets About Married Life (Aug. 2-15)
On ‘Never Have I Ever’ Season 3, Our Favorite Messy Brown Girl Wins
Twitter Users Call Trump An 'Arsonist' After He Offers To 'Change Temperature'
Stock Market Today: Dow, S&P Live Updates for Aug. 15, 2022
Chipmakers' Pandemic Boom Turns to Bust With Recession Looming
JPMorgan Says the Stock Rally Has Legs. Morgan Stanley Disagrees
This Tech Stock May Plunge Sooner Than Later Following Its Impressive Rally - The Motley Fool
1 Hot Growth Stock to Buy, and 1 to Avoid (For Now) - The Motley Fool
Palantir Is Punishing Shareholders With This Regular Practice - The Motley Fool

日本語タイトル:['']
=== エラー内容 ===
type:<class 'IndexError'>
args:('list index out of range',)
e自身:list index out of range
タイトル:Morning Bid: Growth pangs linger
Wall Street climbs, adding to recent gains as megacaps rise
Indian shares rise, NSE index at over four-month high
Stocks and oil shaky, dollar firms amid recession fears
Venezuela's gold reserves drop six tonnes in the first half of 2022 Canada
China pares back holdings of U.S. Treasuries for 7th month
Putin accuses U.S. of fanning Asia tension with Taiwan visit, AUKUS pact
Greenback gains, Aussie tumbles after weak Chinese data
Oil settles lower on weak economic Chinese economic data
Analysis: Ben & Jerry's Unilever fight shows risks of ceding control
Sterling falls vs dollar as focus turns to UK data
Tiger Global slashes portfolio amid losses
Elliott exited Twitter during second quarter amid takeover frenzy, filings show
Indonesia at 'pinnacle of global leadership', president says
Big explosions rock ammunition dump in Russian-annexed Crimea

日本語タイトル:['']
=== エラー内容 ===
type:<class 'IndexError'>
args:('list index out of range',)
e自身:list index out of range
タイトル:The summer rally has been very bullish, but strategists say a big sell-off next month is possible
S&P 500 closes higher on Monday, building on its four-week win streak
Stock futures are little changed, traders await Walmart earnings
Morgan Stanley guesses which stocks could be taken over next after Amazon's iRobot buy
Asia's inflation has peaked compared with major economies in other regions, Morgan Stanley says
Santoli: Technical signals are in favor of the bulls, but nearby hurdles loom for stocks
Sell beaten-down Vroom as there's no quick fix for online car retailer in a slowdown, JPMorgan says
UK real wages decline at record rate as inflation soars
Charts suggest investors should buy these 3 stocks into weakness, Jim Cramer says
Stocks making the biggest moves midday: Disney, Poshmark, Vroom and more
What top tech investor Paul Meeks is buying as tech rallies
Asking if this is a new bull market or bear market bounce might be the wrong question
European markets close slightly higher; weak Chinese data resurfaces growth fears
Personalized coffees and prestige skincare: Consumers snap up premium products despite cost-of-living crisis
'Dangerous territory': Investor Peter Boockvar warns recession is spreading to other parts of economy

日本語タイトル:['']
=== エラー内容 ===
type:<class 'IndexError'>
args:('list index out of range',)
e自身:list index out of range
タイトル:Mr. Big Short Michael Burry Makes a Shocking Decision
Save $100 on Apple's Redesigned MacBook Air With the M2 Chip
George Soros Deals a Big Blow to Tesla Rival Rivian
Oil Prices Slide Below $88 A Barrel As China Demand Fades, U.S. Output Rises
Amazon Acquires iRobot: What You Need to Know
So, Just How Bad Is China Right Now, Really? - RealMoney
We Tried Samsung’s 55-inch Curved Odyssey Ark Gaming Screen
Over 1.7 Million Fords and Lincolns Are at Risk of Being Recalled
Microsoft Makes an Embarrassing Admission
Is This Synthetic Biology Pioneer On The Right Track?
Kraft Heinz Recalls Contaminated Classic Kids' Drink
Real Estate: Is It Better to Buy or Rent Your Home?
Investing Strategy: Single Stock & Bond ETFs: What Are They & Should You Consider Buying Them
Disney Stock: Surprising Results and a Buy Opportunity
Elon Musk Pampers His Ties with China

日本語タイトル:['']
=== エラー内容 ===
type:<class 'IndexError'>
args:('list index out of range',)
e自身:list index out of range
タイトル:Walmart is a top US inflation gauge
STOCK MARKET NEWS: Dow gains on Disney jump after activist move, housing headwinds mount
Pfizer CEO Albert Bourla says he tested positive for COVID-19, has mild symptoms
Snoop Dogg announces the upcoming release of his new cereal Snoop Loopz
Larry Kudlow: This is $93 billion in direct attacks on fossil fuels and energy independence
Homebuilders see 'housing recession' as sentiment plunges to fresh 2-year low
China growth slows across all fronts in July, prompting unexpected rate cut
Electric car companies tell customers to pay now to lock in tax credit on ordered cars
Bank of America chief economist sees high chance of mild recession this year
Jamie Dimon says America must 'get it through our thick skulls,' US energy is not against climate change
Elon Musk pitches 'like-minded Chinese partners' on technological vision for the future
Stuart Varney: Blue states followed the CDC and paid the price
Bear market poised to last longer despite recent Wall Street rally, Morgan Stanley warns
Meditation app Calm lays off 20% of workforce
Saudi prince made $500M Russia bet at start of Ukraine war

日本語タイトル:['']
=== エラー内容 ===
type:<class 'IndexError'>
args:('list index out of range',)
e自身:list index out of range
タイトル:Heat wave map: See where Americans face the most extreme heat risk
Biden’s No FDR. He’s Not Even Obama.
Trump-allied lawyers pursued voting machine data in multiple states, records reveal
Bus accident in Kashmir kills at least 6 Indian soldiers
Humans may have passed monkeypox to their dog, report says
Post-Roe, Americans seek tubal sterilizations — but barriers persist
Analysis  Another year, another high-profile voter-fraud summit goes bust
Amazon workers walk off job at major West Coast air hub
Analysis  Trump's new argument on the Mar-a-Lago files is weak and insufficient
Analysis  The curious timing of Trump naming two allies to access his records
Liz Cheney's political life is likely ending — and just beginning
Some spiders may enter REM sleep — and maybe even dream, study says
A man chugged ‘cloudy’ liquid during child rape conviction, then died
European Credit Is Poised for a Renaissance
Justice Department opposes release of Mar-a-Lago affidavit

日本語タイトル:['']
=== エラー内容 ===
type:<class 'IndexError'>
args:('list index out of range',)
e自身:list index out of range
タイトル:Graham says he'll take 2020 fight to 11th Circuit after losing Monday
Bolton says Trump's defense against raid is 'almost certainly a lie'
Biden took 'enormous step' toward helping student-loan borrowers, Dems say
What the Senate's 6 oldest members told us about their age
Bayraktar drone maker has three-year waitlist as demand soars
Mar-a-Lago raid: DOJ asks court to keep search warrant affidavit sealed
Mar-a-Lago raid: Giuliani says Trump bragged about crowd size
Mar-a-Lago FBI raid: Rand Paul calls for repeal of Espionage Act
Ford selling retro Bronco SUVs to honor 1966 model
Afghanistan: Senior Taliban cleric killed by bomb in artificial leg
'Vibecession' has Americans feeling glum despite strong spending, jobs
Saudi Arabia's Kingdom Holding invested $500M in Russian energy firms
Gold falls as dollar rallies on weak China data and surprise rate cut - Markets Insider
How to make money from user-generated content ads as a TikTok creator
Rainwater no longer safe to drink anywhere due to 'forever chemicals'

日本語タイトル:['']
=== エラー内容 ===
type:<class 'IndexError'>
args:('list index out of range',)
e自身:list index out of range
タイトル:DOJ opposes making public details in Mar-a-Lago search warrant's probable cause affidavit
Federal judge rules that Graham must testify in Georgia 2020 investigation
WeWork's former CEO has a new startup, reportedly valued at more than $1 billion
This high risk investment craze isn't going away
You can buy a Dodge Challenger convertible as the model ends its run
William Ruto declared winner of Kenyan presidential vote amid chaos at election center
SoulCycle is closing 25% of its studios
Key lines from the search warrant and receipt for Trump's Florida home
Academy apologizes to Sacheen Littlefeather, who refused an Oscar on Marlon Brando's behalf
Rudy Giuliani told by prosecutors he is a target in Georgia 2020 presidential election probe
$3 gas could be around the corner
FAA cancels New York ground delays triggered by staffing issues
August 15, 2022 Russia-Ukraine news International
Shoppers rush for the exits as Shanghai Ikea goes into lockdown
China cuts rates as lockdowns and a real estate crisis take their toll

日本語タイトル:['']
=== エラー内容 ===
type:<class 'IndexError'>
args:('list index out of range',)
e自身:list index out of range
タイトル:25 Of The Funniest Tweets About Married Life (Aug. 2-15)
Video Of Trump Discussing Laws About Classified Info Aged Really Well
Twitter Users Call Trump An 'Arsonist' After He Offers To 'Change Temperature'
Bryce Dallas Howard Made 'So Much Less' Than Chris Pratt On 'Jurassic' Trilogy
Snoop Dogg Launches 'Snoop Loopz' Breakfast Cereal
My Fallopian Tube Burst Due To An Ectopic Pregnancy. An ER Doctor Sent Me Home.
Kaley Cuoco Had An Intervention Post-Divorce: 'I Was Really Losing My Mind'
The Most Popular Shows On Netflix Right Now Besides 'Never Have I Ever'
This Kid's Reaction To Dropping His Hot Dog Is The Play Of The Day
Dog That Went Missing For 2 Months Found Alive Inside Missouri Cave
Viola Davis Lands Role As Lead Villain In ‘Hunger Games’ Prequel
John Oliver Exposes Tragic Consequences Of America's Most 'Mind-Blowing F**k-Up'
On ‘Never Have I Ever’ Season 3, Our Favorite Messy Brown Girl Wins
Adele Reveals The 'Worst Moment' Of Her Career Happened This Year
35 TikTok Products You’ll Use All Year, But Especially When It’s Hot Out

日本語タイトル:['']
=== エラー内容 ===
type:<class 'IndexError'>
args:('list index out of range',)
e自身:list index out of range
タイトル:Stock Market Today: Dow, S&P Live Updates for Aug. 15, 2022
JPMorgan Says the Stock Rally Has Legs. Morgan Stanley Disagrees
Economists Say a Euro-Zone Recession Is Now More Likely Than Not
Bill Gates' TerraPower Raises $750 Million for Cheaper Nuclear
Higher Interest Rate? Goldman's Marcus Hikes Savings Account to 1.7%
Tech Takes Wind Out of Stocks as Bond Yields Climb: Markets Wrap
JPMorgan, BofA Are Among Banks Moving Back Into Russian Bond Trading
Richemont Says Ex-Bulgari CEO Is Inappropriate for Board
US Futures Fluctuate Amid Caution Over Economy: Markets Wrap
Thailand Economy Grows Slower Expected Despite Tourist Boom as Inflation Surges
Apple Lays Off Recruiters as Part of Its Slowdown in Hiring
Asia Analysts Predict Biggest Profit Drop Since Pandemic Started
Australia Is 'Done' With Outsized Rate Hikes, Eslake Says
Apple (AAPL) Set to Expand Advertising, Bringing Ads to Maps, TV and Books Apps
US Homebuilder Confidence Hits Worst Slump Since 2007 Collapse

日本語タイトル:['']
=== エラー内容 ===
type:<class 'IndexError'>
args:('list index out of range',)
e自身:list index out of range
タイトル:1 Hot Growth Stock to Buy, and 1 to Avoid (For Now) - The Motley Fool
SkyWater Technology, Inc. (SKYT) Q2 2022 Earnings Call Transcript - The Motley Fool
Why ironSource Stock Popped Today - The Motley Fool
Why Weber Stock Popped Today - The Motley Fool
FiscalNote Holdings, Inc. (NOTE) Q2 2022 Earnings Call Transcript - The Motley Fool
Agora, Inc. (API) Q2 2022 Earnings Call Transcript - The Motley Fool
The Stock Market Is Rebounding. Is Now the Time to Invest? - The Motley Fool
This Growth Stock Is Entering a New Chapter, and It's a Buy Right Now - The Motley Fool
Why Liquidia Shares Rose 18.4% on Monday - The Motley Fool
GAN Limited (GAN) Q2 2022 Earnings Call Transcript - The Motley Fool
Why DouYu Stock Was Up Earlier Today - The Motley Fool
3 Cathie Wood Stocks for the Future - The Motley Fool
Your Investments vs. a Bear Market: How to Come Out on Top - The Motley Fool
This Stock Is Beating Amazon at Its Own Game - The Motley Fool
Got $100? Buy the Dip on This Beaten-Down Growth Stock - The Motley Fool

日本語タイトル:['']
=== エラー内容 ===
type:<class 'IndexError'>
args:('list index out of range',)
e自身:list index out of range
タイトル:China Says Military Jets Are Flying Into New Areas Amid Taiwan Tension
Graham says he'll take 2020 fight to 11th Circuit after losing Monday
Biden took 'enormous step' toward helping student-loan borrowers, Dems say
Bolton says Trump's defense against raid is 'almost certainly a lie'
What the Senate's 6 oldest members told us about their age
Mar-a-Lago raid: Giuliani says Trump bragged about crowd size
Mar-a-Lago raid: DOJ asks court to keep search warrant affidavit sealed
How Wall Street bulls are reacting to fresh inflation data
Bayraktar drone maker has three-year waitlist as demand soars
What to know about buying a used electric car, according to experts

日本語タイトル:['']
=== エラー内容 ===
type:<class 'IndexError'>
args:('list index out of range',)
e自身:list index out of range
タイトル:India inflation may remain elevated despite July dip – analysts
India's NSE ends at four-month high, auto stocks drive gains
Wall Street climbs, adding to recent gains as megacaps rise
European markets close slightly higher; weak Chinese data resurfaces growth fears
European markets nudge higher, looking to build momentum
Morgan Stanley guesses which stocks could be taken over next after Amazon's iRobot buy
Mr. Big Short Michael Burry Makes a Shocking Decision
Save $100 on Apple's Redesigned MacBook Air With the M2 Chip
George Soros Deals a Big Blow to Tesla Rival Rivian
Walmart is a top US inflation gauge
STOCK MARKET NEWS: Dow gains on Disney jump after activist move, housing headwinds mount
Snoop Dogg announces the upcoming release of his new cereal Snoop Loopz
Biden’s No FDR. He’s Not Even Obama.
Trump-allied lawyers pursued voting machine data in multiple states, records reveal
Humans may have passed monkeypox to their dog, report says
China Says Military Jets Are Flying Into New Areas Amid Taiwan Tension
Graham says he'll take 2020 fight to 11th Circuit after losing Monday
Biden took 'enormous step' toward helping student-loan borrowers, Dems say
DOJ opposes making public details in Mar-a-Lago search warrant's probable cause affidavit
Did you change jobs during the pandemic and then regret it?
This high risk investment craze isn't going away
25 Of The Funniest Tweets About Married Life (Aug. 2-15)
How ‘Never Have I Ever’ Gave Us 2 Wonderfully Different South Asian Moms
Video Of Trump Discussing Laws About Classified Info Aged Really Well
Stock Market Today: Dow, S&P Live Updates for Aug. 15, 2022
Chipmakers' Pandemic Boom Turns to Bust With Recession Looming
JPMorgan Says the Stock Rally Has Legs. Morgan Stanley Disagrees
2 Reasons to Buy Cardano - The Motley Fool
3 Unstoppable Investments Everyone Needs in Their Portfolio - The Motley Fool
A Majority of Americans Support These 4 Changes to Social Security - The Motley Fool

日本語タイトル:['']
=== エラー内容 ===
type:<class 'IndexError'>
args:('list index out of range',)
e自身:list index out of range
タイトル:Stocks drift, dollar firms as growth fears stifle sentiment
India's NSE ends at four-month high, auto stocks drive gains
Wall Street climbs, adding to recent gains as megacaps rise
Cryptoverse: Electric ether leaps on verge of Merge
Morning Bid: Growth pangs linger
Venezuela's gold reserves drop six tonnes in the first half of 2022
Putin accuses U.S. of fanning Asia tension with Taiwan visit, AUKUS pact
China pares back holdings of U.S. Treasuries for 7th month
Analysis: Ben & Jerry's Unilever fight shows risks of ceding control
Greenback gains, Aussie tumbles after weak Chinese data
Morning Bid: Chill from the East
Dollar firm vs Aussie, euro on heightened recession worries
Oil settles lower on weak economic Chinese economic data
Indonesia at 'pinnacle of global leadership', president says
Sterling falls vs dollar as focus turns to UK data

日本語タイトル:['']
=== エラー内容 ===
type:<class 'IndexError'>
args:('list index out of range',)
e自身:list index out of range
タイトル:Stock futures are little changed, traders await Walmart earnings
S&P 500 closes higher on Monday, building on its four-week win streak
Morgan Stanley guesses which stocks could be taken over next after Amazon's iRobot buy
Asia's inflation has peaked compared with major economies in other regions, Morgan Stanley says
Santoli: Technical signals are in favor of the bulls, but nearby hurdles loom for stocks
Sell beaten-down Vroom as there's no quick fix for online car retailer in a slowdown, JPMorgan says
Stocks making the biggest moves midday: Disney, Poshmark, Vroom and more
Annuities that protect from stock market losses are surging this year
Asking if this is a new bull market or bear market bounce might be the wrong question
What top tech investor Paul Meeks is buying as tech rallies
UK real wages decline at record rate as inflation soars
European markets close slightly higher; weak Chinese data resurfaces growth fears
Charts suggest investors should buy these 3 stocks into weakness, Jim Cramer says
Personalized coffees and prestige skincare: Consumers snap up premium products despite cost-of-living crisis
'Dangerous territory': Investor Peter Boockvar warns recession is spreading to other parts of economy

日本語タイトル:['']
=== エラー内容 ===
type:<class 'IndexError'>
args:('list index out of range',)
e自身:list index out of range
タイトル:Mr. Big Short Michael Burry Makes a Shocking Decision
Save $100 on Apple's Redesigned MacBook Air With the M2 Chip
George Soros Deals a Big Blow to Tesla Rival Rivian
Oil Prices Slide Below $88 A Barrel As China Demand Fades, U.S. Output Rises
Amazon Acquires iRobot: What You Need to Know
Over 1.7 Million Fords and Lincolns Are at Risk of Being Recalled
Microsoft Makes an Embarrassing Admission
Is This Synthetic Biology Pioneer On The Right Track?
Real Estate: Is It Better to Buy or Rent Your Home?
Kraft Heinz Recalls Contaminated Classic Kids' Drink
Investing Strategy: Single Stock & Bond ETFs: What Are They & Should You Consider Buying Them
Buffett Remains Bullish On Oil, Adds to Chevron, Occidental Stakes
Disney Stock: Surprising Results and a Buy Opportunity
Elon Musk Pampers His Ties with China
Microsoft, Salesforce Make Wells Fargo Software Stock List

日本語タイトル:['']
=== エラー内容 ===
type:<class 'IndexError'>
args:('list index out of range',)
e自身:list index out of range
タイトル:STOCK MARKET NEWS: Dow gains on Disney jump after activist move, housing headwinds mount
Snoop Dogg announces the upcoming release of his new cereal Snoop Loopz
Pfizer CEO Albert Bourla says he tested positive for COVID-19, has mild symptoms
Climate advice from bank CEO, IRS audit targets and more: Tuesday's 5 things to know
Homebuilders see 'housing recession' as sentiment plunges to fresh 2-year low
Disney responds to letter from activist investor Dan Loeb
Larry Kudlow: This is $93 billion in direct attacks on fossil fuels and energy independence
Electric car companies tell customers to pay now to lock in tax credit on ordered cars
China growth slows across all fronts in July, prompting unexpected rate cut
Bank of America chief economist sees high chance of mild recession this year
Elon Musk pitches 'like-minded Chinese partners' on technological vision for the future
Bear market poised to last longer despite recent Wall Street rally, Morgan Stanley warns
Former IRS whistleblower says government will target middle class under Dems' inflation bill: It's 'bulls--t'
Meditation app Calm lays off 20% of workforce
Saudi prince made $500M Russia bet at start of Ukraine war

日本語タイトル:['']
=== エラー内容 ===
type:<class 'IndexError'>
args:('list index out of range',)
e自身:list index out of range
タイトル:Heat wave map: See where Americans face the most extreme heat risk
Biden’s No FDR. He’s Not Even Obama.
Trump-allied lawyers pursued voting machine data in multiple states, records reveal
Humans may have passed monkeypox to their dog, report says
Post-Roe, Americans seek tubal sterilizations — but barriers persist
Bus accident in Kashmir kills at least 6 Indian soldiers
European Credit Is Poised for a Renaissance
Analysis  Another year, another high-profile voter-fraud summit goes bust
Amazon workers walk off job at major West Coast air hub
Analysis  Trump's new argument on the Mar-a-Lago files is weak and insufficient
Analysis  The curious timing of Trump naming two allies to access his records
Analysis  Peloton's New Strategy Is Spinning All Over the Place
Some spiders may enter REM sleep — and maybe even dream, study says
A man chugged ‘cloudy’ liquid during child rape conviction, then died
Analysis  Fed Needs to Resist Opting Again for Quick and Easy

日本語タイトル:['']
=== エラー内容 ===
type:<class 'IndexError'>
args:('list index out of range',)
e自身:list index out of range
タイトル:Graham says he'll take 2020 fight to 11th Circuit after losing Monday
China Says Military Jets Are Flying Into New Areas Amid Taiwan Tension
Bolton says Trump's defense against raid is 'almost certainly a lie'
Biden took 'enormous step' toward helping student-loan borrowers, Dems say
What the Senate's 6 oldest members told us about their age
Bayraktar drone maker has three-year waitlist as demand soars
Mar-a-Lago raid: DOJ asks court to keep search warrant affidavit sealed
Mar-a-Lago raid: Giuliani says Trump bragged about crowd size
Mar-a-Lago FBI raid: Rand Paul calls for repeal of Espionage Act
Ford selling retro Bronco SUVs to honor 1966 model
Afghanistan: Senior Taliban cleric killed by bomb in artificial leg
'Vibecession' has Americans feeling glum despite strong spending, jobs
Saudi Arabia's Kingdom Holding invested $500M in Russian energy firms
Gold falls as dollar rallies on weak China data and surprise rate cut - Markets Insider
How to make money from user-generated content ads as a TikTok creator

日本語タイトル:['']
=== エラー内容 ===
type:<class 'IndexError'>
args:('list index out of range',)
e自身:list index out of range
タイトル:DOJ opposes making public details in Mar-a-Lago search warrant's probable cause affidavit
WeWork's former CEO has a new startup, reportedly valued at more than $1 billion
Federal judge rules that Graham must testify in Georgia 2020 investigation
You can buy a Dodge Challenger convertible as the model ends its run
SoulCycle is closing 25% of its studios
Did you change jobs during the pandemic and then regret it?
This high risk investment craze isn't going away
Pfizer CEO Albert Bourla tests positive for Covid-19 and is experiencing 'very mild symptoms'
Responding to FBI search, Trump and allies return to his familiar strategy: flood the zone with nonsense
White House launching messaging push to tout policy wins ahead of midterm elections
William Ruto declared winner of Kenyan presidential vote amid chaos at election center
4moms recalls millions of baby swings and rockers
Key lines from the search warrant and receipt for Trump's Florida home
Trump White House lawyer Herschmann subpoenaed by federal grand jury investigating January 6
11 members of Congress have lost their primaries this year. Is Liz Cheney next?

日本語タイトル:['']
=== エラー内容 ===
type:<class 'IndexError'>
args:('list index out of range',)
e自身:list index out of range
タイトル:25 Of The Funniest Tweets About Married Life (Aug. 2-15)
Video Of Trump Discussing Laws About Classified Info Aged Really Well
How ‘Never Have I Ever’ Gave Us 2 Wonderfully Different South Asian Moms
Bryce Dallas Howard Made 'So Much Less' Than Chris Pratt On 'Jurassic' Trilogy
Snoop Dogg Launches 'Snoop Loopz' Breakfast Cereal
Kaley Cuoco Had An Intervention Post-Divorce: 'I Was Really Losing My Mind'
My Fallopian Tube Burst Due To An Ectopic Pregnancy. An ER Doctor Sent Me Home.
The Most Popular Shows On Netflix Right Now Besides 'Never Have I Ever'
This Kid's Reaction To Dropping His Hot Dog Is The Play Of The Day
Dog That Went Missing For 2 Months Found Alive Inside Missouri Cave
Viola Davis Lands Role As Lead Villain In ‘Hunger Games’ Prequel
John Oliver Exposes Tragic Consequences Of America's Most 'Mind-Blowing F**k-Up'
On ‘Never Have I Ever’ Season 3, Our Favorite Messy Brown Girl Wins
35 TikTok Products You’ll Use All Year, But Especially When It’s Hot Out
Parents Arrested After Attempting To Grab Their Children During School Lockdown

日本語タイトル:['']
=== エラー内容 ===
type:<class 'IndexError'>
args:('list index out of range',)
e自身:list index out of range
タイトル:Stock Market Today: Dow, S&P Live Updates for Aug. 15, 2022
JPMorgan Says the Stock Rally Has Legs. Morgan Stanley Disagrees
Higher Interest Rate? Goldman's Marcus Hikes Savings Account to 1.7%
Economists Say a Euro-Zone Recession Is Now More Likely Than Not
Bill Gates' TerraPower Raises $750 Million for Cheaper Nuclear
Tech Takes Wind Out of Stocks as Bond Yields Climb: Markets Wrap
Apple (AAPL) Set to Expand Advertising, Bringing Ads to Maps, TV and Books Apps
Richemont Says Ex-Bulgari CEO Is Inappropriate for Board
US Futures Fluctuate Amid Caution Over Economy: Markets Wrap
China Stocks Delisting in Focus as Sinopec and PetroChina to Exit NYSE
Amancio Ortega’s Pontegadea Family Office Bets on Energy and Real Estate
Apple Lays Off Recruiters as Part of Its Slowdown in Hiring
Indian Billionaire-Investor Rakesh Jhunjhunwala Dies at 62
Asia Analysts Predict Biggest Profit Drop Since Pandemic Started
Australia Is 'Done' With Outsized Rate Hikes, Eslake Says

日本語タイトル:['']
=== エラー内容 ===
type:<class 'IndexError'>
args:('list index out of range',)
e自身:list index out of range
タイトル:1 Hot Growth Stock to Buy, and 1 to Avoid (For Now) - The Motley Fool
FiscalNote Holdings, Inc. (NOTE) Q2 2022 Earnings Call Transcript - The Motley Fool
SkyWater Technology, Inc. (SKYT) Q2 2022 Earnings Call Transcript - The Motley Fool
Why ironSource Stock Popped Today - The Motley Fool
Agora, Inc. (API) Q2 2022 Earnings Call Transcript - The Motley Fool
The Stock Market Is Rebounding. Is Now the Time to Invest? - The Motley Fool
Calithera Biosciences (CALA) Q2 2022 Earnings Call Transcript - The Motley Fool
GAN Limited (GAN) Q2 2022 Earnings Call Transcript - The Motley Fool
This Growth Stock Is Entering a New Chapter, and It's a Buy Right Now - The Motley Fool
Why DouYu Stock Was Up Earlier Today - The Motley Fool
3 Cathie Wood Stocks for the Future - The Motley Fool
Your Investments vs. a Bear Market: How to Come Out on Top - The Motley Fool
This Stock Is Beating Amazon at Its Own Game - The Motley Fool
A Majority of Americans Support These 4 Changes to Social Security - The Motley Fool
Acumen Pharmaceuticals, Inc. (ABOS) Q2 2022 Earnings Call Transcript - The Motley Fool

日本語タイトル:['']
=== エラー内容 ===
type:<class 'urllib.error.URLError'>
args:(gaierror(8, 'nodename nor servname provided, or not known'),)
e自身:<urlopen error [Errno 8] nodename nor servname provided, or not known>
url:https://news.google.com/rss/search?q=+after:2022-8-14+inurl:washingtonpost.com&hl=en-US&gl=US&ceid=US:en
=== エラー内容 ===
type:<class 'newspaper.article.ArticleException'>
args:("Article `download()` failed with HTTPSConnectionPool(host='www.cnbc.com', port=443): Read timed out. (read timeout=7) on URL https://www.cnbc.com/2022/08/17/lauren-simmons-how-to-start-investing-if-the-stock-market-scares-you-.html",)
e自身:Article `download()` failed with HTTPSConnectionPool(host='www.cnbc.com', port=443): Read timed out. (read timeout=7) on URL https://www.cnbc.com/2022/08/17/lauren-simmons-how-to-start-investing-if-the-stock-market-scares-you-.html
=== エラー内容 ===
type:<class 'newspaper.article.ArticleException'>
args:("Article `download()` failed with HTTPSConnectionPool(host='www.foxbusiness.com', port=443): Read timed out. (read timeout=7) on URL https://www.foxbusiness.com/business-leaders/seattle-ceo-made-headlines-pay-cut-workers-could-earn-70k-resigns",)
e自身:Article `download()` failed with HTTPSConnectionPool(host='www.foxbusiness.com', port=443): Read timed out. (read timeout=7) on URL https://www.foxbusiness.com/business-leaders/seattle-ceo-made-headlines-pay-cut-workers-could-earn-70k-resigns
=== エラー内容 ===
type:<class 'newspaper.article.ArticleException'>
args:("Article `download()` failed with HTTPSConnectionPool(host='www.cnn.com', port=443): Read timed out. (read timeout=7) on URL https://www.cnn.com/2022/08/18/politics/allen-weisselberg-pleads-guilty/index.html",)
e自身:Article `download()` failed with HTTPSConnectionPool(host='www.cnn.com', port=443): Read timed out. (read timeout=7) on URL https://www.cnn.com/2022/08/18/politics/allen-weisselberg-pleads-guilty/index.html
=== エラー内容 ===
type:<class 'newspaper.article.ArticleException'>
args:("Article `download()` failed with HTTPSConnectionPool(host='www.foxbusiness.com', port=443): Max retries exceeded with url: /economy/mortgage-rates-tick-down-volatility-persists (Caused by SSLError(SSLEOFError(8, 'EOF occurred in violation of protocol (_ssl.c:1123)'))) on URL https://www.foxbusiness.com/economy/mortgage-rates-tick-down-volatility-persists",)
e自身:Article `download()` failed with HTTPSConnectionPool(host='www.foxbusiness.com', port=443): Max retries exceeded with url: /economy/mortgage-rates-tick-down-volatility-persists (Caused by SSLError(SSLEOFError(8, 'EOF occurred in violation of protocol (_ssl.c:1123)'))) on URL https://www.foxbusiness.com/economy/mortgage-rates-tick-down-volatility-persists
=== エラー内容 ===
type:<class 'newspaper.article.ArticleException'>
args:("Article `download()` failed with ('Connection aborted.', ConnectionResetError(54, 'Connection reset by peer')) on URL https://www.washingtonpost.com/business/powell-will-face-a-tough-audience-in-jackson-hole/2022/08/18/1c7e44fc-1eee-11ed-9ce6-68253bd31864_story.html",)
e自身:Article `download()` failed with ('Connection aborted.', ConnectionResetError(54, 'Connection reset by peer')) on URL https://www.washingtonpost.com/business/powell-will-face-a-tough-audience-in-jackson-hole/2022/08/18/1c7e44fc-1eee-11ed-9ce6-68253bd31864_story.html
=== エラー内容 ===
type:<class 'newspaper.article.ArticleException'>
args:("Article `download()` failed with HTTPSConnectionPool(host='www.reuters.com', port=443): Max retries exceeded with url: /business/indian-shares-inch-up-gains-it-stocks-2022-08-19/ (Caused by SSLError(SSLEOFError(8, 'EOF occurred in violation of protocol (_ssl.c:1123)'))) on URL https://www.reuters.com/business/indian-shares-inch-up-gains-it-stocks-2022-08-19/",)
e自身:Article `download()` failed with HTTPSConnectionPool(host='www.reuters.com', port=443): Max retries exceeded with url: /business/indian-shares-inch-up-gains-it-stocks-2022-08-19/ (Caused by SSLError(SSLEOFError(8, 'EOF occurred in violation of protocol (_ssl.c:1123)'))) on URL https://www.reuters.com/business/indian-shares-inch-up-gains-it-stocks-2022-08-19/
=== エラー内容 ===
type:<class 'newspaper.article.ArticleException'>
args:("Article `download()` failed with ('Connection aborted.', RemoteDisconnected('Remote end closed connection without response')) on URL https://www.foxbusiness.com/live-news/stock-market-news-today-8-17-2022",)
e自身:Article `download()` failed with ('Connection aborted.', RemoteDisconnected('Remote end closed connection without response')) on URL https://www.foxbusiness.com/live-news/stock-market-news-today-8-17-2022
=== エラー内容 ===
type:<class 'newspaper.article.ArticleException'>
args:("Article `download()` failed with ('Connection aborted.', ConnectionResetError(54, 'Connection reset by peer')) on URL https://www.washingtonpost.com/sports/2022/08/18/big-ten-tv-rights/",)
e自身:Article `download()` failed with ('Connection aborted.', ConnectionResetError(54, 'Connection reset by peer')) on URL https://www.washingtonpost.com/sports/2022/08/18/big-ten-tv-rights/
=== エラー内容 ===
type:<class 'newspaper.article.ArticleException'>
args:("Article `download()` failed with HTTPSConnectionPool(host='www.businessinsider.com', port=443): Read timed out. (read timeout=7) on URL https://www.businessinsider.com/how-trump-legal-problems-could-play-out-fbi-doj-raid-2022-8",)
e自身:Article `download()` failed with HTTPSConnectionPool(host='www.businessinsider.com', port=443): Read timed out. (read timeout=7) on URL https://www.businessinsider.com/how-trump-legal-problems-could-play-out-fbi-doj-raid-2022-8
=== エラー内容 ===
type:<class 'newspaper.article.ArticleException'>
args:("Article `download()` failed with HTTPSConnectionPool(host='www.fool.com', port=443): Max retries exceeded with url: /investing/2022/08/18/investors-are-leaning-away-from-esg-investing/ (Caused by SSLError(SSLEOFError(8, 'EOF occurred in violation of protocol (_ssl.c:1123)'))) on URL https://www.fool.com/investing/2022/08/18/investors-are-leaning-away-from-esg-investing/",)
e自身:Article `download()` failed with HTTPSConnectionPool(host='www.fool.com', port=443): Max retries exceeded with url: /investing/2022/08/18/investors-are-leaning-away-from-esg-investing/ (Caused by SSLError(SSLEOFError(8, 'EOF occurred in violation of protocol (_ssl.c:1123)'))) on URL https://www.fool.com/investing/2022/08/18/investors-are-leaning-away-from-esg-investing/
=== エラー内容 ===
type:<class 'ConnectionResetError'>
args:(54, 'Connection reset by peer')
e自身:[Errno 54] Connection reset by peer
url:https://news.google.com/rss/search?q=+after:2022-8-17+inurl:businessinsider.com&hl=en-US&gl=US&ceid=US:en
=== エラー内容 ===
type:<class 'newspaper.article.ArticleException'>
args:("Article `download()` failed with HTTPSConnectionPool(host='www.fool.com', port=443): Read timed out. (read timeout=7) on URL https://www.fool.com/investing/2022/08/19/want-to-get-richer-2-best-stocks-to-buy-now-and-ho/",)
e自身:Article `download()` failed with HTTPSConnectionPool(host='www.fool.com', port=443): Read timed out. (read timeout=7) on URL https://www.fool.com/investing/2022/08/19/want-to-get-richer-2-best-stocks-to-buy-now-and-ho/
=== エラー内容 ===
type:<class 'newspaper.article.ArticleException'>
args:("Article `download()` failed with HTTPSConnectionPool(host='www.fool.com', port=443): Read timed out. (read timeout=7) on URL https://www.fool.com/investing/2022/08/19/3-top-stocks-that-just-went-on-sale/",)
e自身:Article `download()` failed with HTTPSConnectionPool(host='www.fool.com', port=443): Read timed out. (read timeout=7) on URL https://www.fool.com/investing/2022/08/19/3-top-stocks-that-just-went-on-sale/
=== エラー内容 ===
type:<class 'newspaper.article.ArticleException'>
args:("Article `download()` failed with HTTPSConnectionPool(host='www.fool.com', port=443): Read timed out. (read timeout=7) on URL https://www.fool.com/investing/2022/08/19/the-silver-lining-in-targets-ugly-quarter/",)
e自身:Article `download()` failed with HTTPSConnectionPool(host='www.fool.com', port=443): Read timed out. (read timeout=7) on URL https://www.fool.com/investing/2022/08/19/the-silver-lining-in-targets-ugly-quarter/
=== エラー内容 ===
type:<class 'ConnectionResetError'>
args:(54, 'Connection reset by peer')
e自身:[Errno 54] Connection reset by peer
url:https://news.google.com/rss/search?q=+after:2022-8-17+inurl:foxbusiness.com&hl=en-US&gl=US&ceid=US:en
=== エラー内容 ===
type:<class 'urllib.error.URLError'>
args:(BrokenPipeError(32, 'Broken pipe'),)
e自身:<urlopen error [Errno 32] Broken pipe>
url:https://news.google.com/rss/search?q=+after:2022-8-17+inurl:reuters.com&hl=en-US&gl=US&ceid=US:en
=== エラー内容 ===
type:<class 'newspaper.article.ArticleException'>
args:("Article `download()` failed with ('Connection aborted.', RemoteDisconnected('Remote end closed connection without response')) on URL https://www.reuters.com/business/retail-consumer/furniture-retailer-wayfair-cut-870-jobs-2022-08-19/",)
e自身:Article `download()` failed with ('Connection aborted.', RemoteDisconnected('Remote end closed connection without response')) on URL https://www.reuters.com/business/retail-consumer/furniture-retailer-wayfair-cut-870-jobs-2022-08-19/
=== エラー内容 ===
type:<class 'newspaper.article.ArticleException'>
args:("Article `download()` failed with HTTPSConnectionPool(host='www.reuters.com', port=443): Max retries exceeded with url: /legal/transactional/musks-twitter-subpoena-storm-gets-everyone-wet-2022-08-19/ (Caused by SSLError(SSLEOFError(8, 'EOF occurred in violation of protocol (_ssl.c:1123)'))) on URL https://www.reuters.com/legal/transactional/musks-twitter-subpoena-storm-gets-everyone-wet-2022-08-19/",)
e自身:Article `download()` failed with HTTPSConnectionPool(host='www.reuters.com', port=443): Max retries exceeded with url: /legal/transactional/musks-twitter-subpoena-storm-gets-everyone-wet-2022-08-19/ (Caused by SSLError(SSLEOFError(8, 'EOF occurred in violation of protocol (_ssl.c:1123)'))) on URL https://www.reuters.com/legal/transactional/musks-twitter-subpoena-storm-gets-everyone-wet-2022-08-19/
=== エラー内容 ===
type:<class 'newspaper.article.ArticleException'>
args:("Article `download()` failed with HTTPSConnectionPool(host='www.thestreet.com', port=443): Max retries exceeded with url: /technology/mark-zuckerberg-makes-it-hard-to-believe-in-multibillion-bet (Caused by NewConnectionError('<urllib3.connection.HTTPSConnection object at 0x111f48a90>: Failed to establish a new connection: [Errno 8] nodename nor servname provided, or not known')) on URL https://www.thestreet.com/technology/mark-zuckerberg-makes-it-hard-to-believe-in-multibillion-bet",)
e自身:Article `download()` failed with HTTPSConnectionPool(host='www.thestreet.com', port=443): Max retries exceeded with url: /technology/mark-zuckerberg-makes-it-hard-to-believe-in-multibillion-bet (Caused by NewConnectionError('<urllib3.connection.HTTPSConnection object at 0x111f48a90>: Failed to establish a new connection: [Errno 8] nodename nor servname provided, or not known')) on URL https://www.thestreet.com/technology/mark-zuckerberg-makes-it-hard-to-believe-in-multibillion-bet
=== エラー内容 ===
type:<class 'newspaper.article.ArticleException'>
args:("Article `download()` failed with HTTPSConnectionPool(host='www.thestreet.com', port=443): Max retries exceeded with url: /etffocus/trade-ideas/etf-battles-stock-market-quant-between-cowz-dstl (Caused by NewConnectionError('<urllib3.connection.HTTPSConnection object at 0x111f489d0>: Failed to establish a new connection: [Errno 8] nodename nor servname provided, or not known')) on URL https://www.thestreet.com/etffocus/trade-ideas/etf-battles-stock-market-quant-between-cowz-dstl",)
e自身:Article `download()` failed with HTTPSConnectionPool(host='www.thestreet.com', port=443): Max retries exceeded with url: /etffocus/trade-ideas/etf-battles-stock-market-quant-between-cowz-dstl (Caused by NewConnectionError('<urllib3.connection.HTTPSConnection object at 0x111f489d0>: Failed to establish a new connection: [Errno 8] nodename nor servname provided, or not known')) on URL https://www.thestreet.com/etffocus/trade-ideas/etf-battles-stock-market-quant-between-cowz-dstl
=== エラー内容 ===
type:<class 'newspaper.article.ArticleException'>
args:("Article `download()` failed with HTTPSConnectionPool(host='www.thestreet.com', port=443): Max retries exceeded with url: /dictionary/c/consumer-credit (Caused by NewConnectionError('<urllib3.connection.HTTPSConnection object at 0x111f48d30>: Failed to establish a new connection: [Errno 8] nodename nor servname provided, or not known')) on URL https://www.thestreet.com/dictionary/c/consumer-credit",)
e自身:Article `download()` failed with HTTPSConnectionPool(host='www.thestreet.com', port=443): Max retries exceeded with url: /dictionary/c/consumer-credit (Caused by NewConnectionError('<urllib3.connection.HTTPSConnection object at 0x111f48d30>: Failed to establish a new connection: [Errno 8] nodename nor servname provided, or not known')) on URL https://www.thestreet.com/dictionary/c/consumer-credit
=== エラー内容 ===
type:<class 'newspaper.article.ArticleException'>
args:("Article `download()` failed with HTTPSConnectionPool(host='www.thestreet.com', port=443): Max retries exceeded with url: /investing/cryptocurrency/crypto-com-quietly-cut-hundreds-of-jobs (Caused by NewConnectionError('<urllib3.connection.HTTPSConnection object at 0x111f48ca0>: Failed to establish a new connection: [Errno 8] nodename nor servname provided, or not known')) on URL https://www.thestreet.com/investing/cryptocurrency/crypto-com-quietly-cut-hundreds-of-jobs",)
e自身:Article `download()` failed with HTTPSConnectionPool(host='www.thestreet.com', port=443): Max retries exceeded with url: /investing/cryptocurrency/crypto-com-quietly-cut-hundreds-of-jobs (Caused by NewConnectionError('<urllib3.connection.HTTPSConnection object at 0x111f48ca0>: Failed to establish a new connection: [Errno 8] nodename nor servname provided, or not known')) on URL https://www.thestreet.com/investing/cryptocurrency/crypto-com-quietly-cut-hundreds-of-jobs
=== エラー内容 ===
type:<class 'newspaper.article.ArticleException'>
args:("Article `download()` failed with HTTPSConnectionPool(host='www.thestreet.com', port=443): Max retries exceeded with url: /investing/taco-bell-menu-adds-a-bunch-of-new-and-returning-items-deals (Caused by NewConnectionError('<urllib3.connection.HTTPSConnection object at 0x111f48e20>: Failed to establish a new connection: [Errno 8] nodename nor servname provided, or not known')) on URL https://www.thestreet.com/investing/taco-bell-menu-adds-a-bunch-of-new-and-returning-items-deals",)
e自身:Article `download()` failed with HTTPSConnectionPool(host='www.thestreet.com', port=443): Max retries exceeded with url: /investing/taco-bell-menu-adds-a-bunch-of-new-and-returning-items-deals (Caused by NewConnectionError('<urllib3.connection.HTTPSConnection object at 0x111f48e20>: Failed to establish a new connection: [Errno 8] nodename nor servname provided, or not known')) on URL https://www.thestreet.com/investing/taco-bell-menu-adds-a-bunch-of-new-and-returning-items-deals
=== エラー内容 ===
type:<class 'newspaper.article.ArticleException'>
args:("Article `download()` failed with HTTPSConnectionPool(host='www.thestreet.com', port=443): Max retries exceeded with url: /investing/kass-stock-market-rally-overdone (Caused by NewConnectionError('<urllib3.connection.HTTPSConnection object at 0x111f48e50>: Failed to establish a new connection: [Errno 8] nodename nor servname provided, or not known')) on URL https://www.thestreet.com/investing/kass-stock-market-rally-overdone",)
e自身:Article `download()` failed with HTTPSConnectionPool(host='www.thestreet.com', port=443): Max retries exceeded with url: /investing/kass-stock-market-rally-overdone (Caused by NewConnectionError('<urllib3.connection.HTTPSConnection object at 0x111f48e50>: Failed to establish a new connection: [Errno 8] nodename nor servname provided, or not known')) on URL https://www.thestreet.com/investing/kass-stock-market-rally-overdone
=== エラー内容 ===
type:<class 'newspaper.article.ArticleException'>
args:("Article `download()` failed with HTTPSConnectionPool(host='www.thestreet.com', port=443): Max retries exceeded with url: /personal-finance/why-you-wont-be-happy-about-the-latest-numbers-on-rents (Caused by NewConnectionError('<urllib3.connection.HTTPSConnection object at 0x111f48e80>: Failed to establish a new connection: [Errno 8] nodename nor servname provided, or not known')) on URL https://www.thestreet.com/personal-finance/why-you-wont-be-happy-about-the-latest-numbers-on-rents",)
e自身:Article `download()` failed with HTTPSConnectionPool(host='www.thestreet.com', port=443): Max retries exceeded with url: /personal-finance/why-you-wont-be-happy-about-the-latest-numbers-on-rents (Caused by NewConnectionError('<urllib3.connection.HTTPSConnection object at 0x111f48e80>: Failed to establish a new connection: [Errno 8] nodename nor servname provided, or not known')) on URL https://www.thestreet.com/personal-finance/why-you-wont-be-happy-about-the-latest-numbers-on-rents
=== エラー内容 ===
type:<class 'newspaper.article.ArticleException'>
args:("Article `download()` failed with HTTPSConnectionPool(host='www.thestreet.com', port=443): Max retries exceeded with url: /investing/70-of-americans-have-free-money-theyre-not-using (Caused by NewConnectionError('<urllib3.connection.HTTPSConnection object at 0x111f48e20>: Failed to establish a new connection: [Errno 8] nodename nor servname provided, or not known')) on URL https://www.thestreet.com/investing/70-of-americans-have-free-money-theyre-not-using",)
e自身:Article `download()` failed with HTTPSConnectionPool(host='www.thestreet.com', port=443): Max retries exceeded with url: /investing/70-of-americans-have-free-money-theyre-not-using (Caused by NewConnectionError('<urllib3.connection.HTTPSConnection object at 0x111f48e20>: Failed to establish a new connection: [Errno 8] nodename nor servname provided, or not known')) on URL https://www.thestreet.com/investing/70-of-americans-have-free-money-theyre-not-using
=== エラー内容 ===
type:<class 'newspaper.article.ArticleException'>
args:("Article `download()` failed with HTTPSConnectionPool(host='www.thestreet.com', port=443): Max retries exceeded with url: /investing/u-s-steel-strives-to-adapt-to-modern-worlds-demands (Caused by NewConnectionError('<urllib3.connection.HTTPSConnection object at 0x111f48f10>: Failed to establish a new connection: [Errno 8] nodename nor servname provided, or not known')) on URL https://www.thestreet.com/investing/u-s-steel-strives-to-adapt-to-modern-worlds-demands",)
e自身:Article `download()` failed with HTTPSConnectionPool(host='www.thestreet.com', port=443): Max retries exceeded with url: /investing/u-s-steel-strives-to-adapt-to-modern-worlds-demands (Caused by NewConnectionError('<urllib3.connection.HTTPSConnection object at 0x111f48f10>: Failed to establish a new connection: [Errno 8] nodename nor servname provided, or not known')) on URL https://www.thestreet.com/investing/u-s-steel-strives-to-adapt-to-modern-worlds-demands
=== エラー内容 ===
type:<class 'newspaper.article.ArticleException'>
args:("Article `download()` failed with HTTPSConnectionPool(host='www.thestreet.com', port=443): Max retries exceeded with url: /investing/subway-sandwich-subscription-footlong-pass (Caused by NewConnectionError('<urllib3.connection.HTTPSConnection object at 0x111f48940>: Failed to establish a new connection: [Errno 8] nodename nor servname provided, or not known')) on URL https://www.thestreet.com/investing/subway-sandwich-subscription-footlong-pass",)
e自身:Article `download()` failed with HTTPSConnectionPool(host='www.thestreet.com', port=443): Max retries exceeded with url: /investing/subway-sandwich-subscription-footlong-pass (Caused by NewConnectionError('<urllib3.connection.HTTPSConnection object at 0x111f48940>: Failed to establish a new connection: [Errno 8] nodename nor servname provided, or not known')) on URL https://www.thestreet.com/investing/subway-sandwich-subscription-footlong-pass
=== エラー内容 ===
type:<class 'ConnectionResetError'>
args:(54, 'Connection reset by peer')
e自身:[Errno 54] Connection reset by peer
url:https://news.google.com/rss/search?q=+after:2022-8-18+inurl:reuters.com&hl=en-US&gl=US&ceid=US:en
=== エラー内容 ===
type:<class 'newspaper.article.ArticleException'>
args:("Article `download()` failed with HTTPSConnectionPool(host='www.reuters.com', port=443): Max retries exceeded with url: /markets/stocks/us-dollar-net-longs-rise-euro-shorts-hit-largest-since-february-2020-cftc-2022-08-19/ (Caused by SSLError(SSLEOFError(8, 'EOF occurred in violation of protocol (_ssl.c:1123)'))) on URL https://www.reuters.com/markets/stocks/us-dollar-net-longs-rise-euro-shorts-hit-largest-since-february-2020-cftc-2022-08-19/",)
e自身:Article `download()` failed with HTTPSConnectionPool(host='www.reuters.com', port=443): Max retries exceeded with url: /markets/stocks/us-dollar-net-longs-rise-euro-shorts-hit-largest-since-february-2020-cftc-2022-08-19/ (Caused by SSLError(SSLEOFError(8, 'EOF occurred in violation of protocol (_ssl.c:1123)'))) on URL https://www.reuters.com/markets/stocks/us-dollar-net-longs-rise-euro-shorts-hit-largest-since-february-2020-cftc-2022-08-19/
=== エラー内容 ===
type:<class 'newspaper.article.ArticleException'>
args:("Article `download()` failed with HTTPSConnectionPool(host='www.reuters.com', port=443): Max retries exceeded with url: /technology/musk-approaches-brain-chip-startup-synchron-about-deal-amid-neuralink-delays-2022-08-19/ (Caused by SSLError(SSLEOFError(8, 'EOF occurred in violation of protocol (_ssl.c:1123)'))) on URL https://www.reuters.com/technology/musk-approaches-brain-chip-startup-synchron-about-deal-amid-neuralink-delays-2022-08-19/",)
e自身:Article `download()` failed with HTTPSConnectionPool(host='www.reuters.com', port=443): Max retries exceeded with url: /technology/musk-approaches-brain-chip-startup-synchron-about-deal-amid-neuralink-delays-2022-08-19/ (Caused by SSLError(SSLEOFError(8, 'EOF occurred in violation of protocol (_ssl.c:1123)'))) on URL https://www.reuters.com/technology/musk-approaches-brain-chip-startup-synchron-about-deal-amid-neuralink-delays-2022-08-19/
=== エラー内容 ===
type:<class 'urllib.error.URLError'>
args:(BrokenPipeError(32, 'Broken pipe'),)
e自身:<urlopen error [Errno 32] Broken pipe>
url:https://news.google.com/rss/search?q=+after:2022-8-18+inurl:cnbc.com&hl=en-US&gl=US&ceid=US:en
=== エラー内容 ===
type:<class 'newspaper.article.ArticleException'>
args:("Article `download()` failed with HTTPSConnectionPool(host='www.thestreet.com', port=443): Read timed out. (read timeout=7) on URL https://www.thestreet.com/technology/mark-zuckerberg-makes-it-hard-to-believe-in-multibillion-bet",)
e自身:Article `download()` failed with HTTPSConnectionPool(host='www.thestreet.com', port=443): Read timed out. (read timeout=7) on URL https://www.thestreet.com/technology/mark-zuckerberg-makes-it-hard-to-believe-in-multibillion-bet
=== エラー内容 ===
type:<class 'http.client.RemoteDisconnected'>
args:('Remote end closed connection without response',)
e自身:Remote end closed connection without response
url:https://news.google.com/rss/search?q=+after:2022-8-18+inurl:foxbusiness.com&hl=en-US&gl=US&ceid=US:en
=== エラー内容 ===
type:<class 'urllib.error.URLError'>
args:(SSLEOFError(8, 'EOF occurred in violation of protocol (_ssl.c:1123)'),)
e自身:<urlopen error EOF occurred in violation of protocol (_ssl.c:1123)>
url:https://news.google.com/rss/search?q=+after:2022-8-18+inurl:washingtonpost.com&hl=en-US&gl=US&ceid=US:en
=== エラー内容 ===
type:<class 'urllib.error.URLError'>
args:(SSLEOFError(8, 'EOF occurred in violation of protocol (_ssl.c:1123)'),)
e自身:<urlopen error EOF occurred in violation of protocol (_ssl.c:1123)>
url:https://news.google.com/rss/search?q=+after:2022-8-18+inurl:businessinsider.com&hl=en-US&gl=US&ceid=US:en
=== エラー内容 ===
type:<class 'newspaper.article.ArticleException'>
args:("Article `download()` failed with HTTPSConnectionPool(host='www.huffpost.com', port=443): Max retries exceeded with url: /entry/funniest-tweets-cats-dogs-august-13-19_n_62ffa354e4b0c8c57f5bad22 (Caused by SSLError(SSLEOFError(8, 'EOF occurred in violation of protocol (_ssl.c:1123)'))) on URL https://www.huffpost.com/entry/funniest-tweets-cats-dogs-august-13-19_n_62ffa354e4b0c8c57f5bad22",)
e自身:Article `download()` failed with HTTPSConnectionPool(host='www.huffpost.com', port=443): Max retries exceeded with url: /entry/funniest-tweets-cats-dogs-august-13-19_n_62ffa354e4b0c8c57f5bad22 (Caused by SSLError(SSLEOFError(8, 'EOF occurred in violation of protocol (_ssl.c:1123)'))) on URL https://www.huffpost.com/entry/funniest-tweets-cats-dogs-august-13-19_n_62ffa354e4b0c8c57f5bad22
=== エラー内容 ===
type:<class 'newspaper.article.ArticleException'>
args:("Article `download()` failed with HTTPSConnectionPool(host='www.bloomberg.com', port=443): Max retries exceeded with url: /news/articles/2022-08-19/pimco-spends-billions-buying-assets-depressed-by-recession-fears (Caused by NewConnectionError('<urllib3.connection.HTTPSConnection object at 0x10936c730>: Failed to establish a new connection: [Errno 8] nodename nor servname provided, or not known')) on URL https://www.bloomberg.com/news/articles/2022-08-19/pimco-spends-billions-buying-assets-depressed-by-recession-fears",)
e自身:Article `download()` failed with HTTPSConnectionPool(host='www.bloomberg.com', port=443): Max retries exceeded with url: /news/articles/2022-08-19/pimco-spends-billions-buying-assets-depressed-by-recession-fears (Caused by NewConnectionError('<urllib3.connection.HTTPSConnection object at 0x10936c730>: Failed to establish a new connection: [Errno 8] nodename nor servname provided, or not known')) on URL https://www.bloomberg.com/news/articles/2022-08-19/pimco-spends-billions-buying-assets-depressed-by-recession-fears
=== エラー内容 ===
type:<class 'newspaper.article.ArticleException'>
args:("Article `download()` failed with HTTPSConnectionPool(host='www.bloomberg.com', port=443): Max retries exceeded with url: /news/articles/2022-08-19/massive-short-squeeze-behind-stock-rally-showing-signs-of-ending (Caused by NewConnectionError('<urllib3.connection.HTTPSConnection object at 0x10936c5b0>: Failed to establish a new connection: [Errno 8] nodename nor servname provided, or not known')) on URL https://www.bloomberg.com/news/articles/2022-08-19/massive-short-squeeze-behind-stock-rally-showing-signs-of-ending",)
e自身:Article `download()` failed with HTTPSConnectionPool(host='www.bloomberg.com', port=443): Max retries exceeded with url: /news/articles/2022-08-19/massive-short-squeeze-behind-stock-rally-showing-signs-of-ending (Caused by NewConnectionError('<urllib3.connection.HTTPSConnection object at 0x10936c5b0>: Failed to establish a new connection: [Errno 8] nodename nor servname provided, or not known')) on URL https://www.bloomberg.com/news/articles/2022-08-19/massive-short-squeeze-behind-stock-rally-showing-signs-of-ending
=== エラー内容 ===
type:<class 'urllib.error.URLError'>
args:(gaierror(8, 'nodename nor servname provided, or not known'),)
e自身:<urlopen error [Errno 8] nodename nor servname provided, or not known>
url:https://news.google.com/rss/search?q=+after:2022-8-18+inurl:fool.com&hl=en-US&gl=US&ceid=US:en
=== エラー内容 ===
type:<class 'ConnectionResetError'>
args:(54, 'Connection reset by peer')
e自身:[Errno 54] Connection reset by peer
url:https://news.google.com/rss/search?q=+after:2022-8-19+inurl:businessinsider.com&hl=en-US&gl=US&ceid=US:en
=== エラー内容 ===
type:<class 'urllib.error.URLError'>
args:(gaierror(8, 'nodename nor servname provided, or not known'),)
e自身:<urlopen error [Errno 8] nodename nor servname provided, or not known>
url:https://news.google.com/rss/search?q=+after:2022-8-19+inurl:reuters.com&hl=en-US&gl=US&ceid=US:en
=== エラー内容 ===
type:<class 'ConnectionResetError'>
args:(54, 'Connection reset by peer')
e自身:[Errno 54] Connection reset by peer
url:https://news.google.com/rss/search?q=+after:2022-8-19+inurl:reuters.com&hl=en-US&gl=US&ceid=US:en
=== エラー内容 ===
type:<class 'ConnectionResetError'>
args:(54, 'Connection reset by peer')
e自身:[Errno 54] Connection reset by peer
url:https://news.google.com/rss/search?q=+after:2022-8-19+inurl:washingtonpost.com&hl=en-US&gl=US&ceid=US:en
=== エラー内容 ===
type:<class 'urllib.error.URLError'>
args:(BrokenPipeError(32, 'Broken pipe'),)
e自身:<urlopen error [Errno 32] Broken pipe>
url:https://news.google.com/rss/search?q=+after:2022-8-19+inurl:cnbc.com&hl=en-US&gl=US&ceid=US:en
=== エラー内容 ===
type:<class 'ConnectionResetError'>
args:(54, 'Connection reset by peer')
e自身:[Errno 54] Connection reset by peer
url:https://news.google.com/rss/search?q=+after:2022-8-20+inurl:businessinsider.com&hl=en-US&gl=US&ceid=US:en
=== エラー内容 ===
type:<class 'ConnectionResetError'>
args:(54, 'Connection reset by peer')
e自身:[Errno 54] Connection reset by peer
url:https://news.google.com/rss/search?q=+after:2022-8-20+inurl:reuters.com&hl=en-US&gl=US&ceid=US:en
=== エラー内容 ===
type:<class 'ConnectionResetError'>
args:(54, 'Connection reset by peer')
e自身:[Errno 54] Connection reset by peer
url:https://news.google.com/rss/search?q=+after:2022-8-21+inurl:foxbusiness.com&hl=en-US&gl=US&ceid=US:en
=== エラー内容 ===
type:<class 'newspaper.article.ArticleException'>
args:("Article `download()` failed with HTTPSConnectionPool(host='www.reuters.com', port=443): Max retries exceeded with url: /markets/europe/futures-edge-up-ahead-business-activity-data-2022-08-23/ (Caused by NewConnectionError('<urllib3.connection.HTTPSConnection object at 0x106cb33a0>: Failed to establish a new connection: [Errno 8] nodename nor servname provided, or not known')) on URL https://www.reuters.com/markets/europe/futures-edge-up-ahead-business-activity-data-2022-08-23/",)
e自身:Article `download()` failed with HTTPSConnectionPool(host='www.reuters.com', port=443): Max retries exceeded with url: /markets/europe/futures-edge-up-ahead-business-activity-data-2022-08-23/ (Caused by NewConnectionError('<urllib3.connection.HTTPSConnection object at 0x106cb33a0>: Failed to establish a new connection: [Errno 8] nodename nor servname provided, or not known')) on URL https://www.reuters.com/markets/europe/futures-edge-up-ahead-business-activity-data-2022-08-23/
=== エラー内容 ===
type:<class 'newspaper.article.ArticleException'>
args:("Article `download()` failed with HTTPSConnectionPool(host='www.reuters.com', port=443): Max retries exceeded with url: /markets/europe/global-markets-view-europe-2022-08-23/ (Caused by NewConnectionError('<urllib3.connection.HTTPSConnection object at 0x106cb3550>: Failed to establish a new connection: [Errno 8] nodename nor servname provided, or not known')) on URL https://www.reuters.com/markets/europe/global-markets-view-europe-2022-08-23/",)
e自身:Article `download()` failed with HTTPSConnectionPool(host='www.reuters.com', port=443): Max retries exceeded with url: /markets/europe/global-markets-view-europe-2022-08-23/ (Caused by NewConnectionError('<urllib3.connection.HTTPSConnection object at 0x106cb3550>: Failed to establish a new connection: [Errno 8] nodename nor servname provided, or not known')) on URL https://www.reuters.com/markets/europe/global-markets-view-europe-2022-08-23/
=== エラー内容 ===
type:<class 'newspaper.article.ArticleException'>
args:("Article `download()` failed with HTTPSConnectionPool(host='www.reuters.com', port=443): Max retries exceeded with url: /markets/europe/euro-zone-business-activity-contracted-second-straight-month-aug-flash-pmi-2022-08-23/ (Caused by NewConnectionError('<urllib3.connection.HTTPSConnection object at 0x106cb3640>: Failed to establish a new connection: [Errno 8] nodename nor servname provided, or not known')) on URL https://www.reuters.com/markets/europe/euro-zone-business-activity-contracted-second-straight-month-aug-flash-pmi-2022-08-23/",)
e自身:Article `download()` failed with HTTPSConnectionPool(host='www.reuters.com', port=443): Max retries exceeded with url: /markets/europe/euro-zone-business-activity-contracted-second-straight-month-aug-flash-pmi-2022-08-23/ (Caused by NewConnectionError('<urllib3.connection.HTTPSConnection object at 0x106cb3640>: Failed to establish a new connection: [Errno 8] nodename nor servname provided, or not known')) on URL https://www.reuters.com/markets/europe/euro-zone-business-activity-contracted-second-straight-month-aug-flash-pmi-2022-08-23/
=== エラー内容 ===
type:<class 'urllib.error.URLError'>
args:(gaierror(8, 'nodename nor servname provided, or not known'),)
e自身:<urlopen error [Errno 8] nodename nor servname provided, or not known>
url:https://news.google.com/rss/search?q=+after:2022-8-21+inurl:cnbc.com&hl=en-US&gl=US&ceid=US:en
=== エラー内容 ===
type:<class 'newspaper.article.ArticleException'>
args:("Article `download()` failed with HTTPSConnectionPool(host='www.thestreet.com', port=443): Max retries exceeded with url: /investing/las-vegas-strip-bringing-back-huge-star (Caused by NewConnectionError('<urllib3.connection.HTTPSConnection object at 0x106dbe640>: Failed to establish a new connection: [Errno 8] nodename nor servname provided, or not known')) on URL https://www.thestreet.com/investing/las-vegas-strip-bringing-back-huge-star",)
e自身:Article `download()` failed with HTTPSConnectionPool(host='www.thestreet.com', port=443): Max retries exceeded with url: /investing/las-vegas-strip-bringing-back-huge-star (Caused by NewConnectionError('<urllib3.connection.HTTPSConnection object at 0x106dbe640>: Failed to establish a new connection: [Errno 8] nodename nor servname provided, or not known')) on URL https://www.thestreet.com/investing/las-vegas-strip-bringing-back-huge-star
=== エラー内容 ===
type:<class 'urllib.error.URLError'>
args:(gaierror(8, 'nodename nor servname provided, or not known'),)
e自身:<urlopen error [Errno 8] nodename nor servname provided, or not known>
url:https://news.google.com/rss/search?q=+after:2022-8-21+inurl:foxbusiness.com&hl=en-US&gl=US&ceid=US:en
=== エラー内容 ===
type:<class 'urllib.error.URLError'>
args:(gaierror(8, 'nodename nor servname provided, or not known'),)
e自身:<urlopen error [Errno 8] nodename nor servname provided, or not known>
url:https://news.google.com/rss/search?q=+after:2022-8-21+inurl:washingtonpost.com&hl=en-US&gl=US&ceid=US:en
=== エラー内容 ===
type:<class 'urllib.error.URLError'>
args:(gaierror(8, 'nodename nor servname provided, or not known'),)
e自身:<urlopen error [Errno 8] nodename nor servname provided, or not known>
url:https://news.google.com/rss/search?q=+after:2022-8-21+inurl:businessinsider.com&hl=en-US&gl=US&ceid=US:en
=== エラー内容 ===
type:<class 'urllib.error.URLError'>
args:(gaierror(8, 'nodename nor servname provided, or not known'),)
e自身:<urlopen error [Errno 8] nodename nor servname provided, or not known>
url:https://news.google.com/rss/search?q=+after:2022-8-21+inurl:cnn.com&hl=en-US&gl=US&ceid=US:en
=== エラー内容 ===
type:<class 'newspaper.article.ArticleException'>
args:("Article `download()` failed with HTTPSConnectionPool(host='www.bloomberg.com', port=443): Max retries exceeded with url: /tosv2.html?vid=&uuid=c51e8083-22f5-11ed-bbc0-54416f4a7767&url=L25ld3MvYXJ0aWNsZXMvMjAyMi0wOC0yMy9zdG9ja3MtaGF2ZS1yZWFzb24tdG8tcmFsbHktb3V0LW9mLWphY2tzb24taG9sZS1zdHJhdGVnaXN0cy1zYXk= (Caused by NewConnectionError('<urllib3.connection.HTTPSConnection object at 0x106f2ec10>: Failed to establish a new connection: [Errno 8] nodename nor servname provided, or not known')) on URL https://www.bloomberg.com/news/articles/2022-08-23/stocks-have-reason-to-rally-out-of-jackson-hole-strategists-say",)
e自身:Article `download()` failed with HTTPSConnectionPool(host='www.bloomberg.com', port=443): Max retries exceeded with url: /tosv2.html?vid=&uuid=c51e8083-22f5-11ed-bbc0-54416f4a7767&url=L25ld3MvYXJ0aWNsZXMvMjAyMi0wOC0yMy9zdG9ja3MtaGF2ZS1yZWFzb24tdG8tcmFsbHktb3V0LW9mLWphY2tzb24taG9sZS1zdHJhdGVnaXN0cy1zYXk= (Caused by NewConnectionError('<urllib3.connection.HTTPSConnection object at 0x106f2ec10>: Failed to establish a new connection: [Errno 8] nodename nor servname provided, or not known')) on URL https://www.bloomberg.com/news/articles/2022-08-23/stocks-have-reason-to-rally-out-of-jackson-hole-strategists-say
=== エラー内容 ===
type:<class 'newspaper.article.ArticleException'>
args:("Article `download()` failed with HTTPSConnectionPool(host='www.fool.com', port=443): Max retries exceeded with url: /investing/2022/08/23/2-important-things-investors-should-know-about-ten/ (Caused by NewConnectionError('<urllib3.connection.HTTPSConnection object at 0x106fcf7c0>: Failed to establish a new connection: [Errno 8] nodename nor servname provided, or not known')) on URL https://www.fool.com/investing/2022/08/23/2-important-things-investors-should-know-about-ten/",)
e自身:Article `download()` failed with HTTPSConnectionPool(host='www.fool.com', port=443): Max retries exceeded with url: /investing/2022/08/23/2-important-things-investors-should-know-about-ten/ (Caused by NewConnectionError('<urllib3.connection.HTTPSConnection object at 0x106fcf7c0>: Failed to establish a new connection: [Errno 8] nodename nor servname provided, or not known')) on URL https://www.fool.com/investing/2022/08/23/2-important-things-investors-should-know-about-ten/
=== エラー内容 ===
type:<class 'newspaper.article.ArticleException'>
args:("Article `download()` failed with HTTPSConnectionPool(host='www.businessinsider.com', port=443): Max retries exceeded with url: /worried-about-cutbacks-at-your-job-pwc-survey-says-you-should-be-2022-8 (Caused by NewConnectionError('<urllib3.connection.HTTPSConnection object at 0x10846f0d0>: Failed to establish a new connection: [Errno 8] nodename nor servname provided, or not known')) on URL https://www.businessinsider.com/worried-about-cutbacks-at-your-job-pwc-survey-says-you-should-be-2022-8",)
e自身:Article `download()` failed with HTTPSConnectionPool(host='www.businessinsider.com', port=443): Max retries exceeded with url: /worried-about-cutbacks-at-your-job-pwc-survey-says-you-should-be-2022-8 (Caused by NewConnectionError('<urllib3.connection.HTTPSConnection object at 0x10846f0d0>: Failed to establish a new connection: [Errno 8] nodename nor servname provided, or not known')) on URL https://www.businessinsider.com/worried-about-cutbacks-at-your-job-pwc-survey-says-you-should-be-2022-8
=== エラー内容 ===
type:<class 'newspaper.article.ArticleException'>
args:("Article `download()` failed with HTTPSConnectionPool(host='www.businessinsider.com', port=443): Max retries exceeded with url: /julian-robertson-dead-tiger-cubs-hedge-fund-spinoffs-2022-8 (Caused by NewConnectionError('<urllib3.connection.HTTPSConnection object at 0x10846f0d0>: Failed to establish a new connection: [Errno 8] nodename nor servname provided, or not known')) on URL https://www.businessinsider.com/julian-robertson-dead-tiger-cubs-hedge-fund-spinoffs-2022-8",)
e自身:Article `download()` failed with HTTPSConnectionPool(host='www.businessinsider.com', port=443): Max retries exceeded with url: /julian-robertson-dead-tiger-cubs-hedge-fund-spinoffs-2022-8 (Caused by NewConnectionError('<urllib3.connection.HTTPSConnection object at 0x10846f0d0>: Failed to establish a new connection: [Errno 8] nodename nor servname provided, or not known')) on URL https://www.businessinsider.com/julian-robertson-dead-tiger-cubs-hedge-fund-spinoffs-2022-8
=== エラー内容 ===
type:<class 'newspaper.article.ArticleException'>
args:("Article `download()` failed with HTTPSConnectionPool(host='www.businessinsider.com', port=443): Max retries exceeded with url: /florida-primaries-for-senate-and-governors-race-results-2022-8 (Caused by NewConnectionError('<urllib3.connection.HTTPSConnection object at 0x10846f2b0>: Failed to establish a new connection: [Errno 8] nodename nor servname provided, or not known')) on URL https://www.businessinsider.com/florida-primaries-for-senate-and-governors-race-results-2022-8",)
e自身:Article `download()` failed with HTTPSConnectionPool(host='www.businessinsider.com', port=443): Max retries exceeded with url: /florida-primaries-for-senate-and-governors-race-results-2022-8 (Caused by NewConnectionError('<urllib3.connection.HTTPSConnection object at 0x10846f2b0>: Failed to establish a new connection: [Errno 8] nodename nor servname provided, or not known')) on URL https://www.businessinsider.com/florida-primaries-for-senate-and-governors-race-results-2022-8
=== エラー内容 ===
type:<class 'newspaper.article.ArticleException'>
args:("Article `download()` failed with HTTPSConnectionPool(host='www.businessinsider.com', port=443): Max retries exceeded with url: /turo-review-pros-and-cons-of-using-the-car-sharing-company-2022-8 (Caused by NewConnectionError('<urllib3.connection.HTTPSConnection object at 0x10846f670>: Failed to establish a new connection: [Errno 8] nodename nor servname provided, or not known')) on URL https://www.businessinsider.com/turo-review-pros-and-cons-of-using-the-car-sharing-company-2022-8",)
e自身:Article `download()` failed with HTTPSConnectionPool(host='www.businessinsider.com', port=443): Max retries exceeded with url: /turo-review-pros-and-cons-of-using-the-car-sharing-company-2022-8 (Caused by NewConnectionError('<urllib3.connection.HTTPSConnection object at 0x10846f670>: Failed to establish a new connection: [Errno 8] nodename nor servname provided, or not known')) on URL https://www.businessinsider.com/turo-review-pros-and-cons-of-using-the-car-sharing-company-2022-8
=== エラー内容 ===
type:<class 'newspaper.article.ArticleException'>
args:("Article `download()` failed with HTTPSConnectionPool(host='www.businessinsider.com', port=443): Max retries exceeded with url: /personal-finance/hyatt-business-credit-card-changes-bonus-points-elite-credits-2022-8 (Caused by NewConnectionError('<urllib3.connection.HTTPSConnection object at 0x10846f880>: Failed to establish a new connection: [Errno 8] nodename nor servname provided, or not known')) on URL https://www.businessinsider.com/personal-finance/hyatt-business-credit-card-changes-bonus-points-elite-credits-2022-8",)
e自身:Article `download()` failed with HTTPSConnectionPool(host='www.businessinsider.com', port=443): Max retries exceeded with url: /personal-finance/hyatt-business-credit-card-changes-bonus-points-elite-credits-2022-8 (Caused by NewConnectionError('<urllib3.connection.HTTPSConnection object at 0x10846f880>: Failed to establish a new connection: [Errno 8] nodename nor servname provided, or not known')) on URL https://www.businessinsider.com/personal-finance/hyatt-business-credit-card-changes-bonus-points-elite-credits-2022-8
=== エラー内容 ===
type:<class 'newspaper.article.ArticleException'>
args:("Article `download()` failed with HTTPSConnectionPool(host='www.reuters.com', port=443): Max retries exceeded with url: /markets/europe/czech-government-earmarks-71-bln-ease-inflation-energy-price-shock-2022-08-24/ (Caused by NewConnectionError('<urllib3.connection.HTTPSConnection object at 0x10c0baf10>: Failed to establish a new connection: [Errno 8] nodename nor servname provided, or not known')) on URL https://www.reuters.com/markets/europe/czech-government-earmarks-71-bln-ease-inflation-energy-price-shock-2022-08-24/",)
e自身:Article `download()` failed with HTTPSConnectionPool(host='www.reuters.com', port=443): Max retries exceeded with url: /markets/europe/czech-government-earmarks-71-bln-ease-inflation-energy-price-shock-2022-08-24/ (Caused by NewConnectionError('<urllib3.connection.HTTPSConnection object at 0x10c0baf10>: Failed to establish a new connection: [Errno 8] nodename nor servname provided, or not known')) on URL https://www.reuters.com/markets/europe/czech-government-earmarks-71-bln-ease-inflation-energy-price-shock-2022-08-24/
=== エラー内容 ===
type:<class 'newspaper.article.ArticleException'>
args:("Article `download()` failed with HTTPSConnectionPool(host='www.reuters.com', port=443): Max retries exceeded with url: /breakingviews/fintechs-next-big-down-round-may-have-an-upside-2022-08-24/ (Caused by NewConnectionError('<urllib3.connection.HTTPSConnection object at 0x10c0bafa0>: Failed to establish a new connection: [Errno 8] nodename nor servname provided, or not known')) on URL https://www.reuters.com/breakingviews/fintechs-next-big-down-round-may-have-an-upside-2022-08-24/",)
e自身:Article `download()` failed with HTTPSConnectionPool(host='www.reuters.com', port=443): Max retries exceeded with url: /breakingviews/fintechs-next-big-down-round-may-have-an-upside-2022-08-24/ (Caused by NewConnectionError('<urllib3.connection.HTTPSConnection object at 0x10c0bafa0>: Failed to establish a new connection: [Errno 8] nodename nor servname provided, or not known')) on URL https://www.reuters.com/breakingviews/fintechs-next-big-down-round-may-have-an-upside-2022-08-24/
=== エラー内容 ===
type:<class 'newspaper.article.ArticleException'>
args:("Article `download()` failed with HTTPSConnectionPool(host='www.reuters.com', port=443): Max retries exceeded with url: /breakingviews/gautam-adanis-tycoon-rivalry-spills-into-news-2022-08-24/ (Caused by NewConnectionError('<urllib3.connection.HTTPSConnection object at 0x10c0bad60>: Failed to establish a new connection: [Errno 8] nodename nor servname provided, or not known')) on URL https://www.reuters.com/breakingviews/gautam-adanis-tycoon-rivalry-spills-into-news-2022-08-24/",)
e自身:Article `download()` failed with HTTPSConnectionPool(host='www.reuters.com', port=443): Max retries exceeded with url: /breakingviews/gautam-adanis-tycoon-rivalry-spills-into-news-2022-08-24/ (Caused by NewConnectionError('<urllib3.connection.HTTPSConnection object at 0x10c0bad60>: Failed to establish a new connection: [Errno 8] nodename nor servname provided, or not known')) on URL https://www.reuters.com/breakingviews/gautam-adanis-tycoon-rivalry-spills-into-news-2022-08-24/
=== エラー内容 ===
type:<class 'urllib.error.URLError'>
args:(gaierror(8, 'nodename nor servname provided, or not known'),)
e自身:<urlopen error [Errno 8] nodename nor servname provided, or not known>
url:https://news.google.com/rss/search?q=+after:2022-8-22+inurl:cnbc.com&hl=en-US&gl=US&ceid=US:en
=== エラー内容 ===
type:<class 'urllib.error.URLError'>
args:(gaierror(8, 'nodename nor servname provided, or not known'),)
e自身:<urlopen error [Errno 8] nodename nor servname provided, or not known>
url:https://news.google.com/rss/search?q=+after:2022-8-22+inurl:thestreet.com&hl=en-US&gl=US&ceid=US:en
=== エラー内容 ===
type:<class 'urllib.error.URLError'>
args:(gaierror(8, 'nodename nor servname provided, or not known'),)
e自身:<urlopen error [Errno 8] nodename nor servname provided, or not known>
url:https://news.google.com/rss/search?q=+after:2022-8-22+inurl:foxbusiness.com&hl=en-US&gl=US&ceid=US:en
=== エラー内容 ===
type:<class 'newspaper.article.ArticleException'>
args:("Article `download()` failed with HTTPSConnectionPool(host='www.foxbusiness.com', port=443): Read timed out. (read timeout=7) on URL https://www.foxbusiness.com/economy/tips-navigating-economic-recession",)
e自身:Article `download()` failed with HTTPSConnectionPool(host='www.foxbusiness.com', port=443): Read timed out. (read timeout=7) on URL https://www.foxbusiness.com/economy/tips-navigating-economic-recession
=== エラー内容 ===
type:<class 'newspaper.article.ArticleException'>
args:("Article `download()` failed with HTTPSConnectionPool(host='www.foxbusiness.com', port=443): Read timed out. (read timeout=7) on URL https://www.foxbusiness.com/economy/us-economy-shrank-slightly-slower-pace-second-quarter-revised-figures-show",)
e自身:Article `download()` failed with HTTPSConnectionPool(host='www.foxbusiness.com', port=443): Read timed out. (read timeout=7) on URL https://www.foxbusiness.com/economy/us-economy-shrank-slightly-slower-pace-second-quarter-revised-figures-show
=== エラー内容 ===
type:<class 'newspaper.article.ArticleException'>
args:("Article `download()` failed with HTTPSConnectionPool(host='www.foxbusiness.com', port=443): Max retries exceeded with url: /politics/sen-warren-worried-federal-reserve-tip-economy-recession (Caused by NewConnectionError('<urllib3.connection.HTTPSConnection object at 0x10ffb98b0>: Failed to establish a new connection: [Errno 8] nodename nor servname provided, or not known')) on URL https://www.foxbusiness.com/politics/sen-warren-worried-federal-reserve-tip-economy-recession",)
e自身:Article `download()` failed with HTTPSConnectionPool(host='www.foxbusiness.com', port=443): Max retries exceeded with url: /politics/sen-warren-worried-federal-reserve-tip-economy-recession (Caused by NewConnectionError('<urllib3.connection.HTTPSConnection object at 0x10ffb98b0>: Failed to establish a new connection: [Errno 8] nodename nor servname provided, or not known')) on URL https://www.foxbusiness.com/politics/sen-warren-worried-federal-reserve-tip-economy-recession
=== エラー内容 ===
type:<class 'newspaper.article.ArticleException'>
args:("Article `download()` failed with HTTPSConnectionPool(host='www.foxbusiness.com', port=443): Max retries exceeded with url: /live-news/stock-market-today-8-29-2022 (Caused by NewConnectionError('<urllib3.connection.HTTPSConnection object at 0x10ffb9a30>: Failed to establish a new connection: [Errno 8] nodename nor servname provided, or not known')) on URL https://www.foxbusiness.com/live-news/stock-market-today-8-29-2022",)
e自身:Article `download()` failed with HTTPSConnectionPool(host='www.foxbusiness.com', port=443): Max retries exceeded with url: /live-news/stock-market-today-8-29-2022 (Caused by NewConnectionError('<urllib3.connection.HTTPSConnection object at 0x10ffb9a30>: Failed to establish a new connection: [Errno 8] nodename nor servname provided, or not known')) on URL https://www.foxbusiness.com/live-news/stock-market-today-8-29-2022
=== エラー内容 ===
type:<class 'newspaper.article.ArticleException'>
args:("Article `download()` failed with HTTPSConnectionPool(host='www.foxbusiness.com', port=443): Max retries exceeded with url: /economy/central-banks-cant-tackle-inflation-more-sensible-fiscal-policy-new-study-argues (Caused by NewConnectionError('<urllib3.connection.HTTPSConnection object at 0x10ffb9a90>: Failed to establish a new connection: [Errno 8] nodename nor servname provided, or not known')) on URL https://www.foxbusiness.com/economy/central-banks-cant-tackle-inflation-more-sensible-fiscal-policy-new-study-argues",)
e自身:Article `download()` failed with HTTPSConnectionPool(host='www.foxbusiness.com', port=443): Max retries exceeded with url: /economy/central-banks-cant-tackle-inflation-more-sensible-fiscal-policy-new-study-argues (Caused by NewConnectionError('<urllib3.connection.HTTPSConnection object at 0x10ffb9a90>: Failed to establish a new connection: [Errno 8] nodename nor servname provided, or not known')) on URL https://www.foxbusiness.com/economy/central-banks-cant-tackle-inflation-more-sensible-fiscal-policy-new-study-argues
=== エラー内容 ===
type:<class 'urllib.error.URLError'>
args:(gaierror(8, 'nodename nor servname provided, or not known'),)
e自身:<urlopen error [Errno 8] nodename nor servname provided, or not known>
url:https://news.google.com/rss/search?q=+after:2022-8-27+inurl:washingtonpost.com&hl=en-US&gl=US&ceid=US:en
=== エラー内容 ===
type:<class 'urllib.error.URLError'>
args:(gaierror(8, 'nodename nor servname provided, or not known'),)
e自身:<urlopen error [Errno 8] nodename nor servname provided, or not known>
url:https://news.google.com/rss/search?q=+after:2022-8-27+inurl:businessinsider.com&hl=en-US&gl=US&ceid=US:en
=== エラー内容 ===
type:<class 'urllib.error.URLError'>
args:(gaierror(8, 'nodename nor servname provided, or not known'),)
e自身:<urlopen error [Errno 8] nodename nor servname provided, or not known>
url:https://news.google.com/rss/search?q=+after:2022-8-27+inurl:cnn.com&hl=en-US&gl=US&ceid=US:en
=== エラー内容 ===
type:<class 'urllib.error.URLError'>
args:(gaierror(8, 'nodename nor servname provided, or not known'),)
e自身:<urlopen error [Errno 8] nodename nor servname provided, or not known>
url:https://news.google.com/rss/search?q=+after:2022-8-27+inurl:huffpost.com&hl=en-US&gl=US&ceid=US:en
=== エラー内容 ===
type:<class 'urllib.error.URLError'>
args:(gaierror(8, 'nodename nor servname provided, or not known'),)
e自身:<urlopen error [Errno 8] nodename nor servname provided, or not known>
url:https://news.google.com/rss/search?q=+after:2022-8-27+inurl:bloomberg.com&hl=en-US&gl=US&ceid=US:en
=== エラー内容 ===
type:<class 'urllib.error.URLError'>
args:(gaierror(8, 'nodename nor servname provided, or not known'),)
e自身:<urlopen error [Errno 8] nodename nor servname provided, or not known>
url:https://news.google.com/rss/search?q=+after:2022-8-27+inurl:fool.com&hl=en-US&gl=US&ceid=US:en
=== エラー内容 ===
type:<class 'newspaper.article.ArticleException'>
args:("Article `download()` failed with HTTPSConnectionPool(host='www.foxbusiness.com', port=443): Max retries exceeded with url: /markets/jobs-data-bed-bath-beyond-update-best-buy-earnings-week-ahead (Caused by NewConnectionError('<urllib3.connection.HTTPSConnection object at 0x105628220>: Failed to establish a new connection: [Errno 8] nodename nor servname provided, or not known')) on URL https://www.foxbusiness.com/markets/jobs-data-bed-bath-beyond-update-best-buy-earnings-week-ahead",)
e自身:Article `download()` failed with HTTPSConnectionPool(host='www.foxbusiness.com', port=443): Max retries exceeded with url: /markets/jobs-data-bed-bath-beyond-update-best-buy-earnings-week-ahead (Caused by NewConnectionError('<urllib3.connection.HTTPSConnection object at 0x105628220>: Failed to establish a new connection: [Errno 8] nodename nor servname provided, or not known')) on URL https://www.foxbusiness.com/markets/jobs-data-bed-bath-beyond-update-best-buy-earnings-week-ahead
=== エラー内容 ===
type:<class 'newspaper.article.ArticleException'>
args:("Article `download()` failed with HTTPSConnectionPool(host='www.foxbusiness.com', port=443): Read timed out. (read timeout=7) on URL https://www.foxbusiness.com/economy/honda-lg-energy-teaming-build-ev-battery-plant-us",)
e自身:Article `download()` failed with HTTPSConnectionPool(host='www.foxbusiness.com', port=443): Read timed out. (read timeout=7) on URL https://www.foxbusiness.com/economy/honda-lg-energy-teaming-build-ev-battery-plant-us
=== エラー内容 ===
type:<class 'newspaper.article.ArticleException'>
args:("Article `download()` failed with HTTPSConnectionPool(host='www.foxbusiness.com', port=443): Read timed out. (read timeout=7) on URL https://www.foxbusiness.com/markets/jobs-data-bed-bath-beyond-update-best-buy-earnings-week-ahead",)
e自身:Article `download()` failed with HTTPSConnectionPool(host='www.foxbusiness.com', port=443): Read timed out. (read timeout=7) on URL https://www.foxbusiness.com/markets/jobs-data-bed-bath-beyond-update-best-buy-earnings-week-ahead
=== エラー内容 ===
type:<class 'IndexError'>
args:('list index out of range',)
e自身:list index out of range
タイトル:After Dobbs, many Americans see dual citizenship as an escape hatch
Proud Boy accused of menacing Chuck Schumer on Jan. 6 sentenced to 55 months
Trump's Mar-a-Lago documents already examined by FBI, Justice Dept. tells judge
Analysis  Most Trump voters see civil war as somewhat likely within a decade
Emotional support alligator WallyGator sleeps in bed with his owner
Russia-Ukraine war latest updates
Naming of special master could complicate Mar-a-Lago documents case
Duane Hansen of Nebraska floated in a pumpkin to beat a world record
Inside Trump's war on the National Archives
The mayor vowed to protect nightlife spots. Then a Commanders player was shot.
Analysis  Solution to Evan Birnholz's Aug. 28 crossword, “Secret Agents”
Greenland ice sheet set to raise sea levels by nearly a foot, study finds
Rights groups urge Yemen's Houthis to end Taiz blockade
Artemis I launch scrubbed as engine problem defies fast fix
Crypto's massive marketing efforts have drawn few new investors

日本語タイトル:['ドブスの後、多くのアメリカ人が二重国籍は逃げ口上と見ている', '1月6日にチャック・シューマーを脅迫した罪で起訴されたプラウドボーイに55ヶ月の実刑判決', 'トランプ大統領のマール・ア・ラーゴの文書はすでにFBIが調査、司法省が判事に報告', '分析 ほとんどのトランプ有権者は、10年以内に内戦が起こる可能性がやや高いと見ている', '感情支援ワニ「ウォーリーゲイター」、飼い主とベッドで眠る', 'ロシア・ウクライナ戦争最新情報', 'マール・ア・ラーゴ文書事件を複雑化させる可能性のある特別補佐官の命名', 'ネブラスカのデュアン・ハンセンさんがカボチャを浮かべて世界記録を破る', 'トランプ大統領の国立公文書館戦争の内幕', '市長は夜遊びスポットを守ると誓った。そして、司令塔の選手が撃たれた。', '分析 エヴァン・バーンホルツの8月28日のクロスワード、"Secret Agents "の解答。', 'グリーンランドの氷床が海面を1フィート近く上昇させるという研究結果が発表された。', '人権団体、イエメンのフーシ派にタイズ封鎖の解除を要請', 'アルテミスI」打ち上げ中止、エンジントラブルで早急に解決せず']
=== エラー内容 ===
type:<class 'IndexError'>
args:('list index out of range',)
e自身:list index out of range
タイトル:Elon Musk Calls for More Oil and Gas Drilling to Avert Human Disaster
Eminem and Snoop Dogg Bring Viewers into the Bored Ape Metaverse at the MTV Music Awards
Elon Musk Reveals His Weight-Loss Secret
Fisker Ocean Looks to Make Splash in the EV World
KFC Takes on Burger King and Wendy’s Big Meal Deals
What Are Growth Stocks and How Risky Are They?
The FBI Has A Podcast, And Dedicated An Entire Episode to the "Crypto Queen"
GameStop Is Now Focused On Achieving Profitability. Here Is The Plan
Services Revenue Is 'Significant' to Apple's Growth Story
Tether Delays Timeline for Full Financial Audit

日本語タイトル:['']
=== エラー内容 ===
type:<class 'IndexError'>
args:('list index out of range',)
e自身:list index out of range
タイトル:Rogers' bond revision set to move forward after dissenters fail to rally votes
Oil edges down as inflation expected to impact fuel demand
Elon Musk: aims to have self-driving Teslas ready by year-end in the U.S.
Stocks making the biggest moves midday: Netflix, Pinduoduo, Catalent, Bristol-Myers and more
This uranium ETF has surged about 20% over the past week. Here's what's in it
Asia-Pacific markets mixed after sharp falls in previous session
Elon Musk Calls for More Oil and Gas Drilling to Avert Human Disaster
Eminem and Snoop Dogg Bring Viewers into the Bored Ape Metaverse at the MTV Music Awards
Elon Musk Reveals His Weight-Loss Secret
Musk touts oil, no repeat of 2008 housing crisis and more: Tuesday's 5 things to know
Honda, LG Energy teaming to build $4.4B EV battery plant in US
'National Cinema Day' offers $3 movie tickets for one day only
An environmental disaster in Uzbekistan is now a tourist attraction. What can it teach us?
After Dobbs, many Americans see dual citizenship as an escape hatch
Analysis  Most Trump voters see civil war as somewhat likely within a decade
Tesla workers can wear union buttons, t-shirts at work: ruling
How business owners can retain workers in today's labor shortage
US intel probing national security risks from Trump's Mar-a-Lago docs
Biden to speak about 'the continued battle for the soul of the nation' Thursday
Washington Commanders' Brian Robinson Jr. says 'surgery went well' after he was shot in possible attempted robbery or carjacking
Several killed in clashes in Baghdad's Green Zone after powerful cleric announces withdrawal from politics
22 Of The Funniest Tweets About Married Life (Aug. 16-29)
GOP Gov. Chris Sununu Demands Biden Apology Over 'Semi-Fascism' Comment
Amber Heard's Sister Reacts To 'Disgusting' Johnny Depp Cameo At VMAs
Aging CEOs in Japan Learn to Let Go and Retire
China's Bad Debt Managers See Profits Tank on Property Losses
Wall Street Fears What Higher Rates Will Do to Corporate America
Better Buy: Tesla or Rivian? - The Motley Fool
Affirm Just Grew This 1 Metric by 710% Thanks to Shopify. Is the Stock a Buy? - The Motley Fool
Dollar General Is Still a Monster Stock to Buy - The Motley Fool

日本語タイトル:['']
=== エラー内容 ===
type:<class 'IndexError'>
args:('list index out of range',)
e自身:list index out of range
タイトル:After Dobbs, many Americans see dual citizenship as an escape hatch
Analysis  Most Trump voters see civil war as somewhat likely within a decade
Proud Boy accused of menacing Chuck Schumer on Jan. 6 sentenced to 55 months
Emotional support alligator WallyGator sleeps in bed with his owner
Trump's Mar-a-Lago documents already examined by FBI, Justice Dept. tells judge
Naming of special master could complicate Mar-a-Lago documents case
Duane Hansen of Nebraska floated in a pumpkin to beat a world record
Russia-Ukraine war latest updates
The mayor vowed to protect nightlife spots. Then a Commanders player was shot.
Inside Trump's war on the National Archives
Houston gunman kills three people after setting fires at homes, police say
Analysis  Solution to Evan Birnholz's Aug. 28 crossword, “Secret Agents”
Rights groups urge Yemen's Houthis to end Taiz blockade
Crypto's massive marketing efforts have drawn few new investors
Remote work revolution may lead to globalization of white-collar jobs

日本語タイトル:['']
=== エラー内容 ===
type:<class 'IndexError'>
args:('list index out of range',)
e自身:list index out of range
タイトル:Tesla workers can wear union buttons, t-shirts at work: ruling
How business owners can retain workers in today's labor shortage
US intel probing national security risks from Trump's Mar-a-Lago docs
Inside the rise of the cryptocurrency hype-men
Mar-a-Lago: Files would 'just disappear' when Trump took, Grisham says
Paramount sues firm that recreated McDowell's from 'Coming to America'
Military commission recommends dropping Confederate names at West Point
Proud Boy who got near Schumer on Jan. 6 sentenced to 55 months
Trump demands reinstatement or a 'new Election, immediately!'
GOP Gov. Sununu calls student debt relief 'unfair' and loan cancellation 'illegal'
Elon Musk's mom sleeps in a 'garage' when she visits him near SpaceX
Trump's in trouble as he 'offended the Lord': Latinos for Trump head
Capitol riot: 17 years sentence sought for 'eye gouger' ex-officer
Elon Musk: world still needs oil and gas or civilization will crumble
US warships sail through disputed Taiwan Strait, first since Pelosi visit

日本語タイトル:['']
=== エラー内容 ===
type:<class 'newspaper.article.ArticleException'>
args:("Article `download()` failed with HTTPSConnectionPool(host='www.foxbusiness.com', port=443): Read timed out. (read timeout=7) on URL https://www.foxbusiness.com/markets/jobs-data-bed-bath-beyond-update-best-buy-earnings-week-ahead",)
e自身:Article `download()` failed with HTTPSConnectionPool(host='www.foxbusiness.com', port=443): Read timed out. (read timeout=7) on URL https://www.foxbusiness.com/markets/jobs-data-bed-bath-beyond-update-best-buy-earnings-week-ahead
=== エラー内容 ===
type:<class 'newspaper.article.ArticleException'>
args:("Article `download()` failed with HTTPSConnectionPool(host='www.reuters.com', port=443): Max retries exceeded with url: /technology/musks-bold-goal-selling-20-mln-evs-could-cost-tesla-billions-2022-08-30/ (Caused by NewConnectionError('<urllib3.connection.HTTPSConnection object at 0x10d05c6d0>: Failed to establish a new connection: [Errno 8] nodename nor servname provided, or not known')) on URL https://www.reuters.com/technology/musks-bold-goal-selling-20-mln-evs-could-cost-tesla-billions-2022-08-30/",)
e自身:Article `download()` failed with HTTPSConnectionPool(host='www.reuters.com', port=443): Max retries exceeded with url: /technology/musks-bold-goal-selling-20-mln-evs-could-cost-tesla-billions-2022-08-30/ (Caused by NewConnectionError('<urllib3.connection.HTTPSConnection object at 0x10d05c6d0>: Failed to establish a new connection: [Errno 8] nodename nor servname provided, or not known')) on URL https://www.reuters.com/technology/musks-bold-goal-selling-20-mln-evs-could-cost-tesla-billions-2022-08-30/
=== エラー内容 ===
type:<class 'newspaper.article.ArticleException'>
args:("Article `download()` failed with HTTPSConnectionPool(host='www.reuters.com', port=443): Max retries exceeded with url: /markets/us/global-markets-view-usa-2022-08-29/ (Caused by NewConnectionError('<urllib3.connection.HTTPSConnection object at 0x10d05ca90>: Failed to establish a new connection: [Errno 8] nodename nor servname provided, or not known')) on URL https://www.reuters.com/markets/us/global-markets-view-usa-2022-08-29/",)
e自身:Article `download()` failed with HTTPSConnectionPool(host='www.reuters.com', port=443): Max retries exceeded with url: /markets/us/global-markets-view-usa-2022-08-29/ (Caused by NewConnectionError('<urllib3.connection.HTTPSConnection object at 0x10d05ca90>: Failed to establish a new connection: [Errno 8] nodename nor servname provided, or not known')) on URL https://www.reuters.com/markets/us/global-markets-view-usa-2022-08-29/
=== エラー内容 ===
type:<class 'newspaper.article.ArticleException'>
args:("Article `download()` failed with HTTPSConnectionPool(host='www.reuters.com', port=443): Max retries exceeded with url: /markets/us/solaredge-technologies-faces-import-ban-us-itc-launches-probe-2022-08-30/ (Caused by NewConnectionError('<urllib3.connection.HTTPSConnection object at 0x10d05cb50>: Failed to establish a new connection: [Errno 8] nodename nor servname provided, or not known')) on URL https://www.reuters.com/markets/us/solaredge-technologies-faces-import-ban-us-itc-launches-probe-2022-08-30/",)
e自身:Article `download()` failed with HTTPSConnectionPool(host='www.reuters.com', port=443): Max retries exceeded with url: /markets/us/solaredge-technologies-faces-import-ban-us-itc-launches-probe-2022-08-30/ (Caused by NewConnectionError('<urllib3.connection.HTTPSConnection object at 0x10d05cb50>: Failed to establish a new connection: [Errno 8] nodename nor servname provided, or not known')) on URL https://www.reuters.com/markets/us/solaredge-technologies-faces-import-ban-us-itc-launches-probe-2022-08-30/
=== エラー内容 ===
type:<class 'newspaper.article.ArticleException'>
args:("Article `download()` failed with HTTPSConnectionPool(host='www.reuters.com', port=443): Max retries exceeded with url: /markets/europe/banks-lift-european-bourses-rate-hike-recession-fears-grow-2022-08-30/ (Caused by NewConnectionError('<urllib3.connection.HTTPSConnection object at 0x10d05c100>: Failed to establish a new connection: [Errno 8] nodename nor servname provided, or not known')) on URL https://www.reuters.com/markets/europe/banks-lift-european-bourses-rate-hike-recession-fears-grow-2022-08-30/",)
e自身:Article `download()` failed with HTTPSConnectionPool(host='www.reuters.com', port=443): Max retries exceeded with url: /markets/europe/banks-lift-european-bourses-rate-hike-recession-fears-grow-2022-08-30/ (Caused by NewConnectionError('<urllib3.connection.HTTPSConnection object at 0x10d05c100>: Failed to establish a new connection: [Errno 8] nodename nor servname provided, or not known')) on URL https://www.reuters.com/markets/europe/banks-lift-european-bourses-rate-hike-recession-fears-grow-2022-08-30/
=== エラー内容 ===
type:<class 'newspaper.article.ArticleException'>
args:("Article `download()` failed with HTTPSConnectionPool(host='www.reuters.com', port=443): Max retries exceeded with url: /markets/europe/spain-august-12-month-inflation-slows-down-104-yoy-2022-08-30/ (Caused by NewConnectionError('<urllib3.connection.HTTPSConnection object at 0x10d05c340>: Failed to establish a new connection: [Errno 8] nodename nor servname provided, or not known')) on URL https://www.reuters.com/markets/europe/spain-august-12-month-inflation-slows-down-104-yoy-2022-08-30/",)
e自身:Article `download()` failed with HTTPSConnectionPool(host='www.reuters.com', port=443): Max retries exceeded with url: /markets/europe/spain-august-12-month-inflation-slows-down-104-yoy-2022-08-30/ (Caused by NewConnectionError('<urllib3.connection.HTTPSConnection object at 0x10d05c340>: Failed to establish a new connection: [Errno 8] nodename nor servname provided, or not known')) on URL https://www.reuters.com/markets/europe/spain-august-12-month-inflation-slows-down-104-yoy-2022-08-30/
=== エラー内容 ===
type:<class 'newspaper.article.ArticleException'>
args:("Article `download()` failed with HTTPSConnectionPool(host='www.reuters.com', port=443): Max retries exceeded with url: /world/asia-pacific/solomon-islands-ban-us-navy-ships-ports-us-embassy-2022-08-30/ (Caused by NewConnectionError('<urllib3.connection.HTTPSConnection object at 0x10d05c5e0>: Failed to establish a new connection: [Errno 8] nodename nor servname provided, or not known')) on URL https://www.reuters.com/world/asia-pacific/solomon-islands-ban-us-navy-ships-ports-us-embassy-2022-08-30/",)
e自身:Article `download()` failed with HTTPSConnectionPool(host='www.reuters.com', port=443): Max retries exceeded with url: /world/asia-pacific/solomon-islands-ban-us-navy-ships-ports-us-embassy-2022-08-30/ (Caused by NewConnectionError('<urllib3.connection.HTTPSConnection object at 0x10d05c5e0>: Failed to establish a new connection: [Errno 8] nodename nor servname provided, or not known')) on URL https://www.reuters.com/world/asia-pacific/solomon-islands-ban-us-navy-ships-ports-us-embassy-2022-08-30/
=== エラー内容 ===
type:<class 'newspaper.article.ArticleException'>
args:("Article `download()` failed with HTTPSConnectionPool(host='www.reuters.com', port=443): Max retries exceeded with url: /world/china/syngenta-boosts-q2-results-ahead-planned-ipo-2022-08-30/ (Caused by NewConnectionError('<urllib3.connection.HTTPSConnection object at 0x10d05cb50>: Failed to establish a new connection: [Errno 8] nodename nor servname provided, or not known')) on URL https://www.reuters.com/world/china/syngenta-boosts-q2-results-ahead-planned-ipo-2022-08-30/",)
e自身:Article `download()` failed with HTTPSConnectionPool(host='www.reuters.com', port=443): Max retries exceeded with url: /world/china/syngenta-boosts-q2-results-ahead-planned-ipo-2022-08-30/ (Caused by NewConnectionError('<urllib3.connection.HTTPSConnection object at 0x10d05cb50>: Failed to establish a new connection: [Errno 8] nodename nor servname provided, or not known')) on URL https://www.reuters.com/world/china/syngenta-boosts-q2-results-ahead-planned-ipo-2022-08-30/
=== エラー内容 ===
type:<class 'newspaper.article.ArticleException'>
args:("Article `download()` failed with HTTPSConnectionPool(host='www.cnbc.com', port=443): Max retries exceeded with url: /2022/08/30/european-markets-open-to-close-stocks-data-earnings.html (Caused by NewConnectionError('<urllib3.connection.HTTPSConnection object at 0x10608d040>: Failed to establish a new connection: [Errno 8] nodename nor servname provided, or not known')) on URL https://www.cnbc.com/2022/08/30/european-markets-open-to-close-stocks-data-earnings.html",)
e自身:Article `download()` failed with HTTPSConnectionPool(host='www.cnbc.com', port=443): Max retries exceeded with url: /2022/08/30/european-markets-open-to-close-stocks-data-earnings.html (Caused by NewConnectionError('<urllib3.connection.HTTPSConnection object at 0x10608d040>: Failed to establish a new connection: [Errno 8] nodename nor servname provided, or not known')) on URL https://www.cnbc.com/2022/08/30/european-markets-open-to-close-stocks-data-earnings.html
=== エラー内容 ===
type:<class 'newspaper.article.ArticleException'>
args:("Article `download()` failed with HTTPSConnectionPool(host='www.cnbc.com', port=443): Max retries exceeded with url: /2022/08/29/this-uranium-etf-has-surged-nearly-20percent-over-the-past-week-heres-whats-in-it.html (Caused by NewConnectionError('<urllib3.connection.HTTPSConnection object at 0x10608d040>: Failed to establish a new connection: [Errno 8] nodename nor servname provided, or not known')) on URL https://www.cnbc.com/2022/08/29/this-uranium-etf-has-surged-nearly-20percent-over-the-past-week-heres-whats-in-it.html",)
e自身:Article `download()` failed with HTTPSConnectionPool(host='www.cnbc.com', port=443): Max retries exceeded with url: /2022/08/29/this-uranium-etf-has-surged-nearly-20percent-over-the-past-week-heres-whats-in-it.html (Caused by NewConnectionError('<urllib3.connection.HTTPSConnection object at 0x10608d040>: Failed to establish a new connection: [Errno 8] nodename nor servname provided, or not known')) on URL https://www.cnbc.com/2022/08/29/this-uranium-etf-has-surged-nearly-20percent-over-the-past-week-heres-whats-in-it.html
=== エラー内容 ===
type:<class 'newspaper.article.ArticleException'>
args:("Article `download()` failed with HTTPSConnectionPool(host='www.cnbc.com', port=443): Max retries exceeded with url: /2022/08/29/3-takeaways-from-the-investing-clubs-morning-meeting-on-monday.html (Caused by NewConnectionError('<urllib3.connection.HTTPSConnection object at 0x10608d130>: Failed to establish a new connection: [Errno 8] nodename nor servname provided, or not known')) on URL https://www.cnbc.com/2022/08/29/3-takeaways-from-the-investing-clubs-morning-meeting-on-monday.html",)
e自身:Article `download()` failed with HTTPSConnectionPool(host='www.cnbc.com', port=443): Max retries exceeded with url: /2022/08/29/3-takeaways-from-the-investing-clubs-morning-meeting-on-monday.html (Caused by NewConnectionError('<urllib3.connection.HTTPSConnection object at 0x10608d130>: Failed to establish a new connection: [Errno 8] nodename nor servname provided, or not known')) on URL https://www.cnbc.com/2022/08/29/3-takeaways-from-the-investing-clubs-morning-meeting-on-monday.html
=== エラー内容 ===
type:<class 'newspaper.article.ArticleException'>
args:("Article `download()` failed with HTTPSConnectionPool(host='www.cnbc.com', port=443): Max retries exceeded with url: /2022/08/30/south-korea-inspecting-stock-short-selling-starting-with-morgan-stanley.html (Caused by NewConnectionError('<urllib3.connection.HTTPSConnection object at 0x10608e130>: Failed to establish a new connection: [Errno 8] nodename nor servname provided, or not known')) on URL https://www.cnbc.com/2022/08/30/south-korea-inspecting-stock-short-selling-starting-with-morgan-stanley.html",)
e自身:Article `download()` failed with HTTPSConnectionPool(host='www.cnbc.com', port=443): Max retries exceeded with url: /2022/08/30/south-korea-inspecting-stock-short-selling-starting-with-morgan-stanley.html (Caused by NewConnectionError('<urllib3.connection.HTTPSConnection object at 0x10608e130>: Failed to establish a new connection: [Errno 8] nodename nor servname provided, or not known')) on URL https://www.cnbc.com/2022/08/30/south-korea-inspecting-stock-short-selling-starting-with-morgan-stanley.html
=== エラー内容 ===
type:<class 'newspaper.article.ArticleException'>
args:("Article `download()` failed with HTTPSConnectionPool(host='www.cnbc.com', port=443): Max retries exceeded with url: /2022/08/30/steve-hanke-were-going-to-have-one-whopper-of-a-recession-in-2023.html (Caused by NewConnectionError('<urllib3.connection.HTTPSConnection object at 0x10608e190>: Failed to establish a new connection: [Errno 8] nodename nor servname provided, or not known')) on URL https://www.cnbc.com/2022/08/30/steve-hanke-were-going-to-have-one-whopper-of-a-recession-in-2023.html",)
e自身:Article `download()` failed with HTTPSConnectionPool(host='www.cnbc.com', port=443): Max retries exceeded with url: /2022/08/30/steve-hanke-were-going-to-have-one-whopper-of-a-recession-in-2023.html (Caused by NewConnectionError('<urllib3.connection.HTTPSConnection object at 0x10608e190>: Failed to establish a new connection: [Errno 8] nodename nor servname provided, or not known')) on URL https://www.cnbc.com/2022/08/30/steve-hanke-were-going-to-have-one-whopper-of-a-recession-in-2023.html
=== エラー内容 ===
type:<class 'newspaper.article.ArticleException'>
args:("Article `download()` failed with HTTPSConnectionPool(host='www.reuters.com', port=443): Max retries exceeded with url: /markets/europe/easing-cost-pressures-give-irish-manufacturers-little-breathing-room-pmi-2022-09-01/ (Caused by NewConnectionError('<urllib3.connection.HTTPSConnection object at 0x1083e67f0>: Failed to establish a new connection: [Errno 8] nodename nor servname provided, or not known')) on URL https://www.reuters.com/markets/europe/easing-cost-pressures-give-irish-manufacturers-little-breathing-room-pmi-2022-09-01/",)
e自身:Article `download()` failed with HTTPSConnectionPool(host='www.reuters.com', port=443): Max retries exceeded with url: /markets/europe/easing-cost-pressures-give-irish-manufacturers-little-breathing-room-pmi-2022-09-01/ (Caused by NewConnectionError('<urllib3.connection.HTTPSConnection object at 0x1083e67f0>: Failed to establish a new connection: [Errno 8] nodename nor servname provided, or not known')) on URL https://www.reuters.com/markets/europe/easing-cost-pressures-give-irish-manufacturers-little-breathing-room-pmi-2022-09-01/
=== エラー内容 ===
type:<class 'newspaper.article.ArticleException'>
args:("Article `download()` failed with HTTPSConnectionPool(host='www.cnbc.com', port=443): Max retries exceeded with url: /2022/08/29/stock-market-news-futures-open-to-close-live-updates.html (Caused by NewConnectionError('<urllib3.connection.HTTPSConnection object at 0x108417100>: Failed to establish a new connection: [Errno 8] nodename nor servname provided, or not known')) on URL https://www.cnbc.com/2022/08/29/stock-market-news-futures-open-to-close-live-updates.html",)
e自身:Article `download()` failed with HTTPSConnectionPool(host='www.cnbc.com', port=443): Max retries exceeded with url: /2022/08/29/stock-market-news-futures-open-to-close-live-updates.html (Caused by NewConnectionError('<urllib3.connection.HTTPSConnection object at 0x108417100>: Failed to establish a new connection: [Errno 8] nodename nor servname provided, or not known')) on URL https://www.cnbc.com/2022/08/29/stock-market-news-futures-open-to-close-live-updates.html
=== エラー内容 ===
type:<class 'urllib.error.URLError'>
args:(gaierror(8, 'nodename nor servname provided, or not known'),)
e自身:<urlopen error [Errno 8] nodename nor servname provided, or not known>
url:https://news.google.com/rss/search?q=+after:2022-8-30+inurl:thestreet.com&hl=en-US&gl=US&ceid=US:en
=== エラー内容 ===
type:<class 'urllib.error.URLError'>
args:(gaierror(8, 'nodename nor servname provided, or not known'),)
e自身:<urlopen error [Errno 8] nodename nor servname provided, or not known>
url:https://news.google.com/rss/search?q=+after:2022-8-30+inurl:foxbusiness.com&hl=en-US&gl=US&ceid=US:en
=== エラー内容 ===
type:<class 'urllib.error.URLError'>
args:(gaierror(8, 'nodename nor servname provided, or not known'),)
e自身:<urlopen error [Errno 8] nodename nor servname provided, or not known>
url:https://news.google.com/rss/search?q=+after:2022-8-30+inurl:washingtonpost.com&hl=en-US&gl=US&ceid=US:en
=== エラー内容 ===
type:<class 'urllib.error.URLError'>
args:(gaierror(8, 'nodename nor servname provided, or not known'),)
e自身:<urlopen error [Errno 8] nodename nor servname provided, or not known>
url:https://news.google.com/rss/search?q=+after:2022-8-30+inurl:businessinsider.com&hl=en-US&gl=US&ceid=US:en
=== エラー内容 ===
type:<class 'newspaper.article.ArticleException'>
args:("Article `download()` failed with HTTPSConnectionPool(host='www.cnn.com', port=443): Max retries exceeded with url: /2022/08/31/politics/alaska-house-seat-ranked-choice-ballots/index.html (Caused by NewConnectionError('<urllib3.connection.HTTPSConnection object at 0x1085783d0>: Failed to establish a new connection: [Errno 8] nodename nor servname provided, or not known')) on URL https://www.cnn.com/2022/08/31/politics/alaska-house-seat-ranked-choice-ballots/index.html",)
e自身:Article `download()` failed with HTTPSConnectionPool(host='www.cnn.com', port=443): Max retries exceeded with url: /2022/08/31/politics/alaska-house-seat-ranked-choice-ballots/index.html (Caused by NewConnectionError('<urllib3.connection.HTTPSConnection object at 0x1085783d0>: Failed to establish a new connection: [Errno 8] nodename nor servname provided, or not known')) on URL https://www.cnn.com/2022/08/31/politics/alaska-house-seat-ranked-choice-ballots/index.html
=== エラー内容 ===
type:<class 'newspaper.article.ArticleException'>
args:("Article `download()` failed with HTTPSConnectionPool(host='www.cnn.com', port=443): Max retries exceeded with url: /2022/08/31/health/fda-covid-vaccine-updated-booster-authorized/index.html (Caused by NewConnectionError('<urllib3.connection.HTTPSConnection object at 0x10857c430>: Failed to establish a new connection: [Errno 8] nodename nor servname provided, or not known')) on URL https://www.cnn.com/2022/08/31/health/fda-covid-vaccine-updated-booster-authorized/index.html",)
e自身:Article `download()` failed with HTTPSConnectionPool(host='www.cnn.com', port=443): Max retries exceeded with url: /2022/08/31/health/fda-covid-vaccine-updated-booster-authorized/index.html (Caused by NewConnectionError('<urllib3.connection.HTTPSConnection object at 0x10857c430>: Failed to establish a new connection: [Errno 8] nodename nor servname provided, or not known')) on URL https://www.cnn.com/2022/08/31/health/fda-covid-vaccine-updated-booster-authorized/index.html
=== エラー内容 ===
type:<class 'newspaper.article.ArticleException'>
args:("Article `download()` failed with HTTPSConnectionPool(host='www.cnn.com', port=443): Max retries exceeded with url: /2022/08/31/business/sams-club-membership-fee/index.html (Caused by NewConnectionError('<urllib3.connection.HTTPSConnection object at 0x10857c580>: Failed to establish a new connection: [Errno 8] nodename nor servname provided, or not known')) on URL https://www.cnn.com/2022/08/31/business/sams-club-membership-fee/index.html",)
e自身:Article `download()` failed with HTTPSConnectionPool(host='www.cnn.com', port=443): Max retries exceeded with url: /2022/08/31/business/sams-club-membership-fee/index.html (Caused by NewConnectionError('<urllib3.connection.HTTPSConnection object at 0x10857c580>: Failed to establish a new connection: [Errno 8] nodename nor servname provided, or not known')) on URL https://www.cnn.com/2022/08/31/business/sams-club-membership-fee/index.html
=== エラー内容 ===
type:<class 'urllib.error.URLError'>
args:(gaierror(8, 'nodename nor servname provided, or not known'),)
e自身:<urlopen error [Errno 8] nodename nor servname provided, or not known>
url:https://news.google.com/rss/search?q=+after:2022-8-30+inurl:huffpost.com&hl=en-US&gl=US&ceid=US:en
=== エラー内容 ===
type:<class 'IndexError'>
args:('list index out of range',)
e自身:list index out of range
タイトル:Morning Bid: Moment in the sun.com
Stocks slide, dollar spikes as September starts stormy.com
Analysis: Citigroup's Russia exit removes one obstacle for CEO, but challenges remain
Japan warns against volatility as yen slumps to 24-year low
Indian shares fall as IT, energy drag; SpiceJet slumps 15%.com
Global factory activity slumped in August but signs cost pressures easing
Oil slides as China lockdowns stoke demand fears
China's largest banks show wounds from property sector crisis
London stocks fall 1% on weak global growth outlook
Wall Street ends August with a whimper on Fed worry.com
S.Korea Aug factory activity shrinks by most in two years - PMI.com
India's Adani rejects NDTV claims that stake sale needs tax nod.com
Most Gulf bourses fall on weaker oil, recession worries.com
Amazon introduces seller storage service to tackle supply chain woes.com
New Mexico to build $10 mln clinic to meet expected abortion demand.com

日本語タイトル:['']
=== エラー内容 ===
type:<class 'IndexError'>
args:('list index out of range',)
e自身:list index out of range
タイトル:Sarah Palin loses special election for Alaska House seat
FDA authorizes Pfizer and Moderna's updated Covid-19 boosters
As Ukraine pushes to retake the south, families fear being caught in the crosshairs
Microbreaks can increase your well-being, but only if you do these types of activities, experts say
Sam's Club is raising its membership by $5
China still needs Wall Street. A rare agreement with the US is proof
Republicans voted 'no' on the climate bill. Their states will get billions of dollars from it anyway
What makes mosquito bites itch and what to do about it
Why Trump-backed Truth Social still isn't available on Google's app store
August 31, 2022 Russia-Ukraine news
First on CNN: The rise in extreme heat is taking a toll on our well-being. It's about to get worse
A prolonged and record heat wave builds over the West this week
Common steroids used for asthma, allergies linked to brain decline, study finds
Don't expect home prices to come crashing down anytime soon
Uber now lets users text with a safety agent to monitor rides

日本語タイトル:['']
=== エラー内容 ===
type:<class 'IndexError'>
args:('list index out of range',)
e自身:list index out of range
タイトル:Stock Indexes Face Fresh Low This Year, Morgan Stanley's Wilson Says
Stock Market Today: Dow, S&P Live Updates for Sept. 1
CNY, RUB, USD: Russia Mulls Buying $70 Billion in Yuan, ‘Friendly’ Currencies
Credit Suisse Faces $4.1 Billion Capital Gap, Deutsche Bank Says
US Companies Add Fewest Jobs Since Early 2021, New ADP Data Show
Japan’s Digital Chief Vows to Purge Floppy Disks From Government
Amazon’s Whole Foods Deal Has Delivered Mixed Results
Uber Plans to Supply 10000 More Electric Cars in London
Crypto.com Mistakenly Transfers $7 Million to Woman Owed $70 Refund
Nvidia Declines on Warning That China Restriction May Hurt Sales
To Pave the Way for Self-Driving, US Calls for Brighter Road Markings
Oil Pollution in Nigeria Is Even Dirtier After Shell's $1B Cleanup
Polish Stocks Turn World's Worst in 2022 on European Energy Woes
Recession Fears Shouldn't Delay Rate Hikes, ECB's Nagel Says
Warren Buffett Cuts Stake in China's BYD, Spurring Bets More May Come

日本語タイトル:['']
=== エラー内容 ===
type:<class 'newspaper.article.ArticleException'>
args:("Article `download()` failed with HTTPSConnectionPool(host='www.bloomberg.com', port=443): Read timed out. (read timeout=7) on URL https://www.bloomberg.com/news/articles/2022-09-01/blackrock-says-energy-is-the-bright-spot-as-stocks-sour",)
e自身:Article `download()` failed with HTTPSConnectionPool(host='www.bloomberg.com', port=443): Read timed out. (read timeout=7) on URL https://www.bloomberg.com/news/articles/2022-09-01/blackrock-says-energy-is-the-bright-spot-as-stocks-sour
=== エラー内容 ===
type:<class 'urllib.error.URLError'>
args:(TimeoutError(60, 'Operation timed out'),)
e自身:<urlopen error [Errno 60] Operation timed out>
url:https://news.google.com/rss/search?q=+after:2022-9-1+inurl:reuters.com&hl=en-US&gl=US&ceid=US:en
=== エラー内容 ===
type:<class 'urllib.error.URLError'>
args:(TimeoutError(60, 'Operation timed out'),)
e自身:<urlopen error [Errno 60] Operation timed out>
url:https://news.google.com/rss/search?q=+after:2022-9-1+inurl:reuters.com&hl=en-US&gl=US&ceid=US:en
=== エラー内容 ===
type:<class 'urllib.error.URLError'>
args:(TimeoutError(60, 'Operation timed out'),)
e自身:<urlopen error [Errno 60] Operation timed out>
url:https://news.google.com/rss/search?q=+after:2022-9-1+inurl:cnbc.com&hl=en-US&gl=US&ceid=US:en
=== エラー内容 ===
type:<class 'urllib.error.URLError'>
args:(TimeoutError(60, 'Operation timed out'),)
e自身:<urlopen error [Errno 60] Operation timed out>
url:https://news.google.com/rss/search?q=+after:2022-9-1+inurl:thestreet.com&hl=en-US&gl=US&ceid=US:en
=== エラー内容 ===
type:<class 'urllib.error.URLError'>
args:(TimeoutError(60, 'Operation timed out'),)
e自身:<urlopen error [Errno 60] Operation timed out>
url:https://news.google.com/rss/search?q=+after:2022-9-1+inurl:foxbusiness.com&hl=en-US&gl=US&ceid=US:en
=== エラー内容 ===
type:<class 'urllib.error.URLError'>
args:(TimeoutError(60, 'Operation timed out'),)
e自身:<urlopen error [Errno 60] Operation timed out>
url:https://news.google.com/rss/search?q=+after:2022-9-1+inurl:washingtonpost.com&hl=en-US&gl=US&ceid=US:en
=== エラー内容 ===
type:<class 'urllib.error.URLError'>
args:(TimeoutError(60, 'Operation timed out'),)
e自身:<urlopen error [Errno 60] Operation timed out>
url:https://news.google.com/rss/search?q=+after:2022-9-1+inurl:cnbc.com&hl=en-US&gl=US&ceid=US:en
=== エラー内容 ===
type:<class 'urllib.error.URLError'>
args:(TimeoutError(60, 'Operation timed out'),)
e自身:<urlopen error [Errno 60] Operation timed out>
url:https://news.google.com/rss/search?q=+after:2022-9-1+inurl:reuters.com&hl=en-US&gl=US&ceid=US:en
=== エラー内容 ===
type:<class 'urllib.error.URLError'>
args:(TimeoutError(60, 'Operation timed out'),)
e自身:<urlopen error [Errno 60] Operation timed out>
url:https://news.google.com/rss/search?q=+after:2022-9-1+inurl:cnbc.com&hl=en-US&gl=US&ceid=US:en
=== エラー内容 ===
type:<class 'urllib.error.URLError'>
args:(TimeoutError(60, 'Operation timed out'),)
e自身:<urlopen error [Errno 60] Operation timed out>
url:https://news.google.com/rss/search?q=+after:2022-9-1+inurl:thestreet.com&hl=en-US&gl=US&ceid=US:en
=== エラー内容 ===
type:<class 'urllib.error.URLError'>
args:(TimeoutError(60, 'Operation timed out'),)
e自身:<urlopen error [Errno 60] Operation timed out>
url:https://news.google.com/rss/search?q=+after:2022-9-1+inurl:reuters.com&hl=en-US&gl=US&ceid=US:en
=== エラー内容 ===
type:<class 'urllib.error.URLError'>
args:(TimeoutError(60, 'Operation timed out'),)
e自身:<urlopen error [Errno 60] Operation timed out>
url:https://news.google.com/rss/search?q=+after:2022-9-1+inurl:cnbc.com&hl=en-US&gl=US&ceid=US:en
=== エラー内容 ===
type:<class 'urllib.error.URLError'>
args:(TimeoutError(60, 'Operation timed out'),)
e自身:<urlopen error [Errno 60] Operation timed out>
url:https://news.google.com/rss/search?q=+after:2022-9-1+inurl:thestreet.com&hl=en-US&gl=US&ceid=US:en
=== エラー内容 ===
type:<class 'urllib.error.URLError'>
args:(TimeoutError(60, 'Operation timed out'),)
e自身:<urlopen error [Errno 60] Operation timed out>
url:https://news.google.com/rss/search?q=+after:2022-9-1+inurl:foxbusiness.com&hl=en-US&gl=US&ceid=US:en
=== エラー内容 ===
type:<class 'urllib.error.URLError'>
args:(TimeoutError(60, 'Operation timed out'),)
e自身:<urlopen error [Errno 60] Operation timed out>
url:https://news.google.com/rss/search?q=+after:2022-9-1+inurl:washingtonpost.com&hl=en-US&gl=US&ceid=US:en
=== エラー内容 ===
type:<class 'urllib.error.URLError'>
args:(TimeoutError(60, 'Operation timed out'),)
e自身:<urlopen error [Errno 60] Operation timed out>
url:https://news.google.com/rss/search?q=+after:2022-9-1+inurl:businessinsider.com&hl=en-US&gl=US&ceid=US:en
=== エラー内容 ===
type:<class 'urllib.error.URLError'>
args:(TimeoutError(60, 'Operation timed out'),)
e自身:<urlopen error [Errno 60] Operation timed out>
url:https://news.google.com/rss/search?q=+after:2022-9-1+inurl:cnn.com&hl=en-US&gl=US&ceid=US:en
=== エラー内容 ===
type:<class 'urllib.error.URLError'>
args:(TimeoutError(60, 'Operation timed out'),)
e自身:<urlopen error [Errno 60] Operation timed out>
url:https://news.google.com/rss/search?q=+after:2022-9-2+inurl:cnbc.com&hl=en-US&gl=US&ceid=US:en
=== エラー内容 ===
type:<class 'urllib.error.URLError'>
args:(TimeoutError(60, 'Operation timed out'),)
e自身:<urlopen error [Errno 60] Operation timed out>
url:https://news.google.com/rss/search?q=+after:2022-9-2+inurl:reuters.com&hl=en-US&gl=US&ceid=US:en
=== エラー内容 ===
type:<class 'urllib.error.URLError'>
args:(TimeoutError(60, 'Operation timed out'),)
e自身:<urlopen error [Errno 60] Operation timed out>
url:https://news.google.com/rss/search?q=+after:2022-9-2+inurl:thestreet.com&hl=en-US&gl=US&ceid=US:en
=== エラー内容 ===
type:<class 'urllib.error.URLError'>
args:(TimeoutError(60, 'Operation timed out'),)
e自身:<urlopen error [Errno 60] Operation timed out>
url:https://news.google.com/rss/search?q=+after:2022-9-2+inurl:reuters.com&hl=en-US&gl=US&ceid=US:en
=== エラー内容 ===
type:<class 'urllib.error.URLError'>
args:(TimeoutError(60, 'Operation timed out'),)
e自身:<urlopen error [Errno 60] Operation timed out>
url:https://news.google.com/rss/search?q=+after:2022-9-2+inurl:cnbc.com&hl=en-US&gl=US&ceid=US:en
=== エラー内容 ===
type:<class 'urllib.error.URLError'>
args:(TimeoutError(60, 'Operation timed out'),)
e自身:<urlopen error [Errno 60] Operation timed out>
url:https://news.google.com/rss/search?q=+after:2022-9-2+inurl:foxbusiness.com&hl=en-US&gl=US&ceid=US:en
=== エラー内容 ===
type:<class 'urllib.error.URLError'>
args:(TimeoutError(60, 'Operation timed out'),)
e自身:<urlopen error [Errno 60] Operation timed out>
url:https://news.google.com/rss/search?q=+after:2022-9-2+inurl:reuters.com&hl=en-US&gl=US&ceid=US:en
=== エラー内容 ===
type:<class 'urllib.error.URLError'>
args:(TimeoutError(60, 'Operation timed out'),)
e自身:<urlopen error [Errno 60] Operation timed out>
url:https://news.google.com/rss/search?q=+after:2022-9-2+inurl:cnbc.com&hl=en-US&gl=US&ceid=US:en
=== エラー内容 ===
type:<class 'urllib.error.URLError'>
args:(TimeoutError(60, 'Operation timed out'),)
e自身:<urlopen error [Errno 60] Operation timed out>
url:https://news.google.com/rss/search?q=+after:2022-9-2+inurl:washingtonpost.com&hl=en-US&gl=US&ceid=US:en
=== エラー内容 ===
type:<class 'urllib.error.URLError'>
args:(TimeoutError(60, 'Operation timed out'),)
e自身:<urlopen error [Errno 60] Operation timed out>
url:https://news.google.com/rss/search?q=+after:2022-9-2+inurl:reuters.com&hl=en-US&gl=US&ceid=US:en
=== エラー内容 ===
type:<class 'urllib.error.URLError'>
args:(TimeoutError(60, 'Operation timed out'),)
e自身:<urlopen error [Errno 60] Operation timed out>
url:https://news.google.com/rss/search?q=+after:2022-9-2+inurl:cnbc.com&hl=en-US&gl=US&ceid=US:en
=== エラー内容 ===
type:<class 'urllib.error.URLError'>
args:(TimeoutError(60, 'Operation timed out'),)
e自身:<urlopen error [Errno 60] Operation timed out>
url:https://news.google.com/rss/search?q=+after:2022-9-2+inurl:thestreet.com&hl=en-US&gl=US&ceid=US:en
=== エラー内容 ===
type:<class 'urllib.error.URLError'>
args:(TimeoutError(60, 'Operation timed out'),)
e自身:<urlopen error [Errno 60] Operation timed out>
url:https://news.google.com/rss/search?q=+after:2022-9-2+inurl:foxbusiness.com&hl=en-US&gl=US&ceid=US:en
=== エラー内容 ===
type:<class 'urllib.error.URLError'>
args:(TimeoutError(60, 'Operation timed out'),)
e自身:<urlopen error [Errno 60] Operation timed out>
url:https://news.google.com/rss/search?q=+after:2022-9-2+inurl:washingtonpost.com&hl=en-US&gl=US&ceid=US:en
=== エラー内容 ===
type:<class 'urllib.error.URLError'>
args:(TimeoutError(60, 'Operation timed out'),)
e自身:<urlopen error [Errno 60] Operation timed out>
url:https://news.google.com/rss/search?q=+after:2022-9-2+inurl:businessinsider.com&hl=en-US&gl=US&ceid=US:en
=== エラー内容 ===
type:<class 'urllib.error.URLError'>
args:(TimeoutError(60, 'Operation timed out'),)
e自身:<urlopen error [Errno 60] Operation timed out>
url:https://news.google.com/rss/search?q=+after:2022-9-2+inurl:cnn.com&hl=en-US&gl=US&ceid=US:en
=== エラー内容 ===
type:<class 'urllib.error.URLError'>
args:(TimeoutError(60, 'Operation timed out'),)
e自身:<urlopen error [Errno 60] Operation timed out>
url:https://news.google.com/rss/search?q=+after:2022-9-2+inurl:businessinsider.com&hl=en-US&gl=US&ceid=US:en
=== エラー内容 ===
type:<class 'urllib.error.URLError'>
args:(TimeoutError(60, 'Operation timed out'),)
e自身:<urlopen error [Errno 60] Operation timed out>
url:https://news.google.com/rss/search?q=+after:2022-9-2+inurl:reuters.com&hl=en-US&gl=US&ceid=US:en
=== エラー内容 ===
type:<class 'urllib.error.URLError'>
args:(TimeoutError(60, 'Operation timed out'),)
e自身:<urlopen error [Errno 60] Operation timed out>
url:https://news.google.com/rss/search?q=+after:2022-9-2+inurl:cnbc.com&hl=en-US&gl=US&ceid=US:en
=== エラー内容 ===
type:<class 'urllib.error.URLError'>
args:(TimeoutError(60, 'Operation timed out'),)
e自身:<urlopen error [Errno 60] Operation timed out>
url:https://news.google.com/rss/search?q=+after:2022-9-2+inurl:thestreet.com&hl=en-US&gl=US&ceid=US:en
=== エラー内容 ===
type:<class 'urllib.error.URLError'>
args:(TimeoutError(60, 'Operation timed out'),)
e自身:<urlopen error [Errno 60] Operation timed out>
url:https://news.google.com/rss/search?q=+after:2022-9-2+inurl:foxbusiness.com&hl=en-US&gl=US&ceid=US:en
=== エラー内容 ===
type:<class 'urllib.error.URLError'>
args:(TimeoutError(60, 'Operation timed out'),)
e自身:<urlopen error [Errno 60] Operation timed out>
url:https://news.google.com/rss/search?q=+after:2022-9-2+inurl:washingtonpost.com&hl=en-US&gl=US&ceid=US:en
=== エラー内容 ===
type:<class 'urllib.error.URLError'>
args:(TimeoutError(60, 'Operation timed out'),)
e自身:<urlopen error [Errno 60] Operation timed out>
url:https://news.google.com/rss/search?q=+after:2022-9-2+inurl:reuters.com&hl=en-US&gl=US&ceid=US:en
=== エラー内容 ===
type:<class 'urllib.error.URLError'>
args:(TimeoutError(60, 'Operation timed out'),)
e自身:<urlopen error [Errno 60] Operation timed out>
url:https://news.google.com/rss/search?q=+after:2022-9-2+inurl:cnbc.com&hl=en-US&gl=US&ceid=US:en
=== エラー内容 ===
type:<class 'urllib.error.URLError'>
args:(TimeoutError(60, 'Operation timed out'),)
e自身:<urlopen error [Errno 60] Operation timed out>
url:https://news.google.com/rss/search?q=+after:2022-9-2+inurl:thestreet.com&hl=en-US&gl=US&ceid=US:en
=== エラー内容 ===
type:<class 'urllib.error.URLError'>
args:(TimeoutError(60, 'Operation timed out'),)
e自身:<urlopen error [Errno 60] Operation timed out>
url:https://news.google.com/rss/search?q=+after:2022-9-2+inurl:foxbusiness.com&hl=en-US&gl=US&ceid=US:en
=== エラー内容 ===
type:<class 'urllib.error.URLError'>
args:(TimeoutError(60, 'Operation timed out'),)
e自身:<urlopen error [Errno 60] Operation timed out>
url:https://news.google.com/rss/search?q=+after:2022-9-2+inurl:washingtonpost.com&hl=en-US&gl=US&ceid=US:en
=== エラー内容 ===
type:<class 'urllib.error.URLError'>
args:(TimeoutError(60, 'Operation timed out'),)
e自身:<urlopen error [Errno 60] Operation timed out>
url:https://news.google.com/rss/search?q=+after:2022-9-2+inurl:businessinsider.com&hl=en-US&gl=US&ceid=US:en
=== エラー内容 ===
type:<class 'urllib.error.URLError'>
args:(TimeoutError(60, 'Operation timed out'),)
e自身:<urlopen error [Errno 60] Operation timed out>
url:https://news.google.com/rss/search?q=+after:2022-9-2+inurl:cnn.com&hl=en-US&gl=US&ceid=US:en
=== エラー内容 ===
type:<class 'urllib.error.URLError'>
args:(TimeoutError(60, 'Operation timed out'),)
e自身:<urlopen error [Errno 60] Operation timed out>
url:https://news.google.com/rss/search?q=+after:2022-9-2+inurl:huffpost.com&hl=en-US&gl=US&ceid=US:en
=== エラー内容 ===
type:<class 'urllib.error.URLError'>
args:(TimeoutError(60, 'Operation timed out'),)
e自身:<urlopen error [Errno 60] Operation timed out>
url:https://news.google.com/rss/search?q=+after:2022-9-2+inurl:bloomberg.com&hl=en-US&gl=US&ceid=US:en
=== エラー内容 ===
type:<class 'newspaper.article.ArticleException'>
args:("Article `download()` failed with HTTPSConnectionPool(host='www.foxbusiness.com', port=443): Read timed out. (read timeout=7) on URL https://www.foxbusiness.com/business-leaders/bed-bath-eyond-cfo-gustavo-arnal-man-jumped-nyc-building-report-says",)
e自身:Article `download()` failed with HTTPSConnectionPool(host='www.foxbusiness.com', port=443): Read timed out. (read timeout=7) on URL https://www.foxbusiness.com/business-leaders/bed-bath-eyond-cfo-gustavo-arnal-man-jumped-nyc-building-report-says
=== エラー内容 ===
type:<class 'newspaper.article.ArticleException'>
args:("Article `download()` failed with HTTPSConnectionPool(host='www.reuters.com', port=443): Read timed out. on URL https://www.reuters.com/world/europe/liberated-ukraine-town-locals-sob-with-relief-relate-harrowing-accounts-2022-09-13/",)
e自身:Article `download()` failed with HTTPSConnectionPool(host='www.reuters.com', port=443): Read timed out. on URL https://www.reuters.com/world/europe/liberated-ukraine-town-locals-sob-with-relief-relate-harrowing-accounts-2022-09-13/
=== エラー内容 ===
type:<class 'newspaper.article.ArticleException'>
args:("Article `download()` failed with HTTPSConnectionPool(host='www.washingtonpost.com', port=443): Read timed out. (read timeout=7) on URL https://www.washingtonpost.com/business/2022/09/13/inflation-cpi-august-fed/",)
e自身:Article `download()` failed with HTTPSConnectionPool(host='www.washingtonpost.com', port=443): Read timed out. (read timeout=7) on URL https://www.washingtonpost.com/business/2022/09/13/inflation-cpi-august-fed/
=== エラー内容 ===
type:<class 'newspaper.article.ArticleException'>
args:("Article `download()` failed with HTTPSConnectionPool(host='www.washingtonpost.com', port=443): Read timed out. on URL https://www.washingtonpost.com/sports/2022/09/13/nba-suspends-robert-sarver-phoenix-suns/",)
e自身:Article `download()` failed with HTTPSConnectionPool(host='www.washingtonpost.com', port=443): Read timed out. on URL https://www.washingtonpost.com/sports/2022/09/13/nba-suspends-robert-sarver-phoenix-suns/
=== エラー内容 ===
type:<class 'newspaper.article.ArticleException'>
args:("Article `download()` failed with HTTPSConnectionPool(host='www.cnbc.com', port=443): Read timed out. on URL https://www.cnbc.com/2022/09/12/stock-futures-are-higher-as-wall-street-awaits-key-inflation-report-.html",)
e自身:Article `download()` failed with HTTPSConnectionPool(host='www.cnbc.com', port=443): Read timed out. on URL https://www.cnbc.com/2022/09/12/stock-futures-are-higher-as-wall-street-awaits-key-inflation-report-.html
=== エラー内容 ===
type:<class 'newspaper.article.ArticleException'>
args:("Article `download()` failed with HTTPSConnectionPool(host='www.washingtonpost.com', port=443): Read timed out. (read timeout=7) on URL https://www.washingtonpost.com/nation/2022/09/13/daryn-glenn-lawsuit-canine/",)
e自身:Article `download()` failed with HTTPSConnectionPool(host='www.washingtonpost.com', port=443): Read timed out. (read timeout=7) on URL https://www.washingtonpost.com/nation/2022/09/13/daryn-glenn-lawsuit-canine/
=== エラー内容 ===
type:<class 'newspaper.article.ArticleException'>
args:("Article `download()` failed with HTTPSConnectionPool(host='www.businessinsider.com', port=443): Max retries exceeded with url: /mitch-mcconnell-lindsey-graham-roe-wade-15-week-abortion-ban-2022-9 (Caused by ConnectTimeoutError(<urllib3.connection.HTTPSConnection object at 0x106e67c10>, 'Connection to www.businessinsider.com timed out. (connect timeout=7)')) on URL https://www.businessinsider.com/mitch-mcconnell-lindsey-graham-roe-wade-15-week-abortion-ban-2022-9",)
e自身:Article `download()` failed with HTTPSConnectionPool(host='www.businessinsider.com', port=443): Max retries exceeded with url: /mitch-mcconnell-lindsey-graham-roe-wade-15-week-abortion-ban-2022-9 (Caused by ConnectTimeoutError(<urllib3.connection.HTTPSConnection object at 0x106e67c10>, 'Connection to www.businessinsider.com timed out. (connect timeout=7)')) on URL https://www.businessinsider.com/mitch-mcconnell-lindsey-graham-roe-wade-15-week-abortion-ban-2022-9
=== エラー内容 ===
type:<class 'newspaper.article.ArticleException'>
args:("Article `download()` failed with HTTPSConnectionPool(host='www.businessinsider.com', port=443): Max retries exceeded with url: /peloton-founder-servers-ties-former-ceo-executive-chairman-john-foley-2022-9 (Caused by ConnectTimeoutError(<urllib3.connection.HTTPSConnection object at 0x10729d1f0>, 'Connection to www.businessinsider.com timed out. (connect timeout=7)')) on URL https://www.businessinsider.com/peloton-founder-servers-ties-former-ceo-executive-chairman-john-foley-2022-9",)
e自身:Article `download()` failed with HTTPSConnectionPool(host='www.businessinsider.com', port=443): Max retries exceeded with url: /peloton-founder-servers-ties-former-ceo-executive-chairman-john-foley-2022-9 (Caused by ConnectTimeoutError(<urllib3.connection.HTTPSConnection object at 0x10729d1f0>, 'Connection to www.businessinsider.com timed out. (connect timeout=7)')) on URL https://www.businessinsider.com/peloton-founder-servers-ties-former-ceo-executive-chairman-john-foley-2022-9
=== エラー内容 ===
type:<class 'newspaper.article.ArticleException'>
args:("Article `download()` failed with HTTPSConnectionPool(host='www.businessinsider.com', port=443): Max retries exceeded with url: /nasa-spacex-administrator-bill-nelson-boeing-starliner-rocket-elon-musk-2022-9 (Caused by ConnectTimeoutError(<urllib3.connection.HTTPSConnection object at 0x10729d2b0>, 'Connection to www.businessinsider.com timed out. (connect timeout=7)')) on URL https://www.businessinsider.com/nasa-spacex-administrator-bill-nelson-boeing-starliner-rocket-elon-musk-2022-9",)
e自身:Article `download()` failed with HTTPSConnectionPool(host='www.businessinsider.com', port=443): Max retries exceeded with url: /nasa-spacex-administrator-bill-nelson-boeing-starliner-rocket-elon-musk-2022-9 (Caused by ConnectTimeoutError(<urllib3.connection.HTTPSConnection object at 0x10729d2b0>, 'Connection to www.businessinsider.com timed out. (connect timeout=7)')) on URL https://www.businessinsider.com/nasa-spacex-administrator-bill-nelson-boeing-starliner-rocket-elon-musk-2022-9
=== エラー内容 ===
type:<class 'newspaper.article.ArticleException'>
args:("Article `download()` failed with HTTPSConnectionPool(host='www.businessinsider.com', port=443): Max retries exceeded with url: /twitter-shareholders-vote-approval-elon-musk-takeover-deal-court-battle-2022-9 (Caused by ConnectTimeoutError(<urllib3.connection.HTTPSConnection object at 0x1074a6610>, 'Connection to www.businessinsider.com timed out. (connect timeout=7)')) on URL https://www.businessinsider.com/twitter-shareholders-vote-approval-elon-musk-takeover-deal-court-battle-2022-9",)
e自身:Article `download()` failed with HTTPSConnectionPool(host='www.businessinsider.com', port=443): Max retries exceeded with url: /twitter-shareholders-vote-approval-elon-musk-takeover-deal-court-battle-2022-9 (Caused by ConnectTimeoutError(<urllib3.connection.HTTPSConnection object at 0x1074a6610>, 'Connection to www.businessinsider.com timed out. (connect timeout=7)')) on URL https://www.businessinsider.com/twitter-shareholders-vote-approval-elon-musk-takeover-deal-court-battle-2022-9
=== エラー内容 ===
type:<class 'newspaper.article.ArticleException'>
args:("Article `download()` failed with HTTPSConnectionPool(host='www.reuters.com', port=443): Read timed out. (read timeout=7) on URL https://www.reuters.com/technology/us-signs-deal-with-google-develop-chips-researchers-2022-09-13/",)
e自身:Article `download()` failed with HTTPSConnectionPool(host='www.reuters.com', port=443): Read timed out. (read timeout=7) on URL https://www.reuters.com/technology/us-signs-deal-with-google-develop-chips-researchers-2022-09-13/
=== エラー内容 ===
type:<class 'newspaper.article.ArticleException'>
args:("Article `download()` failed with HTTPSConnectionPool(host='www.reuters.com', port=443): Read timed out. (read timeout=7) on URL https://www.reuters.com/technology/us-signs-deal-with-google-develop-chips-researchers-2022-09-13/",)
e自身:Article `download()` failed with HTTPSConnectionPool(host='www.reuters.com', port=443): Read timed out. (read timeout=7) on URL https://www.reuters.com/technology/us-signs-deal-with-google-develop-chips-researchers-2022-09-13/
=== エラー内容 ===
type:<class 'newspaper.article.ArticleException'>
args:("Article `download()` failed with HTTPSConnectionPool(host='www.reuters.com', port=443): Read timed out. (read timeout=7) on URL https://www.reuters.com/breakingviews/rios-mongolian-buyout-saga-has-further-chapters-2022-09-13/",)
e自身:Article `download()` failed with HTTPSConnectionPool(host='www.reuters.com', port=443): Read timed out. (read timeout=7) on URL https://www.reuters.com/breakingviews/rios-mongolian-buyout-saga-has-further-chapters-2022-09-13/
=== エラー内容 ===
type:<class 'newspaper.article.ArticleException'>
args:("Article `download()` failed with HTTPSConnectionPool(host='www.foxbusiness.com', port=443): Max retries exceeded with url: /economy/billionaire-catsimatidis-warns-fed-will-destroy-us-if-they-keep-raising-rates (Caused by NewConnectionError('<urllib3.connection.HTTPSConnection object at 0x10dbafe80>: Failed to establish a new connection: [Errno 8] nodename nor servname provided, or not known')) on URL https://www.foxbusiness.com/economy/billionaire-catsimatidis-warns-fed-will-destroy-us-if-they-keep-raising-rates",)
e自身:Article `download()` failed with HTTPSConnectionPool(host='www.foxbusiness.com', port=443): Max retries exceeded with url: /economy/billionaire-catsimatidis-warns-fed-will-destroy-us-if-they-keep-raising-rates (Caused by NewConnectionError('<urllib3.connection.HTTPSConnection object at 0x10dbafe80>: Failed to establish a new connection: [Errno 8] nodename nor servname provided, or not known')) on URL https://www.foxbusiness.com/economy/billionaire-catsimatidis-warns-fed-will-destroy-us-if-they-keep-raising-rates
=== エラー内容 ===
type:<class 'urllib.error.URLError'>
args:(gaierror(8, 'nodename nor servname provided, or not known'),)
e自身:<urlopen error [Errno 8] nodename nor servname provided, or not known>
url:https://news.google.com/rss/search?q=+after:2022-9-12+inurl:washingtonpost.com&hl=en-US&gl=US&ceid=US:en
